02-04 21:35:21.483  9987  9987 F DEBUG   : pid: 28540, tid: 9978, name: EpgAgent  >>> /system/vendor/bin/EpgAgent <<<
02-04 21:35:21.483  9987  9987 F DEBUG   : signal 11 (SIGSEGV), code 1 (SEGV_MAPERR), fault addr 0x0
02-04 21:35:21.483  9987  9987 F DEBUG   : Cause: null pointer dereference
02-04 21:35:21.483  9987  9987 F DEBUG   :     r0 00000000  r1 00000000  r2 00000001  r3 00000000
02-04 21:35:21.483  9987  9987 F DEBUG   :     r4 00000000  r5 f5d970d0  r6 f31ff170  r7 f31ff2dc
02-04 21:35:21.483  9987  9987 F DEBUG   :     r8 00000000  r9 f5f29c08  sl f5f1bdb0  fp f5f1bd80
02-04 21:35:21.483  9987  9987 F DEBUG   :     ip f5f2ddc0  sp f31ff148  lr f5ec5adc  pc f5fff0e4  cpsr 400e0030
02-04 21:35:21.494  9987  9987 F DEBUG   : 
02-04 21:35:21.494  9987  9987 F DEBUG   : backtrace:
02-04 21:35:21.494  9987  9987 F DEBUG   :     #00 pc 0001a0e4  /system/lib/libc.so (strlen+71)
02-04 21:35:21.494  9987  9987 F DEBUG   :     #01 pc 0003aad8  /system/vendor/lib/libepgagent.so (_ZN15APPNetInterface15MakeDataForSendEP16_SendMessageInfo+892)
02-04 21:35:21.494  9987  9987 F DEBUG   :     #02 pc 0002e360  /system/vendor/lib/libepgagent.so (_Z27HandleRecvDataFromClientAppPv+1048)
02-04 21:35:21.494  9987  9987 F DEBUG   :     #03 pc 0002f138  /system/vendor/lib/libepgagent.so (RECV_CB_EventHandler+1440)
02-04 21:35:21.494  9987  9987 F DEBUG   :     #04 pc 00000a04  /system/vendor/bin/EpgAgent (RECV_EventHandler+324)
02-04 22:39:03.234  9998 10438 F libc    : Fatal signal 11 (SIGSEGV), code 1, fault addr 0x0 in tid 10438 (EpgAgent)
02-04 22:39:03.476 10447 10447 F DEBUG   : *** *** *** *** *** *** *** *** *** *** *** *** *** *** *** ***
02-04 22:39:03.476 10447 10447 F DEBUG   : Build fingerprint: 'LGE/woofer2/woofer2:8.0.0/OPR5.170623.007/20180129_V.99.71.0305:userdebug/release-keys'
02-04 22:39:03.476 10447 10447 F DEBUG   : Revision: '0'
02-04 22:39:03.476 10447 10447 F DEBUG   : ABI: 'arm'
02-04 22:39:03.476 10447 10447 F DEBUG   : pid: 9998, tid: 10438, name: EpgAgent  >>> /system/vendor/bin/EpgAgent <<<
02-04 22:39:03.476 10447 10447 F DEBUG   : signal 11 (SIGSEGV), code 1 (SEGV_MAPERR), fault addr 0x0
02-04 22:39:03.476 10447 10447 F DEBUG   : Cause: null pointer dereference
02-04 22:39:03.477 10447 10447 F DEBUG   :     r0 00000000  r1 e9c14930  r2 0000002f  r3 00000017
02-04 22:39:03.477 10447 10447 F DEBUG   :     r4 e9f12eb4  r5 e9c170d0  r6 e7082170  r7 e70822dc
02-04 22:39:03.477 10447 10447 F DEBUG   :     r8 e9c06300  r9 e9f20c08  sl e9f12db0  fp e9f12d80
02-04 22:39:03.477 10447 10447 F DEBUG   :     ip e9f24dd4  sp e7082138  lr e9ebcb74  pc e9d69730  cpsr 200e0030
02-04 22:39:03.496 10447 10447 F DEBUG   : 
02-04 22:39:03.496 10447 10447 F DEBUG   : backtrace:
02-04 22:39:03.496 10447 10447 F DEBUG   :     #00 pc 00019730  /system/lib/libc.so (strcat+11)
02-04 22:39:03.496 10447 10447 F DEBUG   :     #01 pc 0003ab70  /system/vendor/lib/libepgagent.so (_ZN15APPNetInterface15MakeDataForSendEP16_SendMessageInfo+1044)
02-04 22:39:03.497 10447 10447 F DEBUG   :     #02 pc ffffffff  <unknown>
02-04 22:44:38.498 10455 17362 F libc    : Fatal signal 11 (SIGSEGV), code 1, fault addr 0x0 in tid 17362 (EpgAgent)
02-04 22:44:38.646 17366 17366 F DEBUG   : *** *** *** *** *** *** *** *** *** *** *** *** *** *** *** ***
02-04 22:44:38.646 17366 17366 F DEBUG   : Build fingerprint: 'LGE/woofer2/woofer2:8.0.0/OPR5.170623.007/20180129_V.99.71.0305:userdebug/release-keys'
02-04 22:44:38.646 17366 17366 F DEBUG   : Revision: '0'
02-04 22:44:38.646 17366 17366 F DEBUG   : ABI: 'arm'
02-04 22:44:38.646 17366 17366 F DEBUG   : pid: 10455, tid: 17362, name: EpgAgent  >>> /system/vendor/bin/EpgAgent <<<
02-04 22:44:38.647 17366 17366 F DEBUG   : signal 11 (SIGSEGV), code 1 (SEGV_MAPERR), fault addr 0x0
02-04 22:44:38.647 17366 17366 F DEBUG   : Cause: null pointer dereference
02-04 22:44:38.647 17366 17366 F DEBUG   :     r0 00000000  r1 e900215c  r2 00000030  r3 e9001b9c
02-04 22:44:38.647 17366 17366 F DEBUG   :     r4 00000000  r5 eba170d0  r6 e9002170  r7 e90022dc
02-04 22:44:38.647 17366 17366 F DEBUG   :     r8 e900215c  r9 ebba7c08  sl ebb99db0  fp ebb99d80
02-04 22:44:38.647 17366 17366 F DEBUG   :     ip ebbabdd4  sp e9002138  lr ebb43908  pc ebc35730  cpsr 600e0030
02-04 22:44:38.655 17366 17366 F DEBUG   : 
02-04 22:44:38.655 17366 17366 F DEBUG   : backtrace:
02-04 22:44:38.655 17366 17366 F DEBUG   :     #00 pc 00019730  /system/lib/libc.so (strcat+11)
02-04 22:44:38.655 17366 17366 F DEBUG   :     #01 pc 0003a904  /system/vendor/lib/libepgagent.so (_ZN15APPNetInterface15MakeDataForSendEP16_SendMessageInfo+424)
02-04 22:44:38.656 17366 17366 F DEBUG   :     #02 pc ffffffff  <unknown>
02-05 00:17:23.398 17375 24923 F libc    : Fatal signal 11 (SIGSEGV), code 1, fault addr 0x3b3b3432 in tid 24923 (EpgAgent)
02-05 00:17:23.572 24929 24929 F DEBUG   : *** *** *** *** *** *** *** *** *** *** *** *** *** *** *** ***
02-05 00:17:23.573 24929 24929 F DEBUG   : Build fingerprint: 'LGE/woofer2/woofer2:8.0.0/OPR5.170623.007/20180129_V.99.71.0305:userdebug/release-keys'
02-05 00:17:23.573 24929 24929 F DEBUG   : Revision: '0'
02-05 00:17:23.574 24929 24929 F DEBUG   : ABI: 'arm'
02-05 00:17:23.574 24929 24929 F DEBUG   : pid: 17375, tid: 24923, name: EpgAgent  >>> /system/vendor/bin/EpgAgent <<<
02-05 00:17:23.574 24929 24929 F DEBUG   : signal 11 (SIGSEGV), code 1 (SEGV_MAPERR), fault addr 0x3b3b3432
02-05 00:17:23.574 24929 24929 F DEBUG   :     r0 f323bf00  r1 3b3b3432  r2 d15eff15  r3 363b3b3b
02-05 00:17:23.575 24929 24929 F DEBUG   :     r4 f3aa1eb4  r5 f38970d0  r6 f0e02170  r7 f0e022dc
02-05 00:17:23.575 24929 24929 F DEBUG   :     r8 f323bf00  r9 f3aafc08  sl f3aa1db0  fp f3aa1d80
02-05 00:17:23.575 24929 24929 F DEBUG   :     ip f3ab3dd4  sp f0e02148  lr f3a4bb74  pc f3ade724  cpsr 200e0030
02-05 00:17:23.588 24929 24929 F DEBUG   : 
02-05 00:17:23.588 24929 24929 F DEBUG   : backtrace:
02-05 00:17:23.589 24929 24929 F DEBUG   :     #00 pc 00019724  /system/lib/libc.so
02-05 00:17:23.589 24929 24929 F DEBUG   :     #01 pc 0003ab70  /system/vendor/lib/libepgagent.so (_ZN15APPNetInterface15MakeDataForSendEP16_SendMessageInfo+1044)
02-05 00:17:23.589 24929 24929 F DEBUG   :     #02 pc 3b3b362f  <unknown>
02-05 00:59:14.618 24936 14670 F libc    : Fatal signal 11 (SIGSEGV), code 1, fault addr 0x0 in tid 14670 (EpgAgent)
02-05 00:59:14.759 14674 14674 F DEBUG   : *** *** *** *** *** *** *** *** *** *** *** *** *** *** *** ***
02-05 00:59:14.759 14674 14674 F DEBUG   : Build fingerprint: 'LGE/woofer2/woofer2:8.0.0/OPR5.170623.007/20180129_V.99.71.0305:userdebug/release-keys'
02-05 00:59:14.760 14674 14674 F DEBUG   : Revision: '0'
02-05 00:59:14.760 14674 14674 F DEBUG   : ABI: 'arm'
02-05 00:59:14.760 14674 14674 F DEBUG   : pid: 24936, tid: 14670, name: EpgAgent  >>> /system/vendor/bin/EpgAgent <<<
02-05 00:59:14.760 14674 14674 F DEBUG   : signal 11 (SIGSEGV), code 1 (SEGV_MAPERR), fault addr 0x0
02-05 00:59:14.760 14674 14674 F DEBUG   : Cause: null pointer dereference
02-05 00:59:14.760 14674 14674 F DEBUG   :     r0 00000000  r1 eb199600  r2 0000002f  r3 00000018
02-05 00:59:14.760 14674 14674 F DEBUG   :     r4 eb321eb4  r5 eb1970d0  r6 e8602170  r7 e86022dc
02-05 00:59:14.760 14674 14674 F DEBUG   :     r8 eafa7140  r9 eb32fc08  sl eb321db0  fp eb321d80
02-05 00:59:14.760 14674 14674 F DEBUG   :     ip eb333dd4  sp e8602138  lr eb2cbb74  pc eb3f1730  cpsr 200e0030
02-05 00:59:14.772 14674 14674 F DEBUG   : 
02-05 00:59:14.772 14674 14674 F DEBUG   : backtrace:
02-05 00:59:14.772 14674 14674 F DEBUG   :     #00 pc 00019730  /system/lib/libc.so (strcat+11)
02-05 00:59:14.772 14674 14674 F DEBUG   :     #01 pc 0003ab70  /system/vendor/lib/libepgagent.so (_ZN15APPNetInterface15MakeDataForSendEP16_SendMessageInfo+1044)
02-05 00:59:14.772 14674 14674 F DEBUG   :     #02 pc ffffffff  <unknown>
02-05 01:27:28.856 14682 25118 F libc    : Fatal signal 11 (SIGSEGV), code 1, fault addr 0x3432363b in tid 25118 (EpgAgent)
02-05 01:27:28.980 25124 25124 F DEBUG   : *** *** *** *** *** *** *** *** *** *** *** *** *** *** *** ***
02-05 01:27:28.980 25124 25124 F DEBUG   : Build fingerprint: 'LGE/woofer2/woofer2:8.0.0/OPR5.170623.007/20180129_V.99.71.0305:userdebug/release-keys'
02-05 01:27:28.980 25124 25124 F DEBUG   : Revision: '0'
02-05 01:27:28.980 25124 25124 F DEBUG   : ABI: 'arm'
02-05 01:27:28.981 25124 25124 F DEBUG   : pid: 14682, tid: 25118, name: EpgAgent  >>> /system/vendor/bin/EpgAgent <<<
02-05 01:27:28.981 25124 25124 F DEBUG   : signal 11 (SIGSEGV), code 1 (SEGV_MAPERR), fault addr 0x3432363b
02-05 01:27:28.981 25124 25124 F DEBUG   :     r0 f1a30e00  r1 3432363b  r2 7bc3d1e2  r3 3b3b3132
02-05 01:27:28.981 25124 25124 F DEBUG   :     r4 f241eeb4  r5 f21170d0  r6 ef47f170  r7 ef47f2dc
02-05 01:27:28.981 25124 25124 F DEBUG   :     r8 f1a30e00  r9 f242cc08  sl f241edb0  fp f241ed80
02-05 01:27:28.981 25124 25124 F DEBUG   :     ip f2430dd4  sp ef47f148  lr f23c8b74  pc f2274724  cpsr 200e0030
02-05 01:27:28.997 25124 25124 F DEBUG   : 
02-05 01:27:28.997 25124 25124 F DEBUG   : backtrace:
02-05 01:27:28.998 25124 25124 F DEBUG   :     #00 pc 00019724  /system/lib/libc.so
02-05 01:27:28.998 25124 25124 F DEBUG   :     #01 pc 0003ab70  /system/vendor/lib/libepgagent.so (_ZN15APPNetInterface15MakeDataForSendEP16_SendMessageInfo+1044)
02-05 01:27:28.998 25124 25124 F DEBUG   :     #02 pc 36313639  <unknown>
02-05 01:31:26.911 26931 26961 E AndroidRuntime: FATAL EXCEPTION: pool-1-thread-3
02-05 01:31:26.911 26931 26961 E AndroidRuntime: Process: com.lguplus.iptv3.base.si.agent.service, PID: 26931
02-05 01:31:26.911 26931 26961 E AndroidRuntime: java.lang.OutOfMemoryError: Failed to allocate a 46004824 byte allocation with 2097152 free bytes and 39MB until OOM, max allowed footprint 94455784, growth limit 134217728
02-05 01:31:26.911 26931 26961 E AndroidRuntime: 	at java.lang.StringFactory.newStringFromBytes(StringFactory.java:81)
02-05 01:31:26.911 26931 26961 E AndroidRuntime: 	at java.lang.StringFactory.newStringFromBytes(StringFactory.java:54)
02-05 01:31:26.911 26931 26961 E AndroidRuntime: 	at java.lang.StringFactory.newStringFromBytes(StringFactory.java:46)
02-05 01:31:26.911 26931 26961 E AndroidRuntime: 	at com.lguplus.iptv3.base.si.agent.server.MessageParser.parse(MessageParser.java:322)
02-05 01:31:26.911 26931 26961 E AndroidRuntime: 	at com.lguplus.iptv3.base.si.agent.server.AgentRequestHandler.handle(AgentRequestHandler.java:22)
02-05 01:31:26.911 26931 26961 E AndroidRuntime: 	at com.lguplus.iptv3.base.si.agent.server.WorkerThread.handleRequest(WorkerThread.java:110)
02-05 01:31:26.911 26931 26961 E AndroidRuntime: 	at com.lguplus.iptv3.base.si.agent.server.WorkerThread.run(WorkerThread.java:54)
02-05 01:31:26.911 26931 26961 E AndroidRuntime: 	at java.util.concurrent.ThreadPoolExecutor.runWorker(ThreadPoolExecutor.java:1162)
02-05 01:31:26.911 26931 26961 E AndroidRuntime: 	at java.util.concurrent.ThreadPoolExecutor$Worker.run(ThreadPoolExecutor.java:636)
02-05 01:31:26.911 26931 26961 E AndroidRuntime: 	at java.lang.Thread.run(Thread.java:764)
02-05 01:58:50.953 25130 17009 F libc    : Fatal signal 11 (SIGSEGV), code 1, fault addr 0x3332363b in tid 17009 (EpgAgent)
02-05 01:58:51.139 17018 17018 F DEBUG   : *** *** *** *** *** *** *** *** *** *** *** *** *** *** *** ***
02-05 01:58:51.140 17018 17018 F DEBUG   : Build fingerprint: 'LGE/woofer2/woofer2:8.0.0/OPR5.170623.007/20180129_V.99.71.0305:userdebug/release-keys'
02-05 01:58:51.140 17018 17018 F DEBUG   : Revision: '0'
02-05 01:58:51.140 17018 17018 F DEBUG   : ABI: 'arm'
02-05 01:58:51.140 17018 17018 F DEBUG   : pid: 25130, tid: 17009, name: EpgAgent  >>> /system/vendor/bin/EpgAgent <<<
02-05 01:58:51.140 17018 17018 F DEBUG   : signal 11 (SIGSEGV), code 1 (SEGV_MAPERR), fault addr 0x3332363b
02-05 01:58:51.140 17018 17018 F DEBUG   :     r0 f3b05e00  r1 3332363b  r2 4dc0a6dc  r3 3b3b3032
02-05 01:58:51.140 17018 17018 F DEBUG   :     r4 f3ddeeb4  r5 f3b170d0  r6 f117f170  r7 f117f2dc
02-05 01:58:51.140 17018 17018 F DEBUG   :     r8 f3b05e00  r9 f3decc08  sl f3ddedb0  fp f3dded80
02-05 01:58:51.140 17018 17018 F DEBUG   :     ip f3df0dd4  sp f117f148  lr f3d88b74  pc f3c78724  cpsr 200e0030
02-05 01:58:51.154 17018 17018 F DEBUG   : 
02-05 01:58:51.154 17018 17018 F DEBUG   : backtrace:
02-05 01:58:51.154 17018 17018 F DEBUG   :     #00 pc 00019724  /system/lib/libc.so
02-05 01:58:51.154 17018 17018 F DEBUG   :     #01 pc 0003ab70  /system/vendor/lib/libepgagent.so (_ZN15APPNetInterface15MakeDataForSendEP16_SendMessageInfo+1044)
02-05 01:58:51.154 17018 17018 F DEBUG   :     #02 pc 35313639  <unknown>
02-05 02:50:19.674 17026  9126 F libc    : Fatal signal 11 (SIGSEGV), code 1, fault addr 0x0 in tid 9126 (EpgAgent)
02-05 02:50:19.809  9131  9131 F DEBUG   : *** *** *** *** *** *** *** *** *** *** *** *** *** *** *** ***
02-05 02:50:19.809  9131  9131 F DEBUG   : Build fingerprint: 'LGE/woofer2/woofer2:8.0.0/OPR5.170623.007/20180129_V.99.71.0305:userdebug/release-keys'
02-05 02:50:19.809  9131  9131 F DEBUG   : Revision: '0'
02-05 02:50:19.809  9131  9131 F DEBUG   : ABI: 'arm'
02-05 02:50:19.809  9131  9131 F DEBUG   : pid: 17026, tid: 9126, name: EpgAgent  >>> /system/vendor/bin/EpgAgent <<<
02-05 02:50:19.809  9131  9131 F DEBUG   : signal 11 (SIGSEGV), code 1 (SEGV_MAPERR), fault addr 0x0
02-05 02:50:19.809  9131  9131 F DEBUG   : Cause: null pointer dereference
02-05 02:50:19.809  9131  9131 F DEBUG   :     r0 00000000  r1 e670215c  r2 00000030  r3 e6701b9c
02-05 02:50:19.810  9131  9131 F DEBUG   :     r4 00000000  r5 e92170d0  r6 e6702170  r7 e67022dc
02-05 02:50:19.810  9131  9131 F DEBUG   :     r8 e670215c  r9 e952fc08  sl e9521db0  fp e9521d80
02-05 02:50:19.810  9131  9131 F DEBUG   :     ip e9533dd4  sp e6702138  lr e94cb990  pc e93de730  cpsr 600e0030
02-05 02:50:19.818  9131  9131 F DEBUG   : 
02-05 02:50:19.818  9131  9131 F DEBUG   : backtrace:
02-05 02:50:19.818  9131  9131 F DEBUG   :     #00 pc 00019730  /system/lib/libc.so (strcat+11)
02-05 02:50:19.818  9131  9131 F DEBUG   :     #01 pc 0003a98c  /system/vendor/lib/libepgagent.so (_ZN15APPNetInterface15MakeDataForSendEP16_SendMessageInfo+560)
02-05 02:50:19.818  9131  9131 F DEBUG   :     #02 pc ffffffff  <unknown>
02-05 03:09:22.808 21884 21932 E AndroidRuntime: FATAL EXCEPTION: pool-1-thread-4
02-05 03:09:22.808 21884 21932 E AndroidRuntime: Process: com.lguplus.iptv3.base.si.agent.service, PID: 21884
02-05 03:09:22.808 21884 21932 E AndroidRuntime: java.lang.OutOfMemoryError: Failed to allocate a 46004824 byte allocation with 2097152 free bytes and 39MB until OOM, max allowed footprint 94455528, growth limit 134217728
02-05 03:09:22.808 21884 21932 E AndroidRuntime: 	at java.lang.StringFactory.newStringFromBytes(StringFactory.java:81)
02-05 03:09:22.808 21884 21932 E AndroidRuntime: 	at java.lang.StringFactory.newStringFromBytes(StringFactory.java:54)
02-05 03:09:22.808 21884 21932 E AndroidRuntime: 	at java.lang.StringFactory.newStringFromBytes(StringFactory.java:46)
02-05 03:09:22.808 21884 21932 E AndroidRuntime: 	at com.lguplus.iptv3.base.si.agent.server.MessageParser.parse(MessageParser.java:322)
02-05 03:09:22.808 21884 21932 E AndroidRuntime: 	at com.lguplus.iptv3.base.si.agent.server.AgentRequestHandler.handle(AgentRequestHandler.java:22)
02-05 03:09:22.808 21884 21932 E AndroidRuntime: 	at com.lguplus.iptv3.base.si.agent.server.WorkerThread.handleRequest(WorkerThread.java:110)
02-05 03:09:22.808 21884 21932 E AndroidRuntime: 	at com.lguplus.iptv3.base.si.agent.server.WorkerThread.run(WorkerThread.java:54)
02-05 03:09:22.808 21884 21932 E AndroidRuntime: 	at java.util.concurrent.ThreadPoolExecutor.runWorker(ThreadPoolExecutor.java:1162)
02-05 03:09:22.808 21884 21932 E AndroidRuntime: 	at java.util.concurrent.ThreadPoolExecutor$Worker.run(ThreadPoolExecutor.java:636)
02-05 03:09:22.808 21884 21932 E AndroidRuntime: 	at java.lang.Thread.run(Thread.java:764)
02-05 03:36:42.347  9137 31014 F libc    : Fatal signal 11 (SIGSEGV), code 1, fault addr 0x0 in tid 31014 (EpgAgent)
02-05 03:36:42.480 31023 31023 F DEBUG   : *** *** *** *** *** *** *** *** *** *** *** *** *** *** *** ***
02-05 03:36:42.481 31023 31023 F DEBUG   : Build fingerprint: 'LGE/woofer2/woofer2:8.0.0/OPR5.170623.007/20180129_V.99.71.0305:userdebug/release-keys'
02-05 03:36:42.481 31023 31023 F DEBUG   : Revision: '0'
02-05 03:36:42.481 31023 31023 F DEBUG   : ABI: 'arm'
02-05 03:36:42.481 31023 31023 F DEBUG   : pid: 9137, tid: 31014, name: EpgAgent  >>> /system/vendor/bin/EpgAgent <<<
02-05 03:36:42.481 31023 31023 F DEBUG   : signal 11 (SIGSEGV), code 1 (SEGV_MAPERR), fault addr 0x0
02-05 03:36:42.481 31023 31023 F DEBUG   : Cause: null pointer dereference
02-05 03:36:42.481 31023 31023 F DEBUG   :     r0 00000000  r1 f2fff15c  r2 00000030  r3 f2ffeb9c
02-05 03:36:42.481 31023 31023 F DEBUG   :     r4 00000000  r5 f5d170d0  r6 f2fff170  r7 f2fff2dc
02-05 03:36:42.481 31023 31023 F DEBUG   :     r8 f2fff15c  r9 f5f30c08  sl f5f22db0  fp f5f22d80
02-05 03:36:42.482 31023 31023 F DEBUG   :     ip f5f34dd4  sp f2fff138  lr f5ecca08  pc f5f7c730  cpsr 600e0030
02-05 03:36:42.491 31023 31023 F DEBUG   : 
02-05 03:36:42.491 31023 31023 F DEBUG   : backtrace:
02-05 03:36:42.492 31023 31023 F DEBUG   :     #00 pc 00019730  /system/lib/libc.so (strcat+11)
02-05 03:36:42.492 31023 31023 F DEBUG   :     #01 pc 0003aa04  /system/vendor/lib/libepgagent.so (_ZN15APPNetInterface15MakeDataForSendEP16_SendMessageInfo+680)
02-05 03:36:42.492 31023 31023 F DEBUG   :     #02 pc ffffffff  <unknown>
02-05 04:04:06.401 31030 18876 F libc    : Fatal signal 11 (SIGSEGV), code 1, fault addr 0x0 in tid 18876 (EpgAgent)
02-05 04:04:06.562 18885 18885 F DEBUG   : *** *** *** *** *** *** *** *** *** *** *** *** *** *** *** ***
02-05 04:04:06.563 18885 18885 F DEBUG   : Build fingerprint: 'LGE/woofer2/woofer2:8.0.0/OPR5.170623.007/20180129_V.99.71.0305:userdebug/release-keys'
02-05 04:04:06.563 18885 18885 F DEBUG   : Revision: '0'
02-05 04:04:06.563 18885 18885 F DEBUG   : ABI: 'arm'
02-05 04:04:06.563 18885 18885 F DEBUG   : pid: 31030, tid: 18876, name: EpgAgent  >>> /system/vendor/bin/EpgAgent <<<
02-05 04:04:06.563 18885 18885 F DEBUG   : signal 11 (SIGSEGV), code 1 (SEGV_MAPERR), fault addr 0x0
02-05 04:04:06.563 18885 18885 F DEBUG   : Cause: null pointer dereference
02-05 04:04:06.564 18885 18885 F DEBUG   :     r0 00000000  r1 00000000  r2 00000001  r3 00000000
02-05 04:04:06.564 18885 18885 F DEBUG   :     r4 00000000  r5 f53170d0  r6 f27ff170  r7 f27ff2dc
02-05 04:04:06.564 18885 18885 F DEBUG   :     r8 00000000  r9 f54acc08  sl f549edb0  fp f549ed80
02-05 04:04:06.564 18885 18885 F DEBUG   :     ip f54b0dc0  sp f27ff148  lr f5448adc  pc f55390e4  cpsr 400e0030
02-05 04:04:06.583 18885 18885 F DEBUG   : 
02-05 04:04:06.583 18885 18885 F DEBUG   : backtrace:
02-05 04:04:06.584 18885 18885 F DEBUG   :     #00 pc 0001a0e4  /system/lib/libc.so (strlen+71)
02-05 04:04:06.584 18885 18885 F DEBUG   :     #01 pc 0003aad8  /system/vendor/lib/libepgagent.so (_ZN15APPNetInterface15MakeDataForSendEP16_SendMessageInfo+892)
02-05 04:04:06.584 18885 18885 F DEBUG   :     #02 pc 0002e360  /system/vendor/lib/libepgagent.so (_Z27HandleRecvDataFromClientAppPv+1048)
02-05 04:04:06.584 18885 18885 F DEBUG   :     #03 pc 0002f138  /system/vendor/lib/libepgagent.so (RECV_CB_EventHandler+1440)
02-05 04:04:06.585 18885 18885 F DEBUG   :     #04 pc 00000a04  /system/vendor/bin/EpgAgent (RECV_EventHandler+324)
02-05 04:19:24.814 18892 23740 F libc    : Fatal signal 11 (SIGSEGV), code 1, fault addr 0x0 in tid 23740 (EpgAgent)
02-05 04:19:24.968 23747 23747 F DEBUG   : *** *** *** *** *** *** *** *** *** *** *** *** *** *** *** ***
02-05 04:19:24.968 23747 23747 F DEBUG   : Build fingerprint: 'LGE/woofer2/woofer2:8.0.0/OPR5.170623.007/20180129_V.99.71.0305:userdebug/release-keys'
02-05 04:19:24.968 23747 23747 F DEBUG   : Revision: '0'
02-05 04:19:24.968 23747 23747 F DEBUG   : ABI: 'arm'
02-05 04:19:24.969 23747 23747 F DEBUG   : pid: 18892, tid: 23740, name: EpgAgent  >>> /system/vendor/bin/EpgAgent <<<
02-05 04:19:24.969 23747 23747 F DEBUG   : signal 11 (SIGSEGV), code 1 (SEGV_MAPERR), fault addr 0x0
02-05 04:19:24.969 23747 23747 F DEBUG   : Cause: null pointer dereference
02-05 04:19:24.969 23747 23747 F DEBUG   :     r0 00000000  r1 ef48215c  r2 00000030  r3 ef481b9c
02-05 04:19:24.969 23747 23747 F DEBUG   :     r4 00000000  r5 f20970d0  r6 ef482170  r7 ef4822dc
02-05 04:19:24.969 23747 23747 F DEBUG   :     r8 ef48215c  r9 f2327c08  sl f2319db0  fp f2319d80
02-05 04:19:24.969 23747 23747 F DEBUG   :     ip f232bdd4  sp ef482138  lr f22c3a80  pc f21ec730  cpsr 600e0030
02-05 04:19:24.981 23747 23747 F DEBUG   : 
02-05 04:19:24.981 23747 23747 F DEBUG   : backtrace:
02-05 04:19:24.981 23747 23747 F DEBUG   :     #00 pc 00019730  /system/lib/libc.so (strcat+11)
02-05 04:19:24.981 23747 23747 F DEBUG   :     #01 pc 0003aa7c  /system/vendor/lib/libepgagent.so (_ZN15APPNetInterface15MakeDataForSendEP16_SendMessageInfo+800)
02-05 04:19:24.981 23747 23747 F DEBUG   :     #02 pc ffffffff  <unknown>
02-05 04:32:16.751 23755 28895 F libc    : Fatal signal 11 (SIGSEGV), code 1, fault addr 0x0 in tid 28895 (EpgAgent)
02-05 04:32:16.967 28908 28908 F DEBUG   : *** *** *** *** *** *** *** *** *** *** *** *** *** *** *** ***
02-05 04:32:16.967 28908 28908 F DEBUG   : Build fingerprint: 'LGE/woofer2/woofer2:8.0.0/OPR5.170623.007/20180129_V.99.71.0305:userdebug/release-keys'
02-05 04:32:16.967 28908 28908 F DEBUG   : Revision: '0'
02-05 04:32:16.967 28908 28908 F DEBUG   : ABI: 'arm'
02-05 04:32:16.967 28908 28908 F DEBUG   : pid: 23755, tid: 28895, name: EpgAgent  >>> /system/vendor/bin/EpgAgent <<<
02-05 04:32:16.967 28908 28908 F DEBUG   : signal 11 (SIGSEGV), code 1 (SEGV_MAPERR), fault addr 0x0
02-05 04:32:16.967 28908 28908 F DEBUG   : Cause: null pointer dereference
02-05 04:32:16.967 28908 28908 F DEBUG   :     r0 00000000  r1 e9eff15c  r2 00000030  r3 e9efeb9c
02-05 04:32:16.967 28908 28908 F DEBUG   :     r4 00000000  r5 ec9970d0  r6 e9eff170  r7 e9eff2dc
02-05 04:32:16.968 28908 28908 F DEBUG   :     r8 e9eff15c  r9 ecb67c08  sl ecb59db0  fp ecb59d80
02-05 04:32:16.968 28908 28908 F DEBUG   :     ip ecb6bdd4  sp e9eff138  lr ecb03908  pc ecbde730  cpsr 600e0030
02-05 04:32:16.985 28908 28908 F DEBUG   : 
02-05 04:32:16.985 28908 28908 F DEBUG   : backtrace:
02-05 04:32:16.985 28908 28908 F DEBUG   :     #00 pc 00019730  /system/lib/libc.so (strcat+11)
02-05 04:32:16.985 28908 28908 F DEBUG   :     #01 pc 0003a904  /system/vendor/lib/libepgagent.so (_ZN15APPNetInterface15MakeDataForSendEP16_SendMessageInfo+424)
02-05 04:32:16.985 28908 28908 F DEBUG   :     #02 pc ffffffff  <unknown>
02-05 05:28:54.007 28928 29059 F libc    : Fatal signal 11 (SIGSEGV), code 1, fault addr 0x0 in tid 29059 (EpgAgent)
02-05 05:28:54.149 29066 29066 F DEBUG   : *** *** *** *** *** *** *** *** *** *** *** *** *** *** *** ***
02-05 05:28:54.149 29066 29066 F DEBUG   : Build fingerprint: 'LGE/woofer2/woofer2:8.0.0/OPR5.170623.007/20180129_V.99.71.0305:userdebug/release-keys'
02-05 05:28:54.149 29066 29066 F DEBUG   : Revision: '0'
02-05 05:28:54.149 29066 29066 F DEBUG   : ABI: 'arm'
02-05 05:28:54.149 29066 29066 F DEBUG   : pid: 28928, tid: 29059, name: EpgAgent  >>> /system/vendor/bin/EpgAgent <<<
02-05 05:28:54.150 29066 29066 F DEBUG   : signal 11 (SIGSEGV), code 1 (SEGV_MAPERR), fault addr 0x0
02-05 05:28:54.150 29066 29066 F DEBUG   : Cause: null pointer dereference
02-05 05:28:54.150 29066 29066 F DEBUG   :     r0 00000000  r1 ebeff15c  r2 00000030  r3 ebefeb9c
02-05 05:28:54.150 29066 29066 F DEBUG   :     r4 00000000  r5 ee8970d0  r6 ebeff170  r7 ebeff2dc
02-05 05:28:54.150 29066 29066 F DEBUG   :     r8 ebeff15c  r9 eea65c08  sl eea57db0  fp eea57d80
02-05 05:28:54.150 29066 29066 F DEBUG   :     ip eea69dd4  sp ebeff138  lr eea01990  pc eeb36730  cpsr 600e0030
02-05 05:28:54.167 29066 29066 F DEBUG   : 
02-05 05:28:54.167 29066 29066 F DEBUG   : backtrace:
02-05 05:28:54.167 29066 29066 F DEBUG   :     #00 pc 00019730  /system/lib/libc.so (strcat+11)
02-05 05:28:54.168 29066 29066 F DEBUG   :     #01 pc 0003a98c  /system/vendor/lib/libepgagent.so (_ZN15APPNetInterface15MakeDataForSendEP16_SendMessageInfo+560)
02-05 05:28:54.168 29066 29066 F DEBUG   :     #02 pc ffffffff  <unknown>
02-05 05:40:35.115 29072  4238 F libc    : Fatal signal 11 (SIGSEGV), code 1, fault addr 0x3b3b3532 in tid 4238 (EpgAgent)
02-05 05:40:35.268  4331  4331 F DEBUG   : *** *** *** *** *** *** *** *** *** *** *** *** *** *** *** ***
02-05 05:40:35.268  4331  4331 F DEBUG   : Build fingerprint: 'LGE/woofer2/woofer2:8.0.0/OPR5.170623.007/20180129_V.99.71.0305:userdebug/release-keys'
02-05 05:40:35.268  4331  4331 F DEBUG   : Revision: '0'
02-05 05:40:35.268  4331  4331 F DEBUG   : ABI: 'arm'
02-05 05:40:35.269  4331  4331 F DEBUG   : pid: 29072, tid: 4238, name: EpgAgent  >>> /system/vendor/bin/EpgAgent <<<
02-05 05:40:35.269  4331  4331 F DEBUG   : signal 11 (SIGSEGV), code 1 (SEGV_MAPERR), fault addr 0x3b3b3532
02-05 05:40:35.269  4331  4331 F DEBUG   :     r0 f100d800  r1 3b3b3532  r2 e8de07c6  r3 363b3b3b
02-05 05:40:35.269  4331  4331 F DEBUG   :     r4 f1926eb4  r5 f17170d0  r6 eecff170  r7 eecff2dc
02-05 05:40:35.269  4331  4331 F DEBUG   :     r8 f100d800  r9 f1934c08  sl f1926db0  fp f1926d80
02-05 05:40:35.269  4331  4331 F DEBUG   :     ip f1938dd4  sp eecff148  lr f18d0b74  pc f196a724  cpsr 200e0030
02-05 05:40:35.283  4331  4331 F DEBUG   : 
02-05 05:40:35.283  4331  4331 F DEBUG   : backtrace:
02-05 05:40:35.283  4331  4331 F DEBUG   :     #00 pc 00019724  /system/lib/libc.so
02-05 05:40:35.284  4331  4331 F DEBUG   :     #01 pc 0003ab70  /system/vendor/lib/libepgagent.so (_ZN15APPNetInterface15MakeDataForSendEP16_SendMessageInfo+1044)
02-05 05:40:35.284  4331  4331 F DEBUG   :     #02 pc 3b3b372f  <unknown>
02-05 06:11:02.457  4353 20239 F libc    : Fatal signal 11 (SIGSEGV), code 1, fault addr 0x3b3b3b33 in tid 20239 (EpgAgent)
02-05 06:11:02.617 20245 20245 F DEBUG   : *** *** *** *** *** *** *** *** *** *** *** *** *** *** *** ***
02-05 06:11:02.617 20245 20245 F DEBUG   : Build fingerprint: 'LGE/woofer2/woofer2:8.0.0/OPR5.170623.007/20180129_V.99.71.0305:userdebug/release-keys'
02-05 06:11:02.617 20245 20245 F DEBUG   : Revision: '0'
02-05 06:11:02.617 20245 20245 F DEBUG   : ABI: 'arm'
02-05 06:11:02.617 20245 20245 F DEBUG   : pid: 4353, tid: 20239, name: EpgAgent  >>> /system/vendor/bin/EpgAgent <<<
02-05 06:11:02.617 20245 20245 F DEBUG   : signal 11 (SIGSEGV), code 1 (SEGV_MAPERR), fault addr 0x3b3b3b33
02-05 06:11:02.617 20245 20245 F DEBUG   :     r0 e74dcf00  r1 3b3b3b33  r2 73d82c8f  r3 32363b3b
02-05 06:11:02.617 20245 20245 F DEBUG   :     r4 e7e1deb4  r5 e7b170d0  r6 e5102170  r7 e51022dc
02-05 06:11:02.618 20245 20245 F DEBUG   :     r8 e74dcf00  r9 e7e2bc08  sl e7e1ddb0  fp e7e1dd80
02-05 06:11:02.618 20245 20245 F DEBUG   :     ip e7e2fdd4  sp e5102148  lr e7dc7b74  pc e7cea724  cpsr 200e0030
02-05 06:11:02.629 20245 20245 F DEBUG   : 
02-05 06:11:02.629 20245 20245 F DEBUG   : backtrace:
02-05 06:11:02.630 20245 20245 F DEBUG   :     #00 pc 00019724  /system/lib/libc.so
02-05 06:11:02.630 20245 20245 F DEBUG   :     #01 pc 0003ab70  /system/vendor/lib/libepgagent.so (_ZN15APPNetInterface15MakeDataForSendEP16_SendMessageInfo+1044)
02-05 06:11:02.630 20245 20245 F DEBUG   :     #02 pc 3b3b3b33  <unknown>
02-05 06:30:11.984 20255 25791 F libc    : Fatal signal 11 (SIGSEGV), code 1, fault addr 0x363b3b3b in tid 25791 (EpgAgent)
02-05 06:30:12.092 25801 25801 F DEBUG   : *** *** *** *** *** *** *** *** *** *** *** *** *** *** *** ***
02-05 06:30:12.092 25801 25801 F DEBUG   : Build fingerprint: 'LGE/woofer2/woofer2:8.0.0/OPR5.170623.007/20180129_V.99.71.0305:userdebug/release-keys'
02-05 06:30:12.092 25801 25801 F DEBUG   : Revision: '0'
02-05 06:30:12.092 25801 25801 F DEBUG   : ABI: 'arm'
02-05 06:30:12.092 25801 25801 F DEBUG   : pid: 20255, tid: 25791, name: EpgAgent  >>> /system/vendor/bin/EpgAgent <<<
02-05 06:30:12.092 25801 25801 F DEBUG   : signal 11 (SIGSEGV), code 1 (SEGV_MAPERR), fault addr 0x363b3b3b
02-05 06:30:12.092 25801 25801 F DEBUG   :     r0 f0642f00  r1 363b3b3b  r2 fc0b274f  r3 3232363b
02-05 06:30:12.093 25801 25801 F DEBUG   :     r4 f0f12eb4  r5 f0d170d0  r6 ee182170  r7 ee1822dc
02-05 06:30:12.093 25801 25801 F DEBUG   :     r8 f0642f00  r9 f0f20c08  sl f0f12db0  fp f0f12d80
02-05 06:30:12.093 25801 25801 F DEBUG   :     ip f0f24dd4  sp ee182148  lr f0ebcb74  pc f0fac724  cpsr 200e0030
02-05 06:30:12.105 25801 25801 F DEBUG   : 
02-05 06:30:12.105 25801 25801 F DEBUG   : backtrace:
02-05 06:30:12.105 25801 25801 F DEBUG   :     #00 pc 00019724  /system/lib/libc.so
02-05 06:30:12.106 25801 25801 F DEBUG   :     #01 pc 0003ab70  /system/vendor/lib/libepgagent.so (_ZN15APPNetInterface15MakeDataForSendEP16_SendMessageInfo+1044)
02-05 06:30:12.106 25801 25801 F DEBUG   :     #02 pc 363b3b39  <unknown>
02-05 06:42:02.849 25808  1842 F libc    : Fatal signal 11 (SIGSEGV), code 1, fault addr 0x0 in tid 1842 (EpgAgent)
02-05 06:42:03.071  1850  1850 F DEBUG   : *** *** *** *** *** *** *** *** *** *** *** *** *** *** *** ***
02-05 06:42:03.072  1850  1850 F DEBUG   : Build fingerprint: 'LGE/woofer2/woofer2:8.0.0/OPR5.170623.007/20180129_V.99.71.0305:userdebug/release-keys'
02-05 06:42:03.072  1850  1850 F DEBUG   : Revision: '0'
02-05 06:42:03.072  1850  1850 F DEBUG   : ABI: 'arm'
02-05 06:42:03.072  1850  1850 F DEBUG   : pid: 25808, tid: 1842, name: EpgAgent  >>> /system/vendor/bin/EpgAgent <<<
02-05 06:42:03.072  1850  1850 F DEBUG   : signal 11 (SIGSEGV), code 1 (SEGV_MAPERR), fault addr 0x0
02-05 06:42:03.072  1850  1850 F DEBUG   : Cause: null pointer dereference
02-05 06:42:03.072  1850  1850 F DEBUG   :     r0 00000000  r1 f218215c  r2 00000030  r3 f2181b9c
02-05 06:42:03.073  1850  1850 F DEBUG   :     r4 00000000  r5 f4d170d0  r6 f2182170  r7 f21822dc
02-05 06:42:03.073  1850  1850 F DEBUG   :     r8 f218215c  r9 f5026c08  sl f5018db0  fp f5018d80
02-05 06:42:03.073  1850  1850 F DEBUG   :     ip f502add4  sp f2182138  lr f4fc2908  pc f4ef1730  cpsr 600e0030
02-05 06:42:03.084  1850  1850 F DEBUG   : 
02-05 06:42:03.084  1850  1850 F DEBUG   : backtrace:
02-05 06:42:03.084  1850  1850 F DEBUG   :     #00 pc 00019730  /system/lib/libc.so (strcat+11)
02-05 06:42:03.084  1850  1850 F DEBUG   :     #01 pc 0003a904  /system/vendor/lib/libepgagent.so (_ZN15APPNetInterface15MakeDataForSendEP16_SendMessageInfo+424)
02-05 06:42:03.084  1850  1850 F DEBUG   :     #02 pc ffffffff  <unknown>
02-05 07:38:18.227  1857 27352 F libc    : Fatal signal 11 (SIGSEGV), code 1, fault addr 0x3b3b3b32 in tid 27352 (EpgAgent)
02-05 07:38:18.486 27378 27378 F DEBUG   : *** *** *** *** *** *** *** *** *** *** *** *** *** *** *** ***
02-05 07:38:18.487 27378 27378 F DEBUG   : Build fingerprint: 'LGE/woofer2/woofer2:8.0.0/OPR5.170623.007/20180129_V.99.71.0305:userdebug/release-keys'
02-05 07:38:18.487 27378 27378 F DEBUG   : Revision: '0'
02-05 07:38:18.487 27378 27378 F DEBUG   : ABI: 'arm'
02-05 07:38:18.487 27378 27378 F DEBUG   : pid: 1857, tid: 27352, name: EpgAgent  >>> /system/vendor/bin/EpgAgent <<<
02-05 07:38:18.487 27378 27378 F DEBUG   : signal 11 (SIGSEGV), code 1 (SEGV_MAPERR), fault addr 0x3b3b3b32
02-05 07:38:18.487 27378 27378 F DEBUG   :     r0 e7c6af00  r1 3b3b3b32  r2 62730a03  r3 32363b3b
02-05 07:38:18.487 27378 27378 F DEBUG   :     r4 e8a96eb4  r5 e87970d0  r6 e5d02170  r7 e5d022dc
02-05 07:38:18.487 27378 27378 F DEBUG   :     r8 e7c6af00  r9 e8aa4c08  sl e8a96db0  fp e8a96d80
02-05 07:38:18.487 27378 27378 F DEBUG   :     ip e8aa8dd4  sp e5d02148  lr e8a40b74  pc e8974724  cpsr 200e0030
02-05 07:38:18.502 27378 27378 F DEBUG   : 
02-05 07:38:18.502 27378 27378 F DEBUG   : backtrace:
02-05 07:38:18.503 27378 27378 F DEBUG   :     #00 pc 00019724  /system/lib/libc.so
02-05 07:38:18.503 27378 27378 F DEBUG   :     #01 pc 0003ab70  /system/vendor/lib/libepgagent.so (_ZN15APPNetInterface15MakeDataForSendEP16_SendMessageInfo+1044)
02-05 07:38:18.503 27378 27378 F DEBUG   :     #02 pc 3b3b3b30  <unknown>
--------- beginning of system
02-05 08:42:18.155 14049 14049 W ContextImpl: Calling a method in the system process without a qualified user: android.app.ContextImpl.startService:1460 android.content.ContextWrapper.startService:644 android.content.ContextWrapper.startService:644 com.lguplus.iptv3.arzoo.push.LGUPlusPushAgentMsgReceiver.onReceive:104 android.app.ActivityThread.handleReceiver:3252 
02-05 08:42:19.415 13790 13790 W ContextImpl: Calling a method in the system process without a qualified user: android.app.ContextImpl.sendBroadcast:950 android.content.ContextWrapper.sendBroadcast:431 android.content.ContextWrapper.sendBroadcast:431 com.lguplus.iptv3.onetouchstb.push.LGUPlusPushAgentAPI.checkRegID:153 com.lguplus.iptv3.onetouchstb.push.OnetouchSTBPushManager.requestCheckRegId:46 
02-05 08:42:20.388 14171 14171 W ContextImpl: Calling a method in the system process without a qualified user: android.app.ContextImpl.bindService:1540 android.content.ContextWrapper.bindService:678 com.lguplus.iptv3.onetouchstb.stb.LgIptvShmRemoteWrapper.onBindIptvRemote:114 com.lguplus.iptv3.onetouchstb.service.OneTouchSTBService.onCreate:113 android.app.ActivityThread.handleCreateService:3404 
02-05 08:42:20.406   674 10287 I chatty  : uid=1000(system) Binder:674_1B expire 21 lines
02-05 08:42:20.523 14192 14192 W ContextImpl: Calling a method in the system process without a qualified user: android.app.ContextImpl.startService:1460 android.content.ContextWrapper.startService:644 android.content.ContextWrapper.startService:644 com.lguplus.iptv3.arzoo.push.LGUPlusPushAgentMsgReceiver.onReceive:104 android.app.ActivityThread.handleReceiver:3252 
02-05 08:42:20.580 14192 14192 W ContextImpl: Calling a method in the system process without a qualified user: android.app.ContextImpl.sendBroadcast:950 android.content.ContextWrapper.sendBroadcast:431 com.lguplus.iptv3.arzoo.push.LGUPlusPushAgentAPI.checkRegID:78 com.lguplus.iptv3.arzoo.push.ARZooPushService.onStartCommand:51 android.app.ActivityThread.handleServiceArgs:3539 
02-05 08:42:21.502 14171 14171 W ContextImpl: Calling a method in the system process without a qualified user: android.app.ContextImpl.sendBroadcast:950 android.content.ContextWrapper.sendBroadcast:431 android.content.ContextWrapper.sendBroadcast:431 com.lguplus.iptv3.onetouchstb.push.LGUPlusPushAgentAPI.checkRegID:153 com.lguplus.iptv3.onetouchstb.push.OnetouchSTBPushManager.requestCheckRegId:46 
02-05 08:42:21.588   674 15526 I chatty  : uid=1000(system) Binder:674_1E expire 26 lines
02-05 08:42:22.986 14352 14352 W ContextImpl: Calling a method in the system process without a qualified user: android.app.ContextImpl.startService:1460 android.content.ContextWrapper.startService:644 android.content.ContextWrapper.startService:644 com.lguplus.iptv3.arzoo.push.LGUPlusPushAgentMsgReceiver.onReceive:104 android.app.ActivityThread.handleReceiver:3252 
02-05 08:42:23.001   674   693 I chatty  : uid=1000(system) Binder:674_2 expire 10 lines
02-05 08:42:23.830   674   862 I chatty  : uid=1000(system) Binder:674_3 expire 15 lines
02-05 08:42:24.139 14412 14412 W ContextImpl: Calling a method in the system process without a qualified user: android.app.ContextImpl.sendBroadcast:950 android.content.ContextWrapper.sendBroadcast:431 android.content.ContextWrapper.sendBroadcast:431 com.lguplus.iptv3.onetouchstb.push.LGUPlusPushAgentAPI.checkRegID:153 com.lguplus.iptv3.onetouchstb.push.OnetouchSTBPushManager.requestCheckRegId:46 
02-05 08:42:24.176 14412 14412 W ContextImpl: Calling a method in the system process without a qualified user: android.app.ContextImpl.bindService:1540 android.content.ContextWrapper.bindService:678 com.lguplus.iptv3.onetouchstb.stb.LgIptvShmRemoteWrapper.onBindIptvRemote:114 com.lguplus.iptv3.onetouchstb.service.OneTouchSTBService.onCreate:113 android.app.ActivityThread.handleCreateService:3404 
02-05 08:42:25.547 14509 14509 W ContextImpl: Calling a method in the system process without a qualified user: android.app.ContextImpl.startService:1460 android.content.ContextWrapper.startService:644 android.content.ContextWrapper.startService:644 com.lguplus.iptv3.arzoo.push.LGUPlusPushAgentMsgReceiver.onReceive:104 android.app.ActivityThread.handleReceiver:3252 
02-05 08:42:25.570   674  1392 I chatty  : uid=1000(system) Binder:674_D expire 15 lines
02-05 08:42:25.588 14509 14509 W ContextImpl: Calling a method in the system process without a qualified user: android.app.ContextImpl.sendBroadcast:950 android.content.ContextWrapper.sendBroadcast:431 com.lguplus.iptv3.arzoo.push.LGUPlusPushAgentAPI.checkRegID:78 com.lguplus.iptv3.arzoo.push.ARZooPushService.onStartCommand:51 android.app.ActivityThread.handleServiceArgs:3539 
02-05 08:42:25.759   674   955 I chatty  : uid=1000(system) Binder:674_4 expire 12 lines
02-05 08:42:25.883 14554 14554 W ContextImpl: Calling a method in the system process without a qualified user: android.app.ContextImpl.sendBroadcast:950 android.content.ContextWrapper.sendBroadcast:431 android.content.ContextWrapper.sendBroadcast:431 com.lguplus.iptv3.onetouchstb.push.LGUPlusPushAgentAPI.checkRegID:153 com.lguplus.iptv3.onetouchstb.push.OnetouchSTBPushManager.requestCheckRegId:46 
02-05 08:42:25.892 14554 14554 W ContextImpl: Calling a method in the system process without a qualified user: android.app.ContextImpl.bindService:1540 android.content.ContextWrapper.bindService:678 com.lguplus.iptv3.onetouchstb.stb.LgIptvShmRemoteWrapper.onBindIptvRemote:114 com.lguplus.iptv3.onetouchstb.service.OneTouchSTBService.onCreate:113 android.app.ActivityThread.handleCreateService:3404 
02-05 08:42:26.827   674  4234 I chatty  : uid=1000(system) Binder:674_19 expire 15 lines
02-05 08:42:27.093   491   491 E wificond: Received error messsage: Try again
02-05 08:42:27.093   491   491 E wificond: NL80211_CMD_TRIGGER_SCAN failed
02-05 08:42:28.843 14787 14787 W ContextImpl: Calling a method in the system process without a qualified user: android.app.ContextImpl.startService:1460 android.content.ContextWrapper.startService:644 android.content.ContextWrapper.startService:644 com.lguplus.iptv3.arzoo.push.LGUPlusPushAgentMsgReceiver.onReceive:104 android.app.ActivityThread.handleReceiver:3252 
02-05 08:42:28.891 14787 14787 W ContextImpl: Calling a method in the system process without a qualified user: android.app.ContextImpl.sendBroadcast:950 android.content.ContextWrapper.sendBroadcast:431 com.lguplus.iptv3.arzoo.push.LGUPlusPushAgentAPI.checkRegID:78 com.lguplus.iptv3.arzoo.push.ARZooPushService.onStartCommand:51 android.app.ActivityThread.handleServiceArgs:3539 
02-05 08:42:29.575   674  1488 I chatty  : uid=1000(system) Binder:674_12 expire 13 lines
02-05 08:42:30.180 14857 14857 W ContextImpl: Calling a method in the system process without a qualified user: android.app.ContextImpl.sendBroadcast:950 android.content.ContextWrapper.sendBroadcast:431 android.content.ContextWrapper.sendBroadcast:431 com.lguplus.iptv3.onetouchstb.push.LGUPlusPushAgentAPI.checkRegID:153 com.lguplus.iptv3.onetouchstb.push.OnetouchSTBPushManager.requestCheckRegId:46 
02-05 08:42:30.214 14857 14857 W ContextImpl: Calling a method in the system process without a qualified user: android.app.ContextImpl.bindService:1540 android.content.ContextWrapper.bindService:678 com.lguplus.iptv3.onetouchstb.stb.LgIptvShmRemoteWrapper.onBindIptvRemote:114 com.lguplus.iptv3.onetouchstb.service.OneTouchSTBService.onCreate:113 android.app.ActivityThread.handleCreateService:3404 
02-05 08:42:30.642 14906 14906 W ContextImpl: Calling a method in the system process without a qualified user: android.app.ContextImpl.startService:1460 android.content.ContextWrapper.startService:644 android.content.ContextWrapper.startService:644 com.lguplus.iptv3.arzoo.push.LGUPlusPushAgentMsgReceiver.onReceive:104 android.app.ActivityThread.handleReceiver:3252 
02-05 08:42:31.741   674  1412 I chatty  : uid=1000(system) Binder:674_F expire 10 lines
02-05 08:42:31.839 14969 14969 W ContextImpl: Calling a method in the system process without a qualified user: android.app.ContextImpl.sendBroadcast:950 android.content.ContextWrapper.sendBroadcast:431 android.content.ContextWrapper.sendBroadcast:431 com.lguplus.iptv3.onetouchstb.push.LGUPlusPushAgentAPI.checkRegID:153 com.lguplus.iptv3.onetouchstb.push.OnetouchSTBPushManager.requestCheckRegId:46 
02-05 08:42:31.875 14969 14969 W ContextImpl: Calling a method in the system process without a qualified user: android.app.ContextImpl.bindService:1540 android.content.ContextWrapper.bindService:678 com.lguplus.iptv3.onetouchstb.stb.LgIptvShmRemoteWrapper.onBindIptvRemote:114 com.lguplus.iptv3.onetouchstb.service.OneTouchSTBService.onCreate:113 android.app.ActivityThread.handleCreateService:3404 
02-05 08:42:33.205   674  2484 I chatty  : uid=1000(system) Binder:674_17 expire 13 lines
02-05 08:42:33.840 15147 15147 W ContextImpl: Calling a method in the system process without a qualified user: android.app.ContextImpl.startService:1460 android.content.ContextWrapper.startService:644 android.content.ContextWrapper.startService:644 com.lguplus.iptv3.arzoo.push.LGUPlusPushAgentMsgReceiver.onReceive:104 android.app.ActivityThread.handleReceiver:3252 
02-05 08:42:33.878   674   999 I chatty  : uid=1000(system) Binder:674_5 expire 15 lines
02-05 08:42:34.375   674   862 I chatty  : uid=1000(system) Binder:674_3 expire 13 lines
02-05 08:42:35.014 15213 15213 W ContextImpl: Calling a method in the system process without a qualified user: android.app.ContextImpl.sendBroadcast:950 android.content.ContextWrapper.sendBroadcast:431 android.content.ContextWrapper.sendBroadcast:431 com.lguplus.iptv3.onetouchstb.push.LGUPlusPushAgentAPI.checkRegID:153 com.lguplus.iptv3.onetouchstb.push.OnetouchSTBPushManager.requestCheckRegId:46 
02-05 08:42:35.088 15213 15213 W ContextImpl: Calling a method in the system process without a qualified user: android.app.ContextImpl.bindService:1540 android.content.ContextWrapper.bindService:678 com.lguplus.iptv3.onetouchstb.stb.LgIptvShmRemoteWrapper.onBindIptvRemote:114 com.lguplus.iptv3.onetouchstb.service.OneTouchSTBService.onCreate:113 android.app.ActivityThread.handleCreateService:3404 
02-05 08:42:36.068   674   674 I chatty  : uid=1000 system_server expire 10 lines
02-05 08:42:36.153   674  1300 I chatty  : uid=1000(system) Binder:674_7 expire 14 lines
02-05 08:42:36.316 15281 15281 I chatty  : uid=1000(system) com.lguplus.iptv3.onetouchstb expire 4 lines
02-05 08:42:39.436   674  2354 I chatty  : uid=1000(system) Binder:674_15 expire 11 lines
02-05 08:42:41.018 15536 15536 W ContextImpl: Calling a method in the system process without a qualified user: android.app.ContextImpl.startService:1460 android.content.ContextWrapper.startService:644 android.content.ContextWrapper.startService:644 com.lguplus.iptv3.arzoo.push.LGUPlusPushAgentMsgReceiver.onReceive:104 android.app.ActivityThread.handleReceiver:3252 
02-05 08:42:41.089 15536 15536 W ContextImpl: Calling a method in the system process without a qualified user: android.app.ContextImpl.sendBroadcast:950 android.content.ContextWrapper.sendBroadcast:431 com.lguplus.iptv3.arzoo.push.LGUPlusPushAgentAPI.checkRegID:78 com.lguplus.iptv3.arzoo.push.ARZooPushService.onStartCommand:51 android.app.ActivityThread.handleServiceArgs:3539 
02-05 08:42:55.426   674   696 I chatty  : uid=1000(system) ActivityManager expire 10 lines
02-05 08:43:17.406   674   955 I chatty  : uid=1000(system) Binder:674_4 expire 24 lines
02-05 08:43:41.485   674  1129 I chatty  : uid=1000(system) Binder:674_6 expire 10 lines
02-05 08:43:47.094 15536 15536 W ContextImpl: Calling a method in the system process without a qualified user: android.app.ContextImpl.startService:1460 android.content.ContextWrapper.startService:644 android.content.ContextWrapper.startService:644 com.lguplus.iptv3.arzoo.push.LGUPlusPushAgentMsgReceiver.onReceive:104 android.app.ActivityThread.handleReceiver:3252 
02-05 08:43:48.247 15281 15281 W ContextImpl: Calling a method in the system process without a qualified user: android.app.ContextImpl.sendBroadcast:950 android.content.ContextWrapper.sendBroadcast:431 android.content.ContextWrapper.sendBroadcast:431 com.lguplus.iptv3.onetouchstb.push.LGUPlusPushAgentAPI.checkRegID:153 com.lguplus.iptv3.onetouchstb.push.OnetouchSTBPushManager.requestCheckRegId:46 
02-05 08:44:18.354 15281 15281 W ContextImpl: Calling a method in the system process without a qualified user: android.app.ContextImpl.startService:1460 android.content.ContextWrapper.startService:644 android.content.ContextWrapper.startService:644 com.lguplus.iptv3.onetouchstb.receiver.ReservationReceiver.startService:49 com.lguplus.iptv3.onetouchstb.receiver.ReservationReceiver.onReceive:38 
02-05 08:45:03.102 15281 15281 W ContextImpl: Calling a method in the system process without a qualified user: android.app.ContextImpl.startService:1460 android.content.ContextWrapper.startService:644 android.content.ContextWrapper.startService:644 com.lguplus.iptv3.onetouchstb.receiver.ReservationReceiver.startService:49 com.lguplus.iptv3.onetouchstb.receiver.ReservationReceiver.onReceive:38 
02-05 08:45:07.177 15536 15536 W ContextImpl: Calling a method in the system process without a qualified user: android.app.ContextImpl.startService:1460 android.content.ContextWrapper.startService:644 android.content.ContextWrapper.startService:644 com.lguplus.iptv3.arzoo.push.LGUPlusPushAgentMsgReceiver.onReceive:104 android.app.ActivityThread.handleReceiver:3252 
02-05 08:45:07.200 15281 15281 W ContextImpl: Calling a method in the system process without a qualified user: android.app.ContextImpl.sendBroadcast:950 android.content.ContextWrapper.sendBroadcast:431 android.content.ContextWrapper.sendBroadcast:431 com.lguplus.iptv3.onetouchstb.push.LGUPlusPushAgentAPI.checkRegID:153 com.lguplus.iptv3.onetouchstb.push.OnetouchSTBPushManager.requestCheckRegId:46 
02-05 08:45:33.119 15281 15281 W ContextImpl: Calling a method in the system process without a qualified user: android.app.ContextImpl.startService:1460 android.content.ContextWrapper.startService:644 android.content.ContextWrapper.startService:644 com.lguplus.iptv3.onetouchstb.receiver.ReservationReceiver.startService:49 com.lguplus.iptv3.onetouchstb.receiver.ReservationReceiver.onReceive:38 
02-05 08:45:33.121   674  1386 I chatty  : uid=1000(system) Binder:674_C expire 10 lines
02-05 08:45:41.200 16611 16611 W ContextImpl: Calling a method in the system process without a qualified user: android.app.ContextImpl.startService:1460 android.content.ContextWrapper.startService:644 android.content.ContextWrapper.startService:644 com.lguplus.iptv3.arzoo.push.LGUPlusPushAgentMsgReceiver.onReceive:104 android.app.ActivityThread.handleReceiver:3252 
02-05 08:45:41.240 16611 16611 W ContextImpl: Calling a method in the system process without a qualified user: android.app.ContextImpl.sendBroadcast:950 android.content.ContextWrapper.sendBroadcast:431 com.lguplus.iptv3.arzoo.push.LGUPlusPushAgentAPI.checkRegID:78 com.lguplus.iptv3.arzoo.push.ARZooPushService.onStartCommand:51 android.app.ActivityThread.handleServiceArgs:3539 
02-05 08:45:42.320 15281 15281 W ContextImpl: Calling a method in the system process without a qualified user: android.app.ContextImpl.sendBroadcast:950 android.content.ContextWrapper.sendBroadcast:431 android.content.ContextWrapper.sendBroadcast:431 com.lguplus.iptv3.onetouchstb.push.LGUPlusPushAgentAPI.checkRegID:153 com.lguplus.iptv3.onetouchstb.push.OnetouchSTBPushManager.requestCheckRegId:46 
02-05 08:45:47.003   674   696 I chatty  : uid=1000(system) ActivityManager expire 11 lines
02-05 08:45:47.339 16719 16719 W ContextImpl: Calling a method in the system process without a qualified user: android.app.ContextImpl.startService:1460 android.content.ContextWrapper.startService:644 android.content.ContextWrapper.startService:644 com.lguplus.iptv3.arzoo.push.LGUPlusPushAgentMsgReceiver.onReceive:104 android.app.ActivityThread.handleReceiver:3252 
02-05 08:45:47.365   674  1370 I chatty  : uid=1000(system) Binder:674_A expire 12 lines
02-05 08:45:47.386 16719 16719 W ContextImpl: Calling a method in the system process without a qualified user: android.app.ContextImpl.sendBroadcast:950 android.content.ContextWrapper.sendBroadcast:431 com.lguplus.iptv3.arzoo.push.LGUPlusPushAgentAPI.checkRegID:78 com.lguplus.iptv3.arzoo.push.ARZooPushService.onStartCommand:51 android.app.ActivityThread.handleServiceArgs:3539 
02-05 08:45:47.585   674  2484 I chatty  : uid=1000(system) Binder:674_17 expire 10 lines
02-05 08:45:47.737 16773 16773 W ContextImpl: Calling a method in the system process without a qualified user: android.app.ContextImpl.sendBroadcast:950 android.content.ContextWrapper.sendBroadcast:431 android.content.ContextWrapper.sendBroadcast:431 com.lguplus.iptv3.onetouchstb.push.LGUPlusPushAgentAPI.checkRegID:153 com.lguplus.iptv3.onetouchstb.push.OnetouchSTBPushManager.requestCheckRegId:46 
02-05 08:45:47.764 16773 16773 W ContextImpl: Calling a method in the system process without a qualified user: android.app.ContextImpl.bindService:1540 android.content.ContextWrapper.bindService:678 com.lguplus.iptv3.onetouchstb.stb.LgIptvShmRemoteWrapper.onBindIptvRemote:114 com.lguplus.iptv3.onetouchstb.service.OneTouchSTBService.onCreate:113 android.app.ActivityThread.handleCreateService:3404 
02-05 08:45:48.296   674  1441 I chatty  : uid=1000(system) Binder:674_10 expire 10 lines
02-05 08:46:04.536 16889 16889 W ContextImpl: Calling a method in the system process without a qualified user: android.app.ContextImpl.startService:1460 android.content.ContextWrapper.startService:644 android.content.ContextWrapper.startService:644 com.lguplus.iptv3.arzoo.push.LGUPlusPushAgentMsgReceiver.onReceive:104 android.app.ActivityThread.handleReceiver:3252 
