01-22 11:34:32.854   115 12429 D NuCachedSource2: releaseFromStart 6938447, 20180888 (4488026) ++ 
01-22 11:34:32.855   115 12429 I NuCachedSource2: moov2MetaData ++ 
01-22 11:34:32.855   115 12429 I NuCachedSource2: moov2MetaData -- 
01-22 11:34:32.855   115 12429 D NuCachedSource2: moov2BackupPages 7659343, 19459992 ++ 
01-22 11:34:32.855   115 12429 D NuCachedSource2: releaseFromStart 20119552 -- 
01-22 11:34:32.855   115 12429 I NuCachedSource2: restarting prefetcher, totalSize = 5111808
01-22 11:34:32.855   115 12429 V NuCachedSource2: onFetch
01-22 11:34:32.855   115 12429 V NuCachedSource2: [fetchInternal] mCacheOffset:27057999, totalSize:5111808
01-22 11:34:32.856   115 12429 V MediaHTTP: [MediaHTTP::readAt()] offset:32169807, size:65536
01-22 11:34:32.866   115 12429 V MediaHTTP: [MediaHTTP::readAt()] numBytesRead:65536
01-22 11:34:32.866   115 12429 V NuCachedSource2: onFetch
01-22 11:34:32.866   115 12429 V NuCachedSource2: [fetchInternal] mCacheOffset:27057999, totalSize:5177344
01-22 11:34:32.866   115 12429 V MediaHTTP: [MediaHTTP::readAt()] offset:32235343, size:65536
01-22 11:34:32.893   115 12429 V MediaHTTP: [MediaHTTP::readAt()] numBytesRead:65536
01-22 11:34:32.893   115 12429 V NuCachedSource2: onFetch
01-22 11:34:32.893   115 12429 V NuCachedSource2: [fetchInternal] mCacheOffset:27057999, totalSize:5242880
01-22 11:34:32.893   115 12429 V MediaHTTP: [MediaHTTP::readAt()] offset:32300879, size:65536
01-22 11:34:32.914   115 12429 V MediaHTTP: [MediaHTTP::readAt()] numBytesRead:65536
01-22 11:34:32.915   115 12429 V NuCachedSource2: onFetch
01-22 11:34:32.915   115 12429 V NuCachedSource2: [fetchInternal] mCacheOffset:27057999, totalSize:5308416
01-22 11:34:32.915   115 12429 V MediaHTTP: [MediaHTTP::readAt()] offset:32366415, size:65536
01-22 11:34:32.934   115 12429 V MediaHTTP: [MediaHTTP::readAt()] numBytesRead:65536
01-22 11:34:32.934   115 12429 V NuCachedSource2: onFetch
01-22 11:34:32.934   115 12429 V NuCachedSource2: [fetchInternal] mCacheOffset:27057999, totalSize:5373952
01-22 11:34:32.934   115 12429 V MediaHTTP: [MediaHTTP::readAt()] offset:32431951, size:65536
01-22 11:34:32.949   115 12429 V MediaHTTP: [MediaHTTP::readAt()] numBytesRead:65536
01-22 11:34:32.949   115 12429 V NuCachedSource2: onFetch
01-22 11:34:32.949   115 12429 V NuCachedSource2: [fetchInternal] mCacheOffset:27057999, totalSize:5439488
01-22 11:34:32.949   115 12429 V MediaHTTP: [MediaHTTP::readAt()] offset:32497487, size:65536
01-22 11:34:32.967   115 12429 V MediaHTTP: [MediaHTTP::readAt()] numBytesRead:65536
01-22 11:34:32.967   115 12429 V NuCachedSource2: onFetch
01-22 11:34:32.967   115 12429 V NuCachedSource2: [fetchInternal] mCacheOffset:27057999, totalSize:5505024
01-22 11:34:32.967   115 12429 V MediaHTTP: [MediaHTTP::readAt()] offset:32563023, size:65536
01-22 11:34:32.987   115 12429 V MediaHTTP: [MediaHTTP::readAt()] numBytesRead:65536
01-22 11:34:32.987   115 12429 V NuCachedSource2: onFetch
01-22 11:34:32.987   115 12429 V NuCachedSource2: [fetchInternal] mCacheOffset:27057999, totalSize:5570560
01-22 11:34:32.987   115 12429 V MediaHTTP: [MediaHTTP::readAt()] offset:32628559, size:65536
01-22 11:34:33.006   115 12429 V MediaHTTP: [MediaHTTP::readAt()] numBytesRead:65536
01-22 11:34:33.006   115 12429 V NuCachedSource2: onFetch
01-22 11:34:33.006   115 12429 V NuCachedSource2: [fetchInternal] mCacheOffset:27057999, totalSize:5636096
01-22 11:34:33.006   115 12429 V MediaHTTP: [MediaHTTP::readAt()] offset:32694095, size:65536
01-22 11:34:33.030   115 12429 V MediaHTTP: [MediaHTTP::readAt()] numBytesRead:65536
01-22 11:34:33.030   115 12429 V NuCachedSource2: onFetch
01-22 11:34:33.030   115 12429 V NuCachedSource2: [fetchInternal] mCacheOffset:27057999, totalSize:5701632
01-22 11:34:33.030   115 12429 V MediaHTTP: [MediaHTTP::readAt()] offset:32759631, size:65536
01-22 11:34:33.048   115 12429 V MediaHTTP: [MediaHTTP::readAt()] numBytesRead:65536
01-22 11:34:33.048   115 12429 V NuCachedSource2: onFetch
01-22 11:34:33.048   115 12429 V NuCachedSource2: [fetchInternal] mCacheOffset:27057999, totalSize:5767168
01-22 11:34:33.048   115 12429 V MediaHTTP: [MediaHTTP::readAt()] offset:32825167, size:65536
01-22 11:34:33.090   115 12429 V MediaHTTP: [MediaHTTP::readAt()] numBytesRead:65536
01-22 11:34:33.091   115 12429 V NuCachedSource2: onFetch
01-22 11:34:33.091   115 12429 V NuCachedSource2: [fetchInternal] mCacheOffset:27057999, totalSize:5832704
01-22 11:34:33.091   115 12429 V MediaHTTP: [MediaHTTP::readAt()] offset:32890703, size:65536
01-22 11:34:33.105   115 12429 V MediaHTTP: [MediaHTTP::readAt()] numBytesRead:65536
01-22 11:34:33.105   115 12429 V NuCachedSource2: onFetch
01-22 11:34:33.105   115 12429 V NuCachedSource2: [fetchInternal] mCacheOffset:27057999, totalSize:5898240
01-22 11:34:33.105   115 12429 V MediaHTTP: [MediaHTTP::readAt()] offset:32956239, size:65536
01-22 11:34:33.116   115 12429 V MediaHTTP: [MediaHTTP::readAt()] numBytesRead:65536
01-22 11:34:33.116   115 12429 V NuCachedSource2: onFetch
01-22 11:34:33.116   115 12429 V NuCachedSource2: [fetchInternal] mCacheOffset:27057999, totalSize:5963776
01-22 11:34:33.116   115 12429 V MediaHTTP: [MediaHTTP::readAt()] offset:33021775, size:65536
01-22 11:34:33.135   115 12429 V MediaHTTP: [MediaHTTP::readAt()] numBytesRead:65536
01-22 11:34:33.135   115 12429 V NuCachedSource2: onFetch
01-22 11:34:33.135   115 12429 V NuCachedSource2: [fetchInternal] mCacheOffset:27057999, totalSize:6029312
01-22 11:34:33.135   115 12429 V MediaHTTP: [MediaHTTP::readAt()] offset:33087311, size:65536
01-22 11:34:33.158   115 12429 V MediaHTTP: [MediaHTTP::readAt()] numBytesRead:65536
01-22 11:34:33.158   115 12429 V NuCachedSource2: onFetch
01-22 11:34:33.158   115 12429 V NuCachedSource2: [fetchInternal] mCacheOffset:27057999, totalSize:6094848
01-22 11:34:33.158   115 12429 V MediaHTTP: [MediaHTTP::readAt()] offset:33152847, size:65536
01-22 11:34:33.173   115 12429 V MediaHTTP: [MediaHTTP::readAt()] numBytesRead:65536
01-22 11:34:33.173   115 12429 V NuCachedSource2: onFetch
01-22 11:34:33.173   115 12429 V NuCachedSource2: [fetchInternal] mCacheOffset:27057999, totalSize:6160384
01-22 11:34:33.173   115 12429 V MediaHTTP: [MediaHTTP::readAt()] offset:33218383, size:65536
01-22 11:34:33.186   115 12429 V MediaHTTP: [MediaHTTP::readAt()] numBytesRead:65536
01-22 11:34:33.186   115 12429 V NuCachedSource2: onFetch
01-22 11:34:33.186   115 12429 V NuCachedSource2: [fetchInternal] mCacheOffset:27057999, totalSize:6225920
01-22 11:34:33.186   115 12429 V MediaHTTP: [MediaHTTP::readAt()] offset:33283919, size:65536
01-22 11:34:33.209   115 12429 V MediaHTTP: [MediaHTTP::readAt()] numBytesRead:65536
01-22 11:34:33.209   115 12429 V NuCachedSource2: onFetch
01-22 11:34:33.209   115 12429 V NuCachedSource2: [fetchInternal] mCacheOffset:27057999, totalSize:6291456
01-22 11:34:33.209   115 12429 V MediaHTTP: [MediaHTTP::readAt()] offset:33349455, size:65536
01-22 11:34:33.226   115 12429 V MediaHTTP: [MediaHTTP::readAt()] numBytesRead:65536
01-22 11:34:33.226   115 12429 V NuCachedSource2: onFetch
01-22 11:34:33.226   115 12429 V NuCachedSource2: [fetchInternal] mCacheOffset:27057999, totalSize:6356992
01-22 11:34:33.226   115 12429 V MediaHTTP: [MediaHTTP::readAt()] offset:33414991, size:65536
01-22 11:34:33.242   115 12429 V MediaHTTP: [MediaHTTP::readAt()] numBytesRead:65536
01-22 11:34:33.242   115 12429 V NuCachedSource2: onFetch
01-22 11:34:33.242   115 12429 V NuCachedSource2: [fetchInternal] mCacheOffset:27057999, totalSize:6422528
01-22 11:34:33.242   115 12429 V MediaHTTP: [MediaHTTP::readAt()] offset:33480527, size:65536
01-22 11:34:33.262   115 12429 V MediaHTTP: [MediaHTTP::readAt()] numBytesRead:65536
01-22 11:34:33.262   115 12429 V NuCachedSource2: onFetch
01-22 11:34:33.262   115 12429 V NuCachedSource2: [fetchInternal] mCacheOffset:27057999, totalSize:6488064
01-22 11:34:33.262   115 12429 V MediaHTTP: [MediaHTTP::readAt()] offset:33546063, size:65536
01-22 11:34:33.273   115 12429 V MediaHTTP: [MediaHTTP::readAt()] numBytesRead:65536
01-22 11:34:33.273   115 12429 V NuCachedSource2: onFetch
01-22 11:34:33.273   115 12429 V NuCachedSource2: [fetchInternal] mCacheOffset:27057999, totalSize:6553600
01-22 11:34:33.273   115 12429 V MediaHTTP: [MediaHTTP::readAt()] offset:33611599, size:65536
01-22 11:34:33.282  1260  5204 E TIMER   : 1729.584 ****** ERROR TIMER   external          common/src/Timer.cc:1146      |  0x102c
01-22 11:34:33.282  1260  5204 E TIMER   : 1729.584 ****** ERROR TIMER   external          common/src/Timer.cc:1146      |  0x102c
01-22 11:34:33.283   115 12429 V MediaHTTP: [MediaHTTP::readAt()] numBytesRead:65536
01-22 11:34:33.283   115 12429 V NuCachedSource2: onFetch
01-22 11:34:33.283   115 12429 V NuCachedSource2: [fetchInternal] mCacheOffset:27057999, totalSize:6619136
01-22 11:34:33.283   115 12429 V MediaHTTP: [MediaHTTP::readAt()] offset:33677135, size:65536
01-22 11:34:33.300   115 12429 V MediaHTTP: [MediaHTTP::readAt()] numBytesRead:65536
01-22 11:34:33.301   115 12429 V NuCachedSource2: onFetch
01-22 11:34:33.301   115 12429 V NuCachedSource2: [fetchInternal] mCacheOffset:27057999, totalSize:6684672
01-22 11:34:33.301   115 12429 V MediaHTTP: [MediaHTTP::readAt()] offset:33742671, size:65536
01-22 11:34:33.315   115 12429 V MediaHTTP: [MediaHTTP::readAt()] numBytesRead:65536
01-22 11:34:33.315   115 12429 V NuCachedSource2: onFetch
01-22 11:34:33.315   115 12429 V NuCachedSource2: [fetchInternal] mCacheOffset:27057999, totalSize:6750208
01-22 11:34:33.317   115 12429 V MediaHTTP: [MediaHTTP::readAt()] offset:33808207, size:65536
01-22 11:34:33.325   588   780 I LgTvWindowManager: interceptKeyBeforeQueueing keyCode=1100022 down=true repeatCount=0 keyguardOn=false mHomePressed=false canceled=false deviceId=1
01-22 11:34:33.330   588   780 I AutoStandByManager: AUTO_STANDBY : Last key in time = 1940627
01-22 11:34:33.330   588   780 I AutoStandByManager: isFastbootKeyProcessEnabled enter
01-22 11:34:33.332   588   780 I AutoStandByManager: iFastbootKeyProcessEnabled/tmp/fastboot_key_process is not existed
01-22 11:34:33.335   588   780 I AutoStandByManager: isFastbootKeyProcessEnabled leave, ret = false
01-22 11:34:33.357   588   779 I LgTvWindowManager: interceptKeyBeforeDispatching keyCode=1100022 down=true repeatCount=0 keyguardOn=false mHomePressed=false canceled=false
01-22 11:34:33.357   588   779 I AutoStandByManager: AUTO_STANDBY : Last key in time = 1940660
01-22 11:34:33.357   588   779 I AutoStandByManager: isFastbootKeyProcessEnabled enter
01-22 11:34:33.358   588   779 I AutoStandByManager: iFastbootKeyProcessEnabled/tmp/fastboot_key_process is not existed
01-22 11:34:33.358   588   779 I AutoStandByManager: isFastbootKeyProcessEnabled leave, ret = false
01-22 11:34:33.372   588   779 I LgTvWindowManager: [hg2_log][ex_in]  Current Status : OpticalModeOFF
01-22 11:34:33.372   588   779 I LgTvWindowManager: [hg2_log][ex_in]  Current Status : BTModeOFF
01-22 11:34:33.409  2121  2121 I chromium: [2121:2121:INFO:metrics_util.cc(102)] Metrics stat: total=0
01-22 11:34:33.412   423   574 I IPTV_FLOG: DDI_GFX_InputEventHandler, key_symbol: CUSTOM28(0xf51c), from: IR
01-22 11:34:33.412   423   574 D Iptv-UI : [hg2_log][ex_in][UI_IsOpticalWinExist] External Input Mode gHG2CurrentStatus[0]  0:TVG,1:Optical,2:Bluetooth
01-22 11:34:33.418   423   573 D NATIVEUI-LGE-LIBSTBAPP: _UI_MainHandler: UI_GetFocus() returned wid(0), msg(16)
01-22 11:34:33.418   423   573 D NATIVEUI-LGE-LIBSTBAPP: [UI] UI_GlobalKeyHandler: Handle KEYCODE[0xda0f]
01-22 11:34:33.418   423   573 D NATIVEUI-LGE-LIBSTBAPP: [UI] _UI_MainLoop> _UI_MainHandler UI_MSG_KEY[0xda0f] handle OK.
01-22 11:34:33.436 12287 12312 W MediaHTTPConnection: readAt 33864079 / 9664 => java.net.ProtocolException: unexpected end of stream
01-22 11:34:33.436   115 12429 E IMediaHTTPConnection: requested 9664, got 4294966286
01-22 11:34:33.437 12287 12430 W Parcel  : **** enforceInterface() expected 'android.media.IMediaHTTPConnection' but read 'com.lge.media.IMediaHTTPConnectionEx'
01-22 11:34:33.475   588   779 W ContextImpl: Calling a method in the system process without a qualified user: android.app.ContextImpl.startService:1692 com.android.internal.policy.impl.LgTvWindowManager.startHotKeyService:1223 com.android.internal.policy.impl.LgTvWindowManager.interceptKeyBeforeDispatching:711 com.android.server.wm.InputMonitor.interceptKeyBeforeDispatching:388 com.android.server.input.InputManagerService.interceptKeyBeforeDispatching:1510 
01-22 11:34:33.484   588   780 I LgTvWindowManager: interceptKeyBeforeQueueing keyCode=1100022 down=false repeatCount=0 keyguardOn=false mHomePressed=false canceled=false deviceId=1
01-22 11:34:33.484   588   780 I AutoStandByManager: AUTO_STANDBY : Last key in time = 1940787
01-22 11:34:33.484   588   780 I AutoStandByManager: isFastbootKeyProcessEnabled enter
01-22 11:34:33.485   588   780 I AutoStandByManager: iFastbootKeyProcessEnabled/tmp/fastboot_key_process is not existed
01-22 11:34:33.485   588   780 I AutoStandByManager: isFastbootKeyProcessEnabled leave, ret = false
01-22 11:34:33.485   423   574 D Iptv-UI : [hg2_log][ex_in][UI_IsOpticalWinExist] External Input Mode gHG2CurrentStatus[0]  0:TVG,1:Optical,2:Bluetooth
01-22 11:34:33.534   115 12429 E NuCachedSource2: source returned error -1008, 9 retries left
01-22 11:34:33.615  1557  1709 E FC-CCI  : [FC-CCI][ERROR] UDP read timeout(3000ms) [UdpReader]
01-22 11:34:33.615  1557  1709 E FC-CCI  : [FC-CCI][INFO ] /LGU_data/UP/FCC_ON_OFF.0 update skipped (current=0, update=0) [CciContext]
01-22 11:34:33.642   588   779 I ActivityManager: Start proc 12609:com.lguplus.iptv3.base.hotkey/u0a51 for service com.lguplus.iptv3.base.hotkey/.HotKeyService
01-22 11:34:33.642   588   779 I LgTvWindowManager: interceptKeyBeforeDispatching keyCode=1100022 down=false repeatCount=0 keyguardOn=false mHomePressed=false canceled=false
01-22 11:34:33.642   588   779 I AutoStandByManager: AUTO_STANDBY : Last key in time = 1940945
01-22 11:34:33.642   588   779 I AutoStandByManager: isFastbootKeyProcessEnabled enter
01-22 11:34:33.643   588   779 I AutoStandByManager: iFastbootKeyProcessEnabled/tmp/fastboot_key_process is not existed
01-22 11:34:33.643   588   779 I AutoStandByManager: isFastbootKeyProcessEnabled leave, ret = false
01-22 11:34:33.643   588   779 I LgTvWindowManager: [hg2_log][ex_in]  Current Status : OpticalModeOFF
01-22 11:34:33.643   588   779 I LgTvWindowManager: [hg2_log][ex_in]  Current Status : BTModeOFF
01-22 11:34:33.643   588   779 D InputDispatcher: [ windowHandle] Waiting for Window{b56645e u0 com.lguplus.iptv3.familychannel/com.lguplus.iptv3.familychannel.activity.MainActivity} timeout : 10000000000
01-22 11:34:33.659  1075  1075 I #LGIME  : ### RCU Name : Infra-Red
01-22 11:34:33.665  1075  1075 I #LGIME  : onKeyDown: keyCode=1100022, RCU Input = 0, evnet=KeyEvent { action=ACTION_DOWN, keyCode=1100022, scanCode=700, metaState=0, flags=0x8, repeatCount=0, eventTime=1940618, downTime=1940618, deviceId=1, source=0x701 }, getKeyChar = 0
01-22 11:34:33.666  1075  1075 I #LGIME  : ### Bypass KeyEvent : 1100022
01-22 11:34:33.718 12287 12287 D LgTvPhoneFallbackEventHandler: >>>> onKeyDown: 1100022
01-22 11:34:33.744   474   474 I cpusvc  : [restore_max_freq] max freq gonna restore to: 1200000
01-22 11:34:33.782 12287 12287 D LgTvPhoneFallbackEventHandler: >>>> onKeyUp: 1100022 IsCurationYoutube = false PackageName = com.lguplus.iptv3.familychannel
01-22 11:34:33.842 12609 12609 I ActivityThread: Switching default density from 320 to 213
01-22 11:34:33.863 12609 12609 W ResourcesManager: Asset path '/system/framework/com.lge.iptv.jar' does not exist or contains no resources.
01-22 11:34:34.078 12609 12609 V ETC-PINEONE-SETTINGMANAGER: [SettingManager] getInstance()[81] >> SettingManager getInstance !!!
01-22 11:34:34.102 12609 12609 E ETC-PINEONE-HOTKEY: [HotKeyService$PackageInstallReceiver] init()[2291] >> BrHotkey Init
01-22 11:34:34.114 12609 12609 I ETC-PINEONE-HOTKEY: [HotKeyService] onStartCommand()[288] >> HOT KEY onStartCommand
01-22 11:34:34.147  1260 12632 E UDP     : 1730.449 ****** ERROR UDP     PumpThread        ...outer/UDPTransport.cc:1490 |  0x9038
01-22 11:34:34.149 12609 12609 D ETC-PINEONE-SETTINGMANAGER: [GetILgIptvShmRemote] onBindIptvRemote()[54] >> call onBindIptvRemote!!!! 
01-22 11:34:34.165 12609 12609 D ETC-PINEONE-SETTINGMANAGER: [GetILgIptvShmRemote] onBindIptvRemote()[62] >> onBindIptvRemote!!!! return true
01-22 11:34:34.167 12609 12609 D ETC-PINEONE-SETTINGMANAGER: [GetILgIptvShmRemote$1] onServiceConnected()[92] >> onServiceconnected
01-22 11:34:34.183 12609 12609 D ETC-PINEONE-SETTINGMANAGER: [GetILgIptvShmRemote$1] onServiceConnected()[94] >> mILgIptvShmRemotecom.lge.sys.ILgIptvShmRemote$Stub$Proxy@15092a2f
01-22 11:34:34.196  1325  1343 D SYS-LGE-IptvShmService: MAC address = 9893.cc27.35f7
01-22 11:34:34.237  1325  1342 D SYS-LGE-IptvShmService: SubscriberNo = M16011800006
01-22 11:34:34.249  1325  1343 D SYS-LGE-IptvShmService: RegionCode = 061|063|062
01-22 11:34:34.252  1325  2739 I SYS-LGE-IptvShmService: get pvs event =null
01-22 11:34:34.267 12609 12609 D ETC-PINEONE-HOTKEY: [HotKeyService] startCommand()[2160] >> HOT KEY startCommnand
01-22 11:34:34.289 12609 12609 I ETC-PINEONE-HOTKEY: [HotKeyService] startCommand()[2176] >> HOTKEY| HOT KEY START TYPE : 20004
01-22 11:34:34.295  1325  1342 D SYS-LGE-IptvShmService: recentTasks className  = com.lguplus.iptv3.familychannel.activity.MainActivity
01-22 11:34:34.296   588   886 D ActivityManager: getRunningAppProcesses: caller 10051 is using old GET_TASKS but privileged; allowing
01-22 11:34:34.336 12609 12609 D ETC-PINEONE-HOTKEY: [HotKeyService] processUplusHome()[1574] >> [CSY][U+HOME] Current Top Activity name is com.lguplus.iptv3.familychannel.activity.MainActivity
01-22 11:34:34.352 12609 12609 D ETC-PINEONE-HOTKEY: [HotKeyService] processUplusHome()[1620] >> [CSY][COLLECTION][U+HOME] Current Top Package name is com.lguplus.iptv3.familychannel
01-22 11:34:34.353   588  1184 D ActivityManager: getRunningAppProcesses: caller 10051 is using old GET_TASKS but privileged; allowing
01-22 11:34:34.364  1325  1343 D SYS-LGE-IptvShmService: recentTasks className  = com.lguplus.iptv3.familychannel.activity.MainActivity
01-22 11:34:34.366 12609 12609 D ETC-PINEONE-HOTKEY: [HotKeyService] checkPurchase()[1346] >> topActivityName : com.lguplus.iptv3.familychannel.activity.MainActivity
01-22 11:34:34.367 12609 12609 D ETC-PINEONE-HOTKEY: [HotKeyService] checkPurchase()[1370] >> checkPurchase : false
01-22 11:34:34.378   651   651 D LIVE-LGE-XCHECKER: startCrossCheck:140, stream err: 0, pcr err: 0, max_check_count: 30
01-22 11:34:34.543   423   703 D LIVE-LGE-IptvService: readUserPreference
01-22 11:34:34.549   423   703 D LIVE-LGE-Interface: LGU_readUserPreference() : /LGU_data/UP/SIGHT_PROTECT.1 file does not exist
01-22 11:34:34.549   423   703 D LIVE-LGE-Interface: LGU_readUserPreference(SIGHT_PROTECT, 1) SUCCESS
01-22 11:34:34.552 12609 12609 D LIVE-LGE-JNI: readUP: 0th PrefValue : onKids
01-22 11:34:34.569 12609 12609 D LIVE-LGE-JNI: Java_com_lge_iptv_IptvSystem_setNightShift(0)
01-22 11:34:34.570 12609 12609 I         : setEyeCare ++: OnOff(0)
01-22 11:34:34.570   423   745 I LIVE-LGE-IptvService:  setEyeCare:OnOff(0)
01-22 11:34:34.570   423   745 D NATIVEUI-LGE-LIBSTBAPP: [EyeCare] UI_Set_EyeCareOnOff: bOn : 0
01-22 11:34:34.570   423   745 D         : SysUI isEnabledView 1
01-22 11:34:34.570   423   745 D         : SysUI createMsgbox
01-22 11:34:34.576 12609 12609 I         : setEyeCare: retStat(0)
01-22 11:34:34.576 12609 12609 I         : setEyeCare: retStat(0)
01-22 11:34:34.577 12609 12609 D ETC-PINEONE-HOTKEY: [HotKeyService] processUplusHome()[1694] >> [CSY][COLLECTION][U+HOME] VIEW_CURR is ETC00
01-22 11:34:34.587   588  1272 I ActivityManager: START u0 {act=android.intent.action.MAIN flg=0x10200000 cmp=com.lguplus.iptv3.base.launcher/.HomeActivity (has extras)} from uid 10051 app com.lguplus.iptv3.base.hotkey class null on display 0
01-22 11:34:34.587   423   423 D LIVE-LGE-IptvService: readUserPreference
01-22 11:34:34.587   423   423 D LIVE-LGE-Interface: LGU_readUserPreference() : /LGU_data/UP/SVC_ACTIVATION1.1 file does not exist
01-22 11:34:34.587   423   423 D LIVE-LGE-Interface: LGU_readUserPreference(SVC_ACTIVATION1, 1) SUCCESS
01-22 11:34:34.588  5490  5490 D LIVE-LGE-JNI: readUP: 0th PrefValue : 1911
01-22 11:34:34.734  5490 12637 D ETC-PINEONE-SETTINGMANAGER: [SettingManager] getSaId()[650] >> mStb_Id = M16011800006
01-22 11:34:34.734  5490 12637 D ETC-PINEONE-SETTINGMANAGER: [SettingManager] getMacAdd()[665] >> mMac_Addr = M16011800006
01-22 11:34:34.736   588  1272 W ResourcesManager: Asset path '/system/framework/com.lge.iptv.jar' does not exist or contains no resources.
01-22 11:34:34.763   423  2844 D LIVE-LGE-IptvService: readUserPreference
01-22 11:34:34.764   423  2844 D LIVE-LGE-Interface: LGU_readUserPreference() : /LGU_data/UP/FW_VERSION.1 file does not exist
01-22 11:34:34.764   423  2844 D LIVE-LGE-Interface: LGU_readUserPreference(FW_VERSION, 1) SUCCESS
01-22 11:34:34.764  5490 12637 D LIVE-LGE-JNI: readUP: 0th PrefValue : 20180103_V.04.55.1610
01-22 11:34:34.777   423  2843 D LIVE-LGE-IptvService: readUserPreference
01-22 11:34:34.777   423  2843 D LIVE-LGE-Interface: LGU_readUserPreference() : /LGU_data/UP/NETWORK_TYPE.0 file does not exist
01-22 11:34:34.777   423  2843 E LIVE-LGE-Interface: LGU_readUserPreference(NETWORK_TYPE) FAIL
01-22 11:34:34.778   423   703 D LIVE-LGE-IptvService: readUserPreference
01-22 11:34:34.778   423   703 D LIVE-LGE-Interface: LGU_readUserPreference() : /LGU_data/UP/PVS_RETURN_STRING.1 file does not exist
01-22 11:34:34.778   423   703 D LIVE-LGE-Interface: LGU_readUserPreference(PVS_RETURN_STRING, 1) SUCCESS
01-22 11:34:34.779  5490 12637 D LIVE-LGE-JNI: readUP: 0th PrefValue : M16011800006182.223.73.164:1554182.223.73.164:1554182.223.73.164:155402config_305300000_201712151206.zip.enc3649Y79D605E169B4BADFA49C022E7B10ADFC061|063|062NN36492|2|1
01-22 11:34:34.780   423   745 D LIVE-LGE-IptvService: readUserPreference
01-22 11:34:34.780   423   745 D LIVE-LGE-Interface: LGU_readUserPreference() : /LGU_data/UP/NETWORK_TYPE.0 file does not exist
01-22 11:34:34.780   423   745 E LIVE-LGE-Interface: LGU_readUserPreference(NETWORK_TYPE) FAIL
01-22 11:34:34.781   423   423 D LIVE-LGE-IptvService: readUserPreference
01-22 11:34:34.782   423   423 D LIVE-LGE-Interface: LGU_readUserPreference() : /LGU_data/UP/PVS_RETURN_STRING.1 file does not exist
01-22 11:34:34.782   423   423 D LIVE-LGE-Interface: LGU_readUserPreference(PVS_RETURN_STRING, 1) SUCCESS
01-22 11:34:34.787  5490 12637 D LIVE-LGE-JNI: readUP: 0th PrefValue : M16011800006182.223.73.164:1554182.223.73.164:1554182.223.73.164:155402config_305300000_201712151206.zip.enc3649Y79D605E169B4BADFA49C022E7B10ADFC061|063|062NN36492|2|1
01-22 11:34:34.794   423  2844 D LIVE-LGE-IptvService: readUserPreference
01-22 11:34:34.794   423  2844 D LIVE-LGE-Interface: LGU_readUserPreference() : /LGU_data/UP/SERVER_CTC.1 file does not exist
01-22 11:34:34.794   423  2844 D LIVE-LGE-Interface: LGU_readUserPreference(SERVER_CTC, 1) SUCCESS
01-22 11:34:34.795  5490 12637 D LIVE-LGE-JNI: readUP: 0th PrefValue : 203.248.212.80:80
01-22 11:34:34.797   423  2843 D LIVE-LGE-IptvService: readUserPreference
01-22 11:34:34.797   423  2843 D LIVE-LGE-Interface: LGU_readUserPreference() : /LGU_data/UP/SERVER_CTC.1 file does not exist
01-22 11:34:34.797   423  2843 D LIVE-LGE-Interface: LGU_readUserPreference(SERVER_CTC, 1) SUCCESS
01-22 11:34:34.797  5490 12637 D LIVE-LGE-JNI: readUP: 0th PrefValue : 203.248.212.80:80
01-22 11:34:34.943   423   703 D LIVE-LGE-IptvService: readUserPreference
01-22 11:34:34.943   423   703 D LIVE-LGE-Interface: LGU_readUserPreference() : /LGU_data/UP/SERVER_CTC.1 file does not exist
01-22 11:34:34.943   423   703 D LIVE-LGE-Interface: LGU_readUserPreference(SERVER_CTC, 1) SUCCESS
01-22 11:34:34.943  5490 12637 D LIVE-LGE-JNI: readUP: 0th PrefValue : 203.248.212.80:80
01-22 11:34:34.944   423   745 D LIVE-LGE-IptvService: readUserPreference
01-22 11:34:34.945   423   745 D LIVE-LGE-Interface: LGU_readUserPreference() : /LGU_data/UP/HOME_AGREE.1 file does not exist
01-22 11:34:34.945   423   745 D LIVE-LGE-Interface: LGU_readUserPreference(HOME_AGREE, 1) SUCCESS
01-22 11:34:34.945  5490 12637 D LIVE-LGE-JNI: readUP: 0th PrefValue : Y
01-22 11:34:34.970  5490 12637 D ETC-PINEONE-COLLECTION: [Agent_CollectionService$1] run()[241] >> [sendCollectionLog] send collection param: {"service_name":"iptv","detail_1":"ACTION","detail_2":"etc","log_type":["01","02"],"log":"SEQ_ID=2018012211343468196601724|LOG_TIME=20180122113434|LOG_TYPE=IPTV|SID=M16011800006|RESULT_CODE=20000000|REQ_TIME=20180122113434681|RES_TIME=20180122113434681|CLIENT_IP=192.168.219.102|DEV_INFO=STB|OS_INFO=android_5.1|NW_INFO=LAN|SVC_NAME=IPTV_NXT17|DEV_MODEL=LAP250U|CARRIER_TYPE=L|SESSION_ID=|ONEID_EMAIL=|CTN=|APP_EXE_PATH=1|FIRMWARE_VER=20180103_V.04.55.1610|MAC_ADDR=9893.cc27.35f7|CELLID=|ACT_START=HOME|ACT_TARGET=AHM08|ACT_TARGET_DTL=T004|VIEW_CURR=ETC00|VIEW_CURR_DTL=|VIEW_CURR_CONTS=|ACT_DTL1=|ACT_DTL2=|ACT_DTL3=|ACT_DTL4=|ACT_DTL5=|ACT_DTL6=|ACT_DTL7=|AGREE_YN=Y|R1=|R2=|R3=|R4=|R5=|"}
01-22 11:34:34.970  5490 12637 I ETC-PINEONE-COLLECTION: [Agent_CollectionService$1] run()[242] >> [sendCollectionLog] send collection url: http://203.248.212.80:80/trafficapi/traffic/trafficlog
01-22 11:34:35.051   588  1272 V WindowManager: addAppToken: AppWindowToken{c55d140 token=Token{18a8f4c3 ActivityRecord{3aba3872 u0 com.lguplus.iptv3.base.launcher/.HomeActivity t5}}} to stack=0 task=5 at 0
01-22 11:34:35.235   588  1238 W art     : Long monitor contention event with owner method=int com.android.server.am.ActivityStackSupervisor.startActivityMayWait(android.app.IApplicationThread, int, java.lang.String, android.content.Intent, java.lang.String, android.service.voice.IVoiceInteractionSession, com.android.internal.app.IVoiceInteractor, android.os.IBinder, java.lang.String, int, int, android.app.ProfilerInfo, android.app.IActivityManager$WaitResult, android.content.res.Configuration, android.os.Bundle, int, android.app.IActivityContainer, com.android.server.am.TaskRecord) from ActivityStackSupervisor.java:865 waiters=0 for 475ms
01-22 11:34:35.256  5490 12282 D ETC-PINEONE-COLLECTION: [Agent_CollectionService$3] onResponse()[511] >> 
01-22 11:34:35.263 12287 12287 D LGU-APP-LOG: [MiniEpgFragmentMain] onPause()[359] >> [MiniEpgFragmentMain] MiniEpg onPause()
01-22 11:34:35.265 12287 12287 D LGU-APP-LOG: [MiniEpgFragmentMain] onPause()[361] >> [MiniEpgFragmentMain] MiniEpg != View.INVISIBLE
01-22 11:34:35.274 12287 12287 D LGU-APP-LOG: [MiniEpgFragmentMain] cancelRemoveTimer()[1680] >> [MiniEpgFragmentMain] cancelRemoveTimer
01-22 11:34:36.211   588   603 I art     : Background sticky concurrent mark sweep GC freed 16987(1691KB) AllocSpace objects, 5(190KB) LOS objects, 10% free, 14MB/16MB, paused 85.776ms total 368.367ms
01-22 11:34:36.534   115 12429 V NuCachedSource2: onFetch
01-22 11:34:36.534   115 12429 V NuCachedSource2: [fetchInternal] mCacheOffset:27057999, totalSize:6750208
01-22 11:34:36.534   115 12429 E NuCachedSource2: [fetchInternal] mNumRetriesLeft:9
01-22 11:34:36.534   115 12429 V MediaHTTP: [MediaHTTP::reconnectAtOffset()] offset:33808207
01-22 11:34:36.536   115 12429 V MediaHTTP: MediaHTTP::connect()
01-22 11:34:36.661   115 12429 V MediaHTTP: [MediaHTTP::readAt()] offset:33808207, size:65536
01-22 11:34:36.716  1557  1709 E FC-CCI  : [FC-CCI][ERROR] UDP read timeout(3000ms) [UdpReader]
01-22 11:34:36.723  1557  1709 E FC-CCI  : [FC-CCI][INFO ] /LGU_data/UP/FCC_ON_OFF.0 update skipped (current=0, update=0) [CciContext]
01-22 11:34:36.907   474   474 I cpusvc  : [reduce_max_freq] max freq gonna reduce to: 1000000
01-22 11:34:37.550  4165  4165 I ETC-PINEONE-LAUNCHER: [HomeActivity] onCreate()[173] >> [UplusHome] onCreate()
01-22 11:34:37.729   115 12429 V MediaHTTP: [MediaHTTP::readAt()] numBytesRead:65536
01-22 11:34:37.729   115 12429 I NuCachedSource2: retrying a previously failed read succeeded.
01-22 11:34:37.731   115 12429 V NuCachedSource2: onFetch
01-22 11:34:37.731   115 12429 V NuCachedSource2: [fetchInternal] mCacheOffset:27057999, totalSize:6815744
01-22 11:34:37.731   115 12429 V MediaHTTP: [MediaHTTP::readAt()] offset:33873743, size:65536
01-22 11:34:37.783   115 12429 V MediaHTTP: [MediaHTTP::readAt()] numBytesRead:65536
01-22 11:34:37.783   115 12429 V NuCachedSource2: onFetch
01-22 11:34:37.783   115 12429 V NuCachedSource2: [fetchInternal] mCacheOffset:27057999, totalSize:6881280
01-22 11:34:37.783   115 12429 V MediaHTTP: [MediaHTTP::readAt()] offset:33939279, size:65536
01-22 11:34:37.832   115 12429 V MediaHTTP: [MediaHTTP::readAt()] numBytesRead:65536
01-22 11:34:37.833   115 12429 V NuCachedSource2: onFetch
01-22 11:34:37.833   115 12429 V NuCachedSource2: [fetchInternal] mCacheOffset:27057999, totalSize:6946816
01-22 11:34:37.833   115 12429 V MediaHTTP: [MediaHTTP::readAt()] offset:34004815, size:65536
01-22 11:34:37.867   115 12429 V MediaHTTP: [MediaHTTP::readAt()] numBytesRead:65536
01-22 11:34:37.868   115 12429 V NuCachedSource2: onFetch
01-22 11:34:37.868   115 12429 V NuCachedSource2: [fetchInternal] mCacheOffset:27057999, totalSize:7012352
01-22 11:34:37.868   115 12429 V MediaHTTP: [MediaHTTP::readAt()] offset:34070351, size:65536
01-22 11:34:37.892   115 12429 V MediaHTTP: [MediaHTTP::readAt()] numBytesRead:65536
01-22 11:34:37.892   115 12429 V NuCachedSource2: onFetch
01-22 11:34:37.892   115 12429 V NuCachedSource2: [fetchInternal] mCacheOffset:27057999, totalSize:7077888
01-22 11:34:37.892   115 12429 V MediaHTTP: [MediaHTTP::readAt()] offset:34135887, size:65536
01-22 11:34:37.916   115 12429 V MediaHTTP: [MediaHTTP::readAt()] numBytesRead:65536
01-22 11:34:37.916   115 12429 V NuCachedSource2: onFetch
01-22 11:34:37.916   115 12429 V NuCachedSource2: [fetchInternal] mCacheOffset:27057999, totalSize:7143424
01-22 11:34:37.916   115 12429 V MediaHTTP: [MediaHTTP::readAt()] offset:34201423, size:65536
01-22 11:34:37.971   115 12429 V MediaHTTP: [MediaHTTP::readAt()] numBytesRead:65536
01-22 11:34:37.971   115 12429 V NuCachedSource2: onFetch
01-22 11:34:37.977   115 12429 V NuCachedSource2: [fetchInternal] mCacheOffset:27057999, totalSize:7208960
01-22 11:34:37.977   115 12429 V MediaHTTP: [MediaHTTP::readAt()] offset:34266959, size:65536
01-22 11:34:38.021   115 12429 V MediaHTTP: [MediaHTTP::readAt()] numBytesRead:65536
01-22 11:34:38.021   115 12429 V NuCachedSource2: onFetch
01-22 11:34:38.022   115 12429 V NuCachedSource2: [fetchInternal] mCacheOffset:27057999, totalSize:7274496
01-22 11:34:38.022   115 12429 V MediaHTTP: [MediaHTTP::readAt()] offset:34332495, size:65536
01-22 11:34:38.050   115 12429 V MediaHTTP: [MediaHTTP::readAt()] numBytesRead:65536
01-22 11:34:38.050   115 12429 V NuCachedSource2: onFetch
01-22 11:34:38.050   115 12429 V NuCachedSource2: [fetchInternal] mCacheOffset:27057999, totalSize:7340032
01-22 11:34:38.050   115 12429 V MediaHTTP: [MediaHTTP::readAt()] offset:34398031, size:65536
01-22 11:34:38.089   115 12429 V MediaHTTP: [MediaHTTP::readAt()] numBytesRead:65536
01-22 11:34:38.089   115 12429 V NuCachedSource2: onFetch
01-22 11:34:38.089   115 12429 V NuCachedSource2: [fetchInternal] mCacheOffset:27057999, totalSize:7405568
01-22 11:34:38.089   115 12429 V MediaHTTP: [MediaHTTP::readAt()] offset:34463567, size:65536
01-22 11:34:38.134   115 12429 V MediaHTTP: [MediaHTTP::readAt()] numBytesRead:65536
01-22 11:34:38.134   115 12429 V NuCachedSource2: onFetch
01-22 11:34:38.134   115 12429 V NuCachedSource2: [fetchInternal] mCacheOffset:27057999, totalSize:7471104
01-22 11:34:38.134   115 12429 V MediaHTTP: [MediaHTTP::readAt()] offset:34529103, size:65536
01-22 11:34:38.178   115 12429 V MediaHTTP: [MediaHTTP::readAt()] numBytesRead:65536
01-22 11:34:38.179   115 12429 V NuCachedSource2: onFetch
01-22 11:34:38.179   115 12429 V NuCachedSource2: [fetchInternal] mCacheOffset:27057999, totalSize:7536640
01-22 11:34:38.179   115 12429 V MediaHTTP: [MediaHTTP::readAt()] offset:34594639, size:65536
01-22 11:34:38.204   115 12429 V MediaHTTP: [MediaHTTP::readAt()] numBytesRead:65536
01-22 11:34:38.204   115 12429 V NuCachedSource2: onFetch
01-22 11:34:38.204   115 12429 V NuCachedSource2: [fetchInternal] mCacheOffset:27057999, totalSize:7602176
01-22 11:34:38.204   115 12429 V MediaHTTP: [MediaHTTP::readAt()] offset:34660175, size:65536
01-22 11:34:38.268   115 12429 V MediaHTTP: [MediaHTTP::readAt()] numBytesRead:65536
01-22 11:34:38.268   115 12429 V NuCachedSource2: onFetch
01-22 11:34:38.268   115 12429 V NuCachedSource2: [fetchInternal] mCacheOffset:27057999, totalSize:7667712
01-22 11:34:38.268   115 12429 V MediaHTTP: [MediaHTTP::readAt()] offset:34725711, size:65536
01-22 11:34:38.317   115 12429 V MediaHTTP: [MediaHTTP::readAt()] numBytesRead:65536
01-22 11:34:38.317   115 12429 V NuCachedSource2: onFetch
01-22 11:34:38.317   115 12429 V NuCachedSource2: [fetchInternal] mCacheOffset:27057999, totalSize:7733248
01-22 11:34:38.317   115 12429 V MediaHTTP: [MediaHTTP::readAt()] offset:34791247, size:65536
01-22 11:34:38.344   115 12429 V MediaHTTP: [MediaHTTP::readAt()] numBytesRead:65536
01-22 11:34:38.344   115 12429 V NuCachedSource2: onFetch
01-22 11:34:38.344   115 12429 V NuCachedSource2: [fetchInternal] mCacheOffset:27057999, totalSize:7798784
01-22 11:34:38.344   115 12429 V MediaHTTP: [MediaHTTP::readAt()] offset:34856783, size:65536
01-22 11:34:38.384   115 12429 V MediaHTTP: [MediaHTTP::readAt()] numBytesRead:65536
01-22 11:34:38.385   115 12429 V NuCachedSource2: onFetch
01-22 11:34:38.385   115 12429 V NuCachedSource2: [fetchInternal] mCacheOffset:27057999, totalSize:7864320
01-22 11:34:38.385   115 12429 V MediaHTTP: [MediaHTTP::readAt()] offset:34922319, size:65536
01-22 11:34:38.409   423   423 D LIVE-LGE-IptvService: readUserPreference
01-22 11:34:38.415   115 12429 V MediaHTTP: [MediaHTTP::readAt()] numBytesRead:65536
01-22 11:34:38.416   423   423 D LIVE-LGE-Interface: LGU_readUserPreference() : /LGU_data/UP/LASTCHANNEL.1 file does not exist
01-22 11:34:38.416   423   423 D LIVE-LGE-Interface: LGU_readUserPreference(LASTCHANNEL, 1) SUCCESS
01-22 11:34:38.416   115 12429 V NuCachedSource2: onFetch
01-22 11:34:38.416   115 12429 V NuCachedSource2: [fetchInternal] mCacheOffset:27057999, totalSize:7929856
01-22 11:34:38.416   115 12429 V MediaHTTP: [MediaHTTP::readAt()] offset:34987855, size:65536
01-22 11:34:38.434  4184  4200 D LIVE-LGE-JNI: readUP: 0th PrefValue : 1096
01-22 11:34:38.470   115 12429 V MediaHTTP: [MediaHTTP::readAt()] numBytesRead:65536
01-22 11:34:38.470   115 12429 V NuCachedSource2: onFetch
01-22 11:34:38.470   115 12429 V NuCachedSource2: [fetchInternal] mCacheOffset:27057999, totalSize:7995392
01-22 11:34:38.470   115 12429 V MediaHTTP: [MediaHTTP::readAt()] offset:35053391, size:65536
01-22 11:34:38.499   115 12429 V MediaHTTP: [MediaHTTP::readAt()] numBytesRead:65536
01-22 11:34:38.499   115 12429 V NuCachedSource2: onFetch
01-22 11:34:38.499   115 12429 V NuCachedSource2: [fetchInternal] mCacheOffset:27057999, totalSize:8060928
01-22 11:34:38.499   115 12429 V MediaHTTP: [MediaHTTP::readAt()] offset:35118927, size:65536
01-22 11:34:38.561   115 12429 V MediaHTTP: [MediaHTTP::readAt()] numBytesRead:65536
01-22 11:34:38.561   115 12429 V NuCachedSource2: onFetch
01-22 11:34:38.561   115 12429 V NuCachedSource2: [fetchInternal] mCacheOffset:27057999, totalSize:8126464
01-22 11:34:38.561   115 12429 V MediaHTTP: [MediaHTTP::readAt()] offset:35184463, size:65536
01-22 11:34:38.621   115 12429 V MediaHTTP: [MediaHTTP::readAt()] numBytesRead:65536
01-22 11:34:38.621   115 12429 V NuCachedSource2: onFetch
01-22 11:34:38.621   115 12429 V NuCachedSource2: [fetchInternal] mCacheOffset:27057999, totalSize:8192000
01-22 11:34:38.621   115 12429 V MediaHTTP: [MediaHTTP::readAt()] offset:35249999, size:65536
01-22 11:34:38.652   115 12429 V MediaHTTP: [MediaHTTP::readAt()] numBytesRead:65536
01-22 11:34:38.652   115 12429 V NuCachedSource2: onFetch
01-22 11:34:38.652   115 12429 V NuCachedSource2: [fetchInternal] mCacheOffset:27057999, totalSize:8257536
01-22 11:34:38.652   115 12429 V MediaHTTP: [MediaHTTP::readAt()] offset:35315535, size:65536
01-22 11:34:38.707   115 12429 V MediaHTTP: [MediaHTTP::readAt()] numBytesRead:65536
01-22 11:34:38.707   115 12429 V NuCachedSource2: onFetch
01-22 11:34:38.707   115 12429 V NuCachedSource2: [fetchInternal] mCacheOffset:27057999, totalSize:8323072
01-22 11:34:38.707   115 12429 V MediaHTTP: [MediaHTTP::readAt()] offset:35381071, size:65536
01-22 11:34:38.741   115 12429 V MediaHTTP: [MediaHTTP::readAt()] numBytesRead:65536
01-22 11:34:38.741   115 12429 V NuCachedSource2: onFetch
01-22 11:34:38.742   115 12429 V NuCachedSource2: [fetchInternal] mCacheOffset:27057999, totalSize:8388608
01-22 11:34:38.742   115 12429 V MediaHTTP: [MediaHTTP::readAt()] offset:35446607, size:65536
01-22 11:34:38.978   115 12429 V MediaHTTP: [MediaHTTP::readAt()] numBytesRead:65536
01-22 11:34:38.978   115 12429 V NuCachedSource2: onFetch
01-22 11:34:38.978   115 12429 V NuCachedSource2: [fetchInternal] mCacheOffset:27057999, totalSize:8454144
01-22 11:34:38.979   115 12429 V MediaHTTP: [MediaHTTP::readAt()] offset:35512143, size:65536
01-22 11:34:39.000   115 12429 V MediaHTTP: [MediaHTTP::readAt()] numBytesRead:65536
01-22 11:34:39.000   115 12429 V NuCachedSource2: onFetch
01-22 11:34:39.001   115 12429 V NuCachedSource2: [fetchInternal] mCacheOffset:27057999, totalSize:8519680
01-22 11:34:39.001   115 12429 V MediaHTTP: [MediaHTTP::readAt()] offset:35577679, size:65536
01-22 11:34:39.029   115 12429 V MediaHTTP: [MediaHTTP::readAt()] numBytesRead:65536
01-22 11:34:39.029   115 12429 V NuCachedSource2: onFetch
01-22 11:34:39.029   115 12429 V NuCachedSource2: [fetchInternal] mCacheOffset:27057999, totalSize:8585216
01-22 11:34:39.029   115 12429 V MediaHTTP: [MediaHTTP::readAt()] offset:35643215, size:65536
01-22 11:34:39.047   115 12429 V MediaHTTP: [MediaHTTP::readAt()] numBytesRead:65536
01-22 11:34:39.048   115 12429 V NuCachedSource2: onFetch
01-22 11:34:39.048   115 12429 V NuCachedSource2: [fetchInternal] mCacheOffset:27057999, totalSize:8650752
01-22 11:34:39.048   115 12429 V MediaHTTP: [MediaHTTP::readAt()] offset:35708751, size:65536
01-22 11:34:39.081   115 12429 V MediaHTTP: [MediaHTTP::readAt()] numBytesRead:65536
01-22 11:34:39.081   115 12429 V NuCachedSource2: onFetch
01-22 11:34:39.081   115 12429 V NuCachedSource2: [fetchInternal] mCacheOffset:27057999, totalSize:8716288
01-22 11:34:39.082   115 12429 V MediaHTTP: [MediaHTTP::readAt()] offset:35774287, size:65536
01-22 11:34:39.181   115 12429 V MediaHTTP: [MediaHTTP::readAt()] numBytesRead:65536
01-22 11:34:39.181   115 12429 V NuCachedSource2: onFetch
01-22 11:34:39.181   115 12429 V NuCachedSource2: [fetchInternal] mCacheOffset:27057999, totalSize:8781824
01-22 11:34:39.181   115 12429 V MediaHTTP: [MediaHTTP::readAt()] offset:35839823, size:65536
01-22 11:34:39.217   115 12429 V MediaHTTP: [MediaHTTP::readAt()] numBytesRead:65536
01-22 11:34:39.217   115 12429 V NuCachedSource2: onFetch
01-22 11:34:39.217   115 12429 V NuCachedSource2: [fetchInternal] mCacheOffset:27057999, totalSize:8847360
01-22 11:34:39.217   115 12429 V MediaHTTP: [MediaHTTP::readAt()] offset:35905359, size:65536
01-22 11:34:39.239   115 12429 V MediaHTTP: [MediaHTTP::readAt()] numBytesRead:65536
01-22 11:34:39.239   115 12429 V NuCachedSource2: onFetch
01-22 11:34:39.239   115 12429 V NuCachedSource2: [fetchInternal] mCacheOffset:27057999, totalSize:8912896
01-22 11:34:39.239   115 12429 V MediaHTTP: [MediaHTTP::readAt()] offset:35970895, size:65536
01-22 11:34:39.261   115 12429 V MediaHTTP: [MediaHTTP::readAt()] numBytesRead:65536
01-22 11:34:39.261   115 12429 V NuCachedSource2: onFetch
01-22 11:34:39.262   115 12429 V NuCachedSource2: [fetchInternal] mCacheOffset:27057999, totalSize:8978432
01-22 11:34:39.262   115 12429 V MediaHTTP: [MediaHTTP::readAt()] offset:36036431, size:65536
01-22 11:34:39.303   115 12429 V MediaHTTP: [MediaHTTP::readAt()] numBytesRead:65536
01-22 11:34:39.303   115 12429 V NuCachedSource2: onFetch
01-22 11:34:39.303   115 12429 V NuCachedSource2: [fetchInternal] mCacheOffset:27057999, totalSize:9043968
01-22 11:34:39.303   115 12429 V MediaHTTP: [MediaHTTP::readAt()] offset:36101967, size:65536
01-22 11:34:39.386   115 12429 V MediaHTTP: [MediaHTTP::readAt()] numBytesRead:65536
01-22 11:34:39.386   115 12429 V NuCachedSource2: onFetch
01-22 11:34:39.386   115 12429 V NuCachedSource2: [fetchInternal] mCacheOffset:27057999, totalSize:9109504
01-22 11:34:39.386   115 12429 V MediaHTTP: [MediaHTTP::readAt()] offset:36167503, size:65536
01-22 11:34:39.438   115 12429 V MediaHTTP: [MediaHTTP::readAt()] numBytesRead:65536
01-22 11:34:39.438   115 12429 V NuCachedSource2: onFetch
01-22 11:34:39.438   115 12429 V NuCachedSource2: [fetchInternal] mCacheOffset:27057999, totalSize:9175040
01-22 11:34:39.438   115 12429 V MediaHTTP: [MediaHTTP::readAt()] offset:36233039, size:65536
01-22 11:34:39.489   115 12429 V MediaHTTP: [MediaHTTP::readAt()] numBytesRead:65536
01-22 11:34:39.490   115 12429 V NuCachedSource2: onFetch
01-22 11:34:39.490   115 12429 V NuCachedSource2: [fetchInternal] mCacheOffset:27057999, totalSize:9240576
01-22 11:34:39.490   115 12429 V MediaHTTP: [MediaHTTP::readAt()] offset:36298575, size:65536
01-22 11:34:39.534   115 12429 V MediaHTTP: [MediaHTTP::readAt()] numBytesRead:65536
01-22 11:34:39.534   115 12429 V NuCachedSource2: onFetch
01-22 11:34:39.534   115 12429 V NuCachedSource2: [fetchInternal] mCacheOffset:27057999, totalSize:9306112
01-22 11:34:39.534   115 12429 V MediaHTTP: [MediaHTTP::readAt()] offset:36364111, size:65536
01-22 11:34:39.562   115 12429 V MediaHTTP: [MediaHTTP::readAt()] numBytesRead:65536
01-22 11:34:39.562   115 12429 V NuCachedSource2: onFetch
01-22 11:34:39.562   115 12429 V NuCachedSource2: [fetchInternal] mCacheOffset:27057999, totalSize:9371648
01-22 11:34:39.562   115 12429 V MediaHTTP: [MediaHTTP::readAt()] offset:36429647, size:65536
01-22 11:34:39.620   115 12429 V MediaHTTP: [MediaHTTP::readAt()] numBytesRead:65536
01-22 11:34:39.620   115 12429 V NuCachedSource2: onFetch
01-22 11:34:39.620   115 12429 V NuCachedSource2: [fetchInternal] mCacheOffset:27057999, totalSize:9437184
01-22 11:34:39.620   115 12429 V MediaHTTP: [MediaHTTP::readAt()] offset:36495183, size:65536
01-22 11:34:39.675   115 12429 V MediaHTTP: [MediaHTTP::readAt()] numBytesRead:65536
01-22 11:34:39.675   115 12429 V NuCachedSource2: onFetch
01-22 11:34:39.682   115 12429 V NuCachedSource2: [fetchInternal] mCacheOffset:27057999, totalSize:9502720
01-22 11:34:39.682   115 12429 V MediaHTTP: [MediaHTTP::readAt()] offset:36560719, size:65536
01-22 11:34:39.752   115 12429 V MediaHTTP: [MediaHTTP::readAt()] numBytesRead:65536
01-22 11:34:39.754   115 12429 V NuCachedSource2: onFetch
01-22 11:34:39.754   115 12429 V NuCachedSource2: [fetchInternal] mCacheOffset:27057999, totalSize:9568256
01-22 11:34:39.754   115 12429 V MediaHTTP: [MediaHTTP::readAt()] offset:36626255, size:65536
01-22 11:34:39.819   651   651 D LIVE-LGE-XCHECKER: startCrossCheck:140, stream err: 0, pcr err: 0, max_check_count: 30
01-22 11:34:39.828   115 12429 V MediaHTTP: [MediaHTTP::readAt()] numBytesRead:65536
01-22 11:34:39.828   115 12429 V NuCachedSource2: onFetch
01-22 11:34:39.828   115 12429 V NuCachedSource2: [fetchInternal] mCacheOffset:27057999, totalSize:9633792
01-22 11:34:39.828   115 12429 V MediaHTTP: [MediaHTTP::readAt()] offset:36691791, size:65536
01-22 11:34:39.863   115 12429 V MediaHTTP: [MediaHTTP::readAt()] numBytesRead:65536
01-22 11:34:39.864   115 12429 V NuCachedSource2: onFetch
01-22 11:34:39.864   115 12429 V NuCachedSource2: [fetchInternal] mCacheOffset:27057999, totalSize:9699328
01-22 11:34:39.864   115 12429 V MediaHTTP: [MediaHTTP::readAt()] offset:36757327, size:65536
01-22 11:34:39.893   115 12429 V MediaHTTP: [MediaHTTP::readAt()] numBytesRead:65536
01-22 11:34:39.893   115 12429 V NuCachedSource2: onFetch
01-22 11:34:39.893   115 12429 V NuCachedSource2: [fetchInternal] mCacheOffset:27057999, totalSize:9764864
01-22 11:34:39.894   115 12429 V MediaHTTP: [MediaHTTP::readAt()] offset:36822863, size:65536
01-22 11:34:39.937   115 12429 V MediaHTTP: [MediaHTTP::readAt()] numBytesRead:65536
01-22 11:34:39.937   115 12429 V NuCachedSource2: onFetch
01-22 11:34:39.937   115 12429 V NuCachedSource2: [fetchInternal] mCacheOffset:27057999, totalSize:9830400
01-22 11:34:39.937   115 12429 V MediaHTTP: [MediaHTTP::readAt()] offset:36888399, size:65536
01-22 11:34:39.971   115 12429 V MediaHTTP: [MediaHTTP::readAt()] numBytesRead:65536
01-22 11:34:39.972   115 12429 V NuCachedSource2: onFetch
01-22 11:34:39.972   115 12429 V NuCachedSource2: [fetchInternal] mCacheOffset:27057999, totalSize:9895936
01-22 11:34:39.972   115 12429 V MediaHTTP: [MediaHTTP::readAt()] offset:36953935, size:65536
01-22 11:34:40.062   115 12429 V MediaHTTP: [MediaHTTP::readAt()] numBytesRead:65536
01-22 11:34:40.062   115 12429 V NuCachedSource2: onFetch
01-22 11:34:40.063   115 12429 V NuCachedSource2: [fetchInternal] mCacheOffset:27057999, totalSize:9961472
01-22 11:34:40.063   115 12429 V MediaHTTP: [MediaHTTP::readAt()] offset:37019471, size:65536
01-22 11:34:40.128   115 12429 V MediaHTTP: [MediaHTTP::readAt()] numBytesRead:65536
01-22 11:34:40.128   115 12429 V NuCachedSource2: onFetch
01-22 11:34:40.128   115 12429 V NuCachedSource2: [fetchInternal] mCacheOffset:27057999, totalSize:10027008
01-22 11:34:40.128   115 12429 V MediaHTTP: [MediaHTTP::readAt()] offset:37085007, size:65536
01-22 11:34:40.182   115 12429 V MediaHTTP: [MediaHTTP::readAt()] numBytesRead:65536
01-22 11:34:40.182   115 12429 V NuCachedSource2: onFetch
01-22 11:34:40.182   115 12429 V NuCachedSource2: [fetchInternal] mCacheOffset:27057999, totalSize:10092544
01-22 11:34:40.183   115 12429 V MediaHTTP: [MediaHTTP::readAt()] offset:37150543, size:65536
01-22 11:34:40.201   115 12429 V MediaHTTP: [MediaHTTP::readAt()] numBytesRead:65536
01-22 11:34:40.202   115 12429 V NuCachedSource2: onFetch
01-22 11:34:40.202   115 12429 V NuCachedSource2: [fetchInternal] mCacheOffset:27057999, totalSize:10158080
01-22 11:34:40.202   115 12429 V MediaHTTP: [MediaHTTP::readAt()] offset:37216079, size:65536
01-22 11:34:40.250   115 12429 V MediaHTTP: [MediaHTTP::readAt()] numBytesRead:65536
01-22 11:34:40.250   115 12429 V NuCachedSource2: onFetch
01-22 11:34:40.250   115 12429 V NuCachedSource2: [fetchInternal] mCacheOffset:27057999, totalSize:10223616
01-22 11:34:40.250   115 12429 V MediaHTTP: [MediaHTTP::readAt()] offset:37281615, size:65536
01-22 11:34:40.252  1557  1709 E FC-CCI  : [FC-CCI][ERROR] UDP read timeout(3000ms) [UdpReader]
01-22 11:34:40.309   115 12429 V MediaHTTP: [MediaHTTP::readAt()] numBytesRead:65536
01-22 11:34:40.309   115 12429 V NuCachedSource2: onFetch
01-22 11:34:40.309   115 12429 V NuCachedSource2: [fetchInternal] mCacheOffset:27057999, totalSize:10289152
01-22 11:34:40.309   115 12429 V MediaHTTP: [MediaHTTP::readAt()] offset:37347151, size:65536
01-22 11:34:40.334   115 12429 V MediaHTTP: [MediaHTTP::readAt()] numBytesRead:65536
01-22 11:34:40.334   115 12429 V NuCachedSource2: onFetch
01-22 11:34:40.335   115 12429 V NuCachedSource2: [fetchInternal] mCacheOffset:27057999, totalSize:10354688
01-22 11:34:40.335   115 12429 V MediaHTTP: [MediaHTTP::readAt()] offset:37412687, size:65536
01-22 11:34:40.403   115 12429 V MediaHTTP: [MediaHTTP::readAt()] numBytesRead:65536
01-22 11:34:40.404   115 12429 V NuCachedSource2: onFetch
01-22 11:34:40.404   115 12429 V NuCachedSource2: [fetchInternal] mCacheOffset:27057999, totalSize:10420224
01-22 11:34:40.407   115 12429 V MediaHTTP: [MediaHTTP::readAt()] offset:37478223, size:65536
01-22 11:34:40.455   115 12429 V MediaHTTP: [MediaHTTP::readAt()] numBytesRead:65536
01-22 11:34:40.456   115 12429 V NuCachedSource2: onFetch
01-22 11:34:40.456   115 12429 V NuCachedSource2: [fetchInternal] mCacheOffset:27057999, totalSize:10485760
01-22 11:34:40.456   115 12429 V MediaHTTP: [MediaHTTP::readAt()] offset:37543759, size:65536
01-22 11:34:40.478   115 12429 V MediaHTTP: [MediaHTTP::readAt()] numBytesRead:65536
01-22 11:34:40.480   115 12429 V NuCachedSource2: onFetch
01-22 11:34:40.480   115 12429 V NuCachedSource2: [fetchInternal] mCacheOffset:27057999, totalSize:10551296
01-22 11:34:40.481   115 12429 V MediaHTTP: [MediaHTTP::readAt()] offset:37609295, size:65536
01-22 11:34:40.512   115 12429 V MediaHTTP: [MediaHTTP::readAt()] numBytesRead:65536
01-22 11:34:40.512   115 12429 V NuCachedSource2: onFetch
01-22 11:34:40.512   115 12429 V NuCachedSource2: [fetchInternal] mCacheOffset:27057999, totalSize:10616832
01-22 11:34:40.512   115 12429 V MediaHTTP: [MediaHTTP::readAt()] offset:37674831, size:65536
01-22 11:34:40.534   115 12429 V MediaHTTP: [MediaHTTP::readAt()] numBytesRead:65536
01-22 11:34:40.534   115 12429 V NuCachedSource2: onFetch
01-22 11:34:40.534   115 12429 V NuCachedSource2: [fetchInternal] mCacheOffset:27057999, totalSize:10682368
01-22 11:34:40.534   115 12429 V MediaHTTP: [MediaHTTP::readAt()] offset:37740367, size:65536
01-22 11:34:40.566   115 12429 V MediaHTTP: [MediaHTTP::readAt()] numBytesRead:65536
01-22 11:34:40.566   115 12429 V NuCachedSource2: onFetch
