01-24 17:07:12.674   629   896 I AutoStandByManager: isFastbootKeyProcessEnabled enter
01-24 17:07:12.674   629   896 I AutoStandByManager: iFastbootKeyProcessEnabled/tmp/fastboot_key_process is not existed
01-24 17:07:12.674   629   896 I AutoStandByManager: isFastbootKeyProcessEnabled leave, ret = false
01-24 17:07:12.676  1148  1148 D LgTvPhoneFallbackEventHandler: >>>> onKeyUp: 20 IsCurationYoutube = false PackageName = com.google.android.leanbacklauncher
01-24 17:07:13.468  1623  1698 E FC-CCI  : [FC-CCI][ERROR] UDP read timeout(3000ms) [UdpReader]
01-24 17:07:13.468  1623  1698 E FC-CCI  : [FC-CCI][INFO ] /LGU_data/UP/FCC_ON_OFF.0 update skipped (current=0, update=0) [CciContext]
01-24 17:07:14.355   471   471 I cpusvc  : [reduce_max_freq] max freq gonna reduce to: 1000000
01-24 17:07:15.261   612   612 D LIVE-LGE-XCHECKER: startCrossCheck:140, stream err: 0, pcr err: 0, max_check_count: 30
01-24 17:07:16.469  1623  1698 E FC-CCI  : [FC-CCI][ERROR] UDP read timeout(3000ms) [UdpReader]
01-24 17:07:16.469  1623  1698 E FC-CCI  : [FC-CCI][INFO ] /LGU_data/UP/FCC_ON_OFF.0 update skipped (current=0, update=0) [CciContext]
01-24 17:07:16.491   425  2781 D LIVE-LGE-IptvService: readUserPreference
01-24 17:07:16.491   425  2781 D LIVE-LGE-Interface: LGU_readUserPreference() : /LGU_data/UP/LASTCHANNEL.1 file does not exist
01-24 17:07:16.491   425  2781 D LIVE-LGE-Interface: LGU_readUserPreference(LASTCHANNEL, 1) SUCCESS
01-24 17:07:16.491 21617 21640 D LIVE-LGE-JNI: readUP: 0th PrefValue : 3697
01-24 17:07:16.495   629  1485 D ActivityManager: getTasks: caller 10031 is using old GET_TASKS but privileged; allowing
01-24 17:07:17.406   471   471 I cpusvc  : [restore_max_freq] max freq gonna restore to: 1200000
01-24 17:07:19.472  1623  1698 E FC-CCI  : [FC-CCI][ERROR] UDP read timeout(3000ms) [UdpReader]
01-24 17:07:19.472  1623  1698 E FC-CCI  : [FC-CCI][INFO ] /LGU_data/UP/FCC_ON_OFF.0 update skipped (current=0, update=0) [CciContext]
01-24 17:07:20.134  5308  5308 I art     : Explicit concurrent mark sweep GC freed 3372(163KB) AllocSpace objects, 0(0B) LOS objects, 32% free, 1063KB/1575KB, paused 271us total 17.901ms
01-24 17:07:20.262   612   612 D LIVE-LGE-XCHECKER: startCrossCheck:140, stream err: 0, pcr err: 0, max_check_count: 30
01-24 17:07:20.456   471   471 I cpusvc  : [reduce_max_freq] max freq gonna reduce to: 1000000
01-24 17:07:21.572 20757 20811 E TIMER   :  332.170 ****** ERROR TIMER   external          common/src/Timer.cc:1146      |  0x102c
01-24 17:07:21.572 20757 20811 E TIMER   :  332.170 ****** ERROR TIMER   external          common/src/Timer.cc:1146      |  0x102c
01-24 17:07:21.956  3779  8873 I AnypointAD - t.a.a.c.m.ServerMessageProcessorFactory: [101] received message from server: CueMessage
01-24 17:07:21.957  3779  8873 I AnypointAD - t.a.a.c.m.s.p.c.CueMessageProcessor: [42] got cueMessage. type: 0, cueId: 0, time: Wed Jan 24 17:07:29 GMT+09:00 2018, ppId: 499, time: 1516781249806, duration: 120000, owner: 1
01-24 17:07:21.963  3779  8873 I AnypointAD - t.a.a.c.s.CueManager: [174] currentDeviceChannel is not exist.
01-24 17:07:21.964  3779  8873 I AnypointAD - t.a.a.c.s.CueManager: [68] receive cue but this device is not available.
01-24 17:07:22.475  1623  1698 E FC-CCI  : [FC-CCI][ERROR] UDP read timeout(3000ms) [UdpReader]
01-24 17:07:22.476  1623  1698 E FC-CCI  : [FC-CCI][INFO ] /LGU_data/UP/FCC_ON_OFF.0 update skipped (current=0, update=0) [CciContext]
01-24 17:07:25.263   612   612 D LIVE-LGE-XCHECKER: startCrossCheck:140, stream err: 0, pcr err: 0, max_check_count: 30
01-24 17:07:25.477  1623  1698 E FC-CCI  : [FC-CCI][ERROR] UDP read timeout(3000ms) [UdpReader]
01-24 17:07:25.477  1623  1698 E FC-CCI  : [FC-CCI][INFO ] /LGU_data/UP/FCC_ON_OFF.0 update skipped (current=0, update=0) [CciContext]
01-24 17:07:25.777 17511 17511 I art     : Explicit concurrent mark sweep GC freed 371(27KB) AllocSpace objects, 0(0B) LOS objects, 11% free, 15MB/17MB, paused 448us total 44.987ms
01-24 17:07:26.241 21519 21519 D U+Box HomeShare: HomeShareReceiver [Receive Intent] Action : com.lguplus.iptv3.homesharestb.SERVICE.RESTART
01-24 17:07:26.241 21519 21519 D U+Box HomeShare: HomeShareReceiver Receive : INTENT_HOMESHARE_SERVICE_RESTART ( Service Started : true )
01-24 17:07:26.248   425  2658 D LIVE-LGE-IptvService: readUserPreference
01-24 17:07:26.248   425  2658 D LIVE-LGE-Interface: LGU_readUserPreference() : /LGU_data/UP/IPTV_ENABLED.1 file does not exist
01-24 17:07:26.248   425  2658 D LIVE-LGE-Interface: LGU_readUserPreference(IPTV_ENABLED, 1) SUCCESS
01-24 17:07:26.248 20492 20492 D LIVE-LGE-JNI: readUP: 0th PrefValue : true
01-24 17:07:26.256   629   645 W AlarmManager: Suspiciously short interval 30000 millis; expanding to 60 seconds
01-24 17:07:26.558   471   471 I cpusvc  : [restore_max_freq] max freq gonna restore to: 1200000
01-24 17:07:28.478  1623  1698 E FC-CCI  : [FC-CCI][ERROR] UDP read timeout(3000ms) [UdpReader]
01-24 17:07:28.478  1623  1698 E FC-CCI  : [FC-CCI][INFO ] /LGU_data/UP/FCC_ON_OFF.0 update skipped (current=0, update=0) [CciContext]
01-24 17:07:29.608   471   471 I cpusvc  : [reduce_max_freq] max freq gonna reduce to: 1000000
01-24 17:07:30.264   612   612 D LIVE-LGE-XCHECKER: startCrossCheck:140, stream err: 0, pcr err: 0, max_check_count: 30
01-24 17:07:31.313 20492 20492 I art     : Explicit concurrent mark sweep GC freed 1549(110KB) AllocSpace objects, 0(0B) LOS objects, 52% free, 458KB/970KB, paused 309us total 20.863ms
01-24 17:07:31.482  1623  1698 E FC-CCI  : [FC-CCI][ERROR] UDP read timeout(3000ms) [UdpReader]
01-24 17:07:31.482  1623  1698 E FC-CCI  : [FC-CCI][INFO ] /LGU_data/UP/FCC_ON_OFF.0 update skipped (current=0, update=0) [CciContext]
01-24 17:07:32.659   471   471 I cpusvc  : [restore_max_freq] max freq gonna restore to: 1200000
01-24 17:07:34.483  1623  1698 E FC-CCI  : [FC-CCI][ERROR] UDP read timeout(3000ms) [UdpReader]
01-24 17:07:34.484  1623  1698 E FC-CCI  : [FC-CCI][INFO ] /LGU_data/UP/FCC_ON_OFF.0 update skipped (current=0, update=0) [CciContext]
01-24 17:07:34.766   629   895 I AutoStandByManager: AUTO_STANDBY : AutoStandbyCheckTask started - curTime = 4204364 / lastKeyInTime = 4182272
01-24 17:07:34.767   629   895 I AutoStandByManager: AUTO_STANDBY : resetLastKeyInTimeInLiveClosedState() - Last key in time = 4204364
01-24 17:07:35.266   612   612 D LIVE-LGE-XCHECKER: startCrossCheck:140, stream err: 0, pcr err: 0, max_check_count: 30
01-24 17:07:36.585 20757 20811 E TIMER   :  347.182 ****** ERROR TIMER   external          common/src/Timer.cc:1146      |  0x102c
01-24 17:07:36.585 20757 20811 E TIMER   :  347.182 ****** ERROR TIMER   external          common/src/Timer.cc:1146      |  0x102c
01-24 17:07:37.485  1623  1698 E FC-CCI  : [FC-CCI][ERROR] UDP read timeout(3000ms) [UdpReader]
01-24 17:07:37.485  1623  1698 E FC-CCI  : [FC-CCI][INFO ] /LGU_data/UP/FCC_ON_OFF.0 update skipped (current=0, update=0) [CciContext]
01-24 17:07:37.946 20757 22735 E UDP     :  348.544 ****** ERROR UDP     PumpThread        ...outer/UDPTransport.cc:1490 |  0x9038
01-24 17:07:40.266   612   612 D LIVE-LGE-XCHECKER: startCrossCheck:140, stream err: 0, pcr err: 0, max_check_count: 30
01-24 17:07:40.487  1623  1698 E FC-CCI  : [FC-CCI][ERROR] UDP read timeout(3000ms) [UdpReader]
01-24 17:07:40.488  1623  1698 E FC-CCI  : [FC-CCI][INFO ] /LGU_data/UP/FCC_ON_OFF.0 update skipped (current=0, update=0) [CciContext]
01-24 17:07:41.812   471   471 I cpusvc  : [reduce_max_freq] max freq gonna reduce to: 1000000
01-24 17:07:42.562   629   797 W ProcessCpuTracker: Skipping unknown process pid 22749
01-24 17:07:43.489  1623  1698 E FC-CCI  : [FC-CCI][ERROR] UDP read timeout(3000ms) [UdpReader]
01-24 17:07:43.489  1623  1698 E FC-CCI  : [FC-CCI][INFO ] /LGU_data/UP/FCC_ON_OFF.0 update skipped (current=0, update=0) [CciContext]
01-24 17:07:45.267   612   612 D LIVE-LGE-XCHECKER: startCrossCheck:140, stream err: 0, pcr err: 0, max_check_count: 30
01-24 17:07:46.492  1623  1698 E FC-CCI  : [FC-CCI][ERROR] UDP read timeout(3000ms) [UdpReader]
01-24 17:07:46.497  1623  1698 E FC-CCI  : [FC-CCI][INFO ] /LGU_data/UP/FCC_ON_OFF.0 update skipped (current=0, update=0) [CciContext]
01-24 17:07:46.498   425   425 D LIVE-LGE-IptvService: readUserPreference
01-24 17:07:46.498   425   425 D LIVE-LGE-Interface: LGU_readUserPreference() : /LGU_data/UP/LASTCHANNEL.1 file does not exist
01-24 17:07:46.498   425   425 D LIVE-LGE-Interface: LGU_readUserPreference(LASTCHANNEL, 1) SUCCESS
01-24 17:07:46.500 21617 21633 D LIVE-LGE-JNI: readUP: 0th PrefValue : 3697
01-24 17:07:46.507   629  1440 D ActivityManager: getTasks: caller 10031 is using old GET_TASKS but privileged; allowing
01-24 17:07:47.913   471   471 I cpusvc  : [restore_max_freq] max freq gonna restore to: 1200000
01-24 17:07:49.340  3779  3779 I AnypointAD - t.a.a.c.s.MonitorScheduler: [56] start monitoring..
01-24 17:07:49.341  3779  9304 I AnypointAD - t.a.a.c.s.PushMsgClient: [179] connection: TCPNIOConnection{localSocketAddress={/192.168.219.106:36081}, peerSocketAddress={/13.124.41.119:31102}}, isConnected: true, lastReceivedTime: 1516781241955
01-24 17:07:49.343  3779  9304 I AnypointAD - t.a.a.c.s.PushMsgClient: [154] Sending device event: Heartbeat
01-24 17:07:49.346  3779  3779 I AnypointAD - t.a.a.c.s.MonitorScheduler: [84] register boot ad call alarm.
01-24 17:07:49.346  3779  3779 I AnypointAD - t.a.a.c.s.MonitorScheduler: [89] monitoring finished..
01-24 17:07:49.351  3779  8880 I AnypointAD - t.a.a.c.m.ServerMessageProcessorFactory: [101] received message from server: HeartbeatMessage
01-24 17:07:49.354  3779  3779 I AnypointAD - t.a.a.c.a.StartService: [15] StartService start...58, class tv.anypoint.android.core.app.StartService
01-24 17:07:49.501  1623  1698 E FC-CCI  : [FC-CCI][ERROR] UDP read timeout(3000ms) [UdpReader]
01-24 17:07:49.501  1623  1698 E FC-CCI  : [FC-CCI][INFO ] /LGU_data/UP/FCC_ON_OFF.0 update skipped (current=0, update=0) [CciContext]
01-24 17:07:50.268   612   612 D LIVE-LGE-XCHECKER: startCrossCheck:140, stream err: 0, pcr err: 0, max_check_count: 30
01-24 17:07:50.964   471   471 I cpusvc  : [reduce_max_freq] max freq gonna reduce to: 1000000
01-24 17:07:51.600 20757 20811 E TIMER   :  362.198 ****** ERROR TIMER   external          common/src/Timer.cc:1146      |  0x102c
01-24 17:07:51.600 20757 20811 E TIMER   :  362.198 ****** ERROR TIMER   external          common/src/Timer.cc:1146      |  0x102c
01-24 17:07:52.502  1623  1698 E FC-CCI  : [FC-CCI][ERROR] UDP read timeout(3000ms) [UdpReader]
01-24 17:07:52.502  1623  1698 E FC-CCI  : [FC-CCI][INFO ] /LGU_data/UP/FCC_ON_OFF.0 update skipped (current=0, update=0) [CciContext]
01-24 17:07:54.014   471   471 I cpusvc  : [restore_max_freq] max freq gonna restore to: 1200000
01-24 17:07:55.269   612   612 D LIVE-LGE-XCHECKER: startCrossCheck:140, stream err: 0, pcr err: 0, max_check_count: 30
01-24 17:07:55.505  1623  1698 E FC-CCI  : [FC-CCI][ERROR] UDP read timeout(3000ms) [UdpReader]
01-24 17:07:55.505  1623  1698 E FC-CCI  : [FC-CCI][INFO ] /LGU_data/UP/FCC_ON_OFF.0 update skipped (current=0, update=0) [CciContext]
01-24 17:07:58.332  1890  1890 I chromium: [1890:1890:INFO:metrics_util.cc(102)] Metrics stat: total=0
01-24 17:07:58.509  1623  1698 E FC-CCI  : [FC-CCI][ERROR] UDP read timeout(3000ms) [UdpReader]
01-24 17:07:58.509  1623  1698 E FC-CCI  : [FC-CCI][INFO ] /LGU_data/UP/FCC_ON_OFF.0 update skipped (current=0, update=0) [CciContext]
01-24 17:08:00.270   612   612 D LIVE-LGE-XCHECKER: startCrossCheck:140, stream err: 0, pcr err: 0, max_check_count: 30
01-24 17:08:01.512  1623  1698 E FC-CCI  : [FC-CCI][ERROR] UDP read timeout(3000ms) [UdpReader]
01-24 17:08:01.513  1623  1698 E FC-CCI  : [FC-CCI][INFO ] /LGU_data/UP/FCC_ON_OFF.0 update skipped (current=0, update=0) [CciContext]
01-24 17:08:03.166   471   471 I cpusvc  : [reduce_max_freq] max freq gonna reduce to: 1000000
01-24 17:08:04.516  1623  1698 E FC-CCI  : [FC-CCI][ERROR] UDP read timeout(3000ms) [UdpReader]
01-24 17:08:04.517  1623  1698 E FC-CCI  : [FC-CCI][INFO ] /LGU_data/UP/FCC_ON_OFF.0 update skipped (current=0, update=0) [CciContext]
01-24 17:08:05.270   612   612 D LIVE-LGE-XCHECKER: startCrossCheck:140, stream err: 0, pcr err: 0, max_check_count: 30
01-24 17:08:06.217   471   471 I cpusvc  : [restore_max_freq] max freq gonna restore to: 1200000
01-24 17:08:06.618 20757 20811 E TIMER   :  377.216 ****** ERROR TIMER   external          common/src/Timer.cc:1146      |  0x102c
01-24 17:08:06.618 20757 20811 E TIMER   :  377.216 ****** ERROR TIMER   external          common/src/Timer.cc:1146      |  0x102c
01-24 17:08:07.520  1623  1698 E FC-CCI  : [FC-CCI][ERROR] UDP read timeout(3000ms) [UdpReader]
01-24 17:08:07.520  1623  1698 E FC-CCI  : [FC-CCI][INFO ] /LGU_data/UP/FCC_ON_OFF.0 update skipped (current=0, update=0) [CciContext]
01-24 17:08:09.268   471   471 I cpusvc  : [reduce_max_freq] max freq gonna reduce to: 1000000
01-24 17:08:10.271   612   612 D LIVE-LGE-XCHECKER: startCrossCheck:140, stream err: 0, pcr err: 0, max_check_count: 30
01-24 17:08:10.524  1623  1698 E FC-CCI  : [FC-CCI][ERROR] UDP read timeout(3000ms) [UdpReader]
01-24 17:08:10.524  1623  1698 E FC-CCI  : [FC-CCI][INFO ] /LGU_data/UP/FCC_ON_OFF.0 update skipped (current=0, update=0) [CciContext]
01-24 17:08:12.855   629   795 I UsageStatsService: User[0] Flushing usage stats to disk
01-24 17:08:13.528  1623  1698 E FC-CCI  : [FC-CCI][ERROR] UDP read timeout(3000ms) [UdpReader]
01-24 17:08:13.528  1623  1698 E FC-CCI  : [FC-CCI][INFO ] /LGU_data/UP/FCC_ON_OFF.0 update skipped (current=0, update=0) [CciContext]
01-24 17:08:15.272   612   612 D LIVE-LGE-XCHECKER: startCrossCheck:140, stream err: 0, pcr err: 0, max_check_count: 30
01-24 17:08:15.369   471   471 I cpusvc  : [restore_max_freq] max freq gonna restore to: 1200000
01-24 17:08:16.412   425   770 D LIVE-LGE-CM: _QMSCallBack
01-24 17:08:16.412   425   770 D LIVE-LGE-CM: rtp err cnt = 0
01-24 17:08:16.445   425   770 D LIVE-LGE-NMS: strHave = eth0 strafter= (null)
01-24 17:08:16.445   425   770 D LIVE-LGE-NMS: Rxerror Dropped Overruns     string(0 0 0)  int(0 0 0)
01-24 17:08:16.445   425   770 D LIVE-LGE-CM: qmsCnt = 7
01-24 17:08:16.445   425   770 D LIVE-LGE-CM: _PrintQMSInfo 
01-24 17:08:16.445   425   770 D LIVE-LGE-CM: [QMS   ] pcrUnlock, rtpErrorCnt, noStreamError, notDecodingErr, ifconfigErr, ifconfigDropped (qmsCnt=7)
01-24 17:08:16.445   425   770 D LIVE-LGE-CM: [QMS  0] -1, -1, -1, -1, -1, -1 
01-24 17:08:16.445   425   770 D LIVE-LGE-CM: [QMS  1] -1, -1, -1, -1, -1, -1 
01-24 17:08:16.445   425   770 D LIVE-LGE-CM: [QMS  2] -1, -1, -1, -1, -1, -1 
01-24 17:08:16.445   425   770 D LIVE-LGE-CM: [QMS  3] -1, -1, -1, -1, -1, -1 
01-24 17:08:16.445   425   770 D LIVE-LGE-CM: [QMS  4] -1, -1, -1, -1, -1, -1 
01-24 17:08:16.445   425   770 D LIVE-LGE-CM: [QMS  5] 0, 0, 0, 0, 0, 0 
01-24 17:08:16.445   425   770 D LIVE-LGE-CM: [QMS  6] 0, 0, 0, 0, 0, 0 
01-24 17:08:16.445   425   770 D LIVE-LGE-CM: [QMS  7] 0, 0, 0, 0, 0, 0 
01-24 17:08:16.445   425   770 D LIVE-LGE-CM: [QMS  8] 0, 0, 0, 0, 0, 0 
01-24 17:08:16.445   425   770 D LIVE-LGE-CM: [QMS  9] 0, 0, 0, 0, 0, 0 
01-24 17:08:16.445   425   770 D LIVE-LGE-CM: [QMS 10] -1, -1, -1, -1, -1, -1 
01-24 17:08:16.445   425   770 D LIVE-LGE-CM: [QMS 11] -1, -1, -1, -1, -1, -1 
01-24 17:08:16.491   425   785 D LIVE-LGE-IptvService: readUserPreference
01-24 17:08:16.491   425   785 D LIVE-LGE-Interface: LGU_readUserPreference() : /LGU_data/UP/LASTCHANNEL.1 file does not exist
01-24 17:08:16.491   425   785 D LIVE-LGE-Interface: LGU_readUserPreference(LASTCHANNEL, 1) SUCCESS
01-24 17:08:16.492 21617 21640 D LIVE-LGE-JNI: readUP: 0th PrefValue : 3697
01-24 17:08:16.496   629  1485 D ActivityManager: getTasks: caller 10031 is using old GET_TASKS but privileged; allowing
01-24 17:08:16.531  1623  1698 E FC-CCI  : [FC-CCI][ERROR] UDP read timeout(3000ms) [UdpReader]
01-24 17:08:16.531  1623  1698 E FC-CCI  : [FC-CCI][INFO ] /LGU_data/UP/FCC_ON_OFF.0 update skipped (current=0, update=0) [CciContext]
01-24 17:08:18.420   471   471 I cpusvc  : [reduce_max_freq] max freq gonna reduce to: 1000000
01-24 17:08:19.536  1623  1698 E FC-CCI  : [FC-CCI][ERROR] UDP read timeout(3000ms) [UdpReader]
01-24 17:08:19.537  1623  1698 E FC-CCI  : [FC-CCI][INFO ] /LGU_data/UP/FCC_ON_OFF.0 update skipped (current=0, update=0) [CciContext]
01-24 17:08:20.273   612   612 D LIVE-LGE-XCHECKER: startCrossCheck:140, stream err: 0, pcr err: 0, max_check_count: 30
01-24 17:08:21.635 20757 20811 E TIMER   :  392.233 ****** ERROR TIMER   external          common/src/Timer.cc:1146      |  0x102c
01-24 17:08:21.635 20757 20811 E TIMER   :  392.233 ****** ERROR TIMER   external          common/src/Timer.cc:1146      |  0x102c
01-24 17:08:21.705   629   797 W ProcessCpuTracker: Skipping unknown process pid 22887
01-24 17:08:22.540  1623  1698 E FC-CCI  : [FC-CCI][ERROR] UDP read timeout(3000ms) [UdpReader]
01-24 17:08:22.541  1623  1698 E FC-CCI  : [FC-CCI][INFO ] /LGU_data/UP/FCC_ON_OFF.0 update skipped (current=0, update=0) [CciContext]
01-24 17:08:24.521   471   471 I cpusvc  : [restore_max_freq] max freq gonna restore to: 1200000
01-24 17:08:25.274   612   612 D LIVE-LGE-XCHECKER: startCrossCheck:140, stream err: 0, pcr err: 0, max_check_count: 30
01-24 17:08:25.544  1623  1698 E FC-CCI  : [FC-CCI][ERROR] UDP read timeout(3000ms) [UdpReader]
01-24 17:08:25.545  1623  1698 E FC-CCI  : [FC-CCI][INFO ] /LGU_data/UP/FCC_ON_OFF.0 update skipped (current=0, update=0) [CciContext]
01-24 17:08:26.306 21519 21519 D U+Box HomeShare: HomeShareReceiver [Receive Intent] Action : com.lguplus.iptv3.homesharestb.SERVICE.RESTART
01-24 17:08:26.306 21519 21519 D U+Box HomeShare: HomeShareReceiver Receive : INTENT_HOMESHARE_SERVICE_RESTART ( Service Started : true )
01-24 17:08:26.310   425  2780 D LIVE-LGE-IptvService: readUserPreference
01-24 17:08:26.310   425  2780 D LIVE-LGE-Interface: LGU_readUserPreference() : /LGU_data/UP/IPTV_ENABLED.1 file does not exist
01-24 17:08:26.310   425  2780 D LIVE-LGE-Interface: LGU_readUserPreference(IPTV_ENABLED, 1) SUCCESS
01-24 17:08:26.311 20492 20492 D LIVE-LGE-JNI: readUP: 0th PrefValue : true
01-24 17:08:26.314   629   644 W AlarmManager: Suspiciously short interval 30000 millis; expanding to 60 seconds
01-24 17:08:27.571   471   471 I cpusvc  : [reduce_max_freq] max freq gonna reduce to: 1000000
01-24 17:08:28.548  1623  1698 E FC-CCI  : [FC-CCI][ERROR] UDP read timeout(3000ms) [UdpReader]
01-24 17:08:28.549  1623  1698 E FC-CCI  : [FC-CCI][INFO ] /LGU_data/UP/FCC_ON_OFF.0 update skipped (current=0, update=0) [CciContext]
01-24 17:08:30.275   612   612 D LIVE-LGE-XCHECKER: startCrossCheck:140, stream err: 0, pcr err: 0, max_check_count: 30
01-24 17:08:30.622   471   471 I cpusvc  : [restore_max_freq] max freq gonna restore to: 1200000
01-24 17:08:31.552  1623  1698 E FC-CCI  : [FC-CCI][ERROR] UDP read timeout(3000ms) [UdpReader]
01-24 17:08:31.553  1623  1698 E FC-CCI  : [FC-CCI][INFO ] /LGU_data/UP/FCC_ON_OFF.0 update skipped (current=0, update=0) [CciContext]
01-24 17:08:33.673   471   471 I cpusvc  : [reduce_max_freq] max freq gonna reduce to: 1000000
01-24 17:08:34.556  1623  1698 E FC-CCI  : [FC-CCI][ERROR] UDP read timeout(3000ms) [UdpReader]
01-24 17:08:34.556  1623  1698 E FC-CCI  : [FC-CCI][INFO ] /LGU_data/UP/FCC_ON_OFF.0 update skipped (current=0, update=0) [CciContext]
01-24 17:08:34.766   629   895 I AutoStandByManager: AUTO_STANDBY : AutoStandbyCheckTask started - curTime = 4264364 / lastKeyInTime = 4204364
01-24 17:08:34.766   629   895 I AutoStandByManager: AUTO_STANDBY : resetLastKeyInTimeInLiveClosedState() - Last key in time = 4264364
01-24 17:08:35.276   612   612 D LIVE-LGE-XCHECKER: startCrossCheck:140, stream err: 0, pcr err: 0, max_check_count: 30
01-24 17:08:36.653 20757 20811 E TIMER   :  407.251 ****** ERROR TIMER   external          common/src/Timer.cc:1146      |  0x102c
01-24 17:08:36.653 20757 20811 E TIMER   :  407.251 ****** ERROR TIMER   external          common/src/Timer.cc:1146      |  0x102c
01-24 17:08:37.560  1623  1698 E FC-CCI  : [FC-CCI][ERROR] UDP read timeout(3000ms) [UdpReader]
01-24 17:08:37.561  1623  1698 E FC-CCI  : [FC-CCI][INFO ] /LGU_data/UP/FCC_ON_OFF.0 update skipped (current=0, update=0) [CciContext]
01-24 17:08:39.777   471   471 I cpusvc  : [restore_max_freq] max freq gonna restore to: 1200000
01-24 17:08:40.277   612   612 D LIVE-LGE-XCHECKER: startCrossCheck:140, stream err: 0, pcr err: 0, max_check_count: 30
01-24 17:08:40.562  1623  1698 E FC-CCI  : [FC-CCI][ERROR] UDP read timeout(3000ms) [UdpReader]
01-24 17:08:40.562  1623  1698 E FC-CCI  : [FC-CCI][INFO ] /LGU_data/UP/FCC_ON_OFF.0 update skipped (current=0, update=0) [CciContext]
01-24 17:08:42.828   471   471 I cpusvc  : [reduce_max_freq] max freq gonna reduce to: 1000000
01-24 17:08:43.566  1623  1698 E FC-CCI  : [FC-CCI][ERROR] UDP read timeout(3000ms) [UdpReader]
01-24 17:08:43.566  1623  1698 E FC-CCI  : [FC-CCI][INFO ] /LGU_data/UP/FCC_ON_OFF.0 update skipped (current=0, update=0) [CciContext]
01-24 17:08:45.278   612   612 D LIVE-LGE-XCHECKER: startCrossCheck:140, stream err: 0, pcr err: 0, max_check_count: 30
01-24 17:08:45.879   471   471 I cpusvc  : [restore_max_freq] max freq gonna restore to: 1200000
01-24 17:08:46.492   425  2781 D LIVE-LGE-IptvService: readUserPreference
01-24 17:08:46.493   425  2781 D LIVE-LGE-Interface: LGU_readUserPreference() : /LGU_data/UP/LASTCHANNEL.1 file does not exist
01-24 17:08:46.493   425  2781 D LIVE-LGE-Interface: LGU_readUserPreference(LASTCHANNEL, 1) SUCCESS
01-24 17:08:46.493 21617 21633 D LIVE-LGE-JNI: readUP: 0th PrefValue : 3697
01-24 17:08:46.501   629  1334 D ActivityManager: getTasks: caller 10031 is using old GET_TASKS but privileged; allowing
01-24 17:08:46.570  1623  1698 E FC-CCI  : [FC-CCI][ERROR] UDP read timeout(3000ms) [UdpReader]
01-24 17:08:46.570  1623  1698 E FC-CCI  : [FC-CCI][INFO ] /LGU_data/UP/FCC_ON_OFF.0 update skipped (current=0, update=0) [CciContext]
01-24 17:08:48.929   471   471 I cpusvc  : [reduce_max_freq] max freq gonna reduce to: 1000000
01-24 17:08:49.411  3779  3779 I AnypointAD - t.a.a.c.s.MonitorScheduler: [56] start monitoring..
01-24 17:08:49.415  3779  8814 I AnypointAD - t.a.a.c.s.PushMsgClient: [179] connection: TCPNIOConnection{localSocketAddress={/192.168.219.106:36081}, peerSocketAddress={/13.124.41.119:31102}}, isConnected: true, lastReceivedTime: 1516781269349
01-24 17:08:49.419  3779  8814 I AnypointAD - t.a.a.c.s.PushMsgClient: [154] Sending device event: Heartbeat
01-24 17:08:49.421  3779  3779 I AnypointAD - t.a.a.c.s.MonitorScheduler: [84] register boot ad call alarm.
01-24 17:08:49.422  3779  3779 I AnypointAD - t.a.a.c.s.MonitorScheduler: [89] monitoring finished..
01-24 17:08:49.428  3779  8879 I AnypointAD - t.a.a.c.m.ServerMessageProcessorFactory: [101] received message from server: HeartbeatMessage
01-24 17:08:49.429  3779  3779 I AnypointAD - t.a.a.c.a.StartService: [15] StartService start...59, class tv.anypoint.android.core.app.StartService
01-24 17:08:49.574  1623  1698 E FC-CCI  : [FC-CCI][ERROR] UDP read timeout(3000ms) [UdpReader]
01-24 17:08:49.574  1623  1698 E FC-CCI  : [FC-CCI][INFO ] /LGU_data/UP/FCC_ON_OFF.0 update skipped (current=0, update=0) [CciContext]
01-24 17:08:50.167   629   897 I LgTvWindowManager: interceptKeyBeforeQueueing keyCode=20 down=true repeatCount=0 keyguardOn=false mHomePressed=false canceled=false deviceId=3
01-24 17:08:50.167   629   897 I AutoStandByManager: AUTO_STANDBY : Last key in time = 4279764
01-24 17:08:50.167   629   897 I AutoStandByManager: isFastbootKeyProcessEnabled enter
01-24 17:08:50.167   629   897 I AutoStandByManager: iFastbootKeyProcessEnabled/tmp/fastboot_key_process is not existed
01-24 17:08:50.167   629   897 I AutoStandByManager: isFastbootKeyProcessEnabled leave, ret = false
01-24 17:08:50.167   425   583 I IPTV_FLOG: DDI_GFX_InputEventHandler, key_symbol: CURSOR_DOWN(0xf003), from: BT
01-24 17:08:50.168   425   582 D NATIVEUI-LGE-LIBSTBAPP: _UI_MainHandler: UI_GetFocus() returned wid(0), msg(16)
01-24 17:08:50.168   425   582 D NATIVEUI-LGE-LIBSTBAPP: [UI] UI_GlobalKeyHandler: Handle KEYCODE[0xda08]
01-24 17:08:50.168   425   582 D NATIVEUI-LGE-LIBSTBAPP: [UI] _UI_MainLoop> _UI_MainHandler UI_MSG_KEY[0xda08] handle OK.
01-24 17:08:50.168   629   896 I LgTvWindowManager: interceptKeyBeforeDispatching keyCode=20 down=true repeatCount=0 keyguardOn=false mHomePressed=false canceled=false
01-24 17:08:50.168   629   896 I AutoStandByManager: AUTO_STANDBY : Last key in time = 4279766
01-24 17:08:50.168   629   896 I AutoStandByManager: isFastbootKeyProcessEnabled enter
01-24 17:08:50.168   629   896 I AutoStandByManager: iFastbootKeyProcessEnabled/tmp/fastboot_key_process is not existed
01-24 17:08:50.168   629   896 I AutoStandByManager: isFastbootKeyProcessEnabled leave, ret = false
01-24 17:08:50.168   629   896 D LgTvWindowManager: <<================================== >> 
01-24 17:08:50.168   629   896 D LgTvWindowManager: << send finish event to farfield-App >> com.lguplus.iptv4.base.farfield
01-24 17:08:50.168   629   896 D LgTvWindowManager: <<================================== >> 
01-24 17:08:50.169   629   896 W ContextImpl: Calling a method in the system process without a qualified user: android.app.ContextImpl.sendBroadcast:1327 com.android.internal.policy.impl.LgTvWindowManager.interceptKeyBeforeDispatching:403 com.android.server.wm.InputMonitor.interceptKeyBeforeDispatching:388 com.android.server.input.InputManagerService.interceptKeyBeforeDispatching:1510 <bottom of call stack> 
01-24 17:08:50.170  1214  1214 I #LGIME  : ### RCU Name : LGU tvG2 RCU
01-24 17:08:50.170  1214  1214 I #LGIME  : onKeyDown: keyCode=20, RCU Input = 0, evnet=KeyEvent { action=ACTION_DOWN, keyCode=KEYCODE_DPAD_DOWN, scanCode=108, metaState=0, flags=0x8, repeatCount=0, eventTime=4279764, downTime=4279764, deviceId=3, source=0x701 }, getKeyChar = 0
01-24 17:08:50.170  1214  1214 I #LGIME  : ### bypass KeyEvent : 20
01-24 17:08:50.171  1393  1393 D ETC-PINEONE-FARFIELD: [FarFieldService$9] onReceive()[1958] >> [syk] mFinishReceiver -> action = com.lge.sys.FARFIELD_FINISH
01-24 17:08:50.172  1148  1148 D LgTvPhoneFallbackEventHandler: >>>> onKeyDown: 20
01-24 17:08:50.191  1214  1214 I #LGIME  : ### onFinishInput
01-24 17:08:50.192  1214  1214 I #LGIME  : ### onStartInput
01-24 17:08:50.195  1214  1214 I #LGIME  : ### updateRCU_Status()
01-24 17:08:50.195  1214  1214 I #LGIME  : ### saved inputMehtod : 0
01-24 17:08:50.198  1214  1214 I #LGIME  : ### device.getName() : LGU tvG2 RCU ,device.getBondState() : 12
01-24 17:08:50.200  1214  1214 I #LGIME  : ImsInputHangul.setMethod = 0
01-24 17:08:50.201  1214  1214 I #LGIME  : ### set Naratgeul
01-24 17:08:50.203  1214  1214 I #LGIME  : ### device.getName() : LGU tvG2 RCU HEADSET ,device.getBondState() : 12
01-24 17:08:50.204  1214  1214 I #LGIME  : ImsInputHangul.setMethod = 0
01-24 17:08:50.205  1214  1214 I #LGIME  : ### set Naratgeul
01-24 17:08:50.205  1214  1214 I #LGIME  : ### mRCU_Paired : 0
01-24 17:08:50.205  1214  1214 I #LGIME  : Editor Info input type is : 0
01-24 17:08:50.205  1214  1214 I #LGIME  : Editor Info input type class is : 0
01-24 17:08:50.208  1214  1214 I #LGIME  : ImsInputHangul.setMethod = 0
01-24 17:08:50.266   629   897 I LgTvWindowManager: interceptKeyBeforeQueueing keyCode=20 down=false repeatCount=0 keyguardOn=false mHomePressed=false canceled=false deviceId=3
01-24 17:08:50.267   629   897 I AutoStandByManager: AUTO_STANDBY : Last key in time = 4279864
01-24 17:08:50.267   629   897 I AutoStandByManager: isFastbootKeyProcessEnabled enter
01-24 17:08:50.267   629   897 I AutoStandByManager: iFastbootKeyProcessEnabled/tmp/fastboot_key_process is not existed
01-24 17:08:50.267   629   897 I AutoStandByManager: isFastbootKeyProcessEnabled leave, ret = false
01-24 17:08:50.267   629   896 I LgTvWindowManager: interceptKeyBeforeDispatching keyCode=20 down=false repeatCount=0 keyguardOn=false mHomePressed=false canceled=false
01-24 17:08:50.268   629   896 I AutoStandByManager: AUTO_STANDBY : Last key in time = 4279865
01-24 17:08:50.268   629   896 I AutoStandByManager: isFastbootKeyProcessEnabled enter
01-24 17:08:50.268   629   896 I AutoStandByManager: iFastbootKeyProcessEnabled/tmp/fastboot_key_process is not existed
01-24 17:08:50.268   629   896 I AutoStandByManager: isFastbootKeyProcessEnabled leave, ret = false
01-24 17:08:50.275  1148  1148 D LgTvPhoneFallbackEventHandler: >>>> onKeyUp: 20 IsCurationYoutube = false PackageName = com.google.android.leanbacklauncher
01-24 17:08:50.279   612   612 D LIVE-LGE-XCHECKER: startCrossCheck:140, stream err: 0, pcr err: 0, max_check_count: 30
01-24 17:08:51.006   425   583 I IPTV_FLOG: DDI_GFX_InputEventHandler, key_symbol: CURSOR_DOWN(0xf003), from: BT
01-24 17:08:51.006   629   897 I LgTvWindowManager: interceptKeyBeforeQueueing keyCode=20 down=true repeatCount=0 keyguardOn=false mHomePressed=false canceled=false deviceId=3
01-24 17:08:51.007   629   897 I AutoStandByManager: AUTO_STANDBY : Last key in time = 4280604
01-24 17:08:51.007   629   897 I AutoStandByManager: isFastbootKeyProcessEnabled enter
01-24 17:08:51.007   629   897 I AutoStandByManager: iFastbootKeyProcessEnabled/tmp/fastboot_key_process is not existed
01-24 17:08:51.007   629   897 I AutoStandByManager: isFastbootKeyProcessEnabled leave, ret = false
01-24 17:08:51.007   425   582 D NATIVEUI-LGE-LIBSTBAPP: _UI_MainHandler: UI_GetFocus() returned wid(0), msg(16)
01-24 17:08:51.007   425   582 D NATIVEUI-LGE-LIBSTBAPP: [UI] UI_GlobalKeyHandler: Handle KEYCODE[0xda08]
01-24 17:08:51.007   425   582 D NATIVEUI-LGE-LIBSTBAPP: [UI] _UI_MainLoop> _UI_MainHandler UI_MSG_KEY[0xda08] handle OK.
01-24 17:08:51.007   629   896 I LgTvWindowManager: interceptKeyBeforeDispatching keyCode=20 down=true repeatCount=0 keyguardOn=false mHomePressed=false canceled=false
01-24 17:08:51.007   629   896 I AutoStandByManager: AUTO_STANDBY : Last key in time = 4280605
01-24 17:08:51.007   629   896 I AutoStandByManager: isFastbootKeyProcessEnabled enter
01-24 17:08:51.008   629   896 I AutoStandByManager: iFastbootKeyProcessEnabled/tmp/fastboot_key_process is not existed
01-24 17:08:51.008   629   896 I AutoStandByManager: isFastbootKeyProcessEnabled leave, ret = false
01-24 17:08:51.008   629   896 D LgTvWindowManager: <<================================== >> 
01-24 17:08:51.008   629   896 D LgTvWindowManager: << send finish event to farfield-App >> com.lguplus.iptv4.base.farfield
01-24 17:08:51.008   629   896 D LgTvWindowManager: <<================================== >> 
01-24 17:08:51.008   629   896 W ContextImpl: Calling a method in the system process without a qualified user: android.app.ContextImpl.sendBroadcast:1327 com.android.internal.policy.impl.LgTvWindowManager.interceptKeyBeforeDispatching:403 com.android.server.wm.InputMonitor.interceptKeyBeforeDispatching:388 com.android.server.input.InputManagerService.interceptKeyBeforeDispatching:1510 <bottom of call stack> 
01-24 17:08:51.010  1214  1214 I #LGIME  : ### RCU Name : LGU tvG2 RCU
01-24 17:08:51.010  1214  1214 I #LGIME  : onKeyDown: keyCode=20, RCU Input = 0, evnet=KeyEvent { action=ACTION_DOWN, keyCode=KEYCODE_DPAD_DOWN, scanCode=108, metaState=0, flags=0x8, repeatCount=0, eventTime=4280604, downTime=4280604, deviceId=3, source=0x701 }, getKeyChar = 0
01-24 17:08:51.010  1214  1214 I #LGIME  : ### bypass KeyEvent : 20
01-24 17:08:51.010  1393  1393 D ETC-PINEONE-FARFIELD: [FarFieldService$9] onReceive()[1958] >> [syk] mFinishReceiver -> action = com.lge.sys.FARFIELD_FINISH
01-24 17:08:51.011  1148  1148 D LgTvPhoneFallbackEventHandler: >>>> onKeyDown: 20
01-24 17:08:51.032  1214  1214 I #LGIME  : ### onFinishInput
01-24 17:08:51.032  1214  1214 I #LGIME  : ### onStartInput
01-24 17:08:51.034  1214  1214 I #LGIME  : ### updateRCU_Status()
01-24 17:08:51.034  1214  1214 I #LGIME  : ### saved inputMehtod : 0
01-24 17:08:51.035  1214  1214 I #LGIME  : ### device.getName() : LGU tvG2 RCU ,device.getBondState() : 12
01-24 17:08:51.037  1214  1214 I #LGIME  : ImsInputHangul.setMethod = 0
01-24 17:08:51.037  1214  1214 I #LGIME  : ### set Naratgeul
01-24 17:08:51.039  1214  1214 I #LGIME  : ### device.getName() : LGU tvG2 RCU HEADSET ,device.getBondState() : 12
01-24 17:08:51.041  1214  1214 I #LGIME  : ImsInputHangul.setMethod = 0
01-24 17:08:51.041  1214  1214 I #LGIME  : ### set Naratgeul
01-24 17:08:51.041  1214  1214 I #LGIME  : ### mRCU_Paired : 0
01-24 17:08:51.041  1214  1214 I #LGIME  : Editor Info input type is : 0
01-24 17:08:51.041  1214  1214 I #LGIME  : Editor Info input type class is : 0
01-24 17:08:51.042  1214  1214 I #LGIME  : ImsInputHangul.setMethod = 0
01-24 17:08:51.117   629   897 I LgTvWindowManager: interceptKeyBeforeQueueing keyCode=20 down=false repeatCount=0 keyguardOn=false mHomePressed=false canceled=false deviceId=3
01-24 17:08:51.117   629   897 I AutoStandByManager: AUTO_STANDBY : Last key in time = 4280715
01-24 17:08:51.117   629   897 I AutoStandByManager: isFastbootKeyProcessEnabled enter
01-24 17:08:51.117   629   897 I AutoStandByManager: iFastbootKeyProcessEnabled/tmp/fastboot_key_process is not existed
01-24 17:08:51.117   629   897 I AutoStandByManager: isFastbootKeyProcessEnabled leave, ret = false
01-24 17:08:51.118   629   896 I LgTvWindowManager: interceptKeyBeforeDispatching keyCode=20 down=false repeatCount=0 keyguardOn=false mHomePressed=false canceled=false
01-24 17:08:51.118   629   896 I AutoStandByManager: AUTO_STANDBY : Last key in time = 4280716
01-24 17:08:51.118   629   896 I AutoStandByManager: isFastbootKeyProcessEnabled enter
01-24 17:08:51.118   629   896 I AutoStandByManager: iFastbootKeyProcessEnabled/tmp/fastboot_key_process is not existed
01-24 17:08:51.118   629   896 I AutoStandByManager: isFastbootKeyProcessEnabled leave, ret = false
01-24 17:08:51.124  1148  1148 D LgTvPhoneFallbackEventHandler: >>>> onKeyUp: 20 IsCurationYoutube = false PackageName = com.google.android.leanbacklauncher
01-24 17:08:51.587   425   583 I IPTV_FLOG: DDI_GFX_InputEventHandler, key_symbol: CURSOR_RIGHT(0xf001), from: BT
01-24 17:08:51.587   629   897 I LgTvWindowManager: interceptKeyBeforeQueueing keyCode=22 down=true repeatCount=0 keyguardOn=false mHomePressed=false canceled=false deviceId=3
01-24 17:08:51.587   629   897 I AutoStandByManager: AUTO_STANDBY : Last key in time = 4281185
01-24 17:08:51.587   629   897 I AutoStandByManager: isFastbootKeyProcessEnabled enter
01-24 17:08:51.587   425   582 D NATIVEUI-LGE-LIBSTBAPP: _UI_MainHandler: UI_GetFocus() returned wid(0), msg(16)
01-24 17:08:51.587   425   582 D NATIVEUI-LGE-LIBSTBAPP: [UI] UI_GlobalKeyHandler: Handle KEYCODE[0xda0a]
01-24 17:08:51.587   629   897 I AutoStandByManager: iFastbootKeyProcessEnabled/tmp/fastboot_key_process is not existed
01-24 17:08:51.587   425   582 D NATIVEUI-LGE-LIBSTBAPP: [UI] _UI_MainLoop> _UI_MainHandler UI_MSG_KEY[0xda0a] handle OK.
01-24 17:08:51.587   629   897 I AutoStandByManager: isFastbootKeyProcessEnabled leave, ret = false
01-24 17:08:51.588   629   896 I LgTvWindowManager: interceptKeyBeforeDispatching keyCode=22 down=true repeatCount=0 keyguardOn=false mHomePressed=false canceled=false
01-24 17:08:51.588   629   896 I AutoStandByManager: AUTO_STANDBY : Last key in time = 4281186
01-24 17:08:51.588   629   896 I AutoStandByManager: isFastbootKeyProcessEnabled enter
01-24 17:08:51.588   629   896 I AutoStandByManager: iFastbootKeyProcessEnabled/tmp/fastboot_key_process is not existed
01-24 17:08:51.588   629   896 I AutoStandByManager: isFastbootKeyProcessEnabled leave, ret = false
01-24 17:08:51.588   629   896 D LgTvWindowManager: <<================================== >> 
01-24 17:08:51.588   629   896 D LgTvWindowManager: << send finish event to farfield-App >> com.lguplus.iptv4.base.farfield
01-24 17:08:51.588   629   896 D LgTvWindowManager: <<================================== >> 
01-24 17:08:51.589   629   896 W ContextImpl: Calling a method in the system process without a qualified user: android.app.ContextImpl.sendBroadcast:1327 com.android.internal.policy.impl.LgTvWindowManager.interceptKeyBeforeDispatching:403 com.android.server.wm.InputMonitor.interceptKeyBeforeDispatching:388 com.android.server.input.InputManagerService.interceptKeyBeforeDispatching:1510 <bottom of call stack> 
01-24 17:08:51.589  1214  1214 I #LGIME  : ### RCU Name : LGU tvG2 RCU
01-24 17:08:51.589  1214  1214 I #LGIME  : onKeyDown: keyCode=22, RCU Input = 0, evnet=KeyEvent { action=ACTION_DOWN, keyCode=KEYCODE_DPAD_RIGHT, scanCode=106, metaState=0, flags=0x8, repeatCount=0, eventTime=4281184, downTime=4281184, deviceId=3, source=0x701 }, getKeyChar = 0
01-24 17:08:51.589  1214  1214 I #LGIME  : ### bypass KeyEvent : 22
01-24 17:08:51.590  1148  1148 D LgTvPhoneFallbackEventHandler: >>>> onKeyDown: 22
01-24 17:08:51.594  1393  1393 D ETC-PINEONE-FARFIELD: [FarFieldService$9] onReceive()[1958] >> [syk] mFinishReceiver -> action = com.lge.sys.FARFIELD_FINISH
01-24 17:08:51.603  1214  1214 I #LGIME  : ### onFinishInput
01-24 17:08:51.603  1214  1214 I #LGIME  : ### onStartInput
01-24 17:08:51.605  1214  1214 I #LGIME  : ### updateRCU_Status()
01-24 17:08:51.605  1214  1214 I #LGIME  : ### saved inputMehtod : 0
01-24 17:08:51.608  1214  1214 I #LGIME  : ### device.getName() : LGU tvG2 RCU ,device.getBondState() : 12
01-24 17:08:51.610  1214  1214 I #LGIME  : ImsInputHangul.setMethod = 0
01-24 17:08:51.610  1214  1214 I #LGIME  : ### set Naratgeul
01-24 17:08:51.616  1214  1214 I #LGIME  : ### device.getName() : LGU tvG2 RCU HEADSET ,device.getBondState() : 12
01-24 17:08:51.619  1214  1214 I #LGIME  : ImsInputHangul.setMethod = 0
01-24 17:08:51.619  1214  1214 I #LGIME  : ### set Naratgeul
01-24 17:08:51.619  1214  1214 I #LGIME  : ### mRCU_Paired : 0
01-24 17:08:51.619  1214  1214 I #LGIME  : Editor Info input type is : 0
01-24 17:08:51.619  1214  1214 I #LGIME  : Editor Info input type class is : 0
01-24 17:08:51.622  1214  1214 I #LGIME  : ImsInputHangul.setMethod = 0
01-24 17:08:51.667   629   897 I LgTvWindowManager: interceptKeyBeforeQueueing keyCode=22 down=false repeatCount=0 keyguardOn=false mHomePressed=false canceled=false deviceId=3
01-24 17:08:51.667   629   897 I AutoStandByManager: AUTO_STANDBY : Last key in time = 4281265
01-24 17:08:51.667   629   897 I AutoStandByManager: isFastbootKeyProcessEnabled enter
01-24 17:08:51.667   629   897 I AutoStandByManager: iFastbootKeyProcessEnabled/tmp/fastboot_key_process is not existed
01-24 17:08:51.667   629   897 I AutoStandByManager: isFastbootKeyProcessEnabled leave, ret = false
01-24 17:08:51.667 20757 20811 E TIMER   :  422.265 ****** ERROR TIMER   external          common/src/Timer.cc:1146      |  0x102c
01-24 17:08:51.667 20757 20811 E TIMER   :  422.265 ****** ERROR TIMER   external          common/src/Timer.cc:1146      |  0x102c
01-24 17:08:51.668   629   896 I LgTvWindowManager: interceptKeyBeforeDispatching keyCode=22 down=false repeatCount=0 keyguardOn=false mHomePressed=false canceled=false
01-24 17:08:51.668   629   896 I AutoStandByManager: AUTO_STANDBY : Last key in time = 4281266
01-24 17:08:51.668   629   896 I AutoStandByManager: isFastbootKeyProcessEnabled enter
01-24 17:08:51.668   629   896 I AutoStandByManager: iFastbootKeyProcessEnabled/tmp/fastboot_key_process is not existed
01-24 17:08:51.668   629   896 I AutoStandByManager: isFastbootKeyProcessEnabled leave, ret = false
01-24 17:08:51.671  1148  1148 D LgTvPhoneFallbackEventHandler: >>>> onKeyUp: 22 IsCurationYoutube = false PackageName = com.google.android.leanbacklauncher
01-24 17:08:51.807   425   583 I IPTV_FLOG: DDI_GFX_InputEventHandler, key_symbol: CURSOR_RIGHT(0xf001), from: BT
01-24 17:08:51.807   629   897 I LgTvWindowManager: interceptKeyBeforeQueueing keyCode=22 down=true repeatCount=0 keyguardOn=false mHomePressed=false canceled=false deviceId=3
01-24 17:08:51.807   629   897 I AutoStandByManager: AUTO_STANDBY : Last key in time = 4281405
01-24 17:08:51.807   629   897 I AutoStandByManager: isFastbootKeyProcessEnabled enter
01-24 17:08:51.807   629   897 I AutoStandByManager: iFastbootKeyProcessEnabled/tmp/fastboot_key_process is not existed
01-24 17:08:51.807   425   582 D NATIVEUI-LGE-LIBSTBAPP: _UI_MainHandler: UI_GetFocus() returned wid(0), msg(16)
01-24 17:08:51.807   629   897 I AutoStandByManager: isFastbootKeyProcessEnabled leave, ret = false
01-24 17:08:51.807   425   582 D NATIVEUI-LGE-LIBSTBAPP: [UI] UI_GlobalKeyHandler: Handle KEYCODE[0xda0a]
01-24 17:08:51.807   425   582 D NATIVEUI-LGE-LIBSTBAPP: [UI] _UI_MainLoop> _UI_MainHandler UI_MSG_KEY[0xda0a] handle OK.
01-24 17:08:51.807   629   896 I LgTvWindowManager: interceptKeyBeforeDispatching keyCode=22 down=true repeatCount=0 keyguardOn=false mHomePressed=false canceled=false
01-24 17:08:51.807   629   896 I AutoStandByManager: AUTO_STANDBY : Last key in time = 4281405
01-24 17:08:51.807   629   896 I AutoStandByManager: isFastbootKeyProcessEnabled enter
01-24 17:08:51.807   629   896 I AutoStandByManager: iFastbootKeyProcessEnabled/tmp/fastboot_key_process is not existed
01-24 17:08:51.807   629   896 I AutoStandByManager: isFastbootKeyProcessEnabled leave, ret = false
01-24 17:08:51.808   629   896 D LgTvWindowManager: <<================================== >> 
01-24 17:08:51.808   629   896 D LgTvWindowManager: << send finish event to farfield-App >> com.lguplus.iptv4.base.farfield
01-24 17:08:51.808   629   896 D LgTvWindowManager: <<================================== >> 
01-24 17:08:51.808   629   896 W ContextImpl: Calling a method in the system process without a qualified user: android.app.ContextImpl.sendBroadcast:1327 com.android.internal.policy.impl.LgTvWindowManager.interceptKeyBeforeDispatching:403 com.android.server.wm.InputMonitor.interceptKeyBeforeDispatching:388 com.android.server.input.InputManagerService.interceptKeyBeforeDispatching:1510 <bottom of call stack> 
01-24 17:08:51.810  1214  1214 I #LGIME  : ### RCU Name : LGU tvG2 RCU
01-24 17:08:51.811  1214  1214 I #LGIME  : onKeyDown: keyCode=22, RCU Input = 0, evnet=KeyEvent { action=ACTION_DOWN, keyCode=KEYCODE_DPAD_RIGHT, scanCode=106, metaState=0, flags=0x8, repeatCount=0, eventTime=4281404, downTime=4281404, deviceId=3, source=0x701 }, getKeyChar = 0
01-24 17:08:51.811  1214  1214 I #LGIME  : ### bypass KeyEvent : 22
01-24 17:08:51.811  1393  1393 D ETC-PINEONE-FARFIELD: [FarFieldService$9] onReceive()[1958] >> [syk] mFinishReceiver -> action = com.lge.sys.FARFIELD_FINISH
01-24 17:08:51.815  1148  1148 D LgTvPhoneFallbackEventHandler: >>>> onKeyDown: 22
01-24 17:08:51.830  1214  1214 I #LGIME  : ### onFinishInput
01-24 17:08:51.830  1214  1214 I #LGIME  : ### onStartInput
01-24 17:08:51.833  1214  1214 I #LGIME  : ### updateRCU_Status()
01-24 17:08:51.833  1214  1214 I #LGIME  : ### saved inputMehtod : 0
01-24 17:08:51.836  1214  1214 I #LGIME  : ### device.getName() : LGU tvG2 RCU ,device.getBondState() : 12
01-24 17:08:51.837  1214  1214 I #LGIME  : ImsInputHangul.setMethod = 0
01-24 17:08:51.837  1214  1214 I #LGIME  : ### set Naratgeul
01-24 17:08:51.841  1214  1214 I #LGIME  : ### device.getName() : LGU tvG2 RCU HEADSET ,device.getBondState() : 12
01-24 17:08:51.842  1214  1214 I #LGIME  : ImsInputHangul.setMethod = 0
01-24 17:08:51.843  1214  1214 I #LGIME  : ### set Naratgeul
01-24 17:08:51.843  1214  1214 I #LGIME  : ### mRCU_Paired : 0
01-24 17:08:51.843  1214  1214 I #LGIME  : Editor Info input type is : 0
01-24 17:08:51.843  1214  1214 I #LGIME  : Editor Info input type class is : 0
01-24 17:08:51.847  1214  1214 I #LGIME  : ImsInputHangul.setMethod = 0
01-24 17:08:51.877   629   897 I LgTvWindowManager: interceptKeyBeforeQueueing keyCode=22 down=false repeatCount=0 keyguardOn=false mHomePressed=false canceled=false deviceId=3
01-24 17:08:51.877   629   897 I AutoStandByManager: AUTO_STANDBY : Last key in time = 4281475
01-24 17:08:51.877   629   897 I AutoStandByManager: isFastbootKeyProcessEnabled enter
01-24 17:08:51.880   629   897 I AutoStandByManager: iFastbootKeyProcessEnabled/tmp/fastboot_key_process is not existed
01-24 17:08:51.880   629   897 I AutoStandByManager: isFastbootKeyProcessEnabled leave, ret = false
01-24 17:08:51.881   629   896 I LgTvWindowManager: interceptKeyBeforeDispatching keyCode=22 down=false repeatCount=0 keyguardOn=false mHomePressed=false canceled=false
01-24 17:08:51.881   629   896 I AutoStandByManager: AUTO_STANDBY : Last key in time = 4281479
01-24 17:08:51.881   629   896 I AutoStandByManager: isFastbootKeyProcessEnabled enter
01-24 17:08:51.881   629   896 I AutoStandByManager: iFastbootKeyProcessEnabled/tmp/fastboot_key_process is not existed
01-24 17:08:51.881   629   896 I AutoStandByManager: isFastbootKeyProcessEnabled leave, ret = false
01-24 17:08:51.887  1148  1148 D LgTvPhoneFallbackEventHandler: >>>> onKeyUp: 22 IsCurationYoutube = false PackageName = com.google.android.leanbacklauncher
01-24 17:08:51.983   471   471 I cpusvc  : [restore_max_freq] max freq gonna restore to: 1200000
01-24 17:08:51.987   629   897 I LgTvWindowManager: interceptKeyBeforeQueueing keyCode=22 down=true repeatCount=0 keyguardOn=false mHomePressed=false canceled=false deviceId=3
01-24 17:08:51.987   629   897 I AutoStandByManager: AUTO_STANDBY : Last key in time = 4281585
01-24 17:08:51.987   629   897 I AutoStandByManager: isFastbootKeyProcessEnabled enter
01-24 17:08:51.987   425   583 I IPTV_FLOG: DDI_GFX_InputEventHandler, key_symbol: CURSOR_RIGHT(0xf001), from: BT
01-24 17:08:51.987   629   897 I AutoStandByManager: iFastbootKeyProcessEnabled/tmp/fastboot_key_process is not existed
01-24 17:08:51.987   629   897 I AutoStandByManager: isFastbootKeyProcessEnabled leave, ret = false
01-24 17:08:51.990   425   582 D NATIVEUI-LGE-LIBSTBAPP: _UI_MainHandler: UI_GetFocus() returned wid(0), msg(16)
01-24 17:08:51.990   425   582 D NATIVEUI-LGE-LIBSTBAPP: [UI] UI_GlobalKeyHandler: Handle KEYCODE[0xda0a]
01-24 17:08:51.990   425   582 D NATIVEUI-LGE-LIBSTBAPP: [UI] _UI_MainLoop> _UI_MainHandler UI_MSG_KEY[0xda0a] handle OK.
01-24 17:08:51.990   629   896 I LgTvWindowManager: interceptKeyBeforeDispatching keyCode=22 down=true repeatCount=0 keyguardOn=false mHomePressed=false canceled=false
01-24 17:08:51.990   629   896 I AutoStandByManager: AUTO_STANDBY : Last key in time = 4281588
01-24 17:08:51.990   629   896 I AutoStandByManager: isFastbootKeyProcessEnabled enter
01-24 17:08:51.990   629   896 I AutoStandByManager: iFastbootKeyProcessEnabled/tmp/fastboot_key_process is not existed
01-24 17:08:51.990   629   896 I AutoStandByManager: isFastbootKeyProcessEnabled leave, ret = false
01-24 17:08:51.991   629   896 D LgTvWindowManager: <<================================== >> 
01-24 17:08:51.991   629   896 D LgTvWindowManager: << send finish event to farfield-App >> com.lguplus.iptv4.base.farfield
01-24 17:08:51.991   629   896 D LgTvWindowManager: <<================================== >> 
01-24 17:08:51.991   629   896 W ContextImpl: Calling a method in the system process without a qualified user: android.app.ContextImpl.sendBroadcast:1327 com.android.internal.policy.impl.LgTvWindowManager.interceptKeyBeforeDispatching:403 com.android.server.wm.InputMonitor.interceptKeyBeforeDispatching:388 com.android.server.input.InputManagerService.interceptKeyBeforeDispatching:1510 <bottom of call stack> 
01-24 17:08:51.992  1214  1214 I #LGIME  : ### RCU Name : LGU tvG2 RCU
01-24 17:08:51.993  1214  1214 I #LGIME  : onKeyDown: keyCode=22, RCU Input = 0, evnet=KeyEvent { action=ACTION_DOWN, keyCode=KEYCODE_DPAD_RIGHT, scanCode=106, metaState=0, flags=0x8, repeatCount=0, eventTime=4281584, downTime=4281584, deviceId=3, source=0x701 }, getKeyChar = 0
01-24 17:08:51.993  1214  1214 I #LGIME  : ### bypass KeyEvent : 22
01-24 17:08:51.993  1393  1393 D ETC-PINEONE-FARFIELD: [FarFieldService$9] onReceive()[1958] >> [syk] mFinishReceiver -> action = com.lge.sys.FARFIELD_FINISH
01-24 17:08:51.994  1148  1148 D LgTvPhoneFallbackEventHandler: >>>> onKeyDown: 22
01-24 17:08:51.999  1214  1214 I #LGIME  : ### onFinishInput
01-24 17:08:52.000  1214  1214 I #LGIME  : ### onStartInput
01-24 17:08:52.002  1214  1214 I #LGIME  : ### updateRCU_Status()
01-24 17:08:52.002  1214  1214 I #LGIME  : ### saved inputMehtod : 0
01-24 17:08:52.004  1214  1214 I #LGIME  : ### device.getName() : LGU tvG2 RCU ,device.getBondState() : 12
01-24 17:08:52.007  1214  1214 I #LGIME  : ImsInputHangul.setMethod = 0
01-24 17:08:52.007  1214  1214 I #LGIME  : ### set Naratgeul
01-24 17:08:52.014  1214  1214 I #LGIME  : ### device.getName() : LGU tvG2 RCU HEADSET ,device.getBondState() : 12
01-24 17:08:52.017  1214  1214 I #LGIME  : ImsInputHangul.setMethod = 0
01-24 17:08:52.017  1214  1214 I #LGIME  : ### set Naratgeul
01-24 17:08:52.017  1214  1214 I #LGIME  : ### mRCU_Paired : 0
01-24 17:08:52.017  1214  1214 I #LGIME  : Editor Info input type is : 0
01-24 17:08:52.017  1214  1214 I #LGIME  : Editor Info input type class is : 0
01-24 17:08:52.020  1214  1214 I #LGIME  : ImsInputHangul.setMethod = 0
01-24 17:08:52.126   629   897 I LgTvWindowManager: interceptKeyBeforeQueueing keyCode=22 down=false repeatCount=0 keyguardOn=false mHomePressed=false canceled=false deviceId=3
01-24 17:08:52.131   629   897 I AutoStandByManager: AUTO_STANDBY : Last key in time = 4281729
01-24 17:08:52.131   629   897 I AutoStandByManager: isFastbootKeyProcessEnabled enter
01-24 17:08:52.131   629   897 I AutoStandByManager: iFastbootKeyProcessEnabled/tmp/fastboot_key_process is not existed
