01-25 08:24:29.567  4068  4068 D U+Box HomeShare: HomeShareReceiver Receive : INTENT_HOMESHARE_SERVICE_RESTART ( Service Started : true )
01-25 08:24:30.367   926   926 D LIVE-LGE-XCHECKER: startCrossCheck:139, stream err: 0, pcr err: 0, max_check_count: 40
01-25 08:24:33.067  2093  2115 D dalvikvm: GC_CONCURRENT freed 383K, 21% free 2602K/3284K, paused 2ms+1ms, total 19ms
01-25 08:24:35.367   926   926 D LIVE-LGE-XCHECKER: startCrossCheck:139, stream err: 0, pcr err: 0, max_check_count: 40
01-25 08:24:38.207  2093  2115 D dalvikvm: GC_CONCURRENT freed 388K, 21% free 2602K/3284K, paused 2ms+1ms, total 18ms
01-25 08:24:40.367   926   926 D LIVE-LGE-XCHECKER: startCrossCheck:139, stream err: 0, pcr err: 0, max_check_count: 40
01-25 08:24:40.997   361  3699 I AnypointAD - t.a.a.c.m.ServerMessageProcessorFactory: [101] received message from server: CueMessage
01-25 08:24:41.007   361  3699 I AnypointAD - t.a.a.c.m.s.p.c.CueMessageProcessor: [42] got cueMessage. type: 0, cueId: 0, time: Thu Jan 25 08:24:45 GMT+09:00 2018, ppId: 472, time: 1516836285538, duration: 120000, owner: 1
01-25 08:24:41.007   361  3699 I AnypointAD - t.a.a.c.s.CueManager: [174] currentDeviceChannel is not exist.
01-25 08:24:41.007   361  3699 I AnypointAD - t.a.a.c.s.CueManager: [68] receive cue but this device is not available.
01-25 08:24:41.307  2093  2115 D dalvikvm: GC_CONCURRENT freed 405K, 21% free 2604K/3284K, paused 3ms+2ms, total 21ms
01-25 08:24:45.367   926   926 D LIVE-LGE-XCHECKER: startCrossCheck:139, stream err: 0, pcr err: 0, max_check_count: 40
01-25 08:24:46.587  1754  2028 W ThrottleService: unable to find stats for iface rmnet0
01-25 08:24:47.467  2155  2155 D ETC-PINEONE-LAUNCHER: [SystemButton] setNotificationCount()[103] >> notification count 4
01-25 08:24:47.507  2093  2115 D dalvikvm: GC_CONCURRENT freed 404K, 21% free 2604K/3284K, paused 2ms+2ms, total 22ms
01-25 08:24:50.367   926   926 D LIVE-LGE-XCHECKER: startCrossCheck:139, stream err: 0, pcr err: 0, max_check_count: 40
01-25 08:24:52.067   904   920 D SETTINGS-LGE-IptvStorageManager: readUserPreference(LASTCHANNEL) called 
01-25 08:24:52.067   904   920 D SETTINGS-LGE-IptvStorageManager: readUserPreference() : /LGU_data/UP/LASTCHANNEL.1 file does not exist
01-25 08:24:52.067   904   920 D SETTINGS-LGE-IptvStorageManager: readUserPreference(LASTCHANNEL, 1) SUCCESS
01-25 08:24:52.067   308   322 I LIVE-LGE-JNI: readUP[LASTCHANNEL] 0th PrefValue : 677
01-25 08:24:52.717  2093  2115 D dalvikvm: GC_CONCURRENT freed 403K, 21% free 2604K/3284K, paused 2ms+2ms, total 19ms
01-25 08:24:54.327   904   904 D SETTINGS-LGE-IptvStorageManager: readUserPreference(IPTV_ENABLED) called 
01-25 08:24:54.327   904   904 D SETTINGS-LGE-IptvStorageManager: readUserPreference() : /LGU_data/UP/IPTV_ENABLED.1 file does not exist
01-25 08:24:54.327   904   904 D SETTINGS-LGE-IptvStorageManager: readUserPreference(IPTV_ENABLED, 1) SUCCESS
01-25 08:24:54.327  3224  3224 I LIVE-LGE-JNI: readUP[IPTV_ENABLED] 0th PrefValue : true
01-25 08:24:54.497  2093  2115 D dalvikvm: GC_CONCURRENT freed 402K, 21% free 2608K/3284K, paused 1ms+2ms, total 19ms
01-25 08:24:55.137  1691  1697 D dalvikvm: GC_CONCURRENT freed 386K, 20% free 2505K/3120K, paused 2ms+1ms, total 15ms
01-25 08:24:55.367   926   926 D LIVE-LGE-XCHECKER: startCrossCheck:139, stream err: 0, pcr err: 0, max_check_count: 40
01-25 08:24:59.567  4068  4068 D U+Box HomeShare: HomeShareReceiver [Receive Intent] Action : com.lguplus.iptv3.homesharestb.SERVICE.RESTART
01-25 08:24:59.567  4068  4068 D U+Box HomeShare: HomeShareReceiver Receive : INTENT_HOMESHARE_SERVICE_RESTART ( Service Started : true )
01-25 08:25:00.367   926   926 D LIVE-LGE-XCHECKER: startCrossCheck:139, stream err: 0, pcr err: 0, max_check_count: 40
01-25 08:25:01.067  2093  2115 D dalvikvm: GC_CONCURRENT freed 397K, 21% free 2608K/3284K, paused 3ms+1ms, total 22ms
01-25 08:25:05.367   926   926 D LIVE-LGE-XCHECKER: startCrossCheck:139, stream err: 0, pcr err: 0, max_check_count: 40
01-25 08:25:07.637  2093  2115 D dalvikvm: GC_CONCURRENT freed 402K, 21% free 2607K/3284K, paused 2ms+2ms, total 19ms
01-25 08:25:07.837   361   361 I AnypointAD - t.a.a.c.s.MonitorScheduler: [56] start monitoring..
01-25 08:25:07.837   361  3884 I AnypointAD - t.a.a.c.s.PushMsgClient: [179] connection: TCPNIOConnection{localSocketAddress={/192.168.219.104:43956}, peerSocketAddress={/52.79.82.81:31102}}, isConnected: true, lastReceivedTime: 1516836281010
01-25 08:25:07.847   361   361 I AnypointAD - t.a.a.c.s.MonitorScheduler: [84] register boot ad call alarm.
01-25 08:25:07.847   361  3884 I AnypointAD - t.a.a.c.s.PushMsgClient: [154] Sending device event: Heartbeat
01-25 08:25:07.857   361  3697 I AnypointAD - t.a.a.c.m.ServerMessageProcessorFactory: [101] received message from server: HeartbeatMessage
01-25 08:25:07.857   361   361 I AnypointAD - t.a.a.c.s.MonitorScheduler: [89] monitoring finished..
01-25 08:25:07.867  1754  1773 E NotificationService: Ignoring notification with icon==0: Notification(pri=0 contentView=null vibrate=null sound=null defaults=0x0 flags=0x62 kind=[null])
01-25 08:25:07.877   361   365 D dalvikvm: GC_CONCURRENT freed 500K, 17% free 3752K/4472K, paused 3ms+3ms, total 36ms
01-25 08:25:07.877   361   361 I AnypointAD - t.a.a.c.a.StartService: [15] StartService start...4142, class tv.anypoint.android.core.app.StartService
01-25 08:25:09.507  2093  2115 D dalvikvm: GC_CONCURRENT freed 394K, 21% free 2602K/3284K, paused 2ms+2ms, total 19ms
01-25 08:25:10.367   926   926 D LIVE-LGE-XCHECKER: startCrossCheck:139, stream err: 0, pcr err: 0, max_check_count: 40
01-25 08:25:11.037  2155  2155 I VOD-PINEONE-LAUNCHER: [CategoryAlarmReceiver] onReceive()[19] >> [onReceive] Category Alarm Receive!!
01-25 08:25:11.037  2155  3490 I VOD-PINEONE-LAUNCHER: [CategoryMenuManager] getMenuDataVersion()[103] >> [getMenuDataVersion] file path: /LGU_data/ma/version.cfg
01-25 08:25:11.037  2155  3490 I VOD-PINEONE-LAUNCHER: [CategoryMenuManager$1] run()[66] >> [getMenuDataVersion] currentVersion: VERSION=0xc1
01-25 08:25:11.037  2155  3490 I VOD-PINEONE-LAUNCHER: , fileVersion: VERSION=0xc1
01-25 08:25:11.037  2155  3490 I VOD-PINEONE-LAUNCHER: 
01-25 08:25:11.077  1754  1827 I TvWindowManager: AUTO_STANDBY : AutoStandbyCheckTask started - curTime = 249771043 / lastKeyInTime = 249711044
01-25 08:25:11.077  1754  1827 I TvWindowManager: AUTO_STANDBY : resetLastKeyInTimeInNotActivePowerModeState() - Last key in time = 249771043
01-25 08:25:15.377   926   926 D LIVE-LGE-XCHECKER: startCrossCheck:139, stream err: 0, pcr err: 0, max_check_count: 40
01-25 08:25:17.447   361  3698 I AnypointAD - t.a.a.c.m.ServerMessageProcessorFactory: [101] received message from server: CueMessage
01-25 08:25:17.447   361  3698 I AnypointAD - t.a.a.c.m.s.p.c.CueMessageProcessor: [42] got cueMessage. type: 0, cueId: 0, time: Thu Jan 25 08:25:24 GMT+09:00 2018, ppId: 726, time: 1516836324184, duration: 120000, owner: 1
01-25 08:25:17.447  2093  2115 D dalvikvm: GC_CONCURRENT freed 388K, 21% free 2605K/3284K, paused 2ms+3ms, total 22ms
01-25 08:25:17.457   361  3698 I AnypointAD - t.a.a.c.s.CueManager: [174] currentDeviceChannel is not exist.
01-25 08:25:17.457   361  3698 I AnypointAD - t.a.a.c.s.CueManager: [68] receive cue but this device is not available.
01-25 08:25:17.477  2155  2155 D ETC-PINEONE-LAUNCHER: [SystemButton] setNotificationCount()[103] >> notification count 4
01-25 08:25:17.527  2155  2166 D dalvikvm: GC_CONCURRENT freed 1918K, 21% free 9959K/12588K, paused 3ms+5ms, total 48ms
01-25 08:25:20.377   926   926 D LIVE-LGE-XCHECKER: startCrossCheck:139, stream err: 0, pcr err: 0, max_check_count: 40
01-25 08:25:22.067   904  1026 D SETTINGS-LGE-IptvStorageManager: readUserPreference(LASTCHANNEL) called 
01-25 08:25:22.067   904  1026 D SETTINGS-LGE-IptvStorageManager: readUserPreference() : /LGU_data/UP/LASTCHANNEL.1 file does not exist
01-25 08:25:22.067   904  1026 D SETTINGS-LGE-IptvStorageManager: readUserPreference(LASTCHANNEL, 1) SUCCESS
01-25 08:25:22.067   308  1769 I LIVE-LGE-JNI: readUP[LASTCHANNEL] 0th PrefValue : 677
01-25 08:25:23.127  2093  2115 D dalvikvm: GC_CONCURRENT freed 411K, 21% free 2621K/3284K, paused 2ms+2ms, total 20ms
01-25 08:25:23.977  1691  1697 D dalvikvm: GC_CONCURRENT freed 387K, 21% free 2505K/3164K, paused 3ms+1ms, total 16ms
01-25 08:25:24.337   904  1027 D SETTINGS-LGE-IptvStorageManager: readUserPreference(IPTV_ENABLED) called 
01-25 08:25:24.337   904  1027 D SETTINGS-LGE-IptvStorageManager: readUserPreference() : /LGU_data/UP/IPTV_ENABLED.1 file does not exist
01-25 08:25:24.337   904  1027 D SETTINGS-LGE-IptvStorageManager: readUserPreference(IPTV_ENABLED, 1) SUCCESS
01-25 08:25:24.337  3224  3224 I LIVE-LGE-JNI: readUP[IPTV_ENABLED] 0th PrefValue : true
01-25 08:25:25.377   926   926 D LIVE-LGE-XCHECKER: startCrossCheck:139, stream err: 0, pcr err: 0, max_check_count: 40
01-25 08:25:25.637  2066  2071 D dalvikvm: GC_CONCURRENT freed 384K, 58% free 3532K/8228K, paused 1ms+2ms, total 18ms
01-25 08:25:26.157  2093  2115 D dalvikvm: GC_CONCURRENT freed 409K, 21% free 2603K/3284K, paused 2ms+2ms, total 19ms
01-25 08:25:29.567  4068  4068 D U+Box HomeShare: HomeShareReceiver [Receive Intent] Action : com.lguplus.iptv3.homesharestb.SERVICE.RESTART
01-25 08:25:29.567  4068  4068 D U+Box HomeShare: HomeShareReceiver Receive : INTENT_HOMESHARE_SERVICE_RESTART ( Service Started : true )
01-25 08:25:30.377   926   926 D LIVE-LGE-XCHECKER: startCrossCheck:139, stream err: 0, pcr err: 0, max_check_count: 40
01-25 08:25:31.037  2093  2115 D dalvikvm: GC_CONCURRENT freed 420K, 21% free 2608K/3284K, paused 3ms+2ms, total 20ms
01-25 08:25:35.377   926   926 D LIVE-LGE-XCHECKER: startCrossCheck:139, stream err: 0, pcr err: 0, max_check_count: 40
01-25 08:25:37.567  2093  2115 D dalvikvm: GC_CONCURRENT freed 417K, 21% free 2605K/3284K, paused 2ms+2ms, total 20ms
01-25 08:25:39.437  2093  2115 D dalvikvm: GC_CONCURRENT freed 410K, 21% free 2604K/3284K, paused 2ms+2ms, total 19ms
01-25 08:25:40.377   926   926 D LIVE-LGE-XCHECKER: startCrossCheck:139, stream err: 0, pcr err: 0, max_check_count: 40
01-25 08:25:45.107  2093  2115 D dalvikvm: GC_CONCURRENT freed 394K, 21% free 2610K/3284K, paused 2ms+1ms, total 19ms
01-25 08:25:45.377   926   926 D LIVE-LGE-XCHECKER: startCrossCheck:139, stream err: 0, pcr err: 0, max_check_count: 40
01-25 08:25:47.507  2155  2155 D ETC-PINEONE-LAUNCHER: [SystemButton] setNotificationCount()[103] >> notification count 4
01-25 08:25:47.967   361  3700 I AnypointAD - t.a.a.c.m.ServerMessageProcessorFactory: [101] received message from server: CueMessage
01-25 08:25:47.977   361  3700 I AnypointAD - t.a.a.c.m.s.p.c.CueMessageProcessor: [42] got cueMessage. type: 0, cueId: 0, time: Thu Jan 25 08:25:53 GMT+09:00 2018, ppId: 412, time: 1516836353991, duration: 120000, owner: 1
01-25 08:25:47.977   361  3700 I AnypointAD - t.a.a.c.s.CueManager: [174] currentDeviceChannel is not exist.
01-25 08:25:47.977   361  3700 I AnypointAD - t.a.a.c.s.CueManager: [68] receive cue but this device is not available.
01-25 08:25:50.377   926   926 D LIVE-LGE-XCHECKER: startCrossCheck:139, stream err: 0, pcr err: 0, max_check_count: 40
01-25 08:25:51.897  2093  2115 D dalvikvm: GC_CONCURRENT freed 440K, 20% free 2654K/3292K, paused 2ms+2ms, total 24ms
01-25 08:25:52.067   904   920 D SETTINGS-LGE-IptvStorageManager: readUserPreference(LASTCHANNEL) called 
01-25 08:25:52.067   904   920 D SETTINGS-LGE-IptvStorageManager: readUserPreference() : /LGU_data/UP/LASTCHANNEL.1 file does not exist
01-25 08:25:52.077   904   920 D SETTINGS-LGE-IptvStorageManager: readUserPreference(LASTCHANNEL, 1) SUCCESS
01-25 08:25:52.077   308   321 I LIVE-LGE-JNI: readUP[LASTCHANNEL] 0th PrefValue : 677
01-25 08:25:52.947  1691  1697 D dalvikvm: GC_CONCURRENT freed 386K, 21% free 2505K/3164K, paused 1ms+2ms, total 15ms
01-25 08:25:54.167  2093  2115 D dalvikvm: GC_CONCURRENT freed 446K, 22% free 2598K/3292K, paused 1ms+2ms, total 19ms
01-25 08:25:54.347   904   904 D SETTINGS-LGE-IptvStorageManager: readUserPreference(IPTV_ENABLED) called 
01-25 08:25:54.347   904   904 D SETTINGS-LGE-IptvStorageManager: readUserPreference() : /LGU_data/UP/IPTV_ENABLED.1 file does not exist
01-25 08:25:54.347   904   904 D SETTINGS-LGE-IptvStorageManager: readUserPreference(IPTV_ENABLED, 1) SUCCESS
01-25 08:25:54.347  3224  3224 I LIVE-LGE-JNI: readUP[IPTV_ENABLED] 0th PrefValue : true
01-25 08:25:55.387   926   926 D LIVE-LGE-XCHECKER: startCrossCheck:139, stream err: 0, pcr err: 0, max_check_count: 40
01-25 08:25:56.857  2093  2115 D dalvikvm: GC_CONCURRENT freed 387K, 21% free 2606K/3292K, paused 2ms+2ms, total 19ms
01-25 08:25:59.567  4068  4068 D U+Box HomeShare: HomeShareReceiver [Receive Intent] Action : com.lguplus.iptv3.homesharestb.SERVICE.RESTART
01-25 08:25:59.567  4068  4068 D U+Box HomeShare: HomeShareReceiver Receive : INTENT_HOMESHARE_SERVICE_RESTART ( Service Started : true )
01-25 08:26:00.387   926   926 D LIVE-LGE-XCHECKER: startCrossCheck:139, stream err: 0, pcr err: 0, max_check_count: 40
01-25 08:26:03.317  2093  2115 D dalvikvm: GC_CONCURRENT freed 395K, 21% free 2602K/3284K, paused 2ms+1ms, total 20ms
01-25 08:26:05.387   926   926 D LIVE-LGE-XCHECKER: startCrossCheck:139, stream err: 0, pcr err: 0, max_check_count: 40
01-25 08:26:07.927   361   361 I AnypointAD - t.a.a.c.s.MonitorScheduler: [56] start monitoring..
01-25 08:26:07.927   361  3878 I AnypointAD - t.a.a.c.s.PushMsgClient: [179] connection: TCPNIOConnection{localSocketAddress={/192.168.219.104:43956}, peerSocketAddress={/52.79.82.81:31102}}, isConnected: true, lastReceivedTime: 1516836347981
01-25 08:26:07.937   361  3878 I AnypointAD - t.a.a.c.s.PushMsgClient: [154] Sending device event: Heartbeat
01-25 08:26:07.937   361   361 I AnypointAD - t.a.a.c.s.MonitorScheduler: [84] register boot ad call alarm.
01-25 08:26:07.947   361   361 I AnypointAD - t.a.a.c.s.MonitorScheduler: [89] monitoring finished..
01-25 08:26:07.957   361  3699 I AnypointAD - t.a.a.c.m.ServerMessageProcessorFactory: [101] received message from server: HeartbeatMessage
01-25 08:26:07.957  1754  1773 E NotificationService: Ignoring notification with icon==0: Notification(pri=0 contentView=null vibrate=null sound=null defaults=0x0 flags=0x62 kind=[null])
01-25 08:26:07.967   361   361 I AnypointAD - t.a.a.c.a.StartService: [15] StartService start...4143, class tv.anypoint.android.core.app.StartService
01-25 08:26:07.977   361   365 D dalvikvm: GC_CONCURRENT freed 548K, 18% free 3706K/4488K, paused 2ms+2ms, total 33ms
01-25 08:26:08.947  2093  2115 D dalvikvm: GC_CONCURRENT freed 390K, 21% free 2602K/3284K, paused 2ms+2ms, total 19ms
01-25 08:26:10.237  4068  4068 D U+Box HomeShare: DlnaServiceManager [DEVLIST:PERF:DLNA] DlnaServiceManager.onDeviceDescriptionAdded :  COneCPDeviceDescr [LOCAL:DMR, ID=uuid:b9258d4a-bf14-f0fb-b471-fb25a2db231f, Name=U+TV, Icon=http://192.168.219.104:38400/icon/icon120x120.png, Manuf.=LG U+(http://www.lguplus.co.kr), ModelDesc.=U+ Shoot&Play, Model=U+ Shoot&Play(1.0, http://www.lguplus.co.kr), Pt. URL=, Addr.=192.168.219.104, Port=1900, SN=, UPC=, UPnP Type=urn:schemas-upnp-org:device:MediaRenderer:1, URLBase=, Import=0, Export=0, ContinuousPlay=0, Nickname=null, AudioSyncExcess=0, VideoSyncExcess=0, ImageSyncExcess=0, DocumentSyncExcess=0]
01-25 08:26:10.237  4068  4068 D U+Box HomeShare: DeviceListManager onDeviceAdd : U+TV U+ Shoot&Play
01-25 08:26:10.237  4068  4068 D U+Box HomeShare: DeviceListManager [DEVLIST:PERF] ===> LGW=null, HGW=, DEV GW=null, DeviceDES= COneCPDeviceDescr [LOCAL:DMR, ID=uuid:b9258d4a-bf14-f0fb-b471-fb25a2db231f, Name=U+TV, Icon=http://192.168.219.104:38400/icon/icon120x120.png, Manuf.=LG U+(http://www.lguplus.co.kr), ModelDesc.=U+ Shoot&Play, Model=U+ Shoot&Play(1.0, http://www.lguplus.co.kr), Pt. URL=, Addr.=192.168.219.104, Port=1900, SN=, UPC=, UPnP Type=urn:schemas-upnp-org:device:MediaRenderer:1, URLBase=, Import=0, Export=0, ContinuousPlay=0, Nickname=null, AudioSyncExcess=0, VideoSyncExcess=0, ImageSyncExcess=0, DocumentSyncExcess=0]
01-25 08:26:10.277  4068  4072 D dalvikvm: GC_CONCURRENT freed 488K, 16% free 3887K/4612K, paused 2ms+2ms, total 30ms
01-25 08:26:10.277  4068  4068 D dalvikvm: WAIT_FOR_CONCURRENT_GC blocked 17ms
01-25 08:26:10.287  4068  4068 D U+Box HomeShare: ConnectionManager AIPAddress fe80::21c:62ff:fe86:ca57%eth0
01-25 08:26:10.287  4068  4068 D U+Box HomeShare: ConnectionManager AIPAddress 192.168.219.104
01-25 08:26:10.287  4068  4068 D U+Box HomeShare: DeviceListManager [DEVLIST:PERF] DevListMgr.onDeviceAdd: GWID: null, DeviceDescr:  COneCPDeviceDescr [DLNA:DMR, ID=uuid:b9258d4a-bf14-f0fb-b471-fb25a2db231f, Name=U+TV, Icon=http://192.168.219.104:38400/icon/icon120x120.png, Manuf.=LG U+(http://www.lguplus.co.kr), ModelDesc.=U+ Shoot&Play, Model=U+ Shoot&Play(1.0, http://www.lguplus.co.kr), Pt. URL=, Addr.=192.168.219.104, Port=1900, SN=, UPC=, UPnP Type=urn:schemas-upnp-org:device:MediaRenderer:1, URLBase=, Import=0, Export=0, ContinuousPlay=0, Nickname=null, AudioSyncExcess=0, VideoSyncExcess=0, ImageSyncExcess=0, DocumentSyncExcess=0]
01-25 08:26:10.287  4068  4068 D U+Box HomeShare: DeviceListManager [isExistDevice] Ret : false Index : -1
01-25 08:26:10.287  4068  4068 D U+Box HomeShare: null Test RandCtn : STBG00:1C:62:86:CA:57
01-25 08:26:10.307  4068  4068 D dalvikvm: GC_FOR_ALLOC freed 284K, 17% free 3852K/4612K, paused 24ms, total 24ms
01-25 08:26:10.307  4068  4068 D U+Box HomeShare: null Test RandCtn : STBG00:1C:62:86:CA:57
01-25 08:26:10.317  4068  4068 D U+Box HomeShare: DlnaServiceManager [DEVLIST:PERF:DLNA] DlnaServiceManager.onDeviceDescriptionAdded :  COneCPDeviceDescr [LOCAL:DMR, ID=uuid:b9258d4a-bf14-f0fb-b471-fb25a2db231f, Name=U+TV, Icon=http://192.168.219.104:38400/icon/icon120x120.png, Manuf.=LG U+(http://www.lguplus.co.kr), ModelDesc.=U+ Shoot&Play, Model=U+ Shoot&Play(1.0, http://www.lguplus.co.kr), Pt. URL=, Addr.=192.168.219.104, Port=1900, SN=, UPC=, UPnP Type=urn:schemas-upnp-org:device:MediaRenderer:1, URLBase=, Import=0, Export=0, ContinuousPlay=0, Nickname=null, AudioSyncExcess=0, VideoSyncExcess=0, ImageSyncExcess=0, DocumentSyncExcess=0]
01-25 08:26:10.317  4068  4068 D U+Box HomeShare: DeviceListManager onDeviceAdd : U+TV U+ Shoot&Play
01-25 08:26:10.317  4068  4068 D U+Box HomeShare: DeviceListManager [DEVLIST:PERF] ===> LGW=null, HGW=, DEV GW=null, DeviceDES= COneCPDeviceDescr [LOCAL:DMR, ID=uuid:b9258d4a-bf14-f0fb-b471-fb25a2db231f, Name=U+TV, Icon=http://192.168.219.104:38400/icon/icon120x120.png, Manuf.=LG U+(http://www.lguplus.co.kr), ModelDesc.=U+ Shoot&Play, Model=U+ Shoot&Play(1.0, http://www.lguplus.co.kr), Pt. URL=, Addr.=192.168.219.104, Port=1900, SN=, UPC=, UPnP Type=urn:schemas-upnp-org:device:MediaRenderer:1, URLBase=, Import=0, Export=0, ContinuousPlay=0, Nickname=null, AudioSyncExcess=0, VideoSyncExcess=0, ImageSyncExcess=0, DocumentSyncExcess=0]
01-25 08:26:10.357  4068  4072 D dalvikvm: GC_CONCURRENT freed 478K, 16% free 3874K/4612K, paused 2ms+2ms, total 27ms
01-25 08:26:10.357  4068  4068 D dalvikvm: WAIT_FOR_CONCURRENT_GC blocked 18ms
01-25 08:26:10.367  4068  4068 D U+Box HomeShare: ConnectionManager AIPAddress fe80::21c:62ff:fe86:ca57%eth0
01-25 08:26:10.367  4068  4068 D U+Box HomeShare: ConnectionManager AIPAddress 192.168.219.104
01-25 08:26:10.367  4068  4068 D U+Box HomeShare: DeviceListManager [DEVLIST:PERF] DevListMgr.onDeviceAdd: GWID: null, DeviceDescr:  COneCPDeviceDescr [DLNA:DMR, ID=uuid:b9258d4a-bf14-f0fb-b471-fb25a2db231f, Name=U+TV, Icon=http://192.168.219.104:38400/icon/icon120x120.png, Manuf.=LG U+(http://www.lguplus.co.kr), ModelDesc.=U+ Shoot&Play, Model=U+ Shoot&Play(1.0, http://www.lguplus.co.kr), Pt. URL=, Addr.=192.168.219.104, Port=1900, SN=, UPC=, UPnP Type=urn:schemas-upnp-org:device:MediaRenderer:1, URLBase=, Import=0, Export=0, ContinuousPlay=0, Nickname=null, AudioSyncExcess=0, VideoSyncExcess=0, ImageSyncExcess=0, DocumentSyncExcess=0]
01-25 08:26:10.367  4068  4068 D U+Box HomeShare: DeviceListManager [isExistDevice] Ret : false Index : -1
01-25 08:26:10.367  4068  4068 D U+Box HomeShare: null Test RandCtn : STBG00:1C:62:86:CA:57
01-25 08:26:10.367  4068  4068 D U+Box HomeShare: null Test RandCtn : STBG00:1C:62:86:CA:57
01-25 08:26:10.387   926   926 D LIVE-LGE-XCHECKER: startCrossCheck:139, stream err: 0, pcr err: 0, max_check_count: 40
01-25 08:26:11.047  2155  2155 I VOD-PINEONE-LAUNCHER: [CategoryAlarmReceiver] onReceive()[19] >> [onReceive] Category Alarm Receive!!
01-25 08:26:11.047  2155  3680 I VOD-PINEONE-LAUNCHER: [CategoryMenuManager] getMenuDataVersion()[103] >> [getMenuDataVersion] file path: /LGU_data/ma/version.cfg
01-25 08:26:11.047  2155  3680 I VOD-PINEONE-LAUNCHER: [CategoryMenuManager$1] run()[66] >> [getMenuDataVersion] currentVersion: VERSION=0xc1
01-25 08:26:11.047  2155  3680 I VOD-PINEONE-LAUNCHER: , fileVersion: VERSION=0xc1
01-25 08:26:11.047  2155  3680 I VOD-PINEONE-LAUNCHER: 
01-25 08:26:11.077  1754  1827 I TvWindowManager: AUTO_STANDBY : AutoStandbyCheckTask started - curTime = 249831043 / lastKeyInTime = 249771043
01-25 08:26:11.077  1754  1827 I TvWindowManager: AUTO_STANDBY : resetLastKeyInTimeInNotActivePowerModeState() - Last key in time = 249831044
01-25 08:26:11.447  2093  2115 D dalvikvm: GC_CONCURRENT freed 388K, 21% free 2602K/3284K, paused 2ms+2ms, total 19ms
01-25 08:26:15.387   926   926 D LIVE-LGE-XCHECKER: startCrossCheck:139, stream err: 0, pcr err: 0, max_check_count: 40
01-25 08:26:17.517  2155  2155 D ETC-PINEONE-LAUNCHER: [SystemButton] setNotificationCount()[103] >> notification count 4
01-25 08:26:18.217  2093  2115 D dalvikvm: GC_CONCURRENT freed 388K, 21% free 2602K/3284K, paused 3ms+2ms, total 20ms
01-25 08:26:20.387   926   926 D LIVE-LGE-XCHECKER: startCrossCheck:139, stream err: 0, pcr err: 0, max_check_count: 40
01-25 08:26:21.917  1691  1697 D dalvikvm: GC_CONCURRENT freed 386K, 20% free 2505K/3120K, paused 1ms+1ms, total 15ms
01-25 08:26:22.077   904  1026 D SETTINGS-LGE-IptvStorageManager: readUserPreference(LASTCHANNEL) called 
01-25 08:26:22.077   904  1026 D SETTINGS-LGE-IptvStorageManager: readUserPreference() : /LGU_data/UP/LASTCHANNEL.1 file does not exist
01-25 08:26:22.077   904  1026 D SETTINGS-LGE-IptvStorageManager: readUserPreference(LASTCHANNEL, 1) SUCCESS
01-25 08:26:22.077   308  3289 I LIVE-LGE-JNI: readUP[LASTCHANNEL] 0th PrefValue : 677
01-25 08:26:24.127  2093  2115 D dalvikvm: GC_CONCURRENT freed 401K, 21% free 2611K/3284K, paused 3ms+2ms, total 27ms
01-25 08:26:24.357   904  1027 D SETTINGS-LGE-IptvStorageManager: readUserPreference(IPTV_ENABLED) called 
01-25 08:26:24.357   904  1027 D SETTINGS-LGE-IptvStorageManager: readUserPreference() : /LGU_data/UP/IPTV_ENABLED.1 file does not exist
01-25 08:26:24.357   904  1027 D SETTINGS-LGE-IptvStorageManager: readUserPreference(IPTV_ENABLED, 1) SUCCESS
01-25 08:26:24.357  3224  3224 I LIVE-LGE-JNI: readUP[IPTV_ENABLED] 0th PrefValue : true
01-25 08:26:25.387   926   926 D LIVE-LGE-XCHECKER: startCrossCheck:139, stream err: 0, pcr err: 0, max_check_count: 40
01-25 08:26:26.917  2093  2115 D dalvikvm: GC_CONCURRENT freed 399K, 21% free 2603K/3284K, paused 2ms+2ms, total 20ms
01-25 08:26:29.567  4068  4068 D U+Box HomeShare: HomeShareReceiver [Receive Intent] Action : com.lguplus.iptv3.homesharestb.SERVICE.RESTART
01-25 08:26:29.567  4068  4068 D U+Box HomeShare: HomeShareReceiver Receive : INTENT_HOMESHARE_SERVICE_RESTART ( Service Started : true )
01-25 08:26:30.387   926   926 D LIVE-LGE-XCHECKER: startCrossCheck:139, stream err: 0, pcr err: 0, max_check_count: 40
01-25 08:26:32.747  2093  2115 D dalvikvm: GC_CONCURRENT freed 395K, 21% free 2602K/3284K, paused 2ms+1ms, total 19ms
01-25 08:26:35.387   926   926 D LIVE-LGE-XCHECKER: startCrossCheck:139, stream err: 0, pcr err: 0, max_check_count: 40
01-25 08:26:36.167   361  3697 I AnypointAD - t.a.a.c.m.ServerMessageProcessorFactory: [101] received message from server: CueMessage
01-25 08:26:36.167   361  3697 I AnypointAD - t.a.a.c.m.s.p.c.CueMessageProcessor: [42] got cueMessage. type: 0, cueId: 0, time: Thu Jan 25 08:26:41 GMT+09:00 2018, ppId: 748, time: 1516836401475, duration: 120000, owner: 1
01-25 08:26:36.177   361  3697 I AnypointAD - t.a.a.c.s.CueManager: [174] currentDeviceChannel is not exist.
01-25 08:26:36.177   361  3697 I AnypointAD - t.a.a.c.s.CueManager: [68] receive cue but this device is not available.
01-25 08:26:36.857  2930  2943 D dalvikvm: GC_CONCURRENT freed 387K, 19% free 2695K/3316K, paused 2ms+1ms, total 19ms
01-25 08:26:38.007   361  3698 I AnypointAD - t.a.a.c.m.ServerMessageProcessorFactory: [101] received message from server: CueMessage
01-25 08:26:38.007   361  3698 I AnypointAD - t.a.a.c.m.s.p.c.CueMessageProcessor: [42] got cueMessage. type: 0, cueId: 0, time: Thu Jan 25 08:26:41 GMT+09:00 2018, ppId: 749, time: 1516836401475, duration: 120000, owner: 1
01-25 08:26:38.017   361  3698 I AnypointAD - t.a.a.c.s.CueManager: [174] currentDeviceChannel is not exist.
01-25 08:26:38.017   361  3698 I AnypointAD - t.a.a.c.s.CueManager: [68] receive cue but this device is not available.
01-25 08:26:38.017   361  3698 I AnypointAD - t.a.a.c.m.ServerMessageProcessorFactory: [101] received message from server: CueMessage
01-25 08:26:38.017   361  3698 I AnypointAD - t.a.a.c.m.s.p.c.CueMessageProcessor: [42] got cueMessage. type: 0, cueId: 0, time: Thu Jan 25 08:26:41 GMT+09:00 2018, ppId: 750, time: 1516836401475, duration: 120000, owner: 1
01-25 08:26:38.027   361  3698 I AnypointAD - t.a.a.c.s.CueManager: [174] currentDeviceChannel is not exist.
01-25 08:26:38.027   361  3698 I AnypointAD - t.a.a.c.s.CueManager: [68] receive cue but this device is not available.
01-25 08:26:38.207  2093  2115 D dalvikvm: GC_CONCURRENT freed 398K, 21% free 2602K/3284K, paused 1ms+2ms, total 21ms
01-25 08:26:40.397   926   926 D LIVE-LGE-XCHECKER: startCrossCheck:139, stream err: 0, pcr err: 0, max_check_count: 40
01-25 08:26:41.227  2093  2115 D dalvikvm: GC_CONCURRENT freed 390K, 21% free 2603K/3284K, paused 1ms+2ms, total 19ms
01-25 08:26:45.397   926   926 D LIVE-LGE-XCHECKER: startCrossCheck:139, stream err: 0, pcr err: 0, max_check_count: 40
01-25 08:26:47.547  2155  2155 D ETC-PINEONE-LAUNCHER: [SystemButton] setNotificationCount()[103] >> notification count 4
01-25 08:26:47.667  2093  2115 D dalvikvm: GC_CONCURRENT freed 392K, 21% free 2602K/3284K, paused 1ms+2ms, total 19ms
01-25 08:26:50.397   926   926 D LIVE-LGE-XCHECKER: startCrossCheck:139, stream err: 0, pcr err: 0, max_check_count: 40
01-25 08:26:50.757  1691  1697 D dalvikvm: GC_CONCURRENT freed 387K, 20% free 2505K/3120K, paused 1ms+1ms, total 15ms
01-25 08:26:52.067  1754  3548 I ActivityManager: No longer want com.google.android.gms (pid 1084): empty for 1821s
01-25 08:26:52.077   904   920 D SETTINGS-LGE-IptvStorageManager: readUserPreference(LASTCHANNEL) called 
01-25 08:26:52.077   904   920 D SETTINGS-LGE-IptvStorageManager: readUserPreference() : /LGU_data/UP/LASTCHANNEL.1 file does not exist
01-25 08:26:52.077   904   920 D SETTINGS-LGE-IptvStorageManager: readUserPreference(LASTCHANNEL, 1) SUCCESS
01-25 08:26:52.077   308   322 I LIVE-LGE-JNI: readUP[LASTCHANNEL] 0th PrefValue : 677
01-25 08:26:52.827  2093  2115 D dalvikvm: GC_CONCURRENT freed 395K, 20% free 2629K/3284K, paused 2ms+2ms, total 23ms
01-25 08:26:54.367   904   904 D SETTINGS-LGE-IptvStorageManager: readUserPreference(IPTV_ENABLED) called 
01-25 08:26:54.367   904   904 D SETTINGS-LGE-IptvStorageManager: readUserPreference() : /LGU_data/UP/IPTV_ENABLED.1 file does not exist
01-25 08:26:54.367   904   904 D SETTINGS-LGE-IptvStorageManager: readUserPreference(IPTV_ENABLED, 1) SUCCESS
01-25 08:26:54.367  3224  3224 I LIVE-LGE-JNI: readUP[IPTV_ENABLED] 0th PrefValue : true
01-25 08:26:54.527  2093  2115 D dalvikvm: GC_CONCURRENT freed 429K, 21% free 2602K/3284K, paused 2ms+2ms, total 19ms
01-25 08:26:55.397   926   926 D LIVE-LGE-XCHECKER: startCrossCheck:139, stream err: 0, pcr err: 0, max_check_count: 40
01-25 08:26:59.567  4068  4068 D U+Box HomeShare: HomeShareReceiver [Receive Intent] Action : com.lguplus.iptv3.homesharestb.SERVICE.RESTART
01-25 08:26:59.567  4068  4068 D U+Box HomeShare: HomeShareReceiver Receive : INTENT_HOMESHARE_SERVICE_RESTART ( Service Started : true )
01-25 08:27:00.177  1890  1895 D dalvikvm: GC_CONCURRENT freed 973K, 74% free 5632K/21524K, paused 2ms+11ms, total 46ms
01-25 08:27:00.397   926   926 D LIVE-LGE-XCHECKER: startCrossCheck:139, stream err: 0, pcr err: 0, max_check_count: 40
01-25 08:27:01.107  2093  2115 D dalvikvm: GC_CONCURRENT freed 443K, 21% free 2626K/3300K, paused 2ms+3ms, total 23ms
01-25 08:27:05.397   926   926 D LIVE-LGE-XCHECKER: startCrossCheck:139, stream err: 0, pcr err: 0, max_check_count: 40
01-25 08:27:07.757  2093  2115 D dalvikvm: GC_CONCURRENT freed 427K, 22% free 2604K/3300K, paused 2ms+2ms, total 19ms
01-25 08:27:08.017   361   361 I AnypointAD - t.a.a.c.s.MonitorScheduler: [56] start monitoring..
01-25 08:27:08.027   361  3877 I AnypointAD - t.a.a.c.s.PushMsgClient: [179] connection: TCPNIOConnection{localSocketAddress={/192.168.219.104:43956}, peerSocketAddress={/52.79.82.81:31102}}, isConnected: true, lastReceivedTime: 1516836398029
01-25 08:27:08.027   361   361 I AnypointAD - t.a.a.c.s.MonitorScheduler: [84] register boot ad call alarm.
01-25 08:27:08.037   361  3877 I AnypointAD - t.a.a.c.s.PushMsgClient: [154] Sending device event: Heartbeat
01-25 08:27:08.037   361  3700 I AnypointAD - t.a.a.c.m.ServerMessageProcessorFactory: [101] received message from server: HeartbeatMessage
01-25 08:27:08.037   361   361 I AnypointAD - t.a.a.c.s.MonitorScheduler: [89] monitoring finished..
01-25 08:27:08.047  1754  1773 E NotificationService: Ignoring notification with icon==0: Notification(pri=0 contentView=null vibrate=null sound=null defaults=0x0 flags=0x62 kind=[null])
01-25 08:27:08.057   361   365 D dalvikvm: GC_CONCURRENT freed 515K, 18% free 3702K/4488K, paused 3ms+3ms, total 35ms
01-25 08:27:08.057   361   361 D dalvikvm: WAIT_FOR_CONCURRENT_GC blocked 7ms
01-25 08:27:08.067   361   643 D dalvikvm: WAIT_FOR_CONCURRENT_GC blocked 8ms
01-25 08:27:08.067   361   361 I AnypointAD - t.a.a.c.a.StartService: [15] StartService start...4144, class tv.anypoint.android.core.app.StartService
01-25 08:27:09.297  1673  1678 D dalvikvm: GC_CONCURRENT freed 384K, 23% free 2435K/3140K, paused 2ms+2ms, total 15ms
01-25 08:27:09.637  2093  2115 D dalvikvm: GC_CONCURRENT freed 413K, 22% free 2605K/3300K, paused 2ms+2ms, total 20ms
01-25 08:27:10.397   926   926 D LIVE-LGE-XCHECKER: startCrossCheck:139, stream err: 0, pcr err: 0, max_check_count: 40
01-25 08:27:11.057  2155  2155 I VOD-PINEONE-LAUNCHER: [CategoryAlarmReceiver] onReceive()[19] >> [onReceive] Category Alarm Receive!!
01-25 08:27:11.057  2155  3867 I VOD-PINEONE-LAUNCHER: [CategoryMenuManager] getMenuDataVersion()[103] >> [getMenuDataVersion] file path: /LGU_data/ma/version.cfg
01-25 08:27:11.057  2155  3867 I VOD-PINEONE-LAUNCHER: [CategoryMenuManager$1] run()[66] >> [getMenuDataVersion] currentVersion: VERSION=0xc1
01-25 08:27:11.057  2155  3867 I VOD-PINEONE-LAUNCHER: , fileVersion: VERSION=0xc1
01-25 08:27:11.057  2155  3867 I VOD-PINEONE-LAUNCHER: 
01-25 08:27:11.077  1754  1827 I TvWindowManager: AUTO_STANDBY : AutoStandbyCheckTask started - curTime = 249891043 / lastKeyInTime = 249831044
01-25 08:27:11.077  1754  1827 I TvWindowManager: AUTO_STANDBY : resetLastKeyInTimeInNotActivePowerModeState() - Last key in time = 249891043
01-25 08:27:15.397   926   926 D LIVE-LGE-XCHECKER: startCrossCheck:139, stream err: 0, pcr err: 0, max_check_count: 40
01-25 08:27:17.507   361  3699 I AnypointAD - t.a.a.c.m.ServerMessageProcessorFactory: [101] received message from server: CueMessage
01-25 08:27:17.507   361  3699 I AnypointAD - t.a.a.c.m.s.p.c.CueMessageProcessor: [42] got cueMessage. type: 0, cueId: 0, time: Thu Jan 25 08:27:23 GMT+09:00 2018, ppId: 193, time: 1516836443574, duration: 120000, owner: 1
01-25 08:27:17.517   361  3699 I AnypointAD - t.a.a.c.s.CueManager: [174] currentDeviceChannel is not exist.
01-25 08:27:17.517   361  3699 I AnypointAD - t.a.a.c.s.CueManager: [68] receive cue but this device is not available.
01-25 08:27:17.547  2155  2155 D ETC-PINEONE-LAUNCHER: [SystemButton] setNotificationCount()[103] >> notification count 4
01-25 08:27:17.657  2093  2115 D dalvikvm: GC_CONCURRENT freed 410K, 21% free 2604K/3284K, paused 2ms+2ms, total 20ms
01-25 08:27:19.717  1691  1697 D dalvikvm: GC_CONCURRENT freed 386K, 20% free 2505K/3120K, paused 1ms+1ms, total 15ms
01-25 08:27:20.397   926   926 D LIVE-LGE-XCHECKER: startCrossCheck:139, stream err: 0, pcr err: 0, max_check_count: 40
01-25 08:27:22.077   904  1026 D SETTINGS-LGE-IptvStorageManager: readUserPreference(LASTCHANNEL) called 
01-25 08:27:22.077   904  1026 D SETTINGS-LGE-IptvStorageManager: readUserPreference() : /LGU_data/UP/LASTCHANNEL.1 file does not exist
01-25 08:27:22.077   904  1026 D SETTINGS-LGE-IptvStorageManager: readUserPreference(LASTCHANNEL, 1) SUCCESS
01-25 08:27:22.077   308  1769 I LIVE-LGE-JNI: readUP[LASTCHANNEL] 0th PrefValue : 677
01-25 08:27:23.357  2093  2115 D dalvikvm: GC_CONCURRENT freed 405K, 21% free 2608K/3284K, paused 1ms+2ms, total 19ms
01-25 08:27:24.377   904  1027 D SETTINGS-LGE-IptvStorageManager: readUserPreference(IPTV_ENABLED) called 
01-25 08:27:24.377   904  1027 D SETTINGS-LGE-IptvStorageManager: readUserPreference() : /LGU_data/UP/IPTV_ENABLED.1 file does not exist
01-25 08:27:24.377   904  1027 D SETTINGS-LGE-IptvStorageManager: readUserPreference(IPTV_ENABLED, 1) SUCCESS
01-25 08:27:24.377  3224  3224 I LIVE-LGE-JNI: readUP[IPTV_ENABLED] 0th PrefValue : true
01-25 08:27:25.367  2066  2071 D dalvikvm: GC_CONCURRENT freed 384K, 58% free 3532K/8228K, paused 3ms+2ms, total 19ms
01-25 08:27:25.397   926   926 D LIVE-LGE-XCHECKER: startCrossCheck:139, stream err: 0, pcr err: 0, max_check_count: 40
01-25 08:27:26.467  2093  2115 D dalvikvm: GC_CONCURRENT freed 410K, 21% free 2611K/3284K, paused 3ms+2ms, total 21ms
01-25 08:27:29.527  1754  3548 I ActivityManager: Start proc com.google.android.gms for service com.google.android.gms/.checkin.EventLogService: pid=3926 uid=10028 gids={50028, 3003, 1007, 1028, 1015, 1006, 3002, 3001, 2001, 3006}
01-25 08:27:29.577  4068  4068 D U+Box HomeShare: HomeShareReceiver [Receive Intent] Action : com.lguplus.iptv3.homesharestb.SERVICE.RESTART
01-25 08:27:29.577  4068  4068 D U+Box HomeShare: HomeShareReceiver Receive : INTENT_HOMESHARE_SERVICE_RESTART ( Service Started : true )
01-25 08:27:29.577  3926  3926 E Trace   : error opening trace file: No such file or directory (2)
01-25 08:27:29.607  3926  3926 W dalvikvm: VFY: unable to resolve static field 967 (PR_SET_DUMPABLE) in Landroid/system/OsConstants;
01-25 08:27:29.607  3926  3926 D dalvikvm: VFY: replacing opcode 0x60 at 0x0009
01-25 08:27:29.627  3926  3926 W dalvikvm: VFY: unable to find class referenced in signature (Laras;)
01-25 08:27:29.627  3926  3926 W dalvikvm: VFY: unable to find class referenced in signature (Laras;)
01-25 08:27:29.627  3926  3926 W dalvikvm: VFY: unable to find class referenced in signature (Laras;)
01-25 08:27:29.627  3926  3926 W dalvikvm: VFY: unable to find class referenced in signature (Laras;)
01-25 08:27:29.627  3926  3926 I dalvikvm: Could not find method android.content.Context.getSystemService, referenced from method rr.a
01-25 08:27:29.627  3926  3926 W dalvikvm: VFY: unable to resolve virtual method 1750: Landroid/content/Context;.getSystemService (Ljava/lang/Class;)Ljava/lang/Object;
01-25 08:27:29.627  3926  3926 D dalvikvm: VFY: replacing opcode 0x6e at 0x0008
01-25 08:27:29.627  3926  3926 I dalvikvm: Could not find method android.content.Context.createDeviceProtectedStorageContext, referenced from method jlc.a
01-25 08:27:29.627  3926  3926 W dalvikvm: VFY: unable to resolve virtual method 1725: Landroid/content/Context;.createDeviceProtectedStorageContext ()Landroid/content/Context;
01-25 08:27:29.627  3926  3926 D dalvikvm: VFY: replacing opcode 0x6e at 0x0029
01-25 08:27:29.627  3926  3926 I dalvikvm: Could not find method android.content.Context.getSystemService, referenced from method jlc.b
01-25 08:27:29.627  3926  3926 W dalvikvm: VFY: unable to resolve virtual method 1750: Landroid/content/Context;.getSystemService (Ljava/lang/Class;)Ljava/lang/Object;
01-25 08:27:29.627  3926  3926 D dalvikvm: VFY: replacing opcode 0x6e at 0x000b
01-25 08:27:29.637  3926  3926 I dalvikvm: Could not find method android.content.Context.isDeviceProtectedStorage, referenced from method aklk.a
01-25 08:27:29.637  3926  3926 W dalvikvm: VFY: unable to resolve virtual method 1755: Landroid/content/Context;.isDeviceProtectedStorage ()Z
01-25 08:27:29.637  3926  3926 D dalvikvm: VFY: replacing opcode 0x6e at 0x0009
01-25 08:27:29.637  3926  3926 I dalvikvm: Could not find method android.content.Context.isDeviceProtectedStorage, referenced from method aklk.b
01-25 08:27:29.637  3926  3926 W dalvikvm: VFY: unable to resolve virtual method 1755: Landroid/content/Context;.isDeviceProtectedStorage ()Z
01-25 08:27:29.637  3926  3926 D dalvikvm: VFY: replacing opcode 0x6e at 0x005d
01-25 08:27:29.637  3926  3926 I dalvikvm: Could not find method android.content.Context.isDeviceProtectedStorage, referenced from method zdd.a
01-25 08:27:29.637  3926  3926 W dalvikvm: VFY: unable to resolve virtual method 1755: Landroid/content/Context;.isDeviceProtectedStorage ()Z
01-25 08:27:29.637  3926  3926 D dalvikvm: VFY: replacing opcode 0x6e at 0x0009
01-25 08:27:29.637  3926  3926 I dalvikvm: Could not find method android.content.Context.isDeviceProtectedStorage, referenced from method zdd.c
01-25 08:27:29.637  3926  3926 W dalvikvm: VFY: unable to resolve virtual method 1755: Landroid/content/Context;.isDeviceProtectedStorage ()Z
01-25 08:27:29.637  3926  3926 D dalvikvm: VFY: replacing opcode 0x6e at 0x003d
01-25 08:27:29.637  3926  3926 I dalvikvm: Could not find method android.os.PowerManager.isInteractive, referenced from method jim.a
01-25 08:27:29.637  3926  3926 W dalvikvm: VFY: unable to resolve virtual method 2324: Landroid/os/PowerManager;.isInteractive ()Z
01-25 08:27:29.637  3926  3926 D dalvikvm: VFY: replacing opcode 0x6e at 0x0012
01-25 08:27:29.637  3926  3926 I dalvikvm: Could not find method java.util.Objects.equals, referenced from method jim.a
01-25 08:27:29.637  3926  3926 W dalvikvm: VFY: unable to resolve static method 12255: Ljava/util/Objects;.equals (Ljava/lang/Object;Ljava/lang/Object;)Z
01-25 08:27:29.637  3926  3926 D dalvikvm: VFY: replacing opcode 0x71 at 0x0048
01-25 08:27:29.647  3926  3926 I dalvikvm: Could not find method android.content.ContextWrapper.createCredentialProtectedStorageContext, referenced from method com.google.android.chimera.ModuleContext.createCredentialProtectedStorageContext
01-25 08:27:29.647  3926  3926 W dalvikvm: VFY: unable to resolve virtual method 1774: Landroid/content/ContextWrapper;.createCredentialProtectedStorageContext ()Landroid/content/Context;
01-25 08:27:29.647  3926  3926 D dalvikvm: VFY: replacing opcode 0x6f at 0x0002
01-25 08:27:29.647  3926  3926 I dalvikvm: Could not find method android.content.ContextWrapper.createDeviceProtectedStorageContext, referenced from method com.google.android.chimera.ModuleContext.createDeviceProtectedStorageContext
01-25 08:27:29.647  3926  3926 W dalvikvm: VFY: unable to resolve virtual method 1775: Landroid/content/ContextWrapper;.createDeviceProtectedStorageContext ()Landroid/content/Context;
01-25 08:27:29.647  3926  3926 D dalvikvm: VFY: replacing opcode 0x6f at 0x0002
01-25 08:27:29.647  3926  3926 I dalvikvm: Could not find method android.content.Context.isCredentialProtectedStorage, referenced from method cqv.a
01-25 08:27:29.647  3926  3926 W dalvikvm: VFY: unable to resolve virtual method 1754: Landroid/content/Context;.isCredentialProtectedStorage ()Z
01-25 08:27:29.647  3926  3926 D dalvikvm: VFY: replacing opcode 0x6e at 0x0000
01-25 08:27:29.647  3926  3926 I dalvikvm: Could not find method android.os.UserManager.isUserUnlocked, referenced from method cqv.a
01-25 08:27:29.647  3926  3926 W dalvikvm: VFY: unable to resolve virtual method 2377: Landroid/os/UserManager;.isUserUnlocked ()Z
01-25 08:27:29.647  3926  3926 D dalvikvm: VFY: replacing opcode 0x6e at 0x001a
01-25 08:27:29.647  3926  3926 I dalvikvm: Could not find method android.content.Context.isDeviceProtectedStorage, referenced from method cqv.b
01-25 08:27:29.647  3926  3926 W dalvikvm: VFY: unable to resolve virtual method 1755: Landroid/content/Context;.isDeviceProtectedStorage ()Z
01-25 08:27:29.647  3926  3926 D dalvikvm: VFY: replacing opcode 0x6e at 0x0000
01-25 08:27:29.647  3926  3926 I dalvikvm: Could not find method android.content.Context.isDeviceProtectedStorage, referenced from method cqv.c
01-25 08:27:29.647  3926  3926 W dalvikvm: VFY: unable to resolve virtual method 1755: Landroid/content/Context;.isDeviceProtectedStorage ()Z
01-25 08:27:29.647  3926  3926 D dalvikvm: VFY: replacing opcode 0x6e at 0x0000
01-25 08:27:29.647  3926  3926 I MultiDex: VM with version 1.6.0 does not have multidex support
01-25 08:27:29.647  3926  3926 I MultiDex: install
01-25 08:27:29.647  3926  3926 I MultiDex: MultiDexExtractor.load(/data/app/com.google.android.gms-1.apk, false)
01-25 08:27:29.657  3926  3926 I MultiDex: Blocking on lock /data/data/com.google.android.gms/code_cache/secondary-dexes/MultiDex.lock
01-25 08:27:29.657  3926  3926 I MultiDex: /data/data/com.google.android.gms/code_cache/secondary-dexes/MultiDex.lock locked
01-25 08:27:29.667  3926  3926 I MultiDex: loading existing secondary dex files
01-25 08:27:29.667  3926  3926 I MultiDex: load found 4 secondary dex files
01-25 08:27:29.677  3926  3926 I MultiDex: install done
01-25 08:27:29.687  3926  3926 I dalvikvm: Could not find method android.content.ContentProvider.canonicalize, referenced from method cqp.superCanonicalize
01-25 08:27:29.687  3926  3926 W dalvikvm: VFY: unable to resolve virtual method 1671: Landroid/content/ContentProvider;.canonicalize (Landroid/net/Uri;)Landroid/net/Uri;
01-25 08:27:29.687  3926  3926 D dalvikvm: VFY: replacing opcode 0x6f at 0x0000
01-25 08:27:29.687  3926  3926 I dalvikvm: Could not find method android.content.ContentProvider.openAssetFile, referenced from method cqp.superOpenAssetFile
01-25 08:27:29.687  3926  3926 W dalvikvm: VFY: unable to resolve virtual method 1681: Landroid/content/ContentProvider;.openAssetFile (Landroid/net/Uri;Ljava/lang/String;Landroid/os/CancellationSignal;)Landroid/content/res/AssetFileDescriptor;
01-25 08:27:29.687  3926  3926 D dalvikvm: VFY: replacing opcode 0x6f at 0x0000
01-25 08:27:29.687  3926  3926 I dalvikvm: Could not find method android.content.ContentProvider.openFile, referenced from method cqp.superOpenFile
01-25 08:27:29.687  3926  3926 W dalvikvm: VFY: unable to resolve virtual method 1683: Landroid/content/ContentProvider;.openFile (Landroid/net/Uri;Ljava/lang/String;Landroid/os/CancellationSignal;)Landroid/os/ParcelFileDescriptor;
01-25 08:27:29.687  3926  3926 D dalvikvm: VFY: replacing opcode 0x6f at 0x0000
01-25 08:27:29.687  3926  3926 I dalvikvm: Could not find method android.content.ContentProvider.openTypedAssetFile, referenced from method cqp.superOpenTypedAssetFile
01-25 08:27:29.687  3926  3926 W dalvikvm: VFY: unable to resolve virtual method 1687: Landroid/content/ContentProvider;.openTypedAssetFile (Landroid/net/Uri;Ljava/lang/String;Landroid/os/Bundle;Landroid/os/CancellationSignal;)Landroid/content/res/AssetFileDescriptor;
01-25 08:27:29.687  3926  3926 D dalvikvm: VFY: replacing opcode 0x6f at 0x0000
01-25 08:27:29.687  3926  3926 I dalvikvm: Could not find method android.content.ContentProvider.uncanonicalize, referenced from method cqp.superUncanonicalize
01-25 08:27:29.687  3926  3926 W dalvikvm: VFY: unable to resolve virtual method 1693: Landroid/content/ContentProvider;.uncanonicalize (Landroid/net/Uri;)Landroid/net/Uri;
01-25 08:27:29.687  3926  3926 D dalvikvm: VFY: replacing opcode 0x6f at 0x0000
01-25 08:27:29.707  3926  3930 D dalvikvm: GC_CONCURRENT freed 282K, 18% free 2471K/2980K, paused 2ms+3ms, total 27ms
01-25 08:27:29.737  3926  3926 I dalvikvm: Failed resolving Lkex; interface 656 'Landroid/app/AppOpsManager$OnOpChangedListener;'
01-25 08:27:29.737  3926  3926 W dalvikvm: Link of class 'Lkex;' failed
01-25 08:27:29.737  3926  3926 W dalvikvm: Unable to resolve superclass of Lkey; (11005)
01-25 08:27:29.737  3926  3926 W dalvikvm: Link of class 'Lkey;' failed
01-25 08:27:29.737  3926  3926 E dalvikvm: Could not find class 'key', referenced from method ket.a
01-25 08:27:29.737  3926  3926 W dalvikvm: VFY: unable to resolve new-instance 2707 (Lkey;) in Lket;
01-25 08:27:29.737  3926  3926 D dalvikvm: VFY: replacing opcode 0x22 at 0x0006
01-25 08:27:29.737  3926  3926 I dalvikvm: Failed resolving Lkex; interface 656 'Landroid/app/AppOpsManager$OnOpChangedListener;'
01-25 08:27:29.737  3926  3926 W dalvikvm: Link of class 'Lkex;' failed
01-25 08:27:29.737  3926  3926 E dalvikvm: Could not find class 'kex', referenced from method ket.a
01-25 08:27:29.737  3926  3926 W dalvikvm: VFY: unable to resolve new-instance 2706 (Lkex;) in Lket;
01-25 08:27:29.737  3926  3926 D dalvikvm: VFY: replacing opcode 0x22 at 0x0022
01-25 08:27:29.737  3926  3926 I dalvikvm: Failed resolving Lkex; interface 656 'Landroid/app/AppOpsManager$OnOpChangedListener;'
01-25 08:27:29.737  3926  3926 W dalvikvm: Link of class 'Lkex;' failed
01-25 08:27:29.737  3926  3926 W dalvikvm: Unable to resolve superclass of Lkey; (11005)
01-25 08:27:29.737  3926  3926 W dalvikvm: Link of class 'Lkey;' failed
01-25 08:27:29.737  3926  3926 D dalvikvm: DexOpt: unable to opt direct call 0x39ba at 0x08 in Lket;.a
01-25 08:27:29.737  3926  3926 I dalvikvm: Failed resolving Lkex; interface 656 'Landroid/app/AppOpsManager$OnOpChangedListener;'
01-25 08:27:29.737  3926  3926 W dalvikvm: Link of class 'Lkex;' failed
01-25 08:27:29.737  3926  3926 D dalvikvm: DexOpt: unable to opt direct call 0x39b9 at 0x24 in Lket;.a
01-25 08:27:29.747  3926  3926 I dalvikvm: Could not find method android.content.Context.isDeviceProtectedStorage, referenced from method keq.d
01-25 08:27:29.747  3926  3926 W dalvikvm: VFY: unable to resolve virtual method 1755: Landroid/content/Context;.isDeviceProtectedStorage ()Z
01-25 08:27:29.747  3926  3926 D dalvikvm: VFY: replacing opcode 0x6e at 0x0006
01-25 08:27:29.747  3926  3926 I dalvikvm: Could not find method android.os.UserHandle.isOwner, referenced from method keq.i
01-25 08:27:29.747  3926  3926 W dalvikvm: VFY: unable to resolve virtual method 2370: Landroid/os/UserHandle;.isOwner ()Z
01-25 08:27:29.747  3926  3926 D dalvikvm: VFY: replacing opcode 0x6e at 0x000a
01-25 08:27:29.767  3926  3926 I dalvikvm: Could not find method android.content.pm.PackageManager.isInstantApp, referenced from method kkh.a
01-25 08:27:29.767  3926  3926 W dalvikvm: VFY: unable to resolve virtual method 1874: Landroid/content/pm/PackageManager;.isInstantApp (Ljava/lang/String;)Z
01-25 08:27:29.767  3926  3926 D dalvikvm: VFY: replacing opcode 0x6e at 0x002d
01-25 08:27:29.767  3926  3926 E dalvikvm: Could not find class 'android.app.AppOpsManager', referenced from method kkh.a
01-25 08:27:29.767  3926  3926 W dalvikvm: VFY: unable to resolve check-cast 401 (Landroid/app/AppOpsManager;) in Lkkh;
01-25 08:27:29.767  3926  3926 D dalvikvm: VFY: replacing opcode 0x1f at 0x0010
01-25 08:27:29.777  3926  3926 I dalvikvm: Could not find method android.content.ContextWrapper.createCredentialProtectedStorageContext, referenced from method jws.createCredentialProtectedStorageContext
01-25 08:27:29.777  3926  3926 W dalvikvm: VFY: unable to resolve virtual method 1774: Landroid/content/ContextWrapper;.createCredentialProtectedStorageContext ()Landroid/content/Context;
01-25 08:27:29.777  3926  3926 D dalvikvm: VFY: replacing opcode 0x6f at 0x0002
01-25 08:27:29.777  3926  3926 I dalvikvm: Could not find method android.content.ContextWrapper.createDeviceProtectedStorageContext, referenced from method jws.createDeviceProtectedStorageContext
01-25 08:27:29.777  3926  3926 W dalvikvm: VFY: unable to resolve virtual method 1775: Landroid/content/ContextWrapper;.createDeviceProtectedStorageContext ()Landroid/content/Context;
01-25 08:27:29.777  3926  3926 D dalvikvm: VFY: replacing opcode 0x6f at 0x0002
01-25 08:27:29.787  3926  3926 D dalvikvm: DexOpt: couldn't find static field Landroid/os/Build;.SUPPORTED_ABIS
01-25 08:27:29.787  3926  3926 W dalvikvm: VFY: unable to resolve static field 948 (SUPPORTED_ABIS) in Landroid/os/Build;
01-25 08:27:29.787  3926  3926 D dalvikvm: VFY: replacing opcode 0x62 at 0x0008
01-25 08:27:29.787  3926  3926 D dalvikvm: DexOpt: couldn't find static field Landroid/os/Build;.SUPPORTED_ABIS
01-25 08:27:29.787  3926  3926 W dalvikvm: VFY: unable to resolve static field 948 (SUPPORTED_ABIS) in Landroid/os/Build;
01-25 08:27:29.787  3926  3926 D dalvikvm: VFY: replacing opcode 0x62 at 0x0097
01-25 08:27:29.787  3926  3926 D dalvikvm: DexOpt: couldn't find field Landroid/content/pm/ApplicationInfo;.splitSourceDirs
01-25 08:27:29.787  3926  3926 W dalvikvm: VFY: unable to resolve instance field 879
01-25 08:27:29.787  3926  3926 D dalvikvm: VFY: replacing opcode 0x54 at 0x0053
01-25 08:27:29.787  3926  3926 D dalvikvm: DexOpt: couldn't find field Landroid/content/pm/ApplicationInfo;.splitSourceDirs
01-25 08:27:29.787  3926  3926 I dalvikvm: DexOpt: unable to optimize instance field ref 0x036f at 0x57 in Lkgw;.d
