01-19 16:53:24.728  1747  1758 I ActivityManager: Start proc com.google.android.deskclock for broadcast com.google.android.deskclock/com.android.deskclock.AlarmInitReceiver: pid=2300 uid=10015 gids={50015, 1028}
01-19 16:53:24.768  1747  2062 I ActivityManager: Start proc com.android.providers.calendar for content provider com.android.providers.calendar/.CalendarProvider2: pid=2305 uid=10011 gids={50011, 3003, 1015, 1028}
01-19 16:53:26.688  1747  2064 I ActivityManager: Start proc com.google.android.gms for broadcast com.google.android.gms/.checkin.EventLogServiceReceiver: pid=2349 uid=10028 gids={50028, 3003, 1007, 1028, 1015, 1006, 3002, 3001, 2001, 3006}
01-19 16:53:28.088  1747  2064 I ActivityManager: Start proc com.lguplus.iptv3.base.notification:remote for service com.lguplus.iptv3.base.notification/.service.NotificationService: pid=2377 uid=10072 gids={50072, 3003, 1028}
01-19 16:53:30.448  1747  1760 W ActivityManager: Activity idle timeout for ActivityRecord{2cb09760 u0 com.lguplus.iptv3.base.launcher/.HomeActivity}
01-19 16:53:30.478  1747  1806 I PowerManagerService: Boot animation finished.
01-19 16:53:30.708  1747  1760 W ContextImpl: Calling a method in the system process without a qualified user: android.app.ContextImpl.sendBroadcast:1032 com.google.android.tv.globalkey.GlobalKeyService$1.onReceive:53 android.app.LoadedApk$ReceiverDispatcher$Args.run:758 android.os.Handler.handleCallback:725 android.os.Handler.dispatchMessage:92 
01-19 16:53:30.748  1747  1760 V WiredAccessoryManager: init()
01-19 16:53:31.008  1747  1868 I ActivityManager: Start proc com.chrome.tv.stable for service com.chrome.tv.stable/com.google.android.apps.chrome.sync.ChromeBrowserSyncAdapterService: pid=2429 uid=10013 gids={50013, 1006, 3003, 1015, 1028}
01-19 16:53:32.158  1747  1762 W WindowManager: Window freeze timeout expired.
01-19 16:53:32.158  1747  1762 W WindowManager: Force clearing orientation change: Window{2ca93128 u0 com.lguplus.iptv3.base.launcher/com.lguplus.iptv3.base.launcher.HomeActivity}
01-19 16:53:32.158  1747  1762 W WindowManager: Force clearing orientation change: Window{2ca41c20 u0 com.android.systemui.ImageWallpaper}
01-19 16:53:33.598  1747  1762 I ActivityManager: Config changes=1400 {1.0 ?mcc?mnc ko_KR ldltr sw540dp w961dp h516dp 213dpi lrg long land television -touch qwerty/v/v dpad/v s.4}
01-19 16:53:35.368  2349  2480 E ActivityThread: Failed to find provider info for com.android.contacts.metadata
01-19 16:53:36.218  1747  2062 I ActivityManager: Start proc com.cjtosplus for broadcast com.cjtosplus/com.cj.tvg.NetworkConnectionReceiver: pid=2496 uid=10009 gids={50009, 3003, 1028}
01-19 16:53:36.448  1747  2092 I ActivityManager: Start proc android.process.media for broadcast com.android.providers.downloads/.DownloadReceiver: pid=2512 uid=10017 gids={50017, 1015, 1023, 1024, 1028, 2001, 3003, 3007}
01-19 16:53:37.258  1747  2092 I ActivityManager: Start proc com.lguplus.pushagentstb for broadcast com.lguplus.pushagentstb/.service.NetworkStateMonitor: pid=2535 uid=10057 gids={50057, 3003, 1015, 1028}
01-19 16:53:37.538  1747  2116 I ActivityManager: Start proc com.lguplus.iptv3.base.livewidget for broadcast com.lguplus.iptv3.base.livewidget/.data.LiveWidgetReceiver: pid=2549 uid=10069 gids={50069, 3003, 1015, 1028}
01-19 16:53:38.548  1747  2116 I ActivityManager: Start proc com.lguplus.iptv3.base.setting for content provider com.lguplus.iptv3.base.setting/.provider.SettingProvider: pid=2572 uid=10076 gids={50076, 1015, 3003, 1028}
01-19 16:53:40.278  1747  1832 D ConnectivityService: handleInetConditionHoldEnd: net=9, condition=0, published condition=0
01-19 16:53:40.428  1747  2147 I ActivityManager: Start proc com.lguplus.iptv3.base.si.provider for content provider com.lguplus.iptv3.base.si.provider/.EpgProvider: pid=2605 uid=10003 gids={50003, 1028}
01-19 16:53:42.688  1747  2097 I ActivityManager: Start proc com.android.settings for broadcast com.android.settings/.widget.SettingsAppWidgetProvider: pid=2640 uid=1000 gids={41000, 3003, 1015, 1028, 3002, 3001, 3007}
01-19 16:53:43.418  1747  2118 W ActivityManager: Unable to start service Intent { act=com.google.android.gms.nearby.discovery:ACTION_PERMISSION_CHANGE cmp=com.google.android.gms/.nearby.discovery.service.DiscoveryService } U=0: not found
01-19 16:53:43.728  1747  2146 I ActivityManager: Start proc com.lge.iptv.onewaycontrol for broadcast com.lge.iptv.onewaycontrol/.IpTunerReceiver: pid=2683 uid=10038 gids={50038, 3003, 1028}
01-19 16:53:44.048  1747  2118 I ActivityManager: START u0 {act=android.intent.action.VIEW dat=tv://passthrough?deviceId=com.lguplus.lguiptv flg=0x10200000 cmp=com.google.tv.player/.PlayerActivity} from pid 2683
01-19 16:53:44.578  1747  2092 I ActivityManager: Start proc com.lguplus.iptv3.base.si.agent.service for service com.lguplus.iptv3.base.si.agent.service/.NativeListenService: pid=2702 uid=10005 gids={50005, 3003, 1028}
01-19 16:53:44.768  1747  1758 I ActivityManager: Start proc com.lguplus.iptv3.base.bootinit for service com.lguplus.iptv3.base.bootinit/.BootInitService: pid=2714 uid=10065 gids={50065, 3003, 1015, 1028}
01-19 16:53:45.008  1747  1760 W ActivityManager: Activity pause timeout for ActivityRecord{2cb09760 u0 com.lguplus.iptv3.base.launcher/.HomeActivity}
01-19 16:53:45.098  1747  1760 I ActivityManager: Start proc com.google.tv.player for activity com.google.tv.player/.PlayerActivity: pid=2730 uid=10086 gids={50086, 3003, 1028}
01-19 16:53:45.918  1747  2062 I ActivityManager: START u0 {act=android.intent.action.VIEW dat=tv://passthrough?deviceId=com.lguplus.lguiptv cmp=com.google.tv.player/.PlayerActivity} from pid -1
01-19 16:53:45.918  1747  2062 W ActivityManager: startActivity called from non-Activity context; forcing Intent.FLAG_ACTIVITY_NEW_TASK for: Intent { act=android.intent.action.VIEW dat=tv://passthrough?deviceId=com.lguplus.lguiptv cmp=com.google.tv.player/.PlayerActivity }
01-19 16:53:45.968  1747  2064 I ActivityManager: Start proc com.lguplus.iptv3.base.agent.rating:remote for service com.lguplus.iptv3.base.agent.rating/.app.VbmAgent: pid=2754 uid=10059 gids={50059, 1015, 3003, 1028}
01-19 16:53:46.028  1747  2118 I ActivityManager: Start proc com.lguplus.iptv3.base.agent.notice:remote for service com.lguplus.iptv3.base.agent.notice/.app.NoticeAgent: pid=2761 uid=10049 gids={50049, 1015, 3003, 1028}
01-19 16:53:46.098  1747  2146 I ActivityManager: Start proc com.lguplus.iptv3.base.agent.advertisement for service com.lguplus.iptv3.base.agent.advertisement/.ADAgentRecieverService: pid=2772 uid=10001 gids={50001, 3003, 1028}
01-19 16:53:46.498  1747  2116 I ActivityManager: START u0 {act=android.intent.action.PRIVACY_SETUP cmp=com.google.tv.welcome/.PrivacySetupActivity} from pid 2730
01-19 16:53:47.008  1747  2097 I ActivityManager: Start proc com.google.cast.castreceiver for service com.chrome.tv.stable/com.google.tv.dial.launcher.LaunchService: pid=2809 uid=10013 gids={50013, 1006, 3003, 1015, 1028}
01-19 16:53:47.048  1747  1760 W ActivityManager: Activity pause timeout for ActivityRecord{2cb57940 u0 com.google.tv.player/.PlayerActivity}
01-19 16:53:47.088  1747  1760 I ActivityManager: Start proc com.google.tv.welcome for activity com.google.tv.welcome/.PrivacySetupActivity: pid=2822 uid=1000 gids={41000, 3003, 1015, 1028, 3002, 3001, 3007}
01-19 16:53:47.228  1747  2568 I ActivityManager: Start proc com.lguplus.iptv3.updatecheck for broadcast com.lguplus.iptv3.updatecheck/.StartReceiver: pid=2835 uid=10082 gids={50082, 3003, 1028}
01-19 16:53:48.098  2069  2069 W ContextImpl: Calling a method in the system process without a qualified user: android.app.ContextImpl.startService:1352 android.content.ContextWrapper.startService:450 android.content.ContextWrapper.startService:450 com.marvell.audio.loopback.AmpAudioLoopbackBroadcastReceiver.onReceive:66 android.app.ActivityThread.handleReceiver:2376 
01-19 16:53:48.128  2103  2103 W ContextImpl: Calling a method in the system process without a qualified user: android.app.ContextImpl.startService:1352 android.content.ContextWrapper.startService:450 android.content.ContextWrapper.startService:450 com.marvell.AppKiller.AppKillerBroadcastReceiver.onReceive:45 android.app.ActivityThread.handleReceiver:2376 
01-19 16:53:51.808  1747  2062 I ActivityManager: Start proc com.lguplus.iptv3.tvgfamilychannel for broadcast com.lguplus.iptv3.tvgfamilychannel/.receiver.BootCompleteReceiver: pid=2910 uid=10022 gids={50022, 3003, 1015, 1028}
01-19 16:53:52.228  1747  2147 I ActivityManager: Start proc com.lguplus.iptv3.base.si.updater for service com.lguplus.iptv3.base.si.updater/.EpgUpdateService: pid=2926 uid=10004 gids={50004, 3003, 1028}
01-19 16:53:54.038  1747  1766 W ProcessStats: Skipping unknown process pid 2946
01-19 16:53:54.038  1747  1766 W ProcessStats: Skipping unknown process pid 2947
01-19 16:53:54.038  1747  1766 W ProcessStats: Skipping unknown process pid 2948
01-19 16:53:55.248  1747  2092 I ActivityManager: Start proc com.google.android.partnersetup for broadcast com.google.android.partnersetup/.GooglePartnerSetup: pid=2955 uid=10031 gids={50031, 3003, 1028}
01-19 16:53:55.528  1747  1760 W ActivityManager: Activity idle timeout for ActivityRecord{2cb57940 u0 com.google.tv.player/.PlayerActivity}
01-19 16:53:55.928  1747  2092 W BroadcastQueue: Permission Denial: receiving Intent { act=android.intent.action.BOOT_COMPLETED flg=0x10 (has extras) } to com.lguplus.homech/.Service.CUGReceiver requires android.permission.RECEIVE_BOOT_COMPLETED due to sender null (uid 1000)
01-19 16:53:56.068  2037  2037 W ContextImpl: Calling a method in the system process without a qualified user: android.app.ContextImpl.startService:1352 android.content.ContextWrapper.startService:450 android.content.ContextWrapper.startService:450 com.lge.sys.IptvShmServiceStarter.onReceive:37 android.app.ActivityThread.handleReceiver:2376 
01-19 16:53:56.128  1747  1759 I ActivityManager: Start proc com.lguplus.downloader for broadcast com.lguplus.downloader/.receiver.IncompleteDownloadReceiver: pid=2982 uid=10039 gids={50039, 3003, 1015, 1028}
01-19 16:53:56.218  1747  1815 I ActivityManager: Config changes=1400 {1.0 ?mcc?mnc ko_KR ldltr sw540dp w961dp h516dp 213dpi lrg long land television -touch qwerty/v/v dpad/v s.5}
01-19 16:53:56.548  1747  1832 D ConnectivityService: handleInetConditionHoldEnd: net=9, condition=100, published condition=0
01-19 16:53:57.048  2037  2073 W ContextImpl: Calling a method in the system process without a qualified user: android.app.ContextImpl.sendBroadcast:1032 android.content.ContextWrapper.sendBroadcast:338 com.lge.sys.IptvShmService$IptvEventHandler.BroadcastEvent:509 com.lge.sys.IptvListener.Notify:156 com.lge.sys.ILgIpcClientService$Stub.onTransact:55 
01-19 16:53:57.368  2037  2637 W ContextImpl: Calling a method in the system process without a qualified user: android.app.ContextImpl.sendBroadcast:1032 android.content.ContextWrapper.sendBroadcast:338 com.lge.sys.IptvShmService$IptvEventHandler.BroadcastEvent:509 com.lge.sys.IptvListener.Notify:156 com.lge.sys.ILgIpcClientService$Stub.onTransact:55 
01-19 16:53:58.328  1747  1832 D ConnectivityService: handleInetConditionHoldEnd: net=9, condition=100, published condition=100
01-19 16:53:58.878  1747  1759 I ActivityManager: Start proc com.lguplus.iptv3.base.orangecast.shop for broadcast com.lguplus.iptv3.base.orangecast.shop/.service.OcStartService: pid=3035 uid=10051 gids={50051, 3003, 1015, 1028}
01-19 16:53:59.628  1747  1747 I ActivityManager: Start proc com.lguplus.iptv3.base.orangecast.shop:remote for service com.lguplus.iptv3.base.orangecast.shop/.service.TriggerService: pid=3052 uid=10051 gids={50051, 3003, 1015, 1028}
01-19 16:54:00.378  2124  2124 W ContextImpl: Calling a method in the system process without a qualified user: android.app.ContextImpl.startService:1352 android.content.ContextWrapper.startService:450 android.content.ContextWrapper.startService:450 com.lge.ui.service.SysUIServiceStarter.onReceive:36 android.app.ActivityThread.handleReceiver:2376 
01-19 16:54:01.378  1747  1760 W ActivityManager: Activity stop timeout for ActivityRecord{2cb57940 u0 com.google.tv.player/.PlayerActivity}
01-19 16:54:11.728  2640  2640 W ContextImpl: Calling a method in the system process without a qualified user: android.app.ContextImpl.startService:1352 android.content.ContextWrapper.startService:450 android.content.ContextWrapper.startService:450 com.android.settings.BootCompletedReceiver.onReceive:56 android.app.ActivityThread.handleReceiver:2376 
01-19 16:54:11.838  1747  2097 I ActivityManager: Start proc com.google.tv.voicesearch for broadcast com.google.tv.voicesearch/.receivers.MediaDeviceLineupChangeReceiver: pid=3151 uid=10087 gids={50087, 3003, 1028}
01-19 16:54:12.128  1747  2996 I ActivityManager: Activity reported stop, but no longer stopping: ActivityRecord{2cb57940 u0 com.google.tv.player/.PlayerActivity}
01-19 16:54:12.698  1747  2064 I ActivityManager: Start proc com.lguplus.iptv3.onetouchstb for broadcast com.lguplus.iptv3.onetouchstb/.kidscare.KidsCareReceiver: pid=3174 uid=10052 gids={50052, 3003, 3002, 1028}
01-19 16:54:13.248  1747  2097 I ActivityManager: Start proc com.google.android.youtube.googletv for broadcast com.google.android.youtube.googletv/com.google.android.apps.youtube.tv.activity.RecommendationService$BootReceiver: pid=3191 uid=10093 gids={50093, 3003, 1028}
01-19 16:54:14.748  1747  2996 I ActivityManager: Start proc com.android.browser.provider for content provider com.android.browser.provider/.BrowserProviderProxy: pid=3214 uid=10084 gids={50084, 1028}
01-19 16:54:17.148  1747  2092 I ActivityManager: Start proc com.android.vending for broadcast com.android.vending/com.google.android.finsky.receivers.BootCompletedReceiver: pid=3259 uid=10056 gids={50056, 3003, 1015, 1028}
01-19 16:54:17.158  1747  2092 I ActivityManager: No longer want com.cjtosplus (pid 2496): empty #17
01-19 16:54:18.088  1747  2064 I ActivityManager: No longer want com.android.calendar (pid 2261): empty #17
01-19 16:54:18.428  1747  2064 I ActivityManager: No longer want com.chrome.tv.stable (pid 2429): empty #17
01-19 16:54:18.608  1747  2147 I ActivityManager: Start proc com.chrome.tv.stable for content provider com.chrome.tv.stable/com.google.android.apps.chrome.ChromeBrowserProvider: pid=3322 uid=10013 gids={50013, 1006, 3003, 1015, 1028}
01-19 16:54:18.788  1747  2062 I ActivityManager: No longer want com.lguplus.iptv3.updatecheck (pid 2835): empty #17
01-19 16:54:18.888  3214  3225 W ActivityThread: Content provider com.google.android.apps.chrome.ChromeBrowserProvider already published as com.chrome.tv.stable.ChromeBrowserProvider
01-19 16:54:18.898  3214  3225 W ActivityThread: Content provider com.google.android.apps.chrome.ChromeBrowserProvider already published as com.chrome.tv.stable.browser
01-19 16:54:18.898  3214  3225 W ActivityThread: Content provider com.google.android.apps.chrome.ChromeBrowserProvider already published as com.chrome.tv.stable
01-19 16:54:19.718  1747  2118 I ActivityManager: Start proc com.android.calendar for broadcast com.android.calendar/.widget.CalendarAppWidgetProvider: pid=3352 uid=10010 gids={50010, 3003, 1028}
01-19 16:54:20.298  1747  2116 I ActivityManager: No longer want com.google.android.deskclock (pid 2300): empty #17
01-19 16:54:21.148  1747  2097 I ActivityManager: Start proc com.lguplus.iptv3.ltealive for broadcast com.lguplus.iptv3.ltealive/.push.LGUPlusPushAgentMsgReceiver: pid=3400 uid=10041 gids={50041, 1015, 1028, 3003}
01-19 16:54:21.568  1747  2568 I ActivityManager: Start proc com.lguplus.iptv3.base.reservalarmmng for broadcast com.lguplus.iptv3.base.reservalarmmng/.receiver.LGUPlusPushAgentMsgReceiver: pid=3414 uid=10074 gids={50074, 3003, 1028}
01-19 16:54:23.668  1747  1747 I ActivityManager: Start proc .remote for broadcast com.lguplus.iptv4.base.curationservice/.reciver.RestartReceiver: pid=3448 uid=10002 gids={50002, 3003, 1015, 1028}
01-19 16:54:24.358  1747  2147 I ActivityManager: Start proc com.google.android.music:main for broadcast com.google.android.music/.store.MediaStoreImportService$Receiver: pid=3465 uid=10047 gids={50047, 3003, 1015, 1028}
01-19 16:54:28.598  1747  1759 I ActivityManager: No longer want com.lguplus.iptv3.tvgfamilychannel (pid 2910): empty #17
01-19 16:54:36.138  1747  1808 W ActivityManager: Unable to start service Intent { act=com.google.android.gms.drive.ApiService.RESET_AFTER_BOOT flg=0x4 cmp=com.google.android.gms/.drive.api.ApiService (has extras) } U=0: not found
01-19 16:54:37.548  1747  2116 I ActivityManager: Start proc com.google.android.gms.unstable for service com.google.android.gms/.droidguard.DroidGuardService: pid=3584 uid=10028 gids={50028, 3003, 1007, 1028, 1015, 1006, 3002, 3001, 2001, 3006}
01-19 16:54:41.648  1747  1747 I ActivityManager: No longer want com.lguplus.iptv3.base.si.provider (pid 2605): empty #17
01-19 16:54:46.648  1747  2062 W ActivityManager: Unable to start service Intent { act=com.google.android.gms.nearby.discovery:ACTION_INIT_MESSAGES_PATH cmp=com.google.android.gms/.nearby.discovery.service.DiscoveryService } U=0: not found
01-19 16:54:49.298  1747  2568 I ActivityManager: Start proc com.google.android.gsf.login for service com.google.android.gsf.login/com.google.android.gsf.loginservice.GoogleLoginService: pid=3695 uid=10028 gids={50028, 3003, 1007, 1028, 1015, 1006, 3002, 3001, 2001, 3006}
01-19 16:54:49.708  1747  1996 W ThrottleService: unable to find stats for iface rmnet0
01-19 16:54:53.598  1747  2568 I ActivityManager: Start proc com.google.android.gms.ui for service com.google.android.gms/.chimera.UiIntentOperationService: pid=3758 uid=10028 gids={50028, 3003, 1007, 1028, 1015, 1006, 3002, 3001, 2001, 3006}
01-19 16:54:58.878  1747  1766 W ProcessStats: Skipping unknown process pid 3806
01-19 16:54:58.878  1747  1766 W ProcessStats: Skipping unknown process pid 3807
01-19 16:54:58.878  1747  1766 W ProcessStats: Skipping unknown process pid 3808
01-19 16:55:01.388  3214  3321 W ActivityThread: Content provider com.google.android.apps.chrome.ChromeBrowserProvider already published as com.chrome.tv.stable.ChromeBrowserProvider
01-19 16:55:01.388  3214  3321 W ActivityThread: Content provider com.google.android.apps.chrome.ChromeBrowserProvider already published as com.chrome.tv.stable.browser
01-19 16:55:01.388  3214  3321 W ActivityThread: Content provider com.google.android.apps.chrome.ChromeBrowserProvider already published as com.chrome.tv.stable
01-19 16:55:06.248  1747  2116 I ActivityManager: No longer want com.lguplus.downloader (pid 2982): empty #17
01-19 16:55:06.718  1747  2146 I ActivityManager: No longer want com.google.android.partnersetup (pid 2955): empty #17
01-19 16:55:14.758  1747  2064 I ActivityManager: No longer want com.lguplus.iptv3.base.orangecast.shop (pid 3035): empty #17
01-19 16:55:36.418  1747  1758 W ActivityManager: Permission denied: checkComponentPermission() owningUid=10047
01-19 16:55:36.418  1747  1758 W ActivityManager: Permission denied: checkComponentPermission() owningUid=10047
01-19 16:55:36.418  1747  1758 W ActivityManager: Permission Denial: opening provider com.google.android.music.icing.IcingContentProvider from ProcessRecord{2cbc8d30 2349:com.google.android.gms/u0a10028} (pid=2349, uid=10028) that is not exported from uid 10047
01-19 16:55:38.198  1747  1759 I ActivityManager: No longer want com.lguplus.iptv3.base.setting (pid 2572): empty #17
01-19 16:55:46.068  1747  2568 I ActivityManager: START u0 {act=android.intent.action.VIEW dat=tv://passthrough?deviceId=com.lguplus.lguiptv flg=0x10200000 cmp=com.google.tv.player/.PlayerActivity} from pid 2683
01-19 16:55:47.378  1747  2062 I ActivityManager: Start proc com.lguplus.iptv3.secondtvservice for broadcast com.lguplus.iptv3.secondtvservice/.SecondTvServiceReceiver: pid=4044 uid=10062 gids={50062, 3003, 1015, 1028}
01-19 16:55:47.708  1747  2064 I ActivityManager: Start proc com.lguplus.iptv3.homesharestb for broadcast com.lguplus.iptv3.homesharestb/com.lguplus.stb.service.HomeShareReceiver: pid=4058 uid=10036 gids={50036, 3003, 1015, 1028}
01-19 16:55:49.138  1747  2147 I ActivityManager: Start proc com.solveone.sollive.smartgateway for broadcast com.solveone.sollive.smartgateway/.SmartGatewayReceiver: pid=4084 uid=10064 gids={50064, 3003, 1015, 1028}
01-19 16:55:50.188  1747  2118 I ActivityManager: START u0 {flg=0x30000000 cmp=com.solveone.sollive.smartgateway/.MainSmartGatewayActivity (has extras)} from pid 4084
01-19 16:55:50.718  1747  2097 I ActivityManager: Start proc com.lguplus.iptv3.base.fwupdater for broadcast com.lguplus.iptv3.base.fwupdater/.outsideevtreceiver.BootCompleteEventReceiver: pid=308 uid=10068 gids={50068, 1015, 3003, 1028}
01-19 16:55:50.738  1747  2097 I ActivityManager: No longer want com.google.tv.voicesearch (pid 3151): empty #17
01-19 16:55:51.158  1747  1760 W ActivityManager: Activity pause timeout for ActivityRecord{2cb57940 u0 com.google.tv.player/.PlayerActivity}
01-19 16:55:51.288  1747  2097 I ActivityManager: Start proc com.lguplus.iptv3.base.fwupdater:remote for service com.lguplus.iptv3.base.fwupdater/.BackgroundActionService: pid=332 uid=10068 gids={50068, 1015, 3003, 1028}
01-19 16:55:51.968  1747  2118 I ActivityManager: Start proc tv.anypoint.uplus.tvg.app for content provider tv.anypoint.uplus.tvg.app/tv.anypoint.android.core.app.MonitorContentProvider: pid=352 uid=10100 gids={50100, 3003, 1028, 1015}
01-19 16:55:52.928  1747  1747 I ActivityManager: Start proc com.lguplus.iptv3.base.search for broadcast com.lguplus.iptv3.base.search/.receiver.SearchReceiver: pid=372 uid=10075 gids={50075, 3003, 1028}
01-19 16:55:53.358  1747  2097 W InputMethodManagerService: Window already focused, ignoring focus gain of: com.android.internal.view.IInputMethodClient$Stub$Proxy@2cabd368 attribute=null, token = android.os.BinderProxy@2cb55280
01-19 16:55:54.428  1747  1759 I ActivityManager: No longer want com.google.android.youtube.googletv (pid 3191): empty #17
01-19 16:55:54.818  1747  2147 I ActivityManager: Start proc com.lguplus.iptv3.updatecheck for service com.lguplus.iptv3.updatecheck/.UpdateService: pid=402 uid=10082 gids={50082, 3003, 1028}
01-19 16:55:55.908  1747  1766 E NotificationService: Ignoring notification with icon==0: Notification(pri=0 contentView=null vibrate=null sound=null defaults=0x0 flags=0x62 kind=[null])
01-19 16:55:57.708  1747  2146 I ActivityManager: Start proc kr.co.tjcomm.zillernoraebang for broadcast kr.co.tjcomm.zillernoraebang/.broadcast.LiveUpdateBroadcastReceiver: pid=435 uid=10094 gids={50094, 3003, 1015, 1028}
01-19 16:55:58.218  1747  1759 I ActivityManager: Start proc com.lguplus.hotyoutube for broadcast com.lguplus.hotyoutube/.LiveUpdateBroadcastReceiver: pid=451 uid=10097 gids={50097, 3003, 1028}
01-19 16:55:58.228  1747  1759 I ActivityManager: No longer want com.android.browser.provider (pid 3214): empty #17
01-19 16:55:58.598  1747  2116 I ActivityManager: Start proc com.cj.android.tvg for broadcast com.cj.android.tvg/.tvGLiveUpdateBroadcastReceiver: pid=469 uid=10102 gids={50102, 3003, 1028}
01-19 16:55:58.608  1747  2116 I ActivityManager: No longer want com.chrome.tv.stable (pid 3322): empty #17
01-19 16:55:59.028  1747  1758 I ActivityManager: No longer want com.android.calendar (pid 3352): empty #17
01-19 16:56:00.318  1747  2146 I ActivityManager: Start proc com.lguplus.iptv3.base.setting for content provider com.lguplus.iptv3.base.setting/.provider.SettingProvider: pid=504 uid=10076 gids={50076, 1015, 3003, 1028}
01-19 16:56:00.658  1747  2092 I ActivityManager: No longer want .remote (pid 3448): empty #17
01-19 16:56:12.098  1747  2064 I ActivityManager: Start proc com.lguplus.iptv3.base.si.provider for content provider com.lguplus.iptv3.base.si.provider/.EpgProvider: pid=892 uid=10003 gids={50003, 1028}
01-19 16:56:12.478  1747  2097 I ActivityManager: No longer want com.android.providers.calendar (pid 2305): empty #17
01-19 16:58:17.888  1747  1868 I ActivityManager: Start proc com.google.android.syncadapters.calendar for service com.google.android.syncadapters.calendar/.CalendarSyncAdapterService: pid=1490 uid=10029 gids={50029, 3003, 1028}
01-19 16:58:17.948  1747  1832 D ConnectivityService: handleInetConditionHoldEnd: net=9, condition=100, published condition=100
01-19 16:58:18.358  1747  2147 I ActivityManager: Start proc com.android.providers.calendar for content provider com.android.providers.calendar/.CalendarProvider2: pid=1505 uid=10011 gids={50011, 3003, 1015, 1028}
01-19 16:58:19.908  1747  1766 I ActivityManager: Start proc com.android.calendar for broadcast com.android.calendar/.alerts.AlertReceiver: pid=1530 uid=10010 gids={50010, 3003, 1028}
01-19 16:58:20.718  1747  2996 I ActivityManager: No longer want com.google.android.gms.ui (pid 3758): empty #17
01-19 16:58:22.978  1747  2116 I ActivityManager: No longer want com.google.android.music:main (pid 3465): empty #17
01-19 16:58:52.718  1747  2118 I ActivityManager: No longer want android.process.media (pid 2512): empty #17
01-19 17:00:59.818  1747  1766 W ProcessStats: Skipping unknown process pid 2304
01-19 17:00:59.818  1747  1766 W ProcessStats: Skipping unknown process pid 2305
01-19 17:00:59.818  1747  1766 W ProcessStats: Skipping unknown process pid 2306
01-19 17:04:49.728  1747  1996 W ThrottleService: unable to find stats for iface rmnet0
01-19 17:05:39.308  1747  2147 I ActivityManager: Process com.google.android.gms.unstable (pid 3584) has died.
01-19 17:07:01.178  1747  1766 E NotificationService: Ignoring notification with icon==0: Notification(pri=0 contentView=null vibrate=null sound=null defaults=0x0 flags=0x62 kind=[null])
01-19 17:07:28.098  1747  1832 D ConnectivityService: handleInetConditionHoldEnd: net=9, condition=100, published condition=100
01-19 17:08:01.268  1747  1766 E NotificationService: Ignoring notification with icon==0: Notification(pri=0 contentView=null vibrate=null sound=null defaults=0x0 flags=0x62 kind=[null])
01-19 17:08:17.858  1747  1832 D ConnectivityService: handleInetConditionHoldEnd: net=9, condition=100, published condition=100
01-19 17:09:01.438  1747  1766 E NotificationService: Ignoring notification with icon==0: Notification(pri=0 contentView=null vibrate=null sound=null defaults=0x0 flags=0x62 kind=[null])
01-19 17:10:01.558  1747  1766 E NotificationService: Ignoring notification with icon==0: Notification(pri=0 contentView=null vibrate=null sound=null defaults=0x0 flags=0x62 kind=[null])
01-19 17:11:01.658  1747  1766 E NotificationService: Ignoring notification with icon==0: Notification(pri=0 contentView=null vibrate=null sound=null defaults=0x0 flags=0x62 kind=[null])
01-19 17:12:01.808  1747  1766 E NotificationService: Ignoring notification with icon==0: Notification(pri=0 contentView=null vibrate=null sound=null defaults=0x0 flags=0x62 kind=[null])
01-19 17:13:01.928  1747  1766 E NotificationService: Ignoring notification with icon==0: Notification(pri=0 contentView=null vibrate=null sound=null defaults=0x0 flags=0x62 kind=[null])
01-19 17:13:50.838  1747  2097 I ActivityManager: Start proc com.lguplus.iptv4.base.curation for service com.lguplus.iptv4.base.curation/.StartCurationService: pid=1767 uid=10066 gids={50066, 3003, 1028}
01-19 17:13:51.368  1747  2118 I ActivityManager: START u0 {cmp=com.lguplus.iptv4.base.curation/.MainActivity (has extras)} from pid -1
01-19 17:13:51.378  1747  2118 W ActivityManager: startActivity called from non-Activity context; forcing Intent.FLAG_ACTIVITY_NEW_TASK for: Intent { cmp=com.lguplus.iptv4.base.curation/.MainActivity (has extras) }
01-19 17:14:02.038  1747  1766 E NotificationService: Ignoring notification with icon==0: Notification(pri=0 contentView=null vibrate=null sound=null defaults=0x0 flags=0x62 kind=[null])
01-19 17:14:31.028  1747  2996 I ActivityManager: Process com.google.tv.welcome (pid 2822) has died.
01-19 17:14:49.728  1747  1996 W ThrottleService: unable to find stats for iface rmnet0
01-19 17:15:02.148  1747  1766 E NotificationService: Ignoring notification with icon==0: Notification(pri=0 contentView=null vibrate=null sound=null defaults=0x0 flags=0x62 kind=[null])
01-19 17:16:02.258  1747  1766 E NotificationService: Ignoring notification with icon==0: Notification(pri=0 contentView=null vibrate=null sound=null defaults=0x0 flags=0x62 kind=[null])
01-19 17:16:59.508  1747  2064 I ActivityManager: START u0 {flg=0x4000000 cmp=com.lguplus.iptv4.base.curation/com.lguplus.iptv3.base.purchase.PurchaseActivity (has extras)} from pid 1767
01-19 17:16:59.798  1747  2064 I ActivityManager: START u0 {flg=0x4000000 cmp=com.lguplus.iptv3.base.setting/.dialogactivity.PassCheckCommonDialogActivity (has extras)} from pid 1767
01-19 17:17:00.608  1747  2146 I ActivityManager: Process com.android.vending (pid 3259) has died.
01-19 17:17:02.358  1747  1766 E NotificationService: Ignoring notification with icon==0: Notification(pri=0 contentView=null vibrate=null sound=null defaults=0x0 flags=0x62 kind=[null])
01-19 17:17:28.098  1747  1832 D ConnectivityService: handleInetConditionHoldEnd: net=9, condition=100, published condition=100
01-19 17:18:02.448  1747  1766 E NotificationService: Ignoring notification with icon==0: Notification(pri=0 contentView=null vibrate=null sound=null defaults=0x0 flags=0x62 kind=[null])
01-19 17:18:30.848  1747  1766 W ProcessStats: Skipping unknown process pid 3305
01-19 17:18:30.848  1747  1766 W ProcessStats: Skipping unknown process pid 3306
01-19 17:18:30.848  1747  1766 W ProcessStats: Skipping unknown process pid 3307
01-19 17:19:02.538  1747  1766 E NotificationService: Ignoring notification with icon==0: Notification(pri=0 contentView=null vibrate=null sound=null defaults=0x0 flags=0x62 kind=[null])
01-19 17:20:02.618  1747  1766 E NotificationService: Ignoring notification with icon==0: Notification(pri=0 contentView=null vibrate=null sound=null defaults=0x0 flags=0x62 kind=[null])
01-19 17:21:02.728  1747  1766 E NotificationService: Ignoring notification with icon==0: Notification(pri=0 contentView=null vibrate=null sound=null defaults=0x0 flags=0x62 kind=[null])
01-19 17:22:02.808  1747  1766 E NotificationService: Ignoring notification with icon==0: Notification(pri=0 contentView=null vibrate=null sound=null defaults=0x0 flags=0x62 kind=[null])
01-19 17:22:07.598  1747  1768 W BatteryStatsImpl: Couldn't get kernel wake lock stats
01-19 17:23:02.918  1747  1766 E NotificationService: Ignoring notification with icon==0: Notification(pri=0 contentView=null vibrate=null sound=null defaults=0x0 flags=0x62 kind=[null])
01-19 17:23:59.998  1747  1766 I ActivityManager: No longer want com.lguplus.iptv3.base.orangecast.shop:remote (pid 3052): empty for 1800s
01-19 17:24:00.018  1747  2064 W ActivityManager: Scheduling restart of crashed service com.lguplus.iptv3.base.orangecast.shop/.service.TriggerService in 5000ms
01-19 17:24:02.998  1747  1766 E NotificationService: Ignoring notification with icon==0: Notification(pri=0 contentView=null vibrate=null sound=null defaults=0x0 flags=0x62 kind=[null])
01-19 17:24:05.028  1747  1766 I ActivityManager: Start proc com.lguplus.iptv3.base.orangecast.shop:remote for service com.lguplus.iptv3.base.orangecast.shop/.service.TriggerService: pid=844 uid=10051 gids={50051, 3003, 1015, 1028}
01-19 17:24:49.728  1747  1996 W ThrottleService: unable to find stats for iface rmnet0
01-19 17:25:03.088  1747  1766 E NotificationService: Ignoring notification with icon==0: Notification(pri=0 contentView=null vibrate=null sound=null defaults=0x0 flags=0x62 kind=[null])
01-19 17:25:19.658  1747  1766 I ActivityManager: No longer want com.android.settings (pid 2640): empty for 1807s
01-19 17:25:19.658  1747  1766 I ActivityManager: No longer want android.process.acore (pid 2227): empty for 1812s
01-19 17:25:19.688  1747  2097 W ActivityManager: Scheduling restart of crashed service com.android.settings/.TvSettingsObserverService in 5000ms
01-19 17:25:24.698  1747  1766 I ActivityManager: Start proc com.android.settings for service com.android.settings/.TvSettingsObserverService: pid=1310 uid=1000 gids={41000, 3003, 1015, 1028, 3002, 3001, 3007}
01-19 17:25:49.658  1747  1766 I ActivityManager: No longer want com.lguplus.iptv3.ltealive (pid 3400): empty for 1801s
01-19 17:25:49.658  1747  1766 I ActivityManager: No longer want com.lguplus.iptv3.secondtvservice (pid 4044): empty for 1801s
01-19 17:25:49.658  1747  1766 I ActivityManager: No longer want com.lguplus.iptv3.base.bootinit (pid 2714): empty for 1924s
01-19 17:25:49.678  1747  1758 W ActivityManager: Scheduling restart of crashed service com.lguplus.iptv3.base.bootinit/.BootInitService in 5000ms
01-19 17:25:49.688  1747  2118 W ActivityManager: Scheduling restart of crashed service com.lguplus.iptv3.secondtvservice/.SecondTvService in 14992ms
01-19 17:25:54.688  1747  1766 I ActivityManager: Start proc com.lguplus.iptv3.base.bootinit for service com.lguplus.iptv3.base.bootinit/.BootInitService: pid=1410 uid=10065 gids={50065, 3003, 1015, 1028}
01-19 17:25:54.708  1747  2147 I ActivityManager: No longer want com.lguplus.iptv3.base.search (pid 372): empty for 1801s
01-19 17:25:54.718  1747  2147 I ActivityManager: No longer want com.lge.iptv.onewaycontrol (pid 2683): empty for 1803s
01-19 17:25:54.718  1747  2147 I ActivityManager: No longer want com.solveone.sollive.smartgateway (pid 4084): empty for 1803s
01-19 17:25:54.728  1747  2147 I ActivityManager: No longer want com.lguplus.iptv3.base.fwupdater:remote (pid 332): empty for 1803s
01-19 17:25:54.758  1747  2097 W ActivityManager: Scheduling restart of crashed service com.lge.iptv.onewaycontrol/.IpTunerService in 19920ms
01-19 17:25:54.758  1747  2097 W ActivityManager: Scheduling restart of crashed service com.lge.iptv.onewaycontrol/.OneWayService in 29920ms
01-19 17:25:54.758  1747  1759 W ActivityManager: Scheduling restart of crashed service com.lguplus.iptv3.base.fwupdater/.BackgroundActionService in 39918ms
01-19 17:25:56.018  1747  1766 I ActivityManager: No longer want com.lguplus.iptv3.updatecheck (pid 402): empty for 1800s
01-19 17:25:56.038  1747  2097 W ActivityManager: Scheduling restart of crashed service com.lguplus.iptv3.updatecheck/.UpdateService in 48639ms
01-19 17:25:59.998  1747  1766 I ActivityManager: No longer want com.cj.android.tvg (pid 469): empty for 1801s
01-19 17:25:59.998  1747  1766 I ActivityManager: No longer want com.lguplus.hotyoutube (pid 451): empty for 1801s
01-19 17:25:59.998  1747  1766 I ActivityManager: No longer want kr.co.tjcomm.zillernoraebang (pid 435): empty for 1802s
01-19 17:25:59.998  1747  1766 I ActivityManager: No longer want com.lguplus.iptv3.base.fwupdater (pid 308): empty for 1802s
01-19 17:25:59.998  1747  1766 I ActivityManager: No longer want com.lguplus.pushagentstb (pid 2535): empty for 1802s
01-19 17:26:00.008  1747  1766 I ActivityManager: No longer want com.google.cast.castreceiver (pid 2809): empty for 1932s
01-19 17:26:00.038  1747  2568 W ActivityManager: Scheduling restart of crashed service com.lguplus.pushagentstb/.service.PushAgentService in 54638ms
01-19 17:26:00.048  1747  2116 W ActivityManager: Scheduling restart of crashed service com.chrome.tv.stable/com.google.tv.dial.launcher.LaunchService in 64627ms
01-19 17:26:03.178  1747  1766 E NotificationService: Ignoring notification with icon==0: Notification(pri=0 contentView=null vibrate=null sound=null defaults=0x0 flags=0x62 kind=[null])
01-19 17:26:04.698  1747  1766 I ActivityManager: Start proc com.lguplus.iptv3.secondtvservice for service com.lguplus.iptv3.secondtvservice/.SecondTvService: pid=1453 uid=10062 gids={50062, 3003, 1015, 1028}
01-19 17:26:14.698  1747  1766 I ActivityManager: Start proc com.lge.iptv.onewaycontrol for service com.lge.iptv.onewaycontrol/.IpTunerService: pid=1508 uid=10038 gids={50038, 3003, 1028}
01-19 17:26:33.468  1747  1766 I ActivityManager: Start proc com.lguplus.pushagentstb for broadcast com.lguplus.pushagentstb/.service.PushAgentAlarmManager: pid=1607 uid=10057 gids={50057, 3003, 1015, 1028}
01-19 17:26:33.768  1747  1766 I ActivityManager: Start proc com.lguplus.iptv3.ltealive for broadcast com.lguplus.iptv3.ltealive/.push.LGUPlusPushAgentMsgReceiver: pid=1621 uid=10041 gids={50041, 1015, 1028, 3003}
01-19 17:26:34.698  1747  1766 I ActivityManager: Start proc com.lguplus.iptv3.base.fwupdater:remote for service com.lguplus.iptv3.base.fwupdater/.BackgroundActionService: pid=1669 uid=10068 gids={50068, 1015, 3003, 1028}
01-19 17:26:38.238  1747  1832 D ConnectivityService: handleInetConditionHoldEnd: net=9, condition=100, published condition=100
01-19 17:26:44.688  1747  1766 I ActivityManager: Start proc com.lguplus.iptv3.updatecheck for service com.lguplus.iptv3.updatecheck/.UpdateService: pid=1719 uid=10082 gids={50082, 3003, 1028}
01-19 17:26:54.678  1747  1766 W ProcessStats: Skipping unknown process pid 1801
01-19 17:26:54.678  1747  1766 W ProcessStats: Skipping unknown process pid 1812
01-19 17:27:03.268  1747  1766 E NotificationService: Ignoring notification with icon==0: Notification(pri=0 contentView=null vibrate=null sound=null defaults=0x0 flags=0x62 kind=[null])
01-19 17:27:04.688  1747  1766 I ActivityManager: Start proc com.google.cast.castreceiver for service com.chrome.tv.stable/com.google.tv.dial.launcher.LaunchService: pid=1901 uid=10013 gids={50013, 1006, 3003, 1015, 1028}
01-19 17:28:03.378  1747  1766 E NotificationService: Ignoring notification with icon==0: Notification(pri=0 contentView=null vibrate=null sound=null defaults=0x0 flags=0x62 kind=[null])
01-19 17:28:06.148  1747  2092 I ActivityManager: START u0 {cmp=com.lguplus.iptv4.base.curation/.MainActivity (has extras)} from pid -1
01-19 17:28:06.148  1747  2092 W ActivityManager: startActivity called from non-Activity context; forcing Intent.FLAG_ACTIVITY_NEW_TASK for: Intent { cmp=com.lguplus.iptv4.base.curation/.MainActivity (has extras) }
01-19 17:28:06.258  1747  2064 W ActivityManager: Duplicate finish request for ActivityRecord{2cb469e0 u0 com.lguplus.iptv3.base.setting/.dialogactivity.PassCheckCommonDialogActivity}
01-19 17:28:13.328  1747  2146 I ActivityManager: START u0 {act=android.intent.action.VIEW dat=tv://channel?deviceId=com.lguplus.lguiptv&channelNumber=980&serviceId=197 cmp=com.google.tv.player/.PlayerActivity} from pid -1
01-19 17:28:13.328  1747  2146 W ActivityManager: startActivity called from non-Activity context; forcing Intent.FLAG_ACTIVITY_NEW_TASK for: Intent { act=android.intent.action.VIEW dat=tv://channel?deviceId=com.lguplus.lguiptv&channelNumber=980&serviceId=197 cmp=com.google.tv.player/.PlayerActivity }
01-19 17:28:14.478  2037  2637 W ContextImpl: Calling a method in the system process without a qualified user: android.app.ContextImpl.sendBroadcast:1032 android.content.ContextWrapper.sendBroadcast:338 com.lge.sys.IptvShmService$IptvEventHandler.BroadcastCmEvent:437 com.lge.sys.IptvListener.Notify:132 com.lge.sys.ILgIpcClientService$Stub.onTransact:55 
01-19 17:28:14.528  1747  1766 I ActivityManager: Start proc com.cjenm.movie for broadcast com.cjenm.movie/.common.ChannelChangeReceiver: pid=2322 uid=10096 gids={50096, 3003, 1028}
01-19 17:28:14.688  1747  1758 I ActivityManager: Process com.cjenm.movie (pid 2322) has died.
01-19 17:28:15.018  1747  1766 I ActivityManager: Start proc com.lguplus.iptv3.tvgfamilychannel for broadcast com.lguplus.iptv3.tvgfamilychannel/.receiver.TvEventReceiver: pid=2345 uid=10022 gids={50022, 3003, 1015, 1028}
01-19 17:28:15.758  1747  2118 I ActivityManager: Start proc com.gnifrix.bshopping for broadcast com.gnifrix.bshopping/.BroadcastExitReceiver: pid=2398 uid=10095 gids={50095, 3003, 1028}
01-19 17:29:03.478  1747  1766 E NotificationService: Ignoring notification with icon==0: Notification(pri=0 contentView=null vibrate=null sound=null defaults=0x0 flags=0x62 kind=[null])
01-19 17:29:49.658  1747  1766 I ActivityManager: No longer want com.google.android.gsf.login (pid 3695): empty for 1800s
01-19 17:29:54.038  2037  2073 W ContextImpl: Calling a method in the system process without a qualified user: android.app.ContextImpl.sendBroadcast:1032 android.content.ContextWrapper.sendBroadcast:338 com.lge.sys.IptvShmService$IptvEventHandler.BroadcastCmEvent:437 com.lge.sys.IptvListener.Notify:132 com.lge.sys.ILgIpcClientService$Stub.onTransact:55 
01-19 17:29:54.098  1747  1766 I ActivityManager: Start proc com.cjenm.movie for broadcast com.cjenm.movie/.common.ChannelChangeReceiver: pid=2820 uid=10096 gids={50096, 3003, 1028}
01-19 17:29:54.188  1747  2116 I ActivityManager: Process com.cjenm.movie (pid 2820) has died.
01-19 17:30:03.518  1747  1766 E NotificationService: Ignoring notification with icon==0: Notification(pri=0 contentView=null vibrate=null sound=null defaults=0x0 flags=0x62 kind=[null])
01-19 17:31:03.618  1747  1766 E NotificationService: Ignoring notification with icon==0: Notification(pri=0 contentView=null vibrate=null sound=null defaults=0x0 flags=0x62 kind=[null])
01-19 17:32:03.708  1747  1766 E NotificationService: Ignoring notification with icon==0: Notification(pri=0 contentView=null vibrate=null sound=null defaults=0x0 flags=0x62 kind=[null])
01-19 17:33:03.798  1747  1766 E NotificationService: Ignoring notification with icon==0: Notification(pri=0 contentView=null vibrate=null sound=null defaults=0x0 flags=0x62 kind=[null])
01-19 17:34:03.878  1747  1766 E NotificationService: Ignoring notification with icon==0: Notification(pri=0 contentView=null vibrate=null sound=null defaults=0x0 flags=0x62 kind=[null])
01-19 17:34:49.738  1747  1996 W ThrottleService: unable to find stats for iface rmnet0
01-19 17:35:03.958  1747  1766 E NotificationService: Ignoring notification with icon==0: Notification(pri=0 contentView=null vibrate=null sound=null defaults=0x0 flags=0x62 kind=[null])
01-19 17:35:48.318  1747  1832 D ConnectivityService: handleInetConditionHoldEnd: net=9, condition=100, published condition=100
01-19 17:35:51.018  1747  1758 I ActivityManager: Start proc com.google.android.gms.ui for service com.google.android.gms/.chimera.UiIntentOperationService: pid=315 uid=10028 gids={50028, 3003, 1007, 1028, 1015, 1006, 3002, 3001, 2001, 3006}
01-19 17:36:04.088  1747  1766 E NotificationService: Ignoring notification with icon==0: Notification(pri=0 contentView=null vibrate=null sound=null defaults=0x0 flags=0x62 kind=[null])
01-19 17:36:32.088  2037  2065 W ContextImpl: Calling a method in the system process without a qualified user: android.app.ContextImpl.sendBroadcast:1032 android.content.ContextWrapper.sendBroadcast:338 com.lge.sys.IptvShmService$IptvEventHandler.BroadcastCmEvent:437 com.lge.sys.IptvListener.Notify:132 com.lge.sys.ILgIpcClientService$Stub.onTransact:55 
01-19 17:36:32.138  1747  1766 I ActivityManager: Start proc com.cjenm.movie for broadcast com.cjenm.movie/.common.ChannelChangeReceiver: pid=551 uid=10096 gids={50096, 3003, 1028}
01-19 17:36:32.218  1747  1759 I ActivityManager: Process com.cjenm.movie (pid 551) has died.
01-19 17:36:38.518  1747  2092 I ActivityManager: START u0 {cmp=com.lguplus.iptv4.base.curation/.MainActivity (has extras)} from pid -1
01-19 17:36:38.518  1747  2092 W ActivityManager: startActivity called from non-Activity context; forcing Intent.FLAG_ACTIVITY_NEW_TASK for: Intent { cmp=com.lguplus.iptv4.base.curation/.MainActivity (has extras) }
01-19 17:36:45.178  1747  2092 I ActivityManager: START u0 {cmp=com.lguplus.iptv4.base.curation/.MainActivity (has extras)} from pid -1
01-19 17:36:45.178  1747  2092 W ActivityManager: startActivity called from non-Activity context; forcing Intent.FLAG_ACTIVITY_NEW_TASK for: Intent { cmp=com.lguplus.iptv4.base.curation/.MainActivity (has extras) }
01-19 17:37:04.168  1747  1766 E NotificationService: Ignoring notification with icon==0: Notification(pri=0 contentView=null vibrate=null sound=null defaults=0x0 flags=0x62 kind=[null])
01-19 17:38:04.278  1747  1766 E NotificationService: Ignoring notification with icon==0: Notification(pri=0 contentView=null vibrate=null sound=null defaults=0x0 flags=0x62 kind=[null])
01-19 17:38:19.668  1747  1766 I ActivityManager: No longer want com.google.android.syncadapters.calendar (pid 1490): empty for 1801s
01-19 17:38:27.048  1747  1766 I ActivityManager: No longer want com.android.providers.calendar (pid 1505): empty for 1803s
01-19 17:38:49.658  1747  1766 I ActivityManager: No longer want com.android.calendar (pid 1530): empty for 1800s
01-19 17:39:04.388  1747  1766 E NotificationService: Ignoring notification with icon==0: Notification(pri=0 contentView=null vibrate=null sound=null defaults=0x0 flags=0x62 kind=[null])
01-19 17:40:04.528  1747  1766 E NotificationService: Ignoring notification with icon==0: Notification(pri=0 contentView=null vibrate=null sound=null defaults=0x0 flags=0x62 kind=[null])
01-19 17:41:04.708  1747  1766 E NotificationService: Ignoring notification with icon==0: Notification(pri=0 contentView=null vibrate=null sound=null defaults=0x0 flags=0x62 kind=[null])
01-19 17:42:04.838  1747  1766 E NotificationService: Ignoring notification with icon==0: Notification(pri=0 contentView=null vibrate=null sound=null defaults=0x0 flags=0x62 kind=[null])
01-19 17:43:05.008  1747  1766 E NotificationService: Ignoring notification with icon==0: Notification(pri=0 contentView=null vibrate=null sound=null defaults=0x0 flags=0x62 kind=[null])
01-19 17:44:05.128  1747  1766 E NotificationService: Ignoring notification with icon==0: Notification(pri=0 contentView=null vibrate=null sound=null defaults=0x0 flags=0x62 kind=[null])
01-19 17:44:39.538  1747  2147 I ActivityManager: Process com.lguplus.iptv3.tvgfamilychannel (pid 2345) has died.
01-19 17:44:39.618  1747  2146 I ActivityManager: Process com.lguplus.iptv3.ltealive (pid 1621) has died.
01-19 17:44:49.738  1747  1996 W ThrottleService: unable to find stats for iface rmnet0
01-19 17:44:58.458  1747  1832 D ConnectivityService: handleInetConditionHoldEnd: net=9, condition=100, published condition=100
01-19 17:45:05.288  1747  1766 E NotificationService: Ignoring notification with icon==0: Notification(pri=0 contentView=null vibrate=null sound=null defaults=0x0 flags=0x62 kind=[null])
01-19 17:46:05.388  1747  1766 E NotificationService: Ignoring notification with icon==0: Notification(pri=0 contentView=null vibrate=null sound=null defaults=0x0 flags=0x62 kind=[null])
01-19 17:47:05.538  1747  1766 E NotificationService: Ignoring notification with icon==0: Notification(pri=0 contentView=null vibrate=null sound=null defaults=0x0 flags=0x62 kind=[null])
01-19 17:48:05.658  1747  1766 E NotificationService: Ignoring notification with icon==0: Notification(pri=0 contentView=null vibrate=null sound=null defaults=0x0 flags=0x62 kind=[null])
01-19 17:49:05.848  1747  1766 E NotificationService: Ignoring notification with icon==0: Notification(pri=0 contentView=null vibrate=null sound=null defaults=0x0 flags=0x62 kind=[null])
01-19 17:50:05.998  1747  1766 E NotificationService: Ignoring notification with icon==0: Notification(pri=0 contentView=null vibrate=null sound=null defaults=0x0 flags=0x62 kind=[null])
01-19 17:51:06.168  1747  1766 E NotificationService: Ignoring notification with icon==0: Notification(pri=0 contentView=null vibrate=null sound=null defaults=0x0 flags=0x62 kind=[null])
01-19 17:52:06.328  1747  1766 E NotificationService: Ignoring notification with icon==0: Notification(pri=0 contentView=null vibrate=null sound=null defaults=0x0 flags=0x62 kind=[null])
01-19 17:52:07.588  1747  1768 W BatteryStatsImpl: Couldn't get kernel wake lock stats
01-19 17:53:06.488  1747  1766 E NotificationService: Ignoring notification with icon==0: Notification(pri=0 contentView=null vibrate=null sound=null defaults=0x0 flags=0x62 kind=[null])
01-19 17:53:52.028  1747  1880 D PerformBackupTask: starting agent for backup of BackupRequest{pkg=com.android.calendar}
01-19 17:53:52.048  1747  1880 I ActivityManager: Start proc com.android.calendar for backup com.android.calendar/.CalendarBackupAgent: pid=1216 uid=10010 gids={50010, 3003, 1028}
01-19 17:53:52.048  1747  1880 D BackupManagerService: awaiting agent for ApplicationInfo{2c84d718 com.android.calendar}
01-19 17:53:52.288  1747  2568 D BackupManagerService: agentConnected pkg=com.android.calendar agent=android.os.BinderProxy@2cb87790
01-19 17:53:52.298  1747  1880 D PerformBackupTask: starting agent for backup of BackupRequest{pkg=com.android.vending}
01-19 17:53:52.318  1747  1880 I ActivityManager: Start proc com.android.vending for backup com.android.vending/.VendingBackupAgent: pid=1232 uid=10056 gids={50056, 3003, 1015, 1028}
01-19 17:53:52.318  1747  1880 D BackupManagerService: awaiting agent for ApplicationInfo{2c931518 com.android.vending}
01-19 17:53:53.538  1747  2064 D BackupManagerService: agentConnected pkg=com.android.vending agent=android.os.BinderProxy@2cab1128
01-19 17:53:53.678  1747  2097 I ActivityManager: Start proc android.process.media for content provider com.android.providers.downloads/.DownloadProvider: pid=1269 uid=10017 gids={50017, 1015, 1023, 1024, 1028, 2001, 3003, 3007}
01-19 17:53:53.828  1747  1880 I ActivityManager: Start proc com.google.android.gsf.login for service com.google.android.gsf.login/com.google.android.gsf.loginservice.GoogleLoginService: pid=1285 uid=10028 gids={50028, 3003, 1007, 1028, 1015, 1006, 3002, 3001, 2001, 3006}
01-19 17:53:54.788  1747  1766 I ActivityManager: Start proc .remote for broadcast com.lguplus.iptv4.base.curationservice/.reciver.RestartReceiver: pid=1311 uid=10002 gids={50002, 3003, 1015, 1028}
