02-05 09:52:18.962  8275  8275 W ContextImpl: Calling a method in the system process without a qualified user: android.app.ContextImpl.startService:1460 android.content.ContextWrapper.startService:644 android.content.ContextWrapper.startService:644 com.lguplus.iptv3.onetouchstb.receiver.ReservationReceiver.startService:49 com.lguplus.iptv3.onetouchstb.receiver.ReservationReceiver.onReceive:38 
02-05 09:52:21.827  9205  9205 W ContextImpl: Calling a method in the system process without a qualified user: android.app.ContextImpl.startService:1460 android.content.ContextWrapper.startService:644 android.content.ContextWrapper.startService:644 com.lguplus.iptv3.arzoo.push.LGUPlusPushAgentMsgReceiver.onReceive:104 android.app.ActivityThread.handleReceiver:3252 
02-05 09:52:21.864  8275  8275 W ContextImpl: Calling a method in the system process without a qualified user: android.app.ContextImpl.sendBroadcast:950 android.content.ContextWrapper.sendBroadcast:431 android.content.ContextWrapper.sendBroadcast:431 com.lguplus.iptv3.onetouchstb.push.LGUPlusPushAgentAPI.checkRegID:153 com.lguplus.iptv3.onetouchstb.push.OnetouchSTBPushManager.requestCheckRegId:46 
02-05 09:53:19.024  8275  8275 W ContextImpl: Calling a method in the system process without a qualified user: android.app.ContextImpl.startService:1460 android.content.ContextWrapper.startService:644 android.content.ContextWrapper.startService:644 com.lguplus.iptv3.onetouchstb.receiver.ReservationReceiver.startService:49 com.lguplus.iptv3.onetouchstb.receiver.ReservationReceiver.onReceive:38 
02-05 09:53:36.954  9205  9205 W ContextImpl: Calling a method in the system process without a qualified user: android.app.ContextImpl.startService:1460 android.content.ContextWrapper.startService:644 android.content.ContextWrapper.startService:644 com.lguplus.iptv3.arzoo.push.LGUPlusPushAgentMsgReceiver.onReceive:104 android.app.ActivityThread.handleReceiver:3252 
02-05 09:53:36.982  8275  8275 W ContextImpl: Calling a method in the system process without a qualified user: android.app.ContextImpl.sendBroadcast:950 android.content.ContextWrapper.sendBroadcast:431 android.content.ContextWrapper.sendBroadcast:431 com.lguplus.iptv3.onetouchstb.push.LGUPlusPushAgentAPI.checkRegID:153 com.lguplus.iptv3.onetouchstb.push.OnetouchSTBPushManager.requestCheckRegId:46 
02-05 09:54:19.103  8275  8275 W ContextImpl: Calling a method in the system process without a qualified user: android.app.ContextImpl.startService:1460 android.content.ContextWrapper.startService:644 android.content.ContextWrapper.startService:644 com.lguplus.iptv3.onetouchstb.receiver.ReservationReceiver.startService:49 com.lguplus.iptv3.onetouchstb.receiver.ReservationReceiver.onReceive:38 
02-05 09:55:06.113  9205  9205 W ContextImpl: Calling a method in the system process without a qualified user: android.app.ContextImpl.startService:1460 android.content.ContextWrapper.startService:644 android.content.ContextWrapper.startService:644 com.lguplus.iptv3.arzoo.push.LGUPlusPushAgentMsgReceiver.onReceive:104 android.app.ActivityThread.handleReceiver:3252 
02-05 09:55:06.138  8275  8275 W ContextImpl: Calling a method in the system process without a qualified user: android.app.ContextImpl.sendBroadcast:950 android.content.ContextWrapper.sendBroadcast:431 android.content.ContextWrapper.sendBroadcast:431 com.lguplus.iptv3.onetouchstb.push.LGUPlusPushAgentAPI.checkRegID:153 com.lguplus.iptv3.onetouchstb.push.OnetouchSTBPushManager.requestCheckRegId:46 
02-05 09:55:19.194  8275  8275 W ContextImpl: Calling a method in the system process without a qualified user: android.app.ContextImpl.startService:1460 android.content.ContextWrapper.startService:644 android.content.ContextWrapper.startService:644 com.lguplus.iptv3.onetouchstb.receiver.ReservationReceiver.startService:49 com.lguplus.iptv3.onetouchstb.receiver.ReservationReceiver.onReceive:38 
02-05 09:56:11.234  9205  9205 W ContextImpl: Calling a method in the system process without a qualified user: android.app.ContextImpl.startService:1460 android.content.ContextWrapper.startService:644 android.content.ContextWrapper.startService:644 com.lguplus.iptv3.arzoo.push.LGUPlusPushAgentMsgReceiver.onReceive:104 android.app.ActivityThread.handleReceiver:3252 
02-05 09:56:11.262  8275  8275 W ContextImpl: Calling a method in the system process without a qualified user: android.app.ContextImpl.sendBroadcast:950 android.content.ContextWrapper.sendBroadcast:431 android.content.ContextWrapper.sendBroadcast:431 com.lguplus.iptv3.onetouchstb.push.LGUPlusPushAgentAPI.checkRegID:153 com.lguplus.iptv3.onetouchstb.push.OnetouchSTBPushManager.requestCheckRegId:46 
02-05 09:56:19.256  8275  8275 W ContextImpl: Calling a method in the system process without a qualified user: android.app.ContextImpl.startService:1460 android.content.ContextWrapper.startService:644 android.content.ContextWrapper.startService:644 com.lguplus.iptv3.onetouchstb.receiver.ReservationReceiver.startService:49 com.lguplus.iptv3.onetouchstb.receiver.ReservationReceiver.onReceive:38 
02-05 09:56:22.899   679   700 I chatty  : uid=1000(system) ActivityManager expire 10 lines
02-05 09:57:19.319  8275  8275 W ContextImpl: Calling a method in the system process without a qualified user: android.app.ContextImpl.startService:1460 android.content.ContextWrapper.startService:644 android.content.ContextWrapper.startService:644 com.lguplus.iptv3.onetouchstb.receiver.ReservationReceiver.startService:49 com.lguplus.iptv3.onetouchstb.receiver.ReservationReceiver.onReceive:38 
02-05 09:57:26.387  9205  9205 W ContextImpl: Calling a method in the system process without a qualified user: android.app.ContextImpl.startService:1460 android.content.ContextWrapper.startService:644 android.content.ContextWrapper.startService:644 com.lguplus.iptv3.arzoo.push.LGUPlusPushAgentMsgReceiver.onReceive:104 android.app.ActivityThread.handleReceiver:3252 
02-05 09:57:26.410  8275  8275 W ContextImpl: Calling a method in the system process without a qualified user: android.app.ContextImpl.sendBroadcast:950 android.content.ContextWrapper.sendBroadcast:431 android.content.ContextWrapper.sendBroadcast:431 com.lguplus.iptv3.onetouchstb.push.LGUPlusPushAgentAPI.checkRegID:153 com.lguplus.iptv3.onetouchstb.push.OnetouchSTBPushManager.requestCheckRegId:46 
02-05 09:58:13.627   679   699 I chatty  : uid=1000(system) android.bg expire 1 line
02-05 09:58:19.388  8275  8275 W ContextImpl: Calling a method in the system process without a qualified user: android.app.ContextImpl.startService:1460 android.content.ContextWrapper.startService:644 android.content.ContextWrapper.startService:644 com.lguplus.iptv3.onetouchstb.receiver.ReservationReceiver.startService:49 com.lguplus.iptv3.onetouchstb.receiver.ReservationReceiver.onReceive:38 
02-05 09:58:19.396   679  1335 I chatty  : uid=1000(system) Binder:679_B expire 7 lines
02-05 09:58:19.398   679  1364 I chatty  : uid=1000(system) Binder:679_D expire 11 lines
02-05 09:58:39.447   679  2175 I chatty  : uid=1000(system) Binder:679_14 expire 7 lines
02-05 09:58:49.506  9205  9205 W ContextImpl: Calling a method in the system process without a qualified user: android.app.ContextImpl.startService:1460 android.content.ContextWrapper.startService:644 android.content.ContextWrapper.startService:644 com.lguplus.iptv3.arzoo.push.LGUPlusPushAgentMsgReceiver.onReceive:104 android.app.ActivityThread.handleReceiver:3252 
02-05 09:58:49.545  8275  8275 W ContextImpl: Calling a method in the system process without a qualified user: android.app.ContextImpl.sendBroadcast:950 android.content.ContextWrapper.sendBroadcast:431 android.content.ContextWrapper.sendBroadcast:431 com.lguplus.iptv3.onetouchstb.push.LGUPlusPushAgentAPI.checkRegID:153 com.lguplus.iptv3.onetouchstb.push.OnetouchSTBPushManager.requestCheckRegId:46 
02-05 09:59:19.452  8275  8275 W ContextImpl: Calling a method in the system process without a qualified user: android.app.ContextImpl.startService:1460 android.content.ContextWrapper.startService:644 android.content.ContextWrapper.startService:644 com.lguplus.iptv3.onetouchstb.receiver.ReservationReceiver.startService:49 com.lguplus.iptv3.onetouchstb.receiver.ReservationReceiver.onReceive:38 
02-05 10:00:01.627  9205  9205 W ContextImpl: Calling a method in the system process without a qualified user: android.app.ContextImpl.startService:1460 android.content.ContextWrapper.startService:644 android.content.ContextWrapper.startService:644 com.lguplus.iptv3.arzoo.push.LGUPlusPushAgentMsgReceiver.onReceive:104 android.app.ActivityThread.handleReceiver:3252 
02-05 10:00:01.660  8275  8275 W ContextImpl: Calling a method in the system process without a qualified user: android.app.ContextImpl.sendBroadcast:950 android.content.ContextWrapper.sendBroadcast:431 android.content.ContextWrapper.sendBroadcast:431 com.lguplus.iptv3.onetouchstb.push.LGUPlusPushAgentAPI.checkRegID:153 com.lguplus.iptv3.onetouchstb.push.OnetouchSTBPushManager.requestCheckRegId:46 
02-05 10:00:04.878  1274  1274 I chatty  : uid=1000(system) com.lguplus.iptv3.base.livewidget expire 22 lines
02-05 10:00:15.081  1367  1988 I chatty  : uid=1000(system) Binder:1367_3 expire 10 lines
02-05 10:00:15.100  1274 15596 I chatty  : uid=1000(system) com.lguplus.iptv3.base.livewidget expire 2 lines
02-05 10:00:16.795  1274 15625 I chatty  : uid=1000(system) com.lguplus.iptv3.base.livewidget expire 4 lines
02-05 10:00:17.568  1274 15654 I chatty  : uid=1000(system) com.lguplus.iptv3.base.livewidget expire 2 lines
02-05 10:00:18.619  1274 15666 I chatty  : uid=1000(system) com.lguplus.iptv3.base.livewidget expire 2 lines
02-05 10:00:19.518  8275  8275 W ContextImpl: Calling a method in the system process without a qualified user: android.app.ContextImpl.startService:1460 android.content.ContextWrapper.startService:644 android.content.ContextWrapper.startService:644 com.lguplus.iptv3.onetouchstb.receiver.ReservationReceiver.startService:49 com.lguplus.iptv3.onetouchstb.receiver.ReservationReceiver.onReceive:38 
02-05 10:00:51.193   679   795 I chatty  : uid=1000(system) Hdmi Control Io expire 1 line
02-05 10:01:19.588  8275  8275 W ContextImpl: Calling a method in the system process without a qualified user: android.app.ContextImpl.startService:1460 android.content.ContextWrapper.startService:644 android.content.ContextWrapper.startService:644 com.lguplus.iptv3.onetouchstb.receiver.ReservationReceiver.startService:49 com.lguplus.iptv3.onetouchstb.receiver.ReservationReceiver.onReceive:38 
02-05 10:01:24.374  1274  1274 I chatty  : uid=1000(system) com.lguplus.iptv3.base.livewidget expire 12 lines
02-05 10:01:24.773  9205  9205 W ContextImpl: Calling a method in the system process without a qualified user: android.app.ContextImpl.startService:1460 android.content.ContextWrapper.startService:644 android.content.ContextWrapper.startService:644 com.lguplus.iptv3.arzoo.push.LGUPlusPushAgentMsgReceiver.onReceive:104 android.app.ActivityThread.handleReceiver:3252 
02-05 10:01:24.805  8275  8275 W ContextImpl: Calling a method in the system process without a qualified user: android.app.ContextImpl.sendBroadcast:950 android.content.ContextWrapper.sendBroadcast:431 android.content.ContextWrapper.sendBroadcast:431 com.lguplus.iptv3.onetouchstb.push.LGUPlusPushAgentAPI.checkRegID:153 com.lguplus.iptv3.onetouchstb.push.OnetouchSTBPushManager.requestCheckRegId:46 
02-05 10:01:39.494   679  1333 I chatty  : uid=1000(system) Binder:679_A expire 3 lines
02-05 10:02:19.650  8275  8275 W ContextImpl: Calling a method in the system process without a qualified user: android.app.ContextImpl.startService:1460 android.content.ContextWrapper.startService:644 android.content.ContextWrapper.startService:644 com.lguplus.iptv3.onetouchstb.receiver.ReservationReceiver.startService:49 com.lguplus.iptv3.onetouchstb.receiver.ReservationReceiver.onReceive:38 
02-05 10:02:30.914  9205  9205 W ContextImpl: Calling a method in the system process without a qualified user: android.app.ContextImpl.startService:1460 android.content.ContextWrapper.startService:644 android.content.ContextWrapper.startService:644 com.lguplus.iptv3.arzoo.push.LGUPlusPushAgentMsgReceiver.onReceive:104 android.app.ActivityThread.handleReceiver:3252 
02-05 10:02:30.941  8275  8275 W ContextImpl: Calling a method in the system process without a qualified user: android.app.ContextImpl.sendBroadcast:950 android.content.ContextWrapper.sendBroadcast:431 android.content.ContextWrapper.sendBroadcast:431 com.lguplus.iptv3.onetouchstb.push.LGUPlusPushAgentAPI.checkRegID:153 com.lguplus.iptv3.onetouchstb.push.OnetouchSTBPushManager.requestCheckRegId:46 
02-05 10:02:41.953   679  7040 I chatty  : uid=1000(system) Binder:679_1C expire 1 line
02-05 10:03:19.711  8275  8275 W ContextImpl: Calling a method in the system process without a qualified user: android.app.ContextImpl.startService:1460 android.content.ContextWrapper.startService:644 android.content.ContextWrapper.startService:644 com.lguplus.iptv3.onetouchstb.receiver.ReservationReceiver.startService:49 com.lguplus.iptv3.onetouchstb.receiver.ReservationReceiver.onReceive:38 
02-05 10:03:44.890   679   764 I chatty  : uid=1000(system) InputDispatcher expire 10 lines
02-05 10:03:45.191  1274 17059 I chatty  : uid=1000(system) com.lguplus.iptv3.base.livewidget expire 2 lines
02-05 10:03:46.375  1274 17107 I chatty  : uid=1000(system) com.lguplus.iptv3.base.livewidget expire 4 lines
02-05 10:03:48.842  1274  1274 I chatty  : uid=1000(system) com.lguplus.iptv3.base.livewidget expire 54 lines
02-05 10:03:48.969  1367  1988 I chatty  : uid=1000(system) Binder:1367_3 expire 15 lines
02-05 10:03:48.985  1274 17131 I chatty  : uid=1000(system) com.lguplus.iptv3.base.livewidget expire 2 lines
02-05 10:03:50.435  1274 17164 I chatty  : uid=1000(system) com.lguplus.iptv3.base.livewidget expire 2 lines
02-05 10:03:52.495  1274 17192 I chatty  : uid=1000(system) com.lguplus.iptv3.base.livewidget expire 2 lines
02-05 10:03:54.509  1274 17226 I chatty  : uid=1000(system) com.lguplus.iptv3.base.livewidget expire 2 lines
02-05 10:03:55.770  1274 17252 I chatty  : uid=1000(system) com.lguplus.iptv3.base.livewidget expire 2 lines
02-05 10:03:56.889  1274 17281 I chatty  : uid=1000(system) com.lguplus.iptv3.base.livewidget expire 2 lines
02-05 10:03:58.314  1274 17302 I chatty  : uid=1000(system) com.lguplus.iptv3.base.livewidget expire 2 lines
02-05 10:03:59.556  1274 17335 I chatty  : uid=1000(system) com.lguplus.iptv3.base.livewidget expire 2 lines
02-05 10:04:00.000  9205  9205 W ContextImpl: Calling a method in the system process without a qualified user: android.app.ContextImpl.startService:1460 android.content.ContextWrapper.startService:644 android.content.ContextWrapper.startService:644 com.lguplus.iptv3.arzoo.push.LGUPlusPushAgentMsgReceiver.onReceive:104 android.app.ActivityThread.handleReceiver:3252 
02-05 10:04:00.024  8275  8275 W ContextImpl: Calling a method in the system process without a qualified user: android.app.ContextImpl.sendBroadcast:950 android.content.ContextWrapper.sendBroadcast:431 android.content.ContextWrapper.sendBroadcast:431 com.lguplus.iptv3.onetouchstb.push.LGUPlusPushAgentAPI.checkRegID:153 com.lguplus.iptv3.onetouchstb.push.OnetouchSTBPushManager.requestCheckRegId:46 
02-05 10:04:00.042  1367  1988 I chatty  : uid=1000(system) Binder:1367_3 expire 11 lines
02-05 10:04:00.635   679   764 I chatty  : uid=1000(system) InputDispatcher expire 13 lines
02-05 10:04:00.853  1274 17356 I chatty  : uid=1000(system) com.lguplus.iptv3.base.livewidget expire 2 lines
02-05 10:04:19.792  8275  8275 W ContextImpl: Calling a method in the system process without a qualified user: android.app.ContextImpl.startService:1460 android.content.ContextWrapper.startService:644 android.content.ContextWrapper.startService:644 com.lguplus.iptv3.onetouchstb.receiver.ReservationReceiver.startService:49 com.lguplus.iptv3.onetouchstb.receiver.ReservationReceiver.onReceive:38 
02-05 10:04:39.548   679   855 I chatty  : uid=1000(system) Binder:679_3 expire 10 lines
02-05 10:05:20.033  8275  8275 W ContextImpl: Calling a method in the system process without a qualified user: android.app.ContextImpl.startService:1460 android.content.ContextWrapper.startService:644 android.content.ContextWrapper.startService:644 com.lguplus.iptv3.onetouchstb.receiver.ReservationReceiver.startService:49 com.lguplus.iptv3.onetouchstb.receiver.ReservationReceiver.onReceive:38 
02-05 10:05:20.034   679   692 I chatty  : uid=1000(system) Binder:679_2 expire 2 lines
02-05 10:05:22.106  9205  9205 W ContextImpl: Calling a method in the system process without a qualified user: android.app.ContextImpl.startService:1460 android.content.ContextWrapper.startService:644 android.content.ContextWrapper.startService:644 com.lguplus.iptv3.arzoo.push.LGUPlusPushAgentMsgReceiver.onReceive:104 android.app.ActivityThread.handleReceiver:3252 
02-05 10:05:22.143  8275  8275 W ContextImpl: Calling a method in the system process without a qualified user: android.app.ContextImpl.sendBroadcast:950 android.content.ContextWrapper.sendBroadcast:431 android.content.ContextWrapper.sendBroadcast:431 com.lguplus.iptv3.onetouchstb.push.LGUPlusPushAgentAPI.checkRegID:153 com.lguplus.iptv3.onetouchstb.push.OnetouchSTBPushManager.requestCheckRegId:46 
02-05 10:05:22.142   679   932 I chatty  : uid=1000(system) Binder:679_5 expire 10 lines
02-05 10:05:23.571   679   700 I chatty  : uid=1000(system) ActivityManager expire 12 lines
02-05 10:06:20.090  8275  8275 W ContextImpl: Calling a method in the system process without a qualified user: android.app.ContextImpl.startService:1460 android.content.ContextWrapper.startService:644 android.content.ContextWrapper.startService:644 com.lguplus.iptv3.onetouchstb.receiver.ReservationReceiver.startService:49 com.lguplus.iptv3.onetouchstb.receiver.ReservationReceiver.onReceive:38 
02-05 10:06:22.224  9205  9205 W ContextImpl: Calling a method in the system process without a qualified user: android.app.ContextImpl.startService:1460 android.content.ContextWrapper.startService:644 android.content.ContextWrapper.startService:644 com.lguplus.iptv3.arzoo.push.LGUPlusPushAgentMsgReceiver.onReceive:104 android.app.ActivityThread.handleReceiver:3252 
02-05 10:06:22.249  8275  8275 W ContextImpl: Calling a method in the system process without a qualified user: android.app.ContextImpl.sendBroadcast:950 android.content.ContextWrapper.sendBroadcast:431 android.content.ContextWrapper.sendBroadcast:431 com.lguplus.iptv3.onetouchstb.push.LGUPlusPushAgentAPI.checkRegID:153 com.lguplus.iptv3.onetouchstb.push.OnetouchSTBPushManager.requestCheckRegId:46 
02-05 10:07:20.155  8275  8275 W ContextImpl: Calling a method in the system process without a qualified user: android.app.ContextImpl.startService:1460 android.content.ContextWrapper.startService:644 android.content.ContextWrapper.startService:644 com.lguplus.iptv3.onetouchstb.receiver.ReservationReceiver.startService:49 com.lguplus.iptv3.onetouchstb.receiver.ReservationReceiver.onReceive:38 
02-05 10:07:41.370  9205  9205 W ContextImpl: Calling a method in the system process without a qualified user: android.app.ContextImpl.startService:1460 android.content.ContextWrapper.startService:644 android.content.ContextWrapper.startService:644 com.lguplus.iptv3.arzoo.push.LGUPlusPushAgentMsgReceiver.onReceive:104 android.app.ActivityThread.handleReceiver:3252 
02-05 10:07:41.389  8275  8275 W ContextImpl: Calling a method in the system process without a qualified user: android.app.ContextImpl.sendBroadcast:950 android.content.ContextWrapper.sendBroadcast:431 android.content.ContextWrapper.sendBroadcast:431 com.lguplus.iptv3.onetouchstb.push.LGUPlusPushAgentAPI.checkRegID:153 com.lguplus.iptv3.onetouchstb.push.OnetouchSTBPushManager.requestCheckRegId:46 
02-05 10:07:50.506  1274  1274 I chatty  : uid=1000(system) com.lguplus.iptv3.base.livewidget expire 12 lines
02-05 10:07:50.762  1274 18883 I chatty  : uid=1000(system) com.lguplus.iptv3.base.livewidget expire 2 lines
02-05 10:08:20.330  8275  8275 W ContextImpl: Calling a method in the system process without a qualified user: android.app.ContextImpl.startService:1460 android.content.ContextWrapper.startService:644 android.content.ContextWrapper.startService:644 com.lguplus.iptv3.onetouchstb.receiver.ReservationReceiver.startService:49 com.lguplus.iptv3.onetouchstb.receiver.ReservationReceiver.onReceive:38 
02-05 10:08:41.491  9205  9205 W ContextImpl: Calling a method in the system process without a qualified user: android.app.ContextImpl.startService:1460 android.content.ContextWrapper.startService:644 android.content.ContextWrapper.startService:644 com.lguplus.iptv3.arzoo.push.LGUPlusPushAgentMsgReceiver.onReceive:104 android.app.ActivityThread.handleReceiver:3252 
02-05 10:08:41.526  8275  8275 W ContextImpl: Calling a method in the system process without a qualified user: android.app.ContextImpl.sendBroadcast:950 android.content.ContextWrapper.sendBroadcast:431 android.content.ContextWrapper.sendBroadcast:431 com.lguplus.iptv3.onetouchstb.push.LGUPlusPushAgentAPI.checkRegID:153 com.lguplus.iptv3.onetouchstb.push.OnetouchSTBPushManager.requestCheckRegId:46 
02-05 10:09:20.399  8275  8275 W ContextImpl: Calling a method in the system process without a qualified user: android.app.ContextImpl.startService:1460 android.content.ContextWrapper.startService:644 android.content.ContextWrapper.startService:644 com.lguplus.iptv3.onetouchstb.receiver.ReservationReceiver.startService:49 com.lguplus.iptv3.onetouchstb.receiver.ReservationReceiver.onReceive:38 
02-05 10:09:50.430   679  5929 I chatty  : uid=1000(system) Binder:679_19 expire 10 lines
02-05 10:09:50.445  8275  8275 W ContextImpl: Calling a method in the system process without a qualified user: android.app.ContextImpl.startService:1460 android.content.ContextWrapper.startService:644 android.content.ContextWrapper.startService:644 com.lguplus.iptv3.onetouchstb.receiver.ReservationReceiver.startService:49 com.lguplus.iptv3.onetouchstb.receiver.ReservationReceiver.onReceive:38 
02-05 10:09:55.629  9205  9205 W ContextImpl: Calling a method in the system process without a qualified user: android.app.ContextImpl.startService:1460 android.content.ContextWrapper.startService:644 android.content.ContextWrapper.startService:644 com.lguplus.iptv3.arzoo.push.LGUPlusPushAgentMsgReceiver.onReceive:104 android.app.ActivityThread.handleReceiver:3252 
02-05 10:09:55.670  8275  8275 W ContextImpl: Calling a method in the system process without a qualified user: android.app.ContextImpl.sendBroadcast:950 android.content.ContextWrapper.sendBroadcast:431 android.content.ContextWrapper.sendBroadcast:431 com.lguplus.iptv3.onetouchstb.push.LGUPlusPushAgentAPI.checkRegID:153 com.lguplus.iptv3.onetouchstb.push.OnetouchSTBPushManager.requestCheckRegId:46 
02-05 10:10:20.474  8275  8275 W ContextImpl: Calling a method in the system process without a qualified user: android.app.ContextImpl.startService:1460 android.content.ContextWrapper.startService:644 android.content.ContextWrapper.startService:644 com.lguplus.iptv3.onetouchstb.receiver.ReservationReceiver.startService:49 com.lguplus.iptv3.onetouchstb.receiver.ReservationReceiver.onReceive:38 
02-05 10:10:20.478   679   967 I chatty  : uid=1000(system) Binder:679_7 expire 2 lines
02-05 10:10:50.499  8275  8275 W ContextImpl: Calling a method in the system process without a qualified user: android.app.ContextImpl.startService:1460 android.content.ContextWrapper.startService:644 android.content.ContextWrapper.startService:644 com.lguplus.iptv3.onetouchstb.receiver.ReservationReceiver.startService:49 com.lguplus.iptv3.onetouchstb.receiver.ReservationReceiver.onReceive:38 
02-05 10:10:50.507   679   967 W AlarmManager: Suspiciously short interval 30000 millis; expanding to 60 seconds
02-05 10:11:13.533   679   764 W ContextImpl: Calling a method in the system process without a qualified user: android.app.ContextImpl.sendBroadcast:950 com.android.server.policy.LgTvWindowManager.interceptKeyBeforeDispatching:350 com.android.server.wm.InputMonitor.interceptKeyBeforeDispatching:466 com.android.server.input.InputManagerService.interceptKeyBeforeDispatching:1956 <bottom of call stack> 
02-05 10:11:13.830  1274 20270 I chatty  : uid=1000(system) com.lguplus.iptv3.base.livewidget expire 2 lines
02-05 10:11:20.546   679   967 W AlarmManager: Suspiciously short interval 30000 millis; expanding to 60 seconds
02-05 10:11:20.546  8275  8275 W ContextImpl: Calling a method in the system process without a qualified user: android.app.ContextImpl.startService:1460 android.content.ContextWrapper.startService:644 android.content.ContextWrapper.startService:644 com.lguplus.iptv3.onetouchstb.receiver.ReservationReceiver.startService:49 com.lguplus.iptv3.onetouchstb.receiver.ReservationReceiver.onReceive:38 
02-05 10:11:20.556   679   932 W AlarmManager: Suspiciously short interval 30000 millis; expanding to 60 seconds
02-05 10:11:20.743  9205  9205 W ContextImpl: Calling a method in the system process without a qualified user: android.app.ContextImpl.startService:1460 android.content.ContextWrapper.startService:644 android.content.ContextWrapper.startService:644 com.lguplus.iptv3.arzoo.push.LGUPlusPushAgentMsgReceiver.onReceive:104 android.app.ActivityThread.handleReceiver:3252 
02-05 10:11:20.756   679   932 W AlarmManager: Suspiciously short interval 30000 millis; expanding to 60 seconds
02-05 10:11:20.770  8275  8275 W ContextImpl: Calling a method in the system process without a qualified user: android.app.ContextImpl.sendBroadcast:950 android.content.ContextWrapper.sendBroadcast:431 android.content.ContextWrapper.sendBroadcast:431 com.lguplus.iptv3.onetouchstb.push.LGUPlusPushAgentAPI.checkRegID:153 com.lguplus.iptv3.onetouchstb.push.OnetouchSTBPushManager.requestCheckRegId:46 
02-05 10:11:20.770   679   932 W AlarmManager: Suspiciously short interval 30000 millis; expanding to 60 seconds
02-05 10:11:24.025   679   700 V ActivityManager: Attempted to start a foreground service (ComponentInfo{tv.anypoint.uplus.tvg.app/tv.anypoint.android.core.app.StartService}) with a broken notification (no icon: Notification(channel=null pri=0 contentView=null vibrate=null sound=null defaults=0x0 flags=0x40 color=0x00000000 vis=PRIVATE))
02-05 10:11:50.570   679   855 W AlarmManager: Suspiciously short interval 30000 millis; expanding to 60 seconds
02-05 10:11:50.588  8275  8275 W ContextImpl: Calling a method in the system process without a qualified user: android.app.ContextImpl.startService:1460 android.content.ContextWrapper.startService:644 android.content.ContextWrapper.startService:644 com.lguplus.iptv3.onetouchstb.receiver.ReservationReceiver.startService:49 com.lguplus.iptv3.onetouchstb.receiver.ReservationReceiver.onReceive:38 
02-05 10:11:50.596   679  1363 W AlarmManager: Suspiciously short interval 30000 millis; expanding to 60 seconds
02-05 10:12:20.609  8275  8275 W ContextImpl: Calling a method in the system process without a qualified user: android.app.ContextImpl.startService:1460 android.content.ContextWrapper.startService:644 android.content.ContextWrapper.startService:644 com.lguplus.iptv3.onetouchstb.receiver.ReservationReceiver.startService:49 com.lguplus.iptv3.onetouchstb.receiver.ReservationReceiver.onReceive:38 
02-05 10:12:20.621   679  1363 W AlarmManager: Suspiciously short interval 30000 millis; expanding to 60 seconds
02-05 10:12:20.625   679   967 W AlarmManager: Suspiciously short interval 30000 millis; expanding to 60 seconds
02-05 10:12:24.116   679   700 V ActivityManager: Attempted to start a foreground service (ComponentInfo{tv.anypoint.uplus.tvg.app/tv.anypoint.android.core.app.StartService}) with a broken notification (no icon: Notification(channel=null pri=0 contentView=null vibrate=null sound=null defaults=0x0 flags=0x40 color=0x00000000 vis=PRIVATE))
02-05 10:12:28.867  9205  9205 W ContextImpl: Calling a method in the system process without a qualified user: android.app.ContextImpl.startService:1460 android.content.ContextWrapper.startService:644 android.content.ContextWrapper.startService:644 com.lguplus.iptv3.arzoo.push.LGUPlusPushAgentMsgReceiver.onReceive:104 android.app.ActivityThread.handleReceiver:3252 
02-05 10:12:28.880   679  1363 W AlarmManager: Suspiciously short interval 30000 millis; expanding to 60 seconds
02-05 10:12:28.901  8275  8275 W ContextImpl: Calling a method in the system process without a qualified user: android.app.ContextImpl.sendBroadcast:950 android.content.ContextWrapper.sendBroadcast:431 android.content.ContextWrapper.sendBroadcast:431 com.lguplus.iptv3.onetouchstb.push.LGUPlusPushAgentAPI.checkRegID:153 com.lguplus.iptv3.onetouchstb.push.OnetouchSTBPushManager.requestCheckRegId:46 
02-05 10:12:28.902   679  1363 W AlarmManager: Suspiciously short interval 30000 millis; expanding to 60 seconds
02-05 10:12:50.634   679   967 W AlarmManager: Suspiciously short interval 30000 millis; expanding to 60 seconds
02-05 10:12:50.653  8275  8275 W ContextImpl: Calling a method in the system process without a qualified user: android.app.ContextImpl.startService:1460 android.content.ContextWrapper.startService:644 android.content.ContextWrapper.startService:644 com.lguplus.iptv3.onetouchstb.receiver.ReservationReceiver.startService:49 com.lguplus.iptv3.onetouchstb.receiver.ReservationReceiver.onReceive:38 
02-05 10:12:50.660   679   967 W AlarmManager: Suspiciously short interval 30000 millis; expanding to 60 seconds
02-05 10:13:07.927   679   764 W ContextImpl: Calling a method in the system process without a qualified user: android.app.ContextImpl.sendBroadcast:950 com.android.server.policy.LgTvWindowManager.interceptKeyBeforeDispatching:350 com.android.server.wm.InputMonitor.interceptKeyBeforeDispatching:466 com.android.server.input.InputManagerService.interceptKeyBeforeDispatching:1956 <bottom of call stack> 
02-05 10:13:07.941  1274  1274 I chatty  : uid=1000(system) com.lguplus.iptv3.base.livewidget expire 18 lines
02-05 10:13:08.242  1274 21028 I chatty  : uid=1000(system) com.lguplus.iptv3.base.livewidget expire 2 lines
02-05 10:13:09.865   679   764 W ContextImpl: Calling a method in the system process without a qualified user: android.app.ContextImpl.sendBroadcast:950 com.android.server.policy.LgTvWindowManager.interceptKeyBeforeDispatching:350 com.android.server.wm.InputMonitor.interceptKeyBeforeDispatching:466 com.android.server.input.InputManagerService.interceptKeyBeforeDispatching:1956 <bottom of call stack> 
02-05 10:13:10.220  1274 21074 I chatty  : uid=1000(system) com.lguplus.iptv3.base.livewidget expire 2 lines
02-05 10:13:12.616   679   764 W ContextImpl: Calling a method in the system process without a qualified user: android.app.ContextImpl.sendBroadcast:950 com.android.server.policy.LgTvWindowManager.interceptKeyBeforeDispatching:350 com.android.server.wm.InputMonitor.interceptKeyBeforeDispatching:466 com.android.server.input.InputManagerService.interceptKeyBeforeDispatching:1956 <bottom of call stack> 
02-05 10:13:12.829  1367  1988 I chatty  : uid=1000(system) Binder:1367_3 expire 10 lines
02-05 10:13:12.842  1274 21109 I chatty  : uid=1000(system) com.lguplus.iptv3.base.livewidget expire 2 lines
02-05 10:13:20.682  8275  8275 W ContextImpl: Calling a method in the system process without a qualified user: android.app.ContextImpl.startService:1460 android.content.ContextWrapper.startService:644 android.content.ContextWrapper.startService:644 com.lguplus.iptv3.onetouchstb.receiver.ReservationReceiver.startService:49 com.lguplus.iptv3.onetouchstb.receiver.ReservationReceiver.onReceive:38 
02-05 10:13:20.683   679   967 W AlarmManager: Suspiciously short interval 30000 millis; expanding to 60 seconds
02-05 10:13:20.694   679  5929 W AlarmManager: Suspiciously short interval 30000 millis; expanding to 60 seconds
02-05 10:13:24.159   679   700 V ActivityManager: Attempted to start a foreground service (ComponentInfo{tv.anypoint.uplus.tvg.app/tv.anypoint.android.core.app.StartService}) with a broken notification (no icon: Notification(channel=null pri=0 contentView=null vibrate=null sound=null defaults=0x0 flags=0x40 color=0x00000000 vis=PRIVATE))
02-05 10:13:50.711   679  5929 W AlarmManager: Suspiciously short interval 30000 millis; expanding to 60 seconds
02-05 10:13:50.723  8275  8275 W ContextImpl: Calling a method in the system process without a qualified user: android.app.ContextImpl.startService:1460 android.content.ContextWrapper.startService:644 android.content.ContextWrapper.startService:644 com.lguplus.iptv3.onetouchstb.receiver.ReservationReceiver.startService:49 com.lguplus.iptv3.onetouchstb.receiver.ReservationReceiver.onReceive:38 
02-05 10:13:50.729   679   967 W AlarmManager: Suspiciously short interval 30000 millis; expanding to 60 seconds
02-05 10:13:56.749   679   764 W ContextImpl: Calling a method in the system process without a qualified user: android.app.ContextImpl.sendBroadcast:950 com.android.server.policy.LgTvWindowManager.interceptKeyBeforeDispatching:350 com.android.server.wm.InputMonitor.interceptKeyBeforeDispatching:466 com.android.server.input.InputManagerService.interceptKeyBeforeDispatching:1956 <bottom of call stack> 
02-05 10:13:56.762  1274  1274 I chatty  : uid=1000(system) com.lguplus.iptv3.base.livewidget expire 23 lines
02-05 10:13:56.978  9205  9205 W ContextImpl: Calling a method in the system process without a qualified user: android.app.ContextImpl.startService:1460 android.content.ContextWrapper.startService:644 android.content.ContextWrapper.startService:644 com.lguplus.iptv3.arzoo.push.LGUPlusPushAgentMsgReceiver.onReceive:104 android.app.ActivityThread.handleReceiver:3252 
02-05 10:13:56.983   679   967 W AlarmManager: Suspiciously short interval 30000 millis; expanding to 60 seconds
02-05 10:13:56.992  8275  8275 W ContextImpl: Calling a method in the system process without a qualified user: android.app.ContextImpl.sendBroadcast:950 android.content.ContextWrapper.sendBroadcast:431 android.content.ContextWrapper.sendBroadcast:431 com.lguplus.iptv3.onetouchstb.push.LGUPlusPushAgentAPI.checkRegID:153 com.lguplus.iptv3.onetouchstb.push.OnetouchSTBPushManager.requestCheckRegId:46 
02-05 10:13:56.992   679  5929 W AlarmManager: Suspiciously short interval 30000 millis; expanding to 60 seconds
02-05 10:13:57.082  1274 21427 I chatty  : uid=1000(system) com.lguplus.iptv3.base.livewidget expire 2 lines
02-05 10:13:58.791   679   764 W ContextImpl: Calling a method in the system process without a qualified user: android.app.ContextImpl.sendBroadcast:950 com.android.server.policy.LgTvWindowManager.interceptKeyBeforeDispatching:350 com.android.server.wm.InputMonitor.interceptKeyBeforeDispatching:466 com.android.server.input.InputManagerService.interceptKeyBeforeDispatching:1956 <bottom of call stack> 
02-05 10:13:58.994  1274 21459 I chatty  : uid=1000(system) com.lguplus.iptv3.base.livewidget expire 2 lines
02-05 10:14:00.518   679   764 W ContextImpl: Calling a method in the system process without a qualified user: android.app.ContextImpl.sendBroadcast:950 com.android.server.policy.LgTvWindowManager.interceptKeyBeforeDispatching:350 com.android.server.wm.InputMonitor.interceptKeyBeforeDispatching:466 com.android.server.input.InputManagerService.interceptKeyBeforeDispatching:1956 <bottom of call stack> 
02-05 10:14:00.725  1274 21488 I chatty  : uid=1000(system) com.lguplus.iptv3.base.livewidget expire 2 lines
02-05 10:14:02.087   679   764 W ContextImpl: Calling a method in the system process without a qualified user: android.app.ContextImpl.sendBroadcast:950 com.android.server.policy.LgTvWindowManager.interceptKeyBeforeDispatching:350 com.android.server.wm.InputMonitor.interceptKeyBeforeDispatching:466 com.android.server.input.InputManagerService.interceptKeyBeforeDispatching:1956 <bottom of call stack> 
02-05 10:14:02.339  1274 21518 I chatty  : uid=1000(system) com.lguplus.iptv3.base.livewidget expire 2 lines
02-05 10:14:20.748  8275  8275 W ContextImpl: Calling a method in the system process without a qualified user: android.app.ContextImpl.startService:1460 android.content.ContextWrapper.startService:644 android.content.ContextWrapper.startService:644 com.lguplus.iptv3.onetouchstb.receiver.ReservationReceiver.startService:49 com.lguplus.iptv3.onetouchstb.receiver.ReservationReceiver.onReceive:38 
02-05 10:14:20.753   679   967 W AlarmManager: Suspiciously short interval 30000 millis; expanding to 60 seconds
02-05 10:14:20.766   679   932 W AlarmManager: Suspiciously short interval 30000 millis; expanding to 60 seconds
02-05 10:14:24.208   679   764 W ContextImpl: Calling a method in the system process without a qualified user: android.app.ContextImpl.sendBroadcast:950 com.android.server.policy.LgTvWindowManager.interceptKeyBeforeDispatching:350 com.android.server.wm.InputMonitor.interceptKeyBeforeDispatching:466 com.android.server.input.InputManagerService.interceptKeyBeforeDispatching:1956 <bottom of call stack> 
02-05 10:14:24.218  1274  1274 I chatty  : uid=1000(system) com.lguplus.iptv3.base.livewidget expire 12 lines
02-05 10:14:24.267   679   700 V ActivityManager: Attempted to start a foreground service (ComponentInfo{tv.anypoint.uplus.tvg.app/tv.anypoint.android.core.app.StartService}) with a broken notification (no icon: Notification(channel=null pri=0 contentView=null vibrate=null sound=null defaults=0x0 flags=0x40 color=0x00000000 vis=PRIVATE))
02-05 10:14:24.499  1367  1988 I chatty  : uid=1000(system) Binder:1367_3 expire 9 lines
02-05 10:14:24.511  1274 21684 I chatty  : uid=1000(system) com.lguplus.iptv3.base.livewidget expire 2 lines
02-05 10:14:50.775   679   967 W AlarmManager: Suspiciously short interval 30000 millis; expanding to 60 seconds
02-05 10:14:50.784  8275  8275 W ContextImpl: Calling a method in the system process without a qualified user: android.app.ContextImpl.startService:1460 android.content.ContextWrapper.startService:644 android.content.ContextWrapper.startService:644 com.lguplus.iptv3.onetouchstb.receiver.ReservationReceiver.startService:49 com.lguplus.iptv3.onetouchstb.receiver.ReservationReceiver.onReceive:38 
02-05 10:14:50.790   679   967 W AlarmManager: Suspiciously short interval 30000 millis; expanding to 60 seconds
02-05 10:14:54.899   679   764 W ContextImpl: Calling a method in the system process without a qualified user: android.app.ContextImpl.sendBroadcast:950 com.android.server.policy.LgTvWindowManager.interceptKeyBeforeDispatching:350 com.android.server.wm.InputMonitor.interceptKeyBeforeDispatching:466 com.android.server.input.InputManagerService.interceptKeyBeforeDispatching:1956 <bottom of call stack> 
02-05 10:14:55.211  1274 21911 I chatty  : uid=1000(system) com.lguplus.iptv3.base.livewidget expire 2 lines
02-05 10:15:01.879   679   764 W ContextImpl: Calling a method in the system process without a qualified user: android.app.ContextImpl.sendBroadcast:950 com.android.server.policy.LgTvWindowManager.interceptKeyBeforeDispatching:350 com.android.server.wm.InputMonitor.interceptKeyBeforeDispatching:466 com.android.server.input.InputManagerService.interceptKeyBeforeDispatching:1956 <bottom of call stack> 
02-05 10:15:01.890  1274  1274 I chatty  : uid=1000(system) com.lguplus.iptv3.base.livewidget expire 17 lines
02-05 10:15:02.133  1274 21975 I chatty  : uid=1000(system) com.lguplus.iptv3.base.livewidget expire 2 lines
02-05 10:15:05.719   679   764 W ContextImpl: Calling a method in the system process without a qualified user: android.app.ContextImpl.sendBroadcast:950 com.android.server.policy.LgTvWindowManager.interceptKeyBeforeDispatching:350 com.android.server.wm.InputMonitor.interceptKeyBeforeDispatching:466 com.android.server.input.InputManagerService.interceptKeyBeforeDispatching:1956 <bottom of call stack> 
02-05 10:15:05.971  1274 22018 I chatty  : uid=1000(system) com.lguplus.iptv3.base.livewidget expire 2 lines
02-05 10:15:07.350   679   764 W ContextImpl: Calling a method in the system process without a qualified user: android.app.ContextImpl.sendBroadcast:950 com.android.server.policy.LgTvWindowManager.interceptKeyBeforeDispatching:350 com.android.server.wm.InputMonitor.interceptKeyBeforeDispatching:466 com.android.server.input.InputManagerService.interceptKeyBeforeDispatching:1956 <bottom of call stack> 
02-05 10:15:07.579  1274 22044 I chatty  : uid=1000(system) com.lguplus.iptv3.base.livewidget expire 2 lines
02-05 10:15:08.121  1367  1988 W ContextImpl: Calling a method in the system process without a qualified user: android.app.ContextImpl.sendBroadcast:950 android.content.ContextWrapper.sendBroadcast:431 com.lge.sys.IptvShmService$IptvEventHandler.BroadcastCmEvent:814 com.lge.sys.IptvListener.Notify:131 com.lge.sys.ILgIpcClientService$Stub.onTransact:55 
02-05 10:15:23.069  8275  8275 W ContextImpl: Calling a method in the system process without a qualified user: android.app.ContextImpl.startService:1460 android.content.ContextWrapper.startService:644 android.content.ContextWrapper.startService:644 com.lguplus.iptv3.onetouchstb.receiver.ReservationReceiver.startService:49 com.lguplus.iptv3.onetouchstb.receiver.ReservationReceiver.onReceive:38 
02-05 10:15:23.075   679   932 W AlarmManager: Suspiciously short interval 30000 millis; expanding to 60 seconds
02-05 10:15:23.082   679   855 W AlarmManager: Suspiciously short interval 30000 millis; expanding to 60 seconds
02-05 10:15:23.142  9205  9205 W ContextImpl: Calling a method in the system process without a qualified user: android.app.ContextImpl.startService:1460 android.content.ContextWrapper.startService:644 android.content.ContextWrapper.startService:644 com.lguplus.iptv3.arzoo.push.LGUPlusPushAgentMsgReceiver.onReceive:104 android.app.ActivityThread.handleReceiver:3252 
02-05 10:15:23.148   679   932 W AlarmManager: Suspiciously short interval 30000 millis; expanding to 60 seconds
02-05 10:15:23.169  8275  8275 W ContextImpl: Calling a method in the system process without a qualified user: android.app.ContextImpl.sendBroadcast:950 android.content.ContextWrapper.sendBroadcast:431 android.content.ContextWrapper.sendBroadcast:431 com.lguplus.iptv3.onetouchstb.push.LGUPlusPushAgentAPI.checkRegID:153 com.lguplus.iptv3.onetouchstb.push.OnetouchSTBPushManager.requestCheckRegId:46 
02-05 10:15:23.195   679   932 W AlarmManager: Suspiciously short interval 30000 millis; expanding to 60 seconds
02-05 10:15:24.304   679   700 V ActivityManager: Attempted to start a foreground service (ComponentInfo{tv.anypoint.uplus.tvg.app/tv.anypoint.android.core.app.StartService}) with a broken notification (no icon: Notification(channel=null pri=0 contentView=null vibrate=null sound=null defaults=0x0 flags=0x40 color=0x00000000 vis=PRIVATE))
02-05 10:15:53.088   679   932 W AlarmManager: Suspiciously short interval 30000 millis; expanding to 60 seconds
02-05 10:15:53.100  8275  8275 W ContextImpl: Calling a method in the system process without a qualified user: android.app.ContextImpl.startService:1460 android.content.ContextWrapper.startService:644 android.content.ContextWrapper.startService:644 com.lguplus.iptv3.onetouchstb.receiver.ReservationReceiver.startService:49 com.lguplus.iptv3.onetouchstb.receiver.ReservationReceiver.onReceive:38 
02-05 10:15:53.106   679   967 W AlarmManager: Suspiciously short interval 30000 millis; expanding to 60 seconds
02-05 10:16:24.403   679   700 V ActivityManager: Attempted to start a foreground service (ComponentInfo{tv.anypoint.uplus.tvg.app/tv.anypoint.android.core.app.StartService}) with a broken notification (no icon: Notification(channel=null pri=0 contentView=null vibrate=null sound=null defaults=0x0 flags=0x40 color=0x00000000 vis=PRIVATE))
02-05 10:16:30.216  8275  8275 W ContextImpl: Calling a method in the system process without a qualified user: android.app.ContextImpl.startService:1460 android.content.ContextWrapper.startService:644 android.content.ContextWrapper.startService:644 com.lguplus.iptv3.onetouchstb.receiver.ReservationReceiver.startService:49 com.lguplus.iptv3.onetouchstb.receiver.ReservationReceiver.onReceive:38 
02-05 10:16:30.226   679   932 W AlarmManager: Suspiciously short interval 30000 millis; expanding to 60 seconds
02-05 10:16:30.229   679   967 W AlarmManager: Suspiciously short interval 30000 millis; expanding to 60 seconds
02-05 10:16:30.303  9205  9205 W ContextImpl: Calling a method in the system process without a qualified user: android.app.ContextImpl.startService:1460 android.content.ContextWrapper.startService:644 android.content.ContextWrapper.startService:644 com.lguplus.iptv3.arzoo.push.LGUPlusPushAgentMsgReceiver.onReceive:104 android.app.ActivityThread.handleReceiver:3252 
02-05 10:16:30.311   679   932 W AlarmManager: Suspiciously short interval 30000 millis; expanding to 60 seconds
02-05 10:16:30.336  8275  8275 W ContextImpl: Calling a method in the system process without a qualified user: android.app.ContextImpl.sendBroadcast:950 android.content.ContextWrapper.sendBroadcast:431 android.content.ContextWrapper.sendBroadcast:431 com.lguplus.iptv3.onetouchstb.push.LGUPlusPushAgentAPI.checkRegID:153 com.lguplus.iptv3.onetouchstb.push.OnetouchSTBPushManager.requestCheckRegId:46 
02-05 10:16:30.339   679   855 W AlarmManager: Suspiciously short interval 30000 millis; expanding to 60 seconds
02-05 10:17:00.238   679  5929 W AlarmManager: Suspiciously short interval 30000 millis; expanding to 60 seconds
02-05 10:17:00.247  8275  8275 W ContextImpl: Calling a method in the system process without a qualified user: android.app.ContextImpl.startService:1460 android.content.ContextWrapper.startService:644 android.content.ContextWrapper.startService:644 com.lguplus.iptv3.onetouchstb.receiver.ReservationReceiver.startService:49 com.lguplus.iptv3.onetouchstb.receiver.ReservationReceiver.onReceive:38 
02-05 10:17:00.255   679   855 W AlarmManager: Suspiciously short interval 30000 millis; expanding to 60 seconds
02-05 10:17:02.335   679   764 W ContextImpl: Calling a method in the system process without a qualified user: android.app.ContextImpl.sendBroadcast:950 com.android.server.policy.LgTvWindowManager.interceptKeyBeforeDispatching:350 com.android.server.wm.InputMonitor.interceptKeyBeforeDispatching:466 com.android.server.input.InputManagerService.interceptKeyBeforeDispatching:1956 <bottom of call stack> 
02-05 10:17:02.346  1274  1274 I chatty  : uid=1000(system) com.lguplus.iptv3.base.livewidget expire 26 lines
02-05 10:17:02.613  1367  1988 W ContextImpl: Calling a method in the system process without a qualified user: android.app.ContextImpl.sendBroadcast:950 android.content.ContextWrapper.sendBroadcast:431 com.lge.sys.IptvShmService$IptvEventHandler.BroadcastCmEvent:814 com.lge.sys.IptvListener.Notify:167 com.lge.sys.ILgIpcClientService$Stub.onTransact:55 
02-05 10:17:02.624  1274 22827 I chatty  : uid=1000(system) com.lguplus.iptv3.base.livewidget expire 2 lines
02-05 10:17:03.323  1367  1988 W ContextImpl: Calling a method in the system process without a qualified user: android.app.ContextImpl.sendBroadcast:950 android.content.ContextWrapper.sendBroadcast:431 com.lge.sys.IptvShmService$IptvEventHandler.BroadcastCmEvent:814 com.lge.sys.IptvListener.Notify:131 com.lge.sys.ILgIpcClientService$Stub.onTransact:55 
02-05 10:17:07.346   679   764 W ContextImpl: Calling a method in the system process without a qualified user: android.app.ContextImpl.sendBroadcast:950 com.android.server.policy.LgTvWindowManager.interceptKeyBeforeDispatching:350 com.android.server.wm.InputMonitor.interceptKeyBeforeDispatching:466 com.android.server.input.InputManagerService.interceptKeyBeforeDispatching:1956 <bottom of call stack> 
02-05 10:17:07.595  1367  1988 W ContextImpl: Calling a method in the system process without a qualified user: android.app.ContextImpl.sendBroadcast:950 android.content.ContextWrapper.sendBroadcast:431 com.lge.sys.IptvShmService$IptvEventHandler.BroadcastCmEvent:814 com.lge.sys.IptvListener.Notify:167 com.lge.sys.ILgIpcClientService$Stub.onTransact:55 
02-05 10:17:07.610  1274 22881 I chatty  : uid=1000(system) com.lguplus.iptv3.base.livewidget expire 2 lines
02-05 10:17:08.114  1367  1988 W ContextImpl: Calling a method in the system process without a qualified user: android.app.ContextImpl.sendBroadcast:950 android.content.ContextWrapper.sendBroadcast:431 com.lge.sys.IptvShmService$IptvEventHandler.BroadcastCmEvent:814 com.lge.sys.IptvListener.Notify:131 com.lge.sys.ILgIpcClientService$Stub.onTransact:55 
02-05 10:17:09.294   679   764 W ContextImpl: Calling a method in the system process without a qualified user: android.app.ContextImpl.sendBroadcast:950 com.android.server.policy.LgTvWindowManager.interceptKeyBeforeDispatching:350 com.android.server.wm.InputMonitor.interceptKeyBeforeDispatching:466 com.android.server.input.InputManagerService.interceptKeyBeforeDispatching:1956 <bottom of call stack> 
02-05 10:17:09.471  1367  1988 W ContextImpl: Calling a method in the system process without a qualified user: android.app.ContextImpl.sendBroadcast:950 android.content.ContextWrapper.sendBroadcast:431 com.lge.sys.IptvShmService$IptvEventHandler.BroadcastCmEvent:814 com.lge.sys.IptvListener.Notify:167 com.lge.sys.ILgIpcClientService$Stub.onTransact:55 
02-05 10:17:09.486  1274 22907 I chatty  : uid=1000(system) com.lguplus.iptv3.base.livewidget expire 2 lines
02-05 10:17:09.986  1367  1988 W ContextImpl: Calling a method in the system process without a qualified user: android.app.ContextImpl.sendBroadcast:950 android.content.ContextWrapper.sendBroadcast:431 com.lge.sys.IptvShmService$IptvEventHandler.BroadcastCmEvent:814 com.lge.sys.IptvListener.Notify:131 com.lge.sys.ILgIpcClientService$Stub.onTransact:55 
