01-25 11:36:25.167  1754  1773 E NotificationService: Ignoring notification with icon==0: Notification(pri=0 contentView=null vibrate=null sound=null defaults=0x0 flags=0x62 kind=[null])
01-25 11:36:52.737  1754  1503 I ActivityManager: No longer want com.lguplus.iptv3.updatecheck (pid 2251): empty for 1800s
01-25 11:36:52.747  1754  2099 W ActivityManager: Scheduling restart of crashed service com.lguplus.iptv3.updatecheck/.UpdateService in 5000ms
01-25 11:36:57.777  1754  1773 I ActivityManager: Start proc com.lguplus.iptv3.updatecheck for service com.lguplus.iptv3.updatecheck/.UpdateService: pid=2151 uid=10082 gids={50082, 3003, 1028}
01-25 11:37:25.257  1754  1773 E NotificationService: Ignoring notification with icon==0: Notification(pri=0 contentView=null vibrate=null sound=null defaults=0x0 flags=0x62 kind=[null])
01-25 11:38:25.337  1754  1773 E NotificationService: Ignoring notification with icon==0: Notification(pri=0 contentView=null vibrate=null sound=null defaults=0x0 flags=0x62 kind=[null])
01-25 11:39:25.417  1754  1773 E NotificationService: Ignoring notification with icon==0: Notification(pri=0 contentView=null vibrate=null sound=null defaults=0x0 flags=0x62 kind=[null])
01-25 11:40:13.827  1754  1773 I ActivityManager: No longer want com.google.cast.castreceiver (pid 2930): empty for 12801s
01-25 11:40:13.837  1754  2195 W ActivityManager: Scheduling restart of crashed service com.chrome.tv.stable/com.google.tv.dial.launcher.LaunchService in 5000ms
01-25 11:40:18.857  1754  1773 I ActivityManager: Start proc com.google.cast.castreceiver for service com.chrome.tv.stable/com.google.tv.dial.launcher.LaunchService: pid=2920 uid=10013 gids={50013, 1006, 3003, 1015, 1028}
01-25 11:40:25.527  1754  1773 E NotificationService: Ignoring notification with icon==0: Notification(pri=0 contentView=null vibrate=null sound=null defaults=0x0 flags=0x62 kind=[null])
01-25 11:41:25.607  1754  1773 E NotificationService: Ignoring notification with icon==0: Notification(pri=0 contentView=null vibrate=null sound=null defaults=0x0 flags=0x62 kind=[null])
01-25 11:42:25.707  1754  1773 E NotificationService: Ignoring notification with icon==0: Notification(pri=0 contentView=null vibrate=null sound=null defaults=0x0 flags=0x62 kind=[null])
01-25 11:43:25.787  1754  1773 E NotificationService: Ignoring notification with icon==0: Notification(pri=0 contentView=null vibrate=null sound=null defaults=0x0 flags=0x62 kind=[null])
01-25 11:43:51.797  1754  1821 I ActivityManager: Start proc com.android.vending for service com.android.vending/com.google.android.finsky.services.CheckWifiAndAutoUpdate: pid=3675 uid=10056 gids={50056, 3003, 1015, 1028}
01-25 11:43:52.137  1754  2145 I ActivityManager: Start proc android.process.media for content provider com.android.providers.downloads/.DownloadProvider: pid=3719 uid=10017 gids={50017, 1015, 1023, 1024, 1028, 2001, 3003, 3007}
01-25 11:44:25.867  1754  1773 E NotificationService: Ignoring notification with icon==0: Notification(pri=0 contentView=null vibrate=null sound=null defaults=0x0 flags=0x62 kind=[null])
01-25 11:44:46.627  1754  2028 W ThrottleService: unable to find stats for iface rmnet0
01-25 11:45:25.977  1754  1773 E NotificationService: Ignoring notification with icon==0: Notification(pri=0 contentView=null vibrate=null sound=null defaults=0x0 flags=0x62 kind=[null])
01-25 11:46:26.057  1754  1773 E NotificationService: Ignoring notification with icon==0: Notification(pri=0 contentView=null vibrate=null sound=null defaults=0x0 flags=0x62 kind=[null])
01-25 11:46:38.027  1754  2138 I ActivityManager: Start proc com.google.android.gms:snet for service com.google.android.gms/.chimera.SnetIntentOperationService: pid=545 uid=10028 gids={50028, 3003, 1007, 1028, 1015, 1006, 3002, 3001, 2001, 3006}
01-25 11:47:22.737  1754  3548 I ActivityManager: No longer want android.process.acore (pid 729): empty for 1802s
01-25 11:47:26.157  1754  1773 E NotificationService: Ignoring notification with icon==0: Notification(pri=0 contentView=null vibrate=null sound=null defaults=0x0 flags=0x62 kind=[null])
01-25 11:47:39.597  1754  1880 D PerformBackupTask: starting agent for backup of BackupRequest{pkg=android}
01-25 11:47:39.597  1754  1880 D BackupManagerService: awaiting agent for ApplicationInfo{2bbb8208 android}
01-25 11:47:39.597  1754  1770 D BackupManagerService: agentConnected pkg=android agent=android.app.backup.BackupAgent$BackupServiceBinder@2bf66398
01-25 11:47:39.657  1754  1880 I ActivityManager: Start proc com.google.android.gsf.login for service com.google.android.gsf.login/com.google.android.gsf.loginservice.GoogleLoginService: pid=781 uid=10028 gids={50028, 3003, 1007, 1028, 1015, 1006, 3002, 3001, 2001, 3006}
01-25 11:47:40.407  1754  1880 I PerformBackupTask: Backup pass finished.
01-25 11:48:26.247  1754  1773 E NotificationService: Ignoring notification with icon==0: Notification(pri=0 contentView=null vibrate=null sound=null defaults=0x0 flags=0x62 kind=[null])
01-25 11:48:52.747  1754  1754 I ActivityManager: No longer want com.lguplus.iptv3.base.orangecast.shop:remote (pid 1206): empty for 1800s
01-25 11:48:52.757  1754  2144 W ActivityManager: Scheduling restart of crashed service com.lguplus.iptv3.base.orangecast.shop/.service.TriggerService in 5000ms
01-25 11:48:57.777  1754  1773 I ActivityManager: Start proc com.lguplus.iptv3.base.orangecast.shop:remote for service com.lguplus.iptv3.base.orangecast.shop/.service.TriggerService: pid=1260 uid=10051 gids={50051, 3003, 1015, 1028}
01-25 11:49:26.327  1754  1773 E NotificationService: Ignoring notification with icon==0: Notification(pri=0 contentView=null vibrate=null sound=null defaults=0x0 flags=0x62 kind=[null])
01-25 11:50:26.417  1754  1773 E NotificationService: Ignoring notification with icon==0: Notification(pri=0 contentView=null vibrate=null sound=null defaults=0x0 flags=0x62 kind=[null])
01-25 11:50:30.677  1754  1848 D ConnectivityService: handleInetConditionHoldEnd: net=9, condition=100, published condition=100
01-25 11:51:26.497  1754  1773 E NotificationService: Ignoring notification with icon==0: Notification(pri=0 contentView=null vibrate=null sound=null defaults=0x0 flags=0x62 kind=[null])
01-25 11:51:57.827  1754  1503 I ActivityManager: No longer want com.google.android.gms.ui (pid 1926): empty for 1824s
01-25 11:52:26.587  1754  1773 E NotificationService: Ignoring notification with icon==0: Notification(pri=0 contentView=null vibrate=null sound=null defaults=0x0 flags=0x62 kind=[null])
01-25 11:53:26.667  1754  1773 E NotificationService: Ignoring notification with icon==0: Notification(pri=0 contentView=null vibrate=null sound=null defaults=0x0 flags=0x62 kind=[null])
01-25 11:54:26.747  1754  1773 E NotificationService: Ignoring notification with icon==0: Notification(pri=0 contentView=null vibrate=null sound=null defaults=0x0 flags=0x62 kind=[null])
01-25 11:54:46.627  1754  2028 W ThrottleService: unable to find stats for iface rmnet0
01-25 11:55:26.857  1754  1773 E NotificationService: Ignoring notification with icon==0: Notification(pri=0 contentView=null vibrate=null sound=null defaults=0x0 flags=0x62 kind=[null])
01-25 11:56:26.967  1754  1773 E NotificationService: Ignoring notification with icon==0: Notification(pri=0 contentView=null vibrate=null sound=null defaults=0x0 flags=0x62 kind=[null])
01-25 11:57:27.047  1754  1773 E NotificationService: Ignoring notification with icon==0: Notification(pri=0 contentView=null vibrate=null sound=null defaults=0x0 flags=0x62 kind=[null])
01-25 11:58:27.147  1754  1773 E NotificationService: Ignoring notification with icon==0: Notification(pri=0 contentView=null vibrate=null sound=null defaults=0x0 flags=0x62 kind=[null])
01-25 11:58:27.827  1754  2173 I ActivityManager: No longer want com.lguplus.iptv3.base.fwupdater:remote (pid 3642): empty for 1800s
01-25 11:58:27.847  1754  2195 W ActivityManager: Scheduling restart of crashed service com.lguplus.iptv3.base.fwupdater/.BackgroundActionService in 5000ms
01-25 11:58:32.867  1754  1773 I ActivityManager: Start proc com.lguplus.iptv3.base.fwupdater:remote for service com.lguplus.iptv3.base.fwupdater/.BackgroundActionService: pid=3605 uid=10068 gids={50068, 1015, 3003, 1028}
01-25 11:59:27.227  1754  1773 E NotificationService: Ignoring notification with icon==0: Notification(pri=0 contentView=null vibrate=null sound=null defaults=0x0 flags=0x62 kind=[null])
01-25 12:00:27.317  1754  1773 E NotificationService: Ignoring notification with icon==0: Notification(pri=0 contentView=null vibrate=null sound=null defaults=0x0 flags=0x62 kind=[null])
01-25 12:00:55.467  1754  2145 I ActivityManager: No longer want com.lguplus.iptv3.base.setting (pid 352): empty for 1802s
01-25 12:00:57.847  1754  2194 I ActivityManager: Start proc com.lguplus.iptv3.base.setting for content provider com.lguplus.iptv3.base.setting/.provider.SettingProvider: pid=357 uid=10076 gids={50076, 1015, 3003, 1028}
01-25 12:01:27.437  1754  1773 E NotificationService: Ignoring notification with icon==0: Notification(pri=0 contentView=null vibrate=null sound=null defaults=0x0 flags=0x62 kind=[null])
01-25 12:02:21.377  1754  1775 W BatteryStatsImpl: Couldn't get kernel wake lock stats
01-25 12:02:27.527  1754  1773 E NotificationService: Ignoring notification with icon==0: Notification(pri=0 contentView=null vibrate=null sound=null defaults=0x0 flags=0x62 kind=[null])
01-25 12:03:27.607  1754  1773 E NotificationService: Ignoring notification with icon==0: Notification(pri=0 contentView=null vibrate=null sound=null defaults=0x0 flags=0x62 kind=[null])
01-25 12:04:04.097  1754  1773 I ActivityManager: Start proc .remote for broadcast com.lguplus.iptv4.base.curationservice/.reciver.RestartReceiver: pid=1220 uid=10002 gids={50002, 3003, 1015, 1028}
01-25 12:04:27.687  1754  1773 E NotificationService: Ignoring notification with icon==0: Notification(pri=0 contentView=null vibrate=null sound=null defaults=0x0 flags=0x62 kind=[null])
01-25 12:04:27.837  1754  1503 I ActivityManager: No longer want com.lguplus.iptv3.base.reservalarmmng (pid 1203): empty for 1809s
01-25 12:04:27.837  1754  1503 I ActivityManager: No longer want com.lguplus.pushagentstb (pid 1168): empty for 1809s
01-25 12:04:27.837  1754  1503 I ActivityManager: No longer want com.lguplus.iptv3.ltealive (pid 1182): empty for 1809s
01-25 12:04:27.837  1754  1503 I ActivityManager: No longer want com.lguplus.iptv3.base.agent.rating:remote (pid 1336): empty for 1809s
01-25 12:04:27.837  1754  1503 I ActivityManager: No longer want com.lguplus.iptv3.base.agent.notice:remote (pid 1325): empty for 1809s
01-25 12:04:27.837  1754  1503 I ActivityManager: No longer want com.lguplus.iptv3.base.notification:remote (pid 1312): empty for 1810s
01-25 12:04:27.907  1754  3548 W ActivityManager: Exception when unbinding service com.lguplus.iptv3.base.agent.notice/.app.NoticeAgent
01-25 12:04:27.907  1754  3548 W ActivityManager: android.os.TransactionTooLargeException
01-25 12:04:27.907  1754  3548 W ActivityManager: 	at android.os.BinderProxy.transact(Native Method)
01-25 12:04:27.907  1754  3548 W ActivityManager: 	at android.app.ApplicationThreadProxy.scheduleUnbindService(ApplicationThreadNative.java:829)
01-25 12:04:27.907  1754  3548 W ActivityManager: 	at com.android.server.am.ActiveServices.removeConnectionLocked(ActiveServices.java:1353)
01-25 12:04:27.907  1754  3548 W ActivityManager: 	at com.android.server.am.ActiveServices.killServicesLocked(ActiveServices.java:1627)
01-25 12:04:27.907  1754  3548 W ActivityManager: 	at com.android.server.am.ActivityManagerService.cleanUpApplicationRecordLocked(ActivityManagerService.java:10762)
01-25 12:04:27.907  1754  3548 W ActivityManager: 	at com.android.server.am.ActivityManagerService.handleAppDiedLocked(ActivityManagerService.java:2925)
01-25 12:04:27.907  1754  3548 W ActivityManager: 	at com.android.server.am.ActivityManagerService.appDiedLocked(ActivityManagerService.java:3015)
01-25 12:04:27.907  1754  3548 W ActivityManager: 	at com.android.server.am.ActivityManagerService$AppDeathRecipient.binderDied(ActivityManagerService.java:872)
01-25 12:04:27.907  1754  3548 W ActivityManager: 	at android.os.BinderProxy.sendDeathNotice(Binder.java:433)
01-25 12:04:27.907  1754  3548 W ActivityManager: 	at dalvik.system.NativeStart.run(Native Method)
01-25 12:04:27.907  1754  3548 W ActivityManager: Exception when unbinding service com.lguplus.iptv3.base.agent.rating/.app.VbmAgent
01-25 12:04:27.907  1754  3548 W ActivityManager: android.os.DeadObjectException
01-25 12:04:27.907  1754  3548 W ActivityManager: 	at android.os.BinderProxy.transact(Native Method)
01-25 12:04:27.907  1754  3548 W ActivityManager: 	at android.app.ApplicationThreadProxy.scheduleUnbindService(ApplicationThreadNative.java:829)
01-25 12:04:27.907  1754  3548 W ActivityManager: 	at com.android.server.am.ActiveServices.removeConnectionLocked(ActiveServices.java:1353)
01-25 12:04:27.907  1754  3548 W ActivityManager: 	at com.android.server.am.ActiveServices.killServicesLocked(ActiveServices.java:1627)
01-25 12:04:27.907  1754  3548 W ActivityManager: 	at com.android.server.am.ActivityManagerService.cleanUpApplicationRecordLocked(ActivityManagerService.java:10762)
01-25 12:04:27.907  1754  3548 W ActivityManager: 	at com.android.server.am.ActivityManagerService.handleAppDiedLocked(ActivityManagerService.java:2925)
01-25 12:04:27.907  1754  3548 W ActivityManager: 	at com.android.server.am.ActivityManagerService.appDiedLocked(ActivityManagerService.java:3015)
01-25 12:04:27.907  1754  3548 W ActivityManager: 	at com.android.server.am.ActivityManagerService$AppDeathRecipient.binderDied(ActivityManagerService.java:872)
01-25 12:04:27.907  1754  3548 W ActivityManager: 	at android.os.BinderProxy.sendDeathNotice(Binder.java:433)
01-25 12:04:27.907  1754  3548 W ActivityManager: 	at dalvik.system.NativeStart.run(Native Method)
01-25 12:04:27.907  1754  3548 W ActivityManager: Scheduling restart of crashed service com.lguplus.iptv3.base.notification/.service.NotificationService in 5000ms
01-25 12:04:27.907  1754  1503 W ActivityManager: Scheduling restart of crashed service com.lguplus.iptv3.base.agent.notice/.app.NoticeAgent in 15000ms
01-25 12:04:27.907  1754  1766 W ActivityManager: Scheduling restart of crashed service com.lguplus.pushagentstb/.service.PushAgentService in 24999ms
01-25 12:04:27.907  1754  2140 W ActivityManager: Scheduling restart of crashed service com.lguplus.iptv3.base.agent.rating/.app.VbmAgent in 34999ms
01-25 12:04:27.917  1754  2137 W ActivityManager: Scheduling restart of crashed service com.lguplus.iptv3.base.reservalarmmng/.ServiceAlarmManage in 44998ms
01-25 12:04:32.917  1754  1773 I ActivityManager: Start proc com.lguplus.iptv3.base.notification:remote for service com.lguplus.iptv3.base.notification/.service.NotificationService: pid=1374 uid=10072 gids={50072, 3003, 1028}
01-25 12:04:32.987  1754  2102 I ActivityManager: Start proc com.lguplus.iptv3.base.agent.notice:remote for service com.lguplus.iptv3.base.agent.notice/.app.NoticeAgent: pid=1392 uid=10049 gids={50049, 1015, 3003, 1028}
01-25 12:04:33.017  1754  2099 I ActivityManager: Start proc com.lguplus.iptv3.base.agent.rating:remote for service com.lguplus.iptv3.base.agent.rating/.app.VbmAgent: pid=1430 uid=10059 gids={50059, 1015, 3003, 1028}
01-25 12:04:46.297  1754  1773 I ActivityManager: Start proc com.lguplus.pushagentstb for broadcast com.lguplus.pushagentstb/.service.PushAgentAlarmManager: pid=1538 uid=10057 gids={50057, 3003, 1015, 1028}
01-25 12:04:46.557  1754  1773 I ActivityManager: Start proc com.lguplus.iptv3.ltealive for broadcast com.lguplus.iptv3.ltealive/.push.LGUPlusPushAgentMsgReceiver: pid=1555 uid=10041 gids={50041, 1015, 1028, 3003}
01-25 12:04:46.637  1754  2144 I ActivityManager: Start proc com.lguplus.iptv3.base.reservalarmmng for broadcast com.lguplus.iptv3.base.reservalarmmng/.receiver.LGUPlusPushAgentMsgReceiver: pid=1581 uid=10074 gids={50074, 3003, 1028}
01-25 12:04:46.747  1754  2028 W ThrottleService: unable to find stats for iface rmnet0
01-25 12:04:59.297  1754  1773 I ActivityManager: No longer want com.google.tv.player (pid 1552): empty for 1801s
01-25 12:04:59.327  1754  2195 W ActivityManager: Scheduling restart of crashed service com.google.tv.player/com.google.tv.mediadevicesapp.MediaDevicesService in 5000ms
01-25 12:05:04.337  1754  1773 I ActivityManager: Start proc com.google.tv.player for service com.google.tv.player/com.google.tv.mediadevicesapp.MediaDevicesService: pid=1686 uid=10086 gids={50086, 3003, 1028}
01-25 12:05:14.137  1754  1773 I ActivityManager: No longer want com.lguplus.iptv3.secondtvservice (pid 1602): empty for 1806s
01-25 12:05:14.157  1754  1766 W ActivityManager: Scheduling restart of crashed service com.lguplus.iptv3.secondtvservice/.SecondTvService in 5000ms
01-25 12:05:19.167  1754  1773 I ActivityManager: Start proc com.lguplus.iptv3.secondtvservice for service com.lguplus.iptv3.secondtvservice/.SecondTvService: pid=1788 uid=10062 gids={50062, 3003, 1015, 1028}
01-25 12:05:27.787  1754  1773 E NotificationService: Ignoring notification with icon==0: Notification(pri=0 contentView=null vibrate=null sound=null defaults=0x0 flags=0x62 kind=[null])
01-25 12:06:27.877  1754  1773 E NotificationService: Ignoring notification with icon==0: Notification(pri=0 contentView=null vibrate=null sound=null defaults=0x0 flags=0x62 kind=[null])
01-25 12:06:57.837  1754  2145 I ActivityManager: No longer want com.lguplus.iptv3.updatecheck (pid 2151): empty for 1800s
01-25 12:06:57.847  1754  3548 W ActivityManager: Scheduling restart of crashed service com.lguplus.iptv3.updatecheck/.UpdateService in 5000ms
01-25 12:07:02.867  1754  1773 I ActivityManager: Start proc com.lguplus.iptv3.updatecheck for service com.lguplus.iptv3.updatecheck/.UpdateService: pid=2308 uid=10082 gids={50082, 3003, 1028}
01-25 12:07:27.987  1754  1773 E NotificationService: Ignoring notification with icon==0: Notification(pri=0 contentView=null vibrate=null sound=null defaults=0x0 flags=0x62 kind=[null])
01-25 12:08:28.067  1754  1773 E NotificationService: Ignoring notification with icon==0: Notification(pri=0 contentView=null vibrate=null sound=null defaults=0x0 flags=0x62 kind=[null])
01-25 12:09:28.147  1754  1773 E NotificationService: Ignoring notification with icon==0: Notification(pri=0 contentView=null vibrate=null sound=null defaults=0x0 flags=0x62 kind=[null])
01-25 12:10:28.257  1754  1773 E NotificationService: Ignoring notification with icon==0: Notification(pri=0 contentView=null vibrate=null sound=null defaults=0x0 flags=0x62 kind=[null])
01-25 12:11:28.337  1754  1773 E NotificationService: Ignoring notification with icon==0: Notification(pri=0 contentView=null vibrate=null sound=null defaults=0x0 flags=0x62 kind=[null])
01-25 12:12:28.437  1754  1773 E NotificationService: Ignoring notification with icon==0: Notification(pri=0 contentView=null vibrate=null sound=null defaults=0x0 flags=0x62 kind=[null])
01-25 12:13:28.517  1754  1773 E NotificationService: Ignoring notification with icon==0: Notification(pri=0 contentView=null vibrate=null sound=null defaults=0x0 flags=0x62 kind=[null])
01-25 12:13:57.837  1754  1503 I ActivityManager: No longer want com.android.vending (pid 3675): empty for 1805s
01-25 12:13:57.837  1754  1503 I ActivityManager: No longer want android.process.media (pid 3719): empty for 1805s
01-25 12:14:28.597  1754  1773 E NotificationService: Ignoring notification with icon==0: Notification(pri=0 contentView=null vibrate=null sound=null defaults=0x0 flags=0x62 kind=[null])
01-25 12:14:46.747  1754  2028 W ThrottleService: unable to find stats for iface rmnet0
01-25 12:15:19.257  1754  1773 W ProcessStats: Skipping unknown process pid 334
01-25 12:15:19.257  1754  1773 W ProcessStats: Skipping unknown process pid 335
01-25 12:15:19.257  1754  1773 W ProcessStats: Skipping unknown process pid 336
01-25 12:15:28.677  1754  1773 E NotificationService: Ignoring notification with icon==0: Notification(pri=0 contentView=null vibrate=null sound=null defaults=0x0 flags=0x62 kind=[null])
01-25 12:16:28.747  1754  1773 E NotificationService: Ignoring notification with icon==0: Notification(pri=0 contentView=null vibrate=null sound=null defaults=0x0 flags=0x62 kind=[null])
01-25 12:16:57.837  1754  2195 I ActivityManager: No longer want com.google.android.gms:snet (pid 545): empty for 1819s
01-25 12:16:57.837  1754  2195 I ActivityManager: No longer want com.google.cast.castreceiver (pid 2920): empty for 2198s
01-25 12:16:57.857  1754  1491 W ActivityManager: Scheduling restart of crashed service com.chrome.tv.stable/com.google.tv.dial.launcher.LaunchService in 5000ms
01-25 12:17:02.867  1754  1773 I ActivityManager: Start proc com.google.cast.castreceiver for service com.chrome.tv.stable/com.google.tv.dial.launcher.LaunchService: pid=722 uid=10013 gids={50013, 1006, 3003, 1015, 1028}
01-25 12:17:28.847  1754  1773 E NotificationService: Ignoring notification with icon==0: Notification(pri=0 contentView=null vibrate=null sound=null defaults=0x0 flags=0x62 kind=[null])
01-25 12:18:28.927  1754  1773 E NotificationService: Ignoring notification with icon==0: Notification(pri=0 contentView=null vibrate=null sound=null defaults=0x0 flags=0x62 kind=[null])
01-25 12:18:57.847  1754  1765 I ActivityManager: No longer want com.lguplus.iptv3.base.orangecast.shop:remote (pid 1260): empty for 1800s
01-25 12:18:57.847  1754  1765 I ActivityManager: No longer want com.google.android.gsf.login (pid 781): empty for 1805s
01-25 12:18:57.867  1754  2138 W ActivityManager: Scheduling restart of crashed service com.lguplus.iptv3.base.orangecast.shop/.service.TriggerService in 5000ms
01-25 12:19:02.897  1754  1773 I ActivityManager: Start proc com.lguplus.iptv3.base.orangecast.shop:remote for service com.lguplus.iptv3.base.orangecast.shop/.service.TriggerService: pid=1317 uid=10051 gids={50051, 3003, 1015, 1028}
01-25 12:19:29.007  1754  1773 E NotificationService: Ignoring notification with icon==0: Notification(pri=0 contentView=null vibrate=null sound=null defaults=0x0 flags=0x62 kind=[null])
01-25 12:19:30.767  1754  1848 D ConnectivityService: handleInetConditionHoldEnd: net=9, condition=100, published condition=100
01-25 12:20:29.117  1754  1773 E NotificationService: Ignoring notification with icon==0: Notification(pri=0 contentView=null vibrate=null sound=null defaults=0x0 flags=0x62 kind=[null])
01-25 12:21:29.207  1754  1773 E NotificationService: Ignoring notification with icon==0: Notification(pri=0 contentView=null vibrate=null sound=null defaults=0x0 flags=0x62 kind=[null])
01-25 12:22:29.297  1754  1773 E NotificationService: Ignoring notification with icon==0: Notification(pri=0 contentView=null vibrate=null sound=null defaults=0x0 flags=0x62 kind=[null])
01-25 12:23:29.377  1754  1773 E NotificationService: Ignoring notification with icon==0: Notification(pri=0 contentView=null vibrate=null sound=null defaults=0x0 flags=0x62 kind=[null])
01-25 12:24:29.457  1754  1773 E NotificationService: Ignoring notification with icon==0: Notification(pri=0 contentView=null vibrate=null sound=null defaults=0x0 flags=0x62 kind=[null])
01-25 12:24:46.757  1754  2028 W ThrottleService: unable to find stats for iface rmnet0
01-25 12:25:09.287  1054  2930 W SocketClient: write error (Broken pipe)
01-25 12:25:29.547  1754  1773 E NotificationService: Ignoring notification with icon==0: Notification(pri=0 contentView=null vibrate=null sound=null defaults=0x0 flags=0x62 kind=[null])
01-25 12:26:29.647  1754  1773 E NotificationService: Ignoring notification with icon==0: Notification(pri=0 contentView=null vibrate=null sound=null defaults=0x0 flags=0x62 kind=[null])
01-25 12:26:32.947  1754  2137 I ActivityManager: No longer want com.google.android.gms (pid 3926): empty for 1801s
01-25 12:27:29.737  1754  1773 E NotificationService: Ignoring notification with icon==0: Notification(pri=0 contentView=null vibrate=null sound=null defaults=0x0 flags=0x62 kind=[null])
01-25 12:28:29.847  1754  1773 E NotificationService: Ignoring notification with icon==0: Notification(pri=0 contentView=null vibrate=null sound=null defaults=0x0 flags=0x62 kind=[null])
01-25 12:28:32.947  1754  1765 I ActivityManager: No longer want com.lguplus.iptv3.base.fwupdater:remote (pid 3605): empty for 1800s
01-25 12:28:32.967  1754  2194 W ActivityManager: Scheduling restart of crashed service com.lguplus.iptv3.base.fwupdater/.BackgroundActionService in 5000ms
01-25 12:28:37.977  1754  1773 I ActivityManager: Start proc com.lguplus.iptv3.base.fwupdater:remote for service com.lguplus.iptv3.base.fwupdater/.BackgroundActionService: pid=3657 uid=10068 gids={50068, 1015, 3003, 1028}
01-25 12:29:29.927  1754  1773 E NotificationService: Ignoring notification with icon==0: Notification(pri=0 contentView=null vibrate=null sound=null defaults=0x0 flags=0x62 kind=[null])
01-25 12:30:30.007  1754  1773 E NotificationService: Ignoring notification with icon==0: Notification(pri=0 contentView=null vibrate=null sound=null defaults=0x0 flags=0x62 kind=[null])
01-25 12:30:59.567  1754  1773 I ActivityManager: No longer want com.lguplus.iptv3.base.setting (pid 357): empty for 1801s
01-25 12:31:02.967  1754  1491 I ActivityManager: Start proc com.lguplus.iptv3.base.setting for content provider com.lguplus.iptv3.base.setting/.provider.SettingProvider: pid=349 uid=10076 gids={50076, 1015, 3003, 1028}
01-25 12:31:30.117  1754  1773 E NotificationService: Ignoring notification with icon==0: Notification(pri=0 contentView=null vibrate=null sound=null defaults=0x0 flags=0x62 kind=[null])
01-25 12:32:21.377  1754  1775 W BatteryStatsImpl: Couldn't get kernel wake lock stats
01-25 12:32:30.197  1754  1773 E NotificationService: Ignoring notification with icon==0: Notification(pri=0 contentView=null vibrate=null sound=null defaults=0x0 flags=0x62 kind=[null])
01-25 12:33:30.297  1754  1773 E NotificationService: Ignoring notification with icon==0: Notification(pri=0 contentView=null vibrate=null sound=null defaults=0x0 flags=0x62 kind=[null])
01-25 12:34:14.477  1754  1773 I ActivityManager: No longer want .remote (pid 1220): empty for 1810s
01-25 12:34:30.387  1754  1773 E NotificationService: Ignoring notification with icon==0: Notification(pri=0 contentView=null vibrate=null sound=null defaults=0x0 flags=0x62 kind=[null])
01-25 12:34:32.957  1754  2144 I ActivityManager: No longer want com.lguplus.iptv3.base.notification:remote (pid 1374): empty for 1800s
01-25 12:34:32.977  1754  1754 W ActivityManager: Scheduling restart of crashed service com.lguplus.iptv3.base.notification/.service.NotificationService in 5000ms
01-25 12:34:37.997  1754  1773 I ActivityManager: Start proc com.lguplus.iptv3.base.notification:remote for service com.lguplus.iptv3.base.notification/.service.NotificationService: pid=1260 uid=10072 gids={50072, 3003, 1028}
01-25 12:34:38.017  1754  1491 I ActivityManager: No longer want com.lguplus.iptv3.base.agent.rating:remote (pid 1430): empty for 1804s
01-25 12:34:38.017  1754  1491 I ActivityManager: No longer want com.lguplus.iptv3.base.agent.notice:remote (pid 1392): empty for 1804s
01-25 12:34:38.037  1754  2173 W ActivityManager: Scheduling restart of crashed service com.lguplus.iptv3.base.agent.notice/.app.NoticeAgent in 5000ms
01-25 12:34:38.047  1754  2195 W ActivityManager: Scheduling restart of crashed service com.lguplus.iptv3.base.agent.rating/.app.VbmAgent in 14998ms
01-25 12:34:38.067  1754  2144 I ActivityManager: Start proc com.lguplus.iptv3.base.agent.notice:remote for service com.lguplus.iptv3.base.agent.notice/.app.NoticeAgent: pid=1274 uid=10049 gids={50049, 1015, 3003, 1028}
01-25 12:34:38.087  1754  2194 I ActivityManager: Start proc com.lguplus.iptv3.base.agent.rating:remote for service com.lguplus.iptv3.base.agent.rating/.app.VbmAgent: pid=1285 uid=10059 gids={50059, 1015, 3003, 1028}
01-25 12:34:46.757  1754  2028 W ThrottleService: unable to find stats for iface rmnet0
01-25 12:34:59.567  1754  1773 I ActivityManager: No longer want com.lguplus.iptv3.base.reservalarmmng (pid 1581): empty for 1812s
01-25 12:34:59.567  1754  1773 I ActivityManager: No longer want com.lguplus.pushagentstb (pid 1538): empty for 1812s
01-25 12:34:59.577  1754  2195 W ActivityManager: Scheduling restart of crashed service com.lguplus.iptv3.base.reservalarmmng/.ServiceAlarmManage in 5000ms
01-25 12:34:59.587  1754  2102 W ActivityManager: Scheduling restart of crashed service com.lguplus.pushagentstb/.service.PushAgentService in 14996ms
01-25 12:35:04.587  1754  1773 I ActivityManager: Start proc com.lguplus.iptv3.base.reservalarmmng for service com.lguplus.iptv3.base.reservalarmmng/.ServiceAlarmManage: pid=1423 uid=10074 gids={50074, 3003, 1028}
01-25 12:35:04.607  1754  2144 I ActivityManager: No longer want com.google.tv.player (pid 1686): empty for 1800s
01-25 12:35:04.607  1754  2144 I ActivityManager: No longer want com.lge.iptv.onewaycontrol (pid 1406): empty for 3636s
01-25 12:35:04.637  1754  2140 W ActivityManager: Scheduling restart of crashed service com.google.tv.player/com.google.tv.mediadevicesapp.MediaDevicesService in 19944ms
01-25 12:35:04.637  1754  2137 W ActivityManager: Scheduling restart of crashed service com.lge.iptv.onewaycontrol/.OneWayService in 29942ms
01-25 12:35:04.637  1754  2137 W ActivityManager: Scheduling restart of crashed service com.lge.iptv.onewaycontrol/.IpTunerService in 39941ms
01-25 12:35:14.587  1754  1773 I ActivityManager: Start proc com.lguplus.pushagentstb for service com.lguplus.pushagentstb/.service.PushAgentService: pid=1479 uid=10057 gids={50057, 3003, 1015, 1028}
01-25 12:35:24.587  1754  1773 I ActivityManager: Start proc com.google.tv.player for service com.google.tv.player/com.google.tv.mediadevicesapp.MediaDevicesService: pid=1584 uid=10086 gids={50086, 3003, 1028}
01-25 12:35:24.617  1754  2102 I ActivityManager: No longer want com.lguplus.iptv3.secondtvservice (pid 1788): empty for 1805s
01-25 12:35:24.627  1754  2145 W ActivityManager: Scheduling restart of crashed service com.lguplus.iptv3.secondtvservice/.SecondTvService in 29954ms
01-25 12:35:24.737  1754  1503 I ActivityManager: Start proc com.lge.iptv.onewaycontrol for service com.lge.iptv.onewaycontrol/.OneWayService: pid=1600 uid=10038 gids={50038, 3003, 1028}
01-25 12:35:29.567  1754  1773 I ActivityManager: No longer want com.android.settings (pid 1696): empty for 1804s
01-25 12:35:29.577  1754  1503 W ActivityManager: Scheduling restart of crashed service com.android.settings/.TvSettingsObserverService in 5000ms
01-25 12:35:30.467  1754  1773 E NotificationService: Ignoring notification with icon==0: Notification(pri=0 contentView=null vibrate=null sound=null defaults=0x0 flags=0x62 kind=[null])
01-25 12:35:34.587  1754  1773 I ActivityManager: Start proc com.android.settings for service com.android.settings/.TvSettingsObserverService: pid=1643 uid=1000 gids={41000, 3003, 1015, 1028, 3002, 3001, 3007}
01-25 12:35:54.587  1754  1773 I ActivityManager: Start proc com.lguplus.iptv3.secondtvservice for service com.lguplus.iptv3.secondtvservice/.SecondTvService: pid=1716 uid=10062 gids={50062, 3003, 1015, 1028}
01-25 12:36:30.567  1754  1773 E NotificationService: Ignoring notification with icon==0: Notification(pri=0 contentView=null vibrate=null sound=null defaults=0x0 flags=0x62 kind=[null])
01-25 12:37:02.957  1754  2137 I ActivityManager: No longer want com.lguplus.iptv3.updatecheck (pid 2308): empty for 1800s
01-25 12:37:02.967  1754  2173 W ActivityManager: Scheduling restart of crashed service com.lguplus.iptv3.updatecheck/.UpdateService in 5000ms
01-25 12:37:07.977  1754  1773 I ActivityManager: Start proc com.lguplus.iptv3.updatecheck for service com.lguplus.iptv3.updatecheck/.UpdateService: pid=2058 uid=10082 gids={50082, 3003, 1028}
01-25 12:37:30.647  1754  1773 E NotificationService: Ignoring notification with icon==0: Notification(pri=0 contentView=null vibrate=null sound=null defaults=0x0 flags=0x62 kind=[null])
01-25 12:38:30.727  1754  1773 E NotificationService: Ignoring notification with icon==0: Notification(pri=0 contentView=null vibrate=null sound=null defaults=0x0 flags=0x62 kind=[null])
01-25 12:39:30.837  1754  1773 E NotificationService: Ignoring notification with icon==0: Notification(pri=0 contentView=null vibrate=null sound=null defaults=0x0 flags=0x62 kind=[null])
01-25 12:40:30.937  1754  1773 E NotificationService: Ignoring notification with icon==0: Notification(pri=0 contentView=null vibrate=null sound=null defaults=0x0 flags=0x62 kind=[null])
01-25 12:41:31.017  1754  1773 E NotificationService: Ignoring notification with icon==0: Notification(pri=0 contentView=null vibrate=null sound=null defaults=0x0 flags=0x62 kind=[null])
01-25 12:42:31.107  1754  1773 E NotificationService: Ignoring notification with icon==0: Notification(pri=0 contentView=null vibrate=null sound=null defaults=0x0 flags=0x62 kind=[null])
01-25 12:43:31.187  1754  1773 E NotificationService: Ignoring notification with icon==0: Notification(pri=0 contentView=null vibrate=null sound=null defaults=0x0 flags=0x62 kind=[null])
01-25 12:43:52.147  1754  1821 I ActivityManager: Start proc com.android.vending for service com.android.vending/com.google.android.finsky.services.CheckWifiAndAutoUpdate: pid=3586 uid=10056 gids={50056, 3003, 1015, 1028}
01-25 12:43:52.437  1754  2137 I ActivityManager: Start proc android.process.media for content provider com.android.providers.downloads/.DownloadProvider: pid=3621 uid=10017 gids={50017, 1015, 1023, 1024, 1028, 2001, 3003, 3007}
01-25 12:44:31.297  1754  1773 E NotificationService: Ignoring notification with icon==0: Notification(pri=0 contentView=null vibrate=null sound=null defaults=0x0 flags=0x62 kind=[null])
01-25 12:44:46.757  1754  2028 W ThrottleService: unable to find stats for iface rmnet0
01-25 12:45:31.407  1754  1773 E NotificationService: Ignoring notification with icon==0: Notification(pri=0 contentView=null vibrate=null sound=null defaults=0x0 flags=0x62 kind=[null])
01-25 12:46:31.497  1754  1773 E NotificationService: Ignoring notification with icon==0: Notification(pri=0 contentView=null vibrate=null sound=null defaults=0x0 flags=0x62 kind=[null])
01-25 12:47:02.957  1754  2144 I ActivityManager: No longer want com.google.cast.castreceiver (pid 722): empty for 1800s
01-25 12:47:02.977  1754  1754 W ActivityManager: Scheduling restart of crashed service com.chrome.tv.stable/com.google.tv.dial.launcher.LaunchService in 5000ms
01-25 12:47:07.987  1754  1773 I ActivityManager: Start proc com.google.cast.castreceiver for service com.chrome.tv.stable/com.google.tv.dial.launcher.LaunchService: pid=518 uid=10013 gids={50013, 1006, 3003, 1015, 1028}
01-25 12:47:31.597  1754  1773 E NotificationService: Ignoring notification with icon==0: Notification(pri=0 contentView=null vibrate=null sound=null defaults=0x0 flags=0x62 kind=[null])
01-25 12:48:30.357  1754  1491 I ActivityManager: Start proc com.google.android.gms for service com.google.android.gms/.checkin.EventLogService: pid=801 uid=10028 gids={50028, 3003, 1007, 1028, 1015, 1006, 3002, 3001, 2001, 3006}
01-25 12:48:30.847  1754  1848 D ConnectivityService: handleInetConditionHoldEnd: net=9, condition=100, published condition=100
01-25 12:48:31.707  1754  1773 E NotificationService: Ignoring notification with icon==0: Notification(pri=0 contentView=null vibrate=null sound=null defaults=0x0 flags=0x62 kind=[null])
01-25 12:48:52.607  1754  2138 I ActivityManager: Start proc com.google.android.gsf.login for service com.google.android.gsf.login/com.google.android.gsf.loginservice.GoogleLoginService: pid=1040 uid=10028 gids={50028, 3003, 1007, 1028, 1015, 1006, 3002, 3001, 2001, 3006}
01-25 12:49:02.967  1754  1766 I ActivityManager: No longer want com.lguplus.iptv3.base.orangecast.shop:remote (pid 1317): empty for 1800s
01-25 12:49:02.987  1754  2102 W ActivityManager: Scheduling restart of crashed service com.lguplus.iptv3.base.orangecast.shop/.service.TriggerService in 5000ms
01-25 12:49:07.997  1754  1773 I ActivityManager: Start proc com.lguplus.iptv3.base.orangecast.shop:remote for service com.lguplus.iptv3.base.orangecast.shop/.service.TriggerService: pid=1137 uid=10051 gids={50051, 3003, 1015, 1028}
01-25 12:49:31.797  1754  1773 E NotificationService: Ignoring notification with icon==0: Notification(pri=0 contentView=null vibrate=null sound=null defaults=0x0 flags=0x62 kind=[null])
01-25 12:50:31.887  1754  1773 E NotificationService: Ignoring notification with icon==0: Notification(pri=0 contentView=null vibrate=null sound=null defaults=0x0 flags=0x62 kind=[null])
01-25 12:51:31.977  1754  1773 E NotificationService: Ignoring notification with icon==0: Notification(pri=0 contentView=null vibrate=null sound=null defaults=0x0 flags=0x62 kind=[null])
01-25 12:51:40.677  1754  1880 V BackupManagerService: Backup requested but nothing pending
01-25 12:52:32.057  1754  1773 E NotificationService: Ignoring notification with icon==0: Notification(pri=0 contentView=null vibrate=null sound=null defaults=0x0 flags=0x62 kind=[null])
01-25 12:53:32.147  1754  1773 E NotificationService: Ignoring notification with icon==0: Notification(pri=0 contentView=null vibrate=null sound=null defaults=0x0 flags=0x62 kind=[null])
01-25 12:54:32.227  1754  1773 E NotificationService: Ignoring notification with icon==0: Notification(pri=0 contentView=null vibrate=null sound=null defaults=0x0 flags=0x62 kind=[null])
01-25 12:54:46.757  1754  2028 W ThrottleService: unable to find stats for iface rmnet0
01-25 12:55:32.327  1754  1773 E NotificationService: Ignoring notification with icon==0: Notification(pri=0 contentView=null vibrate=null sound=null defaults=0x0 flags=0x62 kind=[null])
01-25 12:56:32.437  1754  1773 E NotificationService: Ignoring notification with icon==0: Notification(pri=0 contentView=null vibrate=null sound=null defaults=0x0 flags=0x62 kind=[null])
01-25 12:57:32.517  1754  1773 E NotificationService: Ignoring notification with icon==0: Notification(pri=0 contentView=null vibrate=null sound=null defaults=0x0 flags=0x62 kind=[null])
01-25 12:58:32.607  1754  1773 E NotificationService: Ignoring notification with icon==0: Notification(pri=0 contentView=null vibrate=null sound=null defaults=0x0 flags=0x62 kind=[null])
01-25 12:58:38.097  1754  2173 I ActivityManager: No longer want com.lguplus.iptv3.base.fwupdater:remote (pid 3657): empty for 1800s
01-25 12:58:38.107  1754  1502 W ActivityManager: Scheduling restart of crashed service com.lguplus.iptv3.base.fwupdater/.BackgroundActionService in 5000ms
01-25 12:58:43.127  1754  1773 I ActivityManager: Start proc com.lguplus.iptv3.base.fwupdater:remote for service com.lguplus.iptv3.base.fwupdater/.BackgroundActionService: pid=3468 uid=10068 gids={50068, 1015, 3003, 1028}
01-25 12:59:32.687  1754  1773 E NotificationService: Ignoring notification with icon==0: Notification(pri=0 contentView=null vibrate=null sound=null defaults=0x0 flags=0x62 kind=[null])
01-25 13:00:32.767  1754  1773 E NotificationService: Ignoring notification with icon==0: Notification(pri=0 contentView=null vibrate=null sound=null defaults=0x0 flags=0x62 kind=[null])
01-25 13:01:08.107  1754  2140 I ActivityManager: No longer want com.lguplus.iptv3.base.setting (pid 349): empty for 1805s
01-25 13:01:32.857  1754  1773 E NotificationService: Ignoring notification with icon==0: Notification(pri=0 contentView=null vibrate=null sound=null defaults=0x0 flags=0x62 kind=[null])
01-25 13:01:38.107  1754  2194 I ActivityManager: Start proc com.lguplus.iptv3.base.setting for content provider com.lguplus.iptv3.base.setting/.provider.SettingProvider: pid=317 uid=10076 gids={50076, 1015, 3003, 1028}
01-25 13:02:21.377  1754  1775 W BatteryStatsImpl: Couldn't get kernel wake lock stats
01-25 13:02:32.937  1754  1773 E NotificationService: Ignoring notification with icon==0: Notification(pri=0 contentView=null vibrate=null sound=null defaults=0x0 flags=0x62 kind=[null])
01-25 13:03:33.027  1754  1773 E NotificationService: Ignoring notification with icon==0: Notification(pri=0 contentView=null vibrate=null sound=null defaults=0x0 flags=0x62 kind=[null])
01-25 13:04:04.097  1754  1773 I ActivityManager: Start proc .remote for broadcast com.lguplus.iptv4.base.curationservice/.reciver.RestartReceiver: pid=870 uid=10002 gids={50002, 3003, 1015, 1028}
01-25 13:04:33.107  1754  1773 E NotificationService: Ignoring notification with icon==0: Notification(pri=0 contentView=null vibrate=null sound=null defaults=0x0 flags=0x62 kind=[null])
01-25 13:04:38.097  1754  1491 I ActivityManager: No longer want com.lguplus.iptv3.base.notification:remote (pid 1260): empty for 1800s
01-25 13:04:38.107  1754  2102 I ActivityManager: No longer want com.lguplus.iptv3.base.agent.notice:remote (pid 1274): empty for 1800s
01-25 13:04:38.127  1754  1503 W ActivityManager: Scheduling restart of crashed service com.lguplus.iptv3.base.agent.notice/.app.NoticeAgent in 5000ms
01-25 13:04:38.127  1754  1765 W ActivityManager: Scheduling restart of crashed service com.lguplus.iptv3.base.notification/.service.NotificationService in 14998ms
01-25 13:04:38.127  1754  2173 I ActivityManager: No longer want com.lguplus.iptv3.base.agent.rating:remote (pid 1285): empty for 1800s
01-25 13:04:38.137  1754  2102 W ActivityManager: Scheduling restart of crashed service com.lguplus.iptv3.base.agent.rating/.app.VbmAgent in 24985ms
01-25 13:04:43.137  1754  1773 I ActivityManager: Start proc com.lguplus.iptv3.base.agent.notice:remote for service com.lguplus.iptv3.base.agent.notice/.app.NoticeAgent: pid=1191 uid=10049 gids={50049, 1015, 3003, 1028}
01-25 13:04:43.157  1754  1491 I ActivityManager: No longer want com.lguplus.iptv3.base.bootinit (pid 1391): empty for 9080s
01-25 13:04:43.177  1754  2173 W ActivityManager: Scheduling restart of crashed service com.lguplus.iptv3.base.bootinit/.BootInitService in 29947ms
01-25 13:04:43.237  1754  1765 I ActivityManager: Start proc com.lguplus.iptv3.base.bootinit for service com.lguplus.iptv3.base.bootinit/.BootInitService: pid=1210 uid=10065 gids={50065, 3003, 1015, 1028}
01-25 13:04:46.757  1754  2028 W ThrottleService: unable to find stats for iface rmnet0
01-25 13:04:53.147  1754  1773 I ActivityManager: Start proc com.lguplus.iptv3.base.notification:remote for service com.lguplus.iptv3.base.notification/.service.NotificationService: pid=1255 uid=10072 gids={50072, 3003, 1028}
01-25 13:04:53.207  1754  2195 I ActivityManager: Start proc com.lguplus.iptv3.base.agent.rating:remote for service com.lguplus.iptv3.base.agent.rating/.app.VbmAgent: pid=1269 uid=10059 gids={50059, 1015, 3003, 1028}
01-25 13:05:25.097  1754  1773 I ActivityManager: No longer want com.google.tv.player (pid 1584): empty for 1800s
01-25 13:05:25.097  1754  1773 I ActivityManager: No longer want com.lguplus.iptv3.base.reservalarmmng (pid 1423): empty for 1809s
01-25 13:05:25.097  1754  1773 I ActivityManager: No longer want com.lge.iptv.onewaycontrol (pid 1600): empty for 1800s
01-25 13:05:25.097  1754  1773 I ActivityManager: No longer want com.lguplus.pushagentstb (pid 1479): empty for 1809s
01-25 13:05:25.097  1754  1773 I ActivityManager: No longer want com.lguplus.iptv3.ltealive (pid 1555): empty for 1809s
01-25 13:05:25.127  1754  2194 W ActivityManager: Scheduling restart of crashed service com.lge.iptv.onewaycontrol/.OneWayService in 5000ms
01-25 13:05:25.127  1754  2194 W ActivityManager: Scheduling restart of crashed service com.lge.iptv.onewaycontrol/.IpTunerService in 14999ms
01-25 13:05:25.127  1754  1766 W ActivityManager: Scheduling restart of crashed service com.lguplus.iptv3.base.reservalarmmng/.ServiceAlarmManage in 24995ms
01-25 13:05:25.137  1754  2138 W ActivityManager: Scheduling restart of crashed service com.lguplus.pushagentstb/.service.PushAgentService in 34989ms
01-25 13:05:25.137  1754  2194 W ActivityManager: Scheduling restart of crashed service com.google.tv.player/com.google.tv.mediadevicesapp.MediaDevicesService in 44986ms
01-25 13:05:30.137  1754  1773 I ActivityManager: Start proc com.lge.iptv.onewaycontrol for service com.lge.iptv.onewaycontrol/.OneWayService: pid=1404 uid=10038 gids={50038, 3003, 1028}
01-25 13:05:33.217  1754  1773 E NotificationService: Ignoring notification with icon==0: Notification(pri=0 contentView=null vibrate=null sound=null defaults=0x0 flags=0x62 kind=[null])
01-25 13:05:43.167  1754  1773 I ActivityManager: Start proc com.lguplus.pushagentstb for broadcast com.lguplus.pushagentstb/.service.PushAgentAlarmManager: pid=1463 uid=10057 gids={50057, 3003, 1015, 1028}
01-25 13:05:43.397  1754  1773 I ActivityManager: Start proc com.lguplus.iptv3.ltealive for broadcast com.lguplus.iptv3.ltealive/.push.LGUPlusPushAgentMsgReceiver: pid=1479 uid=10041 gids={50041, 1015, 1028, 3003}
01-25 13:05:43.487  1754  3548 I ActivityManager: Start proc com.lguplus.iptv3.base.reservalarmmng for broadcast com.lguplus.iptv3.base.reservalarmmng/.receiver.LGUPlusPushAgentMsgReceiver: pid=1526 uid=10074 gids={50074, 3003, 1028}
01-25 13:05:43.817  1054  1549 W SocketClient: write error (Broken pipe)
01-25 13:05:59.567  1754  1773 I ActivityManager: No longer want com.lguplus.iptv3.secondtvservice (pid 1716): empty for 1804s
01-25 13:05:59.577  1754  2195 W ActivityManager: Scheduling restart of crashed service com.lguplus.iptv3.secondtvservice/.SecondTvService in 20552ms
01-25 13:06:10.137  1754  1773 I ActivityManager: Start proc com.google.tv.player for service com.google.tv.player/com.google.tv.mediadevicesapp.MediaDevicesService: pid=1640 uid=10086 gids={50086, 3003, 1028}
01-25 13:06:20.137  1754  1773 I ActivityManager: Start proc com.lguplus.iptv3.secondtvservice for service com.lguplus.iptv3.secondtvservice/.SecondTvService: pid=1695 uid=10062 gids={50062, 3003, 1015, 1028}
01-25 13:06:33.327  1754  1773 E NotificationService: Ignoring notification with icon==0: Notification(pri=0 contentView=null vibrate=null sound=null defaults=0x0 flags=0x62 kind=[null])
01-25 13:07:08.097  1754  1491 I ActivityManager: No longer want com.lguplus.iptv3.updatecheck (pid 2058): empty for 1800s
01-25 13:07:08.117  1754  2140 W ActivityManager: Scheduling restart of crashed service com.lguplus.iptv3.updatecheck/.UpdateService in 5000ms
01-25 13:07:13.127  1754  1773 I ActivityManager: Start proc com.lguplus.iptv3.updatecheck for service com.lguplus.iptv3.updatecheck/.UpdateService: pid=1943 uid=10082 gids={50082, 3003, 1028}
01-25 13:07:33.407  1754  1773 E NotificationService: Ignoring notification with icon==0: Notification(pri=0 contentView=null vibrate=null sound=null defaults=0x0 flags=0x62 kind=[null])
01-25 13:08:33.487  1754  1773 E NotificationService: Ignoring notification with icon==0: Notification(pri=0 contentView=null vibrate=null sound=null defaults=0x0 flags=0x62 kind=[null])
01-25 13:09:33.577  1754  1773 E NotificationService: Ignoring notification with icon==0: Notification(pri=0 contentView=null vibrate=null sound=null defaults=0x0 flags=0x62 kind=[null])
01-25 13:10:33.677  1754  1773 E NotificationService: Ignoring notification with icon==0: Notification(pri=0 contentView=null vibrate=null sound=null defaults=0x0 flags=0x62 kind=[null])
01-25 13:11:33.777  1754  1773 E NotificationService: Ignoring notification with icon==0: Notification(pri=0 contentView=null vibrate=null sound=null defaults=0x0 flags=0x62 kind=[null])
01-25 13:12:33.897  1754  1773 E NotificationService: Ignoring notification with icon==0: Notification(pri=0 contentView=null vibrate=null sound=null defaults=0x0 flags=0x62 kind=[null])
01-25 13:13:33.977  1754  1773 E NotificationService: Ignoring notification with icon==0: Notification(pri=0 contentView=null vibrate=null sound=null defaults=0x0 flags=0x62 kind=[null])
01-25 13:13:59.567  1754  1773 I ActivityManager: No longer want com.android.vending (pid 3586): empty for 1806s
01-25 13:13:59.567  1754  1773 I ActivityManager: No longer want android.process.media (pid 3621): empty for 1807s
01-25 13:14:34.067  1754  1773 E NotificationService: Ignoring notification with icon==0: Notification(pri=0 contentView=null vibrate=null sound=null defaults=0x0 flags=0x62 kind=[null])
01-25 13:14:46.767  1754  2028 W ThrottleService: unable to find stats for iface rmnet0
01-25 13:15:34.157  1754  1773 E NotificationService: Ignoring notification with icon==0: Notification(pri=0 contentView=null vibrate=null sound=null defaults=0x0 flags=0x62 kind=[null])
01-25 13:16:34.227  1754  1773 E NotificationService: Ignoring notification with icon==0: Notification(pri=0 contentView=null vibrate=null sound=null defaults=0x0 flags=0x62 kind=[null])
01-25 13:17:30.947  1754  1848 D ConnectivityService: handleInetConditionHoldEnd: net=9, condition=100, published condition=100
01-25 13:17:34.307  1754  1773 E NotificationService: Ignoring notification with icon==0: Notification(pri=0 contentView=null vibrate=null sound=null defaults=0x0 flags=0x62 kind=[null])
01-25 13:18:34.387  1754  1773 E NotificationService: Ignoring notification with icon==0: Notification(pri=0 contentView=null vibrate=null sound=null defaults=0x0 flags=0x62 kind=[null])
01-25 13:18:59.567  1754  1773 I ActivityManager: No longer want com.google.android.gsf.login (pid 1040): empty for 1806s
01-25 13:19:08.117  1754  1491 I ActivityManager: No longer want com.lguplus.iptv3.base.orangecast.shop:remote (pid 1137): empty for 1800s
01-25 13:19:08.127  1754  2145 W ActivityManager: Scheduling restart of crashed service com.lguplus.iptv3.base.orangecast.shop/.service.TriggerService in 5000ms
