02-05 10:48:59.752  7304  7304 D ETC-PINEONE-NOTIFICATION: [NotificationService$6] onServiceDisconnected()[1030] >> Rating Service Disconnected!!!
02-05 10:48:59.873   484   484 D VOD-LGE-CLIENT-CI: stop...ok
02-05 10:48:59.873   484   484 D VOD-LGE-CORE: internalStop...ok
02-05 10:48:59.873   484   484 D VOD-LGE-CORE: stop: state change PLAYBACK_STATE_STARTED -> PLAYBACK_STATE_STOPPING
02-05 10:48:59.873   484   484 D VOD-LGE-CORE: internalSetState: curr = PLAYBACK_STATE_STARTED, new = PLAYBACK_STATE_STOPPING
02-05 10:48:59.873   484   484 D VOD-LGE-CORE: try to internalReset
02-05 10:48:59.873   484   484 D VOD-LGE-CLIENT-CI: try to close
02-05 10:48:59.873   484   484 D VOD-LGE-CLIENT-CI: try to internalCloseCI
02-05 10:48:59.873   484   484 D VOD-LGE-CLIENT-CI: internalCloseCI...ok
02-05 10:48:59.873   484   484 D VOD-LGE-CLIENT-CI: close...ok
02-05 10:48:59.873   484   484 D VOD-LGE-CLIENT-CI: ~CIClient: try to destruct
02-05 10:48:59.873   484   484 D VOD-LGE-CLIENT-CI: try to internalDestroy
02-05 10:48:59.873   484   484 D VOD-LGE-CLIENT-CI: try to internalCloseCI
02-05 10:48:59.873   484   484 D VOD-LGE-CLIENT-CI: internalCloseCI: ci client handle is freed already, do nothing
02-05 10:48:59.873   484   484 D VOD-LGE-CLIENT-CI: internalCloseCI...ok
02-05 10:48:59.873   484   484 D VOD-LGE-CLIENT-CI: internalDestroy...ok
02-05 10:48:59.874   484   484 D VOD-LGE-CLIENT-CI: ~CIClient: destruction...ok, bye~ T^T
02-05 10:48:59.874   484   484 D VOD-LGE-CORE: internalReset: closed media client
02-05 10:48:59.874   484   484 D VOD-LGE-ENGINE: try to close
02-05 10:48:59.874   484   484 D VOD-LGE-ENGINE: try to internalCloseAMP
02-05 10:48:59.874   484   484 I IPTV_FLOG: [DDI_AVPlayer][DDI_AVPlayer_Close, 2511] Mutex Enter !!
02-05 10:48:59.874   484   484 I IPTV_FLOG: [DDI_AVPlayer] DDI_AVPlayer_PrimaryStop, 3629 bMutex: 0, Enter !!
02-05 10:48:59.874   484   484 D DRIVER-LGE-AVPlayer: DDI_AVPlayer_PrimaryStop:AVplayer is not started is OK
02-05 10:48:59.874   484   484 I IPTV_FLOG: [DDI_AVPlayer] DDI_AVPlayer_PrimaryStop, 3650 bMutex: 0, AVplayer is not started is OK Exit !!
02-05 10:48:59.874   484   484 D DRIVER-LGE-AVPlayer: DDI_AVPlayer_SecondaryStop: SECONDARY VIDEO !!!
02-05 10:48:59.874   484   484 I IPTV_FLOG: [DDI_AVPlayer] DDI_AVPlayer_SecondaryStop, 3713 bMutex: 0, Enter !!
02-05 10:48:59.874   484   484 D DRIVER-LGE-AVPlayer: DDI_AVPlayer_SecondaryStop:AVplayer is not started is OK
02-05 10:48:59.874   484   484 I IPTV_FLOG: [DDI_AVPlayer] DDI_AVPlayer_SecondaryStop, 3735 bMutex: 0, AVplayer is not started is OK Exit !!
02-05 10:48:59.874   484   484 I DRIVER-LGE-AVPlayer: [DDI_AVPlayer][_destroyComponents, 2326] Enter (Mutex Elapsed : 0)!!
02-05 10:48:59.875   484   484 D DRIVER-LGE-AVPlayer: AV Player : clk unregister notify
02-05 10:48:59.892   484   484 D DRIVER-LGE-AVPlayer: _closeClkComponent:destroy Clk component is OK
02-05 10:48:59.892   484   484 D DRIVER-LGE-AVPlayer: _closeArenComponent:destroy Aren Component is OK
02-05 10:48:59.892   484   484 I IPTV_FLOG: [DDI_AVPlayer] _closeAdecComponent, 2156 Enter !!
02-05 10:48:59.892   484   484 I IPTV_FLOG: [DDI_AVPlayer] _closeAdecComponent, 2163 try to AMP_ADEC_Close !!
02-05 10:48:59.893   484   484 I IPTV_FLOG: [DDI_AVPlayer] _closeAdecComponent, 2167 try to AMP_ADEC_Destroy !!
02-05 10:48:59.893   484   484 I IPTV_FLOG: [DDI_AVPlayer] _closeAdecComponent, 2173 Exit !!
02-05 10:48:59.893   484   484 I IPTV_FLOG: [DDI_AVPlayer] _closeVdecComponent, 2258 Enter !!
02-05 10:48:59.893   484   484 I IPTV_FLOG: [DDI_AVPlayer] _closeVdecComponent, 2274 try to AMP_VDEC_Close !!
02-05 10:48:59.907   484   484 I IPTV_FLOG: [DDI_AVPlayer] _closeVdecComponent, 2278 try to AMP_VDEC_Destroy !!
02-05 10:48:59.908   484   484 I IPTV_FLOG: [DDI_AVPlayer] _closeVdecComponent, 2285 Exit !!
02-05 10:48:59.908   484   484 I IPTV_FLOG: [DDI_AVPlayer] _closeVoutComponent, 2294 Enter !!
02-05 10:48:59.908   484   484 I IPTV_FLOG: [DDI_AVPlayer] _closeVoutComponent, 2301 try to AMP_VOUT_Close !!
02-05 10:48:59.908   484   484 I IPTV_FLOG: [DDI_AVPlayer] _closeVoutComponent, 2305 try to AMP_VOUT_Destroy !!
02-05 10:48:59.909   484   484 I IPTV_FLOG: [DDI_AVPlayer] _closeVoutComponent, 2312 Exit !!
02-05 10:48:59.909   484   484 I IPTV_FLOG: [DDI_AVPlayer] _closeDmxComponent, 2234 Enter !!
02-05 10:48:59.910   244   244 I AMP_TA  :  Figo[0x0] unSched enter, srcType=0x0, scheme=0x0, cryptoLevel=0x0
02-05 10:48:59.910   244   244 I AMP_TA  :  Figo 0x0 unSched success
02-05 10:48:59.910   244   244 I AMP_TA  :  Figo 0x0 unSched all src
02-05 10:48:59.910   244   244 I TSP_TA  :  TSPTA_FreeTask:754, task_id = 0x0
02-05 10:48:59.918   484   484 I IPTV_FLOG: [DDI_AVPlayer] _closeDmxComponent, 2238 try to AMP_DMX_Close !!
02-05 10:48:59.918   484   484 I IPTV_FLOG: [DDI_AVPlayer] _closeDmxComponent, 2242 try to AMP_DMX_Destroy !!
02-05 10:48:59.919   484   484 I IPTV_FLOG: [DDI_AVPlayer] _closeDmxComponent, 2249 Exit !!
02-05 10:48:59.919   484   484 I DRIVER-LGE-AVPlayer: [DDI_AVPlayer][_AVPlayer_free_buffer, 585] Enter (Mutex Elapsed : 45)!!
02-05 10:48:59.924   484   484 D DRIVER-LGE-AVPlayer: |TEE| AMP_SHM_Release
02-05 10:49:00.076   484   484 D DRIVER-LGE-AVPlayer: 640 of 640 buffer released
02-05 10:49:00.076   484   484 I DRIVER-LGE-AVPlayer: [DDI_AVPlayer][_AVPlayer_free_buffer, 617] Exit buffer free is OK (Mutex Elapsed : 202)
02-05 10:49:00.076   484   484 I DRIVER-LGE-AVPlayer: [DDI_AVPlayer][_destroyComponents, 2364] Exit (Mutex Elapsed : 202)!!
02-05 10:49:00.076   484   484 D DRIVER-LGE-AVPlayer: _destroyComponents: AVPlayer components are not created yet
02-05 10:49:00.076   484   484 D DRIVER-LGE-AVPlayer: DDI_AVPlayer_Close is OK
02-05 10:49:00.076   484   484 I IPTV_FLOG: [DDI_AVPlayer][DDI_AVPlayer_Close, 2569] Mutex Exit (Mutex Elapsed : 202 ms) !!
02-05 10:49:00.076   484   484 D DRIVER-LGE-Vdp: DDI_VDP_Close
02-05 10:49:00.076   484   484 D VOD-LGE-ENGINE: internalCloseAMP...ok
02-05 10:49:00.076   484   484 D VOD-LGE-ENGINE: close...ok
02-05 10:49:00.076   484   484 D VOD-LGE-ENGINE: ~AmpEngine: try to destruct
02-05 10:49:00.076   484   484 D VOD-LGE-ENGINE: try to internalDestroy
02-05 10:49:00.076   484   484 D VOD-LGE-ENGINE: internalDestroy...ok
02-05 10:49:00.076   484   484 D VOD-LGE-ENGINE: ~AmpEngine: destruction...ok, bye~ T^T
02-05 10:49:00.076   484   484 D VOD-LGE-CORE: internalReset: closed playback engine
02-05 10:49:00.076   484   484 I VOD-LGE-RM: __ releaseResource
02-05 10:49:00.077   484   484 I VOD-LGE-RM: __ ~LgeVodResourceManager
02-05 10:49:00.077   484   484 D VOD-LGE-CORE: internalReset: release Resources
02-05 10:49:00.077   484   484 D VOD-LGE-DRM: try to closeCARM
02-05 10:49:00.078   484   484 D VOD-LGE-DRM: ctCloseCARM: desc=0, tee_enabled_=0
02-05 10:49:00.078   484   484 D VOD-LGE-DRM: closeCARM...ok
02-05 10:49:00.078   484   484 D VOD-LGE-DRM: try to closeCARM_Preview
02-05 10:49:00.078   484   484 D VOD-LGE-DRM: closeCARM_Preview...ok
02-05 10:49:00.078   484   484 D VOD-LGE-DRM: ~CTDRM20: try to destruct
02-05 10:49:00.078   484   484 D VOD-LGE-DRM: ~CTDRM20: destruction...ok, bye~ T^T
02-05 10:49:00.078   484   484 D VOD-LGE-CORE: internalReset: closed drm agent
02-05 10:49:00.078   484   484 D VOD-LGE-CORE: internalSetState: curr = PLAYBACK_STATE_STOPPING, new = invalid or unknown state
02-05 10:49:00.078   484   484 D VOD-LGE-CORE: internalReset...ok, state change from PLAYBACK_STATE_STOPPING to invalid or unknown state
02-05 10:49:00.078   484   484 D VOD-LGE-CORE: stop...ok
02-05 10:49:00.382  3191  7795 I chatty  : uid=1000(system) com.lguplus.iptv4.base.curation expire 7 lines
02-05 10:49:00.383   484   484 D VOD-LGE-CORE: [0xeab04140]try to reset
02-05 10:49:00.383   484   484 D SurfaceUtils: disconnecting from surface 0xe6a1f008, reason disconnectNativeWindow
02-05 10:49:00.384   484   484 I VOD-LGE-CORE: ~LgeVodPlayer: try to destruct
02-05 10:49:00.384   484   484 D VOD-LGE-CORE: try to internalReset
02-05 10:49:00.384   484   484 D VOD-LGE-CORE: internalReset...ok, player has never been initialized, do nothing
02-05 10:49:00.384   484   484 D VOD-LGE-CORE: internalDestroy...ok
02-05 10:49:00.384   484   484 I VOD-LGE-CORE: [0xeab04140]~LgeVodPlayer: destruction...ok, bye~!
02-05 10:49:00.384   484   484 I IPTV_FLOG: [VODPLAYER] ~LgeVodPlayer, 210
02-05 10:49:00.441   284   284 I chatty  : uid=0(root) /system/bin/iptvserver expire 39 lines
02-05 10:49:00.447  3191  7798 I chatty  : uid=1000(system) com.lguplus.iptv4.base.curation expire 11 lines
02-05 10:49:00.655  3191  7801 I chatty  : uid=1000(system) com.lguplus.iptv4.base.curation expire 16 lines
02-05 10:49:00.722   484   484 D MIRROR-LGE-Moan: MOANPlayerFactory::scoreFactory(url=vod://123.140.22.140/M0117AG046PPV00HD108.mpg?isCuration=1&startTime=0&srvType=1)
02-05 10:49:00.722   484   484 D MIRROR-LGE-Moan: MOANPlayerFactory::scoreFactory(returning zero)
02-05 10:49:00.722   484   484 D LGIptvPlayerFactory: scoreFactory(): vod://123.140.22.140/M0117AG046PPV00HD108.mpg?isCuration=1&startTime=0&srvType=1
02-05 10:49:00.722   484   484 D LG-LIVEPLAYER-FACTORY-PLUGIN: scoreFactory(): url=vod://123.140.22.140/M0117AG046PPV00HD108.mpg?isCuration=1&startTime=0&srvType=1
02-05 10:49:00.722   484   484 D VOD-LGE-PLUGIN: create LgeVodPlayer !!
02-05 10:49:00.722   484   484 I VOD-LGE-CORE: LGE VOD Player v3.0.1 (Android-L)
02-05 10:49:00.722   484   484 D VOD-LGE-CORE: try to internalInit
02-05 10:49:00.722   484   484 I VOD-LGE-CORE: [0xeab04140]LgeVodPlayer: construction...ok, Hello :)
02-05 10:49:00.722   484   484 I IPTV_FLOG: [VODPLAYER] LgeVodPlayer, 175
02-05 10:49:00.722   484   484 D VOD-LGE-CORE: try to initCheck
02-05 10:49:00.722   484   484 D VOD-LGE-CORE: internalSetState: curr = PLAYBACK_STATE_NONE, new = PLAYBACK_STATE_INITIALIZING
02-05 10:49:00.722   484   484 D VOD-LGE-ENGINE: AmpEngine: try to construct
02-05 10:49:00.722   484   484 D VOD-LGE-ENGINE: try to internalInit
02-05 10:49:00.722   484   484 D VOD-LGE-ENGINE: internalInit...ok
02-05 10:49:00.722   484   484 D VOD-LGE-ENGINE: AmpEngine: construction...ok, Hello :)
02-05 10:49:00.722   484   484 I VOD-LGE-RM: __ LgeVodResourceManager
02-05 10:49:00.722   484   484 D VOD-LGE-DRM: CTDRM20: try to construct
02-05 10:49:00.722   484   484 D VOD-LGE-DRM: CTDRM20: construction...ok, Hello :)
02-05 10:49:00.722   484   484 D VOD-LGE-CORE: initCheck: create drm agent...ok
02-05 10:49:00.723   484   484 D VOD-LGE-CORE: internalSetState: curr = PLAYBACK_STATE_INITIALIZING, new = PLAYBACK_STATE_INITIALIZED
02-05 10:49:00.723   484   484 D VOD-LGE-CORE: initCheck...ok
02-05 10:49:00.727   484   484 E VOD-LGE-CORE: not supported!(setDataSource) retrans !!
02-05 10:49:00.727   484   484 D VOD-LGE-CORE: try to setDataSource: url = vod://123.140.22.140/M0117AG046PPV00HD108.mpg?isCuration=1&startTime=0&srvType=1
02-05 10:49:00.727   484   484 I VOD-LGE-CORE: internalParseURL(vod://123.140.22.140/M0117AG046PPV00HD108.mpg?isCuration=1&startTime=0&srvType=1)
02-05 10:49:00.727   484   484 D VOD-LGE-CORE: internalParseURL: server ip = 123.140.22.140
02-05 10:49:00.727   484   484 D VOD-LGE-CORE: internalParseURL: server port num = null
02-05 10:49:00.727   484   484 D VOD-LGE-CORE: internalParseURL: content id = M0117AG046PPV00HD100
02-05 10:49:00.727   484   484 D VOD-LGE-CORE: internalParseURL: file name = M0117AG046PPV00HD108.mpg
02-05 10:49:00.727   484   484 D VOD-LGE-CORE: internalParseURL: additional param = isCuration
02-05 10:49:00.727   484   484 D VOD-LGE-CORE: internalParseURL: iLeft=24, iIndex=10
02-05 10:49:00.727   484   484 D VOD-LGE-CORE: internalParseURL: is curation = true
02-05 10:49:00.727   484   484 D VOD-LGE-CORE: internalParseURL: additional param = startTime
02-05 10:49:00.727   484   484 D VOD-LGE-CORE: internalParseURL: iLeft=12, iIndex=9
02-05 10:49:00.727   484   484 D VOD-LGE-CORE: internalParseURL: start time = 0 sec
02-05 10:49:00.727   484   484 D VOD-LGE-CORE: internalParseURL: additional param = srvType
02-05 10:49:00.727   484   484 D VOD-LGE-CORE: internalParseURL: iLeft=2, iIndex=7
02-05 10:49:00.727   484   484 D VOD-LGE-CORE: internalParseURL: server type = 1
02-05 10:49:00.727   484   484 D VOD-LGE-CORE: internalParseURL:2681, ss_temp : vod://123.140.22.140/M0117AG046PPV00HD108.mpg, length : 45
02-05 10:49:00.727   484   484 D VOD-LGE-CORE: internalParseURL:2681, ss_temp : isCuration=1&startTime=0&srvType=1, length : 34
02-05 10:49:00.727   484   484 I VOD-LGE-CORE: setDataSource:352,STB_MAC :, SA_ID :
02-05 10:49:00.727   484   484 D VOD-LGE-CORE: setDataSource:353, server_type_=CastIs 
02-05 10:49:00.727   484   484 D VOD-LGE-CLIENT-CI: CIClient: try to construct
02-05 10:49:00.727   484   484 D VOD-LGE-CLIENT-CI: try to internalInit
02-05 10:49:00.727   484   484 D VOD-LGE-CLIENT-CI: internalInit...ok
02-05 10:49:00.727   484   484 D VOD-LGE-CLIENT-CI: CIClient: construction...ok, Hello :)
02-05 10:49:00.727   484   484 I VOD-LGE-CORE: setDataSource: url = vod://123.140.22.140/M0117AG046PPV00HD108.mpg
02-05 10:49:00.727   484   484 I VOD-LGE-CORE: setDataSource: =====================
02-05 10:49:00.727   484   484 I VOD-LGE-CORE: setDataSource: server type = 1
02-05 10:49:00.727   484   484 I VOD-LGE-CORE: setDataSource: start time = 0 sec
02-05 10:49:00.727   484   484 I VOD-LGE-CORE: setDataSource: buff time = 0 sec
02-05 10:49:00.728   484   484 I VOD-LGE-CORE: setDataSource: is drm = true
02-05 10:49:00.728   484   484 I VOD-LGE-CORE: setDataSource: is fp = true
02-05 10:49:00.728   484   484 I VOD-LGE-CORE: setDataSource: is tee = false
02-05 10:49:00.728   484   484 I VOD-LGE-CORE: setDataSource: is curation = true
02-05 10:49:00.728   484   484 I VOD-LGE-CORE: setDataSource: is preview = false
02-05 10:49:00.728   484   484 I VOD-LGE-CORE: setDataSource: av channel = primary
02-05 10:49:00.728   484   484 I VOD-LGE-CORE: setDataSource: content id = M0117AG046PPV00HD100
02-05 10:49:00.728   484   484 I VOD-LGE-CORE: setDataSource: user id for uflix = 
02-05 10:49:00.728   484   484 I VOD-LGE-CORE: setDataSource: stb id for uflix  = 
02-05 10:49:00.728   484   484 I VOD-LGE-CORE: setDataSource: stb uflix account = false
02-05 10:49:00.728   484   484 I VOD-LGE-CORE: setDataSource: =====================
02-05 10:49:00.728   484   484 D VOD-LGE-CORE: try to internalOpen
02-05 10:49:00.728   484   484 D VOD-LGE-CORE: iptv.vod.tee value = (0)
02-05 10:49:00.728   484   484 D VOD-LGE-DRM: try to setCARM
02-05 10:49:00.728   484   484 D VOD-LGE-DRM: getMode, cur(mode=1, tee_mode=0, tee_enabled=0)
02-05 10:49:00.728   484   484 D VOD-LGE-DRM: setCARM, already VOD mode -> skipping setCARM() !!!
02-05 10:49:00.728   484   484 D VOD-LGE-DRM: try to openCARM_Curation
02-05 10:49:00.728   484   484 D VOD-LGE-DRM: openCARM_Curation: ContID = 0,1,M0117AG046PPV00HD100,CTCS
02-05 10:49:00.728   484   484 D VOD-LGE-DRM: ctOpenCARM: contentId=0,1,M0117AG046PPV00HD100,CTCS, tee_enabled_=0
02-05 10:49:00.739   679  2175 I ActivityManager: Process com.google.process.gapps (pid 7430) has died: prev LAST
02-05 10:49:00.765   679  7039 I ActivityManager: Process com.lguplus.iptv3.base.notification:remote (pid 7304) has died: svcb SVC 
02-05 10:49:00.775   679  7039 W ActivityManager: Exception when unbinding service com.lguplus.iptv3.base.agent.notice/.app.NoticeAgent
02-05 10:49:00.775   679  7039 W ActivityManager: android.os.DeadObjectException
02-05 10:49:00.775   679  7039 W ActivityManager: 	at android.os.BinderProxy.transactNative(Native Method)
02-05 10:49:00.775   679  7039 W ActivityManager: 	at android.os.BinderProxy.transact(Binder.java:748)
02-05 10:49:00.775   679  7039 W ActivityManager: 	at android.app.IApplicationThread$Stub$Proxy.scheduleUnbindService(IApplicationThread.java:1522)
02-05 10:49:00.775   679  7039 W ActivityManager: 	at com.android.server.am.ActiveServices.removeConnectionLocked(ActiveServices.java:2667)
02-05 10:49:00.775   679  7039 W ActivityManager: 	at com.android.server.am.ActiveServices.killServicesLocked(ActiveServices.java:3066)
02-05 10:49:00.775   679  7039 W ActivityManager: 	at com.android.server.am.ActivityManagerService.cleanUpApplicationRecordLocked(ActivityManagerService.java:17916)
02-05 10:49:00.775   679  7039 W ActivityManager: 	at com.android.server.am.ActivityManagerService.handleAppDiedLocked(ActivityManagerService.java:5241)
02-05 10:49:00.775   679  7039 W ActivityManager: 	at com.android.server.am.ActivityManagerService.appDiedLocked(ActivityManagerService.java:5431)
02-05 10:49:00.775   679  7039 W ActivityManager: 	at com.android.server.am.ActivityManagerService$AppDeathRecipient.binderDied(ActivityManagerService.java:1643)
02-05 10:49:00.775   679  7039 W ActivityManager: 	at android.os.BinderProxy.sendDeathNotice(Binder.java:828)
02-05 10:49:00.776   679  7039 W ActivityManager: Scheduling restart of crashed service com.lguplus.iptv3.base.notification/.service.NotificationService in 224436ms
02-05 10:49:00.779   679  8252 I ActivityManager: Process com.lguplus.iptv3.base.agent.notice:remote (pid 7321) has died: cch  CEM 
02-05 10:49:00.782   679  1364 I ActivityManager: Process android.process.acore (pid 7479) has died: prev LAST
02-05 10:49:00.784   679  1394 I ActivityManager: Process com.google.android.tv.common (pid 7549) has died: prev LAST
02-05 10:49:00.788   679  4945 I ActivityManager: Process com.android.providers.tv (pid 7574) has died: prev LAST
02-05 10:49:00.799   679  1394 I ActivityManager: Process com.lge.android.hime (pid 7458) has died: prcp IMPB
02-05 10:49:00.800   679  1394 W ActivityManager: Scheduling restart of crashed service com.lge.android.hime/.HIME in 262532ms
02-05 10:49:00.802   484   484 D VOD-LGE-DRM: openCARM_Curation...ok
02-05 10:49:00.802   484   484 D VOD-LGE-CORE: internalSetState: curr = PLAYBACK_STATE_INITIALIZED, new = PLAYBACK_STATE_OPENING
02-05 10:49:00.802   484   484 D VOD-LGE-CORE: try to internalGetUserID
02-05 10:49:00.803   679  4945 I ActivityManager: Process com.lguplus.iptv3.base.bootinit (pid 7769) has died: svc  SVC 
02-05 10:49:00.803   679  4945 W ActivityManager: Scheduling restart of crashed service com.lguplus.iptv3.base.bootinit/.BootInitService in 37414ms
02-05 10:49:00.803   484   484 D DRIVER-LGE-i2c: [i2c_open] (pid=484) open success id:0 dev=/dev/i2c-0
02-05 10:49:00.804   484   484 D DRIVER-LGE-i2c: [i2c_open] (pid=484) open success id:1 dev=/dev/i2c-1
02-05 10:49:00.804   484   484 D DRIVER-LGE-i2c: [i2c_open] (pid=484) open success id:2 dev=/dev/i2c-2
02-05 10:49:00.804   484   484 D DRIVER-LGE-i2c: [i2c_open] (pid=484) open success id:3 dev=/dev/i2c-3
02-05 10:49:00.804   484   484 D VOD-LGE-CORE: internalGetUserID: init nvramutil...ok
02-05 10:49:00.805   484   484 D VOD-LGE-CORE: internalGetUserID: user id = 500035268870
02-05 10:49:00.805   484   484 D DRIVER-LGE-i2c: [i2c_close] (pid=484) close success fd:8
02-05 10:49:00.805   484   484 D DRIVER-LGE-i2c: [i2c_close] (pid=484) close success fd:9
02-05 10:49:00.805   484   484 D DRIVER-LGE-i2c: [i2c_close] (pid=484) close success fd:10
02-05 10:49:00.805   484   484 D DRIVER-LGE-i2c: [i2c_close] (pid=484) close success fd:11
02-05 10:49:00.805   484   484 D VOD-LGE-CORE: internalGetUserID...ok
02-05 10:49:00.805   484   484 D VOD-LGE-CLIENT-CI: try to setUserID(userid = 500035268870)
02-05 10:49:00.805   484   484 D VOD-LGE-CLIENT-CI: setUserID...ok, userid = 500035268870
02-05 10:49:00.805   484   484 D VOD-LGE-CLIENT-CI: try to open: url = vod://123.140.22.140/M0117AG046PPV00HD108.mpg
02-05 10:49:00.805   484   484 D VOD-LGE-CLIENT-CI: try to internalOpenCI
02-05 10:49:00.805   484   484 D VOD-LGE-CLIENT-CI: internalOpenCI...ok
02-05 10:49:00.805   484   484 D VOD-LGE-CLIENT-CI: internalParseURL: szURL = vod://123.140.22.140/M0117AG046PPV00HD108.mpg
02-05 10:49:00.805   484   484 D VOD-LGE-CLIENT-CI: internalParseURL: server ip = 123.140.22.140
02-05 10:49:00.805   484   484 D VOD-LGE-CLIENT-CI: internalParseURL: server port num = 1554
02-05 10:49:00.805   484   484 D VOD-LGE-CLIENT-CI: internalParseURL: file name = M0117AG046PPV00HD108.mpg
02-05 10:49:00.805   484   484 D VOD-LGE-CLIENT-CI: open: url = cirtspt://123.140.22.140:1554/M0117AG046PPV00HD108.mpg
02-05 10:49:00.811   808   989 I bt_btif_dm: get_cod remote_cod = 0x0000050c
02-05 10:49:00.811   808   989 I bt_btif_dm: get_cod remote_cod = 0x0000050c
02-05 10:49:00.812   284   422 I chatty  : uid=0(root) EventTask expire 2 lines
02-05 10:49:00.814   284   421 I chatty  : uid=0(root) UiTask expire 3 lines
02-05 10:49:00.817   679   764 W ContextImpl: Calling a method in the system process without a qualified user: android.app.ContextImpl.sendBroadcast:950 com.android.server.policy.LgTvWindowManager.interceptKeyBeforeDispatching:350 com.android.server.wm.InputMonitor.interceptKeyBeforeDispatching:466 com.android.server.input.InputManagerService.interceptKeyBeforeDispatching:1956 <bottom of call stack> 
02-05 10:49:00.958   484   484 D VOD-LGE-CLIENT-CI: try to internalGetCIMediaInfo
02-05 10:49:00.958   484   484 D VOD-LGE-CLIENT-CI: internalConvertContainerType...ok, container type = container-mpeg2 ts
02-05 10:49:00.958   484   484 D VOD-LGE-CLIENT-CI: internalConvertVideoType...ok, video type = video-h264
02-05 10:49:00.958   484   484 D VOD-LGE-CLIENT-CI: internalConvertAudioType...ok, audio type = audio-aac
02-05 10:49:00.958   484   484 D VOD-LGE-CLIENT-CI: internalGetCIMediaInfo: vod media info =====================
02-05 10:49:00.958   484   484 D VOD-LGE-CLIENT-CI: internalGetCIMediaInfo: container type:container-mpeg2 ts
02-05 10:49:00.958   484   484 D VOD-LGE-CLIENT-CI: internalGetCIMediaInfo: video type:video-h264
02-05 10:49:00.958   484   484 D VOD-LGE-CLIENT-CI: internalGetCIMediaInfo: audio type:audio-aac
02-05 10:49:00.958   484   484 D VOD-LGE-CLIENT-CI: internalGetCIMediaInfo: pat pid(0), pmt pid(100), pcr pid(33)
02-05 10:49:00.958   484   484 D VOD-LGE-CLIENT-CI: internalGetCIMediaInfo: video pid(33), audio pid(34)
02-05 10:49:00.959   484   484 D VOD-LGE-CLIENT-CI: internalGetCIMediaInfo: file size(4382962816 bytes), duration(4706031 msec)
02-05 10:49:00.959   484   484 D VOD-LGE-CLIENT-CI: internalGetCIMediaInfo: mux rate(7450800 bps), trickable(1)
02-05 10:49:00.959   484   484 D VOD-LGE-CLIENT-CI: internalGetCIMediaInfo: ====================================
02-05 10:49:00.959   484   484 D VOD-LGE-CLIENT-CI: internalGetCIMediaInfo...ok
02-05 10:49:00.959   484   484 D VOD-LGE-CLIENT-CI: open...ok
02-05 10:49:00.959   484   484 D VOD-LGE-CORE: internalOpen: open media client...ok
02-05 10:49:00.959   484   484 D VOD-LGE-CLIENT-CI: getContainerType...ok, container type = container-mpeg2 ts
02-05 10:49:00.959   484   484 D VOD-LGE-ENGINE: internalConvertContainerType : Container: 4
02-05 10:49:00.959   484   484 D VOD-LGE-ENGINE: setContainerType...ok, container type = container-mpeg2 ts
02-05 10:49:00.959   484   484 D VOD-LGE-CLIENT-CI: getVideoType...ok, video type = video-h264
02-05 10:49:00.959   484   484 D VOD-LGE-ENGINE: internalConvertVideoType : VCodec: 27
02-05 10:49:00.959   484   484 D VOD-LGE-ENGINE: setVideoType...ok, video type = video-h264
02-05 10:49:00.959   484   484 D VOD-LGE-CLIENT-CI: getAudioType...ok, audio type = audio-aac
02-05 10:49:00.959   484   484 D VOD-LGE-ENGINE: internalConvertAudioType : ACodec: 15
02-05 10:49:00.959   484   484 D VOD-LGE-ENGINE: setAudioType...ok, audio type = audio-aac
02-05 10:49:00.959   484   484 D VOD-LGE-CLIENT-CI: getPATPID...ok, pat pid = 0
02-05 10:49:00.959   484   484 D VOD-LGE-ENGINE: setPATPID...ok, pat pid = 0
02-05 10:49:00.959   484   484 D VOD-LGE-CLIENT-CI: getPMTPID...ok, pmt pid = 100
02-05 10:49:00.959   484   484 D VOD-LGE-ENGINE: setPMTPID...ok, pmt pid = 100
02-05 10:49:00.959   484   484 D VOD-LGE-CLIENT-CI: getPCRPID...ok, pcr pid = 33
02-05 10:49:00.959   484   484 D VOD-LGE-ENGINE: setPCRPID...ok, pcr pid = 33
02-05 10:49:00.959   484   484 D VOD-LGE-CLIENT-CI: getVideoPID...ok, video pid = 33
02-05 10:49:00.959   484   484 D VOD-LGE-ENGINE: setVideoPID...ok, video pid = 33
02-05 10:49:00.959   484   484 D VOD-LGE-CLIENT-CI: getAudioPID...ok, audio pid = 34
02-05 10:49:00.959   484   484 D VOD-LGE-ENGINE: setAudioPID...ok, audio pid = 34
02-05 10:49:00.959   484   484 D VOD-LGE-CLIENT-CI: getDuration...ok, duration = 4706031 msec
02-05 10:49:00.959   484   484 D VOD-LGE-ENGINE: setDuration...ok, setDuration = 4706031
02-05 10:49:00.959   484   484 D VOD-LGE-CLIENT-CI: getMuxRate...ok, mux rate = 7450800 bps
02-05 10:49:00.959   484   484 I VOD-LGE-CORE: internalSetMediaInfo: is hd = true
02-05 10:49:00.960   484   484 D VOD-LGE-ENGINE: setAVChannel...ok, av channel = primary AV channel
02-05 10:49:00.960   484   484 D VOD-LGE-CORE: internalSetMediaInfo...ok
02-05 10:49:00.960   484   484 D VOD-LGE-CORE: internalOpen: set media info...ok
02-05 10:49:00.960   484   484 I VOD-LGE-CORE: internalOpen:1542, av_channel_ : PRIMARY
02-05 10:49:00.960   484   484 D VOD-LGE-CORE: internalOpen:1544,Try to allocate resource, 0
02-05 10:49:00.961   484   484 I VOD-LGE-CORE: video_plane : request : PRIMARY
02-05 10:49:00.961   484   484 I VOD-LGE-RM: __ requestResource:93
02-05 10:49:00.961   484   484 I VOD-LGE-RM: __ requestResource:70
02-05 10:49:00.972   484   484 D VOD-LGE-ENGINE: setCurationtvEnable, enable = 1
02-05 10:49:00.972   484   484 D VOD-LGE-ENGINE: try to open
02-05 10:49:00.972   484   484 D VOD-LGE-ENGINE: try to internalOpenAMP
02-05 10:49:00.972   484   484 D DRIVER-LGE-Vdp: DDI_VDP_Init
02-05 10:49:00.972   484   484 I IPTV_FLOG: [DDI_AVPlayer][DDI_AVPlayer_Open, 2374] Mutex Enter !!
02-05 10:49:00.972   484   484 I DRIVER-LGE-AVPlayer: DDI_AVPlayer_Open is OK : Service type is CURATIONTV_Service
02-05 10:49:00.972   484   484 D DRIVER-LGE-Vdp: Init PQ control
02-05 10:49:00.973   484   484 I IPTV_FLOG: [DDI_AVPlayer][DDI_AVPlayer_Open, 2471] Mutex Exit (Mutex Elapsed : 0 ms) !!
02-05 10:49:00.973   484   484 D VOD-LGE-ENGINE: internalOpenAMP...ok
02-05 10:49:00.973   484   484 D VOD-LGE-ENGINE: open...ok
02-05 10:49:00.973   484   484 D VOD-LGE-CORE: internalOpen: open playback engine...ok
02-05 10:49:00.973   484   484 I VOD-LGE-CORE: internalOpen: creat feed thread...0k
02-05 10:49:00.973   484   484 D VOD-LGE-CORE: internalSetState: curr = PLAYBACK_STATE_OPENING, new = PLAYBACK_STATE_OPENED
02-05 10:49:00.973   484   484 I VOD-LGE-CORE: internalOpen...ok
02-05 10:49:00.973   484   484 I VOD-LGE-CORE: setDataSource...ok
02-05 10:49:00.973   484  7808 D VOD-LGE-CORE: [0xeab04140]internalFeedThread... entry
02-05 10:49:00.975   484   484 I VOD-LGE-CORE: try to prepareAsync
02-05 10:49:00.975   484   484 D VOD-LGE-CORE: internalSetState: curr = PLAYBACK_STATE_OPENED, new = PLAYBACK_STATE_PREPARED
02-05 10:49:00.975   484   484 I VOD-LGE-CORE: prepareAsync: send event >>> MEDIA_PREPARED
02-05 10:49:00.975   484   484 I VOD-LGE-CORE: prepareAsync...ok
02-05 10:49:00.978   484   484 D VOD-LGE-CORE: invoke: invoke
02-05 10:49:00.978   484   484 E VOD-LGE-CORE: invoke...fail, no handler for method id = 0x1
02-05 10:49:00.978   484   484 D VOD-LGE-CORE: invoke...ok
02-05 10:49:00.979   484  3660 D SurfaceUtils: connecting to surface 0xe6a1f808, reason setVideoSurfaceTexture
02-05 10:49:00.979   484  3660 D VOD-LGE-CORE: setVideoSurfaceTexture
02-05 10:49:00.979   484  3660 D VOD-LGE-CORE: video_plane_id_ = [0]
02-05 10:49:00.980   461   461 I v_gralloc: Allocate buffer=0xf3c34400  for pid=461: size=1x1 format=1 usage=0x80000900 info=142:6:100-0:0:0 gid=0
02-05 10:49:00.981   467   568 I v_gralloc: Register buffer=0xdc4dc600 from pid=461: size=1x1 format=1 usage=0x80000900 info=142:6:100-0:0:0
02-05 10:49:00.982   484  3660 I v_gralloc: Register buffer=0xeab06900 from pid=461: size=1x1 format=1 usage=0x80000900 info=142:6:100-0:0:0
02-05 10:49:00.983   484  3660 I SideBandNativeHandle: SidebandNativeHandle:41, create SidebandNativeHandle 0xeab2e4a0 at client side,  inOwnsFd=1
02-05 10:49:00.983   484  3660 I SideBandNativeHandle: SidebandNativeHandle:56 finish, this=0xeab2e4a0, ID=(3660:-260929324)
02-05 10:49:00.983   484  3660 I VOD-LGE-CORE: width=(1920), height=(1080)
02-05 10:49:00.984   484  3660 D DRIVER-LGE-Vdp: DDI_VDP_GetResolution : resId = 24
02-05 10:49:00.984   484  3660 I VOD-LGE-CORE: Resize for full-screen plane. width=(1920), height=(1080)
02-05 10:49:00.984   484  3660 I DRIVER-LGE-Vdp: [GFX] DDI_VDP_SetWindowPrimary: 0,0,1920,1080
02-05 10:49:00.985   484  3660 D VOD-LGE-CORE: setLooping...fail  setLooping is not supported
02-05 10:49:00.985   484  3660 D VOD-LGE-CORE: setVolume...in (1.000000/1.000000)
02-05 10:49:00.985   484  3660 D VOD-LGE-ENGINE: setAudioMute...ok isMute = false
02-05 10:49:00.985   484  3660 D VOD-LGE-CORE: setVolume...succ
02-05 10:49:00.986   484  3660 D VOD-LGE-CORE: setLooping...fail  setLooping is not supported
02-05 10:49:00.986   484  3660 D VOD-LGE-CORE: try to start
02-05 10:49:00.986   484  3660 D VOD-LGE-CORE: start: current state = PLAYBACK_STATE_PREPARED
02-05 10:49:00.986   484  3660 D VOD-LGE-CORE: try to internalStart
02-05 10:49:00.986   484  3660 D VOD-LGE-CLIENT-CI: try to play(speed = 130)
02-05 10:49:00.986   484  3660 D VOD-LGE-CLIENT-CI: internalCheckSpeed..ok, valid speed for extreme-control !! [by byonghoon.jeon]
02-05 10:49:00.986   484  3660 D VOD-LGE-CLIENT-CI: play... audio trick play
02-05 10:49:00.996   484  3660 D VOD-LGE-CLIENT-CI: play...ok, speed = 130
02-05 10:49:00.996   484  3660 D VOD-LGE-ENGINE: try to play
02-05 10:49:00.996   484  3660 D VOD-LGE-ENGINE: try to internalPlayAMP
02-05 10:49:00.996   484  3660 D VOD-LGE-ENGINE: |TEE| mediaInfo.bSecureMemory = 0 (0)
02-05 10:49:00.996   484  3660 I IPTV_FLOG: [DDI_AVPlayer][DDI_AVPlayer_PrimaryStart, 3131] Mutex Enter !!
02-05 10:49:00.996   484  3660 D DRIVER-LGE-AVPlayer: [DDI_AVPlayer_PrimaryStart, 3142] hAVPlayer->PHAL_pri.Started : 0
02-05 10:49:00.996   484  3660 I DRIVER-LGE-AVPlayer: [_createComponents, 2083] Enter (Mutex Elapsed : 0)
02-05 10:49:00.997   484  3660 I DRIVER-LGE-AVPlayer: [_AVPlayer_allocate_buffer, 458] Enter (Mutex Elapsed : 1)
02-05 10:49:00.998   484  3660 D DRIVER-LGE-AVPlayer: |TEE| AMP_SHM_Allocate(AMP_SHM_DYNAMIC), size=20971520
02-05 10:49:00.998   484  3660 D DRIVER-LGE-AVPlayer: |TEE| get virtual address
02-05 10:49:01.001   455   455 D mv_audio_hw_util: setMasterVolume(0.533333)
02-05 10:49:01.011   455   455 D mv_audio_hw_util: set master volume success, volume=0.533333
02-05 10:49:01.011   455   455 D mv_audio_hw: set master volume success, volume=0.533333
02-05 10:49:01.027   846   970 I vol.Events: writeEvent level_changed STREAM_MUSIC 8
02-05 10:49:01.031   846   970 I vol.Events: writeEvent active_stream_changed STREAM_MUSIC
02-05 10:49:01.033   846   970 I vol.Events: writeEvent key STREAM_MUSIC 8
02-05 10:49:00.963   679   764 W ContextImpl: Calling a method in the system process without a qualified user: android.app.ContextImpl.sendBroadcast:950 com.android.server.policy.LgTvWindowManager.interceptKeyBeforeDispatching:350 com.android.server.wm.InputMonitor.interceptKeyBeforeDispatching:466 com.android.server.input.InputManagerService.interceptKeyBeforeDispatching:1956 <bottom of call stack> 
02-05 10:49:01.042   679   700 W BroadcastQueue: Exception when sending broadcast to ComponentInfo{com.lguplus.iptv3.onetouchstb/com.lguplus.iptv3.onetouchstb.receiver.VolumeChangeReceiver}
02-05 10:49:01.042   679   700 W BroadcastQueue: android.os.DeadObjectException
02-05 10:49:01.042   679   700 W BroadcastQueue: 	at android.os.BinderProxy.transactNative(Native Method)
02-05 10:49:01.042   679   700 W BroadcastQueue: 	at android.os.BinderProxy.transact(Binder.java:748)
02-05 10:49:01.042   679   700 W BroadcastQueue: 	at android.app.IApplicationThread$Stub$Proxy.scheduleReceiver(IApplicationThread.java:1302)
02-05 10:49:01.042   679   700 W BroadcastQueue: 	at com.android.server.am.BroadcastQueue.processCurBroadcastLocked(BroadcastQueue.java:301)
02-05 10:49:01.042   679   700 W BroadcastQueue: 	at com.android.server.am.BroadcastQueue.processNextBroadcast(BroadcastQueue.java:1325)
02-05 10:49:01.042   679   700 W BroadcastQueue: 	at com.android.server.am.BroadcastQueue$BroadcastHandler.handleMessage(BroadcastQueue.java:171)
02-05 10:49:01.042   679   700 W BroadcastQueue: 	at android.os.Handler.dispatchMessage(Handler.java:105)
02-05 10:49:01.042   679   700 W BroadcastQueue: 	at android.os.Looper.loop(Looper.java:164)
02-05 10:49:01.042   679   700 W BroadcastQueue: 	at android.os.HandlerThread.run(HandlerThread.java:65)
02-05 10:49:01.042   679   700 W BroadcastQueue: 	at com.android.server.ServiceThread.run(ServiceThread.java:46)
02-05 10:49:01.043   679   700 W ActivityManager: Scheduling restart of crashed service com.lguplus.iptv3.onetouchstb/.service.OneTouchSTBService in 37174ms
02-05 10:49:01.044   846   846 D vol.VolumeDialogImpl: updateVolumeRowH vlevel : 8
02-05 10:49:01.071   679   700 I ActivityManager: Start proc 7810:com.lguplus.iptv3.onetouchstb/1000 for broadcast com.lguplus.iptv3.onetouchstb/.receiver.VolumeChangeReceiver
02-05 10:49:01.077   846   846 D vol.VolumeDialogImpl: updateVolumeRowH vlevel : 8
02-05 10:49:01.120   846   846 I vol.Events: writeEvent show_dialog volume_changed keyguard=false
02-05 10:49:01.208   461   461 I v_gralloc: Allocate buffer=0xf3c34400  for pid=461: size=312x718 format=1 usage=0x00000900 info=143:7:e1000-0:0:0 gid=0
02-05 10:49:01.209   467   568 I v_gralloc: Register buffer=0xe8629a00 from pid=461: size=312x718 format=1 usage=0x00000900 info=143:7:e1000-0:0:0
02-05 10:49:01.218   461   461 I v_gralloc: Allocate buffer=0xf3c34400  for pid=461: size=312x718 format=1 usage=0x00000900 info=144:7:e1000-0:0:0 gid=0
02-05 10:49:01.221   467   568 I v_gralloc: Register buffer=0xe8629c00 from pid=461: size=312x718 format=1 usage=0x00000900 info=144:7:e1000-0:0:0
02-05 10:49:01.229   461   461 I v_gralloc: Allocate buffer=0xf3c34400  for pid=461: size=312x718 format=1 usage=0x00000900 info=145:7:e1000-0:0:0 gid=0
02-05 10:49:01.232   467   568 I v_gralloc: Register buffer=0xdc4dc100 from pid=461: size=312x718 format=1 usage=0x00000900 info=145:7:e1000-0:0:0
02-05 10:49:01.289   484  3660 I DRIVER-LGE-AVPlayer: [_AVPlayer_allocate_buffer, 548] Exit Allocate buffer is OK (Mutex Elapsed : 293)
02-05 10:49:01.291   244   244 I AMP_TA  :  figo sched enter uSrcType=0x0, uScheme=0x0, uCryptoLevel=0x0,
02-05 10:49:01.291   244   244 I AMP_TA  :  sched FWIdx success FigoId=0x0, FWIdx=0x0, IsNeedReload=0x1,
02-05 10:49:01.291   244   244 I TSP_TA  :  TSPTA_FWLoad:637, uFwIdx = 0x0
02-05 10:49:01.292   244   244 I TSP_TA  :  In TSPTA_FWLoad:651, 0xf7a50000, 0x3f83
02-05 10:49:01.294   244   244 I TSP_TA  :  
02-05 10:49:01.295   244   244 I TSP_TA  :  TSPTA_AllocTask:726, task_addr = 0x3960
02-05 10:49:01.295   484  3660 D DRIVER-LGE-AVPlayer: _openDmxComponent:Creation Dmx Component is OK
02-05 10:49:01.296   244   244 F AMP_TA  :  VPP1@API@[MV_VPPOBJ_SetPlaneMute():4376]:plane [0], mute [0] 
02-05 10:49:01.297   244   244 F AMP_TA  :  VPP1@API@[MV_VPPOBJ_SetPlaneMute():4376]:plane [0], mute [1] 
02-05 10:49:01.297   484  3660 D DRIVER-LGE-AVPlayer: _openVoutComponent:Creation Vout Component is OK
02-05 10:49:01.297   484  3660 E SETTINGS-LGE-LIBSTBAPP: Settings_getDisplayMode : Settings_initalize was not called
02-05 10:49:01.297   484  3660 D DRIVER-LGE-Vdp: SetPQProfile, profile_num 0
02-05 10:49:01.299   244   244 E AMP_TA  :  vmeta build fw_version=build: 26028 20180111.1659 sizeof(vdec_seq_desc_t)=184 tz=tz30
02-05 10:49:01.299   244   244 E AMP_TA  :  dst: VPU lib version_string=VLite 2.5.5 (BG4CTA0) SA/SP/2K  build: 26028 20180111.1657, productId=0xa0, hw_version=0x40003 vpu 15060,629760 vdec 86476,4096 venc 0,0
02-05 10:49:01.299   244   244 E AMP_TA  :  dst: VPU lib version_string=BG2DTV-BG4CDCT /h265/h264/mpeg2, productId=0xa0, hw_version=0x40003 vpu 508,3032832 vdec 2254904,0 venc 0,0
02-05 10:49:01.300   244   244 E AMP_TA  :  dst: VPU lib version_string=h1enc, productId=0xa0, hw_version=0x40003 vpu 248,4 vdec 0,0 venc 2264,2490512
02-05 10:49:01.302   244   244 E AMP_TA  :  level_ta=0x00000007 level_firmware=0x00000007
02-05 10:49:01.310   484  3660 D DRIVER-LGE-AVPlayer: _openVdecComponent:Creation Vdec Component is OK
02-05 10:49:01.311   484  3660 D DRIVER-LGE-AVPlayer: _openAdecComponent:Creation Adec Component is OK
02-05 10:49:01.313   484  3660 D DRIVER-LGE-AVPlayer: _openArenComponent:Creation Aren Component is OK
02-05 10:49:01.313   484  3660 D DRIVER-LGE-AVPlayer: _openClkComponent:Creation Clk component is OK
02-05 10:49:01.313   484  3660 D DRIVER-LGE-AVPlayer: [_createComponents, 2103] after open componets (Mutex Elapsed : 317)
02-05 10:49:01.315   484  3660 D DRIVER-LGE-AVPlayer: _connectDmx2App:Dmx2App connection is OK
02-05 10:49:01.317   484  3660 D DRIVER-LGE-AVPlayer: _connectDmx2Vdec:Dmx2Vdec connection is OK
02-05 10:49:01.317   484  3660 D DRIVER-LGE-AVPlayer: [_createComponents, 2109] after connect dmx2 to app,vdec (Mutex Elapsed : 321)
02-05 10:49:01.320   484  3660 D DRIVER-LGE-AVPlayer: _connectVdec2Vout:Vdec2Vout connection is OK
02-05 10:49:01.321   484  3660 D DRIVER-LGE-AVPlayer: _connectCLK2Vout:Clk2Vout connection is OK
02-05 10:49:01.321   484  3660 D DRIVER-LGE-AVPlayer: [_createComponents, 2118] after connect dmx2 to vout, pcr, clk (Mutex Elapsed : 325)
02-05 10:49:01.323   484  3660 D DRIVER-LGE-AVPlayer: _connectCLK2Aren:Clk2Aren[0]=1 ArenPort2Clk[0]=0 connection is OK
02-05 10:49:01.325   484  3660 D DRIVER-LGE-AVPlayer: _connectCLK2Aren:Clk2Aren[1]=2 ArenPort2Clk[1]=1 connection is OK
02-05 10:49:01.326   484  3660 D DRIVER-LGE-AVPlayer: _connectCLK2Aren:Clk2Aren[2]=3 ArenPort2Clk[2]=2 connection is OK
02-05 10:49:01.330   484  3660 D DRIVER-LGE-AVPlayer: _connectDmx2Adec:Dmx2Adec connection is K
02-05 10:49:01.335   484  3660 D DRIVER-LGE-AVPlayer: _connectAdec2Aren:Adec2Aren[0] = 0, ArenPort2Adec[0] = 3 connection is OK
02-05 10:49:01.339   484  3660 D DRIVER-LGE-AVPlayer: _connectAdec2Aren:Adec2Aren[1] = 1, ArenPort2Adec[1] = 5 connection is OK
02-05 10:49:01.344   484  3660 D DRIVER-LGE-AVPlayer: _connectAdec2Aren:Adec2Aren[2] = 2, ArenPort2Adec[2] = 4 connection is OK
02-05 10:49:01.347   484  3660 D DRIVER-LGE-AVPlayer: _connectAren2Sound:hTunnel[0]=-425224804, Aren2Asnd[0]=0 Tunnel is OK
02-05 10:49:01.349   484  3660 D DRIVER-LGE-AVPlayer: _connectAren2Sound:hTunnel[1]=-425224588, Aren2Asnd[1]=2 Tunnel is OK
02-05 10:49:01.350   461   461 I v_gralloc: Allocate buffer=0xf3c34400  for pid=461: size=312x718 format=1 usage=0x00000B00 info=146:9:e1000-0:0:0 gid=0
02-05 10:49:01.350   484  3660 D DRIVER-LGE-AVPlayer: _connectAren2Sound:hTunnel[2]=-425224372, Aren2Asnd[2]=1 Tunnel is OK
02-05 10:49:01.350   484  3660 D DRIVER-LGE-AVPlayer: [_createComponents, 2127] after connect dmx2 to adec, aren, sound (Mutex Elapsed : 354)
02-05 10:49:01.351   484  3660 D DRIVER-LGE-AVPlayer: AV Player : clk register notify
02-05 10:49:01.352   484  3660 D DRIVER-LGE-AVPlayer: [_createComponents, 2131] after register events (Mutex Elapsed : 355)
02-05 10:49:01.352   484  3660 I DRIVER-LGE-AVPlayer: [_createComponents, 2145] Exit (Mutex Elapsed : 355)
02-05 10:49:01.352   484  3660 I DRIVER-LGE-AVPlayer: [DDI_AVPlayer][_AVPlayer_CreatePipeline, 2591] vpid(33->33), vcodec(22->22), apid(34->34), acodec(86->86), pcr(0->0)
02-05 10:49:01.352   484  3660 D DRIVER-LGE-AVPlayer: Primary_AVplayer CreatePipeline is OK
02-05 10:49:01.352   484  3660 D DRIVER-LGE-AVPlayer: _AVPlayer_Start: Enter !!
02-05 10:49:01.354   467  1001 I v_gralloc: Register buffer=0xdc4dc100 from pid=461: size=312x718 format=1 usage=0x00000B00 info=146:9:e1000-0:0:0
02-05 10:49:01.354   484  3660 E [ 4268.056] [35;1mAmp1@@[MODULE_SNDSRV:AMP_SND_StartTunnel():2654]:[0m : SNDAPI Already in exec state!
02-05 10:49:01.355   484  3660 I chatty  : uid=1013(media) Binder:484_4 identical 1 line
02-05 10:49:01.355   484  3660 E [ 4268.056] [35;1mAmp1@@[MODULE_SNDSRV:AMP_SND_StartTunnel():2654]:[0m : SNDAPI Already in exec state!
02-05 10:49:01.355   244   244 F AMP_TA  :  VPP1@API@[MV_VPPOBJ_SetPlaneMute():4376]:plane [0], mute [0] 
02-05 10:49:01.356   484  3660 D DRIVER-LGE-AVPlayer: _AVPlayer_Start: Exit !!
02-05 10:49:01.357   484  3660 I IPTV_FLOG: [DDI_AVPlayer] DDI_AVPlayer_PrimaryStart, 3165 AVplayer starting is OK
02-05 10:49:01.357   484  3660 I IPTV_FLOG: [DDI_AVPlayer][DDI_AVPlayer_PrimaryStart, 3172] Mutex Exit (Mutex Elapsed : 360 ms) !!
02-05 10:49:01.357   484  3660 D VOD-LGE-ENGINE: internalPlayAMP...ok
02-05 10:49:01.357   484  3660 D VOD-LGE-ENGINE: play...ok, speed = 100
02-05 10:49:01.357   484  3660 D VOD-LGE-CORE: internalSetState: curr = PLAYBACK_STATE_PREPARED, new = PLAYBACK_STATE_STARTED
02-05 10:49:01.357   484  3660 D VOD-LGE-CORE: internalStart...ok, start time = 0 sec
02-05 10:49:01.357   484  3660 D VOD-LGE-CORE: start...ok
02-05 10:49:01.357   846  1035 I v_gralloc: Register buffer=0xcda70400 from pid=461: size=312x718 format=1 usage=0x00000B00 info=146:9:e1000-0:0:0
02-05 10:49:01.358   484  3660 D VOD-LGE-CORE: try to getDuration
02-05 10:49:01.358   484  3660 D VOD-LGE-CORE: try to internalGetDuration
02-05 10:49:01.358   484  3660 D VOD-LGE-CLIENT-CI: getDuration...ok, duration = 4706031 msec
02-05 10:49:01.358   484  3660 D VOD-LGE-CORE: internalGetDuration...ok
02-05 10:49:01.358   484  3660 D VOD-LGE-CORE: getDuration...ok, duration = 4706031 msec
02-05 10:49:01.360   461   461 E hw-IPCThreadState: binder thread pool (1 threads) starved for 125 ms
02-05 10:49:01.363   284   284 I chatty  : uid=0(root) /system/bin/iptvserver expire 24 lines
02-05 10:49:01.368  1561  5644 D LIVE-LGE-JNI: readUP: 0th PrefValue : N
02-05 10:49:01.374   461   461 I v_gralloc: Allocate buffer=0xf3c34400  for pid=461: size=312x718 format=1 usage=0x00000B00 info=147:9:e1000-0:0:0 gid=0
02-05 10:49:01.375   467   568 I v_gralloc: Register buffer=0xe8629c00 from pid=461: size=312x718 format=1 usage=0x00000B00 info=147:9:e1000-0:0:0
02-05 10:49:01.376   484  7808 D VOD-LGE-CORE: [internalFeedThread read bps = 921200 
02-05 10:49:01.376   484  7808 I VOD-LGE-ENGINE: not supported period-1 in amp :: getCurrentPTS base= 0 (0)
02-05 10:49:01.376   484  7808 I VOD-LGE-ENGINE: not supported period-2 in amp :: getCurrentPTS base= 0 (0 / 0 msec)
02-05 10:49:01.376   846  1035 I v_gralloc: Register buffer=0xe9eea600 from pid=461: size=312x718 format=1 usage=0x00000B00 info=147:9:e1000-0:0:0
02-05 10:49:01.387   484  7808 D VOD-LGE-CORE: internalFeedThread:3342,baseMSec : 1517795341387
02-05 10:49:01.388   484  7808 D VOD-LGE-CORE: internalFeedThread: base time = 141, base pts = 0
02-05 10:49:01.388   484  7808 I VOD-LGE-ENGINE: not supported period-1 in amp :: getCurrentPTS base= 0 (0)
02-05 10:49:01.388   484  7808 I VOD-LGE-ENGINE: not supported period-2 in amp :: getCurrentPTS base= 0 (0 / 0 msec)
02-05 10:49:01.403   244   244 E AMP_TA  :  @err>> no valid sps for sei!
02-05 10:49:01.410   236   352 I chatty  : uid=0(root) Binder:236_1 expire 162 lines
02-05 10:49:01.415   236   352 V BerlinAVS_VideoOutput: Is4KSupportedByYUV420, CapInfo_VIC[10]=0, capMapInfo_VIC[10]=0,
02-05 10:49:01.415   236   352 V BerlinAVS_VideoOutput: Is4KSupportedByYUV420, CapInfo_VIC[11]=0, capMapInfo_VIC[11]=0,
02-05 10:49:01.415   236   352 V BerlinAVS_VideoOutput: Is4KSupportedByYUV420, CapInfo_VIC[12]=0, capMapInfo_VIC[12]=0,
02-05 10:49:01.415   236   352 V BerlinAVS_VideoOutput: Is4KSupportedByYUV420, CapInfo_VIC[13]=0, capMapInfo_VIC[13]=0,
02-05 10:49:01.415   236   352 V BerlinAVS_VideoOutput: Is4KSupportedByYUV420, CapInfo_VIC[14]=0, capMapInfo_VIC[14]=0,
02-05 10:49:01.415   236   352 V BerlinAVS_VideoOutput: Is4KSupportedByYUV420, CapInfo_VIC[15]=0, capMapInfo_VIC[15]=0,
02-05 10:49:01.415   236   352 V BerlinAVS_VideoOutput: Is4KSupportedByYUV420, mode 3840x2160p@60.00M, 4K50(0), 4K60(0)
02-05 10:49:01.415   236   352 V BerlinAVS_VideoOutput: IsSupportedBySink2D, output_format[64], supported 0
02-05 10:49:01.415   236   352 V BerlinAVS_VideoOutput: IsSupportedBySink2D, output_format[65], supported 0
02-05 10:49:01.415   236   352 V BerlinAVS_VideoOutput: IsSupportedBySink2D, output_format[66], supported 0
02-05 10:49:01.415   236   352 D BerlinAVS_VideoOutput: GetTvSupportedModes LEAVE 
02-05 10:49:01.418   284   284 D LIVE-LGE-IptvService: readUserPreference
02-05 10:49:01.418   284   284 D LIVE-LGE-Interface: LGU_readUserPreference() : /LGU_data/UP/NETWORK_TYPE.0 file does not exist
02-05 10:49:01.418   284   284 E LIVE-LGE-Interface: LGU_readUserPreference(NETWORK_TYPE) FAIL
02-05 10:49:01.419   284   284 D LIVE-LGE-IptvService: readUserPreference
02-05 10:49:01.419   284   284 D LIVE-LGE-Interface: LGU_readUserPreference() : /LGU_data/UP/PVS_RETURN_STRING.1 file does not exist
02-05 10:49:01.419   284   284 D LIVE-LGE-Interface: LGU_readUserPreference(PVS_RETURN_STRING, 1) SUCCESS
02-05 10:49:01.420   236   352 D BerlinAVS_AVSettings: ReadSetting, name: mrvl.output.video.hdr.state
02-05 10:49:01.420   236   352 V BerlinAVS_OutputHandler: ReadSetting, (mrvl.output.video.hdr.state), persisted 1
02-05 10:49:01.420   236   352 V AVSettingsSqlite3: getEntry enter, name mrvl.output.video.hdr.state
02-05 10:49:01.421   236   352 V AVSettingsSqlite3: getEntry leave
02-05 10:49:01.421   236   352 V BerlinAVS_OutputHandler: ReadSetting, [vout] key: hdr.state
02-05 10:49:01.421   236   352 D BerlinAVS_VideoOutput: NotSupported HDR
02-05 10:49:01.440  7810  7838 D v_gal   : _ConstructOs:466, gal3d.ko already insmoded, count=0
02-05 10:49:01.463   461   461 I v_gralloc: Allocate buffer=0xf3c34400  for pid=461: size=312x718 format=1 usage=0x00000B00 info=148:9:e1000-0:0:0 gid=0
02-05 10:49:01.465   467   568 I v_gralloc: Register buffer=0xe8629a00 from pid=461: size=312x718 format=1 usage=0x00000B00 info=148:9:e1000-0:0:0
02-05 10:49:01.466   846  1035 I v_gralloc: Register buffer=0xcdfefa00 from pid=461: size=312x718 format=1 usage=0x00000B00 info=148:9:e1000-0:0:0
02-05 10:49:01.474   484  7808 I VOD-LGE-ENGINE: not supported period-1 in amp :: getCurrentPTS base= 0 (0)
02-05 10:49:01.474   484  7808 I VOD-LGE-ENGINE: not supported period-2 in amp :: getCurrentPTS base= 0 (0 / 0 msec)
02-05 10:49:01.484   484  7808 I VOD-LGE-ENGINE: not supported period-1 in amp :: getCurrentPTS base= 0 (0)
02-05 10:49:01.484   484  7808 I VOD-LGE-ENGINE: not supported period-2 in amp :: getCurrentPTS base= 0 (0 / 0 msec)
02-05 10:49:01.500   467   568 W GrallocMapperPassthrough: buffer descriptor with invalid usage bits 0x2000000
02-05 10:49:01.507   461   461 I v_gralloc: Allocate buffer=0xf3c34400  for pid=461: size=312x718 format=1 usage=0x03000B00 info=149:9:f0000-14a:6:f00 gid=0
02-05 10:49:01.509   467   568 I v_gralloc: Register buffer=0xdc4dc100 from pid=461: size=312x718 format=1 usage=0x03000B00 info=149:9:f0000-14a:6:f00
02-05 10:49:01.513   846  1035 I v_gralloc: Register buffer=0xdd541d00 from pid=461: size=312x718 format=1 usage=0x03000B00 info=149:9:f0000-14a:6:f00
02-05 10:49:01.516   467   568 W GrallocMapperPassthrough: buffer descriptor with invalid usage bits 0x2000000
02-05 10:49:01.520   461   461 I v_gralloc: Allocate buffer=0xf3c34400  for pid=461: size=312x718 format=1 usage=0x03000B00 info=14b:9:f0000-14c:6:f00 gid=0
02-05 10:49:01.521   467   568 I v_gralloc: Register buffer=0xe8629c00 from pid=461: size=312x718 format=1 usage=0x03000B00 info=14b:9:f0000-14c:6:f00
02-05 10:49:01.527   846  1035 I v_gralloc: Register buffer=0xcda70400 from pid=461: size=312x718 format=1 usage=0x03000B00 info=14b:9:f0000-14c:6:f00
02-05 10:49:01.537   467  1001 W GrallocMapperPassthrough: buffer descriptor with invalid usage bits 0x2000000
02-05 10:49:01.538   484  7808 I VOD-LGE-ENGINE: not supported period-1 in amp :: getCurrentPTS base= 0 (0)
02-05 10:49:01.538   484  7808 I VOD-LGE-ENGINE: not supported period-2 in amp :: getCurrentPTS base= 0 (0 / 0 msec)
02-05 10:49:01.556   284   284 D LIVE-LGE-IptvService: readUserPreference
02-05 10:49:01.557   284   284 D LIVE-LGE-Interface: LGU_readUserPreference() : /LGU_data/UP/MNBAR_NEW.1 file does not exist
02-05 10:49:01.557   284   284 D LIVE-LGE-Interface: LGU_readUserPreference(MNBAR_NEW, 1) SUCCESS
02-05 10:49:01.557   467   467 I v_gralloc: Register buffer=0xdc4dc200 from pid=461: size=312x718 format=1 usage=0x03000B00 info=14b:9:f0000-14c:6:f00
02-05 10:49:01.557   467   467 E hwc     : set_layer_buffer,1923: New layer buffer, need to be validated
02-05 10:49:01.587   461   461 I v_gralloc: Allocate buffer=0xf3c34400  for pid=461: size=312x718 format=1 usage=0x03000B00 info=14d:9:f0000-14e:6:f00 gid=0
02-05 10:49:01.588   467  1001 I v_gralloc: Register buffer=0xe8629a00 from pid=461: size=312x718 format=1 usage=0x03000B00 info=14d:9:f0000-14e:6:f00
02-05 10:49:01.590   846  1035 I v_gralloc: Register buffer=0xe9eea600 from pid=461: size=312x718 format=1 usage=0x03000B00 info=14d:9:f0000-14e:6:f00
02-05 10:49:01.593  3191  3191 I chatty  : uid=1000(system) com.lguplus.iptv4.base.curation expire 14 lines
02-05 10:49:01.596   284   284 D LIVE-LGE-IptvService: readUserPreference
02-05 10:49:01.596   284   284 D LIVE-LGE-Interface: LGU_readUserPreference() : /LGU_data/UP/PRLIMIT.1 file does not exist
02-05 10:49:01.596   284   284 D LIVE-LGE-Interface: LGU_readUserPreference(PRLIMIT, 1) SUCCESS
02-05 10:49:01.654   484  7808 I VOD-LGE-ENGINE: not supported period-1 in amp :: getCurrentPTS base= 0 (0)
02-05 10:49:01.654   484  7808 I VOD-LGE-ENGINE: not supported period-2 in amp :: getCurrentPTS base= 0 (0 / 0 msec)
02-05 10:49:01.667  7810  7810 D LGU-APP-LOG: [SoftRemoconManager] <init>()[8] >> 
02-05 10:49:01.715   679   679 I chatty  : uid=1000 system_server expire 2 lines
