01-25 07:29:58.107  1754  1773 I ActivityManager: Start proc com.lguplus.pushagentstb for service com.lguplus.pushagentstb/.service.PushAgentService: pid=823 uid=10057 gids={50057, 3003, 1015, 1028}
01-25 07:29:58.317  1754  1773 I ActivityManager: Start proc com.lguplus.iptv3.ltealive for broadcast com.lguplus.iptv3.ltealive/.push.LGUPlusPushAgentMsgReceiver: pid=862 uid=10041 gids={50041, 1015, 1028, 3003}
01-25 07:29:58.407  1754  1766 I ActivityManager: Start proc com.lguplus.iptv3.base.reservalarmmng for broadcast com.lguplus.iptv3.base.reservalarmmng/.receiver.LGUPlusPushAgentMsgReceiver: pid=887 uid=10074 gids={50074, 3003, 1028}
01-25 07:30:02.847  1754  1773 E NotificationService: Ignoring notification with icon==0: Notification(pri=0 contentView=null vibrate=null sound=null defaults=0x0 flags=0x62 kind=[null])
01-25 07:30:10.447  1754  1773 I ActivityManager: No longer want com.google.tv.player (pid 824): empty for 1807s
01-25 07:30:10.447  1754  1773 I ActivityManager: No longer want com.lge.iptv.onewaycontrol (pid 745): empty for 1827s
01-25 07:30:10.467  1754  3548 W ActivityManager: Scheduling restart of crashed service com.google.tv.player/com.google.tv.mediadevicesapp.MediaDevicesService in 5000ms
01-25 07:30:10.477  1754  2173 W ActivityManager: Scheduling restart of crashed service com.lge.iptv.onewaycontrol/.OneWayService in 14999ms
01-25 07:30:10.477  1754  2173 W ActivityManager: Scheduling restart of crashed service com.lge.iptv.onewaycontrol/.IpTunerService in 24998ms
01-25 07:30:15.477  1754  1773 I ActivityManager: Start proc com.google.tv.player for service com.google.tv.player/com.google.tv.mediadevicesapp.MediaDevicesService: pid=1160 uid=10086 gids={50086, 3003, 1028}
01-25 07:30:15.637  1754  2138 I ActivityManager: Start proc com.lge.iptv.onewaycontrol for service com.lge.iptv.onewaycontrol/.OneWayService: pid=1177 uid=10038 gids={50038, 3003, 1028}
01-25 07:30:41.847  1754  1502 I ActivityManager: No longer want com.google.android.gms.ui (pid 1174): empty for 1806s
01-25 07:31:02.927  1754  1773 E NotificationService: Ignoring notification with icon==0: Notification(pri=0 contentView=null vibrate=null sound=null defaults=0x0 flags=0x62 kind=[null])
01-25 07:31:35.017  1754  1880 D PerformBackupTask: starting agent for backup of BackupRequest{pkg=android}
01-25 07:31:35.017  1754  1880 D BackupManagerService: awaiting agent for ApplicationInfo{2bbb8208 android}
01-25 07:31:35.017  1754  1770 D BackupManagerService: agentConnected pkg=android agent=android.app.backup.BackupAgent$BackupServiceBinder@2c69c958
01-25 07:31:35.037  1754  1880 I ActivityManager: Start proc com.google.android.gsf.login for service com.google.android.gsf.login/com.google.android.gsf.loginservice.GoogleLoginService: pid=1458 uid=10028 gids={50028, 3003, 1007, 1028, 1015, 1006, 3002, 3001, 2001, 3006}
01-25 07:31:35.697  1754  1880 I PerformBackupTask: Backup pass finished.
01-25 07:32:03.027  1754  1773 E NotificationService: Ignoring notification with icon==0: Notification(pri=0 contentView=null vibrate=null sound=null defaults=0x0 flags=0x62 kind=[null])
01-25 07:32:11.847  1754  1502 I ActivityManager: No longer want com.lguplus.iptv3.base.notification:remote (pid 1593): empty for 1800s
01-25 07:32:11.857  1754  1491 W ActivityManager: Scheduling restart of crashed service com.lguplus.iptv3.base.notification/.service.NotificationService in 5000ms
01-25 07:32:16.877  1754  1773 I ActivityManager: Start proc com.lguplus.iptv3.base.notification:remote for service com.lguplus.iptv3.base.notification/.service.NotificationService: pid=1606 uid=10072 gids={50072, 3003, 1028}
01-25 07:32:16.897  1754  2138 I ActivityManager: No longer want com.lguplus.iptv3.base.bootinit (pid 1642): empty for 1804s
01-25 07:32:16.897  1754  2138 I ActivityManager: No longer want com.lguplus.iptv3.base.agent.rating:remote (pid 1621): empty for 1804s
01-25 07:32:16.897  1754  2138 I ActivityManager: No longer want com.lguplus.iptv3.base.agent.notice:remote (pid 1609): empty for 1805s
01-25 07:32:16.937  1754  2099 W ActivityManager: Scheduling restart of crashed service com.lguplus.iptv3.base.bootinit/.BootInitService in 5000ms
01-25 07:32:16.937  1754  2173 W ActivityManager: Scheduling restart of crashed service com.lguplus.iptv3.base.agent.notice/.app.NoticeAgent in 5000ms
01-25 07:32:16.947  1754  2102 I ActivityManager: Start proc com.lguplus.iptv3.base.agent.notice:remote for service com.lguplus.iptv3.base.agent.notice/.app.NoticeAgent: pid=1641 uid=10049 gids={50049, 1015, 3003, 1028}
01-25 07:32:16.947  1754  2145 W ActivityManager: Scheduling restart of crashed service com.lguplus.iptv3.base.agent.rating/.app.VbmAgent in 5000ms
01-25 07:32:16.967  1754  3548 I ActivityManager: Start proc com.lguplus.iptv3.base.agent.rating:remote for service com.lguplus.iptv3.base.agent.rating/.app.VbmAgent: pid=1653 uid=10059 gids={50059, 1015, 3003, 1028}
01-25 07:32:17.117  1754  2194 I ActivityManager: Start proc com.lguplus.iptv3.base.bootinit for service com.lguplus.iptv3.base.bootinit/.BootInitService: pid=1675 uid=10065 gids={50065, 3003, 1015, 1028}
01-25 07:32:21.327  1754  1775 W BatteryStatsImpl: Couldn't get kernel wake lock stats
01-25 07:33:03.127  1754  1773 E NotificationService: Ignoring notification with icon==0: Notification(pri=0 contentView=null vibrate=null sound=null defaults=0x0 flags=0x62 kind=[null])
01-25 07:34:03.217  1754  1773 E NotificationService: Ignoring notification with icon==0: Notification(pri=0 contentView=null vibrate=null sound=null defaults=0x0 flags=0x62 kind=[null])
01-25 07:34:10.497  1754  1773 I ActivityManager: No longer want .remote (pid 2226): empty for 1806s
01-25 07:34:11.847  1754  2195 I ActivityManager: No longer want com.lguplus.iptv3.secondtvservice (pid 2267): empty for 1800s
01-25 07:34:11.857  1754  1766 W ActivityManager: Scheduling restart of crashed service com.lguplus.iptv3.secondtvservice/.SecondTvService in 5000ms
01-25 07:34:16.877  1754  1773 I ActivityManager: Start proc com.lguplus.iptv3.secondtvservice for service com.lguplus.iptv3.secondtvservice/.SecondTvService: pid=2304 uid=10062 gids={50062, 3003, 1015, 1028}
01-25 07:34:34.577  1754  1773 W ProcessStats: Skipping unknown process pid 2374
01-25 07:34:34.577  1754  1773 W ProcessStats: Skipping unknown process pid 2375
01-25 07:34:34.577  1754  1773 W ProcessStats: Skipping unknown process pid 2376
01-25 07:34:46.577  1754  2028 W ThrottleService: unable to find stats for iface rmnet0
01-25 07:35:03.297  1754  1773 E NotificationService: Ignoring notification with icon==0: Notification(pri=0 contentView=null vibrate=null sound=null defaults=0x0 flags=0x62 kind=[null])
01-25 07:35:29.567  1754  1773 I ActivityManager: No longer want com.android.settings (pid 2456): empty for 1804s
01-25 07:35:29.577  1754  3548 W ActivityManager: Scheduling restart of crashed service com.android.settings/.TvSettingsObserverService in 5000ms
01-25 07:35:34.587  1754  1773 I ActivityManager: Start proc com.android.settings for service com.android.settings/.TvSettingsObserverService: pid=2635 uid=1000 gids={41000, 3003, 1015, 1028, 3002, 3001, 3007}
01-25 07:35:59.567  1754  1773 I ActivityManager: No longer want com.lguplus.iptv3.updatecheck (pid 2699): empty for 1801s
01-25 07:35:59.577  1754  1766 W ActivityManager: Scheduling restart of crashed service com.lguplus.iptv3.updatecheck/.UpdateService in 5000ms
01-25 07:36:03.407  1754  1773 E NotificationService: Ignoring notification with icon==0: Notification(pri=0 contentView=null vibrate=null sound=null defaults=0x0 flags=0x62 kind=[null])
01-25 07:36:04.597  1754  1773 I ActivityManager: Start proc com.lguplus.iptv3.updatecheck for service com.lguplus.iptv3.updatecheck/.UpdateService: pid=2778 uid=10082 gids={50082, 3003, 1028}
01-25 07:36:41.847  1754  3548 I ActivityManager: No longer want com.google.cast.castreceiver (pid 2891): empty for 1800s
01-25 07:36:41.867  1754  2137 W ActivityManager: Scheduling restart of crashed service com.chrome.tv.stable/com.google.tv.dial.launcher.LaunchService in 5000ms
01-25 07:36:46.897  1754  1773 I ActivityManager: Start proc com.google.cast.castreceiver for service com.chrome.tv.stable/com.google.tv.dial.launcher.LaunchService: pid=2957 uid=10013 gids={50013, 1006, 3003, 1015, 1028}
01-25 07:37:03.507  1754  1773 E NotificationService: Ignoring notification with icon==0: Notification(pri=0 contentView=null vibrate=null sound=null defaults=0x0 flags=0x62 kind=[null])
01-25 07:38:03.627  1754  1773 E NotificationService: Ignoring notification with icon==0: Notification(pri=0 contentView=null vibrate=null sound=null defaults=0x0 flags=0x62 kind=[null])
01-25 07:39:03.707  1754  1773 E NotificationService: Ignoring notification with icon==0: Notification(pri=0 contentView=null vibrate=null sound=null defaults=0x0 flags=0x62 kind=[null])
01-25 07:40:03.797  1754  1773 E NotificationService: Ignoring notification with icon==0: Notification(pri=0 contentView=null vibrate=null sound=null defaults=0x0 flags=0x62 kind=[null])
01-25 07:41:03.877  1754  1773 E NotificationService: Ignoring notification with icon==0: Notification(pri=0 contentView=null vibrate=null sound=null defaults=0x0 flags=0x62 kind=[null])
01-25 07:42:03.977  1754  1773 E NotificationService: Ignoring notification with icon==0: Notification(pri=0 contentView=null vibrate=null sound=null defaults=0x0 flags=0x62 kind=[null])
01-25 07:43:04.047  1754  1773 E NotificationService: Ignoring notification with icon==0: Notification(pri=0 contentView=null vibrate=null sound=null defaults=0x0 flags=0x62 kind=[null])
01-25 07:43:50.307  1754  1821 I ActivityManager: Start proc com.android.vending for service com.android.vending/com.google.android.finsky.services.CheckWifiAndAutoUpdate: pid=638 uid=10056 gids={50056, 3003, 1015, 1028}
01-25 07:43:50.587  1754  1503 I ActivityManager: Start proc android.process.media for content provider com.android.providers.downloads/.DownloadProvider: pid=674 uid=10017 gids={50017, 1015, 1023, 1024, 1028, 2001, 3003, 3007}
01-25 07:44:04.127  1754  1773 E NotificationService: Ignoring notification with icon==0: Notification(pri=0 contentView=null vibrate=null sound=null defaults=0x0 flags=0x62 kind=[null])
01-25 07:44:46.577  1754  2028 W ThrottleService: unable to find stats for iface rmnet0
01-25 07:45:04.237  1754  1773 E NotificationService: Ignoring notification with icon==0: Notification(pri=0 contentView=null vibrate=null sound=null defaults=0x0 flags=0x62 kind=[null])
01-25 07:46:04.317  1754  1773 E NotificationService: Ignoring notification with icon==0: Notification(pri=0 contentView=null vibrate=null sound=null defaults=0x0 flags=0x62 kind=[null])
01-25 07:47:04.427  1754  1773 E NotificationService: Ignoring notification with icon==0: Notification(pri=0 contentView=null vibrate=null sound=null defaults=0x0 flags=0x62 kind=[null])
01-25 07:48:04.527  1754  1773 E NotificationService: Ignoring notification with icon==0: Notification(pri=0 contentView=null vibrate=null sound=null defaults=0x0 flags=0x62 kind=[null])
01-25 07:48:11.867  1754  2099 I ActivityManager: No longer want com.lguplus.iptv3.base.orangecast.shop:remote (pid 1867): empty for 1800s
01-25 07:48:11.877  1754  2137 W ActivityManager: Scheduling restart of crashed service com.lguplus.iptv3.base.orangecast.shop/.service.TriggerService in 5000ms
01-25 07:48:16.887  1754  1773 I ActivityManager: Start proc com.lguplus.iptv3.base.orangecast.shop:remote for service com.lguplus.iptv3.base.orangecast.shop/.service.TriggerService: pid=1925 uid=10051 gids={50051, 3003, 1015, 1028}
01-25 07:49:04.617  1754  1773 E NotificationService: Ignoring notification with icon==0: Notification(pri=0 contentView=null vibrate=null sound=null defaults=0x0 flags=0x62 kind=[null])
01-25 07:50:04.697  1754  1773 E NotificationService: Ignoring notification with icon==0: Notification(pri=0 contentView=null vibrate=null sound=null defaults=0x0 flags=0x62 kind=[null])
01-25 07:51:04.787  1754  1773 E NotificationService: Ignoring notification with icon==0: Notification(pri=0 contentView=null vibrate=null sound=null defaults=0x0 flags=0x62 kind=[null])
01-25 07:52:04.877  1754  1773 E NotificationService: Ignoring notification with icon==0: Notification(pri=0 contentView=null vibrate=null sound=null defaults=0x0 flags=0x62 kind=[null])
01-25 07:53:04.977  1754  1773 E NotificationService: Ignoring notification with icon==0: Notification(pri=0 contentView=null vibrate=null sound=null defaults=0x0 flags=0x62 kind=[null])
01-25 07:54:05.047  1754  1773 E NotificationService: Ignoring notification with icon==0: Notification(pri=0 contentView=null vibrate=null sound=null defaults=0x0 flags=0x62 kind=[null])
01-25 07:54:46.577  1754  2028 W ThrottleService: unable to find stats for iface rmnet0
01-25 07:55:05.147  1754  1773 E NotificationService: Ignoring notification with icon==0: Notification(pri=0 contentView=null vibrate=null sound=null defaults=0x0 flags=0x62 kind=[null])
01-25 07:56:05.227  1754  1773 E NotificationService: Ignoring notification with icon==0: Notification(pri=0 contentView=null vibrate=null sound=null defaults=0x0 flags=0x62 kind=[null])
01-25 07:57:05.337  1754  1773 E NotificationService: Ignoring notification with icon==0: Notification(pri=0 contentView=null vibrate=null sound=null defaults=0x0 flags=0x62 kind=[null])
01-25 07:57:16.957  1754  2137 I ActivityManager: No longer want com.lguplus.iptv3.base.setting (pid 3973): empty for 1805s
01-25 07:57:46.957  1754  2145 I ActivityManager: Start proc com.lguplus.iptv3.base.setting for content provider com.lguplus.iptv3.base.setting/.provider.SettingProvider: pid=308 uid=10076 gids={50076, 1015, 3003, 1028}
01-25 07:57:46.977  1754  2173 I ActivityManager: No longer want com.lguplus.iptv3.base.fwupdater:remote (pid 327): empty for 1800s
01-25 07:57:46.987  1754  1765 W ActivityManager: Scheduling restart of crashed service com.lguplus.iptv3.base.fwupdater/.BackgroundActionService in 5000ms
01-25 07:57:52.007  1754  1773 I ActivityManager: Start proc com.lguplus.iptv3.base.fwupdater:remote for service com.lguplus.iptv3.base.fwupdater/.BackgroundActionService: pid=351 uid=10068 gids={50068, 1015, 3003, 1028}
01-25 07:58:05.437  1754  1773 E NotificationService: Ignoring notification with icon==0: Notification(pri=0 contentView=null vibrate=null sound=null defaults=0x0 flags=0x62 kind=[null])
01-25 07:58:29.927  1754  1848 D ConnectivityService: handleInetConditionHoldEnd: net=9, condition=100, published condition=100
01-25 07:59:05.537  1754  1773 E NotificationService: Ignoring notification with icon==0: Notification(pri=0 contentView=null vibrate=null sound=null defaults=0x0 flags=0x62 kind=[null])
01-25 08:00:05.627  1754  1773 E NotificationService: Ignoring notification with icon==0: Notification(pri=0 contentView=null vibrate=null sound=null defaults=0x0 flags=0x62 kind=[null])
01-25 08:00:16.947  1754  1503 I ActivityManager: No longer want com.google.tv.player (pid 1160): empty for 1801s
01-25 08:00:16.947  1754  1503 I ActivityManager: No longer want com.lguplus.iptv3.base.reservalarmmng (pid 887): empty for 1805s
01-25 08:00:16.947  1754  1503 I ActivityManager: No longer want com.lge.iptv.onewaycontrol (pid 1177): empty for 1801s
01-25 08:00:16.947  1754  1503 I ActivityManager: No longer want com.lguplus.pushagentstb (pid 823): empty for 1805s
01-25 08:00:16.947  1754  1503 I ActivityManager: No longer want com.lguplus.iptv3.ltealive (pid 862): empty for 1805s
01-25 08:00:16.987  1754  1765 W ActivityManager: Scheduling restart of crashed service com.lguplus.pushagentstb/.service.PushAgentService in 5000ms
01-25 08:00:16.987  1754  2102 W ActivityManager: Scheduling restart of crashed service com.lge.iptv.onewaycontrol/.OneWayService in 14995ms
01-25 08:00:16.987  1754  2102 W ActivityManager: Scheduling restart of crashed service com.lge.iptv.onewaycontrol/.IpTunerService in 24995ms
01-25 08:00:16.997  1754  2194 W ActivityManager: Scheduling restart of crashed service com.google.tv.player/com.google.tv.mediadevicesapp.MediaDevicesService in 34994ms
01-25 08:00:16.997  1754  1765 W ActivityManager: Scheduling restart of crashed service com.lguplus.iptv3.base.reservalarmmng/.ServiceAlarmManage in 44993ms
01-25 08:00:21.997  1754  1773 I ActivityManager: Start proc com.lguplus.pushagentstb for service com.lguplus.pushagentstb/.service.PushAgentService: pid=1116 uid=10057 gids={50057, 3003, 1015, 1028}
01-25 08:00:22.247  1754  1773 I ActivityManager: Start proc com.lguplus.iptv3.ltealive for broadcast com.lguplus.iptv3.ltealive/.push.LGUPlusPushAgentMsgReceiver: pid=1154 uid=10041 gids={50041, 1015, 1028, 3003}
01-25 08:00:22.327  1754  2099 I ActivityManager: Start proc com.lguplus.iptv3.base.reservalarmmng for broadcast com.lguplus.iptv3.base.reservalarmmng/.receiver.LGUPlusPushAgentMsgReceiver: pid=1178 uid=10074 gids={50074, 3003, 1028}
01-25 08:00:24.447  1754  1502 I ActivityManager: Start proc com.lge.iptv.onewaycontrol for service com.lge.iptv.onewaycontrol/.IpTunerService: pid=1214 uid=10038 gids={50038, 3003, 1028}
01-25 08:00:51.997  1754  1773 I ActivityManager: Start proc com.google.tv.player for service com.google.tv.player/com.google.tv.mediadevicesapp.MediaDevicesService: pid=1321 uid=10086 gids={50086, 3003, 1028}
01-25 08:01:05.727  1754  1773 E NotificationService: Ignoring notification with icon==0: Notification(pri=0 contentView=null vibrate=null sound=null defaults=0x0 flags=0x62 kind=[null])
01-25 08:02:05.807  1754  1773 E NotificationService: Ignoring notification with icon==0: Notification(pri=0 contentView=null vibrate=null sound=null defaults=0x0 flags=0x62 kind=[null])
01-25 08:02:16.947  1754  2099 I ActivityManager: No longer want com.lguplus.iptv3.base.notification:remote (pid 1606): empty for 1800s
01-25 08:02:16.967  1754  2138 W ActivityManager: Scheduling restart of crashed service com.lguplus.iptv3.base.notification/.service.NotificationService in 5000ms
01-25 08:02:21.337  1754  1775 W BatteryStatsImpl: Couldn't get kernel wake lock stats
01-25 08:02:21.977  1754  1773 I ActivityManager: Start proc com.lguplus.iptv3.base.notification:remote for service com.lguplus.iptv3.base.notification/.service.NotificationService: pid=1638 uid=10072 gids={50072, 3003, 1028}
01-25 08:02:21.997  1754  1503 I ActivityManager: No longer want com.lguplus.iptv3.base.agent.rating:remote (pid 1653): empty for 1804s
01-25 08:02:21.997  1754  1503 I ActivityManager: No longer want com.lguplus.iptv3.base.agent.notice:remote (pid 1641): empty for 1805s
01-25 08:02:22.017  1754  1754 W ActivityManager: Scheduling restart of crashed service com.lguplus.iptv3.base.agent.notice/.app.NoticeAgent in 5000ms
01-25 08:02:22.027  1754  2138 W ActivityManager: Scheduling restart of crashed service com.lguplus.iptv3.base.agent.rating/.app.VbmAgent in 14988ms
01-25 08:02:22.057  1754  1491 I ActivityManager: Start proc com.lguplus.iptv3.base.agent.notice:remote for service com.lguplus.iptv3.base.agent.notice/.app.NoticeAgent: pid=1673 uid=10049 gids={50049, 1015, 3003, 1028}
01-25 08:02:22.077  1754  2099 I ActivityManager: Start proc com.lguplus.iptv3.base.agent.rating:remote for service com.lguplus.iptv3.base.agent.rating/.app.VbmAgent: pid=1691 uid=10059 gids={50059, 1015, 3003, 1028}
01-25 08:03:05.897  1754  1773 E NotificationService: Ignoring notification with icon==0: Notification(pri=0 contentView=null vibrate=null sound=null defaults=0x0 flags=0x62 kind=[null])
01-25 08:04:04.107  1754  1773 I ActivityManager: Start proc .remote for broadcast com.lguplus.iptv4.base.curationservice/.reciver.RestartReceiver: pid=2246 uid=10002 gids={50002, 3003, 1015, 1028}
01-25 08:04:06.007  1754  1773 E NotificationService: Ignoring notification with icon==0: Notification(pri=0 contentView=null vibrate=null sound=null defaults=0x0 flags=0x62 kind=[null])
01-25 08:04:16.947  1754  1491 I ActivityManager: No longer want com.lguplus.iptv3.secondtvservice (pid 2304): empty for 1800s
01-25 08:04:16.957  1754  2173 W ActivityManager: Scheduling restart of crashed service com.lguplus.iptv3.secondtvservice/.SecondTvService in 5000ms
01-25 08:04:21.977  1754  1773 I ActivityManager: Start proc com.lguplus.iptv3.secondtvservice for service com.lguplus.iptv3.secondtvservice/.SecondTvService: pid=2321 uid=10062 gids={50062, 3003, 1015, 1028}
01-25 08:04:46.587  1754  2028 W ThrottleService: unable to find stats for iface rmnet0
01-25 08:05:06.097  1754  1773 E NotificationService: Ignoring notification with icon==0: Notification(pri=0 contentView=null vibrate=null sound=null defaults=0x0 flags=0x62 kind=[null])
01-25 08:06:06.187  1754  1773 E NotificationService: Ignoring notification with icon==0: Notification(pri=0 contentView=null vibrate=null sound=null defaults=0x0 flags=0x62 kind=[null])
01-25 08:06:10.837  1754  1773 I ActivityManager: No longer want com.lguplus.iptv3.updatecheck (pid 2778): empty for 1806s
01-25 08:06:10.857  1754  2137 W ActivityManager: Scheduling restart of crashed service com.lguplus.iptv3.updatecheck/.UpdateService in 5000ms
01-25 08:06:15.867  1754  1773 I ActivityManager: Start proc com.lguplus.iptv3.updatecheck for service com.lguplus.iptv3.updatecheck/.UpdateService: pid=2796 uid=10082 gids={50082, 3003, 1028}
01-25 08:06:46.947  1754  1491 I ActivityManager: No longer want com.google.cast.castreceiver (pid 2957): empty for 1800s
01-25 08:06:46.967  1754  1765 W ActivityManager: Scheduling restart of crashed service com.chrome.tv.stable/com.google.tv.dial.launcher.LaunchService in 5000ms
01-25 08:06:51.987  1754  1773 I ActivityManager: Start proc com.google.cast.castreceiver for service com.chrome.tv.stable/com.google.tv.dial.launcher.LaunchService: pid=2930 uid=10013 gids={50013, 1006, 3003, 1015, 1028}
01-25 08:07:06.267  1754  1773 E NotificationService: Ignoring notification with icon==0: Notification(pri=0 contentView=null vibrate=null sound=null defaults=0x0 flags=0x62 kind=[null])
01-25 08:08:06.347  1754  1773 E NotificationService: Ignoring notification with icon==0: Notification(pri=0 contentView=null vibrate=null sound=null defaults=0x0 flags=0x62 kind=[null])
01-25 08:09:06.447  1754  1773 E NotificationService: Ignoring notification with icon==0: Notification(pri=0 contentView=null vibrate=null sound=null defaults=0x0 flags=0x62 kind=[null])
01-25 08:10:06.527  1754  1773 E NotificationService: Ignoring notification with icon==0: Notification(pri=0 contentView=null vibrate=null sound=null defaults=0x0 flags=0x62 kind=[null])
01-25 08:11:06.617  1754  1773 E NotificationService: Ignoring notification with icon==0: Notification(pri=0 contentView=null vibrate=null sound=null defaults=0x0 flags=0x62 kind=[null])
01-25 08:12:06.727  1754  1773 E NotificationService: Ignoring notification with icon==0: Notification(pri=0 contentView=null vibrate=null sound=null defaults=0x0 flags=0x62 kind=[null])
01-25 08:13:06.807  1754  1773 E NotificationService: Ignoring notification with icon==0: Notification(pri=0 contentView=null vibrate=null sound=null defaults=0x0 flags=0x62 kind=[null])
01-25 08:13:54.067  1754  1773 I ActivityManager: No longer want com.android.vending (pid 638): empty for 1803s
01-25 08:13:54.067  1754  1773 I ActivityManager: No longer want android.process.media (pid 674): empty for 1803s
01-25 08:14:06.917  1754  1773 E NotificationService: Ignoring notification with icon==0: Notification(pri=0 contentView=null vibrate=null sound=null defaults=0x0 flags=0x62 kind=[null])
01-25 08:14:46.587  1754  2028 W ThrottleService: unable to find stats for iface rmnet0
01-25 08:15:07.007  1754  1773 E NotificationService: Ignoring notification with icon==0: Notification(pri=0 contentView=null vibrate=null sound=null defaults=0x0 flags=0x62 kind=[null])
01-25 08:16:07.097  1754  1773 E NotificationService: Ignoring notification with icon==0: Notification(pri=0 contentView=null vibrate=null sound=null defaults=0x0 flags=0x62 kind=[null])
01-25 08:17:07.187  1754  1773 E NotificationService: Ignoring notification with icon==0: Notification(pri=0 contentView=null vibrate=null sound=null defaults=0x0 flags=0x62 kind=[null])
01-25 08:18:07.277  1754  1773 E NotificationService: Ignoring notification with icon==0: Notification(pri=0 contentView=null vibrate=null sound=null defaults=0x0 flags=0x62 kind=[null])
01-25 08:18:16.957  1754  2144 I ActivityManager: No longer want com.lguplus.iptv3.base.orangecast.shop:remote (pid 1925): empty for 1800s
01-25 08:18:16.987  1754  1766 W ActivityManager: Scheduling restart of crashed service com.lguplus.iptv3.base.orangecast.shop/.service.TriggerService in 5000ms
01-25 08:18:22.017  1754  1773 I ActivityManager: Start proc com.lguplus.iptv3.base.orangecast.shop:remote for service com.lguplus.iptv3.base.orangecast.shop/.service.TriggerService: pid=1799 uid=10051 gids={50051, 3003, 1015, 1028}
--------- beginning of /dev/log/main
01-25 08:18:47.677  2093  2115 D dalvikvm: GC_CONCURRENT freed 419K, 21% free 2609K/3284K, paused 2ms+1ms, total 20ms
01-25 08:18:50.287   926   926 D LIVE-LGE-XCHECKER: startCrossCheck:139, stream err: 0, pcr err: 0, max_check_count: 40
01-25 08:18:52.067   904   904 D SETTINGS-LGE-IptvStorageManager: readUserPreference(LASTCHANNEL) called 
01-25 08:18:52.067   904   904 D SETTINGS-LGE-IptvStorageManager: readUserPreference() : /LGU_data/UP/LASTCHANNEL.1 file does not exist
01-25 08:18:52.067   904   904 D SETTINGS-LGE-IptvStorageManager: readUserPreference(LASTCHANNEL, 1) SUCCESS
01-25 08:18:52.067   308   322 I LIVE-LGE-JNI: readUP[LASTCHANNEL] 0th PrefValue : 677
01-25 08:18:52.067  1754  2145 I ActivityManager: No longer want com.google.android.gsf.login (pid 1458): empty for 1801s
01-25 08:18:53.437  2093  2115 D dalvikvm: GC_CONCURRENT freed 443K, 21% free 2615K/3288K, paused 1ms+3ms, total 21ms
01-25 08:18:54.187   904  1026 D SETTINGS-LGE-IptvStorageManager: readUserPreference(IPTV_ENABLED) called 
01-25 08:18:54.187   904  1026 D SETTINGS-LGE-IptvStorageManager: readUserPreference() : /LGU_data/UP/IPTV_ENABLED.1 file does not exist
01-25 08:18:54.187   904  1026 D SETTINGS-LGE-IptvStorageManager: readUserPreference(IPTV_ENABLED, 1) SUCCESS
01-25 08:18:54.187  3224  3224 I LIVE-LGE-JNI: readUP[IPTV_ENABLED] 0th PrefValue : true
01-25 08:18:55.297   926   926 D LIVE-LGE-XCHECKER: startCrossCheck:139, stream err: 0, pcr err: 0, max_check_count: 40
01-25 08:18:55.447   361  3698 I AnypointAD - t.a.a.c.m.ServerMessageProcessorFactory: [101] received message from server: CueMessage
01-25 08:18:55.447   361  3698 I AnypointAD - t.a.a.c.m.s.p.c.CueMessageProcessor: [42] got cueMessage. type: 0, cueId: 0, time: Thu Jan 25 08:19:00 GMT+09:00 2018, ppId: 379, time: 1516835940929, duration: 120000, owner: 1
01-25 08:18:55.457   361  3698 I AnypointAD - t.a.a.c.s.CueManager: [174] currentDeviceChannel is not exist.
01-25 08:18:55.457   361  3698 I AnypointAD - t.a.a.c.s.CueManager: [68] receive cue but this device is not available.
01-25 08:18:56.297  2093  2115 D dalvikvm: GC_CONCURRENT freed 440K, 21% free 2621K/3292K, paused 2ms+2ms, total 21ms
01-25 08:18:59.567  4068  4068 D U+Box HomeShare: HomeShareReceiver [Receive Intent] Action : com.lguplus.iptv3.homesharestb.SERVICE.RESTART
01-25 08:18:59.567  4068  4068 D U+Box HomeShare: HomeShareReceiver Receive : INTENT_HOMESHARE_SERVICE_RESTART ( Service Started : true )
01-25 08:19:00.297   926   926 D LIVE-LGE-XCHECKER: startCrossCheck:139, stream err: 0, pcr err: 0, max_check_count: 40
01-25 08:19:00.317  1890  1895 D dalvikvm: GC_CONCURRENT freed 977K, 74% free 5628K/21524K, paused 3ms+10ms, total 41ms
01-25 08:19:02.677  2093  2115 D dalvikvm: GC_CONCURRENT freed 409K, 21% free 2602K/3292K, paused 2ms+2ms, total 20ms
01-25 08:19:05.297   926   926 D LIVE-LGE-XCHECKER: startCrossCheck:139, stream err: 0, pcr err: 0, max_check_count: 40
01-25 08:19:07.327   361   361 I AnypointAD - t.a.a.c.s.MonitorScheduler: [56] start monitoring..
01-25 08:19:07.327   361  3650 I AnypointAD - t.a.a.c.s.PushMsgClient: [179] connection: TCPNIOConnection{localSocketAddress={/192.168.219.104:43956}, peerSocketAddress={/52.79.82.81:31102}}, isConnected: true, lastReceivedTime: 1516835935453
01-25 08:19:07.337   361   361 I AnypointAD - t.a.a.c.s.MonitorScheduler: [84] register boot ad call alarm.
01-25 08:19:07.337   361  3650 I AnypointAD - t.a.a.c.s.PushMsgClient: [154] Sending device event: Heartbeat
01-25 08:19:07.347   361  3700 I AnypointAD - t.a.a.c.m.ServerMessageProcessorFactory: [101] received message from server: HeartbeatMessage
01-25 08:19:07.347   361   361 I AnypointAD - t.a.a.c.s.MonitorScheduler: [89] monitoring finished..
01-25 08:19:07.357  1754  1773 E NotificationService: Ignoring notification with icon==0: Notification(pri=0 contentView=null vibrate=null sound=null defaults=0x0 flags=0x62 kind=[null])
01-25 08:19:07.367   361   361 I AnypointAD - t.a.a.c.a.StartService: [15] StartService start...4136, class tv.anypoint.android.core.app.StartService
01-25 08:19:07.387   361   365 D dalvikvm: GC_CONCURRENT freed 388K, 18% free 3708K/4472K, paused 2ms+2ms, total 28ms
01-25 08:19:08.037  1691  1697 D dalvikvm: GC_CONCURRENT freed 386K, 20% free 2505K/3124K, paused 1ms+1ms, total 15ms
01-25 08:19:08.557  2093  2115 D dalvikvm: GC_CONCURRENT freed 399K, 21% free 2608K/3284K, paused 2ms+2ms, total 21ms
01-25 08:19:10.297   926   926 D LIVE-LGE-XCHECKER: startCrossCheck:139, stream err: 0, pcr err: 0, max_check_count: 40
01-25 08:19:10.977  2155  2155 I VOD-PINEONE-LAUNCHER: [CategoryAlarmReceiver] onReceive()[19] >> [onReceive] Category Alarm Receive!!
01-25 08:19:10.977  2155  2005 I VOD-PINEONE-LAUNCHER: [CategoryMenuManager] getMenuDataVersion()[103] >> [getMenuDataVersion] file path: /LGU_data/ma/version.cfg
01-25 08:19:10.987  2155  2005 I VOD-PINEONE-LAUNCHER: [CategoryMenuManager$1] run()[66] >> [getMenuDataVersion] currentVersion: VERSION=0xc1
01-25 08:19:10.987  2155  2005 I VOD-PINEONE-LAUNCHER: , fileVersion: VERSION=0xc1
01-25 08:19:10.987  2155  2005 I VOD-PINEONE-LAUNCHER: 
01-25 08:19:11.077  1754  1827 I TvWindowManager: AUTO_STANDBY : AutoStandbyCheckTask started - curTime = 249411042 / lastKeyInTime = 249351042
01-25 08:19:11.077  1754  1827 I TvWindowManager: AUTO_STANDBY : resetLastKeyInTimeInNotActivePowerModeState() - Last key in time = 249411043
01-25 08:19:11.417  2093  2115 D dalvikvm: GC_CONCURRENT freed 434K, 21% free 2623K/3288K, paused 1ms+3ms, total 20ms
01-25 08:19:15.297   926   926 D LIVE-LGE-XCHECKER: startCrossCheck:139, stream err: 0, pcr err: 0, max_check_count: 40
01-25 08:19:17.257  2155  2155 D ETC-PINEONE-LAUNCHER: [SystemButton] setNotificationCount()[103] >> notification count 4
01-25 08:19:20.297   926   926 D LIVE-LGE-XCHECKER: startCrossCheck:139, stream err: 0, pcr err: 0, max_check_count: 40
01-25 08:19:22.067   904  1027 D SETTINGS-LGE-IptvStorageManager: readUserPreference(LASTCHANNEL) called 
01-25 08:19:22.067   904  1027 D SETTINGS-LGE-IptvStorageManager: readUserPreference() : /LGU_data/UP/LASTCHANNEL.1 file does not exist
01-25 08:19:22.067   904  1027 D SETTINGS-LGE-IptvStorageManager: readUserPreference(LASTCHANNEL, 1) SUCCESS
01-25 08:19:22.067   308  1769 I LIVE-LGE-JNI: readUP[LASTCHANNEL] 0th PrefValue : 677
01-25 08:19:22.137  2093  2115 D dalvikvm: GC_CONCURRENT freed 415K, 21% free 2598K/3288K, paused 2ms+1ms, total 19ms
01-25 08:19:23.537  2093  2115 D dalvikvm: GC_CONCURRENT freed 405K, 21% free 2615K/3288K, paused 2ms+2ms, total 20ms
01-25 08:19:24.197   904   920 D SETTINGS-LGE-IptvStorageManager: readUserPreference(IPTV_ENABLED) called 
01-25 08:19:24.197   904   920 D SETTINGS-LGE-IptvStorageManager: readUserPreference() : /LGU_data/UP/IPTV_ENABLED.1 file does not exist
01-25 08:19:24.197   904   920 D SETTINGS-LGE-IptvStorageManager: readUserPreference(IPTV_ENABLED, 1) SUCCESS
01-25 08:19:24.197  3224  3224 I LIVE-LGE-JNI: readUP[IPTV_ENABLED] 0th PrefValue : true
01-25 08:19:25.297   926   926 D LIVE-LGE-XCHECKER: startCrossCheck:139, stream err: 0, pcr err: 0, max_check_count: 40
01-25 08:19:25.937  2093  2115 D dalvikvm: GC_CONCURRENT freed 401K, 21% free 2601K/3288K, paused 2ms+2ms, total 18ms
01-25 08:19:26.807  2066  2071 D dalvikvm: GC_CONCURRENT freed 384K, 58% free 3532K/8228K, paused 2ms+2ms, total 21ms
01-25 08:19:29.567  4068  4068 D U+Box HomeShare: HomeShareReceiver [Receive Intent] Action : com.lguplus.iptv3.homesharestb.SERVICE.RESTART
01-25 08:19:29.567  4068  4068 D U+Box HomeShare: HomeShareReceiver Receive : INTENT_HOMESHARE_SERVICE_RESTART ( Service Started : true )
01-25 08:19:30.297   926   926 D LIVE-LGE-XCHECKER: startCrossCheck:139, stream err: 0, pcr err: 0, max_check_count: 40
01-25 08:19:32.277  2093  2115 D dalvikvm: GC_CONCURRENT freed 390K, 21% free 2606K/3284K, paused 2ms+2ms, total 20ms
01-25 08:19:35.297   926   926 D LIVE-LGE-XCHECKER: startCrossCheck:139, stream err: 0, pcr err: 0, max_check_count: 40
01-25 08:19:37.007  1691  1697 D dalvikvm: GC_CONCURRENT freed 386K, 20% free 2505K/3124K, paused 1ms+1ms, total 15ms
01-25 08:19:37.747  2093  2115 D dalvikvm: GC_CONCURRENT freed 407K, 21% free 2604K/3284K, paused 2ms+2ms, total 19ms
01-25 08:19:38.667  4068  4068 D U+Box HomeShare: DlnaServiceManager [DEVLIST:PERF:DLNA] DlnaServiceManager.onDeviceDescriptionAdded :  COneCPDeviceDescr [LOCAL:DMR, ID=uuid:b9258d4a-bf14-f0fb-b471-fb25a2db231f, Name=U+TV, Icon=http://192.168.219.104:38400/icon/icon120x120.png, Manuf.=LG U+(http://www.lguplus.co.kr), ModelDesc.=U+ Shoot&Play, Model=U+ Shoot&Play(1.0, http://www.lguplus.co.kr), Pt. URL=, Addr.=192.168.219.104, Port=1900, SN=, UPC=, UPnP Type=urn:schemas-upnp-org:device:MediaRenderer:1, URLBase=, Import=0, Export=0, ContinuousPlay=0, Nickname=null, AudioSyncExcess=0, VideoSyncExcess=0, ImageSyncExcess=0, DocumentSyncExcess=0]
01-25 08:19:38.667  4068  4068 D U+Box HomeShare: DeviceListManager onDeviceAdd : U+TV U+ Shoot&Play
01-25 08:19:38.667  4068  4068 D U+Box HomeShare: DeviceListManager [DEVLIST:PERF] ===> LGW=null, HGW=, DEV GW=null, DeviceDES= COneCPDeviceDescr [LOCAL:DMR, ID=uuid:b9258d4a-bf14-f0fb-b471-fb25a2db231f, Name=U+TV, Icon=http://192.168.219.104:38400/icon/icon120x120.png, Manuf.=LG U+(http://www.lguplus.co.kr), ModelDesc.=U+ Shoot&Play, Model=U+ Shoot&Play(1.0, http://www.lguplus.co.kr), Pt. URL=, Addr.=192.168.219.104, Port=1900, SN=, UPC=, UPnP Type=urn:schemas-upnp-org:device:MediaRenderer:1, URLBase=, Import=0, Export=0, ContinuousPlay=0, Nickname=null, AudioSyncExcess=0, VideoSyncExcess=0, ImageSyncExcess=0, DocumentSyncExcess=0]
01-25 08:19:38.707  4068  4068 D dalvikvm: GC_FOR_ALLOC freed 386K, 18% free 3826K/4612K, paused 24ms, total 24ms
01-25 08:19:38.717  4068  4068 D U+Box HomeShare: ConnectionManager AIPAddress fe80::21c:62ff:fe86:ca57%eth0
01-25 08:19:38.717  4068  4068 D U+Box HomeShare: ConnectionManager AIPAddress 192.168.219.104
01-25 08:19:38.717  4068  4068 D U+Box HomeShare: DeviceListManager [DEVLIST:PERF] DevListMgr.onDeviceAdd: GWID: null, DeviceDescr:  COneCPDeviceDescr [DLNA:DMR, ID=uuid:b9258d4a-bf14-f0fb-b471-fb25a2db231f, Name=U+TV, Icon=http://192.168.219.104:38400/icon/icon120x120.png, Manuf.=LG U+(http://www.lguplus.co.kr), ModelDesc.=U+ Shoot&Play, Model=U+ Shoot&Play(1.0, http://www.lguplus.co.kr), Pt. URL=, Addr.=192.168.219.104, Port=1900, SN=, UPC=, UPnP Type=urn:schemas-upnp-org:device:MediaRenderer:1, URLBase=, Import=0, Export=0, ContinuousPlay=0, Nickname=null, AudioSyncExcess=0, VideoSyncExcess=0, ImageSyncExcess=0, DocumentSyncExcess=0]
01-25 08:19:38.717  4068  4068 D U+Box HomeShare: DeviceListManager [isExistDevice] Ret : false Index : -1
01-25 08:19:38.747  4068  4068 D dalvikvm: GC_FOR_ALLOC freed 347K, 17% free 3850K/4612K, paused 24ms, total 24ms
01-25 08:19:38.747  4068  4068 D U+Box HomeShare: null Test RandCtn : STBG00:1C:62:86:CA:57
01-25 08:19:38.747  4068  4068 D U+Box HomeShare: null Test RandCtn : STBG00:1C:62:86:CA:57
01-25 08:19:39.167  4068  4068 D U+Box HomeShare: DlnaServiceManager [DEVLIST:PERF:DLNA] DlnaServiceManager.onDeviceDescriptionAdded :  COneCPDeviceDescr [LOCAL:DMR, ID=uuid:b9258d4a-bf14-f0fb-b471-fb25a2db231f, Name=U+TV, Icon=http://192.168.219.104:38400/icon/icon120x120.png, Manuf.=LG U+(http://www.lguplus.co.kr), ModelDesc.=U+ Shoot&Play, Model=U+ Shoot&Play(1.0, http://www.lguplus.co.kr), Pt. URL=, Addr.=192.168.219.104, Port=1900, SN=, UPC=, UPnP Type=urn:schemas-upnp-org:device:MediaRenderer:1, URLBase=, Import=0, Export=0, ContinuousPlay=0, Nickname=null, AudioSyncExcess=0, VideoSyncExcess=0, ImageSyncExcess=0, DocumentSyncExcess=0]
01-25 08:19:39.167  4068  4068 D U+Box HomeShare: DeviceListManager onDeviceAdd : U+TV U+ Shoot&Play
01-25 08:19:39.167  4068  4068 D U+Box HomeShare: DeviceListManager [DEVLIST:PERF] ===> LGW=null, HGW=, DEV GW=null, DeviceDES= COneCPDeviceDescr [LOCAL:DMR, ID=uuid:b9258d4a-bf14-f0fb-b471-fb25a2db231f, Name=U+TV, Icon=http://192.168.219.104:38400/icon/icon120x120.png, Manuf.=LG U+(http://www.lguplus.co.kr), ModelDesc.=U+ Shoot&Play, Model=U+ Shoot&Play(1.0, http://www.lguplus.co.kr), Pt. URL=, Addr.=192.168.219.104, Port=1900, SN=, UPC=, UPnP Type=urn:schemas-upnp-org:device:MediaRenderer:1, URLBase=, Import=0, Export=0, ContinuousPlay=0, Nickname=null, AudioSyncExcess=0, VideoSyncExcess=0, ImageSyncExcess=0, DocumentSyncExcess=0]
01-25 08:19:39.217  4068  4072 D dalvikvm: GC_CONCURRENT freed 495K, 17% free 3866K/4612K, paused 2ms+2ms, total 27ms
01-25 08:19:39.217  4068  4068 D dalvikvm: WAIT_FOR_CONCURRENT_GC blocked 9ms
01-25 08:19:39.217  4068  4068 D U+Box HomeShare: ConnectionManager AIPAddress fe80::21c:62ff:fe86:ca57%eth0
01-25 08:19:39.217  4068  4068 D U+Box HomeShare: ConnectionManager AIPAddress 192.168.219.104
01-25 08:19:39.217  4068  4068 D U+Box HomeShare: DeviceListManager [DEVLIST:PERF] DevListMgr.onDeviceAdd: GWID: null, DeviceDescr:  COneCPDeviceDescr [DLNA:DMR, ID=uuid:b9258d4a-bf14-f0fb-b471-fb25a2db231f, Name=U+TV, Icon=http://192.168.219.104:38400/icon/icon120x120.png, Manuf.=LG U+(http://www.lguplus.co.kr), ModelDesc.=U+ Shoot&Play, Model=U+ Shoot&Play(1.0, http://www.lguplus.co.kr), Pt. URL=, Addr.=192.168.219.104, Port=1900, SN=, UPC=, UPnP Type=urn:schemas-upnp-org:device:MediaRenderer:1, URLBase=, Import=0, Export=0, ContinuousPlay=0, Nickname=null, AudioSyncExcess=0, VideoSyncExcess=0, ImageSyncExcess=0, DocumentSyncExcess=0]
01-25 08:19:39.217  4068  4068 D U+Box HomeShare: DeviceListManager [isExistDevice] Ret : false Index : -1
01-25 08:19:39.217  4068  4068 D U+Box HomeShare: null Test RandCtn : STBG00:1C:62:86:CA:57
01-25 08:19:39.217  4068  4068 D U+Box HomeShare: null Test RandCtn : STBG00:1C:62:86:CA:57
01-25 08:19:39.247  2093  2115 D dalvikvm: GC_CONCURRENT freed 393K, 21% free 2603K/3284K, paused 2ms+2ms, total 19ms
01-25 08:19:40.307   926   926 D LIVE-LGE-XCHECKER: startCrossCheck:139, stream err: 0, pcr err: 0, max_check_count: 40
01-25 08:19:45.307   926   926 D LIVE-LGE-XCHECKER: startCrossCheck:139, stream err: 0, pcr err: 0, max_check_count: 40
01-25 08:19:47.187  2093  2115 D dalvikvm: GC_CONCURRENT freed 402K, 21% free 2610K/3284K, paused 1ms+2ms, total 19ms
01-25 08:19:47.287  2155  2155 D ETC-PINEONE-LAUNCHER: [SystemButton] setNotificationCount()[103] >> notification count 4
01-25 08:19:50.307   926   926 D LIVE-LGE-XCHECKER: startCrossCheck:139, stream err: 0, pcr err: 0, max_check_count: 40
01-25 08:19:52.067   904   904 D SETTINGS-LGE-IptvStorageManager: readUserPreference(LASTCHANNEL) called 
01-25 08:19:52.067   904   904 D SETTINGS-LGE-IptvStorageManager: readUserPreference() : /LGU_data/UP/LASTCHANNEL.1 file does not exist
01-25 08:19:52.067   904   904 D SETTINGS-LGE-IptvStorageManager: readUserPreference(LASTCHANNEL, 1) SUCCESS
01-25 08:19:52.067   308   321 I LIVE-LGE-JNI: readUP[LASTCHANNEL] 0th PrefValue : 677
01-25 08:19:52.397  2093  2115 D dalvikvm: GC_CONCURRENT freed 407K, 21% free 2608K/3284K, paused 2ms+2ms, total 19ms
01-25 08:19:54.067  2093  2115 D dalvikvm: GC_CONCURRENT freed 424K, 21% free 2608K/3284K, paused 2ms+2ms, total 20ms
01-25 08:19:54.207   904  1026 D SETTINGS-LGE-IptvStorageManager: readUserPreference(IPTV_ENABLED) called 
01-25 08:19:54.207   904  1026 D SETTINGS-LGE-IptvStorageManager: readUserPreference() : /LGU_data/UP/IPTV_ENABLED.1 file does not exist
01-25 08:19:54.207   904  1026 D SETTINGS-LGE-IptvStorageManager: readUserPreference(IPTV_ENABLED, 1) SUCCESS
01-25 08:19:54.207  3224  3224 I LIVE-LGE-JNI: readUP[IPTV_ENABLED] 0th PrefValue : true
01-25 08:19:55.307   926   926 D LIVE-LGE-XCHECKER: startCrossCheck:139, stream err: 0, pcr err: 0, max_check_count: 40
01-25 08:19:59.567  4068  4068 D U+Box HomeShare: HomeShareReceiver [Receive Intent] Action : com.lguplus.iptv3.homesharestb.SERVICE.RESTART
01-25 08:19:59.567  4068  4068 D U+Box HomeShare: HomeShareReceiver Receive : INTENT_HOMESHARE_SERVICE_RESTART ( Service Started : true )
01-25 08:19:59.677  2093  2115 D dalvikvm: GC_CONCURRENT freed 437K, 21% free 2608K/3284K, paused 1ms+2ms, total 19ms
01-25 08:20:00.307   926   926 D LIVE-LGE-XCHECKER: startCrossCheck:139, stream err: 0, pcr err: 0, max_check_count: 40
01-25 08:20:01.747  2930  2943 D dalvikvm: GC_CONCURRENT freed 387K, 19% free 2695K/3316K, paused 1ms+2ms, total 18ms
01-25 08:20:05.307   926   926 D LIVE-LGE-XCHECKER: startCrossCheck:139, stream err: 0, pcr err: 0, max_check_count: 40
01-25 08:20:05.847  1691  1697 D dalvikvm: GC_CONCURRENT freed 387K, 20% free 2505K/3120K, paused 2ms+1ms, total 15ms
01-25 08:20:05.927   361  3699 I AnypointAD - t.a.a.c.m.ServerMessageProcessorFactory: [101] received message from server: CueMessage
01-25 08:20:05.927   361  3699 I AnypointAD - t.a.a.c.m.s.p.c.CueMessageProcessor: [42] got cueMessage. type: 0, cueId: 0, time: Thu Jan 25 08:20:12 GMT+09:00 2018, ppId: 430, time: 1516836012005, duration: 120000, owner: 1
01-25 08:20:05.927   361  3699 I AnypointAD - t.a.a.c.s.CueManager: [174] currentDeviceChannel is not exist.
01-25 08:20:05.937   361  3699 I AnypointAD - t.a.a.c.s.CueManager: [68] receive cue but this device is not available.
01-25 08:20:07.417  2093  2115 D dalvikvm: GC_CONCURRENT freed 405K, 21% free 2602K/3284K, paused 2ms+2ms, total 20ms
01-25 08:20:07.417   361   361 I AnypointAD - t.a.a.c.s.MonitorScheduler: [56] start monitoring..
01-25 08:20:07.417   361  3884 I AnypointAD - t.a.a.c.s.PushMsgClient: [179] connection: TCPNIOConnection{localSocketAddress={/192.168.219.104:43956}, peerSocketAddress={/52.79.82.81:31102}}, isConnected: true, lastReceivedTime: 1516836005932
01-25 08:20:07.427   361  3884 I AnypointAD - t.a.a.c.s.PushMsgClient: [154] Sending device event: Heartbeat
01-25 08:20:07.427   361   361 I AnypointAD - t.a.a.c.s.MonitorScheduler: [84] register boot ad call alarm.
01-25 08:20:07.437   361   361 I AnypointAD - t.a.a.c.s.MonitorScheduler: [89] monitoring finished..
01-25 08:20:07.437  1754  1773 E NotificationService: Ignoring notification with icon==0: Notification(pri=0 contentView=null vibrate=null sound=null defaults=0x0 flags=0x62 kind=[null])
01-25 08:20:07.447   361   361 I AnypointAD - t.a.a.c.a.StartService: [15] StartService start...4137, class tv.anypoint.android.core.app.StartService
01-25 08:20:07.677   361  3697 I AnypointAD - t.a.a.c.m.ServerMessageProcessorFactory: [101] received message from server: HeartbeatMessage
01-25 08:20:07.707   361   365 D dalvikvm: GC_CONCURRENT freed 404K, 18% free 3698K/4472K, paused 2ms+2ms, total 27ms
01-25 08:20:08.427   361  3879 E AnypointAD - t.a.a.c.u.TimeUtils: [70] failed to connect ntp server...52.78.226.76, msg: {}java.net.SocketTimeoutException: null
01-25 08:20:08.427   361  3879 E AnypointAD - t.a.a.c.u.TimeUtils: 	at libcore.io.IoBridge.maybeThrowAfterRecvfrom(IoBridge.java:558) ~[na:0.0]
01-25 08:20:08.427   361  3879 E AnypointAD - t.a.a.c.u.TimeUtils: 	at libcore.io.IoBridge.recvfrom(IoBridge.java:516) ~[na:0.0]
01-25 08:20:08.427   361  3879 E AnypointAD - t.a.a.c.u.TimeUtils: 	at java.net.PlainDatagramSocketImpl.doRecv(PlainDatagramSocketImpl.java:161) ~[na:0.0]
01-25 08:20:08.427   361  3879 E AnypointAD - t.a.a.c.u.TimeUtils: 	at java.net.PlainDatagramSocketImpl.receive(PlainDatagramSocketImpl.java:169) ~[na:0.0]
01-25 08:20:08.427   361  3879 E AnypointAD - t.a.a.c.u.TimeUtils: 	at java.net.DatagramSocket.receive(DatagramSocket.java:253) ~[na:0.0]
01-25 08:20:08.427   361  3879 E AnypointAD - t.a.a.c.u.TimeUtils: 	at org.apache.commons.net.ntp.NTPUDPClient.getTime(NTPUDPClient.java:91) ~[na:0.0]
01-25 08:20:08.427   361  3879 E AnypointAD - t.a.a.c.u.TimeUtils: 	at org.apache.commons.net.ntp.NTPUDPClient.getTime(NTPUDPClient.java:113) ~[na:0.0]
01-25 08:20:08.427   361  3879 E AnypointAD - t.a.a.c.u.TimeUtils: 	at tv.anypoint.android.core.util.TimeUtils.resetCurrentTime(TimeUtils.java:58) ~[na:0.0]
01-25 08:20:08.427   361  3879 E AnypointAD - t.a.a.c.u.TimeUtils: 	at tv.anypoint.android.core.service.MonitorScheduler$1.doInBackground(MonitorScheduler.java:72) ~[na:0.0]
01-25 08:20:08.427   361  3879 E AnypointAD - t.a.a.c.u.TimeUtils: 	at tv.anypoint.android.core.service.MonitorScheduler$1.doInBackground(MonitorScheduler.java:69) ~[na:0.0]
01-25 08:20:08.427   361  3879 E AnypointAD - t.a.a.c.u.TimeUtils: 	at android.os.AsyncTask$2.call(AsyncTask.java:287) ~[na:0.0]
01-25 08:20:08.427   361  3879 E AnypointAD - t.a.a.c.u.TimeUtils: 	at java.util.concurrent.FutureTask.run(FutureTask.java:234) ~[na:0.0]
01-25 08:20:08.427   361  3879 E AnypointAD - t.a.a.c.u.TimeUtils: 	at android.os.AsyncTask$SerialExecutor$1.run(AsyncTask.java:230) ~[na:0.0]
01-25 08:20:08.427   361  3879 E AnypointAD - t.a.a.c.u.TimeUtils: 	at java.util.concurrent.ThreadPoolExecutor.runWorker(ThreadPoolExecutor.java:1080) ~[na:0.0]
01-25 08:20:08.427   361  3879 E AnypointAD - t.a.a.c.u.TimeUtils: 	at java.util.concurrent.ThreadPoolExecutor$Worker.run(ThreadPoolExecutor.java:573) ~[na:0.0]
01-25 08:20:08.427   361  3879 E AnypointAD - t.a.a.c.u.TimeUtils: 	at java.lang.Thread.run(Thread.java:856) ~[na:0.0]
01-25 08:20:08.427   361  3879 E AnypointAD - t.a.a.c.u.TimeUtils: Caused by: libcore.io.ErrnoException: recvfrom failed: EAGAIN (Try again)
01-25 08:20:08.427   361  3879 E AnypointAD - t.a.a.c.u.TimeUtils: 	at libcore.io.Posix.recvfromBytes(Native Method) ~[na:0.0]
01-25 08:20:08.427   361  3879 E AnypointAD - t.a.a.c.u.TimeUtils: 	at libcore.io.Posix.recvfrom(Posix.java:136) ~[na:0.0]
01-25 08:20:08.427   361  3879 E AnypointAD - t.a.a.c.u.TimeUtils: 	at libcore.io.BlockGuardOs.recvfrom(BlockGuardOs.java:164) ~[na:0.0]
01-25 08:20:08.427   361  3879 E AnypointAD - t.a.a.c.u.TimeUtils: 	at libcore.io.IoBridge.recvfrom(IoBridge.java:513) ~[na:0.0]
01-25 08:20:08.427   361  3879 E AnypointAD - t.a.a.c.u.TimeUtils: 	... 14 common frames omitted
01-25 08:20:09.177  2093  2115 D dalvikvm: GC_CONCURRENT freed 389K, 21% free 2602K/3284K, paused 2ms+2ms, total 19ms
01-25 08:20:10.307   926   926 D LIVE-LGE-XCHECKER: startCrossCheck:139, stream err: 0, pcr err: 0, max_check_count: 40
01-25 08:20:10.987  2155  2155 I VOD-PINEONE-LAUNCHER: [CategoryAlarmReceiver] onReceive()[19] >> [onReceive] Category Alarm Receive!!
01-25 08:20:10.987  2155  2340 I VOD-PINEONE-LAUNCHER: [CategoryMenuManager] getMenuDataVersion()[103] >> [getMenuDataVersion] file path: /LGU_data/ma/version.cfg
01-25 08:20:10.987  2155  2340 I VOD-PINEONE-LAUNCHER: [CategoryMenuManager$1] run()[66] >> [getMenuDataVersion] currentVersion: VERSION=0xc1
01-25 08:20:10.987  2155  2340 I VOD-PINEONE-LAUNCHER: , fileVersion: VERSION=0xc1
01-25 08:20:10.987  2155  2340 I VOD-PINEONE-LAUNCHER: 
01-25 08:20:11.077  1754  1827 I TvWindowManager: AUTO_STANDBY : AutoStandbyCheckTask started - curTime = 249471042 / lastKeyInTime = 249411043
01-25 08:20:11.077  1754  1827 I TvWindowManager: AUTO_STANDBY : resetLastKeyInTimeInNotActivePowerModeState() - Last key in time = 249471042
01-25 08:20:15.307   926   926 D LIVE-LGE-XCHECKER: startCrossCheck:139, stream err: 0, pcr err: 0, max_check_count: 40
01-25 08:20:17.127  2093  2115 D dalvikvm: GC_CONCURRENT freed 387K, 21% free 2602K/3284K, paused 2ms+2ms, total 19ms
01-25 08:20:17.287  2155  2155 D ETC-PINEONE-LAUNCHER: [SystemButton] setNotificationCount()[103] >> notification count 4
01-25 08:20:20.307   926   926 D LIVE-LGE-XCHECKER: startCrossCheck:139, stream err: 0, pcr err: 0, max_check_count: 40
01-25 08:20:22.067   904  1027 D SETTINGS-LGE-IptvStorageManager: readUserPreference(LASTCHANNEL) called 
01-25 08:20:22.067   904  1027 D SETTINGS-LGE-IptvStorageManager: readUserPreference() : /LGU_data/UP/LASTCHANNEL.1 file does not exist
01-25 08:20:22.067   904  1027 D SETTINGS-LGE-IptvStorageManager: readUserPreference(LASTCHANNEL, 1) SUCCESS
01-25 08:20:22.067   308  3289 I LIVE-LGE-JNI: readUP[LASTCHANNEL] 0th PrefValue : 677
01-25 08:20:22.487  2093  2115 D dalvikvm: GC_CONCURRENT freed 391K, 21% free 2602K/3284K, paused 2ms+2ms, total 19ms
01-25 08:20:24.097  2093  2115 D dalvikvm: GC_CONCURRENT freed 397K, 21% free 2603K/3284K, paused 2ms+2ms, total 20ms
01-25 08:20:24.217   904   920 D SETTINGS-LGE-IptvStorageManager: readUserPreference(IPTV_ENABLED) called 
01-25 08:20:24.217   904   920 D SETTINGS-LGE-IptvStorageManager: readUserPreference() : /LGU_data/UP/IPTV_ENABLED.1 file does not exist
01-25 08:20:24.217   904   920 D SETTINGS-LGE-IptvStorageManager: readUserPreference(IPTV_ENABLED, 1) SUCCESS
01-25 08:20:24.217  3224  3224 I LIVE-LGE-JNI: readUP[IPTV_ENABLED] 0th PrefValue : true
01-25 08:20:25.317   926   926 D LIVE-LGE-XCHECKER: startCrossCheck:139, stream err: 0, pcr err: 0, max_check_count: 40
