--------- beginning of /dev/log/system
01-25 09:58:16.357  1754  1773 E NotificationService: Ignoring notification with icon==0: Notification(pri=0 contentView=null vibrate=null sound=null defaults=0x0 flags=0x62 kind=[null])
01-25 09:58:37.407  1754  1503 I ActivityManager: No longer want com.lguplus.iptv3.base.setting (pid 459): empty for 1805s
01-25 09:59:07.407  1754  2138 I ActivityManager: Start proc com.lguplus.iptv3.base.setting for content provider com.lguplus.iptv3.base.setting/.provider.SettingProvider: pid=475 uid=10076 gids={50076, 1015, 3003, 1028}
01-25 09:59:16.467  1754  1773 E NotificationService: Ignoring notification with icon==0: Notification(pri=0 contentView=null vibrate=null sound=null defaults=0x0 flags=0x62 kind=[null])
01-25 10:00:16.547  1754  1773 E NotificationService: Ignoring notification with icon==0: Notification(pri=0 contentView=null vibrate=null sound=null defaults=0x0 flags=0x62 kind=[null])
01-25 10:01:16.637  1754  1773 E NotificationService: Ignoring notification with icon==0: Notification(pri=0 contentView=null vibrate=null sound=null defaults=0x0 flags=0x62 kind=[null])
01-25 10:02:07.397  1754  2137 I ActivityManager: No longer want com.lguplus.iptv3.base.reservalarmmng (pid 1424): empty for 1802s
01-25 10:02:07.397  1754  2137 I ActivityManager: No longer want com.lguplus.pushagentstb (pid 1385): empty for 1802s
01-25 10:02:07.427  1754  2144 W ActivityManager: Scheduling restart of crashed service com.lguplus.iptv3.base.reservalarmmng/.ServiceAlarmManage in 5000ms
01-25 10:02:07.427  1754  3548 W ActivityManager: Scheduling restart of crashed service com.lguplus.pushagentstb/.service.PushAgentService in 14998ms
01-25 10:02:12.447  1754  1773 I ActivityManager: Start proc com.lguplus.iptv3.base.reservalarmmng for service com.lguplus.iptv3.base.reservalarmmng/.ServiceAlarmManage: pid=1308 uid=10074 gids={50074, 3003, 1028}
01-25 10:02:16.727  1754  1773 E NotificationService: Ignoring notification with icon==0: Notification(pri=0 contentView=null vibrate=null sound=null defaults=0x0 flags=0x62 kind=[null])
01-25 10:02:21.367  1754  1775 W BatteryStatsImpl: Couldn't get kernel wake lock stats
01-25 10:02:22.437  1754  1773 I ActivityManager: Start proc com.lguplus.pushagentstb for service com.lguplus.pushagentstb/.service.PushAgentService: pid=1353 uid=10057 gids={50057, 3003, 1015, 1028}
01-25 10:02:53.647  1754  1773 I ActivityManager: No longer want com.google.tv.player (pid 1587): empty for 1812s
01-25 10:02:53.647  1754  1773 I ActivityManager: No longer want com.lguplus.iptv3.base.agent.rating:remote (pid 1661): empty for 1802s
01-25 10:02:53.647  1754  1773 I ActivityManager: No longer want com.lguplus.iptv3.base.agent.notice:remote (pid 1648): empty for 1802s
01-25 10:02:53.657  1754  1773 I ActivityManager: No longer want com.lguplus.iptv3.base.notification:remote (pid 1635): empty for 1802s
01-25 10:02:53.727  1754  3548 W ActivityManager: Exception when unbinding service com.lguplus.iptv3.base.agent.notice/.app.NoticeAgent
01-25 10:02:53.727  1754  3548 W ActivityManager: android.os.DeadObjectException
01-25 10:02:53.727  1754  3548 W ActivityManager: 	at android.os.BinderProxy.transact(Native Method)
01-25 10:02:53.727  1754  3548 W ActivityManager: 	at android.app.ApplicationThreadProxy.scheduleUnbindService(ApplicationThreadNative.java:829)
01-25 10:02:53.727  1754  3548 W ActivityManager: 	at com.android.server.am.ActiveServices.removeConnectionLocked(ActiveServices.java:1353)
01-25 10:02:53.727  1754  3548 W ActivityManager: 	at com.android.server.am.ActiveServices.killServicesLocked(ActiveServices.java:1627)
01-25 10:02:53.727  1754  3548 W ActivityManager: 	at com.android.server.am.ActivityManagerService.cleanUpApplicationRecordLocked(ActivityManagerService.java:10762)
01-25 10:02:53.727  1754  3548 W ActivityManager: 	at com.android.server.am.ActivityManagerService.handleAppDiedLocked(ActivityManagerService.java:2925)
01-25 10:02:53.727  1754  3548 W ActivityManager: 	at com.android.server.am.ActivityManagerService.appDiedLocked(ActivityManagerService.java:3015)
01-25 10:02:53.727  1754  3548 W ActivityManager: 	at com.android.server.am.ActivityManagerService$AppDeathRecipient.binderDied(ActivityManagerService.java:872)
01-25 10:02:53.727  1754  3548 W ActivityManager: 	at android.os.BinderProxy.sendDeathNotice(Binder.java:433)
01-25 10:02:53.727  1754  3548 W ActivityManager: 	at dalvik.system.NativeStart.run(Native Method)
01-25 10:02:53.727  1754  3548 W ActivityManager: Scheduling restart of crashed service com.lguplus.iptv3.base.notification/.service.NotificationService in 5000ms
01-25 10:02:53.727  1754  1765 W ActivityManager: Scheduling restart of crashed service com.lguplus.iptv3.base.agent.notice/.app.NoticeAgent in 15000ms
01-25 10:02:53.727  1754  2173 W ActivityManager: Scheduling restart of crashed service com.lguplus.iptv3.base.agent.rating/.app.VbmAgent in 24999ms
01-25 10:02:53.727  1754  1503 W ActivityManager: Scheduling restart of crashed service com.google.tv.player/com.google.tv.mediadevicesapp.MediaDevicesService in 34998ms
01-25 10:02:53.927  1054  1526 W SocketClient: write error (Broken pipe)
01-25 10:02:58.747  1754  1773 I ActivityManager: Start proc com.lguplus.iptv3.base.notification:remote for service com.lguplus.iptv3.base.notification/.service.NotificationService: pid=1540 uid=10072 gids={50072, 3003, 1028}
01-25 10:02:58.817  1754  2144 I ActivityManager: Start proc com.lguplus.iptv3.base.agent.notice:remote for service com.lguplus.iptv3.base.agent.notice/.app.NoticeAgent: pid=1556 uid=10049 gids={50049, 1015, 3003, 1028}
01-25 10:02:58.837  1754  2140 I ActivityManager: Start proc com.lguplus.iptv3.base.agent.rating:remote for service com.lguplus.iptv3.base.agent.rating/.app.VbmAgent: pid=1568 uid=10059 gids={50059, 1015, 3003, 1028}
01-25 10:03:16.807  1754  1773 E NotificationService: Ignoring notification with icon==0: Notification(pri=0 contentView=null vibrate=null sound=null defaults=0x0 flags=0x62 kind=[null])
01-25 10:03:28.737  1754  1773 I ActivityManager: Start proc com.google.tv.player for service com.google.tv.player/com.google.tv.mediadevicesapp.MediaDevicesService: pid=1682 uid=10086 gids={50086, 3003, 1028}
01-25 10:04:04.107  1754  1773 I ActivityManager: Start proc .remote for broadcast com.lguplus.iptv4.base.curationservice/.reciver.RestartReceiver: pid=1906 uid=10002 gids={50002, 3003, 1015, 1028}
01-25 10:04:16.927  1754  1773 E NotificationService: Ignoring notification with icon==0: Notification(pri=0 contentView=null vibrate=null sound=null defaults=0x0 flags=0x62 kind=[null])
01-25 10:04:37.397  1754  1754 I ActivityManager: No longer want com.lguplus.iptv3.secondtvservice (pid 2227): empty for 1800s
01-25 10:04:37.417  1754  2173 W ActivityManager: Scheduling restart of crashed service com.lguplus.iptv3.secondtvservice/.SecondTvService in 5000ms
01-25 10:04:42.427  1754  1773 I ActivityManager: Start proc com.lguplus.iptv3.secondtvservice for service com.lguplus.iptv3.secondtvservice/.SecondTvService: pid=2079 uid=10062 gids={50062, 3003, 1015, 1028}
01-25 10:04:46.607  1754  2028 W ThrottleService: unable to find stats for iface rmnet0
01-25 10:05:17.027  1754  1773 E NotificationService: Ignoring notification with icon==0: Notification(pri=0 contentView=null vibrate=null sound=null defaults=0x0 flags=0x62 kind=[null])
01-25 10:06:17.117  1754  1773 E NotificationService: Ignoring notification with icon==0: Notification(pri=0 contentView=null vibrate=null sound=null defaults=0x0 flags=0x62 kind=[null])
01-25 10:06:37.397  1754  1766 I ActivityManager: No longer want com.lguplus.iptv3.updatecheck (pid 2706): empty for 1800s
01-25 10:06:37.417  1754  2102 W ActivityManager: Scheduling restart of crashed service com.lguplus.iptv3.updatecheck/.UpdateService in 5000ms
01-25 10:06:42.437  1754  1773 I ActivityManager: Start proc com.lguplus.iptv3.updatecheck for service com.lguplus.iptv3.updatecheck/.UpdateService: pid=2652 uid=10082 gids={50082, 3003, 1028}
01-25 10:07:17.207  1754  1773 E NotificationService: Ignoring notification with icon==0: Notification(pri=0 contentView=null vibrate=null sound=null defaults=0x0 flags=0x62 kind=[null])
01-25 10:08:17.297  1754  1773 E NotificationService: Ignoring notification with icon==0: Notification(pri=0 contentView=null vibrate=null sound=null defaults=0x0 flags=0x62 kind=[null])
01-25 10:09:17.377  1754  1773 E NotificationService: Ignoring notification with icon==0: Notification(pri=0 contentView=null vibrate=null sound=null defaults=0x0 flags=0x62 kind=[null])
01-25 10:10:17.477  1754  1773 E NotificationService: Ignoring notification with icon==0: Notification(pri=0 contentView=null vibrate=null sound=null defaults=0x0 flags=0x62 kind=[null])
01-25 10:11:17.557  1754  1773 E NotificationService: Ignoring notification with icon==0: Notification(pri=0 contentView=null vibrate=null sound=null defaults=0x0 flags=0x62 kind=[null])
01-25 10:12:17.647  1754  1773 E NotificationService: Ignoring notification with icon==0: Notification(pri=0 contentView=null vibrate=null sound=null defaults=0x0 flags=0x62 kind=[null])
01-25 10:13:17.717  1754  1773 E NotificationService: Ignoring notification with icon==0: Notification(pri=0 contentView=null vibrate=null sound=null defaults=0x0 flags=0x62 kind=[null])
01-25 10:13:56.827  1754  1773 I ActivityManager: No longer want com.android.vending (pid 486): empty for 1805s
01-25 10:13:56.827  1754  1773 I ActivityManager: No longer want android.process.media (pid 530): empty for 1805s
01-25 10:14:17.837  1754  1773 E NotificationService: Ignoring notification with icon==0: Notification(pri=0 contentView=null vibrate=null sound=null defaults=0x0 flags=0x62 kind=[null])
01-25 10:14:46.607  1754  2028 W ThrottleService: unable to find stats for iface rmnet0
01-25 10:15:17.927  1754  1773 E NotificationService: Ignoring notification with icon==0: Notification(pri=0 contentView=null vibrate=null sound=null defaults=0x0 flags=0x62 kind=[null])
01-25 10:16:18.027  1754  1773 E NotificationService: Ignoring notification with icon==0: Notification(pri=0 contentView=null vibrate=null sound=null defaults=0x0 flags=0x62 kind=[null])
01-25 10:17:18.107  1754  1773 E NotificationService: Ignoring notification with icon==0: Notification(pri=0 contentView=null vibrate=null sound=null defaults=0x0 flags=0x62 kind=[null])
01-25 10:18:18.187  1754  1773 E NotificationService: Ignoring notification with icon==0: Notification(pri=0 contentView=null vibrate=null sound=null defaults=0x0 flags=0x62 kind=[null])
01-25 10:18:37.417  1754  2138 I ActivityManager: No longer want com.lguplus.iptv3.base.orangecast.shop:remote (pid 1738): empty for 1800s
01-25 10:18:37.437  1754  1491 W ActivityManager: Scheduling restart of crashed service com.lguplus.iptv3.base.orangecast.shop/.service.TriggerService in 5000ms
01-25 10:18:42.447  1754  1773 I ActivityManager: Start proc com.lguplus.iptv3.base.orangecast.shop:remote for service com.lguplus.iptv3.base.orangecast.shop/.service.TriggerService: pid=1604 uid=10051 gids={50051, 3003, 1015, 1028}
01-25 10:18:56.937  1754  1773 I ActivityManager: No longer want com.google.android.gsf.login (pid 1830): empty for 1805s
01-25 10:19:18.277  1754  1773 E NotificationService: Ignoring notification with icon==0: Notification(pri=0 contentView=null vibrate=null sound=null defaults=0x0 flags=0x62 kind=[null])
01-25 10:20:18.357  1754  1773 E NotificationService: Ignoring notification with icon==0: Notification(pri=0 contentView=null vibrate=null sound=null defaults=0x0 flags=0x62 kind=[null])
01-25 10:21:18.467  1754  1773 E NotificationService: Ignoring notification with icon==0: Notification(pri=0 contentView=null vibrate=null sound=null defaults=0x0 flags=0x62 kind=[null])
01-25 10:22:18.557  1754  1773 E NotificationService: Ignoring notification with icon==0: Notification(pri=0 contentView=null vibrate=null sound=null defaults=0x0 flags=0x62 kind=[null])
01-25 10:23:18.627  1754  1773 E NotificationService: Ignoring notification with icon==0: Notification(pri=0 contentView=null vibrate=null sound=null defaults=0x0 flags=0x62 kind=[null])
01-25 10:23:30.377  1754  1848 D ConnectivityService: handleInetConditionHoldEnd: net=9, condition=100, published condition=100
01-25 10:24:18.707  1754  1773 E NotificationService: Ignoring notification with icon==0: Notification(pri=0 contentView=null vibrate=null sound=null defaults=0x0 flags=0x62 kind=[null])
01-25 10:24:46.607  1754  2028 W ThrottleService: unable to find stats for iface rmnet0
01-25 10:25:18.787  1754  1773 E NotificationService: Ignoring notification with icon==0: Notification(pri=0 contentView=null vibrate=null sound=null defaults=0x0 flags=0x62 kind=[null])
01-25 10:26:18.897  1754  1773 E NotificationService: Ignoring notification with icon==0: Notification(pri=0 contentView=null vibrate=null sound=null defaults=0x0 flags=0x62 kind=[null])
01-25 10:27:18.987  1754  1773 E NotificationService: Ignoring notification with icon==0: Notification(pri=0 contentView=null vibrate=null sound=null defaults=0x0 flags=0x62 kind=[null])
01-25 10:28:12.507  1754  2137 I ActivityManager: No longer want com.lguplus.iptv3.base.fwupdater:remote (pid 4049): empty for 1800s
01-25 10:28:12.517  1754  2102 W ActivityManager: Scheduling restart of crashed service com.lguplus.iptv3.base.fwupdater/.BackgroundActionService in 5000ms
01-25 10:28:17.527  1754  1773 I ActivityManager: Start proc com.lguplus.iptv3.base.fwupdater:remote for service com.lguplus.iptv3.base.fwupdater/.BackgroundActionService: pid=3861 uid=10068 gids={50068, 1015, 3003, 1028}
01-25 10:28:19.097  1754  1773 E NotificationService: Ignoring notification with icon==0: Notification(pri=0 contentView=null vibrate=null sound=null defaults=0x0 flags=0x62 kind=[null])
01-25 10:29:12.507  1754  2194 I ActivityManager: No longer want com.lguplus.iptv3.base.setting (pid 475): empty for 1805s
01-25 10:29:19.187  1754  1773 E NotificationService: Ignoring notification with icon==0: Notification(pri=0 contentView=null vibrate=null sound=null defaults=0x0 flags=0x62 kind=[null])
01-25 10:29:42.507  1754  1754 I ActivityManager: Start proc com.lguplus.iptv3.base.setting for content provider com.lguplus.iptv3.base.setting/.provider.SettingProvider: pid=396 uid=10076 gids={50076, 1015, 3003, 1028}
01-25 10:30:19.257  1754  1773 E NotificationService: Ignoring notification with icon==0: Notification(pri=0 contentView=null vibrate=null sound=null defaults=0x0 flags=0x62 kind=[null])
01-25 10:31:19.337  1754  1773 E NotificationService: Ignoring notification with icon==0: Notification(pri=0 contentView=null vibrate=null sound=null defaults=0x0 flags=0x62 kind=[null])
01-25 10:32:19.427  1754  1773 E NotificationService: Ignoring notification with icon==0: Notification(pri=0 contentView=null vibrate=null sound=null defaults=0x0 flags=0x62 kind=[null])
01-25 10:32:21.377  1754  1775 W BatteryStatsImpl: Couldn't get kernel wake lock stats
01-25 10:32:57.247  1754  1773 I ActivityManager: No longer want com.lguplus.iptv3.base.reservalarmmng (pid 1308): empty for 1803s
01-25 10:32:57.247  1754  1773 I ActivityManager: No longer want com.lguplus.pushagentstb (pid 1353): empty for 1803s
01-25 10:32:57.247  1754  1773 I ActivityManager: No longer want com.lguplus.iptv3.ltealive (pid 1399): empty for 1803s
01-25 10:32:57.277  1754  2145 W ActivityManager: Scheduling restart of crashed service com.lguplus.pushagentstb/.service.PushAgentService in 5000ms
01-25 10:32:57.277  1754  2137 W ActivityManager: Scheduling restart of crashed service com.lguplus.iptv3.base.reservalarmmng/.ServiceAlarmManage in 14998ms
01-25 10:32:59.567  1754  1773 I ActivityManager: No longer want com.lguplus.iptv3.base.agent.rating:remote (pid 1568): empty for 1800s
01-25 10:32:59.567  1754  1773 I ActivityManager: No longer want com.lguplus.iptv3.base.agent.notice:remote (pid 1556): empty for 1800s
01-25 10:32:59.567  1754  1773 I ActivityManager: No longer want com.lguplus.iptv3.base.notification:remote (pid 1540): empty for 1800s
01-25 10:32:59.567  1754  1773 I ActivityManager: No longer want com.lguplus.iptv3.base.bootinit (pid 1500): empty for 7232s
01-25 10:32:59.587  1754  1765 W ActivityManager: Scheduling restart of crashed service com.lguplus.iptv3.base.agent.notice/.app.NoticeAgent in 22691ms
01-25 10:32:59.597  1754  1491 W ActivityManager: Scheduling restart of crashed service com.lguplus.iptv3.base.notification/.service.NotificationService in 32686ms
01-25 10:32:59.597  1754  2145 W ActivityManager: Scheduling restart of crashed service com.lguplus.iptv3.base.bootinit/.BootInitService in 42677ms
01-25 10:32:59.607  1754  3548 W ActivityManager: Scheduling restart of crashed service com.lguplus.iptv3.base.agent.rating/.app.VbmAgent in 42667ms
01-25 10:33:02.287  1754  1773 I ActivityManager: Start proc com.lguplus.pushagentstb for service com.lguplus.pushagentstb/.service.PushAgentService: pid=1230 uid=10057 gids={50057, 3003, 1015, 1028}
01-25 10:33:02.497  1754  1773 I ActivityManager: Start proc com.lguplus.iptv3.ltealive for broadcast com.lguplus.iptv3.ltealive/.push.LGUPlusPushAgentMsgReceiver: pid=1245 uid=10041 gids={50041, 1015, 1028, 3003}
01-25 10:33:02.597  1754  1502 I ActivityManager: Start proc com.lguplus.iptv3.base.reservalarmmng for broadcast com.lguplus.iptv3.base.reservalarmmng/.receiver.LGUPlusPushAgentMsgReceiver: pid=1273 uid=10074 gids={50074, 3003, 1028}
01-25 10:33:19.517  1754  1773 E NotificationService: Ignoring notification with icon==0: Notification(pri=0 contentView=null vibrate=null sound=null defaults=0x0 flags=0x62 kind=[null])
01-25 10:33:22.287  1754  1773 I ActivityManager: Start proc com.lguplus.iptv3.base.agent.notice:remote for service com.lguplus.iptv3.base.agent.notice/.app.NoticeAgent: pid=1374 uid=10049 gids={50049, 1015, 3003, 1028}
01-25 10:33:22.387  1754  2145 I ActivityManager: Start proc com.lguplus.iptv3.base.bootinit for service com.lguplus.iptv3.base.bootinit/.BootInitService: pid=1391 uid=10065 gids={50065, 3003, 1015, 1028}
01-25 10:33:29.567  1754  1773 I ActivityManager: No longer want com.google.tv.player (pid 1682): empty for 1800s
01-25 10:33:29.567  1754  1773 I ActivityManager: No longer want com.lge.iptv.onewaycontrol (pid 1361): empty for 3688s
01-25 10:33:29.577  1754  2194 W ActivityManager: Scheduling restart of crashed service com.lge.iptv.onewaycontrol/.OneWayService in 22697ms
01-25 10:33:29.577  1754  2194 W ActivityManager: Scheduling restart of crashed service com.lge.iptv.onewaycontrol/.IpTunerService in 32697ms
01-25 10:33:29.587  1754  2194 W ActivityManager: Scheduling restart of crashed service com.google.tv.player/com.google.tv.mediadevicesapp.MediaDevicesService in 42695ms
01-25 10:33:32.287  1754  1773 I ActivityManager: Start proc com.lguplus.iptv3.base.notification:remote for service com.lguplus.iptv3.base.notification/.service.NotificationService: pid=1439 uid=10072 gids={50072, 3003, 1028}
01-25 10:33:32.347  1754  1502 I ActivityManager: Start proc com.lguplus.iptv3.base.agent.rating:remote for service com.lguplus.iptv3.base.agent.rating/.app.VbmAgent: pid=1452 uid=10059 gids={50059, 1015, 3003, 1028}
01-25 10:33:52.297  1754  1773 I ActivityManager: Start proc com.lge.iptv.onewaycontrol for service com.lge.iptv.onewaycontrol/.OneWayService: pid=1538 uid=10038 gids={50038, 3003, 1028}
01-25 10:34:12.307  1754  1773 I ActivityManager: Start proc com.google.tv.player for service com.google.tv.player/com.google.tv.mediadevicesapp.MediaDevicesService: pid=1632 uid=10086 gids={50086, 3003, 1028}
01-25 10:34:12.327  1754  2137 I ActivityManager: No longer want .remote (pid 1906): empty for 1808s
01-25 10:34:19.597  1754  1773 E NotificationService: Ignoring notification with icon==0: Notification(pri=0 contentView=null vibrate=null sound=null defaults=0x0 flags=0x62 kind=[null])
01-25 10:34:42.507  1754  2102 I ActivityManager: No longer want com.lguplus.iptv3.secondtvservice (pid 2079): empty for 1800s
01-25 10:34:42.517  1754  2137 W ActivityManager: Scheduling restart of crashed service com.lguplus.iptv3.secondtvservice/.SecondTvService in 5000ms
01-25 10:34:46.617  1754  2028 W ThrottleService: unable to find stats for iface rmnet0
01-25 10:34:47.527  1754  1773 I ActivityManager: Start proc com.lguplus.iptv3.secondtvservice for service com.lguplus.iptv3.secondtvservice/.SecondTvService: pid=1779 uid=10062 gids={50062, 3003, 1015, 1028}
01-25 10:35:19.677  1754  1773 E NotificationService: Ignoring notification with icon==0: Notification(pri=0 contentView=null vibrate=null sound=null defaults=0x0 flags=0x62 kind=[null])
01-25 10:35:27.307  1754  1773 I ActivityManager: No longer want com.android.settings (pid 2447): empty for 1802s
01-25 10:35:27.327  1754  2194 W ActivityManager: Scheduling restart of crashed service com.android.settings/.TvSettingsObserverService in 5000ms
01-25 10:35:32.337  1754  1773 I ActivityManager: Start proc com.android.settings for service com.android.settings/.TvSettingsObserverService: pid=1979 uid=1000 gids={41000, 3003, 1015, 1028, 3002, 3001, 3007}
01-25 10:36:19.777  1754  1773 E NotificationService: Ignoring notification with icon==0: Notification(pri=0 contentView=null vibrate=null sound=null defaults=0x0 flags=0x62 kind=[null])
01-25 10:36:42.507  1754  2140 I ActivityManager: No longer want com.lguplus.iptv3.updatecheck (pid 2652): empty for 1800s
01-25 10:36:42.517  1754  3548 W ActivityManager: Scheduling restart of crashed service com.lguplus.iptv3.updatecheck/.UpdateService in 5000ms
01-25 10:36:47.537  1754  1773 I ActivityManager: Start proc com.lguplus.iptv3.updatecheck for service com.lguplus.iptv3.updatecheck/.UpdateService: pid=2354 uid=10082 gids={50082, 3003, 1028}
01-25 10:37:19.857  1754  1773 E NotificationService: Ignoring notification with icon==0: Notification(pri=0 contentView=null vibrate=null sound=null defaults=0x0 flags=0x62 kind=[null])
01-25 10:38:19.947  1754  1773 E NotificationService: Ignoring notification with icon==0: Notification(pri=0 contentView=null vibrate=null sound=null defaults=0x0 flags=0x62 kind=[null])
01-25 10:39:20.047  1754  1773 E NotificationService: Ignoring notification with icon==0: Notification(pri=0 contentView=null vibrate=null sound=null defaults=0x0 flags=0x62 kind=[null])
01-25 10:40:20.137  1754  1773 E NotificationService: Ignoring notification with icon==0: Notification(pri=0 contentView=null vibrate=null sound=null defaults=0x0 flags=0x62 kind=[null])
01-25 10:41:20.217  1754  1773 E NotificationService: Ignoring notification with icon==0: Notification(pri=0 contentView=null vibrate=null sound=null defaults=0x0 flags=0x62 kind=[null])
01-25 10:42:20.307  1754  1773 E NotificationService: Ignoring notification with icon==0: Notification(pri=0 contentView=null vibrate=null sound=null defaults=0x0 flags=0x62 kind=[null])
01-25 10:43:20.387  1754  1773 E NotificationService: Ignoring notification with icon==0: Notification(pri=0 contentView=null vibrate=null sound=null defaults=0x0 flags=0x62 kind=[null])
01-25 10:43:38.467  1754  1880 D PerformBackupTask: starting agent for backup of BackupRequest{pkg=android}
01-25 10:43:38.467  1754  1880 D BackupManagerService: awaiting agent for ApplicationInfo{2bbb8208 android}
01-25 10:43:38.477  1754  1770 D BackupManagerService: agentConnected pkg=android agent=android.app.backup.BackupAgent$BackupServiceBinder@2bc59998
01-25 10:43:38.497  1754  1880 I ActivityManager: Start proc com.google.android.gsf.login for service com.google.android.gsf.login/com.google.android.gsf.loginservice.GoogleLoginService: pid=3846 uid=10028 gids={50028, 3003, 1007, 1028, 1015, 1006, 3002, 3001, 2001, 3006}
01-25 10:43:39.187  1754  1880 I PerformBackupTask: Backup pass finished.
01-25 10:43:51.427  1754  1821 I ActivityManager: Start proc com.android.vending for service com.android.vending/com.google.android.finsky.services.CheckWifiAndAutoUpdate: pid=3916 uid=10056 gids={50056, 3003, 1015, 1028}
01-25 10:43:51.697  1754  2099 I ActivityManager: Start proc android.process.media for content provider com.android.providers.downloads/.DownloadProvider: pid=3964 uid=10017 gids={50017, 1015, 1023, 1024, 1028, 2001, 3003, 3007}
01-25 10:44:20.467  1754  1773 E NotificationService: Ignoring notification with icon==0: Notification(pri=0 contentView=null vibrate=null sound=null defaults=0x0 flags=0x62 kind=[null])
01-25 10:44:46.617  1754  2028 W ThrottleService: unable to find stats for iface rmnet0
01-25 10:45:20.567  1754  1773 E NotificationService: Ignoring notification with icon==0: Notification(pri=0 contentView=null vibrate=null sound=null defaults=0x0 flags=0x62 kind=[null])
01-25 10:46:20.647  1754  1773 E NotificationService: Ignoring notification with icon==0: Notification(pri=0 contentView=null vibrate=null sound=null defaults=0x0 flags=0x62 kind=[null])
01-25 10:47:20.747  1754  1773 E NotificationService: Ignoring notification with icon==0: Notification(pri=0 contentView=null vibrate=null sound=null defaults=0x0 flags=0x62 kind=[null])
01-25 10:48:20.827  1754  1773 E NotificationService: Ignoring notification with icon==0: Notification(pri=0 contentView=null vibrate=null sound=null defaults=0x0 flags=0x62 kind=[null])
01-25 10:48:42.517  1754  2194 I ActivityManager: No longer want com.lguplus.iptv3.base.orangecast.shop:remote (pid 1604): empty for 1800s
01-25 10:48:42.537  1754  1766 W ActivityManager: Scheduling restart of crashed service com.lguplus.iptv3.base.orangecast.shop/.service.TriggerService in 5000ms
01-25 10:48:47.547  1754  1773 I ActivityManager: Start proc com.lguplus.iptv3.base.orangecast.shop:remote for service com.lguplus.iptv3.base.orangecast.shop/.service.TriggerService: pid=1407 uid=10051 gids={50051, 3003, 1015, 1028}
01-25 10:49:20.937  1754  1773 E NotificationService: Ignoring notification with icon==0: Notification(pri=0 contentView=null vibrate=null sound=null defaults=0x0 flags=0x62 kind=[null])
01-25 10:50:21.017  1754  1773 E NotificationService: Ignoring notification with icon==0: Notification(pri=0 contentView=null vibrate=null sound=null defaults=0x0 flags=0x62 kind=[null])
01-25 10:51:21.117  1754  1773 E NotificationService: Ignoring notification with icon==0: Notification(pri=0 contentView=null vibrate=null sound=null defaults=0x0 flags=0x62 kind=[null])
01-25 10:52:21.207  1754  1773 E NotificationService: Ignoring notification with icon==0: Notification(pri=0 contentView=null vibrate=null sound=null defaults=0x0 flags=0x62 kind=[null])
01-25 10:52:30.477  1754  1848 D ConnectivityService: handleInetConditionHoldEnd: net=9, condition=100, published condition=100
01-25 10:53:21.307  1754  1773 E NotificationService: Ignoring notification with icon==0: Notification(pri=0 contentView=null vibrate=null sound=null defaults=0x0 flags=0x62 kind=[null])
01-25 10:54:21.407  1754  1773 E NotificationService: Ignoring notification with icon==0: Notification(pri=0 contentView=null vibrate=null sound=null defaults=0x0 flags=0x62 kind=[null])
01-25 10:54:46.617  1754  2028 W ThrottleService: unable to find stats for iface rmnet0
01-25 10:55:21.497  1754  1773 E NotificationService: Ignoring notification with icon==0: Notification(pri=0 contentView=null vibrate=null sound=null defaults=0x0 flags=0x62 kind=[null])
01-25 10:56:21.587  1754  1773 E NotificationService: Ignoring notification with icon==0: Notification(pri=0 contentView=null vibrate=null sound=null defaults=0x0 flags=0x62 kind=[null])
01-25 10:57:21.677  1754  1773 E NotificationService: Ignoring notification with icon==0: Notification(pri=0 contentView=null vibrate=null sound=null defaults=0x0 flags=0x62 kind=[null])
01-25 10:58:17.607  1754  1765 I ActivityManager: No longer want com.lguplus.iptv3.base.fwupdater:remote (pid 3861): empty for 1800s
01-25 10:58:17.617  1754  2102 W ActivityManager: Scheduling restart of crashed service com.lguplus.iptv3.base.fwupdater/.BackgroundActionService in 5000ms
01-25 10:58:21.757  1754  1773 E NotificationService: Ignoring notification with icon==0: Notification(pri=0 contentView=null vibrate=null sound=null defaults=0x0 flags=0x62 kind=[null])
01-25 10:58:22.627  1754  1773 I ActivityManager: Start proc com.lguplus.iptv3.base.fwupdater:remote for service com.lguplus.iptv3.base.fwupdater/.BackgroundActionService: pid=3711 uid=10068 gids={50068, 1015, 3003, 1028}
01-25 10:59:21.857  1754  1773 E NotificationService: Ignoring notification with icon==0: Notification(pri=0 contentView=null vibrate=null sound=null defaults=0x0 flags=0x62 kind=[null])
01-25 10:59:47.617  1754  3548 I ActivityManager: No longer want com.lguplus.iptv3.base.setting (pid 396): empty for 1805s
01-25 11:00:17.617  1754  2137 I ActivityManager: Start proc com.lguplus.iptv3.base.setting for content provider com.lguplus.iptv3.base.setting/.provider.SettingProvider: pid=394 uid=10076 gids={50076, 1015, 3003, 1028}
01-25 11:00:21.927  1754  1773 E NotificationService: Ignoring notification with icon==0: Notification(pri=0 contentView=null vibrate=null sound=null defaults=0x0 flags=0x62 kind=[null])
01-25 11:01:22.017  1754  1773 E NotificationService: Ignoring notification with icon==0: Notification(pri=0 contentView=null vibrate=null sound=null defaults=0x0 flags=0x62 kind=[null])
01-25 11:02:21.377  1754  1775 W BatteryStatsImpl: Couldn't get kernel wake lock stats
01-25 11:02:22.117  1754  1773 E NotificationService: Ignoring notification with icon==0: Notification(pri=0 contentView=null vibrate=null sound=null defaults=0x0 flags=0x62 kind=[null])
01-25 11:03:22.207  1754  1773 E NotificationService: Ignoring notification with icon==0: Notification(pri=0 contentView=null vibrate=null sound=null defaults=0x0 flags=0x62 kind=[null])
01-25 11:03:27.927  1754  1773 I ActivityManager: No longer want com.lguplus.iptv3.base.reservalarmmng (pid 1273): empty for 1805s
01-25 11:03:27.927  1754  1773 I ActivityManager: No longer want com.lguplus.pushagentstb (pid 1230): empty for 1805s
01-25 11:03:27.927  1754  1773 I ActivityManager: No longer want com.lguplus.iptv3.ltealive (pid 1245): empty for 1805s
01-25 11:03:27.957  1754  3548 W ActivityManager: Scheduling restart of crashed service com.lguplus.pushagentstb/.service.PushAgentService in 5000ms
01-25 11:03:27.967  1754  2140 W ActivityManager: Scheduling restart of crashed service com.lguplus.iptv3.base.reservalarmmng/.ServiceAlarmManage in 14998ms
01-25 11:03:32.977  1754  1773 I ActivityManager: Start proc com.lguplus.pushagentstb for service com.lguplus.pushagentstb/.service.PushAgentService: pid=1213 uid=10057 gids={50057, 3003, 1015, 1028}
01-25 11:03:33.007  1754  2137 I ActivityManager: No longer want com.lguplus.iptv3.base.agent.rating:remote (pid 1452): empty for 1800s
01-25 11:03:33.007  1754  2137 I ActivityManager: No longer want com.lguplus.iptv3.base.notification:remote (pid 1439): empty for 1800s
01-25 11:03:33.007  1754  2137 I ActivityManager: No longer want com.lguplus.iptv3.base.agent.notice:remote (pid 1374): empty for 1810s
01-25 11:03:33.097  1754  2173 W ActivityManager: Scheduling restart of crashed service com.lguplus.iptv3.base.notification/.service.NotificationService in 19867ms
01-25 11:03:33.107  1754  1502 W ActivityManager: Scheduling restart of crashed service com.lguplus.iptv3.base.agent.notice/.app.NoticeAgent in 29856ms
01-25 11:03:33.117  1754  1491 W ActivityManager: Scheduling restart of crashed service com.lguplus.iptv3.base.agent.rating/.app.VbmAgent in 39846ms
01-25 11:03:33.267  1754  1773 I ActivityManager: Start proc com.lguplus.iptv3.ltealive for broadcast com.lguplus.iptv3.ltealive/.push.LGUPlusPushAgentMsgReceiver: pid=1231 uid=10041 gids={50041, 1015, 1028, 3003}
01-25 11:03:33.357  1754  2194 I ActivityManager: Start proc com.lguplus.iptv3.base.reservalarmmng for broadcast com.lguplus.iptv3.base.reservalarmmng/.receiver.LGUPlusPushAgentMsgReceiver: pid=1253 uid=10074 gids={50074, 3003, 1028}
01-25 11:03:52.967  1754  1773 I ActivityManager: Start proc com.lguplus.iptv3.base.notification:remote for service com.lguplus.iptv3.base.notification/.service.NotificationService: pid=1348 uid=10072 gids={50072, 3003, 1028}
01-25 11:03:53.037  1754  2099 I ActivityManager: Start proc com.lguplus.iptv3.base.agent.notice:remote for service com.lguplus.iptv3.base.agent.notice/.app.NoticeAgent: pid=1361 uid=10049 gids={50049, 1015, 3003, 1028}
01-25 11:03:53.067  1754  2195 I ActivityManager: Start proc com.lguplus.iptv3.base.agent.rating:remote for service com.lguplus.iptv3.base.agent.rating/.app.VbmAgent: pid=1374 uid=10059 gids={50059, 1015, 3003, 1028}
01-25 11:04:04.097  1754  1773 I ActivityManager: Start proc .remote for broadcast com.lguplus.iptv4.base.curationservice/.reciver.RestartReceiver: pid=1460 uid=10002 gids={50002, 3003, 1015, 1028}
01-25 11:04:13.437  1754  1773 I ActivityManager: No longer want com.google.tv.player (pid 1632): empty for 1801s
01-25 11:04:13.437  1754  1773 I ActivityManager: No longer want com.lge.iptv.onewaycontrol (pid 1538): empty for 1821s
01-25 11:04:13.457  1754  2140 W ActivityManager: Scheduling restart of crashed service com.google.tv.player/com.google.tv.mediadevicesapp.MediaDevicesService in 5000ms
01-25 11:04:13.457  1754  1765 W ActivityManager: Scheduling restart of crashed service com.lge.iptv.onewaycontrol/.OneWayService in 14995ms
01-25 11:04:13.457  1754  1765 W ActivityManager: Scheduling restart of crashed service com.lge.iptv.onewaycontrol/.IpTunerService in 24995ms
01-25 11:04:18.467  1754  1773 I ActivityManager: Start proc com.google.tv.player for service com.google.tv.player/com.google.tv.mediadevicesapp.MediaDevicesService: pid=1521 uid=10086 gids={50086, 3003, 1028}
01-25 11:04:18.617  1754  1502 I ActivityManager: Start proc com.lge.iptv.onewaycontrol for service com.lge.iptv.onewaycontrol/.OneWayService: pid=1537 uid=10038 gids={50038, 3003, 1028}
01-25 11:04:22.297  1754  1773 E NotificationService: Ignoring notification with icon==0: Notification(pri=0 contentView=null vibrate=null sound=null defaults=0x0 flags=0x62 kind=[null])
01-25 11:04:46.617  1754  2028 W ThrottleService: unable to find stats for iface rmnet0
01-25 11:04:47.607  1754  3548 I ActivityManager: No longer want com.lguplus.iptv3.secondtvservice (pid 1779): empty for 1800s
01-25 11:04:47.627  1754  2195 W ActivityManager: Scheduling restart of crashed service com.lguplus.iptv3.secondtvservice/.SecondTvService in 5000ms
01-25 11:04:52.647  1754  1773 I ActivityManager: Start proc com.lguplus.iptv3.secondtvservice for service com.lguplus.iptv3.secondtvservice/.SecondTvService: pid=1660 uid=10062 gids={50062, 3003, 1015, 1028}
01-25 11:05:22.407  1754  1773 E NotificationService: Ignoring notification with icon==0: Notification(pri=0 contentView=null vibrate=null sound=null defaults=0x0 flags=0x62 kind=[null])
01-25 11:06:22.477  1754  1773 E NotificationService: Ignoring notification with icon==0: Notification(pri=0 contentView=null vibrate=null sound=null defaults=0x0 flags=0x62 kind=[null])
01-25 11:06:47.607  1754  2195 I ActivityManager: No longer want com.lguplus.iptv3.updatecheck (pid 2354): empty for 1800s
01-25 11:06:47.627  1754  1765 W ActivityManager: Scheduling restart of crashed service com.lguplus.iptv3.updatecheck/.UpdateService in 5000ms
01-25 11:06:52.637  1754  1773 I ActivityManager: Start proc com.lguplus.iptv3.updatecheck for service com.lguplus.iptv3.updatecheck/.UpdateService: pid=2251 uid=10082 gids={50082, 3003, 1028}
01-25 11:07:22.577  1754  1773 E NotificationService: Ignoring notification with icon==0: Notification(pri=0 contentView=null vibrate=null sound=null defaults=0x0 flags=0x62 kind=[null])
01-25 11:08:22.657  1754  1773 E NotificationService: Ignoring notification with icon==0: Notification(pri=0 contentView=null vibrate=null sound=null defaults=0x0 flags=0x62 kind=[null])
01-25 11:09:22.737  1754  1773 E NotificationService: Ignoring notification with icon==0: Notification(pri=0 contentView=null vibrate=null sound=null defaults=0x0 flags=0x62 kind=[null])
01-25 11:10:22.847  1754  1773 E NotificationService: Ignoring notification with icon==0: Notification(pri=0 contentView=null vibrate=null sound=null defaults=0x0 flags=0x62 kind=[null])
01-25 11:11:22.937  1754  1773 E NotificationService: Ignoring notification with icon==0: Notification(pri=0 contentView=null vibrate=null sound=null defaults=0x0 flags=0x62 kind=[null])
01-25 11:12:23.037  1754  1773 E NotificationService: Ignoring notification with icon==0: Notification(pri=0 contentView=null vibrate=null sound=null defaults=0x0 flags=0x62 kind=[null])
01-25 11:13:23.137  1754  1773 E NotificationService: Ignoring notification with icon==0: Notification(pri=0 contentView=null vibrate=null sound=null defaults=0x0 flags=0x62 kind=[null])
01-25 11:13:58.157  1754  1773 I ActivityManager: No longer want com.android.vending (pid 3916): empty for 1806s
01-25 11:13:58.157  1754  1773 I ActivityManager: No longer want android.process.media (pid 3964): empty for 1806s
01-25 11:14:23.207  1754  1773 E NotificationService: Ignoring notification with icon==0: Notification(pri=0 contentView=null vibrate=null sound=null defaults=0x0 flags=0x62 kind=[null])
01-25 11:14:46.617  1754  2028 W ThrottleService: unable to find stats for iface rmnet0
01-25 11:15:23.307  1754  1773 E NotificationService: Ignoring notification with icon==0: Notification(pri=0 contentView=null vibrate=null sound=null defaults=0x0 flags=0x62 kind=[null])
01-25 11:16:23.387  1754  1773 E NotificationService: Ignoring notification with icon==0: Notification(pri=0 contentView=null vibrate=null sound=null defaults=0x0 flags=0x62 kind=[null])
01-25 11:17:20.087  1754  3548 I ActivityManager: Start proc android.process.acore for content provider com.android.providers.contacts/.ContactsProvider2: pid=729 uid=10006 gids={50006, 3003, 1015, 1028}
01-25 11:17:23.487  1754  1773 E NotificationService: Ignoring notification with icon==0: Notification(pri=0 contentView=null vibrate=null sound=null defaults=0x0 flags=0x62 kind=[null])
01-25 11:18:23.567  1754  1773 E NotificationService: Ignoring notification with icon==0: Notification(pri=0 contentView=null vibrate=null sound=null defaults=0x0 flags=0x62 kind=[null])
01-25 11:18:47.627  1754  1766 I ActivityManager: No longer want com.lguplus.iptv3.base.orangecast.shop:remote (pid 1407): empty for 1800s
01-25 11:18:47.637  1754  2145 W ActivityManager: Scheduling restart of crashed service com.lguplus.iptv3.base.orangecast.shop/.service.TriggerService in 5000ms
01-25 11:18:52.667  1754  1773 I ActivityManager: Start proc com.lguplus.iptv3.base.orangecast.shop:remote for service com.lguplus.iptv3.base.orangecast.shop/.service.TriggerService: pid=1206 uid=10051 gids={50051, 3003, 1015, 1028}
01-25 11:18:52.687  1754  2138 I ActivityManager: No longer want com.google.android.gsf.login (pid 3846): empty for 1800s
01-25 11:19:23.677  1754  1773 E NotificationService: Ignoring notification with icon==0: Notification(pri=0 contentView=null vibrate=null sound=null defaults=0x0 flags=0x62 kind=[null])
01-25 11:20:23.757  1754  1773 E NotificationService: Ignoring notification with icon==0: Notification(pri=0 contentView=null vibrate=null sound=null defaults=0x0 flags=0x62 kind=[null])
01-25 11:21:23.847  1754  1773 E NotificationService: Ignoring notification with icon==0: Notification(pri=0 contentView=null vibrate=null sound=null defaults=0x0 flags=0x62 kind=[null])
01-25 11:21:30.577  1754  1848 D ConnectivityService: handleInetConditionHoldEnd: net=9, condition=100, published condition=100
01-25 11:21:33.617  1754  2194 I ActivityManager: Start proc com.google.android.gms.ui for service com.google.android.gms/.chimera.UiIntentOperationService: pid=1926 uid=10028 gids={50028, 3003, 1007, 1028, 1015, 1006, 3002, 3001, 2001, 3006}
01-25 11:21:45.097  1754  1773 W ProcessStats: Skipping unknown process pid 2091
01-25 11:21:45.097  1754  1773 W ProcessStats: Skipping unknown process pid 2092
01-25 11:21:45.107  1754  1773 W ProcessStats: Skipping unknown process pid 2094
01-25 11:22:23.957  1754  1773 E NotificationService: Ignoring notification with icon==0: Notification(pri=0 contentView=null vibrate=null sound=null defaults=0x0 flags=0x62 kind=[null])
01-25 11:23:24.037  1754  1773 E NotificationService: Ignoring notification with icon==0: Notification(pri=0 contentView=null vibrate=null sound=null defaults=0x0 flags=0x62 kind=[null])
01-25 11:24:24.117  1754  1773 E NotificationService: Ignoring notification with icon==0: Notification(pri=0 contentView=null vibrate=null sound=null defaults=0x0 flags=0x62 kind=[null])
01-25 11:24:46.627  1754  2028 W ThrottleService: unable to find stats for iface rmnet0
01-25 11:25:24.207  1754  1773 E NotificationService: Ignoring notification with icon==0: Notification(pri=0 contentView=null vibrate=null sound=null defaults=0x0 flags=0x62 kind=[null])
01-25 11:26:24.287  1754  1773 E NotificationService: Ignoring notification with icon==0: Notification(pri=0 contentView=null vibrate=null sound=null defaults=0x0 flags=0x62 kind=[null])
01-25 11:27:24.387  1754  1773 E NotificationService: Ignoring notification with icon==0: Notification(pri=0 contentView=null vibrate=null sound=null defaults=0x0 flags=0x62 kind=[null])
01-25 11:28:22.737  1754  1491 I ActivityManager: No longer want com.lguplus.iptv3.base.fwupdater:remote (pid 3711): empty for 1800s
01-25 11:28:22.747  1754  2137 W ActivityManager: Scheduling restart of crashed service com.lguplus.iptv3.base.fwupdater/.BackgroundActionService in 5000ms
01-25 11:28:24.497  1754  1773 E NotificationService: Ignoring notification with icon==0: Notification(pri=0 contentView=null vibrate=null sound=null defaults=0x0 flags=0x62 kind=[null])
01-25 11:28:27.757  1754  1773 I ActivityManager: Start proc com.lguplus.iptv3.base.fwupdater:remote for service com.lguplus.iptv3.base.fwupdater/.BackgroundActionService: pid=3642 uid=10068 gids={50068, 1015, 3003, 1028}
01-25 11:29:24.587  1754  1773 E NotificationService: Ignoring notification with icon==0: Notification(pri=0 contentView=null vibrate=null sound=null defaults=0x0 flags=0x62 kind=[null])
01-25 11:30:22.747  1754  1766 I ActivityManager: No longer want com.lguplus.iptv3.base.setting (pid 394): empty for 1805s
01-25 11:30:24.667  1754  1773 E NotificationService: Ignoring notification with icon==0: Notification(pri=0 contentView=null vibrate=null sound=null defaults=0x0 flags=0x62 kind=[null])
01-25 11:30:52.757  1754  2099 I ActivityManager: Start proc com.lguplus.iptv3.base.setting for content provider com.lguplus.iptv3.base.setting/.provider.SettingProvider: pid=352 uid=10076 gids={50076, 1015, 3003, 1028}
01-25 11:31:24.747  1754  1773 E NotificationService: Ignoring notification with icon==0: Notification(pri=0 contentView=null vibrate=null sound=null defaults=0x0 flags=0x62 kind=[null])
01-25 11:32:21.377  1754  1775 W BatteryStatsImpl: Couldn't get kernel wake lock stats
01-25 11:32:24.837  1754  1773 E NotificationService: Ignoring notification with icon==0: Notification(pri=0 contentView=null vibrate=null sound=null defaults=0x0 flags=0x62 kind=[null])
01-25 11:33:24.917  1754  1773 E NotificationService: Ignoring notification with icon==0: Notification(pri=0 contentView=null vibrate=null sound=null defaults=0x0 flags=0x62 kind=[null])
01-25 11:33:52.737  1754  1754 I ActivityManager: No longer want com.lguplus.iptv3.base.reservalarmmng (pid 1253): empty for 1802s
01-25 11:33:52.737  1754  1754 I ActivityManager: No longer want com.lguplus.pushagentstb (pid 1213): empty for 1802s
01-25 11:33:52.737  1754  1754 I ActivityManager: No longer want com.lguplus.iptv3.ltealive (pid 1231): empty for 1802s
01-25 11:33:52.767  1754  1502 W ActivityManager: Scheduling restart of crashed service com.lguplus.pushagentstb/.service.PushAgentService in 5000ms
01-25 11:33:52.767  1754  2102 W ActivityManager: Scheduling restart of crashed service com.lguplus.iptv3.base.reservalarmmng/.ServiceAlarmManage in 14997ms
01-25 11:33:57.787  1754  1773 I ActivityManager: Start proc com.lguplus.pushagentstb for service com.lguplus.pushagentstb/.service.PushAgentService: pid=1168 uid=10057 gids={50057, 3003, 1015, 1028}
01-25 11:33:57.817  1754  2145 I ActivityManager: No longer want com.lguplus.iptv3.base.agent.rating:remote (pid 1374): empty for 1804s
01-25 11:33:57.817  1754  2145 I ActivityManager: No longer want com.lguplus.iptv3.base.agent.notice:remote (pid 1361): empty for 1804s
01-25 11:33:57.817  1754  2145 I ActivityManager: No longer want com.lguplus.iptv3.base.notification:remote (pid 1348): empty for 1804s
01-25 11:33:57.847  1754  2140 I ActivityManager: No longer want com.lguplus.iptv3.base.si.provider (pid 2423): empty for 1800s
01-25 11:33:57.857  1754  2140 I ActivityManager: No longer want com.lguplus.iptv3.base.si.updater (pid 2929): empty for 261001s
01-25 11:33:57.857  1754  2140 W ActivityManager: Scheduling restart of crashed service com.lguplus.iptv3.base.notification/.service.NotificationService in 19910ms
01-25 11:33:57.897  1754  2137 W ActivityManager: Scheduling restart of crashed service com.lguplus.iptv3.base.agent.notice/.app.NoticeAgent in 29870ms
01-25 11:33:57.897  1754  2138 W ActivityManager: Scheduling restart of crashed service com.lguplus.iptv3.base.agent.rating/.app.VbmAgent in 39869ms
01-25 11:33:57.917  1754  2195 W ActivityManager: Scheduling restart of crashed service com.lguplus.iptv3.base.si.updater/.EpgUpdateService in 49852ms
01-25 11:33:58.067  1754  1773 I ActivityManager: Start proc com.lguplus.iptv3.ltealive for broadcast com.lguplus.iptv3.ltealive/.push.LGUPlusPushAgentMsgReceiver: pid=1182 uid=10041 gids={50041, 1015, 1028, 3003}
01-25 11:33:58.147  1754  2140 I ActivityManager: Start proc com.lguplus.iptv3.base.reservalarmmng for broadcast com.lguplus.iptv3.base.reservalarmmng/.receiver.LGUPlusPushAgentMsgReceiver: pid=1203 uid=10074 gids={50074, 3003, 1028}
01-25 11:34:13.747  1754  1773 I ActivityManager: No longer want .remote (pid 1460): empty for 1809s
01-25 11:34:17.777  1754  1773 I ActivityManager: Start proc com.lguplus.iptv3.base.notification:remote for service com.lguplus.iptv3.base.notification/.service.NotificationService: pid=1312 uid=10072 gids={50072, 3003, 1028}
01-25 11:34:17.837  1754  1502 I ActivityManager: Start proc com.lguplus.iptv3.base.agent.notice:remote for service com.lguplus.iptv3.base.agent.notice/.app.NoticeAgent: pid=1325 uid=10049 gids={50049, 1015, 3003, 1028}
01-25 11:34:17.857  1754  2194 I ActivityManager: Start proc com.lguplus.iptv3.base.agent.rating:remote for service com.lguplus.iptv3.base.agent.rating/.app.VbmAgent: pid=1336 uid=10059 gids={50059, 1015, 3003, 1028}
01-25 11:34:22.737  1754  3548 I ActivityManager: No longer want com.google.tv.player (pid 1521): empty for 1804s
01-25 11:34:22.737  1754  3548 I ActivityManager: No longer want com.lge.iptv.onewaycontrol (pid 1537): empty for 1804s
01-25 11:34:22.757  1754  2194 W ActivityManager: Scheduling restart of crashed service com.lge.iptv.onewaycontrol/.OneWayService in 5000ms
01-25 11:34:22.757  1754  2194 W ActivityManager: Scheduling restart of crashed service com.lge.iptv.onewaycontrol/.IpTunerService in 14999ms
01-25 11:34:22.767  1754  1491 W ActivityManager: Scheduling restart of crashed service com.google.tv.player/com.google.tv.mediadevicesapp.MediaDevicesService in 35004ms
01-25 11:34:24.997  1754  1773 E NotificationService: Ignoring notification with icon==0: Notification(pri=0 contentView=null vibrate=null sound=null defaults=0x0 flags=0x62 kind=[null])
01-25 11:34:27.777  1754  1773 I ActivityManager: Start proc com.lge.iptv.onewaycontrol for service com.lge.iptv.onewaycontrol/.OneWayService: pid=1406 uid=10038 gids={50038, 3003, 1028}
01-25 11:34:46.627  1754  2028 W ThrottleService: unable to find stats for iface rmnet0
01-25 11:34:47.777  1754  1773 I ActivityManager: Start proc com.lguplus.iptv3.base.si.updater for service com.lguplus.iptv3.base.si.updater/.EpgUpdateService: pid=1486 uid=10004 gids={50004, 3003, 1028}
01-25 11:34:47.847  1754  2099 I ActivityManager: Start proc com.lguplus.iptv3.base.si.provider for content provider com.lguplus.iptv3.base.si.provider/.EpgProvider: pid=1504 uid=10003 gids={50003, 1028}
01-25 11:34:52.737  1754  1765 I ActivityManager: No longer want com.lguplus.iptv3.secondtvservice (pid 1660): empty for 1800s
01-25 11:34:52.747  1754  2173 W ActivityManager: Scheduling restart of crashed service com.lguplus.iptv3.secondtvservice/.SecondTvService in 15016ms
01-25 11:34:57.777  1754  1773 I ActivityManager: Start proc com.google.tv.player for service com.google.tv.player/com.google.tv.mediadevicesapp.MediaDevicesService: pid=1552 uid=10086 gids={50086, 3003, 1028}
01-25 11:35:07.787  1754  1773 I ActivityManager: Start proc com.lguplus.iptv3.secondtvservice for service com.lguplus.iptv3.secondtvservice/.SecondTvService: pid=1602 uid=10062 gids={50062, 3003, 1015, 1028}
01-25 11:35:25.087  1754  1773 E NotificationService: Ignoring notification with icon==0: Notification(pri=0 contentView=null vibrate=null sound=null defaults=0x0 flags=0x62 kind=[null])
01-25 11:35:28.647  1754  1773 I ActivityManager: No longer want com.android.settings (pid 1979): empty for 1803s
01-25 11:35:28.667  1754  2173 W ActivityManager: Scheduling restart of crashed service com.android.settings/.TvSettingsObserverService in 5000ms
01-25 11:35:33.677  1754  1773 I ActivityManager: Start proc com.android.settings for service com.android.settings/.TvSettingsObserverService: pid=1696 uid=1000 gids={41000, 3003, 1015, 1028, 3002, 3001, 3007}
