02-05 09:06:15.598  4658  4658 W ContextImpl: Calling a method in the system process without a qualified user: android.app.ContextImpl.startService:1460 android.content.ContextWrapper.startService:644 android.content.ContextWrapper.startService:644 com.lguplus.iptv3.onetouchstb.receiver.ReservationReceiver.startService:49 com.lguplus.iptv3.onetouchstb.receiver.ReservationReceiver.onReceive:38 
02-05 09:06:15.602  4658  4658 W ContextImpl: Calling a method in the system process without a qualified user: android.app.ContextImpl.bindService:1540 android.content.ContextWrapper.bindService:678 com.lguplus.iptv3.onetouchstb.stb.LgIptvShmRemoteWrapper.onBindIptvRemote:114 com.lguplus.iptv3.onetouchstb.service.OneTouchSTBService.onCreate:113 android.app.ActivityThread.handleCreateService:3404 
02-05 09:06:15.766   674 17678 I chatty  : uid=1000(system) Binder:674_20 expire 12 lines
02-05 09:06:17.598   674   999 I chatty  : uid=1000(system) Binder:674_5 expire 10 lines
02-05 09:06:18.215  3866  3866 I ActivityThread: Removing dead content provider:android.content.ContentProviderProxy@b36d937
02-05 09:06:18.350   674   697 I chatty  : uid=1000(system) android.ui expire 9 lines
02-05 09:06:19.103   674   674 I chatty  : uid=1000 system_server expire 11 lines
02-05 09:06:38.996  5220  5220 W KeyphraseEnrollmentInfo: No Enrollment application supports the given keyphrase/locale
02-05 09:06:45.952   674   753 I chatty  : uid=1000(system) AlarmManager expire 5 lines
02-05 09:06:46.233   674 10334 I chatty  : uid=1000(system) Binder:674_1D expire 11 lines
02-05 09:06:47.730  5430  5430 W ContextImpl: Calling a method in the system process without a qualified user: android.app.ContextImpl.startService:1460 android.content.ContextWrapper.startService:644 android.content.ContextWrapper.startService:644 com.lguplus.iptv3.onetouchstb.receiver.ReservationReceiver.startService:49 com.lguplus.iptv3.onetouchstb.receiver.ReservationReceiver.onReceive:38 
02-05 09:06:47.737  5430  5430 W ContextImpl: Calling a method in the system process without a qualified user: android.app.ContextImpl.bindService:1540 android.content.ContextWrapper.bindService:678 com.lguplus.iptv3.onetouchstb.stb.LgIptvShmRemoteWrapper.onBindIptvRemote:114 com.lguplus.iptv3.onetouchstb.service.OneTouchSTBService.onCreate:113 android.app.ActivityThread.handleCreateService:3404 
02-05 09:06:47.947  5478  5478 W ContextImpl: Calling a method in the system process without a qualified user: android.app.ContextImpl.startService:1460 android.content.ContextWrapper.startService:644 com.lguplus.iptv3.base.agent.advertisement.ADAgent.onBind:44 android.app.ActivityThread.handleBindService:3431 android.app.ActivityThread.access$2400:173 
02-05 09:06:47.955  5478  5504 W ContextImpl: Calling a method in the system process without a qualified user: android.app.ContextImpl.bindService:1540 android.content.ContextWrapper.bindService:678 com.lguplus.iptv3.base.agent.advertisement.common.MyIptvConfig.<init>:36 kr.co.adclick.dacom.ADAgentService.setupEnvironment:236 kr.co.adclick.dacom.ADAgentService.onStartADAgent:83 
02-05 09:06:47.959  5478  5506 W ContextImpl: Calling a method in the system process without a qualified user: android.app.ContextImpl.bindService:1540 android.content.ContextWrapper.bindService:678 com.lguplus.iptv3.base.agent.advertisement.common.MyIptvConfig.<init>:36 kr.co.adclick.dacom.ADAgentService.setupEnvironment:236 kr.co.adclick.dacom.ADAgentService.onStartADAgent:83 
02-05 09:06:48.027   674  1442 I chatty  : uid=1000(system) Binder:674_11 expire 12 lines
02-05 09:06:48.092  5470  5470 W ContextImpl: Calling a method in the system process without a qualified user: android.app.ContextImpl.startService:1460 android.content.ContextWrapper.startService:644 android.content.ContextWrapper.startService:644 com.lguplus.iptv3.arzoo.push.LGUPlusPushAgentMsgReceiver.onReceive:104 android.app.ActivityThread.handleReceiver:3252 
02-05 09:06:48.168  5470  5470 W ContextImpl: Calling a method in the system process without a qualified user: android.app.ContextImpl.sendBroadcast:950 android.content.ContextWrapper.sendBroadcast:431 com.lguplus.iptv3.arzoo.push.LGUPlusPushAgentAPI.checkRegID:78 com.lguplus.iptv3.arzoo.push.ARZooPushService.onStartCommand:51 android.app.ActivityThread.handleServiceArgs:3539 
02-05 09:06:49.136   674  2354 I chatty  : uid=1000(system) Binder:674_15 expire 23 lines
02-05 09:06:49.810   674  1129 I chatty  : uid=1000(system) Binder:674_6 expire 11 lines
02-05 09:06:49.943  5616  5616 W ContextImpl: Calling a method in the system process without a qualified user: android.app.ContextImpl.sendBroadcast:950 android.content.ContextWrapper.sendBroadcast:431 android.content.ContextWrapper.sendBroadcast:431 com.lguplus.iptv3.onetouchstb.push.LGUPlusPushAgentAPI.checkRegID:153 com.lguplus.iptv3.onetouchstb.push.OnetouchSTBPushManager.requestCheckRegId:46 
02-05 09:06:49.998  5616  5616 W ContextImpl: Calling a method in the system process without a qualified user: android.app.ContextImpl.bindService:1540 android.content.ContextWrapper.bindService:678 com.lguplus.iptv3.onetouchstb.stb.LgIptvShmRemoteWrapper.onBindIptvRemote:114 com.lguplus.iptv3.onetouchstb.service.OneTouchSTBService.onCreate:113 android.app.ActivityThread.handleCreateService:3404 
02-05 09:06:52.071  5721  5721 W ContextImpl: Calling a method in the system process without a qualified user: android.app.ContextImpl.startService:1460 android.content.ContextWrapper.startService:644 android.content.ContextWrapper.startService:644 com.lguplus.iptv3.arzoo.push.LGUPlusPushAgentMsgReceiver.onReceive:104 android.app.ActivityThread.handleReceiver:3252 
02-05 09:06:52.103   674   693 I chatty  : uid=1000(system) Binder:674_2 expire 10 lines
02-05 09:06:52.313   674  1386 I chatty  : uid=1000(system) Binder:674_C expire 15 lines
02-05 09:06:53.790  5808  5808 W ContextImpl: Calling a method in the system process without a qualified user: android.app.ContextImpl.sendBroadcast:950 android.content.ContextWrapper.sendBroadcast:431 android.content.ContextWrapper.sendBroadcast:431 com.lguplus.iptv3.onetouchstb.push.LGUPlusPushAgentAPI.checkRegID:153 com.lguplus.iptv3.onetouchstb.push.OnetouchSTBPushManager.requestCheckRegId:46 
02-05 09:06:53.842  5808  5808 W ContextImpl: Calling a method in the system process without a qualified user: android.app.ContextImpl.bindService:1540 android.content.ContextWrapper.bindService:678 com.lguplus.iptv3.onetouchstb.stb.LgIptvShmRemoteWrapper.onBindIptvRemote:114 com.lguplus.iptv3.onetouchstb.service.OneTouchSTBService.onCreate:113 android.app.ActivityThread.handleCreateService:3404 
02-05 09:06:55.221   674  2484 I chatty  : uid=1000(system) Binder:674_17 expire 17 lines
02-05 09:06:55.401  5919  5919 W ContextImpl: Calling a method in the system process without a qualified user: android.app.ContextImpl.bindService:1540 android.content.ContextWrapper.bindService:678 com.lguplus.iptv3.onetouchstb.stb.LgIptvShmRemoteWrapper.onBindIptvRemote:114 com.lguplus.iptv3.onetouchstb.service.OneTouchSTBService.onCreate:113 android.app.ActivityThread.handleCreateService:3404 
02-05 09:06:55.798   674   692 I chatty  : uid=1000(system) Binder:674_1 expire 35 lines
02-05 09:06:57.184  6034  6034 W ContextImpl: Calling a method in the system process without a qualified user: android.app.ContextImpl.startService:1460 android.content.ContextWrapper.startService:644 android.content.ContextWrapper.startService:644 com.lguplus.iptv3.arzoo.push.LGUPlusPushAgentMsgReceiver.onReceive:104 android.app.ActivityThread.handleReceiver:3252 
02-05 09:06:57.248  6034  6034 W ContextImpl: Calling a method in the system process without a qualified user: android.app.ContextImpl.sendBroadcast:950 android.content.ContextWrapper.sendBroadcast:431 com.lguplus.iptv3.arzoo.push.LGUPlusPushAgentAPI.checkRegID:78 com.lguplus.iptv3.arzoo.push.ARZooPushService.onStartCommand:51 android.app.ActivityThread.handleServiceArgs:3539 
02-05 09:06:58.260   674  1369 I chatty  : uid=1000(system) Binder:674_9 expire 13 lines
02-05 09:06:58.408  6087  6087 W ContextImpl: Calling a method in the system process without a qualified user: android.app.ContextImpl.sendBroadcast:950 android.content.ContextWrapper.sendBroadcast:431 android.content.ContextWrapper.sendBroadcast:431 com.lguplus.iptv3.onetouchstb.push.LGUPlusPushAgentAPI.checkRegID:153 com.lguplus.iptv3.onetouchstb.push.OnetouchSTBPushManager.requestCheckRegId:46 
02-05 09:06:58.439  6087  6087 W ContextImpl: Calling a method in the system process without a qualified user: android.app.ContextImpl.bindService:1540 android.content.ContextWrapper.bindService:678 com.lguplus.iptv3.onetouchstb.stb.LgIptvShmRemoteWrapper.onBindIptvRemote:114 com.lguplus.iptv3.onetouchstb.service.OneTouchSTBService.onCreate:113 android.app.ActivityThread.handleCreateService:3404 
02-05 09:06:59.489  6177  6177 W ContextImpl: Calling a method in the system process without a qualified user: android.app.ContextImpl.startService:1460 android.content.ContextWrapper.startService:644 android.content.ContextWrapper.startService:644 com.lguplus.iptv3.arzoo.push.LGUPlusPushAgentMsgReceiver.onReceive:104 android.app.ActivityThread.handleReceiver:3252 
02-05 09:07:00.587   674 17678 I chatty  : uid=1000(system) Binder:674_20 expire 17 lines
02-05 09:07:00.720  6220  6220 W ContextImpl: Calling a method in the system process without a qualified user: android.app.ContextImpl.sendBroadcast:950 android.content.ContextWrapper.sendBroadcast:431 android.content.ContextWrapper.sendBroadcast:431 com.lguplus.iptv3.onetouchstb.push.LGUPlusPushAgentAPI.checkRegID:153 com.lguplus.iptv3.onetouchstb.push.OnetouchSTBPushManager.requestCheckRegId:46 
02-05 09:07:00.755  6220  6220 W ContextImpl: Calling a method in the system process without a qualified user: android.app.ContextImpl.bindService:1540 android.content.ContextWrapper.bindService:678 com.lguplus.iptv3.onetouchstb.stb.LgIptvShmRemoteWrapper.onBindIptvRemote:114 com.lguplus.iptv3.onetouchstb.service.OneTouchSTBService.onCreate:113 android.app.ActivityThread.handleCreateService:3404 
02-05 09:07:00.865   674  1411 I chatty  : uid=1000(system) Binder:674_E expire 13 lines
02-05 09:07:02.641   674  1370 I chatty  : uid=1000(system) Binder:674_A expire 12 lines
02-05 09:07:02.805  6366  6366 W ContextImpl: Calling a method in the system process without a qualified user: android.app.ContextImpl.startService:1460 android.content.ContextWrapper.startService:644 android.content.ContextWrapper.startService:644 com.lguplus.iptv3.arzoo.push.LGUPlusPushAgentMsgReceiver.onReceive:104 android.app.ActivityThread.handleReceiver:3252 
02-05 09:07:02.887  6366  6366 W ContextImpl: Calling a method in the system process without a qualified user: android.app.ContextImpl.sendBroadcast:950 android.content.ContextWrapper.sendBroadcast:431 com.lguplus.iptv3.arzoo.push.LGUPlusPushAgentAPI.checkRegID:78 com.lguplus.iptv3.arzoo.push.ARZooPushService.onStartCommand:51 android.app.ActivityThread.handleServiceArgs:3539 
02-05 09:07:03.924   674  1386 I chatty  : uid=1000(system) Binder:674_C expire 19 lines
02-05 09:07:04.059  6412  6412 W ContextImpl: Calling a method in the system process without a qualified user: android.app.ContextImpl.sendBroadcast:950 android.content.ContextWrapper.sendBroadcast:431 android.content.ContextWrapper.sendBroadcast:431 com.lguplus.iptv3.onetouchstb.push.LGUPlusPushAgentAPI.checkRegID:153 com.lguplus.iptv3.onetouchstb.push.OnetouchSTBPushManager.requestCheckRegId:46 
02-05 09:07:04.081  6412  6412 W ContextImpl: Calling a method in the system process without a qualified user: android.app.ContextImpl.bindService:1540 android.content.ContextWrapper.bindService:678 com.lguplus.iptv3.onetouchstb.stb.LgIptvShmRemoteWrapper.onBindIptvRemote:114 com.lguplus.iptv3.onetouchstb.service.OneTouchSTBService.onCreate:113 android.app.ActivityThread.handleCreateService:3404 
02-05 09:07:04.105   674  2329 I chatty  : uid=1000(system) Binder:674_14 expire 14 lines
02-05 09:07:05.191  6521  6521 W ContextImpl: Calling a method in the system process without a qualified user: android.app.ContextImpl.startService:1460 android.content.ContextWrapper.startService:644 android.content.ContextWrapper.startService:644 com.lguplus.iptv3.arzoo.push.LGUPlusPushAgentMsgReceiver.onReceive:104 android.app.ActivityThread.handleReceiver:3252 
02-05 09:07:05.918  3200  3200 W ContextImpl: Calling a method in the system process without a qualified user: android.app.ContextImpl.sendBroadcast:950 android.content.ContextWrapper.sendBroadcast:431 com.lguplus.iptv3.base.vod.player.VoDPlayerActivity$14.CompletionListener:2264 com.lguplus.iptv3.base.vod.player.VoDPlayerControler$26.onCompletion:7176 com.lguplus.iptv3.base.vod.common.NewVodMediaPlayer$5.onCompletion:346 
02-05 09:07:05.930  3200  3200 W ContextImpl: Calling a method in the system process without a qualified user: android.app.ContextImpl.startService:1460 android.content.ContextWrapper.startService:644 com.lguplus.iptv3.base.ratingmanager.RatingManager.sendVodLog:219 com.lguplus.iptv3.base.vod.player.VoDPlayerActivity.sendVODLog:11632 com.lguplus.iptv3.base.vod.player.VoDPlayerActivity.closeAction:5989 
02-05 09:07:06.294   674  2326 I chatty  : uid=1000(system) Binder:674_13 expire 22 lines
02-05 09:07:06.736  6645  6645 W ContextImpl: Calling a method in the system process without a qualified user: android.app.ContextImpl.sendBroadcast:950 android.content.ContextWrapper.sendBroadcast:431 android.content.ContextWrapper.sendBroadcast:431 com.lguplus.iptv3.onetouchstb.push.LGUPlusPushAgentAPI.checkRegID:153 com.lguplus.iptv3.onetouchstb.push.OnetouchSTBPushManager.requestCheckRegId:46 
02-05 09:07:06.747  6645  6645 W ContextImpl: Calling a method in the system process without a qualified user: android.app.ContextImpl.bindService:1540 android.content.ContextWrapper.bindService:678 com.lguplus.iptv3.onetouchstb.stb.LgIptvShmRemoteWrapper.onBindIptvRemote:114 com.lguplus.iptv3.onetouchstb.service.OneTouchSTBService.onCreate:113 android.app.ActivityThread.handleCreateService:3404 
02-05 09:07:06.827  3200  3200 W ContextImpl: Calling a method in the system process without a qualified user: android.app.ContextImpl.sendBroadcast:950 android.content.ContextWrapper.sendBroadcast:431 com.lguplus.iptv3.base.vod.player.VoDPlayerActivity.closeVoDPlayer:7086 com.lguplus.iptv3.base.vod.player.VoDPlayerActivity$14.CompletionListener:2901 com.lguplus.iptv3.base.vod.player.VoDPlayerControler$26.onCompletion:7176 
02-05 09:07:06.830  3200  3200 W ContextImpl: Calling a method in the system process without a qualified user: android.app.ContextImpl.sendBroadcast:950 android.content.ContextWrapper.sendBroadcast:431 com.lguplus.iptv3.base.vod.player.VoDPlayerActivity.closeVoDPlayer:7094 com.lguplus.iptv3.base.vod.player.VoDPlayerActivity$14.CompletionListener:2901 com.lguplus.iptv3.base.vod.player.VoDPlayerControler$26.onCompletion:7176 
02-05 09:07:06.841  3200  3200 W ContextImpl: Calling a method in the system process without a qualified user: android.app.ContextImpl.sendBroadcast:950 android.content.ContextWrapper.sendBroadcast:431 com.lguplus.iptv3.base.vod.player.VoDPlayerActivity.closeVoDPlayer:7116 com.lguplus.iptv3.base.vod.player.VoDPlayerActivity$14.CompletionListener:2901 com.lguplus.iptv3.base.vod.player.VoDPlayerControler$26.onCompletion:7176 
02-05 09:07:08.425  6778  6778 W ContextImpl: Calling a method in the system process without a qualified user: android.app.ContextImpl.bindService:1540 android.content.ContextWrapper.bindService:678 com.lguplus.iptv3.onetouchstb.stb.LgIptvShmRemoteWrapper.onBindIptvRemote:114 com.lguplus.iptv3.onetouchstb.service.OneTouchSTBService.onCreate:113 android.app.ActivityThread.handleCreateService:3404 
02-05 09:07:09.361  6881  6881 W ContextImpl: Calling a method in the system process without a qualified user: android.app.ContextImpl.startService:1460 android.content.ContextWrapper.startService:644 android.content.ContextWrapper.startService:644 com.lguplus.iptv3.arzoo.push.LGUPlusPushAgentMsgReceiver.onReceive:104 android.app.ActivityThread.handleReceiver:3252 
02-05 09:07:09.391  6778  6778 W ContextImpl: Calling a method in the system process without a qualified user: android.app.ContextImpl.sendBroadcast:950 android.content.ContextWrapper.sendBroadcast:431 android.content.ContextWrapper.sendBroadcast:431 com.lguplus.iptv3.onetouchstb.push.LGUPlusPushAgentAPI.checkRegID:153 com.lguplus.iptv3.onetouchstb.push.OnetouchSTBPushManager.requestCheckRegId:46 
02-05 09:07:09.457  6881  6881 W ContextImpl: Calling a method in the system process without a qualified user: android.app.ContextImpl.sendBroadcast:950 android.content.ContextWrapper.sendBroadcast:431 com.lguplus.iptv3.arzoo.push.LGUPlusPushAgentAPI.checkRegID:78 com.lguplus.iptv3.arzoo.push.ARZooPushService.onStartCommand:51 android.app.ActivityThread.handleServiceArgs:3539 
02-05 09:07:11.354   674   766 I chatty  : uid=1000(system) InputDispatcher expire 10 lines
02-05 09:07:17.806   674   696 I chatty  : uid=1000(system) ActivityManager expire 10 lines
02-05 09:07:23.789  7099  7099 W ContextImpl: Calling a method in the system process without a qualified user: android.app.ContextImpl.bindService:1540 android.content.ContextWrapper.bindService:678 com.lguplus.iptv3.onetouchstb.stb.LgIptvShmRemoteWrapper.onBindIptvRemote:114 com.lguplus.iptv3.onetouchstb.service.OneTouchSTBService.onCreate:113 android.app.ActivityThread.handleCreateService:3404 
02-05 09:07:27.605   491   491 E wificond: Received error messsage: Try again
02-05 09:07:27.605   491   491 E wificond: NL80211_CMD_TRIGGER_SCAN failed
02-05 09:07:28.811   674   766 I chatty  : uid=1000(system) InputDispatcher expire 25 lines
02-05 09:07:33.905   674  2354 I chatty  : uid=1000(system) Binder:674_15 expire 31 lines
02-05 09:07:33.915   674  2359 I chatty  : uid=1000(system) Binder:674_16 expire 10 lines
02-05 09:07:33.921   674 10293 I chatty  : uid=1000(system) Binder:674_1C expire 24 lines
02-05 09:07:37.281  7207  7207 W ContextImpl: Calling a method in the system process without a qualified user: android.app.ContextImpl.startService:1460 android.content.ContextWrapper.startService:644 com.lguplus.iptv3.base.agent.advertisement.ADAgent.onBind:44 android.app.ActivityThread.handleBindService:3431 android.app.ActivityThread.access$2400:173 
02-05 09:07:37.300  7207  7228 W ContextImpl: Calling a method in the system process without a qualified user: android.app.ContextImpl.bindService:1540 android.content.ContextWrapper.bindService:678 com.lguplus.iptv3.base.agent.advertisement.common.MyIptvConfig.<init>:36 kr.co.adclick.dacom.ADAgentService.setupEnvironment:236 kr.co.adclick.dacom.ADAgentService.onStartADAgent:83 
02-05 09:07:37.300  7207  7230 W ContextImpl: Calling a method in the system process without a qualified user: android.app.ContextImpl.bindService:1540 android.content.ContextWrapper.bindService:678 com.lguplus.iptv3.base.agent.advertisement.common.MyIptvConfig.<init>:36 kr.co.adclick.dacom.ADAgentService.setupEnvironment:236 kr.co.adclick.dacom.ADAgentService.onStartADAgent:83 
02-05 09:07:37.773  7190  7190 E ActivityThread: Service com.lge.android.hime.HIME has leaked IntentReceiver com.jungle.android.utils.GSound$1@1ad024d that was originally registered here. Are you missing a call to unregisterReceiver()?
02-05 09:07:37.773  7190  7190 E ActivityThread: android.app.IntentReceiverLeaked: Service com.lge.android.hime.HIME has leaked IntentReceiver com.jungle.android.utils.GSound$1@1ad024d that was originally registered here. Are you missing a call to unregisterReceiver()?
02-05 09:07:37.773  7190  7190 E ActivityThread: 	at android.app.LoadedApk$ReceiverDispatcher.<init>(LoadedApk.java:1333)
02-05 09:07:37.773  7190  7190 E ActivityThread: 	at android.app.LoadedApk.getReceiverDispatcher(LoadedApk.java:1114)
02-05 09:07:37.773  7190  7190 E ActivityThread: 	at android.app.ContextImpl.registerReceiverInternal(ContextImpl.java:1405)
02-05 09:07:37.773  7190  7190 E ActivityThread: 	at android.app.ContextImpl.registerReceiver(ContextImpl.java:1378)
02-05 09:07:37.773  7190  7190 E ActivityThread: 	at android.app.ContextImpl.registerReceiver(ContextImpl.java:1366)
02-05 09:07:37.773  7190  7190 E ActivityThread: 	at android.content.ContextWrapper.registerReceiver(ContextWrapper.java:603)
02-05 09:07:37.773  7190  7190 E ActivityThread: 	at com.jungle.android.utils.GSound.registerSystemService(GSound.java:70)
02-05 09:07:37.773  7190  7190 E ActivityThread: 	at com.jungle.android.utils.GSound.createMedia(GSound.java:95)
02-05 09:07:37.773  7190  7190 E ActivityThread: 	at com.lge.android.hime.HIMPreference.create(HIMPreference.java:430)
02-05 09:07:37.773  7190  7190 E ActivityThread: 	at com.lge.android.hime.HIMPreference.Create(HIMPreference.java:143)
02-05 09:07:37.773  7190  7190 E ActivityThread: 	at com.lge.android.hime.HIME.onCreate(HIME.java:235)
02-05 09:07:37.773  7190  7190 E ActivityThread: 	at android.app.ActivityThread.handleCreateService(ActivityThread.java:3404)
02-05 09:07:37.773  7190  7190 E ActivityThread: 	at android.app.ActivityThread.access$2300(ActivityThread.java:173)
02-05 09:07:37.773  7190  7190 E ActivityThread: 	at android.app.ActivityThread$H.handleMessage(ActivityThread.java:1683)
02-05 09:07:37.773  7190  7190 E ActivityThread: 	at android.os.Handler.dispatchMessage(Handler.java:105)
02-05 09:07:37.773  7190  7190 E ActivityThread: 	at android.os.Looper.loop(Looper.java:164)
02-05 09:07:37.773  7190  7190 E ActivityThread: 	at android.app.ActivityThread.main(ActivityThread.java:6541)
02-05 09:07:37.773  7190  7190 E ActivityThread: 	at java.lang.reflect.Method.invoke(Native Method)
02-05 09:07:37.773  7190  7190 E ActivityThread: 	at com.android.internal.os.Zygote$MethodAndArgsCaller.run(Zygote.java:240)
02-05 09:07:37.773  7190  7190 E ActivityThread: 	at com.android.internal.os.ZygoteInit.main(ZygoteInit.java:767)
02-05 09:07:38.098  7301  7301 W ContextImpl: Calling a method in the system process without a qualified user: android.app.ContextImpl.bindService:1540 android.content.ContextWrapper.bindService:678 com.lguplus.iptv3.onetouchstb.stb.LgIptvShmRemoteWrapper.onBindIptvRemote:114 com.lguplus.iptv3.onetouchstb.service.OneTouchSTBService.onCreate:113 android.app.ActivityThread.handleCreateService:3404 
02-05 09:07:54.841   358   358 I chatty  : uid=1000(system) com.lguplus.iptv3.base.launcher expire 10 lines
02-05 09:07:55.294   674  1129 I chatty  : uid=1000(system) Binder:674_6 expire 15 lines
02-05 09:08:00.116   674   693 I chatty  : uid=1000(system) Binder:674_2 expire 17 lines
02-05 09:08:00.143   674  7678 I chatty  : uid=1000 system_server expire 4 lines
02-05 09:08:00.194   674   696 I chatty  : uid=1000(system) ActivityManager expire 10 lines
02-05 09:08:01.911  7778  7778 W ContextImpl: Calling a method in the system process without a qualified user: android.app.ContextImpl.sendBroadcast:950 android.content.ContextWrapper.sendBroadcast:431 com.lguplus.iptv3.base.vod.player.VoDPlayerActivity.sendChannelOut:4134 com.lguplus.iptv3.base.vod.player.VoDPlayerActivity.onCreate:3840 android.app.Activity.performCreate:6975 
02-05 09:08:01.956  7778  7778 W ContextImpl: Calling a method in the system process without a qualified user: android.app.ContextImpl.bindService:1540 android.content.ContextWrapper.bindService:678 com.lguplus.iptv3.base.advertisemanager.AdvertiseManager.onBind:343 com.lguplus.iptv3.base.vod.player.VoDPlayerActivity.onCreate:3864 android.app.Activity.performCreate:6975 
02-05 09:08:02.060  7778  7778 W ContextImpl: Calling a method in the system process without a qualified user: android.app.ContextImpl.bindService:1540 android.content.ContextWrapper.bindService:678 com.lguplus.iptv3.base.vod.player.VoDPlayerActivity.setOnCreate:4178 com.lguplus.iptv3.base.vod.player.VoDPlayerActivity.onCreate:4115 android.app.Activity.performCreate:6975 
02-05 09:08:02.560  7778  7778 W ViewRootImpl[VoDPlayerActivity]: Cancelling event due to no window focus: KeyEvent { action=ACTION_UP, keyCode=KEYCODE_DPAD_CENTER, scanCode=96, metaState=0, flags=0x28, repeatCount=0, eventTime=432835745, downTime=432835546, deviceId=72, source=0x301 }
02-05 09:08:02.565  7778  7778 I chatty  : uid=1000(system) com.lguplus.iptv3.base.vod identical 11 lines
02-05 09:08:02.620   674   674 I chatty  : uid=1000 system_server expire 12 lines
02-05 09:08:02.819   674 10334 I chatty  : uid=1000(system) Binder:674_1D expire 12 lines
02-05 09:08:02.985   674 10287 I chatty  : uid=1000(system) Binder:674_1B expire 21 lines
02-05 09:08:03.905   674 17247 I chatty  : uid=1000(system) Binder:674_1F expire 13 lines
02-05 09:08:04.053   488  1043 D DRIVER-LGE-i2c: [i2c_open] (pid=488) open success id:0 dev=/dev/i2c-0
02-05 09:08:04.053   488  1043 D DRIVER-LGE-i2c: [i2c_open] (pid=488) open success id:1 dev=/dev/i2c-1
02-05 09:08:04.053   488  1043 D DRIVER-LGE-i2c: [i2c_open] (pid=488) open success id:2 dev=/dev/i2c-2
02-05 09:08:04.053   488  1043 D DRIVER-LGE-i2c: [i2c_open] (pid=488) open success id:3 dev=/dev/i2c-3
02-05 09:08:04.054   488  1043 D DRIVER-LGE-i2c: [i2c_close] (pid=488) close success fd:8
02-05 09:08:04.054   488  1043 D DRIVER-LGE-i2c: [i2c_close] (pid=488) close success fd:9
02-05 09:08:04.054   488  1043 D DRIVER-LGE-i2c: [i2c_close] (pid=488) close success fd:10
02-05 09:08:04.054   488  1043 D DRIVER-LGE-i2c: [i2c_close] (pid=488) close success fd:11
02-05 09:08:05.971   674  2329 I chatty  : uid=1000(system) Binder:674_14 expire 10 lines
02-05 09:08:05.991   674   999 I chatty  : uid=1000(system) Binder:674_5 expire 35 lines
02-05 09:08:14.236  8191  8191 W ContextImpl: Calling a method in the system process without a qualified user: android.app.ContextImpl.startService:1460 android.content.ContextWrapper.startService:644 android.content.ContextWrapper.startService:644 com.lguplus.iptv3.onetouchstb.receiver.ReservationReceiver.startService:49 com.lguplus.iptv3.onetouchstb.receiver.ReservationReceiver.onReceive:38 
02-05 09:08:14.239  8191  8191 W ContextImpl: Calling a method in the system process without a qualified user: android.app.ContextImpl.bindService:1540 android.content.ContextWrapper.bindService:678 com.lguplus.iptv3.onetouchstb.stb.LgIptvShmRemoteWrapper.onBindIptvRemote:114 com.lguplus.iptv3.onetouchstb.service.OneTouchSTBService.onCreate:113 android.app.ActivityThread.handleCreateService:3404 
02-05 09:08:21.622  7778  7778 I chatty  : uid=1000(system) com.lguplus.iptv3.base.vod expire 3 lines
02-05 09:08:22.666   488  1043 D DRIVER-LGE-i2c: [i2c_open] (pid=488) open success id:0 dev=/dev/i2c-0
02-05 09:08:22.666   488  1043 D DRIVER-LGE-i2c: [i2c_open] (pid=488) open success id:1 dev=/dev/i2c-1
02-05 09:08:22.666   488  1043 D DRIVER-LGE-i2c: [i2c_open] (pid=488) open success id:2 dev=/dev/i2c-2
02-05 09:08:22.666   488  1043 D DRIVER-LGE-i2c: [i2c_open] (pid=488) open success id:3 dev=/dev/i2c-3
02-05 09:08:22.667   488  1043 D DRIVER-LGE-i2c: [i2c_close] (pid=488) close success fd:8
02-05 09:08:22.667   488  1043 D DRIVER-LGE-i2c: [i2c_close] (pid=488) close success fd:9
02-05 09:08:22.667   488  1043 D DRIVER-LGE-i2c: [i2c_close] (pid=488) close success fd:10
02-05 09:08:22.667   488  1043 D DRIVER-LGE-i2c: [i2c_close] (pid=488) close success fd:11
02-05 09:08:24.097   674 10293 I chatty  : uid=1000(system) Binder:674_1C expire 12 lines
02-05 09:08:40.197   674  1442 I chatty  : uid=1000(system) Binder:674_11 expire 14 lines
02-05 09:08:41.216   488   488 D DRIVER-LGE-i2c: [i2c_open] (pid=488) open success id:0 dev=/dev/i2c-0
02-05 09:08:41.216   488   488 D DRIVER-LGE-i2c: [i2c_open] (pid=488) open success id:1 dev=/dev/i2c-1
02-05 09:08:41.216   488   488 D DRIVER-LGE-i2c: [i2c_open] (pid=488) open success id:2 dev=/dev/i2c-2
02-05 09:08:41.216   488   488 D DRIVER-LGE-i2c: [i2c_open] (pid=488) open success id:3 dev=/dev/i2c-3
02-05 09:08:41.217   488   488 D DRIVER-LGE-i2c: [i2c_close] (pid=488) close success fd:8
02-05 09:08:41.217   488   488 D DRIVER-LGE-i2c: [i2c_close] (pid=488) close success fd:9
02-05 09:08:41.217   488   488 D DRIVER-LGE-i2c: [i2c_close] (pid=488) close success fd:10
02-05 09:08:41.217   488   488 D DRIVER-LGE-i2c: [i2c_close] (pid=488) close success fd:11
02-05 09:08:42.345   674  4234 I chatty  : uid=1000(system) Binder:674_19 expire 17 lines
02-05 09:08:42.348   674  1392 I chatty  : uid=1000(system) Binder:674_D expire 20 lines
02-05 09:08:44.614   674   674 I chatty  : uid=1000 system_server expire 11 lines
02-05 09:08:45.035  8655  8655 W ContextImpl: Calling a method in the system process without a qualified user: android.app.ContextImpl.startService:1460 android.content.ContextWrapper.startService:644 android.content.ContextWrapper.startService:644 com.lguplus.iptv3.onetouchstb.receiver.ReservationReceiver.startService:49 com.lguplus.iptv3.onetouchstb.receiver.ReservationReceiver.onReceive:38 
02-05 09:08:45.038  8655  8655 W ContextImpl: Calling a method in the system process without a qualified user: android.app.ContextImpl.bindService:1540 android.content.ContextWrapper.bindService:678 com.lguplus.iptv3.onetouchstb.stb.LgIptvShmRemoteWrapper.onBindIptvRemote:114 com.lguplus.iptv3.onetouchstb.service.OneTouchSTBService.onCreate:113 android.app.ActivityThread.handleCreateService:3404 
02-05 09:08:45.083   674  1384 I chatty  : uid=1000(system) Binder:674_B expire 12 lines
02-05 09:08:46.426  8807  8807 W ContextImpl: Calling a method in the system process without a qualified user: android.app.ContextImpl.startService:1460 android.content.ContextWrapper.startService:644 android.content.ContextWrapper.startService:644 com.lguplus.iptv3.arzoo.push.LGUPlusPushAgentMsgReceiver.onReceive:104 android.app.ActivityThread.handleReceiver:3252 
02-05 09:08:46.566  8807  8807 W ContextImpl: Calling a method in the system process without a qualified user: android.app.ContextImpl.sendBroadcast:950 android.content.ContextWrapper.sendBroadcast:431 com.lguplus.iptv3.arzoo.push.LGUPlusPushAgentAPI.checkRegID:78 com.lguplus.iptv3.arzoo.push.ARZooPushService.onStartCommand:51 android.app.ActivityThread.handleServiceArgs:3539 
02-05 09:08:48.273  8655  8655 W ContextImpl: Calling a method in the system process without a qualified user: android.app.ContextImpl.sendBroadcast:950 android.content.ContextWrapper.sendBroadcast:431 android.content.ContextWrapper.sendBroadcast:431 com.lguplus.iptv3.onetouchstb.push.LGUPlusPushAgentAPI.checkRegID:153 com.lguplus.iptv3.onetouchstb.push.OnetouchSTBPushManager.requestCheckRegId:46 
02-05 09:08:48.925  7778  7778 W ContextImpl: Calling a method in the system process without a qualified user: android.app.ContextImpl.sendBroadcast:950 android.content.ContextWrapper.sendBroadcast:431 com.lguplus.iptv3.base.vod.player.VoDPlayerActivity$14.CompletionListener:2264 com.lguplus.iptv3.base.vod.player.VoDPlayerControler$26.onCompletion:7176 com.lguplus.iptv3.base.vod.common.NewVodMediaPlayer$5.onCompletion:346 
02-05 09:08:48.966  7778  7778 W ContextImpl: Calling a method in the system process without a qualified user: android.app.ContextImpl.startService:1460 android.content.ContextWrapper.startService:644 com.lguplus.iptv3.base.ratingmanager.RatingManager.sendPreVodAdsLog:248 com.lguplus.iptv3.base.vod.player.VoDPlayerActivity.sendPreADLog:11656 com.lguplus.iptv3.base.vod.player.VoDPlayerActivity.access$4000:152 
02-05 09:08:49.250   674  1411 I chatty  : uid=1000(system) Binder:674_E expire 11 lines
02-05 09:08:50.638  7778  7778 W ContextImpl: Calling a method in the system process without a qualified user: android.app.ContextImpl.startService:1460 android.content.ContextWrapper.startService:644 com.lguplus.iptv3.base.ratingmanager.RatingManager.sendVodLog:219 com.lguplus.iptv3.base.vod.player.VoDPlayerActivity.sendVODLog:11632 com.lguplus.iptv3.base.vod.player.VoDPlayerActivity.access$3200:152 
02-05 09:08:51.095   488  1041 D DRIVER-LGE-i2c: [i2c_open] (pid=488) open success id:0 dev=/dev/i2c-0
02-05 09:08:51.095   488  1041 D DRIVER-LGE-i2c: [i2c_open] (pid=488) open success id:1 dev=/dev/i2c-1
02-05 09:08:51.095   488  1041 D DRIVER-LGE-i2c: [i2c_open] (pid=488) open success id:2 dev=/dev/i2c-2
02-05 09:08:51.095   488  1041 D DRIVER-LGE-i2c: [i2c_open] (pid=488) open success id:3 dev=/dev/i2c-3
02-05 09:08:51.096   488  1041 D DRIVER-LGE-i2c: [i2c_close] (pid=488) close success fd:8
02-05 09:08:51.096   488  1041 D DRIVER-LGE-i2c: [i2c_close] (pid=488) close success fd:9
02-05 09:08:51.096   488  1041 D DRIVER-LGE-i2c: [i2c_close] (pid=488) close success fd:10
02-05 09:08:51.096   488  1041 D DRIVER-LGE-i2c: [i2c_close] (pid=488) close success fd:11
02-05 09:08:51.356  7778  7778 W ContextImpl: Calling a method in the system process without a qualified user: android.app.ContextImpl.sendBroadcast:950 android.content.ContextWrapper.sendBroadcast:431 com.lguplus.iptv3.base.vod.player.VoDPlayerActivity.sendVODDetailData:5331 com.lguplus.iptv3.base.vod.player.VoDPlayerActivity.access$6900:152 com.lguplus.iptv3.base.vod.player.VoDPlayerActivity$14.OnPrepare:3259 
02-05 09:08:51.956  9164  9164 W ContextImpl: Calling a method in the system process without a qualified user: android.app.ContextImpl.startService:1460 android.content.ContextWrapper.startService:644 android.content.ContextWrapper.startService:644 com.lguplus.iptv3.arzoo.push.LGUPlusPushAgentMsgReceiver.onReceive:104 android.app.ActivityThread.handleReceiver:3252 
02-05 09:08:52.024  9164  9164 W ContextImpl: Calling a method in the system process without a qualified user: android.app.ContextImpl.sendBroadcast:950 android.content.ContextWrapper.sendBroadcast:431 com.lguplus.iptv3.arzoo.push.LGUPlusPushAgentAPI.checkRegID:78 com.lguplus.iptv3.arzoo.push.ARZooPushService.onStartCommand:51 android.app.ActivityThread.handleServiceArgs:3539 
02-05 09:08:52.615   674  2484 I chatty  : uid=1000(system) Binder:674_17 expire 14 lines
02-05 09:08:52.636   674  1412 I chatty  : uid=1000(system) Binder:674_F expire 12 lines
02-05 09:08:53.275   674   999 I chatty  : uid=1000(system) Binder:674_5 expire 15 lines
02-05 09:08:53.483   674 15526 I chatty  : uid=1000(system) Binder:674_1E expire 13 lines
02-05 09:08:53.784  9220  9220 W ContextImpl: Calling a method in the system process without a qualified user: android.app.ContextImpl.sendBroadcast:950 android.content.ContextWrapper.sendBroadcast:431 android.content.ContextWrapper.sendBroadcast:431 com.lguplus.iptv3.onetouchstb.push.LGUPlusPushAgentAPI.checkRegID:153 com.lguplus.iptv3.onetouchstb.push.OnetouchSTBPushManager.requestCheckRegId:46 
02-05 09:08:53.851  9220  9220 W ContextImpl: Calling a method in the system process without a qualified user: android.app.ContextImpl.bindService:1540 android.content.ContextWrapper.bindService:678 com.lguplus.iptv3.onetouchstb.stb.LgIptvShmRemoteWrapper.onBindIptvRemote:114 com.lguplus.iptv3.onetouchstb.service.OneTouchSTBService.onCreate:113 android.app.ActivityThread.handleCreateService:3404 
02-05 09:08:54.489   674   696 I chatty  : uid=1000(system) ActivityManager expire 12 lines
02-05 09:08:57.932  9442  9442 W ContextImpl: Calling a method in the system process without a qualified user: android.app.ContextImpl.bindService:1540 android.content.ContextWrapper.bindService:678 com.lguplus.iptv3.onetouchstb.stb.LgIptvShmRemoteWrapper.onBindIptvRemote:114 com.lguplus.iptv3.onetouchstb.service.OneTouchSTBService.onCreate:113 android.app.ActivityThread.handleCreateService:3404 
02-05 09:08:58.634  9465  9465 W ContextImpl: Calling a method in the system process without a qualified user: android.app.ContextImpl.startService:1460 android.content.ContextWrapper.startService:644 android.content.ContextWrapper.startService:644 com.lguplus.iptv3.arzoo.push.LGUPlusPushAgentMsgReceiver.onReceive:104 android.app.ActivityThread.handleReceiver:3252 
02-05 09:09:00.473  9557  9557 W ContextImpl: Calling a method in the system process without a qualified user: android.app.ContextImpl.sendBroadcast:950 android.content.ContextWrapper.sendBroadcast:431 android.content.ContextWrapper.sendBroadcast:431 com.lguplus.iptv3.onetouchstb.push.LGUPlusPushAgentAPI.checkRegID:153 com.lguplus.iptv3.onetouchstb.push.OnetouchSTBPushManager.requestCheckRegId:46 
02-05 09:09:00.550  9557  9557 W ContextImpl: Calling a method in the system process without a qualified user: android.app.ContextImpl.bindService:1540 android.content.ContextWrapper.bindService:678 com.lguplus.iptv3.onetouchstb.stb.LgIptvShmRemoteWrapper.onBindIptvRemote:114 com.lguplus.iptv3.onetouchstb.service.OneTouchSTBService.onCreate:113 android.app.ActivityThread.handleCreateService:3404 
02-05 09:09:02.904   674 10287 I chatty  : uid=1000(system) Binder:674_1B expire 10 lines
02-05 09:09:04.426   674  1441 I chatty  : uid=1000(system) Binder:674_10 expire 14 lines
02-05 09:09:04.748  9748  9748 W ContextImpl: Calling a method in the system process without a qualified user: android.app.ContextImpl.startService:1460 android.content.ContextWrapper.startService:644 android.content.ContextWrapper.startService:644 com.lguplus.iptv3.arzoo.push.LGUPlusPushAgentMsgReceiver.onReceive:104 android.app.ActivityThread.handleReceiver:3252 
02-05 09:09:04.770   674 17247 I chatty  : uid=1000(system) Binder:674_1F expire 10 lines
02-05 09:09:04.832  9748  9748 W ContextImpl: Calling a method in the system process without a qualified user: android.app.ContextImpl.sendBroadcast:950 android.content.ContextWrapper.sendBroadcast:431 com.lguplus.iptv3.arzoo.push.LGUPlusPushAgentAPI.checkRegID:78 com.lguplus.iptv3.arzoo.push.ARZooPushService.onStartCommand:51 android.app.ActivityThread.handleServiceArgs:3539 
02-05 09:09:05.565   674   999 I chatty  : uid=1000(system) Binder:674_5 expire 11 lines
02-05 09:09:06.148   674  2329 I chatty  : uid=1000(system) Binder:674_14 expire 12 lines
02-05 09:09:06.323  9894  9894 W ContextImpl: Calling a method in the system process without a qualified user: android.app.ContextImpl.sendBroadcast:950 android.content.ContextWrapper.sendBroadcast:431 android.content.ContextWrapper.sendBroadcast:431 com.lguplus.iptv3.onetouchstb.push.LGUPlusPushAgentAPI.checkRegID:153 com.lguplus.iptv3.onetouchstb.push.OnetouchSTBPushManager.requestCheckRegId:46 
02-05 09:09:06.352  9894  9894 W ContextImpl: Calling a method in the system process without a qualified user: android.app.ContextImpl.bindService:1540 android.content.ContextWrapper.bindService:678 com.lguplus.iptv3.onetouchstb.stb.LgIptvShmRemoteWrapper.onBindIptvRemote:114 com.lguplus.iptv3.onetouchstb.service.OneTouchSTBService.onCreate:113 android.app.ActivityThread.handleCreateService:3404 
02-05 09:09:08.620 10070 10070 W ContextImpl: Calling a method in the system process without a qualified user: android.app.ContextImpl.startService:1460 android.content.ContextWrapper.startService:644 android.content.ContextWrapper.startService:644 com.lguplus.iptv3.arzoo.push.LGUPlusPushAgentMsgReceiver.onReceive:104 android.app.ActivityThread.handleReceiver:3252 
02-05 09:09:08.900   674  1442 I chatty  : uid=1000(system) Binder:674_11 expire 12 lines
02-05 09:09:10.483 10174 10174 W ContextImpl: Calling a method in the system process without a qualified user: android.app.ContextImpl.sendBroadcast:950 android.content.ContextWrapper.sendBroadcast:431 android.content.ContextWrapper.sendBroadcast:431 com.lguplus.iptv3.onetouchstb.push.LGUPlusPushAgentAPI.checkRegID:153 com.lguplus.iptv3.onetouchstb.push.OnetouchSTBPushManager.requestCheckRegId:46 
02-05 09:09:10.559   674  2484 I chatty  : uid=1000(system) Binder:674_17 expire 13 lines
02-05 09:09:10.564 10174 10174 W ContextImpl: Calling a method in the system process without a qualified user: android.app.ContextImpl.bindService:1540 android.content.ContextWrapper.bindService:678 com.lguplus.iptv3.onetouchstb.stb.LgIptvShmRemoteWrapper.onBindIptvRemote:114 com.lguplus.iptv3.onetouchstb.service.OneTouchSTBService.onCreate:113 android.app.ActivityThread.handleCreateService:3404 
02-05 09:09:10.849   674  1384 I chatty  : uid=1000(system) Binder:674_B expire 11 lines
02-05 09:09:13.735   674  1392 I chatty  : uid=1000(system) Binder:674_D expire 17 lines
02-05 09:09:14.088 10392 10392 W ContextImpl: Calling a method in the system process without a qualified user: android.app.ContextImpl.startService:1460 android.content.ContextWrapper.startService:644 android.content.ContextWrapper.startService:644 com.lguplus.iptv3.arzoo.push.LGUPlusPushAgentMsgReceiver.onReceive:104 android.app.ActivityThread.handleReceiver:3252 
02-05 09:09:14.177 10392 10392 W ContextImpl: Calling a method in the system process without a qualified user: android.app.ContextImpl.sendBroadcast:950 android.content.ContextWrapper.sendBroadcast:431 com.lguplus.iptv3.arzoo.push.LGUPlusPushAgentAPI.checkRegID:78 com.lguplus.iptv3.arzoo.push.ARZooPushService.onStartCommand:51 android.app.ActivityThread.handleServiceArgs:3539 
02-05 09:09:16.158 10569 10569 W ContextImpl: Calling a method in the system process without a qualified user: android.app.ContextImpl.sendBroadcast:950 android.content.ContextWrapper.sendBroadcast:431 android.content.ContextWrapper.sendBroadcast:431 com.lguplus.iptv3.onetouchstb.push.LGUPlusPushAgentAPI.checkRegID:153 com.lguplus.iptv3.onetouchstb.push.OnetouchSTBPushManager.requestCheckRegId:46 
02-05 09:09:16.205 10569 10569 W ContextImpl: Calling a method in the system process without a qualified user: android.app.ContextImpl.bindService:1540 android.content.ContextWrapper.bindService:678 com.lguplus.iptv3.onetouchstb.stb.LgIptvShmRemoteWrapper.onBindIptvRemote:114 com.lguplus.iptv3.onetouchstb.service.OneTouchSTBService.onCreate:113 android.app.ActivityThread.handleCreateService:3404 
02-05 09:09:16.235   674   693 I chatty  : uid=1000(system) Binder:674_2 expire 10 lines
02-05 09:09:16.784   674  3112 I chatty  : uid=1000(system) Binder:674_18 expire 24 lines
02-05 09:09:16.807   674 17678 I chatty  : uid=1000(system) Binder:674_20 expire 12 lines
02-05 09:09:18.803 10772 10772 W ContextImpl: Calling a method in the system process without a qualified user: android.app.ContextImpl.startService:1460 android.content.ContextWrapper.startService:644 android.content.ContextWrapper.startService:644 com.lguplus.iptv3.arzoo.push.LGUPlusPushAgentMsgReceiver.onReceive:104 android.app.ActivityThread.handleReceiver:3252 
02-05 09:09:18.903 10772 10772 W ContextImpl: Calling a method in the system process without a qualified user: android.app.ContextImpl.sendBroadcast:950 android.content.ContextWrapper.sendBroadcast:431 com.lguplus.iptv3.arzoo.push.LGUPlusPushAgentAPI.checkRegID:78 com.lguplus.iptv3.arzoo.push.ARZooPushService.onStartCommand:51 android.app.ActivityThread.handleServiceArgs:3539 
02-05 09:09:20.987 10907 10907 W ContextImpl: Calling a method in the system process without a qualified user: android.app.ContextImpl.sendBroadcast:950 android.content.ContextWrapper.sendBroadcast:431 android.content.ContextWrapper.sendBroadcast:431 com.lguplus.iptv3.onetouchstb.push.LGUPlusPushAgentAPI.checkRegID:153 com.lguplus.iptv3.onetouchstb.push.OnetouchSTBPushManager.requestCheckRegId:46 
02-05 09:09:21.040 10907 10907 W ContextImpl: Calling a method in the system process without a qualified user: android.app.ContextImpl.bindService:1540 android.content.ContextWrapper.bindService:678 com.lguplus.iptv3.onetouchstb.stb.LgIptvShmRemoteWrapper.onBindIptvRemote:114 com.lguplus.iptv3.onetouchstb.service.OneTouchSTBService.onCreate:113 android.app.ActivityThread.handleCreateService:3404 
02-05 09:09:22.644 10993 10993 W ContextImpl: Calling a method in the system process without a qualified user: android.app.ContextImpl.bindService:1540 android.content.ContextWrapper.bindService:678 com.lguplus.iptv3.onetouchstb.stb.LgIptvShmRemoteWrapper.onBindIptvRemote:114 com.lguplus.iptv3.onetouchstb.service.OneTouchSTBService.onCreate:113 android.app.ActivityThread.handleCreateService:3404 
02-05 09:09:23.640 11045 11045 W ContextImpl: Calling a method in the system process without a qualified user: android.app.ContextImpl.startService:1460 android.content.ContextWrapper.startService:644 android.content.ContextWrapper.startService:644 com.lguplus.iptv3.arzoo.push.LGUPlusPushAgentMsgReceiver.onReceive:104 android.app.ActivityThread.handleReceiver:3252 
02-05 09:09:24.585 11118 11118 W ContextImpl: Calling a method in the system process without a qualified user: android.app.ContextImpl.startService:1460 android.content.ContextWrapper.startService:644 com.lguplus.iptv3.base.agent.advertisement.ADAgent.onBind:44 android.app.ActivityThread.handleBindService:3431 android.app.ActivityThread.access$2400:173 
02-05 09:09:24.611 11118 11137 W ContextImpl: Calling a method in the system process without a qualified user: android.app.ContextImpl.bindService:1540 android.content.ContextWrapper.bindService:678 com.lguplus.iptv3.base.agent.advertisement.common.MyIptvConfig.<init>:36 kr.co.adclick.dacom.ADAgentService.setupEnvironment:236 kr.co.adclick.dacom.ADAgentService.onStartADAgent:83 
02-05 09:09:24.615 11118 11139 W ContextImpl: Calling a method in the system process without a qualified user: android.app.ContextImpl.bindService:1540 android.content.ContextWrapper.bindService:678 com.lguplus.iptv3.base.agent.advertisement.common.MyIptvConfig.<init>:36 kr.co.adclick.dacom.ADAgentService.setupEnvironment:236 kr.co.adclick.dacom.ADAgentService.onStartADAgent:83 
02-05 09:09:25.205   674  2329 I chatty  : uid=1000(system) Binder:674_14 expire 16 lines
02-05 09:09:25.658 11173 11173 W ContextImpl: Calling a method in the system process without a qualified user: android.app.ContextImpl.sendBroadcast:950 android.content.ContextWrapper.sendBroadcast:431 android.content.ContextWrapper.sendBroadcast:431 com.lguplus.iptv3.onetouchstb.push.LGUPlusPushAgentAPI.checkRegID:153 com.lguplus.iptv3.onetouchstb.push.OnetouchSTBPushManager.requestCheckRegId:46 
02-05 09:09:25.728 11173 11173 W ContextImpl: Calling a method in the system process without a qualified user: android.app.ContextImpl.bindService:1540 android.content.ContextWrapper.bindService:678 com.lguplus.iptv3.onetouchstb.stb.LgIptvShmRemoteWrapper.onBindIptvRemote:114 com.lguplus.iptv3.onetouchstb.service.OneTouchSTBService.onCreate:113 android.app.ActivityThread.handleCreateService:3404 
02-05 09:09:27.170   674   862 I chatty  : uid=1000(system) Binder:674_3 expire 31 lines
02-05 09:09:27.340 11291 11291 W ContextImpl: Calling a method in the system process without a qualified user: android.app.ContextImpl.bindService:1540 android.content.ContextWrapper.bindService:678 com.lguplus.iptv3.onetouchstb.stb.LgIptvShmRemoteWrapper.onBindIptvRemote:114 com.lguplus.iptv3.onetouchstb.service.OneTouchSTBService.onCreate:113 android.app.ActivityThread.handleCreateService:3404 
02-05 09:09:33.222 11556 11556 W ContextImpl: Calling a method in the system process without a qualified user: android.app.ContextImpl.startService:1460 android.content.ContextWrapper.startService:644 android.content.ContextWrapper.startService:644 com.lguplus.iptv3.arzoo.push.LGUPlusPushAgentMsgReceiver.onReceive:104 android.app.ActivityThread.handleReceiver:3252 
02-05 09:09:33.338 11556 11556 W ContextImpl: Calling a method in the system process without a qualified user: android.app.ContextImpl.sendBroadcast:950 android.content.ContextWrapper.sendBroadcast:431 com.lguplus.iptv3.arzoo.push.LGUPlusPushAgentAPI.checkRegID:78 com.lguplus.iptv3.arzoo.push.ARZooPushService.onStartCommand:51 android.app.ActivityThread.handleServiceArgs:3539 
02-05 09:09:34.696 11599 11599 W ContextImpl: Calling a method in the system process without a qualified user: android.app.ContextImpl.sendBroadcast:950 android.content.ContextWrapper.sendBroadcast:431 android.content.ContextWrapper.sendBroadcast:431 com.lguplus.iptv3.onetouchstb.push.LGUPlusPushAgentAPI.checkRegID:153 com.lguplus.iptv3.onetouchstb.push.OnetouchSTBPushManager.requestCheckRegId:46 
02-05 09:09:34.743 11599 11599 W ContextImpl: Calling a method in the system process without a qualified user: android.app.ContextImpl.bindService:1540 android.content.ContextWrapper.bindService:678 com.lguplus.iptv3.onetouchstb.stb.LgIptvShmRemoteWrapper.onBindIptvRemote:114 com.lguplus.iptv3.onetouchstb.service.OneTouchSTBService.onCreate:113 android.app.ActivityThread.handleCreateService:3404 
02-05 09:09:35.804   674  1129 I chatty  : uid=1000(system) Binder:674_6 expire 12 lines
02-05 09:09:37.694 11836 11836 W ContextImpl: Calling a method in the system process without a qualified user: android.app.ContextImpl.startService:1460 android.content.ContextWrapper.startService:644 android.content.ContextWrapper.startService:644 com.lguplus.iptv3.arzoo.push.LGUPlusPushAgentMsgReceiver.onReceive:104 android.app.ActivityThread.handleReceiver:3252 
02-05 09:09:37.910   674  1441 I chatty  : uid=1000(system) Binder:674_10 expire 11 lines
02-05 09:09:37.939   674  2484 I chatty  : uid=1000(system) Binder:674_17 expire 11 lines
02-05 09:09:39.234 11911 11911 W ContextImpl: Calling a method in the system process without a qualified user: android.app.ContextImpl.sendBroadcast:950 android.content.ContextWrapper.sendBroadcast:431 android.content.ContextWrapper.sendBroadcast:431 com.lguplus.iptv3.onetouchstb.push.LGUPlusPushAgentAPI.checkRegID:153 com.lguplus.iptv3.onetouchstb.push.OnetouchSTBPushManager.requestCheckRegId:46 
02-05 09:09:39.313 11911 11911 W ContextImpl: Calling a method in the system process without a qualified user: android.app.ContextImpl.bindService:1540 android.content.ContextWrapper.bindService:678 com.lguplus.iptv3.onetouchstb.stb.LgIptvShmRemoteWrapper.onBindIptvRemote:114 com.lguplus.iptv3.onetouchstb.service.OneTouchSTBService.onCreate:113 android.app.ActivityThread.handleCreateService:3404 
02-05 09:09:40.005   674  1386 I chatty  : uid=1000(system) Binder:674_C expire 12 lines
