01-25 08:29:55.817  4068  4068 D U+Box HomeShare: DeviceListManager [DEVLIST:PERF] DevListMgr.onDeviceAdd: GWID: null, DeviceDescr:  COneCPDeviceDescr [DLNA:DMR, ID=uuid:b9258d4a-bf14-f0fb-b471-fb25a2db231f, Name=U+TV, Icon=http://192.168.219.104:38400/icon/icon120x120.png, Manuf.=LG U+(http://www.lguplus.co.kr), ModelDesc.=U+ Shoot&Play, Model=U+ Shoot&Play(1.0, http://www.lguplus.co.kr), Pt. URL=, Addr.=192.168.219.104, Port=1900, SN=, UPC=, UPnP Type=urn:schemas-upnp-org:device:MediaRenderer:1, URLBase=, Import=0, Export=0, ContinuousPlay=0, Nickname=null, AudioSyncExcess=0, VideoSyncExcess=0, ImageSyncExcess=0, DocumentSyncExcess=0]
01-25 08:29:55.817  4068  4068 D U+Box HomeShare: DeviceListManager [isExistDevice] Ret : false Index : -1
01-25 08:29:55.847  4068  4068 D dalvikvm: GC_FOR_ALLOC freed 347K, 17% free 3850K/4604K, paused 23ms, total 23ms
01-25 08:29:55.847  4068  4068 D U+Box HomeShare: null Test RandCtn : STBG00:1C:62:86:CA:57
01-25 08:29:55.847  4068  4068 D U+Box HomeShare: null Test RandCtn : STBG00:1C:62:86:CA:57
01-25 08:29:55.887  2093  2115 D dalvikvm: GC_CONCURRENT freed 406K, 21% free 2600K/3284K, paused 3ms+2ms, total 28ms
01-25 08:29:56.267  4068  4068 D U+Box HomeShare: DlnaServiceManager [DEVLIST:PERF:DLNA] DlnaServiceManager.onDeviceDescriptionAdded :  COneCPDeviceDescr [LOCAL:DMR, ID=uuid:b9258d4a-bf14-f0fb-b471-fb25a2db231f, Name=U+TV, Icon=http://192.168.219.104:38400/icon/icon120x120.png, Manuf.=LG U+(http://www.lguplus.co.kr), ModelDesc.=U+ Shoot&Play, Model=U+ Shoot&Play(1.0, http://www.lguplus.co.kr), Pt. URL=, Addr.=192.168.219.104, Port=1900, SN=, UPC=, UPnP Type=urn:schemas-upnp-org:device:MediaRenderer:1, URLBase=, Import=0, Export=0, ContinuousPlay=0, Nickname=null, AudioSyncExcess=0, VideoSyncExcess=0, ImageSyncExcess=0, DocumentSyncExcess=0]
01-25 08:29:56.267  4068  4068 D U+Box HomeShare: DeviceListManager onDeviceAdd : U+TV U+ Shoot&Play
01-25 08:29:56.267  4068  4068 D U+Box HomeShare: DeviceListManager [DEVLIST:PERF] ===> LGW=null, HGW=, DEV GW=null, DeviceDES= COneCPDeviceDescr [LOCAL:DMR, ID=uuid:b9258d4a-bf14-f0fb-b471-fb25a2db231f, Name=U+TV, Icon=http://192.168.219.104:38400/icon/icon120x120.png, Manuf.=LG U+(http://www.lguplus.co.kr), ModelDesc.=U+ Shoot&Play, Model=U+ Shoot&Play(1.0, http://www.lguplus.co.kr), Pt. URL=, Addr.=192.168.219.104, Port=1900, SN=, UPC=, UPnP Type=urn:schemas-upnp-org:device:MediaRenderer:1, URLBase=, Import=0, Export=0, ContinuousPlay=0, Nickname=null, AudioSyncExcess=0, VideoSyncExcess=0, ImageSyncExcess=0, DocumentSyncExcess=0]
01-25 08:29:56.317  4068  4072 D dalvikvm: GC_CONCURRENT freed 495K, 17% free 3866K/4604K, paused 1ms+2ms, total 27ms
01-25 08:29:56.317  4068  4068 D dalvikvm: WAIT_FOR_CONCURRENT_GC blocked 17ms
01-25 08:29:56.317  4068  4068 D U+Box HomeShare: ConnectionManager AIPAddress fe80::21c:62ff:fe86:ca57%eth0
01-25 08:29:56.317  4068  4068 D U+Box HomeShare: ConnectionManager AIPAddress 192.168.219.104
01-25 08:29:56.317  4068  4068 D U+Box HomeShare: DeviceListManager [DEVLIST:PERF] DevListMgr.onDeviceAdd: GWID: null, DeviceDescr:  COneCPDeviceDescr [DLNA:DMR, ID=uuid:b9258d4a-bf14-f0fb-b471-fb25a2db231f, Name=U+TV, Icon=http://192.168.219.104:38400/icon/icon120x120.png, Manuf.=LG U+(http://www.lguplus.co.kr), ModelDesc.=U+ Shoot&Play, Model=U+ Shoot&Play(1.0, http://www.lguplus.co.kr), Pt. URL=, Addr.=192.168.219.104, Port=1900, SN=, UPC=, UPnP Type=urn:schemas-upnp-org:device:MediaRenderer:1, URLBase=, Import=0, Export=0, ContinuousPlay=0, Nickname=null, AudioSyncExcess=0, VideoSyncExcess=0, ImageSyncExcess=0, DocumentSyncExcess=0]
01-25 08:29:56.317  4068  4068 D U+Box HomeShare: DeviceListManager [isExistDevice] Ret : false Index : -1
01-25 08:29:56.317  4068  4068 D U+Box HomeShare: null Test RandCtn : STBG00:1C:62:86:CA:57
01-25 08:29:56.317  4068  4068 D U+Box HomeShare: null Test RandCtn : STBG00:1C:62:86:CA:57
01-25 08:29:59.567  4068  4068 D U+Box HomeShare: HomeShareReceiver [Receive Intent] Action : com.lguplus.iptv3.homesharestb.SERVICE.RESTART
01-25 08:29:59.567  4068  4068 D U+Box HomeShare: HomeShareReceiver Receive : INTENT_HOMESHARE_SERVICE_RESTART ( Service Started : true )
01-25 08:30:00.267  1754  1757 D dalvikvm: GC_CONCURRENT freed 1649K, 58% free 9428K/21928K, paused 4ms+10ms, total 103ms
01-25 08:30:00.437   926   926 D LIVE-LGE-XCHECKER: startCrossCheck:139, stream err: 0, pcr err: 0, max_check_count: 40
01-25 08:30:01.897  2093  2115 D dalvikvm: GC_CONCURRENT freed 387K, 21% free 2613K/3284K, paused 2ms+2ms, total 20ms
01-25 08:30:05.437   926   926 D LIVE-LGE-XCHECKER: startCrossCheck:139, stream err: 0, pcr err: 0, max_check_count: 40
01-25 08:30:08.037  2093  2115 D dalvikvm: GC_CONCURRENT freed 411K, 21% free 2604K/3284K, paused 2ms+1ms, total 26ms
01-25 08:30:08.287   361   361 I AnypointAD - t.a.a.c.s.MonitorScheduler: [56] start monitoring..
01-25 08:30:08.287   361  3884 I AnypointAD - t.a.a.c.s.PushMsgClient: [179] connection: TCPNIOConnection{localSocketAddress={/192.168.219.104:43956}, peerSocketAddress={/52.79.82.81:31102}}, isConnected: true, lastReceivedTime: 1516836548213
01-25 08:30:08.297   361   361 I AnypointAD - t.a.a.c.s.MonitorScheduler: [84] register boot ad call alarm.
01-25 08:30:08.297   361  3884 I AnypointAD - t.a.a.c.s.PushMsgClient: [154] Sending device event: Heartbeat
01-25 08:30:08.307   361  3697 I AnypointAD - t.a.a.c.m.ServerMessageProcessorFactory: [101] received message from server: HeartbeatMessage
01-25 08:30:08.307   361   361 I AnypointAD - t.a.a.c.s.MonitorScheduler: [89] monitoring finished..
01-25 08:30:08.317  1754  1773 E NotificationService: Ignoring notification with icon==0: Notification(pri=0 contentView=null vibrate=null sound=null defaults=0x0 flags=0x62 kind=[null])
01-25 08:30:08.337   361   361 D dalvikvm: GC_FOR_ALLOC freed 385K, 18% free 3694K/4472K, paused 23ms, total 23ms
01-25 08:30:08.347   361   361 I AnypointAD - t.a.a.c.a.StartService: [15] StartService start...4147, class tv.anypoint.android.core.app.StartService
01-25 08:30:09.937  2093  2115 D dalvikvm: GC_CONCURRENT freed 391K, 21% free 2602K/3284K, paused 2ms+2ms, total 19ms
01-25 08:30:10.437   926   926 D LIVE-LGE-XCHECKER: startCrossCheck:139, stream err: 0, pcr err: 0, max_check_count: 40
01-25 08:30:11.077  1754  1827 I TvWindowManager: AUTO_STANDBY : AutoStandbyCheckTask started - curTime = 250071043 / lastKeyInTime = 250011044
01-25 08:30:11.077  1754  1827 I TvWindowManager: AUTO_STANDBY : resetLastKeyInTimeInNotActivePowerModeState() - Last key in time = 250071044
01-25 08:30:11.087  2155  2155 I VOD-PINEONE-LAUNCHER: [CategoryAlarmReceiver] onReceive()[19] >> [onReceive] Category Alarm Receive!!
01-25 08:30:11.087  2155   751 I VOD-PINEONE-LAUNCHER: [CategoryMenuManager] getMenuDataVersion()[103] >> [getMenuDataVersion] file path: /LGU_data/ma/version.cfg
01-25 08:30:11.087  2155   751 I VOD-PINEONE-LAUNCHER: [CategoryMenuManager$1] run()[66] >> [getMenuDataVersion] currentVersion: VERSION=0xc1
01-25 08:30:11.087  2155   751 I VOD-PINEONE-LAUNCHER: , fileVersion: VERSION=0xc1
01-25 08:30:11.087  2155   751 I VOD-PINEONE-LAUNCHER: 
01-25 08:30:13.307  1691  1697 D dalvikvm: GC_CONCURRENT freed 386K, 20% free 2505K/3120K, paused 2ms+2ms, total 16ms
01-25 08:30:15.437   926   926 D LIVE-LGE-XCHECKER: startCrossCheck:139, stream err: 0, pcr err: 0, max_check_count: 40
01-25 08:30:17.657  2155  2155 D ETC-PINEONE-LAUNCHER: [SystemButton] setNotificationCount()[103] >> notification count 4
01-25 08:30:17.837  2093  2115 D dalvikvm: GC_CONCURRENT freed 388K, 21% free 2602K/3284K, paused 2ms+1ms, total 19ms
01-25 08:30:20.437   926   926 D LIVE-LGE-XCHECKER: startCrossCheck:139, stream err: 0, pcr err: 0, max_check_count: 40
01-25 08:30:22.077   904  1026 D SETTINGS-LGE-IptvStorageManager: readUserPreference(LASTCHANNEL) called 
01-25 08:30:22.077   904  1026 D SETTINGS-LGE-IptvStorageManager: readUserPreference() : /LGU_data/UP/LASTCHANNEL.1 file does not exist
01-25 08:30:22.077   904  1026 D SETTINGS-LGE-IptvStorageManager: readUserPreference(LASTCHANNEL, 1) SUCCESS
01-25 08:30:22.077   362   386 I LIVE-LGE-JNI: readUP[LASTCHANNEL] 0th PrefValue : 677
01-25 08:30:23.457  2093  2115 D dalvikvm: GC_CONCURRENT freed 389K, 21% free 2602K/3284K, paused 2ms+2ms, total 19ms
01-25 08:30:24.437   904  1027 D SETTINGS-LGE-IptvStorageManager: readUserPreference(IPTV_ENABLED) called 
01-25 08:30:24.437   904  1027 D SETTINGS-LGE-IptvStorageManager: readUserPreference() : /LGU_data/UP/IPTV_ENABLED.1 file does not exist
01-25 08:30:24.437   904  1027 D SETTINGS-LGE-IptvStorageManager: readUserPreference(IPTV_ENABLED, 1) SUCCESS
01-25 08:30:24.437  3224  3224 I LIVE-LGE-JNI: readUP[IPTV_ENABLED] 0th PrefValue : true
01-25 08:30:25.437   926   926 D LIVE-LGE-XCHECKER: startCrossCheck:139, stream err: 0, pcr err: 0, max_check_count: 40
01-25 08:30:26.457  2093  2115 D dalvikvm: GC_CONCURRENT freed 390K, 21% free 2603K/3284K, paused 2ms+2ms, total 19ms
01-25 08:30:29.567  4068  4068 D U+Box HomeShare: HomeShareReceiver [Receive Intent] Action : com.lguplus.iptv3.homesharestb.SERVICE.RESTART
01-25 08:30:29.567  4068  4068 D U+Box HomeShare: HomeShareReceiver Receive : INTENT_HOMESHARE_SERVICE_RESTART ( Service Started : true )
01-25 08:30:30.447   926   926 D LIVE-LGE-XCHECKER: startCrossCheck:139, stream err: 0, pcr err: 0, max_check_count: 40
01-25 08:30:31.277  2093  2115 D dalvikvm: GC_CONCURRENT freed 417K, 21% free 2610K/3284K, paused 2ms+2ms, total 20ms
01-25 08:30:35.447   926   926 D LIVE-LGE-XCHECKER: startCrossCheck:139, stream err: 0, pcr err: 0, max_check_count: 40
01-25 08:30:37.867  2093  2115 D dalvikvm: GC_CONCURRENT freed 420K, 21% free 2604K/3284K, paused 1ms+2ms, total 19ms
01-25 08:30:39.767  2093  2115 D dalvikvm: GC_CONCURRENT freed 409K, 21% free 2604K/3284K, paused 3ms+2ms, total 21ms
01-25 08:30:40.447   926   926 D LIVE-LGE-XCHECKER: startCrossCheck:139, stream err: 0, pcr err: 0, max_check_count: 40
01-25 08:30:42.147  1691  1697 D dalvikvm: GC_CONCURRENT freed 387K, 20% free 2505K/3120K, paused 1ms+2ms, total 14ms
01-25 08:30:45.277  2093  2115 D dalvikvm: GC_CONCURRENT freed 394K, 21% free 2610K/3284K, paused 3ms+2ms, total 20ms
01-25 08:30:45.447   926   926 D LIVE-LGE-XCHECKER: startCrossCheck:139, stream err: 0, pcr err: 0, max_check_count: 40
01-25 08:30:47.687  2155  2155 D ETC-PINEONE-LAUNCHER: [SystemButton] setNotificationCount()[103] >> notification count 4
01-25 08:30:49.767  2093  2115 D dalvikvm: GC_CONCURRENT freed 389K, 21% free 2608K/3284K, paused 2ms+1ms, total 19ms
01-25 08:30:50.447   926   926 D LIVE-LGE-XCHECKER: startCrossCheck:139, stream err: 0, pcr err: 0, max_check_count: 40
01-25 08:30:52.067  1754  1491 I ActivityManager: No longer want com.lguplus.iptv3.base.reservalarmmng (pid 1178): empty for 1812s
01-25 08:30:52.077   904   920 D SETTINGS-LGE-IptvStorageManager: readUserPreference(LASTCHANNEL) called 
01-25 08:30:52.077   904   920 D SETTINGS-LGE-IptvStorageManager: readUserPreference() : /LGU_data/UP/LASTCHANNEL.1 file does not exist
01-25 08:30:52.077   904   920 D SETTINGS-LGE-IptvStorageManager: readUserPreference(LASTCHANNEL, 1) SUCCESS
01-25 08:30:52.077   362   385 I LIVE-LGE-JNI: readUP[LASTCHANNEL] 0th PrefValue : 677
01-25 08:30:52.077  1754  1491 I ActivityManager: No longer want com.lguplus.pushagentstb (pid 1116): empty for 1812s
01-25 08:30:52.077  1754  1491 I ActivityManager: No longer want com.lguplus.iptv3.ltealive (pid 1154): empty for 1812s
01-25 08:30:52.097  1754  2173 W ActivityManager: Scheduling restart of crashed service com.lguplus.pushagentstb/.service.PushAgentService in 5000ms
01-25 08:30:52.097  1754  1503 W ActivityManager: Scheduling restart of crashed service com.lguplus.iptv3.base.reservalarmmng/.ServiceAlarmManage in 14994ms
01-25 08:30:54.187  2093  2115 D dalvikvm: GC_CONCURRENT freed 400K, 21% free 2602K/3284K, paused 3ms+2ms, total 20ms
01-25 08:30:54.447   904   904 D SETTINGS-LGE-IptvStorageManager: readUserPreference(IPTV_ENABLED) called 
01-25 08:30:54.447   904   904 D SETTINGS-LGE-IptvStorageManager: readUserPreference() : /LGU_data/UP/IPTV_ENABLED.1 file does not exist
01-25 08:30:54.447  1754  1773 I ActivityManager: No longer want com.google.tv.player (pid 1321): empty for 1802s
01-25 08:30:54.457   904   904 D SETTINGS-LGE-IptvStorageManager: readUserPreference(IPTV_ENABLED, 1) SUCCESS
01-25 08:30:54.457  3224  3224 I LIVE-LGE-JNI: readUP[IPTV_ENABLED] 0th PrefValue : true
01-25 08:30:54.467  1754  2144 W ActivityManager: Scheduling restart of crashed service com.google.tv.player/com.google.tv.mediadevicesapp.MediaDevicesService in 22631ms
01-25 08:30:55.447   926   926 D LIVE-LGE-XCHECKER: startCrossCheck:139, stream err: 0, pcr err: 0, max_check_count: 40
01-25 08:30:57.087  2093  2115 D dalvikvm: GC_CONCURRENT freed 429K, 21% free 2621K/3284K, paused 1ms+3ms, total 21ms
01-25 08:30:57.107  1754  1773 I ActivityManager: Start proc com.lguplus.pushagentstb for service com.lguplus.pushagentstb/.service.PushAgentService: pid=979 uid=10057 gids={50057, 3003, 1015, 1028}
01-25 08:30:57.117   979   979 I dalvikvm: Turning on JNI app bug workarounds for target SDK version 8...
01-25 08:30:57.137   979   979 E Trace   : error opening trace file: No such file or directory (2)
01-25 08:30:57.147   979   979 D dalvikvm: No JNI_OnLoad found in /vendor/lib/libPushAgentClientModule.so 0x2bab9340, skipping init
01-25 08:30:57.147   979   979 I LGU+PushSTB: **- State Info - onCreate : PushAgent STB 01.00.18_160901
01-25 08:30:57.167  2059  2129 D SYS-LGE-IptvShmService: total item = 1
01-25 08:30:57.167  2059  2129 D SYS-LGE-IptvShmService: server info = upush_ac.uplus.co.kr:9000
01-25 08:30:57.167  2059  2676 D SYS-LGE-IptvShmService: total item = 1
01-25 08:30:57.167  2059  2676 D SYS-LGE-IptvShmService: server info = upush.uplus.co.kr:8000
01-25 08:30:57.167  2059  2677 D SYS-LGE-IptvShmService: total item = 1
01-25 08:30:57.167  2059  2677 D SYS-LGE-IptvShmService: server info = upush.uplus.co.kr:8001
01-25 08:30:57.167  2059  2126 D SYS-LGE-IptvShmService: total item = 1
01-25 08:30:57.167  2059  2126 D SYS-LGE-IptvShmService: server info = upushgw.uplus.co.kr:9100
01-25 08:30:57.167  2059  2129 D SYS-LGE-IptvShmService: total item = 1
01-25 08:30:57.167  2059  2129 D SYS-LGE-IptvShmService: server info = upushgw.uplus.co.kr:4430
01-25 08:30:57.177  2059  2676 D SYS-LGE-IptvShmService: NetworkType = 02
01-25 08:30:57.187  2059  2677 D SYS-LGE-IptvShmService: total item = 1
01-25 08:30:57.187  2059  2677 D SYS-LGE-IptvShmService: server info = upush_ac.uplus.co.kr:9000
01-25 08:30:57.207  2059  2126 D SYS-LGE-IptvShmService: total item = 1
01-25 08:30:57.207  2059  2126 D SYS-LGE-IptvShmService: server info = upush.uplus.co.kr:8000
01-25 08:30:57.217  2059  2129 D SYS-LGE-IptvShmService: total item = 1
01-25 08:30:57.217  2059  2129 D SYS-LGE-IptvShmService: server info = upush.uplus.co.kr:8001
01-25 08:30:57.227  2059  2676 D SYS-LGE-IptvShmService: total item = 1
01-25 08:30:57.227  2059  2676 D SYS-LGE-IptvShmService: server info = upushgw.uplus.co.kr:9100
01-25 08:30:57.237  2059  2677 D SYS-LGE-IptvShmService: total item = 1
01-25 08:30:57.237  2059  2677 D SYS-LGE-IptvShmService: server info = upushgw.uplus.co.kr:4430
01-25 08:30:57.257   979  1022 D dalvikvm: GC_CONCURRENT freed 380K, 20% free 2460K/3072K, paused 1ms+2ms, total 26ms
01-25 08:30:57.257   979   979 D dalvikvm: WAIT_FOR_CONCURRENT_GC blocked 6ms
01-25 08:30:57.317  1754  1773 I ActivityManager: Start proc com.lguplus.iptv3.ltealive for broadcast com.lguplus.iptv3.ltealive/.push.LGUPlusPushAgentMsgReceiver: pid=1040 uid=10041 gids={50041, 1015, 1028, 3003}
01-25 08:30:57.357  1040  1040 E Trace   : error opening trace file: No such file or directory (2)
01-25 08:30:57.387  1040  1040 I LTEALiveCuration: [LGUPlusPushAgentMsgReceiver] onReceive()[70] >> onReceive action = com.lguplus.pushagent.RECEIVED_APP_MSG
01-25 08:30:57.387  1040  1040 D LTEALiveCuration: [LGUPlusPushAgentMsgReceiver] onReceive()[136] >> [U+PUSH]RECEIVED_APP_MSG
01-25 08:30:57.387  1040  1040 D LTEALiveCuration: [LGUPlusPushAgentMsgReceiver] onReceive()[145] >> readyData : LGU_Push_Agent_Ready
01-25 08:30:57.397  1040  1040 I LTEALiveCuration: [LGUPlusPushAgentMsgReceiver] onReceive()[151] >> startPushService
01-25 08:30:57.407  1040  1040 I LTEALiveCuration: [LTEPushService] onCreate()[74] >> onCreate
01-25 08:30:57.407  1040  1040 I LTEALiveCuration: [LTEPushService] onStartCommand()[42] >> onStartCommand
01-25 08:30:57.407  1040  1040 I LTEALiveCuration: [LTEPushService] unregisterAlarm()[103] >> unregisterAlarm
01-25 08:30:57.427  1087  1087 I dalvikvm: Turning on JNI app bug workarounds for target SDK version 13...
01-25 08:30:57.427  1754  1766 I ActivityManager: Start proc com.lguplus.iptv3.base.reservalarmmng for broadcast com.lguplus.iptv3.base.reservalarmmng/.receiver.LGUPlusPushAgentMsgReceiver: pid=1087 uid=10074 gids={50074, 3003, 1028}
01-25 08:30:57.437  1040  1040 I LTEALiveCuration: [LTEPushService] registerAlarm()[89] >> registerAlarm
01-25 08:30:57.437  1040  1040 D LTEALiveCuration: [LTEPushService] onStartCommand()[50] >> ===>> LTE checkRegID Start RepeatCount :  1
01-25 08:30:57.447  1066  1066 D dalvikvm: GC_EXPLICIT freed 40K, 11% free 2349K/2620K, paused 2ms+2ms, total 30ms
01-25 08:30:57.447  1040  1040 D LTEALiveCuration: [LGUPlusPushAgentAPI] checkRegID()[55] >> checkRegID Start
01-25 08:30:57.467  1066  1066 D dalvikvm: GC_EXPLICIT freed <1K, 11% free 2349K/2620K, paused 2ms+2ms, total 26ms
01-25 08:30:57.497  1066  1066 D dalvikvm: GC_EXPLICIT freed <1K, 11% free 2349K/2620K, paused 2ms+2ms, total 26ms
01-25 08:30:57.497  1040  1040 D LTEALiveCuration: [LGUPlusPushAgentAPI] checkRegID()[78] >> checkRegID End
01-25 08:30:57.497  1087  1087 E Trace   : error opening trace file: No such file or directory (2)
01-25 08:30:57.517   979  1022 D dalvikvm: GC_CONCURRENT freed 444K, 22% free 2488K/3160K, paused 3ms+9ms, total 140ms
01-25 08:30:57.547  1087  1087 D ETC-PINEONE-RESERVALARMMNG: [LGUPlusPushAgentMsgReceiver] onReceive()[68] >> LGUPlusPushAgentMsgReceiver onReceive()
01-25 08:30:57.547  1087  1087 D ETC-PINEONE-RESERVALARMMNG: [LGUPlusPushAgentMsgReceiver] onReceive()[69] >> action : com.lguplus.pushagent.RECEIVED_APP_MSG
01-25 08:30:57.547  1087  1087 D ETC-PINEONE-RESERVALARMMNG: [LGUPlusPushAgentMsgReceiver] onReceive()[123] >> [U+PUSH]RECEIVED_APP_MSG
01-25 08:30:57.547  1087  1087 D ETC-PINEONE-RESERVALARMMNG: [LGUPlusPushAgentMsgReceiver] onReceive()[130] >> readyData : LGU_Push_Agent_Ready
01-25 08:30:57.547  1087  1087 D ETC-PINEONE-RESERVALARMMNG: [LGUPlusPushAgentMsgReceiver] requestCheckRegID()[465] >> Push Request send REQUEST_CHECK_REG_ID 
01-25 08:30:57.557  3224  3224 D [OneTouchPushMsg]action = : com.lguplus.pushagent.RECEIVED_APP_MSG
01-25 08:30:57.557  3224  3224 D LGUPlusPushAgentMsgReceiver: [OneTouchPushMsg]startPushService
01-25 08:30:57.557  3224  3224 D OnetouchSTBPushManager: [OneTouchPushCheck]requestCheckRegId Start
01-25 08:30:57.557  3224  3224 D LGUPlusPushAgentAPI: [OneTouchPushCheck] checkRegID Start
01-25 08:30:57.557  1087  1087 I ETC-PINEONE-RESERVALARMMNG: [ServiceAlarmManage] onCreate()[94] >> onCreate
01-25 08:30:57.557  3224  3224 D LGUPlusPushAgentAPI: [OneTouchPushCheck]checkRegID end
01-25 08:30:57.567  1087  1087 V ETC-PINEONE-SETTINGMANAGER: [SettingManager] getInstance()[61] >> SettingManager getInstance !!!
01-25 08:30:57.577   904  1026 D SETTINGS-LGE-IptvStorageManager: readUserPreference(RVTIME) called 
01-25 08:30:57.577   904  1026 D SETTINGS-LGE-IptvStorageManager: readUserPreference() : /LGU_data/UP/RVTIME.1 file does not exist
01-25 08:30:57.577   904  1026 D SETTINGS-LGE-IptvStorageManager: readUserPreference(RVTIME, 1) SUCCESS
01-25 08:30:57.577  1087  1087 I LIVE-LGE-JNI: readUP[RVTIME] 0th PrefValue : 180
01-25 08:30:57.587   904  1027 D SETTINGS-LGE-IptvStorageManager: readUserPreference(RVTIME) called 
01-25 08:30:57.587   904  1027 D SETTINGS-LGE-IptvStorageManager: readUserPreference() : /LGU_data/UP/RVTIME.1 file does not exist
01-25 08:30:57.587   904  1027 D SETTINGS-LGE-IptvStorageManager: readUserPreference(RVTIME, 1) SUCCESS
01-25 08:30:57.587  1087  1087 I LIVE-LGE-JNI: readUP[RVTIME] 0th PrefValue : 180
01-25 08:30:57.587  1087  1087 D ETC-PINEONE-RESERVATIONMANAGER: [LGUPlusPushAgentAPI] checkRegID()[83] >> checkRegID Start
01-25 08:30:57.587   904   920 D SETTINGS-LGE-IptvStorageManager: readUserPreference(PUSH_REG_ID) called 
01-25 08:30:57.587   904   920 D SETTINGS-LGE-IptvStorageManager: readUserPreference() : /LGU_data/UP/PUSH_REG_ID.1 file does not exist
01-25 08:30:57.587   904   920 D SETTINGS-LGE-IptvStorageManager: readUserPreference(PUSH_REG_ID, 1) SUCCESS
01-25 08:30:57.587  1087  1087 I LIVE-LGE-JNI: readUP[PUSH_REG_ID] 0th PrefValue : oZxBl1geYEJPMCBlcE+Mz6GKSuMVVZgystD2so0MCgk=
01-25 08:30:57.597  1087  1087 D ETC-PINEONE-RESERVATIONMANAGER: [LGUPlusPushAgentAPI] checkRegID()[106] >> checkRegID End
01-25 08:30:57.647   979  1022 D dalvikvm: GC_CONCURRENT freed 483K, 22% free 2518K/3228K, paused 1ms+2ms, total 23ms
01-25 08:30:57.647   979   979 D dalvikvm: WAIT_FOR_CONCURRENT_GC blocked 4ms
01-25 08:30:57.747   979  1022 D dalvikvm: GC_CONCURRENT freed 499K, 23% free 2524K/3252K, paused 3ms+2ms, total 19ms
01-25 08:30:57.747   979   979 D dalvikvm: WAIT_FOR_CONCURRENT_GC blocked 8ms
01-25 08:30:57.817   979  1022 D dalvikvm: GC_CONCURRENT freed 529K, 24% free 2509K/3264K, paused 3ms+2ms, total 18ms
01-25 08:30:57.817   979   979 D dalvikvm: WAIT_FOR_CONCURRENT_GC blocked 7ms
01-25 08:30:57.847  1040  1040 I LTEALiveCuration: [LGUPlusPushAgentMsgReceiver] onReceive()[70] >> onReceive action = com.lguplus.pushagent.RECEIVED_REGID_CHECK
01-25 08:30:57.847  1040  1040 D LTEALiveCuration: [LGUPlusPushAgentMsgReceiver] onReceive()[118] >> [U+PUSH] RECEIVED_SUCCESS =   action = com.lguplus.pushagent.RECEIVED_REGID_CHECK
01-25 08:30:57.867  3224  3224 D [OneTouchPushMsg]action = : com.lguplus.pushagent.RECEIVED_REGID_CHECK
01-25 08:30:57.867  3224  3224 D [OneTouchPushMsg][OneTouchPushMsg] RECEIVED_REGID_CHECK==> : 1000
01-25 08:30:57.867  3224  3224 D [OneTouchPushMsg] [OneTouchPushMsg]  RECEIVED_REGID_CHECK action = : com.lguplus.pushagent.RECEIVED_REGID_CHECK
01-25 08:30:57.877  1087  1087 D ETC-PINEONE-RESERVALARMMNG: [LGUPlusPushAgentMsgReceiver] onReceive()[68] >> LGUPlusPushAgentMsgReceiver onReceive()
01-25 08:30:57.877  1087  1087 D ETC-PINEONE-RESERVALARMMNG: [LGUPlusPushAgentMsgReceiver] onReceive()[69] >> action : com.lguplus.pushagent.RECEIVED_REGID_CHECK
01-25 08:30:57.877  1087  1087 D ETC-PINEONE-RESERVALARMMNG: [LGUPlusPushAgentMsgReceiver] onReceive()[243] >> [U+PUSH] RECEIVED_SUCCESS =   action = com.lguplus.pushagent.RECEIVED_REGID_CHECK
01-25 08:30:57.877  1087  1087 I LIVE-LGE-JNI: writeUP[PUSH_REG_ID] 0th PrefValue : oZxBl1geYEJPMCBlcE+Mz6GKSuMVVZgystD2so0MCgk=
01-25 08:30:57.877  1087  1087 D         : IptvStorage_writeUserPreference() is called 
01-25 08:30:57.877  1087  1087 D         : try to call writeUserPreference()...
01-25 08:30:57.877   904   904 D SETTINGS-LGE-IptvStorageManager: writeUserPreference(PUSH_REG_ID) called 
01-25 08:30:57.877   904   904 D SETTINGS-LGE-IptvStorageManager: writeUserPreference() : /LGU_data/UP/PUSH_REG_ID.0 (0, oZxBl1geYEJPMCBlcE+Mz6GKSuMVVZgystD2so0MCgk=)
01-25 08:30:57.887  1040  1050 D dalvikvm: GC_CONCURRENT freed 388K, 21% free 2389K/3004K, paused 2ms+2ms, total 35ms
01-25 08:30:57.897   904   904 D SETTINGS-LGE-IptvStorageManager: writeUserPreference() : DONE 
01-25 08:30:57.897  1087  1087 D         : IptvStorage_writeUserPreference() is done(0x00)
01-25 08:30:57.907   925  1382 D LIVE-LGE-IptvService: applyUserPreference
01-25 08:30:57.907   925  1382 I LIVE-LGE-Interface: LGU_System_applyUserPreference(PUSH_REG_ID, 1) SUCCESS
01-25 08:30:59.567  4068  4068 D U+Box HomeShare: HomeShareReceiver [Receive Intent] Action : com.lguplus.iptv3.homesharestb.SERVICE.RESTART
01-25 08:30:59.567  4068  4068 D U+Box HomeShare: HomeShareReceiver Receive : INTENT_HOMESHARE_SERVICE_RESTART ( Service Started : true )
01-25 08:31:00.447   926   926 D LIVE-LGE-XCHECKER: startCrossCheck:139, stream err: 0, pcr err: 0, max_check_count: 40
01-25 08:31:03.487  2093  2115 D dalvikvm: GC_CONCURRENT freed 404K, 21% free 2602K/3284K, paused 2ms+2ms, total 19ms
01-25 08:31:05.447   926   926 D LIVE-LGE-XCHECKER: startCrossCheck:139, stream err: 0, pcr err: 0, max_check_count: 40
01-25 08:31:07.687  2059  2126 D SYS-LGE-IptvShmService: total item = 1
01-25 08:31:07.687  2059  2126 D SYS-LGE-IptvShmService: server info = upush_ac.uplus.co.kr:9000
01-25 08:31:07.687  2059  2129 D SYS-LGE-IptvShmService: total item = 1
01-25 08:31:07.687  2059  2129 D SYS-LGE-IptvShmService: server info = upush.uplus.co.kr:8000
01-25 08:31:07.687  2059  2676 D SYS-LGE-IptvShmService: total item = 1
01-25 08:31:07.687  2059  2676 D SYS-LGE-IptvShmService: server info = upush.uplus.co.kr:8001
01-25 08:31:07.687  2059  2677 D SYS-LGE-IptvShmService: total item = 1
01-25 08:31:07.687  2059  2677 D SYS-LGE-IptvShmService: server info = upushgw.uplus.co.kr:9100
01-25 08:31:07.687  2059  2126 D SYS-LGE-IptvShmService: total item = 1
01-25 08:31:07.687  2059  2126 D SYS-LGE-IptvShmService: server info = upushgw.uplus.co.kr:4430
01-25 08:31:07.697  2059  2129 D SYS-LGE-IptvShmService: NetworkType = 02
01-25 08:31:07.697  2059  2676 D SYS-LGE-IptvShmService: total item = 1
01-25 08:31:07.697  2059  2676 D SYS-LGE-IptvShmService: server info = upush_ac.uplus.co.kr:9000
01-25 08:31:07.717  2059  2677 D SYS-LGE-IptvShmService: total item = 1
01-25 08:31:07.717  2059  2677 D SYS-LGE-IptvShmService: server info = upush.uplus.co.kr:8000
01-25 08:31:07.717   979  1022 D dalvikvm: GC_CONCURRENT freed 463K, 24% free 2487K/3264K, paused 3ms+2ms, total 19ms
01-25 08:31:07.727  2059  2126 D SYS-LGE-IptvShmService: total item = 1
01-25 08:31:07.727  2059  2126 D SYS-LGE-IptvShmService: server info = upush.uplus.co.kr:8001
01-25 08:31:07.727  2059  2129 D SYS-LGE-IptvShmService: total item = 1
01-25 08:31:07.727  2059  2129 D SYS-LGE-IptvShmService: server info = upushgw.uplus.co.kr:9100
01-25 08:31:07.727  2059  2676 D SYS-LGE-IptvShmService: total item = 1
01-25 08:31:07.727  2059  2676 D SYS-LGE-IptvShmService: server info = upushgw.uplus.co.kr:4430
01-25 08:31:07.757  1040  1040 I LTEALiveCuration: [LGUPlusPushAgentMsgReceiver] onReceive()[70] >> onReceive action = com.lguplus.pushagent.RECEIVED_APP_MSG
01-25 08:31:07.757  1040  1040 D LTEALiveCuration: [LGUPlusPushAgentMsgReceiver] onReceive()[136] >> [U+PUSH]RECEIVED_APP_MSG
01-25 08:31:07.767  1040  1040 D LTEALiveCuration: [LGUPlusPushAgentMsgReceiver] onReceive()[145] >> readyData : LGU_Push_Agent_Ready
01-25 08:31:07.767  1040  1040 I LTEALiveCuration: [LGUPlusPushAgentMsgReceiver] onReceive()[151] >> startPushService
01-25 08:31:07.777  1040  1040 I LTEALiveCuration: [LTEPushService] onStartCommand()[42] >> onStartCommand
01-25 08:31:07.777  1040  1040 I LTEALiveCuration: [LTEPushService] unregisterAlarm()[103] >> unregisterAlarm
01-25 08:31:07.777  1040  1040 I LTEALiveCuration: [LTEPushService] registerAlarm()[89] >> registerAlarm
01-25 08:31:07.787  1087  1087 D ETC-PINEONE-RESERVALARMMNG: [LGUPlusPushAgentMsgReceiver] onReceive()[68] >> LGUPlusPushAgentMsgReceiver onReceive()
01-25 08:31:07.787  1040  1040 I LTEALiveCuration: [LTEPushService] unregisterAlarm()[103] >> unregisterAlarm
01-25 08:31:07.797  1040  1040 D LTEALiveCuration: [LTEPushService] onStartCommand()[62] >> ===>> Receviced regID LTE Push Retry Quit....1
01-25 08:31:07.807  1087  1087 D ETC-PINEONE-RESERVALARMMNG: [LGUPlusPushAgentMsgReceiver] onReceive()[69] >> action : com.lguplus.pushagent.RECEIVED_APP_MSG
01-25 08:31:07.807  1040  1040 I LTEALiveCuration: [LTEPushService] onDestroy()[81] >> onDestroy
01-25 08:31:07.807  1087  1087 D ETC-PINEONE-RESERVALARMMNG: [LGUPlusPushAgentMsgReceiver] onReceive()[123] >> [U+PUSH]RECEIVED_APP_MSG
01-25 08:31:07.807  1087  1087 D ETC-PINEONE-RESERVALARMMNG: [LGUPlusPushAgentMsgReceiver] onReceive()[130] >> readyData : LGU_Push_Agent_Ready
01-25 08:31:07.817  1087  1087 D ETC-PINEONE-RESERVALARMMNG: [LGUPlusPushAgentMsgReceiver] requestCheckRegID()[465] >> Push Request send REQUEST_CHECK_REG_ID 
01-25 08:31:07.817   904  1026 D SETTINGS-LGE-IptvStorageManager: readUserPreference(RVTIME) called 
01-25 08:31:07.817   904  1026 D SETTINGS-LGE-IptvStorageManager: readUserPreference() : /LGU_data/UP/RVTIME.1 file does not exist
01-25 08:31:07.817   904  1026 D SETTINGS-LGE-IptvStorageManager: readUserPreference(RVTIME, 1) SUCCESS
01-25 08:31:07.827  1087  1087 I LIVE-LGE-JNI: readUP[RVTIME] 0th PrefValue : 180
01-25 08:31:07.827  1087  1087 D ETC-PINEONE-RESERVATIONMANAGER: [LGUPlusPushAgentAPI] checkRegID()[83] >> checkRegID Start
01-25 08:31:07.827   904  1027 D SETTINGS-LGE-IptvStorageManager: readUserPreference(PUSH_REG_ID) called 
01-25 08:31:07.827   904  1027 D SETTINGS-LGE-IptvStorageManager: readUserPreference() : /LGU_data/UP/PUSH_REG_ID.1 file does not exist
01-25 08:31:07.827   904  1027 D SETTINGS-LGE-IptvStorageManager: readUserPreference(PUSH_REG_ID, 1) SUCCESS
01-25 08:31:07.827  1087  1087 I LIVE-LGE-JNI: readUP[PUSH_REG_ID] 0th PrefValue : oZxBl1geYEJPMCBlcE+Mz6GKSuMVVZgystD2so0MCgk=
01-25 08:31:07.837  3224  3224 D [OneTouchPushMsg]action = : com.lguplus.pushagent.RECEIVED_APP_MSG
01-25 08:31:07.837  3224  3224 D LGUPlusPushAgentMsgReceiver: [OneTouchPushMsg]startPushService
01-25 08:31:07.837  3224  3224 D OnetouchSTBPushManager: [OneTouchPushCheck]requestCheckRegId Start
01-25 08:31:07.837  3224  3224 D LGUPlusPushAgentAPI: [OneTouchPushCheck] checkRegID Start
01-25 08:31:07.837  1087  1087 D ETC-PINEONE-RESERVATIONMANAGER: [LGUPlusPushAgentAPI] checkRegID()[106] >> checkRegID End
01-25 08:31:07.837  3224  3224 D LGUPlusPushAgentAPI: [OneTouchPushCheck]checkRegID end
01-25 08:31:07.847   979  1022 D dalvikvm: GC_CONCURRENT freed 522K, 25% free 2473K/3264K, paused 4ms+2ms, total 58ms
01-25 08:31:07.847   979  1164 D dalvikvm: WAIT_FOR_CONCURRENT_GC blocked 16ms
01-25 08:31:07.887   979  1022 D dalvikvm: GC_CONCURRENT freed 467K, 23% free 2517K/3264K, paused 1ms+2ms, total 25ms
01-25 08:31:07.897   979   979 D dalvikvm: WAIT_FOR_CONCURRENT_GC blocked 15ms
01-25 08:31:07.897   979  1164 D dalvikvm: WAIT_FOR_CONCURRENT_GC blocked 13ms
01-25 08:31:07.957   979  1022 D dalvikvm: GC_CONCURRENT freed 515K, 23% free 2514K/3264K, paused 2ms+2ms, total 17ms
01-25 08:31:07.957   979   979 D dalvikvm: WAIT_FOR_CONCURRENT_GC blocked 9ms
01-25 08:31:07.997  1087  1087 D ETC-PINEONE-RESERVALARMMNG: [LGUPlusPushAgentMsgReceiver] onReceive()[68] >> LGUPlusPushAgentMsgReceiver onReceive()
01-25 08:31:07.997  1087  1087 D ETC-PINEONE-RESERVALARMMNG: [LGUPlusPushAgentMsgReceiver] onReceive()[69] >> action : com.lguplus.pushagent.RECEIVED_REGID_CHECK
01-25 08:31:07.997  1087  1087 D ETC-PINEONE-RESERVALARMMNG: [LGUPlusPushAgentMsgReceiver] onReceive()[243] >> [U+PUSH] RECEIVED_SUCCESS =   action = com.lguplus.pushagent.RECEIVED_REGID_CHECK
01-25 08:31:07.997  1087  1087 I LIVE-LGE-JNI: writeUP[PUSH_REG_ID] 0th PrefValue : oZxBl1geYEJPMCBlcE+Mz6GKSuMVVZgystD2so0MCgk=
01-25 08:31:07.997  1087  1087 D         : IptvStorage_writeUserPreference() is called 
01-25 08:31:08.007  1087  1087 D         : try to call writeUserPreference()...
01-25 08:31:08.007   904   920 D SETTINGS-LGE-IptvStorageManager: writeUserPreference(PUSH_REG_ID) called 
01-25 08:31:08.007   904   920 D SETTINGS-LGE-IptvStorageManager: writeUserPreference() : /LGU_data/UP/PUSH_REG_ID.0 (0, oZxBl1geYEJPMCBlcE+Mz6GKSuMVVZgystD2so0MCgk=)
01-25 08:31:08.037   904   920 D SETTINGS-LGE-IptvStorageManager: writeUserPreference() : DONE 
01-25 08:31:08.037  1087  1087 D         : IptvStorage_writeUserPreference() is done(0x00)
01-25 08:31:08.037   925   999 D LIVE-LGE-IptvService: applyUserPreference
01-25 08:31:08.037   925   999 I LIVE-LGE-Interface: LGU_System_applyUserPreference(PUSH_REG_ID, 1) SUCCESS
01-25 08:31:08.037  3224  3224 D [OneTouchPushMsg]action = : com.lguplus.pushagent.RECEIVED_REGID_CHECK
01-25 08:31:08.037  3224  3224 D [OneTouchPushMsg][OneTouchPushMsg] RECEIVED_REGID_CHECK==> : 1000
01-25 08:31:08.037  3224  3224 D [OneTouchPushMsg] [OneTouchPushMsg]  RECEIVED_REGID_CHECK action = : com.lguplus.pushagent.RECEIVED_REGID_CHECK
01-25 08:31:08.377   361   361 I AnypointAD - t.a.a.c.s.MonitorScheduler: [56] start monitoring..
01-25 08:31:08.377   361  3878 I AnypointAD - t.a.a.c.s.PushMsgClient: [179] connection: TCPNIOConnection{localSocketAddress={/192.168.219.104:43956}, peerSocketAddress={/52.79.82.81:31102}}, isConnected: true, lastReceivedTime: 1516836608310
01-25 08:31:08.377   361   361 I AnypointAD - t.a.a.c.s.MonitorScheduler: [84] register boot ad call alarm.
01-25 08:31:08.387   361  3878 I AnypointAD - t.a.a.c.s.PushMsgClient: [154] Sending device event: Heartbeat
01-25 08:31:08.387   361  3698 I AnypointAD - t.a.a.c.m.ServerMessageProcessorFactory: [101] received message from server: HeartbeatMessage
01-25 08:31:08.397   361   361 I AnypointAD - t.a.a.c.s.MonitorScheduler: [89] monitoring finished..
01-25 08:31:08.397  1754  1773 E NotificationService: Ignoring notification with icon==0: Notification(pri=0 contentView=null vibrate=null sound=null defaults=0x0 flags=0x62 kind=[null])
01-25 08:31:08.407   361   361 I AnypointAD - t.a.a.c.a.StartService: [15] StartService start...4148, class tv.anypoint.android.core.app.StartService
01-25 08:31:08.777  2093  2115 D dalvikvm: GC_CONCURRENT freed 398K, 21% free 2602K/3284K, paused 1ms+2ms, total 18ms
01-25 08:31:10.447   926   926 D LIVE-LGE-XCHECKER: startCrossCheck:139, stream err: 0, pcr err: 0, max_check_count: 40
01-25 08:31:11.077  1754  1827 I TvWindowManager: AUTO_STANDBY : AutoStandbyCheckTask started - curTime = 250131044 / lastKeyInTime = 250071044
01-25 08:31:11.077  1754  1827 I TvWindowManager: AUTO_STANDBY : resetLastKeyInTimeInNotActivePowerModeState() - Last key in time = 250131044
01-25 08:31:11.097  2155  2155 I VOD-PINEONE-LAUNCHER: [CategoryAlarmReceiver] onReceive()[19] >> [onReceive] Category Alarm Receive!!
01-25 08:31:11.097  2155  1180 I VOD-PINEONE-LAUNCHER: [CategoryMenuManager] getMenuDataVersion()[103] >> [getMenuDataVersion] file path: /LGU_data/ma/version.cfg
01-25 08:31:11.097  2155  1180 I VOD-PINEONE-LAUNCHER: [CategoryMenuManager$1] run()[66] >> [getMenuDataVersion] currentVersion: VERSION=0xc1
01-25 08:31:11.097  2155  1180 I VOD-PINEONE-LAUNCHER: , fileVersion: VERSION=0xc1
01-25 08:31:11.097  2155  1180 I VOD-PINEONE-LAUNCHER: 
01-25 08:31:11.117  1691  1697 D dalvikvm: GC_CONCURRENT freed 386K, 20% free 2505K/3120K, paused 5ms+1ms, total 19ms
01-25 08:31:12.107  2093  2115 D dalvikvm: GC_CONCURRENT freed 400K, 21% free 2603K/3284K, paused 1ms+1ms, total 19ms
01-25 08:31:15.447   926   926 D LIVE-LGE-XCHECKER: startCrossCheck:139, stream err: 0, pcr err: 0, max_check_count: 40
01-25 08:31:16.317   361  3700 I AnypointAD - t.a.a.c.m.ServerMessageProcessorFactory: [101] received message from server: CueMessage
01-25 08:31:16.327   361  3700 I AnypointAD - t.a.a.c.m.s.p.c.CueMessageProcessor: [42] got cueMessage. type: 0, cueId: 0, time: Thu Jan 25 08:31:23 GMT+09:00 2018, ppId: 217, time: 1516836683022, duration: 120000, owner: 1
01-25 08:31:16.327   361  3700 I AnypointAD - t.a.a.c.s.CueManager: [174] currentDeviceChannel is not exist.
01-25 08:31:16.337   361  3700 I AnypointAD - t.a.a.c.s.CueManager: [68] receive cue but this device is not available.
01-25 08:31:16.357   361   365 D dalvikvm: GC_CONCURRENT freed 406K, 18% free 3691K/4472K, paused 2ms+2ms, total 28ms
01-25 08:31:17.117  1754  1773 I ActivityManager: Start proc com.google.tv.player for service com.google.tv.player/com.google.tv.mediadevicesapp.MediaDevicesService: pid=1202 uid=10086 gids={50086, 3003, 1028}
01-25 08:31:17.137  1202  1202 E Trace   : error opening trace file: No such file or directory (2)
01-25 08:31:17.147  1202  1202 W dalvikvm: Refusing to reopen boot DEX '/system/framework/com.google.android.tv.jar'
01-25 08:31:17.177  1202  1202 D ChannelSourceTypes: Parsed from channel source xml: source = 1, title = DTV
01-25 08:31:17.177  1202  1202 D EpgProvider: create epg provider
01-25 08:31:17.177  1202  1202 D TeletextProvider: create teletext provider
01-25 08:31:17.187  1202  1202 D MediaDevicesService: Service created
01-25 08:31:17.207  1202  1202 D LineupUpdater: Alarm offset is 14396955
01-25 08:31:17.207  1202  1202 D LineupUpdater: Alarm scheduled for 1516906796954
01-25 08:31:17.207  1202  1202 D EpgUpdater: setting alarm
01-25 08:31:17.217  1202  1202 D EpgUpdater: periodic alarm of updating EPG for all devices is called
01-25 08:31:17.237  1202  1219 D EpgUpdater: looking for component for: com.lge.iptv.onewaycontrol
01-25 08:31:17.247  1202  1219 D EpgUpdater: About to call getEpg()
01-25 08:31:17.247  1202  1219 D EpgUpdater: disconnect service
01-25 08:31:17.247  1202  1219 D EpgUpdater: getEpg() null
01-25 08:31:17.697  2155  2155 D ETC-PINEONE-LAUNCHER: [SystemButton] setNotificationCount()[103] >> notification count 4
01-25 08:31:18.607  2093  2115 D dalvikvm: GC_CONCURRENT freed 389K, 21% free 2602K/3284K, paused 2ms+2ms, total 18ms
01-25 08:31:20.457   926   926 D LIVE-LGE-XCHECKER: startCrossCheck:139, stream err: 0, pcr err: 0, max_check_count: 40
01-25 08:31:22.077   904   904 D SETTINGS-LGE-IptvStorageManager: readUserPreference(LASTCHANNEL) called 
01-25 08:31:22.077   904   904 D SETTINGS-LGE-IptvStorageManager: readUserPreference() : /LGU_data/UP/LASTCHANNEL.1 file does not exist
01-25 08:31:22.077   904   904 D SETTINGS-LGE-IptvStorageManager: readUserPreference(LASTCHANNEL, 1) SUCCESS
01-25 08:31:22.077   362   386 I LIVE-LGE-JNI: readUP[LASTCHANNEL] 0th PrefValue : 677
01-25 08:31:24.467   904  1026 D SETTINGS-LGE-IptvStorageManager: readUserPreference(IPTV_ENABLED) called 
01-25 08:31:24.467   904  1026 D SETTINGS-LGE-IptvStorageManager: readUserPreference() : /LGU_data/UP/IPTV_ENABLED.1 file does not exist
01-25 08:31:24.467   904  1026 D SETTINGS-LGE-IptvStorageManager: readUserPreference(IPTV_ENABLED, 1) SUCCESS
01-25 08:31:24.467  3224  3224 I LIVE-LGE-JNI: readUP[IPTV_ENABLED] 0th PrefValue : true
01-25 08:31:24.667  2066  2071 D dalvikvm: GC_CONCURRENT freed 384K, 58% free 3532K/8228K, paused 3ms+2ms, total 19ms
01-25 08:31:24.827  2093  2115 D dalvikvm: GC_CONCURRENT freed 454K, 21% free 2619K/3304K, paused 2ms+2ms, total 30ms
01-25 08:31:25.457   926   926 D LIVE-LGE-XCHECKER: startCrossCheck:139, stream err: 0, pcr err: 0, max_check_count: 40
01-25 08:31:25.667  1673  1678 D dalvikvm: GC_CONCURRENT freed 384K, 22% free 2435K/3120K, paused 2ms+1ms, total 15ms
01-25 08:31:29.397  2093  2115 D dalvikvm: GC_CONCURRENT freed 406K, 21% free 2612K/3304K, paused 2ms+2ms, total 19ms
01-25 08:31:29.567  4068  4068 D U+Box HomeShare: HomeShareReceiver [Receive Intent] Action : com.lguplus.iptv3.homesharestb.SERVICE.RESTART
01-25 08:31:29.567  4068  4068 D U+Box HomeShare: HomeShareReceiver Receive : INTENT_HOMESHARE_SERVICE_RESTART ( Service Started : true )
01-25 08:31:30.457   926   926 D LIVE-LGE-XCHECKER: startCrossCheck:139, stream err: 0, pcr err: 0, max_check_count: 40
01-25 08:31:33.497  2093  2115 D dalvikvm: GC_CONCURRENT freed 396K, 22% free 2605K/3304K, paused 1ms+1ms, total 19ms
01-25 08:31:35.457   926   926 D LIVE-LGE-XCHECKER: startCrossCheck:139, stream err: 0, pcr err: 0, max_check_count: 40
01-25 08:31:38.797  2093  2115 D dalvikvm: GC_CONCURRENT freed 389K, 21% free 2602K/3284K, paused 2ms+2ms, total 19ms
01-25 08:31:40.077  1691  1697 D dalvikvm: GC_CONCURRENT freed 386K, 20% free 2505K/3120K, paused 1ms+1ms, total 15ms
01-25 08:31:40.457   926   926 D LIVE-LGE-XCHECKER: startCrossCheck:139, stream err: 0, pcr err: 0, max_check_count: 40
01-25 08:31:41.757  2093  2115 D dalvikvm: GC_CONCURRENT freed 388K, 21% free 2602K/3284K, paused 2ms+2ms, total 19ms
01-25 08:31:42.667   361  3699 I AnypointAD - t.a.a.c.m.ServerMessageProcessorFactory: [101] received message from server: CueMessage
01-25 08:31:42.667   361  3699 I AnypointAD - t.a.a.c.m.s.p.c.CueMessageProcessor: [42] got cueMessage. type: 0, cueId: 0, time: Thu Jan 25 08:31:41 GMT+09:00 2018, ppId: 750, time: 1516836701476, duration: 120000, owner: 1
01-25 08:31:42.677   361  3699 I AnypointAD - t.a.a.c.s.CueManager: [174] currentDeviceChannel is not exist.
01-25 08:31:42.677   361  3699 I AnypointAD - t.a.a.c.s.CueManager: [68] receive cue but this device is not available.
01-25 08:31:42.677   361  3699 I AnypointAD - t.a.a.c.m.ServerMessageProcessorFactory: [101] received message from server: CueMessage
01-25 08:31:42.687   361  3699 I AnypointAD - t.a.a.c.m.s.p.c.CueMessageProcessor: [42] got cueMessage. type: 0, cueId: 0, time: Thu Jan 25 08:31:41 GMT+09:00 2018, ppId: 749, time: 1516836701476, duration: 120000, owner: 1
01-25 08:31:42.687   361  3699 I AnypointAD - t.a.a.c.s.CueManager: [174] currentDeviceChannel is not exist.
01-25 08:31:42.687   361  3699 I AnypointAD - t.a.a.c.s.CueManager: [68] receive cue but this device is not available.
01-25 08:31:42.697   361  3699 I AnypointAD - t.a.a.c.m.ServerMessageProcessorFactory: [101] received message from server: CueMessage
01-25 08:31:42.697   361  3699 I AnypointAD - t.a.a.c.m.s.p.c.CueMessageProcessor: [42] got cueMessage. type: 0, cueId: 0, time: Thu Jan 25 08:31:41 GMT+09:00 2018, ppId: 748, time: 1516836701476, duration: 120000, owner: 1
01-25 08:31:42.697   361  3699 I AnypointAD - t.a.a.c.s.CueManager: [174] currentDeviceChannel is not exist.
01-25 08:31:42.707   361  3699 I AnypointAD - t.a.a.c.s.CueManager: [68] receive cue but this device is not available.
01-25 08:31:45.457   926   926 D LIVE-LGE-XCHECKER: startCrossCheck:139, stream err: 0, pcr err: 0, max_check_count: 40
01-25 08:31:47.727  2155  2155 D ETC-PINEONE-LAUNCHER: [SystemButton] setNotificationCount()[103] >> notification count 4
01-25 08:31:48.447  2093  2115 D dalvikvm: GC_CONCURRENT freed 423K, 21% free 2621K/3284K, paused 2ms+2ms, total 20ms
01-25 08:31:50.457   926   926 D LIVE-LGE-XCHECKER: startCrossCheck:139, stream err: 0, pcr err: 0, max_check_count: 40
01-25 08:31:52.077   904  1027 D SETTINGS-LGE-IptvStorageManager: readUserPreference(LASTCHANNEL) called 
01-25 08:31:52.077   904  1027 D SETTINGS-LGE-IptvStorageManager: readUserPreference() : /LGU_data/UP/LASTCHANNEL.1 file does not exist
01-25 08:31:52.077   904  1027 D SETTINGS-LGE-IptvStorageManager: readUserPreference(LASTCHANNEL, 1) SUCCESS
01-25 08:31:52.077   362   385 I LIVE-LGE-JNI: readUP[LASTCHANNEL] 0th PrefValue : 677
01-25 08:31:53.687  2093  2115 D dalvikvm: GC_CONCURRENT freed 407K, 21% free 2603K/3284K, paused 1ms+1ms, total 19ms
01-25 08:31:54.477   904   920 D SETTINGS-LGE-IptvStorageManager: readUserPreference(IPTV_ENABLED) called 
01-25 08:31:54.477   904   920 D SETTINGS-LGE-IptvStorageManager: readUserPreference() : /LGU_data/UP/IPTV_ENABLED.1 file does not exist
01-25 08:31:54.477   904   920 D SETTINGS-LGE-IptvStorageManager: readUserPreference(IPTV_ENABLED, 1) SUCCESS
01-25 08:31:54.477  3224  3224 I LIVE-LGE-JNI: readUP[IPTV_ENABLED] 0th PrefValue : true
01-25 08:31:55.097  2093  2115 D dalvikvm: GC_CONCURRENT freed 388K, 21% free 2602K/3284K, paused 1ms+2ms, total 19ms
01-25 08:31:55.457   926   926 D LIVE-LGE-XCHECKER: startCrossCheck:139, stream err: 0, pcr err: 0, max_check_count: 40
01-25 08:31:59.567  4068  4068 D U+Box HomeShare: HomeShareReceiver [Receive Intent] Action : com.lguplus.iptv3.homesharestb.SERVICE.RESTART
01-25 08:31:59.567  4068  4068 D U+Box HomeShare: HomeShareReceiver Receive : INTENT_HOMESHARE_SERVICE_RESTART ( Service Started : true )
01-25 08:32:00.457   926   926 D LIVE-LGE-XCHECKER: startCrossCheck:139, stream err: 0, pcr err: 0, max_check_count: 40
01-25 08:32:01.337  2093  2115 D dalvikvm: GC_CONCURRENT freed 384K, 21% free 2608K/3284K, paused 1ms+2ms, total 18ms
01-25 08:32:05.457   926   926 D LIVE-LGE-XCHECKER: startCrossCheck:139, stream err: 0, pcr err: 0, max_check_count: 40
01-25 08:32:08.057  2093  2115 D dalvikvm: GC_CONCURRENT freed 402K, 21% free 2602K/3284K, paused 1ms+2ms, total 19ms
01-25 08:32:08.457   361   361 I AnypointAD - t.a.a.c.s.MonitorScheduler: [56] start monitoring..
01-25 08:32:08.467   361  3877 I AnypointAD - t.a.a.c.s.PushMsgClient: [179] connection: TCPNIOConnection{localSocketAddress={/192.168.219.104:43956}, peerSocketAddress={/52.79.82.81:31102}}, isConnected: true, lastReceivedTime: 1516836702703
01-25 08:32:08.467   361   361 I AnypointAD - t.a.a.c.s.MonitorScheduler: [84] register boot ad call alarm.
01-25 08:32:08.487   361  3697 I AnypointAD - t.a.a.c.m.ServerMessageProcessorFactory: [101] received message from server: HeartbeatMessage
01-25 08:32:08.487   361   361 I AnypointAD - t.a.a.c.s.MonitorScheduler: [89] monitoring finished..
01-25 08:32:08.487   361  3877 I AnypointAD - t.a.a.c.s.PushMsgClient: [154] Sending device event: Heartbeat
01-25 08:32:08.497  1754  1773 E NotificationService: Ignoring notification with icon==0: Notification(pri=0 contentView=null vibrate=null sound=null defaults=0x0 flags=0x62 kind=[null])
01-25 08:32:08.507   361   365 D dalvikvm: GC_CONCURRENT freed 496K, 18% free 3707K/4472K, paused 2ms+3ms, total 39ms
01-25 08:32:08.507   361   361 D dalvikvm: WAIT_FOR_CONCURRENT_GC blocked 11ms
01-25 08:32:08.507   361   361 I AnypointAD - t.a.a.c.a.StartService: [15] StartService start...4149, class tv.anypoint.android.core.app.StartService
01-25 08:32:08.917  1691  1697 D dalvikvm: GC_CONCURRENT freed 387K, 20% free 2505K/3120K, paused 2ms+2ms, total 15ms
01-25 08:32:09.967  2093  2115 D dalvikvm: GC_CONCURRENT freed 405K, 21% free 2611K/3284K, paused 3ms+2ms, total 21ms
01-25 08:32:10.467   926   926 D LIVE-LGE-XCHECKER: startCrossCheck:139, stream err: 0, pcr err: 0, max_check_count: 40
01-25 08:32:11.077  1754  1827 I TvWindowManager: AUTO_STANDBY : AutoStandbyCheckTask started - curTime = 250191044 / lastKeyInTime = 250131044
01-25 08:32:11.077  1754  1827 I TvWindowManager: AUTO_STANDBY : resetLastKeyInTimeInNotActivePowerModeState() - Last key in time = 250191045
01-25 08:32:11.107  2155  2155 I VOD-PINEONE-LAUNCHER: [CategoryAlarmReceiver] onReceive()[19] >> [onReceive] Category Alarm Receive!!
01-25 08:32:11.107  2155  1395 I VOD-PINEONE-LAUNCHER: [CategoryMenuManager] getMenuDataVersion()[103] >> [getMenuDataVersion] file path: /LGU_data/ma/version.cfg
01-25 08:32:11.107  2155  1395 I VOD-PINEONE-LAUNCHER: [CategoryMenuManager$1] run()[66] >> [getMenuDataVersion] currentVersion: VERSION=0xc1
01-25 08:32:11.107  2155  1395 I VOD-PINEONE-LAUNCHER: , fileVersion: VERSION=0xc1
01-25 08:32:11.107  2155  1395 I VOD-PINEONE-LAUNCHER: 
01-25 08:32:15.467   926   926 D LIVE-LGE-XCHECKER: startCrossCheck:139, stream err: 0, pcr err: 0, max_check_count: 40
01-25 08:32:17.727  2155  2155 D ETC-PINEONE-LAUNCHER: [SystemButton] setNotificationCount()[103] >> notification count 4
01-25 08:32:17.957  2093  2115 D dalvikvm: GC_CONCURRENT freed 418K, 21% free 2604K/3284K, paused 3ms+2ms, total 21ms
01-25 08:32:20.467   926   926 D LIVE-LGE-XCHECKER: startCrossCheck:139, stream err: 0, pcr err: 0, max_check_count: 40
01-25 08:32:21.357  1754  1775 W BatteryStatsImpl: Couldn't get kernel wake lock stats
01-25 08:32:22.077   904   904 D SETTINGS-LGE-IptvStorageManager: readUserPreference(LASTCHANNEL) called 
01-25 08:32:22.077   904   904 D SETTINGS-LGE-IptvStorageManager: readUserPreference() : /LGU_data/UP/LASTCHANNEL.1 file does not exist
01-25 08:32:22.077   904   904 D SETTINGS-LGE-IptvStorageManager: readUserPreference(LASTCHANNEL, 1) SUCCESS
01-25 08:32:22.077   362   386 I LIVE-LGE-JNI: readUP[LASTCHANNEL] 0th PrefValue : 677
01-25 08:32:22.077  1754  2144 I ActivityManager: No longer want com.lguplus.iptv3.base.notification:remote (pid 1638): empty for 1800s
01-25 08:32:22.087  1754  2137 W ActivityManager: Scheduling restart of crashed service com.lguplus.iptv3.base.notification/.service.NotificationService in 5000ms
01-25 08:32:23.687  2093  2115 D dalvikvm: GC_CONCURRENT freed 405K, 21% free 2608K/3284K, paused 2ms+2ms, total 20ms
01-25 08:32:24.487  1754  1773 I ActivityManager: No longer want com.lguplus.iptv3.base.agent.rating:remote (pid 1691): empty for 1802s
01-25 08:32:24.487  1754  1773 I ActivityManager: No longer want com.lguplus.iptv3.base.agent.notice:remote (pid 1673): empty for 1802s
01-25 08:32:24.487  1754  1773 I ActivityManager: No longer want com.lguplus.iptv3.base.bootinit (pid 1675): empty for 3607s
01-25 08:32:24.497   904  1026 D SETTINGS-LGE-IptvStorageManager: readUserPreference(IPTV_ENABLED) called 
01-25 08:32:24.497   904  1026 D SETTINGS-LGE-IptvStorageManager: readUserPreference() : /LGU_data/UP/IPTV_ENABLED.1 file does not exist
01-25 08:32:24.497   904  1026 D SETTINGS-LGE-IptvStorageManager: readUserPreference(IPTV_ENABLED, 1) SUCCESS
01-25 08:32:24.497  3224  3224 I LIVE-LGE-JNI: readUP[IPTV_ENABLED] 0th PrefValue : true
01-25 08:32:24.497  1754  2144 W ActivityManager: Scheduling restart of crashed service com.lguplus.iptv3.base.agent.notice/.app.NoticeAgent in 12589ms
01-25 08:32:24.517  1754  1502 W ActivityManager: Scheduling restart of crashed service com.lguplus.iptv3.base.bootinit/.BootInitService in 22575ms
01-25 08:32:24.517  1754  3548 W ActivityManager: Scheduling restart of crashed service com.lguplus.iptv3.base.agent.rating/.app.VbmAgent in 22572ms
01-25 08:32:25.467   926   926 D LIVE-LGE-XCHECKER: startCrossCheck:139, stream err: 0, pcr err: 0, max_check_count: 40
