02-05 10:35:00.699   679   855 W AlarmManager: Suspiciously short interval 30000 millis; expanding to 60 seconds
02-05 10:35:13.276  9205  9205 W ContextImpl: Calling a method in the system process without a qualified user: android.app.ContextImpl.startService:1460 android.content.ContextWrapper.startService:644 android.content.ContextWrapper.startService:644 com.lguplus.iptv3.arzoo.push.LGUPlusPushAgentMsgReceiver.onReceive:104 android.app.ActivityThread.handleReceiver:3252 
02-05 10:35:13.287   679   692 W AlarmManager: Suspiciously short interval 30000 millis; expanding to 60 seconds
02-05 10:35:13.308  8275  8275 W ContextImpl: Calling a method in the system process without a qualified user: android.app.ContextImpl.sendBroadcast:950 android.content.ContextWrapper.sendBroadcast:431 android.content.ContextWrapper.sendBroadcast:431 com.lguplus.iptv3.onetouchstb.push.LGUPlusPushAgentAPI.checkRegID:153 com.lguplus.iptv3.onetouchstb.push.OnetouchSTBPushManager.requestCheckRegId:46 
02-05 10:35:13.312   679   692 W AlarmManager: Suspiciously short interval 30000 millis; expanding to 60 seconds
02-05 10:35:26.023   679   700 V ActivityManager: Attempted to start a foreground service (ComponentInfo{tv.anypoint.uplus.tvg.app/tv.anypoint.android.core.app.StartService}) with a broken notification (no icon: Notification(channel=null pri=0 contentView=null vibrate=null sound=null defaults=0x0 flags=0x40 color=0x00000000 vis=PRIVATE))
02-05 10:35:45.627  8275  8275 W ContextImpl: Calling a method in the system process without a qualified user: android.app.ContextImpl.startService:1460 android.content.ContextWrapper.startService:644 android.content.ContextWrapper.startService:644 com.lguplus.iptv3.onetouchstb.receiver.ReservationReceiver.startService:49 com.lguplus.iptv3.onetouchstb.receiver.ReservationReceiver.onReceive:38 
02-05 10:35:45.637   679  7039 W AlarmManager: Suspiciously short interval 30000 millis; expanding to 60 seconds
02-05 10:35:45.647   679  5929 W AlarmManager: Suspiciously short interval 30000 millis; expanding to 60 seconds
02-05 10:36:00.713   679  7039 W AlarmManager: Suspiciously short interval 30000 millis; expanding to 60 seconds
02-05 10:36:26.113   679   700 V ActivityManager: Attempted to start a foreground service (ComponentInfo{tv.anypoint.uplus.tvg.app/tv.anypoint.android.core.app.StartService}) with a broken notification (no icon: Notification(channel=null pri=0 contentView=null vibrate=null sound=null defaults=0x0 flags=0x40 color=0x00000000 vis=PRIVATE))
02-05 10:36:42.424  9205  9205 W ContextImpl: Calling a method in the system process without a qualified user: android.app.ContextImpl.startService:1460 android.content.ContextWrapper.startService:644 android.content.ContextWrapper.startService:644 com.lguplus.iptv3.arzoo.push.LGUPlusPushAgentMsgReceiver.onReceive:104 android.app.ActivityThread.handleReceiver:3252 
02-05 10:36:42.440   679   932 W AlarmManager: Suspiciously short interval 30000 millis; expanding to 60 seconds
02-05 10:36:42.462   679  5929 W AlarmManager: Suspiciously short interval 30000 millis; expanding to 60 seconds
02-05 10:36:42.471  8275  8275 W ContextImpl: Calling a method in the system process without a qualified user: android.app.ContextImpl.sendBroadcast:950 android.content.ContextWrapper.sendBroadcast:431 android.content.ContextWrapper.sendBroadcast:431 com.lguplus.iptv3.onetouchstb.push.LGUPlusPushAgentAPI.checkRegID:153 com.lguplus.iptv3.onetouchstb.push.OnetouchSTBPushManager.requestCheckRegId:46 
02-05 10:36:45.706  8275  8275 W ContextImpl: Calling a method in the system process without a qualified user: android.app.ContextImpl.startService:1460 android.content.ContextWrapper.startService:644 android.content.ContextWrapper.startService:644 com.lguplus.iptv3.onetouchstb.receiver.ReservationReceiver.startService:49 com.lguplus.iptv3.onetouchstb.receiver.ReservationReceiver.onReceive:38 
02-05 10:36:45.708   679   932 W AlarmManager: Suspiciously short interval 30000 millis; expanding to 60 seconds
02-05 10:36:45.718   679   932 W AlarmManager: Suspiciously short interval 30000 millis; expanding to 60 seconds
02-05 10:36:52.000   679   764 W ContextImpl: Calling a method in the system process without a qualified user: android.app.ContextImpl.sendBroadcast:950 com.android.server.policy.LgTvWindowManager.interceptKeyBeforeDispatching:350 com.android.server.wm.InputMonitor.interceptKeyBeforeDispatching:466 com.android.server.input.InputManagerService.interceptKeyBeforeDispatching:1956 <bottom of call stack> 
02-05 10:36:52.247  1367  1988 W ContextImpl: Calling a method in the system process without a qualified user: android.app.ContextImpl.sendBroadcast:950 android.content.ContextWrapper.sendBroadcast:431 com.lge.sys.IptvShmService$IptvEventHandler.BroadcastCmEvent:814 com.lge.sys.IptvListener.Notify:167 com.lge.sys.ILgIpcClientService$Stub.onTransact:55 
02-05 10:36:52.260  1274 30986 I chatty  : uid=1000(system) com.lguplus.iptv3.base.livewidget expire 2 lines
02-05 10:36:52.802  1367  1988 W ContextImpl: Calling a method in the system process without a qualified user: android.app.ContextImpl.sendBroadcast:950 android.content.ContextWrapper.sendBroadcast:431 com.lge.sys.IptvShmService$IptvEventHandler.BroadcastCmEvent:814 com.lge.sys.IptvListener.Notify:131 com.lge.sys.ILgIpcClientService$Stub.onTransact:55 
02-05 10:36:55.890   679   764 W ContextImpl: Calling a method in the system process without a qualified user: android.app.ContextImpl.sendBroadcast:950 com.android.server.policy.LgTvWindowManager.interceptKeyBeforeDispatching:350 com.android.server.wm.InputMonitor.interceptKeyBeforeDispatching:466 com.android.server.input.InputManagerService.interceptKeyBeforeDispatching:1956 <bottom of call stack> 
02-05 10:36:55.902  1274  1274 I chatty  : uid=1000(system) com.lguplus.iptv3.base.livewidget expire 24 lines
02-05 10:36:56.154  1367  1988 W ContextImpl: Calling a method in the system process without a qualified user: android.app.ContextImpl.sendBroadcast:950 android.content.ContextWrapper.sendBroadcast:431 com.lge.sys.IptvShmService$IptvEventHandler.BroadcastCmEvent:814 com.lge.sys.IptvListener.Notify:167 com.lge.sys.ILgIpcClientService$Stub.onTransact:55 
02-05 10:36:56.167  1274 31030 I chatty  : uid=1000(system) com.lguplus.iptv3.base.livewidget expire 2 lines
02-05 10:36:56.526  1367  1988 W ContextImpl: Calling a method in the system process without a qualified user: android.app.ContextImpl.sendBroadcast:950 android.content.ContextWrapper.sendBroadcast:431 com.lge.sys.IptvShmService$IptvEventHandler.BroadcastCmEvent:814 com.lge.sys.IptvListener.Notify:131 com.lge.sys.ILgIpcClientService$Stub.onTransact:55 
02-05 10:36:57.738   679   764 W ContextImpl: Calling a method in the system process without a qualified user: android.app.ContextImpl.sendBroadcast:950 com.android.server.policy.LgTvWindowManager.interceptKeyBeforeDispatching:350 com.android.server.wm.InputMonitor.interceptKeyBeforeDispatching:466 com.android.server.input.InputManagerService.interceptKeyBeforeDispatching:1956 <bottom of call stack> 
02-05 10:36:57.951  1367  1988 W ContextImpl: Calling a method in the system process without a qualified user: android.app.ContextImpl.sendBroadcast:950 android.content.ContextWrapper.sendBroadcast:431 com.lge.sys.IptvShmService$IptvEventHandler.BroadcastCmEvent:814 com.lge.sys.IptvListener.Notify:167 com.lge.sys.ILgIpcClientService$Stub.onTransact:55 
02-05 10:36:57.961  1274 31066 I chatty  : uid=1000(system) com.lguplus.iptv3.base.livewidget expire 2 lines
02-05 10:36:58.202  1367  1988 W ContextImpl: Calling a method in the system process without a qualified user: android.app.ContextImpl.sendBroadcast:950 android.content.ContextWrapper.sendBroadcast:431 com.lge.sys.IptvShmService$IptvEventHandler.BroadcastCmEvent:814 com.lge.sys.IptvListener.Notify:131 com.lge.sys.ILgIpcClientService$Stub.onTransact:55 
02-05 10:36:59.132   679   764 W ContextImpl: Calling a method in the system process without a qualified user: android.app.ContextImpl.sendBroadcast:950 com.android.server.policy.LgTvWindowManager.interceptKeyBeforeDispatching:350 com.android.server.wm.InputMonitor.interceptKeyBeforeDispatching:466 com.android.server.input.InputManagerService.interceptKeyBeforeDispatching:1956 <bottom of call stack> 
02-05 10:36:59.366  1367  1988 W ContextImpl: Calling a method in the system process without a qualified user: android.app.ContextImpl.sendBroadcast:950 android.content.ContextWrapper.sendBroadcast:431 com.lge.sys.IptvShmService$IptvEventHandler.BroadcastCmEvent:814 com.lge.sys.IptvListener.Notify:167 com.lge.sys.ILgIpcClientService$Stub.onTransact:55 
02-05 10:36:59.378  1274 31091 I chatty  : uid=1000(system) com.lguplus.iptv3.base.livewidget expire 2 lines
02-05 10:37:00.225  1367  1988 W ContextImpl: Calling a method in the system process without a qualified user: android.app.ContextImpl.sendBroadcast:950 android.content.ContextWrapper.sendBroadcast:431 com.lge.sys.IptvShmService$IptvEventHandler.BroadcastCmEvent:814 com.lge.sys.IptvListener.Notify:131 com.lge.sys.ILgIpcClientService$Stub.onTransact:55 
02-05 10:37:00.727   679   855 W AlarmManager: Suspiciously short interval 30000 millis; expanding to 60 seconds
02-05 10:37:04.459   679   764 W ContextImpl: Calling a method in the system process without a qualified user: android.app.ContextImpl.sendBroadcast:950 com.android.server.policy.LgTvWindowManager.interceptKeyBeforeDispatching:350 com.android.server.wm.InputMonitor.interceptKeyBeforeDispatching:466 com.android.server.input.InputManagerService.interceptKeyBeforeDispatching:1956 <bottom of call stack> 
02-05 10:37:04.700  1367  1988 W ContextImpl: Calling a method in the system process without a qualified user: android.app.ContextImpl.sendBroadcast:950 android.content.ContextWrapper.sendBroadcast:431 com.lge.sys.IptvShmService$IptvEventHandler.BroadcastCmEvent:814 com.lge.sys.IptvListener.Notify:167 com.lge.sys.ILgIpcClientService$Stub.onTransact:55 
02-05 10:37:04.711  1274 31141 I chatty  : uid=1000(system) com.lguplus.iptv3.base.livewidget expire 2 lines
02-05 10:37:05.215  1367  1988 W ContextImpl: Calling a method in the system process without a qualified user: android.app.ContextImpl.sendBroadcast:950 android.content.ContextWrapper.sendBroadcast:431 com.lge.sys.IptvShmService$IptvEventHandler.BroadcastCmEvent:814 com.lge.sys.IptvListener.Notify:131 com.lge.sys.ILgIpcClientService$Stub.onTransact:55 
02-05 10:37:05.959   679   764 W ContextImpl: Calling a method in the system process without a qualified user: android.app.ContextImpl.sendBroadcast:950 com.android.server.policy.LgTvWindowManager.interceptKeyBeforeDispatching:350 com.android.server.wm.InputMonitor.interceptKeyBeforeDispatching:466 com.android.server.input.InputManagerService.interceptKeyBeforeDispatching:1956 <bottom of call stack> 
02-05 10:37:05.968  1274  1274 I chatty  : uid=1000(system) com.lguplus.iptv3.base.livewidget expire 14 lines
02-05 10:37:06.185  1367  1988 W ContextImpl: Calling a method in the system process without a qualified user: android.app.ContextImpl.sendBroadcast:950 android.content.ContextWrapper.sendBroadcast:431 com.lge.sys.IptvShmService$IptvEventHandler.BroadcastCmEvent:814 com.lge.sys.IptvListener.Notify:167 com.lge.sys.ILgIpcClientService$Stub.onTransact:55 
02-05 10:37:06.202  1274 31175 I chatty  : uid=1000(system) com.lguplus.iptv3.base.livewidget expire 2 lines
02-05 10:37:06.597  1367  1988 W ContextImpl: Calling a method in the system process without a qualified user: android.app.ContextImpl.sendBroadcast:950 android.content.ContextWrapper.sendBroadcast:431 com.lge.sys.IptvShmService$IptvEventHandler.BroadcastCmEvent:814 com.lge.sys.IptvListener.Notify:131 com.lge.sys.ILgIpcClientService$Stub.onTransact:55 
02-05 10:37:26.162   679   700 V ActivityManager: Attempted to start a foreground service (ComponentInfo{tv.anypoint.uplus.tvg.app/tv.anypoint.android.core.app.StartService}) with a broken notification (no icon: Notification(channel=null pri=0 contentView=null vibrate=null sound=null defaults=0x0 flags=0x40 color=0x00000000 vis=PRIVATE))
02-05 10:37:43.532  9205  9205 W ContextImpl: Calling a method in the system process without a qualified user: android.app.ContextImpl.startService:1460 android.content.ContextWrapper.startService:644 android.content.ContextWrapper.startService:644 com.lguplus.iptv3.arzoo.push.LGUPlusPushAgentMsgReceiver.onReceive:104 android.app.ActivityThread.handleReceiver:3252 
02-05 10:37:43.554   679   932 W AlarmManager: Suspiciously short interval 30000 millis; expanding to 60 seconds
02-05 10:37:43.559  8275  8275 W ContextImpl: Calling a method in the system process without a qualified user: android.app.ContextImpl.sendBroadcast:950 android.content.ContextWrapper.sendBroadcast:431 android.content.ContextWrapper.sendBroadcast:431 com.lguplus.iptv3.onetouchstb.push.LGUPlusPushAgentAPI.checkRegID:153 com.lguplus.iptv3.onetouchstb.push.OnetouchSTBPushManager.requestCheckRegId:46 
02-05 10:37:43.587   679  5929 W AlarmManager: Suspiciously short interval 30000 millis; expanding to 60 seconds
02-05 10:37:45.769  8275  8275 W ContextImpl: Calling a method in the system process without a qualified user: android.app.ContextImpl.startService:1460 android.content.ContextWrapper.startService:644 android.content.ContextWrapper.startService:644 com.lguplus.iptv3.onetouchstb.receiver.ReservationReceiver.startService:49 com.lguplus.iptv3.onetouchstb.receiver.ReservationReceiver.onReceive:38 
02-05 10:37:45.778   679   855 W AlarmManager: Suspiciously short interval 30000 millis; expanding to 60 seconds
02-05 10:37:45.781   679   932 W AlarmManager: Suspiciously short interval 30000 millis; expanding to 60 seconds
02-05 10:37:53.410   679   703 E BatteryStatsService: no controller energy info supplied
02-05 10:37:53.425   679   703 I chatty  : uid=1000(system) batterystats-sy identical 3 lines
02-05 10:38:11.649  1367  1988 W ContextImpl: Calling a method in the system process without a qualified user: android.app.ContextImpl.sendBroadcast:950 android.content.ContextWrapper.sendBroadcast:431 com.lge.sys.IptvShmService$IptvEventHandler.BroadcastCmEvent:814 com.lge.sys.IptvListener.Notify:167 com.lge.sys.ILgIpcClientService$Stub.onTransact:55 
02-05 10:38:11.662  1274 31637 I chatty  : uid=1000(system) com.lguplus.iptv3.base.livewidget expire 2 lines
02-05 10:38:12.047  1367  1988 W ContextImpl: Calling a method in the system process without a qualified user: android.app.ContextImpl.sendBroadcast:950 android.content.ContextWrapper.sendBroadcast:431 com.lge.sys.IptvShmService$IptvEventHandler.BroadcastCmEvent:814 com.lge.sys.IptvListener.Notify:131 com.lge.sys.ILgIpcClientService$Stub.onTransact:55 
02-05 10:38:46.394  8275  8275 W ContextImpl: Calling a method in the system process without a qualified user: android.app.ContextImpl.startService:1460 android.content.ContextWrapper.startService:644 android.content.ContextWrapper.startService:644 com.lguplus.iptv3.onetouchstb.receiver.ReservationReceiver.startService:49 com.lguplus.iptv3.onetouchstb.receiver.ReservationReceiver.onReceive:38 
02-05 10:38:49.371   679   932 I chatty  : uid=1000(system) Binder:679_5 expire 3 lines
02-05 10:39:12.660  9205  9205 W ContextImpl: Calling a method in the system process without a qualified user: android.app.ContextImpl.startService:1460 android.content.ContextWrapper.startService:644 android.content.ContextWrapper.startService:644 com.lguplus.iptv3.arzoo.push.LGUPlusPushAgentMsgReceiver.onReceive:104 android.app.ActivityThread.handleReceiver:3252 
02-05 10:39:12.707  8275  8275 W ContextImpl: Calling a method in the system process without a qualified user: android.app.ContextImpl.sendBroadcast:950 android.content.ContextWrapper.sendBroadcast:431 android.content.ContextWrapper.sendBroadcast:431 com.lguplus.iptv3.onetouchstb.push.LGUPlusPushAgentAPI.checkRegID:153 com.lguplus.iptv3.onetouchstb.push.OnetouchSTBPushManager.requestCheckRegId:46 
02-05 10:39:46.600  8275  8275 W ContextImpl: Calling a method in the system process without a qualified user: android.app.ContextImpl.startService:1460 android.content.ContextWrapper.startService:644 android.content.ContextWrapper.startService:644 com.lguplus.iptv3.onetouchstb.receiver.ReservationReceiver.startService:49 com.lguplus.iptv3.onetouchstb.receiver.ReservationReceiver.onReceive:38 
02-05 10:40:00.792   679  1364 I chatty  : uid=1000(system) Binder:679_D expire 5 lines
02-05 10:40:15.780  9205  9205 W ContextImpl: Calling a method in the system process without a qualified user: android.app.ContextImpl.startService:1460 android.content.ContextWrapper.startService:644 android.content.ContextWrapper.startService:644 com.lguplus.iptv3.arzoo.push.LGUPlusPushAgentMsgReceiver.onReceive:104 android.app.ActivityThread.handleReceiver:3252 
02-05 10:40:15.803  8275  8275 W ContextImpl: Calling a method in the system process without a qualified user: android.app.ContextImpl.sendBroadcast:950 android.content.ContextWrapper.sendBroadcast:431 android.content.ContextWrapper.sendBroadcast:431 com.lguplus.iptv3.onetouchstb.push.LGUPlusPushAgentAPI.checkRegID:153 com.lguplus.iptv3.onetouchstb.push.OnetouchSTBPushManager.requestCheckRegId:46 
02-05 10:40:26.404   679   700 I chatty  : uid=1000(system) ActivityManager expire 3 lines
02-05 10:40:46.669  8275  8275 W ContextImpl: Calling a method in the system process without a qualified user: android.app.ContextImpl.startService:1460 android.content.ContextWrapper.startService:644 android.content.ContextWrapper.startService:644 com.lguplus.iptv3.onetouchstb.receiver.ReservationReceiver.startService:49 com.lguplus.iptv3.onetouchstb.receiver.ReservationReceiver.onReceive:38 
02-05 10:41:03.320  1367  1988 W ContextImpl: Calling a method in the system process without a qualified user: android.app.ContextImpl.sendBroadcast:950 android.content.ContextWrapper.sendBroadcast:431 com.lge.sys.IptvShmService$IptvEventHandler.BroadcastCmEvent:814 com.lge.sys.IptvListener.Notify:167 com.lge.sys.ILgIpcClientService$Stub.onTransact:55 
02-05 10:41:03.347  1274   518 I chatty  : uid=1000(system) com.lguplus.iptv3.base.livewidget expire 2 lines
02-05 10:41:03.466  1274  1274 I chatty  : uid=1000(system) com.lguplus.iptv3.base.livewidget expire 31 lines
02-05 10:41:03.724  1367  1988 W ContextImpl: Calling a method in the system process without a qualified user: android.app.ContextImpl.sendBroadcast:950 android.content.ContextWrapper.sendBroadcast:431 com.lge.sys.IptvShmService$IptvEventHandler.BroadcastCmEvent:814 com.lge.sys.IptvListener.Notify:131 com.lge.sys.ILgIpcClientService$Stub.onTransact:55 
02-05 10:41:04.615  1367  1988 W ContextImpl: Calling a method in the system process without a qualified user: android.app.ContextImpl.sendBroadcast:950 android.content.ContextWrapper.sendBroadcast:431 com.lge.sys.IptvShmService$IptvEventHandler.BroadcastCmEvent:814 com.lge.sys.IptvListener.Notify:167 com.lge.sys.ILgIpcClientService$Stub.onTransact:55 
02-05 10:41:04.627  1274   620 I chatty  : uid=1000(system) com.lguplus.iptv3.base.livewidget expire 2 lines
02-05 10:41:05.253  1367  1988 W ContextImpl: Calling a method in the system process without a qualified user: android.app.ContextImpl.sendBroadcast:950 android.content.ContextWrapper.sendBroadcast:431 com.lge.sys.IptvShmService$IptvEventHandler.BroadcastCmEvent:814 com.lge.sys.IptvListener.Notify:131 com.lge.sys.ILgIpcClientService$Stub.onTransact:55 
02-05 10:41:06.338  1367  1988 W ContextImpl: Calling a method in the system process without a qualified user: android.app.ContextImpl.sendBroadcast:950 android.content.ContextWrapper.sendBroadcast:431 com.lge.sys.IptvShmService$IptvEventHandler.BroadcastCmEvent:814 com.lge.sys.IptvListener.Notify:167 com.lge.sys.ILgIpcClientService$Stub.onTransact:55 
02-05 10:41:06.349  1274   770 I chatty  : uid=1000(system) com.lguplus.iptv3.base.livewidget expire 2 lines
02-05 10:41:06.832  1367  1988 W ContextImpl: Calling a method in the system process without a qualified user: android.app.ContextImpl.sendBroadcast:950 android.content.ContextWrapper.sendBroadcast:431 com.lge.sys.IptvShmService$IptvEventHandler.BroadcastCmEvent:814 com.lge.sys.IptvListener.Notify:131 com.lge.sys.ILgIpcClientService$Stub.onTransact:55 
02-05 10:41:07.790  1367  1988 W ContextImpl: Calling a method in the system process without a qualified user: android.app.ContextImpl.sendBroadcast:950 android.content.ContextWrapper.sendBroadcast:431 com.lge.sys.IptvShmService$IptvEventHandler.BroadcastCmEvent:814 com.lge.sys.IptvListener.Notify:167 com.lge.sys.ILgIpcClientService$Stub.onTransact:55 
02-05 10:41:07.806  1274   906 I chatty  : uid=1000(system) com.lguplus.iptv3.base.livewidget expire 2 lines
02-05 10:41:08.516  1367  1988 W ContextImpl: Calling a method in the system process without a qualified user: android.app.ContextImpl.sendBroadcast:950 android.content.ContextWrapper.sendBroadcast:431 com.lge.sys.IptvShmService$IptvEventHandler.BroadcastCmEvent:814 com.lge.sys.IptvListener.Notify:131 com.lge.sys.ILgIpcClientService$Stub.onTransact:55 
02-05 10:41:09.352  1367  1988 W ContextImpl: Calling a method in the system process without a qualified user: android.app.ContextImpl.sendBroadcast:950 android.content.ContextWrapper.sendBroadcast:431 com.lge.sys.IptvShmService$IptvEventHandler.BroadcastCmEvent:814 com.lge.sys.IptvListener.Notify:167 com.lge.sys.ILgIpcClientService$Stub.onTransact:55 
02-05 10:41:09.363  1274   998 I chatty  : uid=1000(system) com.lguplus.iptv3.base.livewidget expire 2 lines
02-05 10:41:10.005  1367  1988 W ContextImpl: Calling a method in the system process without a qualified user: android.app.ContextImpl.sendBroadcast:950 android.content.ContextWrapper.sendBroadcast:431 com.lge.sys.IptvShmService$IptvEventHandler.BroadcastCmEvent:814 com.lge.sys.IptvListener.Notify:131 com.lge.sys.ILgIpcClientService$Stub.onTransact:55 
02-05 10:41:12.915  1367  1988 W ContextImpl: Calling a method in the system process without a qualified user: android.app.ContextImpl.sendBroadcast:950 android.content.ContextWrapper.sendBroadcast:431 com.lge.sys.IptvShmService$IptvEventHandler.BroadcastCmEvent:814 com.lge.sys.IptvListener.Notify:167 com.lge.sys.ILgIpcClientService$Stub.onTransact:55 
02-05 10:41:12.929  1274  1161 I chatty  : uid=1000(system) com.lguplus.iptv3.base.livewidget expire 2 lines
02-05 10:41:13.675  1367  1988 W ContextImpl: Calling a method in the system process without a qualified user: android.app.ContextImpl.sendBroadcast:950 android.content.ContextWrapper.sendBroadcast:431 com.lge.sys.IptvShmService$IptvEventHandler.BroadcastCmEvent:814 com.lge.sys.IptvListener.Notify:131 com.lge.sys.ILgIpcClientService$Stub.onTransact:55 
02-05 10:41:13.706  1274  1274 I chatty  : uid=1000(system) com.lguplus.iptv3.base.livewidget expire 45 lines
02-05 10:41:15.987  1367  1988 W ContextImpl: Calling a method in the system process without a qualified user: android.app.ContextImpl.sendBroadcast:950 android.content.ContextWrapper.sendBroadcast:431 com.lge.sys.IptvShmService$IptvEventHandler.BroadcastCmEvent:814 com.lge.sys.IptvListener.Notify:167 com.lge.sys.ILgIpcClientService$Stub.onTransact:55 
02-05 10:41:15.998  1274  1279 I chatty  : uid=1000(system) com.lguplus.iptv3.base.livewidget expire 2 lines
02-05 10:41:16.357  1367  1988 W ContextImpl: Calling a method in the system process without a qualified user: android.app.ContextImpl.sendBroadcast:950 android.content.ContextWrapper.sendBroadcast:431 com.lge.sys.IptvShmService$IptvEventHandler.BroadcastCmEvent:814 com.lge.sys.IptvListener.Notify:131 com.lge.sys.ILgIpcClientService$Stub.onTransact:55 
02-05 10:41:23.153  1367  1988 W ContextImpl: Calling a method in the system process without a qualified user: android.app.ContextImpl.sendBroadcast:950 android.content.ContextWrapper.sendBroadcast:431 com.lge.sys.IptvShmService$IptvEventHandler.BroadcastCmEvent:814 com.lge.sys.IptvListener.Notify:167 com.lge.sys.ILgIpcClientService$Stub.onTransact:55 
02-05 10:41:23.165  1274  1533 I chatty  : uid=1000(system) com.lguplus.iptv3.base.livewidget expire 2 lines
02-05 10:41:23.558  1367  1988 W ContextImpl: Calling a method in the system process without a qualified user: android.app.ContextImpl.sendBroadcast:950 android.content.ContextWrapper.sendBroadcast:431 com.lge.sys.IptvShmService$IptvEventHandler.BroadcastCmEvent:814 com.lge.sys.IptvListener.Notify:131 com.lge.sys.ILgIpcClientService$Stub.onTransact:55 
02-05 10:41:25.166  1367  1988 W ContextImpl: Calling a method in the system process without a qualified user: android.app.ContextImpl.sendBroadcast:950 android.content.ContextWrapper.sendBroadcast:431 com.lge.sys.IptvShmService$IptvEventHandler.BroadcastCmEvent:814 com.lge.sys.IptvListener.Notify:167 com.lge.sys.ILgIpcClientService$Stub.onTransact:55 
02-05 10:41:25.179  1274  1596 I chatty  : uid=1000(system) com.lguplus.iptv3.base.livewidget expire 2 lines
02-05 10:41:25.748  1367  1988 W ContextImpl: Calling a method in the system process without a qualified user: android.app.ContextImpl.sendBroadcast:950 android.content.ContextWrapper.sendBroadcast:431 com.lge.sys.IptvShmService$IptvEventHandler.BroadcastCmEvent:814 com.lge.sys.IptvListener.Notify:131 com.lge.sys.ILgIpcClientService$Stub.onTransact:55 
02-05 10:41:26.895  9205  9205 W ContextImpl: Calling a method in the system process without a qualified user: android.app.ContextImpl.startService:1460 android.content.ContextWrapper.startService:644 android.content.ContextWrapper.startService:644 com.lguplus.iptv3.arzoo.push.LGUPlusPushAgentMsgReceiver.onReceive:104 android.app.ActivityThread.handleReceiver:3252 
02-05 10:41:26.934  8275  8275 W ContextImpl: Calling a method in the system process without a qualified user: android.app.ContextImpl.sendBroadcast:950 android.content.ContextWrapper.sendBroadcast:431 android.content.ContextWrapper.sendBroadcast:431 com.lguplus.iptv3.onetouchstb.push.LGUPlusPushAgentAPI.checkRegID:153 com.lguplus.iptv3.onetouchstb.push.OnetouchSTBPushManager.requestCheckRegId:46 
02-05 10:41:26.991  1367  1988 W ContextImpl: Calling a method in the system process without a qualified user: android.app.ContextImpl.sendBroadcast:950 android.content.ContextWrapper.sendBroadcast:431 com.lge.sys.IptvShmService$IptvEventHandler.BroadcastCmEvent:814 com.lge.sys.IptvListener.Notify:167 com.lge.sys.ILgIpcClientService$Stub.onTransact:55 
02-05 10:41:27.018  1274  1636 I chatty  : uid=1000(system) com.lguplus.iptv3.base.livewidget expire 2 lines
02-05 10:41:27.526  1367  1988 W ContextImpl: Calling a method in the system process without a qualified user: android.app.ContextImpl.sendBroadcast:950 android.content.ContextWrapper.sendBroadcast:431 com.lge.sys.IptvShmService$IptvEventHandler.BroadcastCmEvent:814 com.lge.sys.IptvListener.Notify:131 com.lge.sys.ILgIpcClientService$Stub.onTransact:55 
02-05 10:41:28.740   679   764 I chatty  : uid=1000(system) InputDispatcher expire 10 lines
02-05 10:41:28.907  1367  1988 W ContextImpl: Calling a method in the system process without a qualified user: android.app.ContextImpl.sendBroadcast:950 android.content.ContextWrapper.sendBroadcast:431 com.lge.sys.IptvShmService$IptvEventHandler.BroadcastCmEvent:814 com.lge.sys.IptvListener.Notify:167 com.lge.sys.ILgIpcClientService$Stub.onTransact:55 
02-05 10:41:28.918  1274  1687 I chatty  : uid=1000(system) com.lguplus.iptv3.base.livewidget expire 2 lines
02-05 10:41:29.486  1367  1988 W ContextImpl: Calling a method in the system process without a qualified user: android.app.ContextImpl.sendBroadcast:950 android.content.ContextWrapper.sendBroadcast:431 com.lge.sys.IptvShmService$IptvEventHandler.BroadcastCmEvent:814 com.lge.sys.IptvListener.Notify:131 com.lge.sys.ILgIpcClientService$Stub.onTransact:55 
02-05 10:41:30.654  1367  1988 W ContextImpl: Calling a method in the system process without a qualified user: android.app.ContextImpl.sendBroadcast:950 android.content.ContextWrapper.sendBroadcast:431 com.lge.sys.IptvShmService$IptvEventHandler.BroadcastCmEvent:814 com.lge.sys.IptvListener.Notify:167 com.lge.sys.ILgIpcClientService$Stub.onTransact:55 
02-05 10:41:30.665  1274  1730 I chatty  : uid=1000(system) com.lguplus.iptv3.base.livewidget expire 2 lines
02-05 10:41:31.348  1367  1988 W ContextImpl: Calling a method in the system process without a qualified user: android.app.ContextImpl.sendBroadcast:950 android.content.ContextWrapper.sendBroadcast:431 com.lge.sys.IptvShmService$IptvEventHandler.BroadcastCmEvent:814 com.lge.sys.IptvListener.Notify:131 com.lge.sys.ILgIpcClientService$Stub.onTransact:55 
02-05 10:41:32.295  1367  1988 W ContextImpl: Calling a method in the system process without a qualified user: android.app.ContextImpl.sendBroadcast:950 android.content.ContextWrapper.sendBroadcast:431 com.lge.sys.IptvShmService$IptvEventHandler.BroadcastCmEvent:814 com.lge.sys.IptvListener.Notify:167 com.lge.sys.ILgIpcClientService$Stub.onTransact:55 
02-05 10:41:32.305  1274  1770 I chatty  : uid=1000(system) com.lguplus.iptv3.base.livewidget expire 2 lines
02-05 10:41:32.613  1367  1988 W ContextImpl: Calling a method in the system process without a qualified user: android.app.ContextImpl.sendBroadcast:950 android.content.ContextWrapper.sendBroadcast:431 com.lge.sys.IptvShmService$IptvEventHandler.BroadcastCmEvent:814 com.lge.sys.IptvListener.Notify:131 com.lge.sys.ILgIpcClientService$Stub.onTransact:55 
02-05 10:41:33.323  1274  1274 I chatty  : uid=1000(system) com.lguplus.iptv3.base.livewidget expire 39 lines
02-05 10:41:33.531  1367  1988 W ContextImpl: Calling a method in the system process without a qualified user: android.app.ContextImpl.sendBroadcast:950 android.content.ContextWrapper.sendBroadcast:431 com.lge.sys.IptvShmService$IptvEventHandler.BroadcastCmEvent:814 com.lge.sys.IptvListener.Notify:167 com.lge.sys.ILgIpcClientService$Stub.onTransact:55 
02-05 10:41:33.547  1274  1807 I chatty  : uid=1000(system) com.lguplus.iptv3.base.livewidget expire 2 lines
02-05 10:41:34.382  1367  1988 W ContextImpl: Calling a method in the system process without a qualified user: android.app.ContextImpl.sendBroadcast:950 android.content.ContextWrapper.sendBroadcast:431 com.lge.sys.IptvShmService$IptvEventHandler.BroadcastCmEvent:814 com.lge.sys.IptvListener.Notify:131 com.lge.sys.ILgIpcClientService$Stub.onTransact:55 
02-05 10:41:35.101  1367  1988 W ContextImpl: Calling a method in the system process without a qualified user: android.app.ContextImpl.sendBroadcast:950 android.content.ContextWrapper.sendBroadcast:431 com.lge.sys.IptvShmService$IptvEventHandler.BroadcastCmEvent:814 com.lge.sys.IptvListener.Notify:167 com.lge.sys.ILgIpcClientService$Stub.onTransact:55 
02-05 10:41:35.115  1274  1831 I chatty  : uid=1000(system) com.lguplus.iptv3.base.livewidget expire 2 lines
02-05 10:41:35.650  1367  1988 W ContextImpl: Calling a method in the system process without a qualified user: android.app.ContextImpl.sendBroadcast:950 android.content.ContextWrapper.sendBroadcast:431 com.lge.sys.IptvShmService$IptvEventHandler.BroadcastCmEvent:814 com.lge.sys.IptvListener.Notify:131 com.lge.sys.ILgIpcClientService$Stub.onTransact:55 
02-05 10:41:36.728  1367  1988 W ContextImpl: Calling a method in the system process without a qualified user: android.app.ContextImpl.sendBroadcast:950 android.content.ContextWrapper.sendBroadcast:431 com.lge.sys.IptvShmService$IptvEventHandler.BroadcastCmEvent:814 com.lge.sys.IptvListener.Notify:167 com.lge.sys.ILgIpcClientService$Stub.onTransact:55 
02-05 10:41:36.743  1274  1879 I chatty  : uid=1000(system) com.lguplus.iptv3.base.livewidget expire 2 lines
02-05 10:41:37.538  1367  1988 W ContextImpl: Calling a method in the system process without a qualified user: android.app.ContextImpl.sendBroadcast:950 android.content.ContextWrapper.sendBroadcast:431 com.lge.sys.IptvShmService$IptvEventHandler.BroadcastCmEvent:814 com.lge.sys.IptvListener.Notify:131 com.lge.sys.ILgIpcClientService$Stub.onTransact:55 
02-05 10:41:39.320  1367  1988 W ContextImpl: Calling a method in the system process without a qualified user: android.app.ContextImpl.sendBroadcast:950 android.content.ContextWrapper.sendBroadcast:431 com.lge.sys.IptvShmService$IptvEventHandler.BroadcastCmEvent:814 com.lge.sys.IptvListener.Notify:167 com.lge.sys.ILgIpcClientService$Stub.onTransact:55 
02-05 10:41:39.332  1274  1921 I chatty  : uid=1000(system) com.lguplus.iptv3.base.livewidget expire 2 lines
02-05 10:41:39.615  1367  1988 W ContextImpl: Calling a method in the system process without a qualified user: android.app.ContextImpl.sendBroadcast:950 android.content.ContextWrapper.sendBroadcast:431 com.lge.sys.IptvShmService$IptvEventHandler.BroadcastCmEvent:814 com.lge.sys.IptvListener.Notify:131 com.lge.sys.ILgIpcClientService$Stub.onTransact:55 
02-05 10:41:40.562  1367  1988 W ContextImpl: Calling a method in the system process without a qualified user: android.app.ContextImpl.sendBroadcast:950 android.content.ContextWrapper.sendBroadcast:431 com.lge.sys.IptvShmService$IptvEventHandler.BroadcastCmEvent:814 com.lge.sys.IptvListener.Notify:167 com.lge.sys.ILgIpcClientService$Stub.onTransact:55 
02-05 10:41:40.574  1274  1942 I chatty  : uid=1000(system) com.lguplus.iptv3.base.livewidget expire 2 lines
02-05 10:41:40.998  1367  1988 W ContextImpl: Calling a method in the system process without a qualified user: android.app.ContextImpl.sendBroadcast:950 android.content.ContextWrapper.sendBroadcast:431 com.lge.sys.IptvShmService$IptvEventHandler.BroadcastCmEvent:814 com.lge.sys.IptvListener.Notify:131 com.lge.sys.ILgIpcClientService$Stub.onTransact:55 
02-05 10:41:41.804  1367  1988 W ContextImpl: Calling a method in the system process without a qualified user: android.app.ContextImpl.sendBroadcast:950 android.content.ContextWrapper.sendBroadcast:431 com.lge.sys.IptvShmService$IptvEventHandler.BroadcastCmEvent:814 com.lge.sys.IptvListener.Notify:167 com.lge.sys.ILgIpcClientService$Stub.onTransact:55 
02-05 10:41:41.816  1274  1971 I chatty  : uid=1000(system) com.lguplus.iptv3.base.livewidget expire 2 lines
02-05 10:41:42.465  1367  1988 W ContextImpl: Calling a method in the system process without a qualified user: android.app.ContextImpl.sendBroadcast:950 android.content.ContextWrapper.sendBroadcast:431 com.lge.sys.IptvShmService$IptvEventHandler.BroadcastCmEvent:814 com.lge.sys.IptvListener.Notify:131 com.lge.sys.ILgIpcClientService$Stub.onTransact:55 
02-05 10:41:43.064  1367  1988 W ContextImpl: Calling a method in the system process without a qualified user: android.app.ContextImpl.sendBroadcast:950 android.content.ContextWrapper.sendBroadcast:431 com.lge.sys.IptvShmService$IptvEventHandler.BroadcastCmEvent:814 com.lge.sys.IptvListener.Notify:167 com.lge.sys.ILgIpcClientService$Stub.onTransact:55 
02-05 10:41:43.075  1274  2018 I chatty  : uid=1000(system) com.lguplus.iptv3.base.livewidget expire 2 lines
02-05 10:41:43.730  1367  1988 W ContextImpl: Calling a method in the system process without a qualified user: android.app.ContextImpl.sendBroadcast:950 android.content.ContextWrapper.sendBroadcast:431 com.lge.sys.IptvShmService$IptvEventHandler.BroadcastCmEvent:814 com.lge.sys.IptvListener.Notify:131 com.lge.sys.ILgIpcClientService$Stub.onTransact:55 
02-05 10:41:43.749  1274  1274 I chatty  : uid=1000(system) com.lguplus.iptv3.base.livewidget expire 50 lines
02-05 10:41:44.499   679   764 I chatty  : uid=1000(system) InputDispatcher expire 13 lines
02-05 10:41:44.721  1367  1988 W ContextImpl: Calling a method in the system process without a qualified user: android.app.ContextImpl.sendBroadcast:950 android.content.ContextWrapper.sendBroadcast:431 com.lge.sys.IptvShmService$IptvEventHandler.BroadcastCmEvent:814 com.lge.sys.IptvListener.Notify:167 com.lge.sys.ILgIpcClientService$Stub.onTransact:55 
02-05 10:41:44.733  1274  2054 I chatty  : uid=1000(system) com.lguplus.iptv3.base.livewidget expire 2 lines
02-05 10:41:45.016  1367  1988 W ContextImpl: Calling a method in the system process without a qualified user: android.app.ContextImpl.sendBroadcast:950 android.content.ContextWrapper.sendBroadcast:431 com.lge.sys.IptvShmService$IptvEventHandler.BroadcastCmEvent:814 com.lge.sys.IptvListener.Notify:131 com.lge.sys.ILgIpcClientService$Stub.onTransact:55 
02-05 10:41:46.156  1367  1988 W ContextImpl: Calling a method in the system process without a qualified user: android.app.ContextImpl.sendBroadcast:950 android.content.ContextWrapper.sendBroadcast:431 com.lge.sys.IptvShmService$IptvEventHandler.BroadcastCmEvent:814 com.lge.sys.IptvListener.Notify:167 com.lge.sys.ILgIpcClientService$Stub.onTransact:55 
02-05 10:41:46.166  1274  2082 I chatty  : uid=1000(system) com.lguplus.iptv3.base.livewidget expire 2 lines
02-05 10:41:46.497  1367  1988 W ContextImpl: Calling a method in the system process without a qualified user: android.app.ContextImpl.sendBroadcast:950 android.content.ContextWrapper.sendBroadcast:431 com.lge.sys.IptvShmService$IptvEventHandler.BroadcastCmEvent:814 com.lge.sys.IptvListener.Notify:131 com.lge.sys.ILgIpcClientService$Stub.onTransact:55 
02-05 10:41:46.746  8275  8275 W ContextImpl: Calling a method in the system process without a qualified user: android.app.ContextImpl.startService:1460 android.content.ContextWrapper.startService:644 android.content.ContextWrapper.startService:644 com.lguplus.iptv3.onetouchstb.receiver.ReservationReceiver.startService:49 com.lguplus.iptv3.onetouchstb.receiver.ReservationReceiver.onReceive:38 
02-05 10:41:46.753   679  7039 I chatty  : uid=1000(system) Binder:679_1B expire 1 line
02-05 10:41:47.533  1367  1988 W ContextImpl: Calling a method in the system process without a qualified user: android.app.ContextImpl.sendBroadcast:950 android.content.ContextWrapper.sendBroadcast:431 com.lge.sys.IptvShmService$IptvEventHandler.BroadcastCmEvent:814 com.lge.sys.IptvListener.Notify:167 com.lge.sys.ILgIpcClientService$Stub.onTransact:55 
02-05 10:41:47.543  1274  2115 I chatty  : uid=1000(system) com.lguplus.iptv3.base.livewidget expire 2 lines
02-05 10:41:47.966  1367  1988 W ContextImpl: Calling a method in the system process without a qualified user: android.app.ContextImpl.sendBroadcast:950 android.content.ContextWrapper.sendBroadcast:431 com.lge.sys.IptvShmService$IptvEventHandler.BroadcastCmEvent:814 com.lge.sys.IptvListener.Notify:131 com.lge.sys.ILgIpcClientService$Stub.onTransact:55 
02-05 10:41:48.791  1367  1988 W ContextImpl: Calling a method in the system process without a qualified user: android.app.ContextImpl.sendBroadcast:950 android.content.ContextWrapper.sendBroadcast:431 com.lge.sys.IptvShmService$IptvEventHandler.BroadcastCmEvent:814 com.lge.sys.IptvListener.Notify:167 com.lge.sys.ILgIpcClientService$Stub.onTransact:55 
02-05 10:41:48.801  1274  2177 I chatty  : uid=1000(system) com.lguplus.iptv3.base.livewidget expire 2 lines
02-05 10:41:49.264  1367  1988 W ContextImpl: Calling a method in the system process without a qualified user: android.app.ContextImpl.sendBroadcast:950 android.content.ContextWrapper.sendBroadcast:431 com.lge.sys.IptvShmService$IptvEventHandler.BroadcastCmEvent:814 com.lge.sys.IptvListener.Notify:131 com.lge.sys.ILgIpcClientService$Stub.onTransact:55 
02-05 10:41:50.086  1367  1988 W ContextImpl: Calling a method in the system process without a qualified user: android.app.ContextImpl.sendBroadcast:950 android.content.ContextWrapper.sendBroadcast:431 com.lge.sys.IptvShmService$IptvEventHandler.BroadcastCmEvent:814 com.lge.sys.IptvListener.Notify:167 com.lge.sys.ILgIpcClientService$Stub.onTransact:55 
02-05 10:41:50.099  1274  2205 I chatty  : uid=1000(system) com.lguplus.iptv3.base.livewidget expire 2 lines
02-05 10:41:50.834  1367  1988 W ContextImpl: Calling a method in the system process without a qualified user: android.app.ContextImpl.sendBroadcast:950 android.content.ContextWrapper.sendBroadcast:431 com.lge.sys.IptvShmService$IptvEventHandler.BroadcastCmEvent:814 com.lge.sys.IptvListener.Notify:131 com.lge.sys.ILgIpcClientService$Stub.onTransact:55 
02-05 10:41:51.407  1367  1988 W ContextImpl: Calling a method in the system process without a qualified user: android.app.ContextImpl.sendBroadcast:950 android.content.ContextWrapper.sendBroadcast:431 com.lge.sys.IptvShmService$IptvEventHandler.BroadcastCmEvent:814 com.lge.sys.IptvListener.Notify:167 com.lge.sys.ILgIpcClientService$Stub.onTransact:55 
02-05 10:41:51.418  1274  2225 I chatty  : uid=1000(system) com.lguplus.iptv3.base.livewidget expire 2 lines
02-05 10:41:51.728  1367  1988 W ContextImpl: Calling a method in the system process without a qualified user: android.app.ContextImpl.sendBroadcast:950 android.content.ContextWrapper.sendBroadcast:431 com.lge.sys.IptvShmService$IptvEventHandler.BroadcastCmEvent:814 com.lge.sys.IptvListener.Notify:131 com.lge.sys.ILgIpcClientService$Stub.onTransact:55 
02-05 10:41:52.713  1367  1988 W ContextImpl: Calling a method in the system process without a qualified user: android.app.ContextImpl.sendBroadcast:950 android.content.ContextWrapper.sendBroadcast:431 com.lge.sys.IptvShmService$IptvEventHandler.BroadcastCmEvent:814 com.lge.sys.IptvListener.Notify:167 com.lge.sys.ILgIpcClientService$Stub.onTransact:55 
02-05 10:41:52.723  1274  2246 I chatty  : uid=1000(system) com.lguplus.iptv3.base.livewidget expire 2 lines
02-05 10:41:53.496  1367  1988 W ContextImpl: Calling a method in the system process without a qualified user: android.app.ContextImpl.sendBroadcast:950 android.content.ContextWrapper.sendBroadcast:431 com.lge.sys.IptvShmService$IptvEventHandler.BroadcastCmEvent:814 com.lge.sys.IptvListener.Notify:131 com.lge.sys.ILgIpcClientService$Stub.onTransact:55 
02-05 10:41:53.911  1367  1988 W ContextImpl: Calling a method in the system process without a qualified user: android.app.ContextImpl.sendBroadcast:950 android.content.ContextWrapper.sendBroadcast:431 com.lge.sys.IptvShmService$IptvEventHandler.BroadcastCmEvent:814 com.lge.sys.IptvListener.Notify:167 com.lge.sys.ILgIpcClientService$Stub.onTransact:55 
02-05 10:41:53.922  1274  2274 I chatty  : uid=1000(system) com.lguplus.iptv3.base.livewidget expire 2 lines
02-05 10:41:54.360  1367  1988 W ContextImpl: Calling a method in the system process without a qualified user: android.app.ContextImpl.sendBroadcast:950 android.content.ContextWrapper.sendBroadcast:431 com.lge.sys.IptvShmService$IptvEventHandler.BroadcastCmEvent:814 com.lge.sys.IptvListener.Notify:131 com.lge.sys.ILgIpcClientService$Stub.onTransact:55 
02-05 10:41:54.405  1274  1274 I chatty  : uid=1000(system) com.lguplus.iptv3.base.livewidget expire 3 lines
02-05 10:41:55.687  1367  1988 W ContextImpl: Calling a method in the system process without a qualified user: android.app.ContextImpl.sendBroadcast:950 android.content.ContextWrapper.sendBroadcast:431 com.lge.sys.IptvShmService$IptvEventHandler.BroadcastCmEvent:814 com.lge.sys.IptvListener.Notify:167 com.lge.sys.ILgIpcClientService$Stub.onTransact:55 
02-05 10:41:55.697  1274  2305 I chatty  : uid=1000(system) com.lguplus.iptv3.base.livewidget expire 2 lines
02-05 10:41:55.731  1274  1274 I chatty  : uid=1000(system) com.lguplus.iptv3.base.livewidget expire 6 lines
02-05 10:41:55.985  1367  1988 W ContextImpl: Calling a method in the system process without a qualified user: android.app.ContextImpl.sendBroadcast:950 android.content.ContextWrapper.sendBroadcast:431 com.lge.sys.IptvShmService$IptvEventHandler.BroadcastCmEvent:814 com.lge.sys.IptvListener.Notify:131 com.lge.sys.ILgIpcClientService$Stub.onTransact:55 
02-05 10:41:58.452  1367  1988 W ContextImpl: Calling a method in the system process without a qualified user: android.app.ContextImpl.sendBroadcast:950 android.content.ContextWrapper.sendBroadcast:431 com.lge.sys.IptvShmService$IptvEventHandler.BroadcastCmEvent:814 com.lge.sys.IptvListener.Notify:167 com.lge.sys.ILgIpcClientService$Stub.onTransact:55 
02-05 10:41:58.463  1274  2348 I chatty  : uid=1000(system) com.lguplus.iptv3.base.livewidget expire 2 lines
02-05 10:41:58.516  1274  1274 I chatty  : uid=1000(system) com.lguplus.iptv3.base.livewidget expire 6 lines
02-05 10:41:58.865  1367  1988 W ContextImpl: Calling a method in the system process without a qualified user: android.app.ContextImpl.sendBroadcast:950 android.content.ContextWrapper.sendBroadcast:431 com.lge.sys.IptvShmService$IptvEventHandler.BroadcastCmEvent:814 com.lge.sys.IptvListener.Notify:131 com.lge.sys.ILgIpcClientService$Stub.onTransact:55 
02-05 10:41:59.580  1367  1988 W ContextImpl: Calling a method in the system process without a qualified user: android.app.ContextImpl.sendBroadcast:950 android.content.ContextWrapper.sendBroadcast:431 com.lge.sys.IptvShmService$IptvEventHandler.BroadcastCmEvent:814 com.lge.sys.IptvListener.Notify:167 com.lge.sys.ILgIpcClientService$Stub.onTransact:55 
02-05 10:41:59.591  1274  2386 I chatty  : uid=1000(system) com.lguplus.iptv3.base.livewidget expire 2 lines
02-05 10:41:59.624  1274  1274 W ContextImpl: Calling a method in the system process without a qualified user: android.app.ContextImpl.startService:1460 android.content.ContextWrapper.startService:644 com.lguplus.iptv3.base.ratingmanager.RatingManager.sendChannelEntry:285 com.lguplus.iptv3.base.livewidget.ChannelZappingManager.sendCTCLOG:431 com.lguplus.iptv3.base.livewidget.ChannelZappingManager.access$500:57 
02-05 10:42:00.229  1367  1988 W ContextImpl: Calling a method in the system process without a qualified user: android.app.ContextImpl.sendBroadcast:950 android.content.ContextWrapper.sendBroadcast:431 com.lge.sys.IptvShmService$IptvEventHandler.BroadcastCmEvent:814 com.lge.sys.IptvListener.Notify:131 com.lge.sys.ILgIpcClientService$Stub.onTransact:55 
02-05 10:42:00.259  1274  1274 W ContextImpl: Calling a method in the system process without a qualified user: android.app.ContextImpl.sendBroadcast:950 android.content.ContextWrapper.sendBroadcast:431 android.content.ContextWrapper.sendBroadcast:431 com.lguplus.iptv3.base.livewidget.qtone.QtoneManager.sendChannelIn:96 com.lguplus.iptv3.base.livewidget.data.LiveWidgetReceiver.onReceive:222 
02-05 10:42:00.266  1274  1274 W ContextImpl: Calling a method in the system process without a qualified user: android.app.ContextImpl.startService:1460 android.content.ContextWrapper.startService:644 android.content.ContextWrapper.startService:644 com.lguplus.iptv3.base.livewidget.data.LiveWidgetReceiver.onReceive:237 android.app.ActivityThread.handleReceiver:3252 
02-05 10:42:00.267  1274  1274 W ContextImpl: Calling a method in the system process without a qualified user: android.app.ContextImpl.startService:1460 android.content.ContextWrapper.startService:644 android.content.ContextWrapper.startService:644 com.lguplus.iptv3.base.ratingmanager.RatingManager.sendNotifyChannelChange:354 com.lguplus.iptv3.base.livewidget.data.LiveWidgetReceiver.onReceive:238 
02-05 10:42:00.719  1274  1274 W ContextImpl: Calling a method in the system process without a qualified user: android.app.ContextImpl.sendBroadcast:950 android.content.ContextWrapper.sendBroadcast:431 com.lguplus.iptv3.base.livewidget.qtone.QtoneManager.sendChannelOut:127 com.lguplus.iptv3.base.livewidget.ChannelZappingManager.moveChannel:2078 com.lguplus.iptv3.base.livewidget.ChannelZappingManager.eventHandler:1178 
02-05 10:42:00.724  1274  1274 W ContextImpl: Calling a method in the system process without a qualified user: android.app.ContextImpl.startService:1460 android.content.ContextWrapper.startService:644 com.lguplus.iptv3.base.livewidget.qtone.QtoneManager.sendDismissWatermark:81 com.lguplus.iptv3.base.livewidget.qtone.QtoneManager.sendChannelOut:130 com.lguplus.iptv3.base.livewidget.ChannelZappingManager.moveChannel:2078 
02-05 10:42:00.817   679   692 I chatty  : uid=1000(system) Binder:679_2 expire 3 lines
02-05 10:42:00.898  1367  1988 W ContextImpl: Calling a method in the system process without a qualified user: android.app.ContextImpl.sendBroadcast:950 android.content.ContextWrapper.sendBroadcast:431 com.lge.sys.IptvShmService$IptvEventHandler.BroadcastCmEvent:814 com.lge.sys.IptvListener.Notify:167 com.lge.sys.ILgIpcClientService$Stub.onTransact:55 
02-05 10:42:00.912  1274  2408 W ContextImpl: Calling a method in the system process without a qualified user: android.app.ContextImpl.sendBroadcast:950 android.content.ContextWrapper.sendBroadcast:431 com.lguplus.iptv3.base.livewidget.iptvcontrol.IptvJniCallThreadManager.run:355 <bottom of call stack> <bottom of call stack> 
02-05 10:42:00.915  1274  2408 W ContextImpl: Calling a method in the system process without a qualified user: android.app.ContextImpl.startService:1460 android.content.ContextWrapper.startService:644 com.lguplus.iptv3.base.ratingmanager.RatingManager.sendChannelEntry:285 com.lguplus.iptv3.base.livewidget.iptvcontrol.IptvJniCallThreadManager.run:495 <bottom of call stack> 
02-05 10:42:00.945  1274  1274 W ContextImpl: Calling a method in the system process without a qualified user: android.app.ContextImpl.startService:1460 android.content.ContextWrapper.startService:644 com.lguplus.iptv3.base.ratingmanager.RatingManager.sendChannelEntry:285 com.lguplus.iptv3.base.livewidget.ChannelZappingManager.sendCTCLOG:431 com.lguplus.iptv3.base.livewidget.ChannelZappingManager.access$500:57 
02-05 10:42:01.198  1367  1988 W ContextImpl: Calling a method in the system process without a qualified user: android.app.ContextImpl.sendBroadcast:950 android.content.ContextWrapper.sendBroadcast:431 com.lge.sys.IptvShmService$IptvEventHandler.BroadcastCmEvent:814 com.lge.sys.IptvListener.Notify:131 com.lge.sys.ILgIpcClientService$Stub.onTransact:55 
