01-19 17:55:50.938   877   912 I AMP_VPP_HDCP: start HDCP
01-19 17:55:50.938   877   912 I AMP_VPP_HDCP: Stop HDCP
01-19 17:55:50.938   877   912 I AMP_VPP_HDCP: End of StopHDCP
01-19 17:55:51.008   877   912 I AMP_VPP_HDCP: HDCP device not ready in HDMI mode
01-19 17:55:51.008   877   912 I AMP_VPP_HDCP: Stop HDCP
01-19 17:55:51.008   877   912 I AMP_VPP_HDCP: End of StopHDCP
01-19 17:55:51.008   902   979 E BerlinAVS_HotplugHandler: STAM, staticHDMIEventHandler:521, entered..
01-19 17:55:51.008   902   979 E BerlinAVS_HotplugHandler: STAM, HDMIEventHandler:486, entered..
01-19 17:55:51.008   902   979 D BerlinAVS_HotplugHandler: HDMI hotplug event 4
01-19 17:55:51.038   352  3596 I AnypointAD - t.a.a.c.m.ServerMessageProcessorFactory: [101] received message from server: CueMessage
01-19 17:55:51.068   352  3596 I AnypointAD - t.a.a.c.m.s.p.c.CueMessageProcessor: [42] got cueMessage. type: 0, cueId: 0, time: Fri Jan 19 17:55:51 GMT+09:00 2018, ppId: 214, time: 1516352151701, duration: 120000, owner: 1
01-19 17:55:51.128   352  3596 I AnypointAD - t.a.a.c.s.CueManager: [174] currentDeviceChannel is not exist.
01-19 17:55:51.138   903  1024 I VOD-LGE-LIBVODPLAYER: speed freeSize: 284256
01-19 17:55:51.138   903  1024 I VOD-LGE-LIBVODPLAYER: speed-down automatically
01-19 17:55:51.138   903  1024 D VOD-LGE-LIBVODPLAYER-CICLNT: try to play(speed = 80)
01-19 17:55:51.138   903  1024 D VOD-LGE-LIBVODPLAYER-CICLNT: internalCheckSpeed..ok, valid speed
01-19 17:55:51.138   903  1024 D VOD-LGE-LIBVODPLAYER-CICLNT: play... audio trick play
01-19 17:55:51.148   903  1024 D VOD-LGE-LIBVODPLAYER-CICLNT: play...ok, speed = 80
01-19 17:55:51.168   352  3596 I AnypointAD - t.a.a.c.s.CueManager: [68] receive cue but this device is not available.
01-19 17:55:51.198   877   912 I AMP_VPP_HDCP: start HDCP
01-19 17:55:51.198   877   912 I AMP_VPP_HDCP: Stop HDCP
01-19 17:55:51.198   877   912 I AMP_VPP_HDCP: End of StopHDCP
01-19 17:55:51.258   877   912 I AMP_VPP_HDCP: HDCP device not ready in HDMI mode
01-19 17:55:51.258   877   912 I AMP_VPP_HDCP: Stop HDCP
01-19 17:55:51.258   877   912 I AMP_VPP_HDCP: End of StopHDCP
01-19 17:55:51.258   902   979 E BerlinAVS_HotplugHandler: STAM, staticHDMIEventHandler:521, entered..
01-19 17:55:51.258   902   979 E BerlinAVS_HotplugHandler: STAM, HDMIEventHandler:486, entered..
01-19 17:55:51.258   902   979 D BerlinAVS_HotplugHandler: HDMI hotplug event 4
01-19 17:55:51.448   877   912 I AMP_VPP_HDCP: start HDCP
01-19 17:55:51.448   877   912 I AMP_VPP_HDCP: Stop HDCP
01-19 17:55:51.448   877   912 I AMP_VPP_HDCP: End of StopHDCP
01-19 17:55:51.508   877   912 I AMP_VPP_HDCP: HDCP device not ready in HDMI mode
01-19 17:55:51.508   877   912 I AMP_VPP_HDCP: Stop HDCP
01-19 17:55:51.508   877   912 I AMP_VPP_HDCP: End of StopHDCP
01-19 17:55:51.508   902   979 E BerlinAVS_HotplugHandler: STAM, staticHDMIEventHandler:521, entered..
01-19 17:55:51.518   902   979 E BerlinAVS_HotplugHandler: STAM, HDMIEventHandler:486, entered..
01-19 17:55:51.518   902   979 D BerlinAVS_HotplugHandler: HDMI hotplug event 4
01-19 17:55:51.698   877   912 I AMP_VPP_HDCP: start HDCP
01-19 17:55:51.698   877   912 I AMP_VPP_HDCP: Stop HDCP
01-19 17:55:51.698   877   912 I AMP_VPP_HDCP: End of StopHDCP
01-19 17:55:51.758  1767  1767 V MediaPlayer: getCurrentPosition
01-19 17:55:51.758  1767  1767 D ETC-PINEONE-CURATION: [NewVodMediaPlayer$PlayTimerHandler] handleMessage()[971] >> [CTV] VOD Current Position : 156993
01-19 17:55:51.758  1767  1767 D ETC-PINEONE-CURATION: [PlayInfoManager] getVodTotalPlayTime()[1298] >> [CTV][DATA] get Total Play Time : 154
01-19 17:55:51.758   877   912 I AMP_VPP_HDCP: HDCP device not ready in HDMI mode
01-19 17:55:51.758   877   912 I AMP_VPP_HDCP: Stop HDCP
01-19 17:55:51.758   877   912 I AMP_VPP_HDCP: End of StopHDCP
01-19 17:55:51.758   902   979 E BerlinAVS_HotplugHandler: STAM, staticHDMIEventHandler:521, entered..
01-19 17:55:51.758   902   979 E BerlinAVS_HotplugHandler: STAM, HDMIEventHandler:486, entered..
01-19 17:55:51.758   902   979 D BerlinAVS_HotplugHandler: HDMI hotplug event 4
01-19 17:55:51.768  1767  1767 D ETC-PINEONE-CURATION: [MainActivity] onPlayTimeActionPreviewPlay()[4831] >> [CTV][AD] PlayTime : 156, Preview : 180
01-19 17:55:51.768  1767  1767 D ETC-PINEONE-CURATION: [MainActivity] checkFreeContent()[8011] >> [CTV][Content] checkFreeContent : 0:0:1
01-19 17:55:51.768  1767  1767 D ETC-PINEONE-CURATION: [MainActivity] checkFreeContent()[8022] >> [CTV][Content] checkFreeContent : FREE
01-19 17:55:51.948   877   912 I AMP_VPP_HDCP: start HDCP
01-19 17:55:51.948   877   912 I AMP_VPP_HDCP: Stop HDCP
01-19 17:55:51.948   877   912 I AMP_VPP_HDCP: End of StopHDCP
01-19 17:55:52.018   877   912 I AMP_VPP_HDCP: HDCP device not ready in HDMI mode
01-19 17:55:52.018   877   912 I AMP_VPP_HDCP: Stop HDCP
01-19 17:55:52.018   877   912 I AMP_VPP_HDCP: End of StopHDCP
01-19 17:55:52.018   902   979 E BerlinAVS_HotplugHandler: STAM, staticHDMIEventHandler:521, entered..
01-19 17:55:52.018   902   979 E BerlinAVS_HotplugHandler: STAM, HDMIEventHandler:486, entered..
01-19 17:55:52.018   902   979 D BerlinAVS_HotplugHandler: HDMI hotplug event 4
01-19 17:55:52.048  2754  2758 D dalvikvm: GC_CONCURRENT freed 402K, 22% free 2507K/3180K, paused 269ms+60ms, total 1421ms
01-19 17:55:52.058   877   910 W [33;1mAmp2@@[MODULE_AVS:show_avsync_status():868]:[0m : [AVSDBG][16][L]M:0x00d9bc3b(1500),P:0x00000000(0)[0],V:0x00d9c632(3003),A:0x00da1ab0(0),M-P:158549,M-V:-28,M-A:-268,V-A:-240 V[R:8],A[12]
01-19 17:55:52.198   877   912 I AMP_VPP_HDCP: start HDCP
01-19 17:55:52.198   877   912 I AMP_VPP_HDCP: Stop HDCP
01-19 17:55:52.198   877   912 I AMP_VPP_HDCP: End of StopHDCP
01-19 17:55:52.268   877   912 I AMP_VPP_HDCP: HDCP device not ready in HDMI mode
01-19 17:55:52.268   877   912 I AMP_VPP_HDCP: Stop HDCP
01-19 17:55:52.268   877   912 I AMP_VPP_HDCP: End of StopHDCP
01-19 17:55:52.268   902   979 E BerlinAVS_HotplugHandler: STAM, staticHDMIEventHandler:521, entered..
01-19 17:55:52.268   902   979 E BerlinAVS_HotplugHandler: STAM, HDMIEventHandler:486, entered..
01-19 17:55:52.268   902   979 D BerlinAVS_HotplugHandler: HDMI hotplug event 4
01-19 17:55:52.448   877   912 I AMP_VPP_HDCP: start HDCP
01-19 17:55:52.448   877   912 I AMP_VPP_HDCP: Stop HDCP
01-19 17:55:52.448   877   912 I AMP_VPP_HDCP: End of StopHDCP
01-19 17:55:52.518   877   912 I AMP_VPP_HDCP: HDCP device not ready in HDMI mode
01-19 17:55:52.518   877   912 I AMP_VPP_HDCP: Stop HDCP
01-19 17:55:52.518   877   912 I AMP_VPP_HDCP: End of StopHDCP
01-19 17:55:52.518   902   979 E BerlinAVS_HotplugHandler: STAM, staticHDMIEventHandler:521, entered..
01-19 17:55:52.518   902   979 E BerlinAVS_HotplugHandler: STAM, HDMIEventHandler:486, entered..
01-19 17:55:52.518   902   979 D BerlinAVS_HotplugHandler: HDMI hotplug event 4
01-19 17:55:52.618   903  1024 D VOD-LGE-LIBVODPLAYER: [internalFeedThread read bps = 1710800 
01-19 17:55:52.698   877   912 I AMP_VPP_HDCP: start HDCP
01-19 17:55:52.698   877   912 I AMP_VPP_HDCP: Stop HDCP
01-19 17:55:52.698   877   912 I AMP_VPP_HDCP: End of StopHDCP
01-19 17:55:52.768   877   912 I AMP_VPP_HDCP: HDCP device not ready in HDMI mode
01-19 17:55:52.768   877   912 I AMP_VPP_HDCP: Stop HDCP
01-19 17:55:52.768   877   912 I AMP_VPP_HDCP: End of StopHDCP
01-19 17:55:52.768   902   979 E BerlinAVS_HotplugHandler: STAM, staticHDMIEventHandler:521, entered..
01-19 17:55:52.768   902   979 E BerlinAVS_HotplugHandler: STAM, HDMIEventHandler:486, entered..
01-19 17:55:52.768   902   979 D BerlinAVS_HotplugHandler: HDMI hotplug event 4
01-19 17:55:52.768  1767  1767 V MediaPlayer: getCurrentPosition
01-19 17:55:52.768  1767  1767 D ETC-PINEONE-CURATION: [NewVodMediaPlayer$PlayTimerHandler] handleMessage()[971] >> [CTV] VOD Current Position : 157994
01-19 17:55:52.768  1767  1767 D ETC-PINEONE-CURATION: [PlayInfoManager] getVodTotalPlayTime()[1298] >> [CTV][DATA] get Total Play Time : 155
01-19 17:55:52.778  1767  1767 D ETC-PINEONE-CURATION: [MainActivity] onPlayTimeActionPreviewPlay()[4831] >> [CTV][AD] PlayTime : 157, Preview : 180
01-19 17:55:52.778  1767  1767 D ETC-PINEONE-CURATION: [MainActivity] checkFreeContent()[8011] >> [CTV][Content] checkFreeContent : 0:0:1
01-19 17:55:52.778  1767  1767 D ETC-PINEONE-CURATION: [MainActivity] checkFreeContent()[8022] >> [CTV][Content] checkFreeContent : FREE
01-19 17:55:52.948   877   912 I AMP_VPP_HDCP: start HDCP
01-19 17:55:52.948   877   912 I AMP_VPP_HDCP: Stop HDCP
01-19 17:55:52.948   877   912 I AMP_VPP_HDCP: End of StopHDCP
01-19 17:55:53.018   877   912 I AMP_VPP_HDCP: HDCP device not ready in HDMI mode
01-19 17:55:53.018   877   912 I AMP_VPP_HDCP: Stop HDCP
01-19 17:55:53.018   877   912 I AMP_VPP_HDCP: End of StopHDCP
01-19 17:55:53.018   902   979 E BerlinAVS_HotplugHandler: STAM, staticHDMIEventHandler:521, entered..
01-19 17:55:53.018   902   979 E BerlinAVS_HotplugHandler: STAM, HDMIEventHandler:486, entered..
01-19 17:55:53.018   902   979 D BerlinAVS_HotplugHandler: HDMI hotplug event 4
01-19 17:55:53.198   877   912 I AMP_VPP_HDCP: start HDCP
01-19 17:55:53.198   877   912 I AMP_VPP_HDCP: Stop HDCP
01-19 17:55:53.198   877   912 I AMP_VPP_HDCP: End of StopHDCP
01-19 17:55:53.268   877   912 I AMP_VPP_HDCP: HDCP device not ready in HDMI mode
01-19 17:55:53.268   877   912 I AMP_VPP_HDCP: Stop HDCP
01-19 17:55:53.268   877   912 I AMP_VPP_HDCP: End of StopHDCP
01-19 17:55:53.268   902   979 E BerlinAVS_HotplugHandler: STAM, staticHDMIEventHandler:521, entered..
01-19 17:55:53.268   902   979 E BerlinAVS_HotplugHandler: STAM, HDMIEventHandler:486, entered..
01-19 17:55:53.268   902   979 D BerlinAVS_HotplugHandler: HDMI hotplug event 4
01-19 17:55:53.448   877   912 I AMP_VPP_HDCP: start HDCP
01-19 17:55:53.448   877   912 I AMP_VPP_HDCP: Stop HDCP
01-19 17:55:53.448   877   912 I AMP_VPP_HDCP: End of StopHDCP
01-19 17:55:53.518   877   912 I AMP_VPP_HDCP: HDCP device not ready in HDMI mode
01-19 17:55:53.518   877   912 I AMP_VPP_HDCP: Stop HDCP
01-19 17:55:53.518   877   912 I AMP_VPP_HDCP: End of StopHDCP
01-19 17:55:53.518   902   979 E BerlinAVS_HotplugHandler: STAM, staticHDMIEventHandler:521, entered..
01-19 17:55:53.518   902   979 E BerlinAVS_HotplugHandler: STAM, HDMIEventHandler:486, entered..
01-19 17:55:53.518   902   979 D BerlinAVS_HotplugHandler: HDMI hotplug event 4
01-19 17:55:53.698   877   912 I AMP_VPP_HDCP: start HDCP
01-19 17:55:53.698   877   912 I AMP_VPP_HDCP: Stop HDCP
01-19 17:55:53.698   877   912 I AMP_VPP_HDCP: End of StopHDCP
01-19 17:55:53.768   877   912 I AMP_VPP_HDCP: HDCP device not ready in HDMI mode
01-19 17:55:53.768   877   912 I AMP_VPP_HDCP: Stop HDCP
01-19 17:55:53.768   877   912 I AMP_VPP_HDCP: End of StopHDCP
01-19 17:55:53.768   902   979 E BerlinAVS_HotplugHandler: STAM, staticHDMIEventHandler:521, entered..
01-19 17:55:53.768   902   979 E BerlinAVS_HotplugHandler: STAM, HDMIEventHandler:486, entered..
01-19 17:55:53.768   902   979 D BerlinAVS_HotplugHandler: HDMI hotplug event 4
01-19 17:55:53.778  1767  1767 V MediaPlayer: getCurrentPosition
01-19 17:55:53.778  1767  1767 D ETC-PINEONE-CURATION: [NewVodMediaPlayer$PlayTimerHandler] handleMessage()[971] >> [CTV] VOD Current Position : 158995
01-19 17:55:53.778  1767  1767 D ETC-PINEONE-CURATION: [PlayInfoManager] getVodTotalPlayTime()[1298] >> [CTV][DATA] get Total Play Time : 156
01-19 17:55:53.778  1767  1767 D ETC-PINEONE-CURATION: [MainActivity] onPlayTimeActionPreviewPlay()[4831] >> [CTV][AD] PlayTime : 158, Preview : 180
01-19 17:55:53.778  1767  1767 D ETC-PINEONE-CURATION: [MainActivity] checkFreeContent()[8011] >> [CTV][Content] checkFreeContent : 0:0:1
01-19 17:55:53.778  1767  1767 D ETC-PINEONE-CURATION: [MainActivity] checkFreeContent()[8022] >> [CTV][Content] checkFreeContent : FREE
01-19 17:55:53.948   877   912 I AMP_VPP_HDCP: start HDCP
01-19 17:55:53.948   877   912 I AMP_VPP_HDCP: Stop HDCP
01-19 17:55:53.948   877   912 I AMP_VPP_HDCP: End of StopHDCP
01-19 17:55:54.018   877   912 I AMP_VPP_HDCP: HDCP device not ready in HDMI mode
01-19 17:55:54.018   877   912 I AMP_VPP_HDCP: Stop HDCP
01-19 17:55:54.018   877   912 I AMP_VPP_HDCP: End of StopHDCP
01-19 17:55:54.018   902   979 E BerlinAVS_HotplugHandler: STAM, staticHDMIEventHandler:521, entered..
01-19 17:55:54.018   902   979 E BerlinAVS_HotplugHandler: STAM, HDMIEventHandler:486, entered..
01-19 17:55:54.018   902   979 D BerlinAVS_HotplugHandler: HDMI hotplug event 4
01-19 17:55:54.208   877   912 I AMP_VPP_HDCP: start HDCP
01-19 17:55:54.208   877   912 I AMP_VPP_HDCP: Stop HDCP
01-19 17:55:54.208   877   912 I AMP_VPP_HDCP: End of StopHDCP
01-19 17:55:54.278   877   912 I AMP_VPP_HDCP: HDCP device not ready in HDMI mode
01-19 17:55:54.278   877   912 I AMP_VPP_HDCP: Stop HDCP
01-19 17:55:54.278   877   912 I AMP_VPP_HDCP: End of StopHDCP
01-19 17:55:54.278   902   979 E BerlinAVS_HotplugHandler: STAM, staticHDMIEventHandler:521, entered..
01-19 17:55:54.278   902   979 E BerlinAVS_HotplugHandler: STAM, HDMIEventHandler:486, entered..
01-19 17:55:54.278   902   979 D BerlinAVS_HotplugHandler: HDMI hotplug event 4
01-19 17:55:54.318   877  1037 W [33;1mAmp2@@[MODULE_ADEC:ADEC_CheckExecSleep():402]:[0m : ADEC Sleep, input[9 31 0x135b4], pcm[0 16 0x10000 0x0], hdmi[D 16 0 0x0 0x0], spdif[D 16 0 0x0 0x0], EOS[0 0 0 0], DecErr 0x0, uiCurTime 3a643b, uiPreTime 3a643b, disc 0
01-19 17:55:54.428   940   940 D LIVE-LGE-XCHECKER: startCrossCheck:139, stream err: 0, pcr err: 0, max_check_count: 40
01-19 17:55:54.468   877   912 I AMP_VPP_HDCP: start HDCP
01-19 17:55:54.468   877   912 I AMP_VPP_HDCP: Stop HDCP
01-19 17:55:54.468   877   912 I AMP_VPP_HDCP: End of StopHDCP
01-19 17:55:54.528   877   912 I AMP_VPP_HDCP: HDCP device not ready in HDMI mode
01-19 17:55:54.528   877   912 I AMP_VPP_HDCP: Stop HDCP
01-19 17:55:54.528   877   912 I AMP_VPP_HDCP: End of StopHDCP
01-19 17:55:54.528   902   979 E BerlinAVS_HotplugHandler: STAM, staticHDMIEventHandler:521, entered..
01-19 17:55:54.528   902   979 E BerlinAVS_HotplugHandler: STAM, HDMIEventHandler:486, entered..
01-19 17:55:54.528   902   979 D BerlinAVS_HotplugHandler: HDMI hotplug event 4
01-19 17:55:54.658   903  1024 D VOD-LGE-LIBVODPLAYER: [internalFeedThread read bps = 1579200 
01-19 17:55:54.718   877   912 I AMP_VPP_HDCP: start HDCP
01-19 17:55:54.718   877   912 I AMP_VPP_HDCP: Stop HDCP
01-19 17:55:54.718   877   912 I AMP_VPP_HDCP: End of StopHDCP
01-19 17:55:54.778  1767  1767 V MediaPlayer: getCurrentPosition
01-19 17:55:54.788   877   912 I AMP_VPP_HDCP: HDCP device not ready in HDMI mode
01-19 17:55:54.788   877   912 I AMP_VPP_HDCP: Stop HDCP
01-19 17:55:54.788   877   912 I AMP_VPP_HDCP: End of StopHDCP
01-19 17:55:54.788   902   979 E BerlinAVS_HotplugHandler: STAM, staticHDMIEventHandler:521, entered..
01-19 17:55:54.788   902   979 E BerlinAVS_HotplugHandler: STAM, HDMIEventHandler:486, entered..
01-19 17:55:54.788   902   979 D BerlinAVS_HotplugHandler: HDMI hotplug event 4
01-19 17:55:54.788  1767  1767 D ETC-PINEONE-CURATION: [NewVodMediaPlayer$PlayTimerHandler] handleMessage()[971] >> [CTV] VOD Current Position : 160029
01-19 17:55:54.788  1767  1767 D ETC-PINEONE-CURATION: [PlayInfoManager] getVodTotalPlayTime()[1298] >> [CTV][DATA] get Total Play Time : 157
01-19 17:55:54.788  1767  1767 D ETC-PINEONE-CURATION: [MainActivity] onPlayTimeActionPreviewPlay()[4831] >> [CTV][AD] PlayTime : 160, Preview : 180
01-19 17:55:54.788  1767  1767 D ETC-PINEONE-CURATION: [MainActivity] checkFreeContent()[8011] >> [CTV][Content] checkFreeContent : 0:0:1
01-19 17:55:54.788  1767  1767 D ETC-PINEONE-CURATION: [MainActivity] checkFreeContent()[8022] >> [CTV][Content] checkFreeContent : FREE
01-19 17:55:54.978   877   912 I AMP_VPP_HDCP: start HDCP
01-19 17:55:54.978   877   912 I AMP_VPP_HDCP: Stop HDCP
01-19 17:55:54.978   877   912 I AMP_VPP_HDCP: End of StopHDCP
01-19 17:55:55.048   877   912 I AMP_VPP_HDCP: HDCP device not ready in HDMI mode
01-19 17:55:55.048   877   912 I AMP_VPP_HDCP: Stop HDCP
01-19 17:55:55.048   877   912 I AMP_VPP_HDCP: End of StopHDCP
01-19 17:55:55.048   902   979 E BerlinAVS_HotplugHandler: STAM, staticHDMIEventHandler:521, entered..
01-19 17:55:55.048   902   979 E BerlinAVS_HotplugHandler: STAM, HDMIEventHandler:486, entered..
01-19 17:55:55.048   902   979 D BerlinAVS_HotplugHandler: HDMI hotplug event 4
01-19 17:55:55.098  2085  2096 D dalvikvm: GC_CONCURRENT freed 402K, 22% free 2536K/3212K, paused 4ms+2ms, total 46ms
01-19 17:55:55.228   877   912 I AMP_VPP_HDCP: start HDCP
01-19 17:55:55.228   877   912 I AMP_VPP_HDCP: Stop HDCP
01-19 17:55:55.228   877   912 I AMP_VPP_HDCP: End of StopHDCP
01-19 17:55:55.298   877   912 I AMP_VPP_HDCP: HDCP device not ready in HDMI mode
01-19 17:55:55.298   877   912 I AMP_VPP_HDCP: Stop HDCP
01-19 17:55:55.298   877   912 I AMP_VPP_HDCP: End of StopHDCP
01-19 17:55:55.298   902   979 E BerlinAVS_HotplugHandler: STAM, staticHDMIEventHandler:521, entered..
01-19 17:55:55.298   902   979 E BerlinAVS_HotplugHandler: STAM, HDMIEventHandler:486, entered..
01-19 17:55:55.298   902   979 D BerlinAVS_HotplugHandler: HDMI hotplug event 4
01-19 17:55:55.488   877   912 I AMP_VPP_HDCP: start HDCP
01-19 17:55:55.488   877   912 I AMP_VPP_HDCP: Stop HDCP
01-19 17:55:55.488   877   912 I AMP_VPP_HDCP: End of StopHDCP
01-19 17:55:55.548   877   912 I AMP_VPP_HDCP: HDCP device not ready in HDMI mode
01-19 17:55:55.548   877   912 I AMP_VPP_HDCP: Stop HDCP
01-19 17:55:55.548   877   912 I AMP_VPP_HDCP: End of StopHDCP
01-19 17:55:55.548   902   979 E BerlinAVS_HotplugHandler: STAM, staticHDMIEventHandler:521, entered..
01-19 17:55:55.548   902   979 E BerlinAVS_HotplugHandler: STAM, HDMIEventHandler:486, entered..
01-19 17:55:55.548   902   979 D BerlinAVS_HotplugHandler: HDMI hotplug event 4
01-19 17:55:55.738   877   912 I AMP_VPP_HDCP: start HDCP
01-19 17:55:55.738   877   912 I AMP_VPP_HDCP: Stop HDCP
01-19 17:55:55.738   877   912 I AMP_VPP_HDCP: End of StopHDCP
01-19 17:55:55.808  1767  1767 V MediaPlayer: getCurrentPosition
01-19 17:55:55.808  1767  1767 D ETC-PINEONE-CURATION: [NewVodMediaPlayer$PlayTimerHandler] handleMessage()[971] >> [CTV] VOD Current Position : 161030
01-19 17:55:55.808   877   912 I AMP_VPP_HDCP: HDCP device not ready in HDMI mode
01-19 17:55:55.808   877   912 I AMP_VPP_HDCP: Stop HDCP
01-19 17:55:55.808   877   912 I AMP_VPP_HDCP: End of StopHDCP
01-19 17:55:55.808   902   979 E BerlinAVS_HotplugHandler: STAM, staticHDMIEventHandler:521, entered..
01-19 17:55:55.808   902   979 E BerlinAVS_HotplugHandler: STAM, HDMIEventHandler:486, entered..
01-19 17:55:55.808   902   979 D BerlinAVS_HotplugHandler: HDMI hotplug event 4
01-19 17:55:55.808  1767  1767 D ETC-PINEONE-CURATION: [PlayInfoManager] getVodTotalPlayTime()[1298] >> [CTV][DATA] get Total Play Time : 158
01-19 17:55:55.808  1767  1767 D ETC-PINEONE-CURATION: [MainActivity] onPlayTimeActionPreviewPlay()[4831] >> [CTV][AD] PlayTime : 161, Preview : 180
01-19 17:55:55.808  1767  1767 D ETC-PINEONE-CURATION: [MainActivity] checkFreeContent()[8011] >> [CTV][Content] checkFreeContent : 0:0:1
01-19 17:55:55.808  1767  1767 D ETC-PINEONE-CURATION: [MainActivity] checkFreeContent()[8022] >> [CTV][Content] checkFreeContent : FREE
01-19 17:55:55.998   877   912 I AMP_VPP_HDCP: start HDCP
01-19 17:55:55.998   877   912 I AMP_VPP_HDCP: Stop HDCP
01-19 17:55:55.998   877   912 I AMP_VPP_HDCP: End of StopHDCP
01-19 17:55:56.058   877   912 I AMP_VPP_HDCP: HDCP device not ready in HDMI mode
01-19 17:55:56.058   877   912 I AMP_VPP_HDCP: Stop HDCP
01-19 17:55:56.058   877   912 I AMP_VPP_HDCP: End of StopHDCP
01-19 17:55:56.058   902   979 E BerlinAVS_HotplugHandler: STAM, staticHDMIEventHandler:521, entered..
01-19 17:55:56.068   902   979 E BerlinAVS_HotplugHandler: STAM, HDMIEventHandler:486, entered..
01-19 17:55:56.068   902   979 D BerlinAVS_HotplugHandler: HDMI hotplug event 4
01-19 17:55:56.258   877   912 I AMP_VPP_HDCP: start HDCP
01-19 17:55:56.258   877   912 I AMP_VPP_HDCP: Stop HDCP
01-19 17:55:56.258   877   912 I AMP_VPP_HDCP: End of StopHDCP
01-19 17:55:56.318   877   912 I AMP_VPP_HDCP: HDCP device not ready in HDMI mode
01-19 17:55:56.318   877   912 I AMP_VPP_HDCP: Stop HDCP
01-19 17:55:56.318   877   912 I AMP_VPP_HDCP: End of StopHDCP
01-19 17:55:56.318   902   979 E BerlinAVS_HotplugHandler: STAM, staticHDMIEventHandler:521, entered..
01-19 17:55:56.318   902   979 E BerlinAVS_HotplugHandler: STAM, HDMIEventHandler:486, entered..
01-19 17:55:56.318   902   979 D BerlinAVS_HotplugHandler: HDMI hotplug event 4
01-19 17:55:56.508   877   912 I AMP_VPP_HDCP: start HDCP
01-19 17:55:56.508   877   912 I AMP_VPP_HDCP: Stop HDCP
01-19 17:55:56.508   877   912 I AMP_VPP_HDCP: End of StopHDCP
01-19 17:55:56.578   877   912 I AMP_VPP_HDCP: HDCP device not ready in HDMI mode
01-19 17:55:56.578   877   912 I AMP_VPP_HDCP: Stop HDCP
01-19 17:55:56.578   877   912 I AMP_VPP_HDCP: End of StopHDCP
01-19 17:55:56.578   902   979 E BerlinAVS_HotplugHandler: STAM, staticHDMIEventHandler:521, entered..
01-19 17:55:56.578   902   979 E BerlinAVS_HotplugHandler: STAM, HDMIEventHandler:486, entered..
01-19 17:55:56.578   902   979 D BerlinAVS_HotplugHandler: HDMI hotplug event 4
01-19 17:55:56.708   903  1024 D VOD-LGE-LIBVODPLAYER: [internalFeedThread read bps = 1579200 
01-19 17:55:56.768   877   912 I AMP_VPP_HDCP: start HDCP
01-19 17:55:56.768   877   912 I AMP_VPP_HDCP: Stop HDCP
01-19 17:55:56.768   877   912 I AMP_VPP_HDCP: End of StopHDCP
01-19 17:55:56.808  1767  1767 V MediaPlayer: getCurrentPosition
01-19 17:55:56.828   877   912 I AMP_VPP_HDCP: HDCP device not ready in HDMI mode
01-19 17:55:56.828   877   912 I AMP_VPP_HDCP: Stop HDCP
01-19 17:55:56.828   877   912 I AMP_VPP_HDCP: End of StopHDCP
01-19 17:55:56.828   902   979 E BerlinAVS_HotplugHandler: STAM, staticHDMIEventHandler:521, entered..
01-19 17:55:56.828   902   979 E BerlinAVS_HotplugHandler: STAM, HDMIEventHandler:486, entered..
01-19 17:55:56.828   902   979 D BerlinAVS_HotplugHandler: HDMI hotplug event 4
01-19 17:55:56.828  1767  1767 D ETC-PINEONE-CURATION: [NewVodMediaPlayer$PlayTimerHandler] handleMessage()[971] >> [CTV] VOD Current Position : 162064
01-19 17:55:56.828  1767  1767 D ETC-PINEONE-CURATION: [PlayInfoManager] getVodTotalPlayTime()[1298] >> [CTV][DATA] get Total Play Time : 159
01-19 17:55:56.828  1767  1767 D ETC-PINEONE-CURATION: [MainActivity] onPlayTimeActionPreviewPlay()[4831] >> [CTV][AD] PlayTime : 162, Preview : 180
01-19 17:55:56.838  1767  1767 D ETC-PINEONE-CURATION: [MainActivity] checkFreeContent()[8011] >> [CTV][Content] checkFreeContent : 0:0:1
01-19 17:55:56.838  1767  1767 D ETC-PINEONE-CURATION: [MainActivity] checkFreeContent()[8022] >> [CTV][Content] checkFreeContent : FREE
01-19 17:55:57.028   877   912 I AMP_VPP_HDCP: start HDCP
01-19 17:55:57.028   877   912 I AMP_VPP_HDCP: Stop HDCP
01-19 17:55:57.028   877   912 I AMP_VPP_HDCP: End of StopHDCP
01-19 17:55:57.098   877   912 I AMP_VPP_HDCP: HDCP device not ready in HDMI mode
01-19 17:55:57.098   877   912 I AMP_VPP_HDCP: Stop HDCP
01-19 17:55:57.098   877   912 I AMP_VPP_HDCP: End of StopHDCP
01-19 17:55:57.098   902   979 E BerlinAVS_HotplugHandler: STAM, staticHDMIEventHandler:521, entered..
01-19 17:55:57.098   902   979 E BerlinAVS_HotplugHandler: STAM, HDMIEventHandler:486, entered..
01-19 17:55:57.098   902   979 D BerlinAVS_HotplugHandler: HDMI hotplug event 4
01-19 17:55:57.278   877   912 I AMP_VPP_HDCP: start HDCP
01-19 17:55:57.278   877   912 I AMP_VPP_HDCP: Stop HDCP
01-19 17:55:57.278   877   912 I AMP_VPP_HDCP: End of StopHDCP
01-19 17:55:57.348   877   912 I AMP_VPP_HDCP: HDCP device not ready in HDMI mode
01-19 17:55:57.348   877   912 I AMP_VPP_HDCP: Stop HDCP
01-19 17:55:57.348   877   912 I AMP_VPP_HDCP: End of StopHDCP
01-19 17:55:57.348   902   979 E BerlinAVS_HotplugHandler: STAM, staticHDMIEventHandler:521, entered..
01-19 17:55:57.348   902   979 E BerlinAVS_HotplugHandler: STAM, HDMIEventHandler:486, entered..
01-19 17:55:57.348   902   979 D BerlinAVS_HotplugHandler: HDMI hotplug event 4
01-19 17:55:57.538   877   912 I AMP_VPP_HDCP: start HDCP
01-19 17:55:57.538   877   912 I AMP_VPP_HDCP: Stop HDCP
01-19 17:55:57.538   877   912 I AMP_VPP_HDCP: End of StopHDCP
01-19 17:55:57.598   877   912 I AMP_VPP_HDCP: HDCP device not ready in HDMI mode
01-19 17:55:57.598   877   912 I AMP_VPP_HDCP: Stop HDCP
01-19 17:55:57.598   877   912 I AMP_VPP_HDCP: End of StopHDCP
01-19 17:55:57.598   902   979 E BerlinAVS_HotplugHandler: STAM, staticHDMIEventHandler:521, entered..
01-19 17:55:57.598   902   979 E BerlinAVS_HotplugHandler: STAM, HDMIEventHandler:486, entered..
01-19 17:55:57.598   902   979 D BerlinAVS_HotplugHandler: HDMI hotplug event 4
01-19 17:55:57.788   877   912 I AMP_VPP_HDCP: start HDCP
01-19 17:55:57.788   877   912 I AMP_VPP_HDCP: Stop HDCP
01-19 17:55:57.788   877   912 I AMP_VPP_HDCP: End of StopHDCP
01-19 17:55:57.838  1767  1767 V MediaPlayer: getCurrentPosition
01-19 17:55:57.838  1767  1767 D ETC-PINEONE-CURATION: [NewVodMediaPlayer$PlayTimerHandler] handleMessage()[971] >> [CTV] VOD Current Position : 163065
01-19 17:55:57.838  1767  1767 D ETC-PINEONE-CURATION: [PlayInfoManager] getVodTotalPlayTime()[1298] >> [CTV][DATA] get Total Play Time : 160
01-19 17:55:57.838  1767  1767 D ETC-PINEONE-CURATION: [MainActivity] onPlayTimeActionPreviewPlay()[4831] >> [CTV][AD] PlayTime : 163, Preview : 180
01-19 17:55:57.858  1767  1767 D ETC-PINEONE-CURATION: [MainActivity] checkFreeContent()[8011] >> [CTV][Content] checkFreeContent : 0:0:1
01-19 17:55:57.858  1767  1767 D ETC-PINEONE-CURATION: [MainActivity] checkFreeContent()[8022] >> [CTV][Content] checkFreeContent : FREE
01-19 17:55:57.858   877   912 I AMP_VPP_HDCP: HDCP device not ready in HDMI mode
01-19 17:55:57.858   877   912 I AMP_VPP_HDCP: Stop HDCP
01-19 17:55:57.858   877   912 I AMP_VPP_HDCP: End of StopHDCP
01-19 17:55:57.858   902   979 E BerlinAVS_HotplugHandler: STAM, staticHDMIEventHandler:521, entered..
01-19 17:55:57.858   902   979 E BerlinAVS_HotplugHandler: STAM, HDMIEventHandler:486, entered..
01-19 17:55:57.858   902   979 D BerlinAVS_HotplugHandler: HDMI hotplug event 4
01-19 17:55:58.048   877   912 I AMP_VPP_HDCP: start HDCP
01-19 17:55:58.048   877   912 I AMP_VPP_HDCP: Stop HDCP
01-19 17:55:58.048   877   912 I AMP_VPP_HDCP: End of StopHDCP
01-19 17:55:58.118   877   912 I AMP_VPP_HDCP: HDCP device not ready in HDMI mode
01-19 17:55:58.118   877   912 I AMP_VPP_HDCP: Stop HDCP
01-19 17:55:58.118   877   912 I AMP_VPP_HDCP: End of StopHDCP
01-19 17:55:58.118   902   979 E BerlinAVS_HotplugHandler: STAM, staticHDMIEventHandler:521, entered..
01-19 17:55:58.118   902   979 E BerlinAVS_HotplugHandler: STAM, HDMIEventHandler:486, entered..
01-19 17:55:58.118   902   979 D BerlinAVS_HotplugHandler: HDMI hotplug event 4
01-19 17:55:58.308   877   912 I AMP_VPP_HDCP: start HDCP
01-19 17:55:58.308   877   912 I AMP_VPP_HDCP: Stop HDCP
01-19 17:55:58.308   877   912 I AMP_VPP_HDCP: End of StopHDCP
01-19 17:55:58.368   877   912 I AMP_VPP_HDCP: HDCP device not ready in HDMI mode
01-19 17:55:58.368   877   912 I AMP_VPP_HDCP: Stop HDCP
01-19 17:55:58.368   877   912 I AMP_VPP_HDCP: End of StopHDCP
01-19 17:55:58.368   902   979 E BerlinAVS_HotplugHandler: STAM, staticHDMIEventHandler:521, entered..
01-19 17:55:58.368   902   979 E BerlinAVS_HotplugHandler: STAM, HDMIEventHandler:486, entered..
01-19 17:55:58.368   902   979 D BerlinAVS_HotplugHandler: HDMI hotplug event 4
01-19 17:55:58.468   904  2907 D SETTINGS-LGE-IptvStorageManager: readUserPreference(IPTV_ENABLED) called 
01-19 17:55:58.468   904  2907 D SETTINGS-LGE-IptvStorageManager: readUserPreference() : /LGU_data/UP/IPTV_ENABLED.1 file does not exist
01-19 17:55:58.468   904  2907 D SETTINGS-LGE-IptvStorageManager: readUserPreference(IPTV_ENABLED, 1) SUCCESS
01-19 17:55:58.468  3174  3174 I LIVE-LGE-JNI: readUP[IPTV_ENABLED] 0th PrefValue : true
01-19 17:55:58.558   877   912 I AMP_VPP_HDCP: start HDCP
01-19 17:55:58.558   877   912 I AMP_VPP_HDCP: Stop HDCP
01-19 17:55:58.558   877   912 I AMP_VPP_HDCP: End of StopHDCP
01-19 17:55:58.608   903  1024 D VOD-LGE-LIBVODPLAYER: [internalFeedThread read bps = 1447600 
01-19 17:55:58.628   877   912 I AMP_VPP_HDCP: HDCP device not ready in HDMI mode
01-19 17:55:58.628   877   912 I AMP_VPP_HDCP: Stop HDCP
01-19 17:55:58.628   877   912 I AMP_VPP_HDCP: End of StopHDCP
01-19 17:55:58.628   902   979 E BerlinAVS_HotplugHandler: STAM, staticHDMIEventHandler:521, entered..
01-19 17:55:58.628   902   979 E BerlinAVS_HotplugHandler: STAM, HDMIEventHandler:486, entered..
01-19 17:55:58.628   902   979 D BerlinAVS_HotplugHandler: HDMI hotplug event 4
01-19 17:55:58.818   877   912 I AMP_VPP_HDCP: start HDCP
01-19 17:55:58.818   877   912 I AMP_VPP_HDCP: Stop HDCP
01-19 17:55:58.818   877   912 I AMP_VPP_HDCP: End of StopHDCP
01-19 17:55:58.878   877   912 I AMP_VPP_HDCP: HDCP device not ready in HDMI mode
01-19 17:55:58.878   877   912 I AMP_VPP_HDCP: Stop HDCP
01-19 17:55:58.878   877   912 I AMP_VPP_HDCP: End of StopHDCP
01-19 17:55:58.878   902   979 E BerlinAVS_HotplugHandler: STAM, staticHDMIEventHandler:521, entered..
01-19 17:55:58.878   902   979 E BerlinAVS_HotplugHandler: STAM, HDMIEventHandler:486, entered..
01-19 17:55:58.878   902   979 D BerlinAVS_HotplugHandler: HDMI hotplug event 4
01-19 17:55:58.878  1767  1767 V MediaPlayer: getCurrentPosition
01-19 17:55:58.888  1767  1767 D ETC-PINEONE-CURATION: [NewVodMediaPlayer$PlayTimerHandler] handleMessage()[971] >> [CTV] VOD Current Position : 164133
01-19 17:55:58.888  1767  1767 D ETC-PINEONE-CURATION: [PlayInfoManager] getVodTotalPlayTime()[1298] >> [CTV][DATA] get Total Play Time : 161
01-19 17:55:58.888  1767  1767 D ETC-PINEONE-CURATION: [MainActivity] onPlayTimeActionPreviewPlay()[4831] >> [CTV][AD] PlayTime : 164, Preview : 180
01-19 17:55:58.888  1767  1767 D ETC-PINEONE-CURATION: [MainActivity] checkFreeContent()[8011] >> [CTV][Content] checkFreeContent : 0:0:1
01-19 17:55:58.888  1767  1767 D ETC-PINEONE-CURATION: [MainActivity] checkFreeContent()[8022] >> [CTV][Content] checkFreeContent : FREE
01-19 17:55:59.068   877   912 I AMP_VPP_HDCP: start HDCP
01-19 17:55:59.068   877   912 I AMP_VPP_HDCP: Stop HDCP
01-19 17:55:59.068   877   912 I AMP_VPP_HDCP: End of StopHDCP
01-19 17:55:59.148   877   912 I AMP_VPP_HDCP: HDCP device not ready in HDMI mode
01-19 17:55:59.148   877   912 I AMP_VPP_HDCP: Stop HDCP
01-19 17:55:59.148   877   912 I AMP_VPP_HDCP: End of StopHDCP
01-19 17:55:59.148   902   979 E BerlinAVS_HotplugHandler: STAM, staticHDMIEventHandler:521, entered..
01-19 17:55:59.148   902   979 E BerlinAVS_HotplugHandler: STAM, HDMIEventHandler:486, entered..
01-19 17:55:59.148   902   979 D BerlinAVS_HotplugHandler: HDMI hotplug event 4
01-19 17:55:59.328   877   912 I AMP_VPP_HDCP: start HDCP
01-19 17:55:59.328   877   912 I AMP_VPP_HDCP: Stop HDCP
01-19 17:55:59.328   877   912 I AMP_VPP_HDCP: End of StopHDCP
01-19 17:55:59.388   877   912 I AMP_VPP_HDCP: HDCP device not ready in HDMI mode
01-19 17:55:59.388   877   912 I AMP_VPP_HDCP: Stop HDCP
01-19 17:55:59.388   877   912 I AMP_VPP_HDCP: End of StopHDCP
01-19 17:55:59.388   902   979 E BerlinAVS_HotplugHandler: STAM, staticHDMIEventHandler:521, entered..
01-19 17:55:59.388   902   979 E BerlinAVS_HotplugHandler: STAM, HDMIEventHandler:486, entered..
01-19 17:55:59.388   902   979 D BerlinAVS_HotplugHandler: HDMI hotplug event 4
01-19 17:55:59.438   940   940 D LIVE-LGE-XCHECKER: startCrossCheck:139, stream err: 0, pcr err: 0, max_check_count: 40
01-19 17:55:59.588   877   912 I AMP_VPP_HDCP: start HDCP
01-19 17:55:59.588   877   912 I AMP_VPP_HDCP: Stop HDCP
01-19 17:55:59.588   877   912 I AMP_VPP_HDCP: End of StopHDCP
01-19 17:55:59.648   877   912 I AMP_VPP_HDCP: HDCP device not ready in HDMI mode
01-19 17:55:59.648   877   912 I AMP_VPP_HDCP: Stop HDCP
01-19 17:55:59.648   877   912 I AMP_VPP_HDCP: End of StopHDCP
01-19 17:55:59.648   902   979 E BerlinAVS_HotplugHandler: STAM, staticHDMIEventHandler:521, entered..
01-19 17:55:59.648   902   979 E BerlinAVS_HotplugHandler: STAM, HDMIEventHandler:486, entered..
01-19 17:55:59.648   902   979 D BerlinAVS_HotplugHandler: HDMI hotplug event 4
01-19 17:55:59.768   903  1024 I VOD-LGE-LIBVODPLAYER: speed freeSize: 1105440
01-19 17:55:59.768   903  1024 I VOD-LGE-LIBVODPLAYER: speed-up automatically
01-19 17:55:59.768   903  1024 D VOD-LGE-LIBVODPLAYER-CICLNT: try to play(speed = 120)
01-19 17:55:59.768   903  1024 D VOD-LGE-LIBVODPLAYER-CICLNT: internalCheckSpeed..ok, valid speed
01-19 17:55:59.768   903  1024 D VOD-LGE-LIBVODPLAYER-CICLNT: play... audio trick play
01-19 17:55:59.788   903  1024 D VOD-LGE-LIBVODPLAYER-CICLNT: play...ok, speed = 120
01-19 17:55:59.838   877   912 I AMP_VPP_HDCP: start HDCP
01-19 17:55:59.838   877   912 I AMP_VPP_HDCP: Stop HDCP
01-19 17:55:59.838   877   912 I AMP_VPP_HDCP: End of StopHDCP
01-19 17:55:59.908   877   912 I AMP_VPP_HDCP: HDCP device not ready in HDMI mode
01-19 17:55:59.908   877   912 I AMP_VPP_HDCP: Stop HDCP
01-19 17:55:59.908   877   912 I AMP_VPP_HDCP: End of StopHDCP
01-19 17:55:59.908   902   979 E BerlinAVS_HotplugHandler: STAM, staticHDMIEventHandler:521, entered..
01-19 17:55:59.908   902   979 E BerlinAVS_HotplugHandler: STAM, HDMIEventHandler:486, entered..
01-19 17:55:59.908   902   979 D BerlinAVS_HotplugHandler: HDMI hotplug event 4
01-19 17:55:59.908  1767  1767 V MediaPlayer: getCurrentPosition
01-19 17:55:59.908  1767  1767 D ETC-PINEONE-CURATION: [NewVodMediaPlayer$PlayTimerHandler] handleMessage()[971] >> [CTV] VOD Current Position : 165134
01-19 17:55:59.908  1767  1767 D ETC-PINEONE-CURATION: [PlayInfoManager] getVodTotalPlayTime()[1298] >> [CTV][DATA] get Total Play Time : 162
01-19 17:55:59.918  1767  1767 D ETC-PINEONE-CURATION: [MainActivity] onPlayTimeActionPreviewPlay()[4831] >> [CTV][AD] PlayTime : 165, Preview : 180
01-19 17:55:59.918  1767  1767 D ETC-PINEONE-CURATION: [MainActivity] checkFreeContent()[8011] >> [CTV][Content] checkFreeContent : 0:0:1
01-19 17:55:59.918  1767  1767 D ETC-PINEONE-CURATION: [MainActivity] checkFreeContent()[8022] >> [CTV][Content] checkFreeContent : FREE
01-19 17:56:00.098   877   912 I AMP_VPP_HDCP: start HDCP
01-19 17:56:00.098   877   912 I AMP_VPP_HDCP: Stop HDCP
01-19 17:56:00.098   877   912 I AMP_VPP_HDCP: End of StopHDCP
01-19 17:56:00.158   877   912 I AMP_VPP_HDCP: HDCP device not ready in HDMI mode
01-19 17:56:00.158   877   912 I AMP_VPP_HDCP: Stop HDCP
01-19 17:56:00.158   877   912 I AMP_VPP_HDCP: End of StopHDCP
01-19 17:56:00.158   902   979 E BerlinAVS_HotplugHandler: STAM, staticHDMIEventHandler:521, entered..
01-19 17:56:00.158   902   979 E BerlinAVS_HotplugHandler: STAM, HDMIEventHandler:486, entered..
01-19 17:56:00.158   902   979 D BerlinAVS_HotplugHandler: HDMI hotplug event 4
01-19 17:56:00.238  2085  2096 D dalvikvm: GC_CONCURRENT freed 442K, 21% free 2545K/3208K, paused 4ms+5ms, total 49ms
01-19 17:56:00.348   877   912 I AMP_VPP_HDCP: start HDCP
01-19 17:56:00.348   877   912 I AMP_VPP_HDCP: Stop HDCP
01-19 17:56:00.348   877   912 I AMP_VPP_HDCP: End of StopHDCP
01-19 17:56:00.398   877   910 W [33;1mAmp2@@[MODULE_AVS:show_avsync_status():868]:[0m : [AVSDBG][17][L]M:0x00e52dea(1500),P:0x00000000(0)[0],V:0x00e53ad0(3003),A:0x00e58030(0),M-P:166883,M-V:-36,M-A:-234,V-A:-197 V[R:8],A[13]
01-19 17:56:00.418   877   912 I AMP_VPP_HDCP: HDCP device not ready in HDMI mode
01-19 17:56:00.418   877   912 I AMP_VPP_HDCP: Stop HDCP
01-19 17:56:00.418   877   912 I AMP_VPP_HDCP: End of StopHDCP
01-19 17:56:00.418   902   979 E BerlinAVS_HotplugHandler: STAM, staticHDMIEventHandler:521, entered..
01-19 17:56:00.418   902   979 E BerlinAVS_HotplugHandler: STAM, HDMIEventHandler:486, entered..
01-19 17:56:00.418   902   979 D BerlinAVS_HotplugHandler: HDMI hotplug event 4
01-19 17:56:00.608   877   912 I AMP_VPP_HDCP: start HDCP
01-19 17:56:00.608   877   912 I AMP_VPP_HDCP: Stop HDCP
01-19 17:56:00.608   877   912 I AMP_VPP_HDCP: End of StopHDCP
01-19 17:56:00.668   877   912 I AMP_VPP_HDCP: HDCP device not ready in HDMI mode
01-19 17:56:00.668   877   912 I AMP_VPP_HDCP: Stop HDCP
01-19 17:56:00.668   877   912 I AMP_VPP_HDCP: End of StopHDCP
01-19 17:56:00.668   902   979 E BerlinAVS_HotplugHandler: STAM, staticHDMIEventHandler:521, entered..
01-19 17:56:00.668   902   979 E BerlinAVS_HotplugHandler: STAM, HDMIEventHandler:486, entered..
01-19 17:56:00.668   902   979 D BerlinAVS_HotplugHandler: HDMI hotplug event 4
01-19 17:56:00.678   903  1024 D VOD-LGE-LIBVODPLAYER: [internalFeedThread read bps = 1974000 
01-19 17:56:00.868   877   912 I AMP_VPP_HDCP: start HDCP
01-19 17:56:00.868   877   912 I AMP_VPP_HDCP: Stop HDCP
01-19 17:56:00.868   877   912 I AMP_VPP_HDCP: End of StopHDCP
01-19 17:56:00.928  1767  1767 V MediaPlayer: getCurrentPosition
01-19 17:56:00.928   877   912 I AMP_VPP_HDCP: HDCP device not ready in HDMI mode
01-19 17:56:00.928   877   912 I AMP_VPP_HDCP: Stop HDCP
01-19 17:56:00.928   877   912 I AMP_VPP_HDCP: End of StopHDCP
01-19 17:56:00.928   902   979 E BerlinAVS_HotplugHandler: STAM, staticHDMIEventHandler:521, entered..
01-19 17:56:00.928   902   979 E BerlinAVS_HotplugHandler: STAM, HDMIEventHandler:486, entered..
01-19 17:56:00.928   902   979 D BerlinAVS_HotplugHandler: HDMI hotplug event 4
01-19 17:56:00.928  1767  1767 D ETC-PINEONE-CURATION: [NewVodMediaPlayer$PlayTimerHandler] handleMessage()[971] >> [CTV] VOD Current Position : 166168
01-19 17:56:00.928  1767  1767 D ETC-PINEONE-CURATION: [PlayInfoManager] getVodTotalPlayTime()[1298] >> [CTV][DATA] get Total Play Time : 163
01-19 17:56:00.928  1767  1767 D ETC-PINEONE-CURATION: [MainActivity] onPlayTimeActionPreviewPlay()[4831] >> [CTV][AD] PlayTime : 166, Preview : 180
01-19 17:56:00.928  1767  1767 D ETC-PINEONE-CURATION: [MainActivity] checkFreeContent()[8011] >> [CTV][Content] checkFreeContent : 0:0:1
01-19 17:56:00.938  1767  1767 D ETC-PINEONE-CURATION: [MainActivity] checkFreeContent()[8022] >> [CTV][Content] checkFreeContent : FREE
01-19 17:56:01.118   877   912 I AMP_VPP_HDCP: start HDCP
01-19 17:56:01.118   877   912 I AMP_VPP_HDCP: Stop HDCP
01-19 17:56:01.118   877   912 I AMP_VPP_HDCP: End of StopHDCP
01-19 17:56:01.188   877   912 I AMP_VPP_HDCP: HDCP device not ready in HDMI mode
01-19 17:56:01.188   877   912 I AMP_VPP_HDCP: Stop HDCP
01-19 17:56:01.188   877   912 I AMP_VPP_HDCP: End of StopHDCP
01-19 17:56:01.188   902   979 E BerlinAVS_HotplugHandler: STAM, staticHDMIEventHandler:521, entered..
01-19 17:56:01.188   902   979 E BerlinAVS_HotplugHandler: STAM, HDMIEventHandler:486, entered..
01-19 17:56:01.188   902   979 D BerlinAVS_HotplugHandler: HDMI hotplug event 4
01-19 17:56:01.378   877   912 I AMP_VPP_HDCP: start HDCP
01-19 17:56:01.378   877   912 I AMP_VPP_HDCP: Stop HDCP
01-19 17:56:01.378   877   912 I AMP_VPP_HDCP: End of StopHDCP
01-19 17:56:01.438   877   912 I AMP_VPP_HDCP: HDCP device not ready in HDMI mode
01-19 17:56:01.438   877   912 I AMP_VPP_HDCP: Stop HDCP
01-19 17:56:01.438   877   912 I AMP_VPP_HDCP: End of StopHDCP
01-19 17:56:01.438   902   979 E BerlinAVS_HotplugHandler: STAM, staticHDMIEventHandler:521, entered..
01-19 17:56:01.438   902   979 E BerlinAVS_HotplugHandler: STAM, HDMIEventHandler:486, entered..
01-19 17:56:01.438   902   979 D BerlinAVS_HotplugHandler: HDMI hotplug event 4
01-19 17:56:01.628   877   912 I AMP_VPP_HDCP: start HDCP
01-19 17:56:01.628   877   912 I AMP_VPP_HDCP: Stop HDCP
01-19 17:56:01.628   877   912 I AMP_VPP_HDCP: End of StopHDCP
01-19 17:56:01.698   877   912 I AMP_VPP_HDCP: HDCP device not ready in HDMI mode
01-19 17:56:01.698   877   912 I AMP_VPP_HDCP: Stop HDCP
01-19 17:56:01.698   877   912 I AMP_VPP_HDCP: End of StopHDCP
01-19 17:56:01.698   902   979 E BerlinAVS_HotplugHandler: STAM, staticHDMIEventHandler:521, entered..
01-19 17:56:01.698   902   979 E BerlinAVS_HotplugHandler: STAM, HDMIEventHandler:486, entered..
01-19 17:56:01.698   902   979 D BerlinAVS_HotplugHandler: HDMI hotplug event 4
01-19 17:56:01.888   877   912 I AMP_VPP_HDCP: start HDCP
01-19 17:56:01.888   877   912 I AMP_VPP_HDCP: Stop HDCP
01-19 17:56:01.888   877   912 I AMP_VPP_HDCP: End of StopHDCP
01-19 17:56:01.958   877   912 I AMP_VPP_HDCP: HDCP device not ready in HDMI mode
01-19 17:56:01.958   877   912 I AMP_VPP_HDCP: Stop HDCP
01-19 17:56:01.958   877   912 I AMP_VPP_HDCP: End of StopHDCP
01-19 17:56:01.958   902   979 E BerlinAVS_HotplugHandler: STAM, staticHDMIEventHandler:521, entered..
01-19 17:56:01.958   902   979 E BerlinAVS_HotplugHandler: STAM, HDMIEventHandler:486, entered..
01-19 17:56:01.958   902   979 D BerlinAVS_HotplugHandler: HDMI hotplug event 4
01-19 17:56:01.958  1767  1767 V MediaPlayer: getCurrentPosition
01-19 17:56:01.958  1767  1767 D ETC-PINEONE-CURATION: [NewVodMediaPlayer$PlayTimerHandler] handleMessage()[971] >> [CTV] VOD Current Position : 167203
01-19 17:56:01.958  1767  1767 D ETC-PINEONE-CURATION: [PlayInfoManager] getVodTotalPlayTime()[1298] >> [CTV][DATA] get Total Play Time : 164
01-19 17:56:01.958  1767  1767 D ETC-PINEONE-CURATION: [MainActivity] onPlayTimeActionPreviewPlay()[4831] >> [CTV][AD] PlayTime : 167, Preview : 180
01-19 17:56:01.958  1767  1767 D ETC-PINEONE-CURATION: [MainActivity] checkFreeContent()[8011] >> [CTV][Content] checkFreeContent : 0:0:1
01-19 17:56:01.968  1767  1767 D ETC-PINEONE-CURATION: [MainActivity] checkFreeContent()[8022] >> [CTV][Content] checkFreeContent : FREE
01-19 17:56:02.138   877   912 I AMP_VPP_HDCP: start HDCP
01-19 17:56:02.148   877   912 I AMP_VPP_HDCP: Stop HDCP
01-19 17:56:02.148   877   912 I AMP_VPP_HDCP: End of StopHDCP
01-19 17:56:02.208   877   912 I AMP_VPP_HDCP: HDCP device not ready in HDMI mode
01-19 17:56:02.208   877   912 I AMP_VPP_HDCP: Stop HDCP
01-19 17:56:02.208   877   912 I AMP_VPP_HDCP: End of StopHDCP
01-19 17:56:02.218   902   979 E BerlinAVS_HotplugHandler: STAM, staticHDMIEventHandler:521, entered..
01-19 17:56:02.218   902   979 E BerlinAVS_HotplugHandler: STAM, HDMIEventHandler:486, entered..
01-19 17:56:02.218   902   979 D BerlinAVS_HotplugHandler: HDMI hotplug event 4
01-19 17:56:02.398   877   912 I AMP_VPP_HDCP: start HDCP
01-19 17:56:02.398   877   912 I AMP_VPP_HDCP: Stop HDCP
01-19 17:56:02.398   877   912 I AMP_VPP_HDCP: End of StopHDCP
01-19 17:56:02.468   877   912 I AMP_VPP_HDCP: HDCP device not ready in HDMI mode
01-19 17:56:02.468   877   912 I AMP_VPP_HDCP: Stop HDCP
01-19 17:56:02.468   877   912 I AMP_VPP_HDCP: End of StopHDCP
01-19 17:56:02.468   902   979 E BerlinAVS_HotplugHandler: STAM, staticHDMIEventHandler:521, entered..
01-19 17:56:02.468   902   979 E BerlinAVS_HotplugHandler: STAM, HDMIEventHandler:486, entered..
01-19 17:56:02.468   902   979 D BerlinAVS_HotplugHandler: HDMI hotplug event 4
01-19 17:56:02.618   903  1024 D VOD-LGE-LIBVODPLAYER: [internalFeedThread read bps = 2237200 
01-19 17:56:02.648   877   912 I AMP_VPP_HDCP: start HDCP
01-19 17:56:02.648   877   912 I AMP_VPP_HDCP: Stop HDCP
01-19 17:56:02.648   877   912 I AMP_VPP_HDCP: End of StopHDCP
01-19 17:56:02.718   877   912 I AMP_VPP_HDCP: HDCP device not ready in HDMI mode
01-19 17:56:02.718   877   912 I AMP_VPP_HDCP: Stop HDCP
01-19 17:56:02.718   877   912 I AMP_VPP_HDCP: End of StopHDCP
01-19 17:56:02.718   902   979 E BerlinAVS_HotplugHandler: STAM, staticHDMIEventHandler:521, entered..
01-19 17:56:02.718   902   979 E BerlinAVS_HotplugHandler: STAM, HDMIEventHandler:486, entered..
01-19 17:56:02.718   902   979 D BerlinAVS_HotplugHandler: HDMI hotplug event 4
01-19 17:56:02.898   877   912 I AMP_VPP_HDCP: start HDCP
01-19 17:56:02.898   877   912 I AMP_VPP_HDCP: Stop HDCP
01-19 17:56:02.898   877   912 I AMP_VPP_HDCP: End of StopHDCP
01-19 17:56:02.968   877   912 I AMP_VPP_HDCP: HDCP device not ready in HDMI mode
01-19 17:56:02.968   877   912 I AMP_VPP_HDCP: Stop HDCP
01-19 17:56:02.968   877   912 I AMP_VPP_HDCP: End of StopHDCP
01-19 17:56:02.968   902   979 E BerlinAVS_HotplugHandler: STAM, staticHDMIEventHandler:521, entered..
01-19 17:56:02.968   902   979 E BerlinAVS_HotplugHandler: STAM, HDMIEventHandler:486, entered..
01-19 17:56:02.968   902   979 D BerlinAVS_HotplugHandler: HDMI hotplug event 4
01-19 17:56:02.968  1767  1767 V MediaPlayer: getCurrentPosition
01-19 17:56:02.968  1767  1767 D ETC-PINEONE-CURATION: [NewVodMediaPlayer$PlayTimerHandler] handleMessage()[971] >> [CTV] VOD Current Position : 168204
01-19 17:56:02.968  1767  1767 D ETC-PINEONE-CURATION: [PlayInfoManager] getVodTotalPlayTime()[1298] >> [CTV][DATA] get Total Play Time : 165
01-19 17:56:02.968  1767  1767 D ETC-PINEONE-CURATION: [MainActivity] onPlayTimeActionPreviewPlay()[4831] >> [CTV][AD] PlayTime : 168, Preview : 180
01-19 17:56:02.978  1767  1767 D ETC-PINEONE-CURATION: [MainActivity] checkFreeContent()[8011] >> [CTV][Content] checkFreeContent : 0:0:1
01-19 17:56:02.978  1767  1767 D ETC-PINEONE-CURATION: [MainActivity] checkFreeContent()[8022] >> [CTV][Content] checkFreeContent : FREE
01-19 17:56:02.978  1767  1767 D ETC-PINEONE-CURATION: [MainActivity] checkAlreadyBuyContent()[8056] >> [CTV][Content] checking buy : 20180119175313 : N : Y
01-19 17:56:02.978  1767  1767 D ETC-PINEONE-CURATION: [NewVodMediaPlayer] changeLicense()[650] >> [CTV] Request changeLicense
01-19 17:56:02.978  1767  1767 D LGMediaPlayerTVG: changeLicense called
01-19 17:56:02.978  1767  1767 V MediaPlayer: invoke 68
01-19 17:56:02.978   903   617 D VOD-LGE-LIBVODPLAYER: invoke...ok
01-19 17:56:02.978  1767  1767 D ETC-PINEONE-CURATION: [NewVodMediaPlayer] changeLicense()[652] >> [CTV] changeLicense
01-19 17:56:02.988  1767  1767 D ETC-PINEONE-CURATION: [MainActivity] checkFreeContent()[8011] >> [CTV][Content] checkFreeContent : 0:0:1
01-19 17:56:02.988  1767  1767 D ETC-PINEONE-CURATION: [MainActivity] checkFreeContent()[8022] >> [CTV][Content] checkFreeContent : FREE
01-19 17:56:03.098  1767  1781 D dalvikvm: GC_CONCURRENT freed 1948K, 20% free 19805K/24492K, paused 3ms+5ms, total 117ms
01-19 17:56:03.148   877   912 I AMP_VPP_HDCP: start HDCP
01-19 17:56:03.148   877   912 I AMP_VPP_HDCP: Stop HDCP
01-19 17:56:03.148   877   912 I AMP_VPP_HDCP: End of StopHDCP
01-19 17:56:03.218   877   912 I AMP_VPP_HDCP: HDCP device not ready in HDMI mode
01-19 17:56:03.218   877   912 I AMP_VPP_HDCP: Stop HDCP
01-19 17:56:03.218   877   912 I AMP_VPP_HDCP: End of StopHDCP
01-19 17:56:03.218   902   979 E BerlinAVS_HotplugHandler: STAM, staticHDMIEventHandler:521, entered..
01-19 17:56:03.218   902   979 E BerlinAVS_HotplugHandler: STAM, HDMIEventHandler:486, entered..
01-19 17:56:03.218   902   979 D BerlinAVS_HotplugHandler: HDMI hotplug event 4
01-19 17:56:03.398   877   912 I AMP_VPP_HDCP: start HDCP
01-19 17:56:03.398   877   912 I AMP_VPP_HDCP: Stop HDCP
01-19 17:56:03.398   877   912 I AMP_VPP_HDCP: End of StopHDCP
01-19 17:56:03.468   877   912 I AMP_VPP_HDCP: HDCP device not ready in HDMI mode
01-19 17:56:03.468   877   912 I AMP_VPP_HDCP: Stop HDCP
01-19 17:56:03.468   877   912 I AMP_VPP_HDCP: End of StopHDCP
01-19 17:56:03.478   902   979 E BerlinAVS_HotplugHandler: STAM, staticHDMIEventHandler:521, entered..
01-19 17:56:03.478   902   979 E BerlinAVS_HotplugHandler: STAM, HDMIEventHandler:486, entered..
01-19 17:56:03.478   902   979 D BerlinAVS_HotplugHandler: HDMI hotplug event 4
01-19 17:56:03.658   877   912 I AMP_VPP_HDCP: start HDCP
01-19 17:56:03.658   877   912 I AMP_VPP_HDCP: Stop HDCP
01-19 17:56:03.658   877   912 I AMP_VPP_HDCP: End of StopHDCP
01-19 17:56:03.718   877   912 I AMP_VPP_HDCP: HDCP device not ready in HDMI mode
01-19 17:56:03.718   877   912 I AMP_VPP_HDCP: Stop HDCP
01-19 17:56:03.718   877   912 I AMP_VPP_HDCP: End of StopHDCP
01-19 17:56:03.718   902   979 E BerlinAVS_HotplugHandler: STAM, staticHDMIEventHandler:521, entered..
01-19 17:56:03.718   902   979 E BerlinAVS_HotplugHandler: STAM, HDMIEventHandler:486, entered..
01-19 17:56:03.718   902   979 D BerlinAVS_HotplugHandler: HDMI hotplug event 4
01-19 17:56:03.908   877   912 I AMP_VPP_HDCP: start HDCP
01-19 17:56:03.908   877   912 I AMP_VPP_HDCP: Stop HDCP
01-19 17:56:03.908   877   912 I AMP_VPP_HDCP: End of StopHDCP
01-19 17:56:03.968   877   912 I AMP_VPP_HDCP: HDCP device not ready in HDMI mode
01-19 17:56:03.968   877   912 I AMP_VPP_HDCP: Stop HDCP
01-19 17:56:03.968   877   912 I AMP_VPP_HDCP: End of StopHDCP
01-19 17:56:03.968   902   979 E BerlinAVS_HotplugHandler: STAM, staticHDMIEventHandler:521, entered..
01-19 17:56:03.968   902   979 E BerlinAVS_HotplugHandler: STAM, HDMIEventHandler:486, entered..
01-19 17:56:03.968   902   979 D BerlinAVS_HotplugHandler: HDMI hotplug event 4
01-19 17:56:03.978  1767  1767 V MediaPlayer: getCurrentPosition
01-19 17:56:03.988  1767  1767 D ETC-PINEONE-CURATION: [NewVodMediaPlayer$PlayTimerHandler] handleMessage()[971] >> [CTV] VOD Current Position : 169238
01-19 17:56:03.998  1767  1767 D ETC-PINEONE-CURATION: [PlayInfoManager] getVodTotalPlayTime()[1298] >> [CTV][DATA] get Total Play Time : 166
01-19 17:56:03.998  1767  1767 D ETC-PINEONE-CURATION: [MainActivity] onPlayTimeActionPreviewPlay()[4831] >> [CTV][AD] PlayTime : 169, Preview : 180
01-19 17:56:03.998  1767  1767 D ETC-PINEONE-CURATION: [MainActivity] checkFreeContent()[8011] >> [CTV][Content] checkFreeContent : 0:0:1
