01-24 17:05:21.443 20757 20811 E TIMER   :  212.040 ****** ERROR TIMER   external          common/src/Timer.cc:1146      |  0x102c
01-24 17:05:21.443 20757 20811 E TIMER   :  212.040 ****** ERROR TIMER   external          common/src/Timer.cc:1146      |  0x102c
01-24 17:05:21.471   471   471 I cpusvc  : [restore_max_freq] max freq gonna restore to: 1200000
01-24 17:05:22.373  1623  1698 E FC-CCI  : [FC-CCI][ERROR] UDP read timeout(3000ms) [UdpReader]
01-24 17:05:22.374  1623  1698 E FC-CCI  : [FC-CCI][INFO ] /LGU_data/UP/FCC_ON_OFF.0 update skipped (current=0, update=0) [CciContext]
01-24 17:05:22.578  2056  2056 I art     : Explicit concurrent mark sweep GC freed 110(4KB) AllocSpace objects, 0(0B) LOS objects, 39% free, 794KB/1306KB, paused 303us total 36.688ms
01-24 17:05:25.241   612   612 D LIVE-LGE-XCHECKER: startCrossCheck:140, stream err: 0, pcr err: 0, max_check_count: 30
01-24 17:05:25.376  1623  1698 E FC-CCI  : [FC-CCI][ERROR] UDP read timeout(3000ms) [UdpReader]
01-24 17:05:25.376  1623  1698 E FC-CCI  : [FC-CCI][INFO ] /LGU_data/UP/FCC_ON_OFF.0 update skipped (current=0, update=0) [CciContext]
01-24 17:05:26.106 21519 21519 D U+Box HomeShare: HomeShareReceiver [Receive Intent] Action : com.lguplus.iptv3.homesharestb.SERVICE.RESTART
01-24 17:05:26.106 21519 21519 D U+Box HomeShare: HomeShareReceiver Receive : INTENT_HOMESHARE_SERVICE_RESTART ( Service Started : true )
01-24 17:05:26.114   425  2781 D LIVE-LGE-IptvService: readUserPreference
01-24 17:05:26.114   425  2781 D LIVE-LGE-Interface: LGU_readUserPreference() : /LGU_data/UP/IPTV_ENABLED.1 file does not exist
01-24 17:05:26.114   425  2781 D LIVE-LGE-Interface: LGU_readUserPreference(IPTV_ENABLED, 1) SUCCESS
01-24 17:05:26.114 20492 20492 D LIVE-LGE-JNI: readUP: 0th PrefValue : true
01-24 17:05:26.118   629  1466 W AlarmManager: Suspiciously short interval 30000 millis; expanding to 60 seconds
01-24 17:05:27.573   471   471 I cpusvc  : [reduce_max_freq] max freq gonna reduce to: 1000000
01-24 17:05:28.378  1623  1698 E FC-CCI  : [FC-CCI][ERROR] UDP read timeout(3000ms) [UdpReader]
01-24 17:05:28.378  1623  1698 E FC-CCI  : [FC-CCI][INFO ] /LGU_data/UP/FCC_ON_OFF.0 update skipped (current=0, update=0) [CciContext]
01-24 17:05:30.242   612   612 D LIVE-LGE-XCHECKER: startCrossCheck:140, stream err: 0, pcr err: 0, max_check_count: 30
01-24 17:05:31.382  1623  1698 E FC-CCI  : [FC-CCI][ERROR] UDP read timeout(3000ms) [UdpReader]
01-24 17:05:31.382  1623  1698 E FC-CCI  : [FC-CCI][INFO ] /LGU_data/UP/FCC_ON_OFF.0 update skipped (current=0, update=0) [CciContext]
01-24 17:05:33.674   471   471 I cpusvc  : [restore_max_freq] max freq gonna restore to: 1200000
01-24 17:05:33.768  3779  3779 I art     : Explicit concurrent mark sweep GC freed 19944(1052KB) AllocSpace objects, 0(0B) LOS objects, 39% free, 2MB/4MB, paused 1.493ms total 36.292ms
01-24 17:05:34.386  1623  1698 E FC-CCI  : [FC-CCI][ERROR] UDP read timeout(3000ms) [UdpReader]
01-24 17:05:34.387  1623  1698 E FC-CCI  : [FC-CCI][INFO ] /LGU_data/UP/FCC_ON_OFF.0 update skipped (current=0, update=0) [CciContext]
01-24 17:05:34.766   629   895 I AutoStandByManager: AUTO_STANDBY : AutoStandbyCheckTask started - curTime = 4084364 / lastKeyInTime = 4045647
01-24 17:05:34.766   629   895 I AutoStandByManager: AUTO_STANDBY : resetLastKeyInTimeInLiveClosedState() - Last key in time = 4084364
01-24 17:05:35.242   612   612 D LIVE-LGE-XCHECKER: startCrossCheck:140, stream err: 0, pcr err: 0, max_check_count: 30
01-24 17:05:36.460 20757 20811 E TIMER   :  227.058 ****** ERROR TIMER   external          common/src/Timer.cc:1146      |  0x102c
01-24 17:05:36.460 20757 20811 E TIMER   :  227.058 ****** ERROR TIMER   external          common/src/Timer.cc:1146      |  0x102c
01-24 17:05:36.726   471   471 I cpusvc  : [reduce_max_freq] max freq gonna reduce to: 1000000
01-24 17:05:37.390  1623  1698 E FC-CCI  : [FC-CCI][ERROR] UDP read timeout(3000ms) [UdpReader]
01-24 17:05:37.390  1623  1698 E FC-CCI  : [FC-CCI][INFO ] /LGU_data/UP/FCC_ON_OFF.0 update skipped (current=0, update=0) [CciContext]
01-24 17:05:38.584  7643  7657 I art     : Background sticky concurrent mark sweep GC freed 33686(1563KB) AllocSpace objects, 0(0B) LOS objects, 14% free, 9MB/10MB, paused 9.748ms total 95.980ms
01-24 17:05:40.243   612   612 D LIVE-LGE-XCHECKER: startCrossCheck:140, stream err: 0, pcr err: 0, max_check_count: 30
01-24 17:05:40.392  1623  1698 E FC-CCI  : [FC-CCI][ERROR] UDP read timeout(3000ms) [UdpReader]
01-24 17:05:40.392  1623  1698 E FC-CCI  : [FC-CCI][INFO ] /LGU_data/UP/FCC_ON_OFF.0 update skipped (current=0, update=0) [CciContext]
01-24 17:05:42.828   471   471 I cpusvc  : [restore_max_freq] max freq gonna restore to: 1200000
01-24 17:05:43.394  1623  1698 E FC-CCI  : [FC-CCI][ERROR] UDP read timeout(3000ms) [UdpReader]
01-24 17:05:43.394  1623  1698 E FC-CCI  : [FC-CCI][INFO ] /LGU_data/UP/FCC_ON_OFF.0 update skipped (current=0, update=0) [CciContext]
01-24 17:05:44.976  2724  2724 I art     : Explicit concurrent mark sweep GC freed 7461(373KB) AllocSpace objects, 1(100KB) LOS objects, 54% free, 839KB/1863KB, paused 1.068ms total 33.926ms
01-24 17:05:45.244   612   612 D LIVE-LGE-XCHECKER: startCrossCheck:140, stream err: 0, pcr err: 0, max_check_count: 30
01-24 17:05:45.878   471   471 I cpusvc  : [reduce_max_freq] max freq gonna reduce to: 1000000
01-24 17:05:46.111  2594  2795 E BT-LGE-bluedroid: con_int_min 8, con_int_max 8, con_latency 150, con_timeout 500
01-24 17:05:46.395  1623  1698 E FC-CCI  : [FC-CCI][ERROR] UDP read timeout(3000ms) [UdpReader]
01-24 17:05:46.395  1623  1698 E FC-CCI  : [FC-CCI][INFO ] /LGU_data/UP/FCC_ON_OFF.0 update skipped (current=0, update=0) [CciContext]
01-24 17:05:46.491   425  2658 D LIVE-LGE-IptvService: readUserPreference
01-24 17:05:46.491   425  2658 D LIVE-LGE-Interface: LGU_readUserPreference() : /LGU_data/UP/LASTCHANNEL.1 file does not exist
01-24 17:05:46.491   425  2658 D LIVE-LGE-Interface: LGU_readUserPreference(LASTCHANNEL, 1) SUCCESS
01-24 17:05:46.492 21617 21634 D LIVE-LGE-JNI: readUP: 0th PrefValue : 3697
01-24 17:05:46.497   629  1373 D ActivityManager: getTasks: caller 10031 is using old GET_TASKS but privileged; allowing
01-24 17:05:48.929   471   471 I cpusvc  : [restore_max_freq] max freq gonna restore to: 1200000
01-24 17:05:49.193  3779  3779 I AnypointAD - t.a.a.c.s.MonitorScheduler: [56] start monitoring..
01-24 17:05:49.196  3779  9308 I AnypointAD - t.a.a.c.s.PushMsgClient: [179] connection: TCPNIOConnection{localSocketAddress={/192.168.219.106:36081}, peerSocketAddress={/13.124.41.119:31102}}, isConnected: true, lastReceivedTime: 1516781100508
01-24 17:05:49.206  3779  9308 I AnypointAD - t.a.a.c.s.PushMsgClient: [154] Sending device event: Heartbeat
01-24 17:05:49.210  3779  8878 I AnypointAD - t.a.a.c.m.ServerMessageProcessorFactory: [101] received message from server: HeartbeatMessage
01-24 17:05:49.211  3779  3779 I AnypointAD - t.a.a.c.s.MonitorScheduler: [84] register boot ad call alarm.
01-24 17:05:49.213  3779  3779 I AnypointAD - t.a.a.c.s.MonitorScheduler: [89] monitoring finished..
01-24 17:05:49.218  3779  3779 I AnypointAD - t.a.a.c.a.StartService: [15] StartService start...56, class tv.anypoint.android.core.app.StartService
01-24 17:05:49.396  1623  1698 E FC-CCI  : [FC-CCI][ERROR] UDP read timeout(3000ms) [UdpReader]
01-24 17:05:49.396  1623  1698 E FC-CCI  : [FC-CCI][INFO ] /LGU_data/UP/FCC_ON_OFF.0 update skipped (current=0, update=0) [CciContext]
01-24 17:05:50.247   612   612 D LIVE-LGE-XCHECKER: startCrossCheck:140, stream err: 0, pcr err: 0, max_check_count: 30
01-24 17:05:50.644  7779  7779 I art     : Explicit concurrent mark sweep GC freed 1250(50KB) AllocSpace objects, 0(0B) LOS objects, 17% free, 9MB/11MB, paused 746us total 58.990ms
01-24 17:05:51.476 20757 20811 E TIMER   :  242.074 ****** ERROR TIMER   external          common/src/Timer.cc:1146      |  0x102c
01-24 17:05:51.476 20757 20811 E TIMER   :  242.074 ****** ERROR TIMER   external          common/src/Timer.cc:1146      |  0x102c
01-24 17:05:51.733  3779  8875 I AnypointAD - t.a.a.c.m.ServerMessageProcessorFactory: [101] received message from server: CueMessage
01-24 17:05:51.734  3779  8875 I AnypointAD - t.a.a.c.m.s.p.c.CueMessageProcessor: [42] got cueMessage. type: 0, cueId: 0, time: Wed Jan 24 17:05:58 GMT+09:00 2018, ppId: 37, time: 1516781158624, duration: 120000, owner: 1
01-24 17:05:51.738  3779  8875 I AnypointAD - t.a.a.c.s.CueManager: [174] currentDeviceChannel is not exist.
01-24 17:05:51.739  3779  8875 I AnypointAD - t.a.a.c.s.CueManager: [68] receive cue but this device is not available.
01-24 17:05:51.980   471   471 I cpusvc  : [reduce_max_freq] max freq gonna reduce to: 1000000
01-24 17:05:52.397  1623  1698 E FC-CCI  : [FC-CCI][ERROR] UDP read timeout(3000ms) [UdpReader]
01-24 17:05:52.398  1623  1698 E FC-CCI  : [FC-CCI][INFO ] /LGU_data/UP/FCC_ON_OFF.0 update skipped (current=0, update=0) [CciContext]
01-24 17:05:55.031   471   471 I cpusvc  : [restore_max_freq] max freq gonna restore to: 1200000
01-24 17:05:55.248   612   612 D LIVE-LGE-XCHECKER: startCrossCheck:140, stream err: 0, pcr err: 0, max_check_count: 30
01-24 17:05:55.401  1623  1698 E FC-CCI  : [FC-CCI][ERROR] UDP read timeout(3000ms) [UdpReader]
01-24 17:05:55.401  1623  1698 E FC-CCI  : [FC-CCI][INFO ] /LGU_data/UP/FCC_ON_OFF.0 update skipped (current=0, update=0) [CciContext]
01-24 17:05:56.239  1148  1148 I art     : Explicit concurrent mark sweep GC freed 17269(912KB) AllocSpace objects, 11(5MB) LOS objects, 23% free, 13MB/17MB, paused 1.271ms total 48.510ms
01-24 17:05:58.081   471   471 I cpusvc  : [reduce_max_freq] max freq gonna reduce to: 1000000
01-24 17:05:58.271  1890  1890 I chromium: [1890:1890:INFO:metrics_util.cc(102)] Metrics stat: total=0
01-24 17:05:58.405  1623  1698 E FC-CCI  : [FC-CCI][ERROR] UDP read timeout(3000ms) [UdpReader]
01-24 17:05:58.407  1623  1698 E FC-CCI  : [FC-CCI][INFO ] /LGU_data/UP/FCC_ON_OFF.0 update skipped (current=0, update=0) [CciContext]
01-24 17:06:00.249   612   612 D LIVE-LGE-XCHECKER: startCrossCheck:140, stream err: 0, pcr err: 0, max_check_count: 30
01-24 17:06:01.411  1623  1698 E FC-CCI  : [FC-CCI][ERROR] UDP read timeout(3000ms) [UdpReader]
01-24 17:06:01.412  1623  1698 E FC-CCI  : [FC-CCI][INFO ] /LGU_data/UP/FCC_ON_OFF.0 update skipped (current=0, update=0) [CciContext]
01-24 17:06:04.183   471   471 I cpusvc  : [restore_max_freq] max freq gonna restore to: 1200000
01-24 17:06:04.415  1623  1698 E FC-CCI  : [FC-CCI][ERROR] UDP read timeout(3000ms) [UdpReader]
01-24 17:06:04.416  1623  1698 E FC-CCI  : [FC-CCI][INFO ] /LGU_data/UP/FCC_ON_OFF.0 update skipped (current=0, update=0) [CciContext]
01-24 17:06:05.250   612   612 D LIVE-LGE-XCHECKER: startCrossCheck:140, stream err: 0, pcr err: 0, max_check_count: 30
01-24 17:06:06.496 20757 20811 E TIMER   :  257.093 ****** ERROR TIMER   external          common/src/Timer.cc:1146      |  0x102c
01-24 17:06:06.496 20757 20811 E TIMER   :  257.093 ****** ERROR TIMER   external          common/src/Timer.cc:1146      |  0x102c
01-24 17:06:07.233   471   471 I cpusvc  : [reduce_max_freq] max freq gonna reduce to: 1000000
01-24 17:06:07.419  1623  1698 E FC-CCI  : [FC-CCI][ERROR] UDP read timeout(3000ms) [UdpReader]
01-24 17:06:07.421  1623  1698 E FC-CCI  : [FC-CCI][INFO ] /LGU_data/UP/FCC_ON_OFF.0 update skipped (current=0, update=0) [CciContext]
01-24 17:06:07.422  7643  7643 I art     : Explicit concurrent mark sweep GC freed 13384(538KB) AllocSpace objects, 0(0B) LOS objects, 31% free, 8MB/12MB, paused 1.684ms total 71.041ms
01-24 17:06:10.251   612   612 D LIVE-LGE-XCHECKER: startCrossCheck:140, stream err: 0, pcr err: 0, max_check_count: 30
01-24 17:06:10.284   471   471 I cpusvc  : [restore_max_freq] max freq gonna restore to: 1200000
01-24 17:06:10.422  1623  1698 E FC-CCI  : [FC-CCI][ERROR] UDP read timeout(3000ms) [UdpReader]
01-24 17:06:10.422  1623  1698 E FC-CCI  : [FC-CCI][INFO ] /LGU_data/UP/FCC_ON_OFF.0 update skipped (current=0, update=0) [CciContext]
01-24 17:06:12.371 21519 21519 D U+Box HomeShare: DlnaServiceManager [DEVLIST:PERF:DLNA] DlnaServiceManager.onDeviceDescriptionAdded :  COneCPDeviceDescr [LOCAL:DMR, ID=uuid:e2165fc9-9522-9fac-8468-a3152c3827d3, Name=U+TV, Icon=http://192.168.219.106:38400/icon/icon120x120.png, Manuf.=LG U+(http://www.lguplus.co.kr), ModelDesc.=U+ Shoot&Play, Model=U+ Shoot&Play(1.0, http://www.lguplus.co.kr), Pt. URL=, Addr.=192.168.219.106, Port=1900, SN=, UPC=, UPnP Type=urn:schemas-upnp-org:device:MediaRenderer:1, URLBase=, Import=0, Export=0, ContinuousPlay=0, Nickname=null, AudioSyncExcess=0, VideoSyncExcess=0, ImageSyncExcess=0, DocumentSyncExcess=0]
01-24 17:06:12.371 21519 21519 D U+Box HomeShare: DeviceListManager onDeviceAdd : U+TV U+ Shoot&Play
01-24 17:06:12.371 21519 21519 D U+Box HomeShare: DeviceListManager [DEVLIST:PERF] ===> LGW=null, HGW=, DEV GW=null, DeviceDES= COneCPDeviceDescr [LOCAL:DMR, ID=uuid:e2165fc9-9522-9fac-8468-a3152c3827d3, Name=U+TV, Icon=http://192.168.219.106:38400/icon/icon120x120.png, Manuf.=LG U+(http://www.lguplus.co.kr), ModelDesc.=U+ Shoot&Play, Model=U+ Shoot&Play(1.0, http://www.lguplus.co.kr), Pt. URL=, Addr.=192.168.219.106, Port=1900, SN=, UPC=, UPnP Type=urn:schemas-upnp-org:device:MediaRenderer:1, URLBase=, Import=0, Export=0, ContinuousPlay=0, Nickname=null, AudioSyncExcess=0, VideoSyncExcess=0, ImageSyncExcess=0, DocumentSyncExcess=0]
01-24 17:06:12.374 21519 21519 D U+Box HomeShare: ConnectionManager AIPAddress fe80::9a93:ccff:fe28:80fc%eth0
01-24 17:06:12.374 21519 21519 D U+Box HomeShare: ConnectionManager AIPAddress 192.168.219.106
01-24 17:06:12.374 21519 21519 D U+Box HomeShare: DeviceListManager [DEVLIST:PERF] DevListMgr.onDeviceAdd: GWID: null, DeviceDescr:  COneCPDeviceDescr [DLNA:DMR, ID=uuid:e2165fc9-9522-9fac-8468-a3152c3827d3, Name=U+TV, Icon=http://192.168.219.106:38400/icon/icon120x120.png, Manuf.=LG U+(http://www.lguplus.co.kr), ModelDesc.=U+ Shoot&Play, Model=U+ Shoot&Play(1.0, http://www.lguplus.co.kr), Pt. URL=, Addr.=192.168.219.106, Port=1900, SN=, UPC=, UPnP Type=urn:schemas-upnp-org:device:MediaRenderer:1, URLBase=, Import=0, Export=0, ContinuousPlay=0, Nickname=null, AudioSyncExcess=0, VideoSyncExcess=0, ImageSyncExcess=0, DocumentSyncExcess=0]
01-24 17:06:12.374 21519 21519 D U+Box HomeShare: DeviceListManager [isExistDevice] Ret : false Index : -1
01-24 17:06:12.375 21519 21519 D U+Box HomeShare: null Test RandCtn : STBG98:93:CC:28:80:FC
01-24 17:06:12.375 21519 21519 D U+Box HomeShare: null Test RandCtn : STBG98:93:CC:28:80:FC
01-24 17:06:12.872 21519 21519 D U+Box HomeShare: DlnaServiceManager [DEVLIST:PERF:DLNA] DlnaServiceManager.onDeviceDescriptionAdded :  COneCPDeviceDescr [LOCAL:DMR, ID=uuid:e2165fc9-9522-9fac-8468-a3152c3827d3, Name=U+TV, Icon=http://192.168.219.106:38400/icon/icon120x120.png, Manuf.=LG U+(http://www.lguplus.co.kr), ModelDesc.=U+ Shoot&Play, Model=U+ Shoot&Play(1.0, http://www.lguplus.co.kr), Pt. URL=, Addr.=192.168.219.106, Port=1900, SN=, UPC=, UPnP Type=urn:schemas-upnp-org:device:MediaRenderer:1, URLBase=, Import=0, Export=0, ContinuousPlay=0, Nickname=null, AudioSyncExcess=0, VideoSyncExcess=0, ImageSyncExcess=0, DocumentSyncExcess=0]
01-24 17:06:12.872 21519 21519 D U+Box HomeShare: DeviceListManager onDeviceAdd : U+TV U+ Shoot&Play
01-24 17:06:12.872 21519 21519 D U+Box HomeShare: DeviceListManager [DEVLIST:PERF] ===> LGW=null, HGW=, DEV GW=null, DeviceDES= COneCPDeviceDescr [LOCAL:DMR, ID=uuid:e2165fc9-9522-9fac-8468-a3152c3827d3, Name=U+TV, Icon=http://192.168.219.106:38400/icon/icon120x120.png, Manuf.=LG U+(http://www.lguplus.co.kr), ModelDesc.=U+ Shoot&Play, Model=U+ Shoot&Play(1.0, http://www.lguplus.co.kr), Pt. URL=, Addr.=192.168.219.106, Port=1900, SN=, UPC=, UPnP Type=urn:schemas-upnp-org:device:MediaRenderer:1, URLBase=, Import=0, Export=0, ContinuousPlay=0, Nickname=null, AudioSyncExcess=0, VideoSyncExcess=0, ImageSyncExcess=0, DocumentSyncExcess=0]
01-24 17:06:12.875 21519 21519 D U+Box HomeShare: ConnectionManager AIPAddress fe80::9a93:ccff:fe28:80fc%eth0
01-24 17:06:12.875 21519 21519 D U+Box HomeShare: ConnectionManager AIPAddress 192.168.219.106
01-24 17:06:12.875 21519 21519 D U+Box HomeShare: DeviceListManager [DEVLIST:PERF] DevListMgr.onDeviceAdd: GWID: null, DeviceDescr:  COneCPDeviceDescr [DLNA:DMR, ID=uuid:e2165fc9-9522-9fac-8468-a3152c3827d3, Name=U+TV, Icon=http://192.168.219.106:38400/icon/icon120x120.png, Manuf.=LG U+(http://www.lguplus.co.kr), ModelDesc.=U+ Shoot&Play, Model=U+ Shoot&Play(1.0, http://www.lguplus.co.kr), Pt. URL=, Addr.=192.168.219.106, Port=1900, SN=, UPC=, UPnP Type=urn:schemas-upnp-org:device:MediaRenderer:1, URLBase=, Import=0, Export=0, ContinuousPlay=0, Nickname=null, AudioSyncExcess=0, VideoSyncExcess=0, ImageSyncExcess=0, DocumentSyncExcess=0]
01-24 17:06:12.875 21519 21519 D U+Box HomeShare: DeviceListManager [isExistDevice] Ret : false Index : -1
01-24 17:06:12.877 21519 21519 D U+Box HomeShare: null Test RandCtn : STBG98:93:CC:28:80:FC
01-24 17:06:12.878 21519 21519 D U+Box HomeShare: null Test RandCtn : STBG98:93:CC:28:80:FC
01-24 17:06:12.938   629   797 W ProcessCpuTracker: Skipping unknown process pid 22435
01-24 17:06:12.971  2617  2617 E ETC-PINEONE-SI: [NativeListenService] onLowMemory()[411] >> .onLowMemory() called.
01-24 17:06:12.975  2617  2617 D LGU-APP-LOG: [SIUtil] insertProcessHistoryToDatabase()[1134] >> .insertProcessHistoryToDatabase() called.
01-24 17:06:12.976  2617  2617 D LGU-APP-LOG: [SIUtil] insertProcessHistoryToDatabase()[1148] >> inserting...
01-24 17:06:13.015  2617  2617 D LGU-APP-LOG: [SIUtil] insertProcessHistoryToDatabase()[1150] >> inserted.
01-24 17:06:13.015  2617  2617 I ETC-PINEONE-SI: [SIUtil] insertProcessHistoryToDatabase()[1157] >> A NativeListener history added: content://com.lguplus.iptv3.base.si.provider.SIProvider/process_history/189
01-24 17:06:13.037  2617  2617 I art     : Explicit concurrent mark sweep GC freed 2452(137KB) AllocSpace objects, 0(0B) LOS objects, 69% free, 223KB/735KB, paused 406us total 20.703ms
01-24 17:06:13.426  1623  1698 E FC-CCI  : [FC-CCI][ERROR] UDP read timeout(3000ms) [UdpReader]
01-24 17:06:13.426  1623  1698 E FC-CCI  : [FC-CCI][INFO ] /LGU_data/UP/FCC_ON_OFF.0 update skipped (current=0, update=0) [CciContext]
01-24 17:06:15.251   612   612 D LIVE-LGE-XCHECKER: startCrossCheck:140, stream err: 0, pcr err: 0, max_check_count: 30
01-24 17:06:16.385   471   471 I cpusvc  : [reduce_max_freq] max freq gonna reduce to: 1000000
01-24 17:06:16.427  1623  1698 E FC-CCI  : [FC-CCI][ERROR] UDP read timeout(3000ms) [UdpReader]
01-24 17:06:16.427  1623  1698 E FC-CCI  : [FC-CCI][INFO ] /LGU_data/UP/FCC_ON_OFF.0 update skipped (current=0, update=0) [CciContext]
01-24 17:06:16.491   425   425 D LIVE-LGE-IptvService: readUserPreference
01-24 17:06:16.492   425   425 D LIVE-LGE-Interface: LGU_readUserPreference() : /LGU_data/UP/LASTCHANNEL.1 file does not exist
01-24 17:06:16.492   425   425 D LIVE-LGE-Interface: LGU_readUserPreference(LASTCHANNEL, 1) SUCCESS
01-24 17:06:16.492 21617 21640 D LIVE-LGE-JNI: readUP: 0th PrefValue : 3697
01-24 17:06:16.496   629  1447 D ActivityManager: getTasks: caller 10031 is using old GET_TASKS but privileged; allowing
01-24 17:06:18.552  2707  2707 I art     : Explicit concurrent mark sweep GC freed 1201(377KB) AllocSpace objects, 0(0B) LOS objects, 67% free, 250KB/762KB, paused 293us total 22.670ms
01-24 17:06:19.428  1623  1698 E FC-CCI  : [FC-CCI][ERROR] UDP read timeout(3000ms) [UdpReader]
01-24 17:06:19.429  1623  1698 E FC-CCI  : [FC-CCI][INFO ] /LGU_data/UP/FCC_ON_OFF.0 update skipped (current=0, update=0) [CciContext]
01-24 17:06:19.436   471   471 I cpusvc  : [restore_max_freq] max freq gonna restore to: 1200000
01-24 17:06:20.252   612   612 D LIVE-LGE-XCHECKER: startCrossCheck:140, stream err: 0, pcr err: 0, max_check_count: 30
01-24 17:06:21.512 20757 20811 E TIMER   :  272.110 ****** ERROR TIMER   external          common/src/Timer.cc:1146      |  0x102c
01-24 17:06:21.512 20757 20811 E TIMER   :  272.110 ****** ERROR TIMER   external          common/src/Timer.cc:1146      |  0x102c
01-24 17:06:22.432  1623  1698 E FC-CCI  : [FC-CCI][ERROR] UDP read timeout(3000ms) [UdpReader]
01-24 17:06:22.432  1623  1698 E FC-CCI  : [FC-CCI][INFO ] /LGU_data/UP/FCC_ON_OFF.0 update skipped (current=0, update=0) [CciContext]
01-24 17:06:24.172  2690  2690 I art     : Explicit concurrent mark sweep GC freed 1529(290KB) AllocSpace objects, 0(0B) LOS objects, 61% free, 321KB/833KB, paused 246us total 17.399ms
01-24 17:06:24.631   629   897 I LgTvWindowManager: interceptKeyBeforeQueueing keyCode=19 down=true repeatCount=0 keyguardOn=false mHomePressed=false canceled=false deviceId=3
01-24 17:06:24.631   425   583 I IPTV_FLOG: DDI_GFX_InputEventHandler, key_symbol: CURSOR_UP(0xf002), from: BT
01-24 17:06:24.631   629   897 I AutoStandByManager: AUTO_STANDBY : Last key in time = 4134229
01-24 17:06:24.631   629   897 I AutoStandByManager: isFastbootKeyProcessEnabled enter
01-24 17:06:24.631   629   897 I AutoStandByManager: iFastbootKeyProcessEnabled/tmp/fastboot_key_process is not existed
01-24 17:06:24.631   629   897 I AutoStandByManager: isFastbootKeyProcessEnabled leave, ret = false
01-24 17:06:24.631   425   582 D NATIVEUI-LGE-LIBSTBAPP: _UI_MainHandler: UI_GetFocus() returned wid(0), msg(16)
01-24 17:06:24.631   425   582 D NATIVEUI-LGE-LIBSTBAPP: [UI] UI_GlobalKeyHandler: Handle KEYCODE[0xda07]
01-24 17:06:24.631   425   582 D NATIVEUI-LGE-LIBSTBAPP: [UI] _UI_MainLoop> _UI_MainHandler UI_MSG_KEY[0xda07] handle OK.
01-24 17:06:24.632   629   896 I LgTvWindowManager: interceptKeyBeforeDispatching keyCode=19 down=true repeatCount=0 keyguardOn=false mHomePressed=false canceled=false
01-24 17:06:24.632   629   896 I AutoStandByManager: AUTO_STANDBY : Last key in time = 4134230
01-24 17:06:24.632   629   896 I AutoStandByManager: isFastbootKeyProcessEnabled enter
01-24 17:06:24.632   629   896 I AutoStandByManager: iFastbootKeyProcessEnabled/tmp/fastboot_key_process is not existed
01-24 17:06:24.632   629   896 I AutoStandByManager: isFastbootKeyProcessEnabled leave, ret = false
01-24 17:06:24.633   629   896 D LgTvWindowManager: <<================================== >> 
01-24 17:06:24.633   629   896 D LgTvWindowManager: << send finish event to farfield-App >> com.lguplus.iptv4.base.farfield
01-24 17:06:24.633   629   896 D LgTvWindowManager: <<================================== >> 
01-24 17:06:24.633   629   896 W ContextImpl: Calling a method in the system process without a qualified user: android.app.ContextImpl.sendBroadcast:1327 com.android.internal.policy.impl.LgTvWindowManager.interceptKeyBeforeDispatching:403 com.android.server.wm.InputMonitor.interceptKeyBeforeDispatching:388 com.android.server.input.InputManagerService.interceptKeyBeforeDispatching:1510 <bottom of call stack> 
01-24 17:06:24.634  1214  1214 I #LGIME  : ### RCU Name : LGU tvG2 RCU
01-24 17:06:24.634  1214  1214 I #LGIME  : onKeyDown: keyCode=19, RCU Input = 0, evnet=KeyEvent { action=ACTION_DOWN, keyCode=KEYCODE_DPAD_UP, scanCode=103, metaState=0, flags=0x8, repeatCount=0, eventTime=4134229, downTime=4134229, deviceId=3, source=0x701 }, getKeyChar = 0
01-24 17:06:24.634  1214  1214 I #LGIME  : ### bypass KeyEvent : 19
01-24 17:06:24.634  1393  1393 D ETC-PINEONE-FARFIELD: [FarFieldService$9] onReceive()[1958] >> [syk] mFinishReceiver -> action = com.lge.sys.FARFIELD_FINISH
01-24 17:06:24.635  1148  1148 D LgTvPhoneFallbackEventHandler: >>>> onKeyDown: 19
01-24 17:06:24.713  1214  1214 I #LGIME  : ### onFinishInput
01-24 17:06:24.715  1214  1214 I #LGIME  : ### onStartInput
01-24 17:06:24.718  1214  1214 I #LGIME  : ### updateRCU_Status()
01-24 17:06:24.718  1214  1214 I #LGIME  : ### saved inputMehtod : 0
01-24 17:06:24.722  1214  1214 I #LGIME  : ### device.getName() : LGU tvG2 RCU ,device.getBondState() : 12
01-24 17:06:24.724  1214  1214 I #LGIME  : ImsInputHangul.setMethod = 0
01-24 17:06:24.724  1214  1214 I #LGIME  : ### set Naratgeul
01-24 17:06:24.728  1214  1214 I #LGIME  : ### device.getName() : LGU tvG2 RCU HEADSET ,device.getBondState() : 12
01-24 17:06:24.730  1214  1214 I #LGIME  : ImsInputHangul.setMethod = 0
01-24 17:06:24.730  1214  1214 I #LGIME  : ### set Naratgeul
01-24 17:06:24.730  1214  1214 I #LGIME  : ### mRCU_Paired : 0
01-24 17:06:24.730  1214  1214 I #LGIME  : Editor Info input type is : 0
01-24 17:06:24.731  1214  1214 I #LGIME  : Editor Info input type class is : 0
01-24 17:06:24.733  1214  1214 I #LGIME  : ImsInputHangul.setMethod = 0
01-24 17:06:24.741   629   897 I LgTvWindowManager: interceptKeyBeforeQueueing keyCode=19 down=false repeatCount=0 keyguardOn=false mHomePressed=false canceled=false deviceId=3
01-24 17:06:24.741   629   897 I AutoStandByManager: AUTO_STANDBY : Last key in time = 4134339
01-24 17:06:24.741   629   897 I AutoStandByManager: isFastbootKeyProcessEnabled enter
01-24 17:06:24.742   629   897 I AutoStandByManager: iFastbootKeyProcessEnabled/tmp/fastboot_key_process is not existed
01-24 17:06:24.742   629   897 I AutoStandByManager: isFastbootKeyProcessEnabled leave, ret = false
01-24 17:06:24.742   629   896 I LgTvWindowManager: interceptKeyBeforeDispatching keyCode=19 down=false repeatCount=0 keyguardOn=false mHomePressed=false canceled=false
01-24 17:06:24.742   629   896 I AutoStandByManager: AUTO_STANDBY : Last key in time = 4134340
01-24 17:06:24.742   629   896 I AutoStandByManager: isFastbootKeyProcessEnabled enter
01-24 17:06:24.743   629   896 I AutoStandByManager: iFastbootKeyProcessEnabled/tmp/fastboot_key_process is not existed
01-24 17:06:24.743   629   896 I AutoStandByManager: isFastbootKeyProcessEnabled leave, ret = false
01-24 17:06:24.780  1148  1148 D LgTvPhoneFallbackEventHandler: >>>> onKeyUp: 19 IsCurationYoutube = false PackageName = com.google.android.leanbacklauncher
01-24 17:06:25.253   612   612 D LIVE-LGE-XCHECKER: startCrossCheck:140, stream err: 0, pcr err: 0, max_check_count: 30
01-24 17:06:25.433  1623  1698 E FC-CCI  : [FC-CCI][ERROR] UDP read timeout(3000ms) [UdpReader]
01-24 17:06:25.433  1623  1698 E FC-CCI  : [FC-CCI][INFO ] /LGU_data/UP/FCC_ON_OFF.0 update skipped (current=0, update=0) [CciContext]
01-24 17:06:25.537   471   471 I cpusvc  : [reduce_max_freq] max freq gonna reduce to: 1000000
01-24 17:06:26.178 21519 21519 D U+Box HomeShare: HomeShareReceiver [Receive Intent] Action : com.lguplus.iptv3.homesharestb.SERVICE.RESTART
01-24 17:06:26.178 21519 21519 D U+Box HomeShare: HomeShareReceiver Receive : INTENT_HOMESHARE_SERVICE_RESTART ( Service Started : true )
01-24 17:06:26.185   425   785 D LIVE-LGE-IptvService: readUserPreference
01-24 17:06:26.186   425   785 D LIVE-LGE-Interface: LGU_readUserPreference() : /LGU_data/UP/IPTV_ENABLED.1 file does not exist
01-24 17:06:26.186   425   785 D LIVE-LGE-Interface: LGU_readUserPreference(IPTV_ENABLED, 1) SUCCESS
01-24 17:06:26.186 20492 20492 D LIVE-LGE-JNI: readUP: 0th PrefValue : true
01-24 17:06:26.190   629  1440 W AlarmManager: Suspiciously short interval 30000 millis; expanding to 60 seconds
01-24 17:06:26.279  1890  1890 I chromium: [1890:1890:INFO:metrics_util.cc(46)] Record action: Cast.CecHdmiInputState.Unknown
01-24 17:06:26.279  1890  1890 I chromium: [1890:1890:INFO:metrics_util.cc(46)] Record action: Cast.CecStandby.Unknown
01-24 17:06:26.279  1890  2045 E chromium: [1890:2045:ERROR:wifi_util.cc(858)] Wifi histogram parsing failed
01-24 17:06:26.281  1890  2045 E chromium: [1890:2045:ERROR:wifi_util.cc(752)] No histogram or IOCTL data
01-24 17:06:26.282  1890  2045 I chromium: [1890:2045:INFO:wifi_util.cc(915)] Current wifi TDLS peers:
01-24 17:06:26.282  1890  2045 I chromium: [1890:2045:INFO:wifi_util.cc(917)] 	No peers:
01-24 17:06:28.434  1623  1698 E FC-CCI  : [FC-CCI][ERROR] UDP read timeout(3000ms) [UdpReader]
01-24 17:06:28.435  1623  1698 E FC-CCI  : [FC-CCI][INFO ] /LGU_data/UP/FCC_ON_OFF.0 update skipped (current=0, update=0) [CciContext]
01-24 17:06:28.590   471   471 I cpusvc  : [restore_max_freq] max freq gonna restore to: 1200000
01-24 17:06:30.254   612   612 D LIVE-LGE-XCHECKER: startCrossCheck:140, stream err: 0, pcr err: 0, max_check_count: 30
01-24 17:06:31.435  1623  1698 E FC-CCI  : [FC-CCI][ERROR] UDP read timeout(3000ms) [UdpReader]
01-24 17:06:31.436  1623  1698 E FC-CCI  : [FC-CCI][INFO ] /LGU_data/UP/FCC_ON_OFF.0 update skipped (current=0, update=0) [CciContext]
01-24 17:06:31.640   471   471 I cpusvc  : [reduce_max_freq] max freq gonna reduce to: 1000000
01-24 17:06:34.289  3779  8876 I AnypointAD - t.a.a.c.m.ServerMessageProcessorFactory: [101] received message from server: CueMessage
01-24 17:06:34.290  3779  8876 I AnypointAD - t.a.a.c.m.s.p.c.CueMessageProcessor: [42] got cueMessage. type: 0, cueId: 0, time: Wed Jan 24 17:06:41 GMT+09:00 2018, ppId: 748, time: 1516781201400, duration: 120000, owner: 1
01-24 17:06:34.293  3779  8876 I AnypointAD - t.a.a.c.s.CueManager: [174] currentDeviceChannel is not exist.
01-24 17:06:34.294  3779  8876 I AnypointAD - t.a.a.c.s.CueManager: [68] receive cue but this device is not available.
01-24 17:06:34.437  1623  1698 E FC-CCI  : [FC-CCI][ERROR] UDP read timeout(3000ms) [UdpReader]
01-24 17:06:34.438  1623  1698 E FC-CCI  : [FC-CCI][INFO ] /LGU_data/UP/FCC_ON_OFF.0 update skipped (current=0, update=0) [CciContext]
01-24 17:06:34.766   629   895 I AutoStandByManager: AUTO_STANDBY : AutoStandbyCheckTask started - curTime = 4144364 / lastKeyInTime = 4134340
01-24 17:06:34.766   629   895 I AutoStandByManager: AUTO_STANDBY : resetLastKeyInTimeInLiveClosedState() - Last key in time = 4144364
01-24 17:06:35.255   612   612 D LIVE-LGE-XCHECKER: startCrossCheck:140, stream err: 0, pcr err: 0, max_check_count: 30
01-24 17:06:35.393  3290  3290 I art     : Explicit concurrent mark sweep GC freed 3284(178KB) AllocSpace objects, 0(0B) LOS objects, 38% free, 821KB/1333KB, paused 300us total 28.506ms
01-24 17:06:36.526 20757 20811 E TIMER   :  287.124 ****** ERROR TIMER   external          common/src/Timer.cc:1146      |  0x102c
01-24 17:06:36.526 20757 20811 E TIMER   :  287.124 ****** ERROR TIMER   external          common/src/Timer.cc:1146      |  0x102c
01-24 17:06:37.442  1623  1698 E FC-CCI  : [FC-CCI][ERROR] UDP read timeout(3000ms) [UdpReader]
01-24 17:06:37.442  1623  1698 E FC-CCI  : [FC-CCI][INFO ] /LGU_data/UP/FCC_ON_OFF.0 update skipped (current=0, update=0) [CciContext]
01-24 17:06:37.743   471   471 I cpusvc  : [restore_max_freq] max freq gonna restore to: 1200000
01-24 17:06:39.620  3779  8877 I AnypointAD - t.a.a.c.m.ServerMessageProcessorFactory: [101] received message from server: CueMessage
01-24 17:06:39.621  3779  8877 I AnypointAD - t.a.a.c.m.s.p.c.CueMessageProcessor: [42] got cueMessage. type: 0, cueId: 0, time: Wed Jan 24 17:06:41 GMT+09:00 2018, ppId: 749, time: 1516781201400, duration: 120000, owner: 1
01-24 17:06:39.628  3779  8877 I AnypointAD - t.a.a.c.s.CueManager: [174] currentDeviceChannel is not exist.
01-24 17:06:39.634  3779  8877 I AnypointAD - t.a.a.c.s.CueManager: [68] receive cue but this device is not available.
01-24 17:06:39.635  3779  8877 I AnypointAD - t.a.a.c.m.ServerMessageProcessorFactory: [101] received message from server: CueMessage
01-24 17:06:39.637  3779  8877 I AnypointAD - t.a.a.c.m.s.p.c.CueMessageProcessor: [42] got cueMessage. type: 0, cueId: 0, time: Wed Jan 24 17:06:41 GMT+09:00 2018, ppId: 750, time: 1516781201400, duration: 120000, owner: 1
01-24 17:06:39.644  3779  8877 I AnypointAD - t.a.a.c.s.CueManager: [174] currentDeviceChannel is not exist.
01-24 17:06:39.647  3779  8877 I AnypointAD - t.a.a.c.s.CueManager: [68] receive cue but this device is not available.
01-24 17:06:40.255   612   612 D LIVE-LGE-XCHECKER: startCrossCheck:140, stream err: 0, pcr err: 0, max_check_count: 30
01-24 17:06:40.443  1623  1698 E FC-CCI  : [FC-CCI][ERROR] UDP read timeout(3000ms) [UdpReader]
01-24 17:06:40.444  1623  1698 E FC-CCI  : [FC-CCI][INFO ] /LGU_data/UP/FCC_ON_OFF.0 update skipped (current=0, update=0) [CciContext]
01-24 17:06:40.794   471   471 I cpusvc  : [reduce_max_freq] max freq gonna reduce to: 1000000
01-24 17:06:43.444  1623  1698 E FC-CCI  : [FC-CCI][ERROR] UDP read timeout(3000ms) [UdpReader]
01-24 17:06:43.445  1623  1698 E FC-CCI  : [FC-CCI][INFO ] /LGU_data/UP/FCC_ON_OFF.0 update skipped (current=0, update=0) [CciContext]
01-24 17:06:43.845   471   471 I cpusvc  : [restore_max_freq] max freq gonna restore to: 1200000
01-24 17:06:45.256   612   612 D LIVE-LGE-XCHECKER: startCrossCheck:140, stream err: 0, pcr err: 0, max_check_count: 30
01-24 17:06:46.446  1623  1698 E FC-CCI  : [FC-CCI][ERROR] UDP read timeout(3000ms) [UdpReader]
01-24 17:06:46.446  1623  1698 E FC-CCI  : [FC-CCI][INFO ] /LGU_data/UP/FCC_ON_OFF.0 update skipped (current=0, update=0) [CciContext]
01-24 17:06:46.492   425  2780 D LIVE-LGE-IptvService: readUserPreference
01-24 17:06:46.492   425  2780 D LIVE-LGE-Interface: LGU_readUserPreference() : /LGU_data/UP/LASTCHANNEL.1 file does not exist
01-24 17:06:46.492   425  2780 D LIVE-LGE-Interface: LGU_readUserPreference(LASTCHANNEL, 1) SUCCESS
01-24 17:06:46.492 21617 21633 D LIVE-LGE-JNI: readUP: 0th PrefValue : 3697
01-24 17:06:46.495   629  1334 D ActivityManager: getTasks: caller 10031 is using old GET_TASKS but privileged; allowing
01-24 17:06:46.534  4076  4076 I art     : Explicit concurrent mark sweep GC freed 3731(349KB) AllocSpace objects, 0(0B) LOS objects, 48% free, 534KB/1046KB, paused 270us total 17.024ms
01-24 17:06:46.895   471   471 I cpusvc  : [reduce_max_freq] max freq gonna reduce to: 1000000
01-24 17:06:49.273  3779  3779 I AnypointAD - t.a.a.c.s.MonitorScheduler: [56] start monitoring..
01-24 17:06:49.280  3779  9305 I AnypointAD - t.a.a.c.s.PushMsgClient: [179] connection: TCPNIOConnection{localSocketAddress={/192.168.219.106:36081}, peerSocketAddress={/13.124.41.119:31102}}, isConnected: true, lastReceivedTime: 1516781199634
01-24 17:06:49.281  3779  3779 I AnypointAD - t.a.a.c.s.MonitorScheduler: [84] register boot ad call alarm.
01-24 17:06:49.282  3779  9305 I AnypointAD - t.a.a.c.s.PushMsgClient: [154] Sending device event: Heartbeat
01-24 17:06:49.282  3779  3779 I AnypointAD - t.a.a.c.s.MonitorScheduler: [89] monitoring finished..
01-24 17:06:49.295  3779  3779 I AnypointAD - t.a.a.c.a.StartService: [15] StartService start...57, class tv.anypoint.android.core.app.StartService
01-24 17:06:49.302  3779  8874 I AnypointAD - t.a.a.c.m.ServerMessageProcessorFactory: [101] received message from server: HeartbeatMessage
01-24 17:06:49.447  1623  1698 E FC-CCI  : [FC-CCI][ERROR] UDP read timeout(3000ms) [UdpReader]
01-24 17:06:49.448  1623  1698 E FC-CCI  : [FC-CCI][INFO ] /LGU_data/UP/FCC_ON_OFF.0 update skipped (current=0, update=0) [CciContext]
01-24 17:06:49.946   471   471 I cpusvc  : [restore_max_freq] max freq gonna restore to: 1200000
01-24 17:06:50.257   612   612 D LIVE-LGE-XCHECKER: startCrossCheck:140, stream err: 0, pcr err: 0, max_check_count: 30
01-24 17:06:51.546 20757 20811 E TIMER   :  302.143 ****** ERROR TIMER   external          common/src/Timer.cc:1146      |  0x102c
01-24 17:06:51.546 20757 20811 E TIMER   :  302.144 ****** ERROR TIMER   external          common/src/Timer.cc:1146      |  0x102c
01-24 17:06:51.755 20757 22574 E UDP     :  302.353 ****** ERROR UDP     PumpThread        ...outer/UDPTransport.cc:1490 |  0x9038
01-24 17:06:52.168  5087  5087 I art     : Explicit concurrent mark sweep GC freed 954(43KB) AllocSpace objects, 0(0B) LOS objects, 49% free, 519KB/1031KB, paused 307us total 16.341ms
01-24 17:06:52.450  1623  1698 E FC-CCI  : [FC-CCI][ERROR] UDP read timeout(3000ms) [UdpReader]
01-24 17:06:52.450  1623  1698 E FC-CCI  : [FC-CCI][INFO ] /LGU_data/UP/FCC_ON_OFF.0 update skipped (current=0, update=0) [CciContext]
01-24 17:06:52.997   471   471 I cpusvc  : [reduce_max_freq] max freq gonna reduce to: 1000000
01-24 17:06:55.258   612   612 D LIVE-LGE-XCHECKER: startCrossCheck:140, stream err: 0, pcr err: 0, max_check_count: 30
01-24 17:06:55.452  1623  1698 E FC-CCI  : [FC-CCI][ERROR] UDP read timeout(3000ms) [UdpReader]
01-24 17:06:55.452  1623  1698 E FC-CCI  : [FC-CCI][INFO ] /LGU_data/UP/FCC_ON_OFF.0 update skipped (current=0, update=0) [CciContext]
01-24 17:06:56.048   471   471 I cpusvc  : [restore_max_freq] max freq gonna restore to: 1200000
01-24 17:06:57.749  1890  1890 I art     : Explicit concurrent mark sweep GC freed 7519(297KB) AllocSpace objects, 0(0B) LOS objects, 31% free, 1133KB/1645KB, paused 354us total 19.533ms
01-24 17:06:58.272  1890  1890 I chromium: [1890:1890:INFO:metrics_util.cc(102)] Metrics stat: total=2
01-24 17:06:58.272  1890  1890 I chromium: Cast.CecHdmiInputState.Unknown=1
01-24 17:06:58.272  1890  1890 I chromium: Cast.CecStandby.Unknown=1
01-24 17:06:58.323   629   643 I art     : Background sticky concurrent mark sweep GC freed 8992(1076KB) AllocSpace objects, 0(0B) LOS objects, 5% free, 20MB/21MB, paused 11.332ms total 27.439ms
01-24 17:06:58.454  1623  1698 E FC-CCI  : [FC-CCI][ERROR] UDP read timeout(3000ms) [UdpReader]
01-24 17:06:58.454  1623  1698 E FC-CCI  : [FC-CCI][INFO ] /LGU_data/UP/FCC_ON_OFF.0 update skipped (current=0, update=0) [CciContext]
01-24 17:06:59.099   471   471 I cpusvc  : [reduce_max_freq] max freq gonna reduce to: 1000000
01-24 17:06:59.672  1890  2085 I chromium: [1890:2085:INFO:wifi_proximity.cc(164)] Request scan.
01-24 17:07:00.259   612   612 D LIVE-LGE-XCHECKER: startCrossCheck:140, stream err: 0, pcr err: 0, max_check_count: 30
01-24 17:07:01.458  1623  1698 E FC-CCI  : [FC-CCI][ERROR] UDP read timeout(3000ms) [UdpReader]
01-24 17:07:01.458  1623  1698 E FC-CCI  : [FC-CCI][INFO ] /LGU_data/UP/FCC_ON_OFF.0 update skipped (current=0, update=0) [CciContext]
01-24 17:07:02.150   471   471 I cpusvc  : [restore_max_freq] max freq gonna restore to: 1200000
01-24 17:07:04.459  1623  1698 E FC-CCI  : [FC-CCI][ERROR] UDP read timeout(3000ms) [UdpReader]
01-24 17:07:04.459  1623  1698 E FC-CCI  : [FC-CCI][INFO ] /LGU_data/UP/FCC_ON_OFF.0 update skipped (current=0, update=0) [CciContext]
01-24 17:07:05.200   471   471 I cpusvc  : [reduce_max_freq] max freq gonna reduce to: 1000000
01-24 17:07:05.259   612   612 D LIVE-LGE-XCHECKER: startCrossCheck:140, stream err: 0, pcr err: 0, max_check_count: 30
01-24 17:07:06.562 20757 20811 E TIMER   :  317.160 ****** ERROR TIMER   external          common/src/Timer.cc:1146      |  0x102c
01-24 17:07:06.562 20757 20811 E TIMER   :  317.160 ****** ERROR TIMER   external          common/src/Timer.cc:1146      |  0x102c
01-24 17:07:07.462  1623  1698 E FC-CCI  : [FC-CCI][ERROR] UDP read timeout(3000ms) [UdpReader]
01-24 17:07:07.463  1623  1698 E FC-CCI  : [FC-CCI][INFO ] /LGU_data/UP/FCC_ON_OFF.0 update skipped (current=0, update=0) [CciContext]
01-24 17:07:08.956  3924  3924 I art     : Explicit concurrent mark sweep GC freed 7111(330KB) AllocSpace objects, 0(0B) LOS objects, 47% free, 558KB/1070KB, paused 520us total 22.735ms
01-24 17:07:10.260   612   612 D LIVE-LGE-XCHECKER: startCrossCheck:140, stream err: 0, pcr err: 0, max_check_count: 30
01-24 17:07:10.466  1623  1698 E FC-CCI  : [FC-CCI][ERROR] UDP read timeout(3000ms) [UdpReader]
01-24 17:07:10.467  1623  1698 E FC-CCI  : [FC-CCI][INFO ] /LGU_data/UP/FCC_ON_OFF.0 update skipped (current=0, update=0) [CciContext]
01-24 17:07:11.304   471   471 I cpusvc  : [restore_max_freq] max freq gonna restore to: 1200000
01-24 17:07:11.633   425   583 I IPTV_FLOG: DDI_GFX_InputEventHandler, key_symbol: CURSOR_UP(0xf002), from: BT
01-24 17:07:11.634   629   897 I LgTvWindowManager: interceptKeyBeforeQueueing keyCode=19 down=true repeatCount=0 keyguardOn=false mHomePressed=false canceled=false deviceId=3
01-24 17:07:11.634   629   897 I AutoStandByManager: AUTO_STANDBY : Last key in time = 4181232
01-24 17:07:11.634   629   897 I AutoStandByManager: isFastbootKeyProcessEnabled enter
01-24 17:07:11.634   425   582 D NATIVEUI-LGE-LIBSTBAPP: _UI_MainHandler: UI_GetFocus() returned wid(0), msg(16)
01-24 17:07:11.634   425   582 D NATIVEUI-LGE-LIBSTBAPP: [UI] UI_GlobalKeyHandler: Handle KEYCODE[0xda07]
01-24 17:07:11.634   425   582 D NATIVEUI-LGE-LIBSTBAPP: [UI] _UI_MainLoop> _UI_MainHandler UI_MSG_KEY[0xda07] handle OK.
01-24 17:07:11.634   629   897 I AutoStandByManager: iFastbootKeyProcessEnabled/tmp/fastboot_key_process is not existed
01-24 17:07:11.634   629   897 I AutoStandByManager: isFastbootKeyProcessEnabled leave, ret = false
01-24 17:07:11.635   629   896 I LgTvWindowManager: interceptKeyBeforeDispatching keyCode=19 down=true repeatCount=0 keyguardOn=false mHomePressed=false canceled=false
01-24 17:07:11.635   629   896 I AutoStandByManager: AUTO_STANDBY : Last key in time = 4181233
01-24 17:07:11.635   629   896 I AutoStandByManager: isFastbootKeyProcessEnabled enter
01-24 17:07:11.635   629   896 I AutoStandByManager: iFastbootKeyProcessEnabled/tmp/fastboot_key_process is not existed
01-24 17:07:11.635   629   896 I AutoStandByManager: isFastbootKeyProcessEnabled leave, ret = false
01-24 17:07:11.636   629   896 D LgTvWindowManager: <<================================== >> 
01-24 17:07:11.636   629   896 D LgTvWindowManager: << send finish event to farfield-App >> com.lguplus.iptv4.base.farfield
01-24 17:07:11.636   629   896 D LgTvWindowManager: <<================================== >> 
01-24 17:07:11.636   629   896 W ContextImpl: Calling a method in the system process without a qualified user: android.app.ContextImpl.sendBroadcast:1327 com.android.internal.policy.impl.LgTvWindowManager.interceptKeyBeforeDispatching:403 com.android.server.wm.InputMonitor.interceptKeyBeforeDispatching:388 com.android.server.input.InputManagerService.interceptKeyBeforeDispatching:1510 <bottom of call stack> 
01-24 17:07:11.638  1214  1214 I #LGIME  : ### RCU Name : LGU tvG2 RCU
01-24 17:07:11.638  1393  1393 D ETC-PINEONE-FARFIELD: [FarFieldService$9] onReceive()[1958] >> [syk] mFinishReceiver -> action = com.lge.sys.FARFIELD_FINISH
01-24 17:07:11.639  1214  1214 I #LGIME  : onKeyDown: keyCode=19, RCU Input = 0, evnet=KeyEvent { action=ACTION_DOWN, keyCode=KEYCODE_DPAD_UP, scanCode=103, metaState=0, flags=0x8, repeatCount=0, eventTime=4181231, downTime=4181231, deviceId=3, source=0x701 }, getKeyChar = 0
01-24 17:07:11.639  1214  1214 I #LGIME  : ### bypass KeyEvent : 19
01-24 17:07:11.640  1148  1148 D LgTvPhoneFallbackEventHandler: >>>> onKeyDown: 19
01-24 17:07:11.685  1214  1214 I #LGIME  : ### onFinishInput
01-24 17:07:11.686  1214  1214 I #LGIME  : ### onStartInput
01-24 17:07:11.689  1214  1214 I #LGIME  : ### updateRCU_Status()
01-24 17:07:11.689  1214  1214 I #LGIME  : ### saved inputMehtod : 0
01-24 17:07:11.693  1214  1214 I #LGIME  : ### device.getName() : LGU tvG2 RCU ,device.getBondState() : 12
01-24 17:07:11.695  1214  1214 I #LGIME  : ImsInputHangul.setMethod = 0
01-24 17:07:11.695  1214  1214 I #LGIME  : ### set Naratgeul
01-24 17:07:11.699  1214  1214 I #LGIME  : ### device.getName() : LGU tvG2 RCU HEADSET ,device.getBondState() : 12
01-24 17:07:11.701  1214  1214 I #LGIME  : ImsInputHangul.setMethod = 0
01-24 17:07:11.701  1214  1214 I #LGIME  : ### set Naratgeul
01-24 17:07:11.701  1214  1214 I #LGIME  : ### mRCU_Paired : 0
01-24 17:07:11.701  1214  1214 I #LGIME  : Editor Info input type is : 0
01-24 17:07:11.701  1214  1214 I #LGIME  : Editor Info input type class is : 0
01-24 17:07:11.707  1214  1214 I #LGIME  : ImsInputHangul.setMethod = 0
01-24 17:07:11.763   629   897 I LgTvWindowManager: interceptKeyBeforeQueueing keyCode=19 down=false repeatCount=0 keyguardOn=false mHomePressed=false canceled=false deviceId=3
01-24 17:07:11.763   629   897 I AutoStandByManager: AUTO_STANDBY : Last key in time = 4181361
01-24 17:07:11.763   629   897 I AutoStandByManager: isFastbootKeyProcessEnabled enter
01-24 17:07:11.763   629   897 I AutoStandByManager: iFastbootKeyProcessEnabled/tmp/fastboot_key_process is not existed
01-24 17:07:11.763   629   897 I AutoStandByManager: isFastbootKeyProcessEnabled leave, ret = false
01-24 17:07:11.764   629   896 I LgTvWindowManager: interceptKeyBeforeDispatching keyCode=19 down=false repeatCount=0 keyguardOn=false mHomePressed=false canceled=false
01-24 17:07:11.764   629   896 I AutoStandByManager: AUTO_STANDBY : Last key in time = 4181361
01-24 17:07:11.764   629   896 I AutoStandByManager: isFastbootKeyProcessEnabled enter
01-24 17:07:11.764   629   896 I AutoStandByManager: iFastbootKeyProcessEnabled/tmp/fastboot_key_process is not existed
01-24 17:07:11.764   629   896 I AutoStandByManager: isFastbootKeyProcessEnabled leave, ret = false
01-24 17:07:11.784  1148  1148 D LgTvPhoneFallbackEventHandler: >>>> onKeyUp: 19 IsCurationYoutube = false PackageName = com.google.android.leanbacklauncher
01-24 17:07:12.523   425   583 I IPTV_FLOG: DDI_GFX_InputEventHandler, key_symbol: CURSOR_DOWN(0xf003), from: BT
01-24 17:07:12.523   629   897 I LgTvWindowManager: interceptKeyBeforeQueueing keyCode=20 down=true repeatCount=0 keyguardOn=false mHomePressed=false canceled=false deviceId=3
01-24 17:07:12.523   629   897 I AutoStandByManager: AUTO_STANDBY : Last key in time = 4182121
01-24 17:07:12.523   629   897 I AutoStandByManager: isFastbootKeyProcessEnabled enter
01-24 17:07:12.523   629   897 I AutoStandByManager: iFastbootKeyProcessEnabled/tmp/fastboot_key_process is not existed
01-24 17:07:12.523   629   897 I AutoStandByManager: isFastbootKeyProcessEnabled leave, ret = false
01-24 17:07:12.523   425   582 D NATIVEUI-LGE-LIBSTBAPP: _UI_MainHandler: UI_GetFocus() returned wid(0), msg(16)
01-24 17:07:12.523   425   582 D NATIVEUI-LGE-LIBSTBAPP: [UI] UI_GlobalKeyHandler: Handle KEYCODE[0xda08]
01-24 17:07:12.523   425   582 D NATIVEUI-LGE-LIBSTBAPP: [UI] _UI_MainLoop> _UI_MainHandler UI_MSG_KEY[0xda08] handle OK.
01-24 17:07:12.524   629   896 I LgTvWindowManager: interceptKeyBeforeDispatching keyCode=20 down=true repeatCount=0 keyguardOn=false mHomePressed=false canceled=false
01-24 17:07:12.524   629   896 I AutoStandByManager: AUTO_STANDBY : Last key in time = 4182122
01-24 17:07:12.524   629   896 I AutoStandByManager: isFastbootKeyProcessEnabled enter
01-24 17:07:12.524   629   896 I AutoStandByManager: iFastbootKeyProcessEnabled/tmp/fastboot_key_process is not existed
01-24 17:07:12.524   629   896 I AutoStandByManager: isFastbootKeyProcessEnabled leave, ret = false
01-24 17:07:12.524   629   896 D LgTvWindowManager: <<================================== >> 
01-24 17:07:12.524   629   896 D LgTvWindowManager: << send finish event to farfield-App >> com.lguplus.iptv4.base.farfield
01-24 17:07:12.524   629   896 D LgTvWindowManager: <<================================== >> 
01-24 17:07:12.525   629   896 W ContextImpl: Calling a method in the system process without a qualified user: android.app.ContextImpl.sendBroadcast:1327 com.android.internal.policy.impl.LgTvWindowManager.interceptKeyBeforeDispatching:403 com.android.server.wm.InputMonitor.interceptKeyBeforeDispatching:388 com.android.server.input.InputManagerService.interceptKeyBeforeDispatching:1510 <bottom of call stack> 
01-24 17:07:12.526  1393  1393 D ETC-PINEONE-FARFIELD: [FarFieldService$9] onReceive()[1958] >> [syk] mFinishReceiver -> action = com.lge.sys.FARFIELD_FINISH
01-24 17:07:12.534  1214  1214 I #LGIME  : ### RCU Name : LGU tvG2 RCU
01-24 17:07:12.535  1214  1214 I #LGIME  : onKeyDown: keyCode=20, RCU Input = 0, evnet=KeyEvent { action=ACTION_DOWN, keyCode=KEYCODE_DPAD_DOWN, scanCode=108, metaState=0, flags=0x8, repeatCount=0, eventTime=4182120, downTime=4182120, deviceId=3, source=0x701 }, getKeyChar = 0
01-24 17:07:12.535  1214  1214 I #LGIME  : ### bypass KeyEvent : 20
01-24 17:07:12.556  1148  1148 D LgTvPhoneFallbackEventHandler: >>>> onKeyDown: 20
01-24 17:07:12.570  1214  1214 I #LGIME  : ### onFinishInput
01-24 17:07:12.571  1214  1214 I #LGIME  : ### onStartInput
01-24 17:07:12.573  1214  1214 I #LGIME  : ### updateRCU_Status()
01-24 17:07:12.573  1214  1214 I #LGIME  : ### saved inputMehtod : 0
01-24 17:07:12.575  1214  1214 I #LGIME  : ### device.getName() : LGU tvG2 RCU ,device.getBondState() : 12
01-24 17:07:12.576  1214  1214 I #LGIME  : ImsInputHangul.setMethod = 0
01-24 17:07:12.577  1214  1214 I #LGIME  : ### set Naratgeul
01-24 17:07:12.580  1214  1214 I #LGIME  : ### device.getName() : LGU tvG2 RCU HEADSET ,device.getBondState() : 12
01-24 17:07:12.582  1214  1214 I #LGIME  : ImsInputHangul.setMethod = 0
01-24 17:07:12.582  1214  1214 I #LGIME  : ### set Naratgeul
01-24 17:07:12.582  1214  1214 I #LGIME  : ### mRCU_Paired : 0
01-24 17:07:12.582  1214  1214 I #LGIME  : Editor Info input type is : 0
01-24 17:07:12.582  1214  1214 I #LGIME  : Editor Info input type class is : 0
01-24 17:07:12.588  1214  1214 I #LGIME  : ImsInputHangul.setMethod = 0
01-24 17:07:12.673   629   897 I LgTvWindowManager: interceptKeyBeforeQueueing keyCode=20 down=false repeatCount=0 keyguardOn=false mHomePressed=false canceled=false deviceId=3
01-24 17:07:12.673   629   897 I AutoStandByManager: AUTO_STANDBY : Last key in time = 4182271
01-24 17:07:12.673   629   897 I AutoStandByManager: isFastbootKeyProcessEnabled enter
01-24 17:07:12.673   629   897 I AutoStandByManager: iFastbootKeyProcessEnabled/tmp/fastboot_key_process is not existed
01-24 17:07:12.673   629   897 I AutoStandByManager: isFastbootKeyProcessEnabled leave, ret = false
01-24 17:07:12.674   629   896 I LgTvWindowManager: interceptKeyBeforeDispatching keyCode=20 down=false repeatCount=0 keyguardOn=false mHomePressed=false canceled=false
01-24 17:07:12.674   629   896 I AutoStandByManager: AUTO_STANDBY : Last key in time = 4182272
