01-25 14:11:09.907   926   926 D LIVE-LGE-XCHECKER: startCrossCheck:139, stream err: 0, pcr err: 0, max_check_count: 40
01-25 14:11:11.127  1754  1827 I TvWindowManager: AUTO_STANDBY : AutoStandbyCheckTask started - curTime = 270531095 / lastKeyInTime = 270471095
01-25 14:11:11.127  1754  1827 I TvWindowManager: AUTO_STANDBY : resetLastKeyInTimeInNotActivePowerModeState() - Last key in time = 270531096
01-25 14:11:14.907   926   926 D LIVE-LGE-XCHECKER: startCrossCheck:139, stream err: 0, pcr err: 0, max_check_count: 40
01-25 14:11:15.797  2155  2155 I VOD-PINEONE-LAUNCHER: [CategoryAlarmReceiver] onReceive()[19] >> [onReceive] Category Alarm Receive!!
01-25 14:11:15.797  2155  3800 I VOD-PINEONE-LAUNCHER: [CategoryMenuManager] getMenuDataVersion()[103] >> [getMenuDataVersion] file path: /LGU_data/ma/version.cfg
01-25 14:11:15.807  2155  3800 I VOD-PINEONE-LAUNCHER: [CategoryMenuManager$1] run()[66] >> [getMenuDataVersion] currentVersion: VERSION=0xde
01-25 14:11:15.807  2155  3800 I VOD-PINEONE-LAUNCHER: , fileVersion: VERSION=0xde
01-25 14:11:15.807  2155  3800 I VOD-PINEONE-LAUNCHER: 
01-25 14:11:16.157  2093  2115 D dalvikvm: GC_CONCURRENT freed 415K, 21% free 2606K/3284K, paused 2ms+2ms, total 20ms
01-25 14:11:18.367   904  1026 D SETTINGS-LGE-IptvStorageManager: readUserPreference(LASTCHANNEL) called 
01-25 14:11:18.367   904  1026 D SETTINGS-LGE-IptvStorageManager: readUserPreference() : /LGU_data/UP/LASTCHANNEL.1 file does not exist
01-25 14:11:18.367   904  1026 D SETTINGS-LGE-IptvStorageManager: readUserPreference(LASTCHANNEL, 1) SUCCESS
01-25 14:11:18.367  1367  1391 I LIVE-LGE-JNI: readUP[LASTCHANNEL] 0th PrefValue : 677
01-25 14:11:19.907   926   926 D LIVE-LGE-XCHECKER: startCrossCheck:139, stream err: 0, pcr err: 0, max_check_count: 40
01-25 14:11:22.487  2363  2367 D dalvikvm: GC_CONCURRENT freed 386K, 20% free 2505K/3120K, paused 2ms+1ms, total 15ms
01-25 14:11:22.577  2093  2115 D dalvikvm: GC_CONCURRENT freed 404K, 21% free 2610K/3284K, paused 2ms+2ms, total 20ms
01-25 14:11:24.907   926   926 D LIVE-LGE-XCHECKER: startCrossCheck:139, stream err: 0, pcr err: 0, max_check_count: 40
01-25 14:11:29.567  4068  4068 D U+Box HomeShare: HomeShareReceiver [Receive Intent] Action : com.lguplus.iptv3.homesharestb.SERVICE.RESTART
01-25 14:11:29.567  4068  4068 D U+Box HomeShare: HomeShareReceiver Receive : INTENT_HOMESHARE_SERVICE_RESTART ( Service Started : true )
01-25 14:11:29.917   926   926 D LIVE-LGE-XCHECKER: startCrossCheck:139, stream err: 0, pcr err: 0, max_check_count: 40
01-25 14:11:30.547  2155  2155 D ETC-PINEONE-LAUNCHER: [SystemButton] setNotificationCount()[103] >> notification count 4
01-25 14:11:31.087  2093  2115 D dalvikvm: GC_CONCURRENT freed 404K, 21% free 2613K/3284K, paused 3ms+2ms, total 22ms
01-25 14:11:32.467   904  1027 D SETTINGS-LGE-IptvStorageManager: readUserPreference(IPTV_ENABLED) called 
01-25 14:11:32.477   904  1027 D SETTINGS-LGE-IptvStorageManager: readUserPreference() : /LGU_data/UP/IPTV_ENABLED.1 file does not exist
01-25 14:11:32.477   904  1027 D SETTINGS-LGE-IptvStorageManager: readUserPreference(IPTV_ENABLED, 1) SUCCESS
01-25 14:11:32.477  3224  3224 I LIVE-LGE-JNI: readUP[IPTV_ENABLED] 0th PrefValue : true
01-25 14:11:34.917   926   926 D LIVE-LGE-XCHECKER: startCrossCheck:139, stream err: 0, pcr err: 0, max_check_count: 40
01-25 14:11:39.107   361   361 I AnypointAD - t.a.a.c.s.MonitorScheduler: [56] start monitoring..
01-25 14:11:39.107   361  3878 I AnypointAD - t.a.a.c.s.PushMsgClient: [179] connection: TCPNIOConnection{localSocketAddress={/192.168.219.104:43956}, peerSocketAddress={/52.79.82.81:31102}}, isConnected: true, lastReceivedTime: 1516857039033
01-25 14:11:39.117   361   361 I AnypointAD - t.a.a.c.s.MonitorScheduler: [84] register boot ad call alarm.
01-25 14:11:39.117   361  3878 I AnypointAD - t.a.a.c.s.PushMsgClient: [154] Sending device event: Heartbeat
01-25 14:11:39.117   361   361 I AnypointAD - t.a.a.c.s.MonitorScheduler: [89] monitoring finished..
01-25 14:11:39.127  1754  1773 E NotificationService: Ignoring notification with icon==0: Notification(pri=0 contentView=null vibrate=null sound=null defaults=0x0 flags=0x62 kind=[null])
01-25 14:11:39.137   361   361 I AnypointAD - t.a.a.c.a.StartService: [15] StartService start...4488, class tv.anypoint.android.core.app.StartService
01-25 14:11:39.157   361   365 D dalvikvm: GC_CONCURRENT freed 406K, 18% free 3726K/4528K, paused 2ms+2ms, total 28ms
01-25 14:11:39.697  2093  2115 D dalvikvm: GC_CONCURRENT freed 411K, 21% free 2606K/3284K, paused 1ms+2ms, total 19ms
01-25 14:11:39.917   926   926 D LIVE-LGE-XCHECKER: startCrossCheck:139, stream err: 0, pcr err: 0, max_check_count: 40
01-25 14:11:40.117   361   337 E AnypointAD - t.a.a.c.u.TimeUtils: [70] failed to connect ntp server...52.78.226.76, msg: {}java.net.SocketTimeoutException: null
01-25 14:11:40.117   361   337 E AnypointAD - t.a.a.c.u.TimeUtils: 	at libcore.io.IoBridge.maybeThrowAfterRecvfrom(IoBridge.java:558) ~[na:0.0]
01-25 14:11:40.117   361   337 E AnypointAD - t.a.a.c.u.TimeUtils: 	at libcore.io.IoBridge.recvfrom(IoBridge.java:516) ~[na:0.0]
01-25 14:11:40.117   361   337 E AnypointAD - t.a.a.c.u.TimeUtils: 	at java.net.PlainDatagramSocketImpl.doRecv(PlainDatagramSocketImpl.java:161) ~[na:0.0]
01-25 14:11:40.117   361   337 E AnypointAD - t.a.a.c.u.TimeUtils: 	at java.net.PlainDatagramSocketImpl.receive(PlainDatagramSocketImpl.java:169) ~[na:0.0]
01-25 14:11:40.117   361   337 E AnypointAD - t.a.a.c.u.TimeUtils: 	at java.net.DatagramSocket.receive(DatagramSocket.java:253) ~[na:0.0]
01-25 14:11:40.117   361   337 E AnypointAD - t.a.a.c.u.TimeUtils: 	at org.apache.commons.net.ntp.NTPUDPClient.getTime(NTPUDPClient.java:91) ~[na:0.0]
01-25 14:11:40.117   361   337 E AnypointAD - t.a.a.c.u.TimeUtils: 	at org.apache.commons.net.ntp.NTPUDPClient.getTime(NTPUDPClient.java:113) ~[na:0.0]
01-25 14:11:40.117   361   337 E AnypointAD - t.a.a.c.u.TimeUtils: 	at tv.anypoint.android.core.util.TimeUtils.resetCurrentTime(TimeUtils.java:58) ~[na:0.0]
01-25 14:11:40.117   361   337 E AnypointAD - t.a.a.c.u.TimeUtils: 	at tv.anypoint.android.core.service.MonitorScheduler$1.doInBackground(MonitorScheduler.java:72) ~[na:0.0]
01-25 14:11:40.117   361   337 E AnypointAD - t.a.a.c.u.TimeUtils: 	at tv.anypoint.android.core.service.MonitorScheduler$1.doInBackground(MonitorScheduler.java:69) ~[na:0.0]
01-25 14:11:40.117   361   337 E AnypointAD - t.a.a.c.u.TimeUtils: 	at android.os.AsyncTask$2.call(AsyncTask.java:287) ~[na:0.0]
01-25 14:11:40.117   361   337 E AnypointAD - t.a.a.c.u.TimeUtils: 	at java.util.concurrent.FutureTask.run(FutureTask.java:234) ~[na:0.0]
01-25 14:11:40.117   361   337 E AnypointAD - t.a.a.c.u.TimeUtils: 	at android.os.AsyncTask$SerialExecutor$1.run(AsyncTask.java:230) ~[na:0.0]
01-25 14:11:40.117   361   337 E AnypointAD - t.a.a.c.u.TimeUtils: 	at java.util.concurrent.ThreadPoolExecutor.runWorker(ThreadPoolExecutor.java:1080) ~[na:0.0]
01-25 14:11:40.117   361   337 E AnypointAD - t.a.a.c.u.TimeUtils: 	at java.util.concurrent.ThreadPoolExecutor$Worker.run(ThreadPoolExecutor.java:573) ~[na:0.0]
01-25 14:11:40.117   361   337 E AnypointAD - t.a.a.c.u.TimeUtils: 	at java.lang.Thread.run(Thread.java:856) ~[na:0.0]
01-25 14:11:40.117   361   337 E AnypointAD - t.a.a.c.u.TimeUtils: Caused by: libcore.io.ErrnoException: recvfrom failed: EAGAIN (Try again)
01-25 14:11:40.117   361   337 E AnypointAD - t.a.a.c.u.TimeUtils: 	at libcore.io.Posix.recvfromBytes(Native Method) ~[na:0.0]
01-25 14:11:40.117   361   337 E AnypointAD - t.a.a.c.u.TimeUtils: 	at libcore.io.Posix.recvfrom(Posix.java:136) ~[na:0.0]
01-25 14:11:40.117   361   337 E AnypointAD - t.a.a.c.u.TimeUtils: 	at libcore.io.BlockGuardOs.recvfrom(BlockGuardOs.java:164) ~[na:0.0]
01-25 14:11:40.117   361   337 E AnypointAD - t.a.a.c.u.TimeUtils: 	at libcore.io.IoBridge.recvfrom(IoBridge.java:513) ~[na:0.0]
01-25 14:11:40.117   361   337 E AnypointAD - t.a.a.c.u.TimeUtils: 	... 14 common frames omitted
01-25 14:11:43.597   361  3700 I AnypointAD - t.a.a.c.m.ServerMessageProcessorFactory: [101] received message from server: CueMessage
01-25 14:11:43.597   361  3700 I AnypointAD - t.a.a.c.m.s.p.c.CueMessageProcessor: [42] got cueMessage. type: 0, cueId: 0, time: Thu Jan 25 14:11:41 GMT+09:00 2018, ppId: 749, time: 1516857101505, duration: 120000, owner: 1
01-25 14:11:43.607   361  3700 I AnypointAD - t.a.a.c.s.CueManager: [174] currentDeviceChannel is not exist.
01-25 14:11:43.607   361  3700 I AnypointAD - t.a.a.c.s.CueManager: [68] receive cue but this device is not available.
01-25 14:11:43.607   361  3700 I AnypointAD - t.a.a.c.m.ServerMessageProcessorFactory: [101] received message from server: CueMessage
01-25 14:11:43.617   361  3700 I AnypointAD - t.a.a.c.m.s.p.c.CueMessageProcessor: [42] got cueMessage. type: 0, cueId: 0, time: Thu Jan 25 14:11:41 GMT+09:00 2018, ppId: 748, time: 1516857101505, duration: 120000, owner: 1
01-25 14:11:43.617   361  3700 I AnypointAD - t.a.a.c.s.CueManager: [174] currentDeviceChannel is not exist.
01-25 14:11:43.617   361  3700 I AnypointAD - t.a.a.c.s.CueManager: [68] receive cue but this device is not available.
01-25 14:11:43.627   361  3700 I AnypointAD - t.a.a.c.m.ServerMessageProcessorFactory: [101] received message from server: CueMessage
01-25 14:11:43.627   361  3700 I AnypointAD - t.a.a.c.m.s.p.c.CueMessageProcessor: [42] got cueMessage. type: 0, cueId: 0, time: Thu Jan 25 14:11:41 GMT+09:00 2018, ppId: 750, time: 1516857101505, duration: 120000, owner: 1
01-25 14:11:43.627   361  3700 I AnypointAD - t.a.a.c.s.CueManager: [174] currentDeviceChannel is not exist.
01-25 14:11:43.637   361  3700 I AnypointAD - t.a.a.c.s.CueManager: [68] receive cue but this device is not available.
01-25 14:11:43.637   361  3700 I AnypointAD - t.a.a.c.m.ServerMessageProcessorFactory: [101] received message from server: HeartbeatMessage
01-25 14:11:44.917   926   926 D LIVE-LGE-XCHECKER: startCrossCheck:139, stream err: 0, pcr err: 0, max_check_count: 40
01-25 14:11:48.367   904   920 D SETTINGS-LGE-IptvStorageManager: readUserPreference(LASTCHANNEL) called 
01-25 14:11:48.367   904   920 D SETTINGS-LGE-IptvStorageManager: readUserPreference() : /LGU_data/UP/LASTCHANNEL.1 file does not exist
01-25 14:11:48.367   904   920 D SETTINGS-LGE-IptvStorageManager: readUserPreference(LASTCHANNEL, 1) SUCCESS
01-25 14:11:48.367  1367  1392 I LIVE-LGE-JNI: readUP[LASTCHANNEL] 0th PrefValue : 677
01-25 14:11:49.917   926   926 D LIVE-LGE-XCHECKER: startCrossCheck:139, stream err: 0, pcr err: 0, max_check_count: 40
01-25 14:11:51.307  2093  2115 D dalvikvm: GC_CONCURRENT freed 408K, 21% free 2608K/3284K, paused 2ms+2ms, total 20ms
01-25 14:11:51.457  2363  2367 D dalvikvm: GC_CONCURRENT freed 386K, 20% free 2505K/3120K, paused 1ms+2ms, total 15ms
01-25 14:11:54.917   926   926 D LIVE-LGE-XCHECKER: startCrossCheck:139, stream err: 0, pcr err: 0, max_check_count: 40
01-25 14:11:59.567  4068  4068 D U+Box HomeShare: HomeShareReceiver [Receive Intent] Action : com.lguplus.iptv3.homesharestb.SERVICE.RESTART
01-25 14:11:59.567  4068  4068 D U+Box HomeShare: HomeShareReceiver Receive : INTENT_HOMESHARE_SERVICE_RESTART ( Service Started : true )
01-25 14:11:59.917   926   926 D LIVE-LGE-XCHECKER: startCrossCheck:139, stream err: 0, pcr err: 0, max_check_count: 40
01-25 14:12:00.297  1890  1895 D dalvikvm: GC_CONCURRENT freed 976K, 74% free 5632K/21524K, paused 3ms+9ms, total 54ms
01-25 14:12:00.547  2155  2155 D ETC-PINEONE-LAUNCHER: [SystemButton] setNotificationCount()[103] >> notification count 4
01-25 14:12:01.017  2093  2115 D dalvikvm: GC_CONCURRENT freed 392K, 21% free 2620K/3284K, paused 2ms+1ms, total 20ms
01-25 14:12:02.477   904   904 D SETTINGS-LGE-IptvStorageManager: readUserPreference(IPTV_ENABLED) called 
01-25 14:12:02.487   904   904 D SETTINGS-LGE-IptvStorageManager: readUserPreference() : /LGU_data/UP/IPTV_ENABLED.1 file does not exist
01-25 14:12:02.487   904   904 D SETTINGS-LGE-IptvStorageManager: readUserPreference(IPTV_ENABLED, 1) SUCCESS
01-25 14:12:02.487  3224  3224 I LIVE-LGE-JNI: readUP[IPTV_ENABLED] 0th PrefValue : true
01-25 14:12:02.557  2066  2071 D dalvikvm: GC_CONCURRENT freed 384K, 60% free 3637K/9072K, paused 2ms+1ms, total 19ms
01-25 14:12:04.917   926   926 D LIVE-LGE-XCHECKER: startCrossCheck:139, stream err: 0, pcr err: 0, max_check_count: 40
01-25 14:12:07.627  2093  2115 D dalvikvm: GC_CONCURRENT freed 414K, 21% free 2604K/3284K, paused 1ms+2ms, total 19ms
01-25 14:12:09.917   926   926 D LIVE-LGE-XCHECKER: startCrossCheck:139, stream err: 0, pcr err: 0, max_check_count: 40
01-25 14:12:11.127  1754  1827 I TvWindowManager: AUTO_STANDBY : AutoStandbyCheckTask started - curTime = 270591095 / lastKeyInTime = 270531096
01-25 14:12:11.127  1754  1827 I TvWindowManager: AUTO_STANDBY : resetLastKeyInTimeInNotActivePowerModeState() - Last key in time = 270591095
01-25 14:12:13.317   361  3699 I AnypointAD - t.a.a.c.m.ServerMessageProcessorFactory: [101] received message from server: CueMessage
01-25 14:12:13.327   361  3699 I AnypointAD - t.a.a.c.m.s.p.c.CueMessageProcessor: [42] got cueMessage. type: 0, cueId: 0, time: Thu Jan 25 14:12:18 GMT+09:00 2018, ppId: 157, time: 1516857138464, duration: 120000, owner: 1
01-25 14:12:13.327   361  3699 I AnypointAD - t.a.a.c.s.CueManager: [174] currentDeviceChannel is not exist.
01-25 14:12:13.337   361  3699 I AnypointAD - t.a.a.c.s.CueManager: [68] receive cue but this device is not available.
01-25 14:12:13.347   361   365 D dalvikvm: GC_CONCURRENT freed 445K, 18% free 3726K/4528K, paused 2ms+2ms, total 28ms
01-25 14:12:14.927   926   926 D LIVE-LGE-XCHECKER: startCrossCheck:139, stream err: 0, pcr err: 0, max_check_count: 40
01-25 14:12:15.807  2155  2155 I VOD-PINEONE-LAUNCHER: [CategoryAlarmReceiver] onReceive()[19] >> [onReceive] Category Alarm Receive!!
01-25 14:12:15.807  2155  3984 I VOD-PINEONE-LAUNCHER: [CategoryMenuManager] getMenuDataVersion()[103] >> [getMenuDataVersion] file path: /LGU_data/ma/version.cfg
01-25 14:12:15.807  2155  3984 I VOD-PINEONE-LAUNCHER: [CategoryMenuManager$1] run()[66] >> [getMenuDataVersion] currentVersion: VERSION=0xde
01-25 14:12:15.807  2155  3984 I VOD-PINEONE-LAUNCHER: , fileVersion: VERSION=0xde
01-25 14:12:15.807  2155  3984 I VOD-PINEONE-LAUNCHER: 
01-25 14:12:18.367   904  1026 D SETTINGS-LGE-IptvStorageManager: readUserPreference(LASTCHANNEL) called 
01-25 14:12:18.367   904  1026 D SETTINGS-LGE-IptvStorageManager: readUserPreference() : /LGU_data/UP/LASTCHANNEL.1 file does not exist
01-25 14:12:18.367   904  1026 D SETTINGS-LGE-IptvStorageManager: readUserPreference(LASTCHANNEL, 1) SUCCESS
01-25 14:12:18.367  1367  1391 I LIVE-LGE-JNI: readUP[LASTCHANNEL] 0th PrefValue : 677
01-25 14:12:19.927   926   926 D LIVE-LGE-XCHECKER: startCrossCheck:139, stream err: 0, pcr err: 0, max_check_count: 40
01-25 14:12:20.297  2363  2367 D dalvikvm: GC_CONCURRENT freed 387K, 20% free 2505K/3120K, paused 2ms+1ms, total 15ms
01-25 14:12:21.147  2093  2115 D dalvikvm: GC_CONCURRENT freed 397K, 21% free 2623K/3284K, paused 2ms+2ms, total 20ms
01-25 14:12:24.837  2093  2115 D dalvikvm: GC_CONCURRENT freed 421K, 21% free 2611K/3284K, paused 2ms+2ms, total 21ms
01-25 14:12:24.927   926   926 D LIVE-LGE-XCHECKER: startCrossCheck:139, stream err: 0, pcr err: 0, max_check_count: 40
01-25 14:12:29.567  4068  4068 D U+Box HomeShare: HomeShareReceiver [Receive Intent] Action : com.lguplus.iptv3.homesharestb.SERVICE.RESTART
01-25 14:12:29.567  4068  4068 D U+Box HomeShare: HomeShareReceiver Receive : INTENT_HOMESHARE_SERVICE_RESTART ( Service Started : true )
01-25 14:12:29.927   926   926 D LIVE-LGE-XCHECKER: startCrossCheck:139, stream err: 0, pcr err: 0, max_check_count: 40
01-25 14:12:30.557  2155  2155 D ETC-PINEONE-LAUNCHER: [SystemButton] setNotificationCount()[103] >> notification count 4
01-25 14:12:32.497   904  1027 D SETTINGS-LGE-IptvStorageManager: readUserPreference(IPTV_ENABLED) called 
01-25 14:12:32.497   904  1027 D SETTINGS-LGE-IptvStorageManager: readUserPreference() : /LGU_data/UP/IPTV_ENABLED.1 file does not exist
01-25 14:12:32.497   904  1027 D SETTINGS-LGE-IptvStorageManager: readUserPreference(IPTV_ENABLED, 1) SUCCESS
01-25 14:12:32.497  3224  3224 I LIVE-LGE-JNI: readUP[IPTV_ENABLED] 0th PrefValue : true
01-25 14:12:34.927   926   926 D LIVE-LGE-XCHECKER: startCrossCheck:139, stream err: 0, pcr err: 0, max_check_count: 40
01-25 14:12:36.247  2093  2115 D dalvikvm: GC_CONCURRENT freed 415K, 21% free 2606K/3284K, paused 2ms+2ms, total 20ms
01-25 14:12:39.177   361   361 I AnypointAD - t.a.a.c.s.MonitorScheduler: [56] start monitoring..
01-25 14:12:39.187   361  3884 I AnypointAD - t.a.a.c.s.PushMsgClient: [179] connection: TCPNIOConnection{localSocketAddress={/192.168.219.104:43956}, peerSocketAddress={/52.79.82.81:31102}}, isConnected: true, lastReceivedTime: 1516857133328
01-25 14:12:39.187   361   361 I AnypointAD - t.a.a.c.s.MonitorScheduler: [84] register boot ad call alarm.
01-25 14:12:39.197   361  3884 I AnypointAD - t.a.a.c.s.PushMsgClient: [154] Sending device event: Heartbeat
01-25 14:12:39.197   361  3697 I AnypointAD - t.a.a.c.m.ServerMessageProcessorFactory: [101] received message from server: HeartbeatMessage
01-25 14:12:39.197   361   361 I AnypointAD - t.a.a.c.s.MonitorScheduler: [89] monitoring finished..
01-25 14:12:39.207  1754  1773 E NotificationService: Ignoring notification with icon==0: Notification(pri=0 contentView=null vibrate=null sound=null defaults=0x0 flags=0x62 kind=[null])
01-25 14:12:39.217   361   361 I AnypointAD - t.a.a.c.a.StartService: [15] StartService start...4489, class tv.anypoint.android.core.app.StartService
01-25 14:12:39.927   926   926 D LIVE-LGE-XCHECKER: startCrossCheck:139, stream err: 0, pcr err: 0, max_check_count: 40
01-25 14:12:41.647  2093  2115 D dalvikvm: GC_CONCURRENT freed 399K, 21% free 2612K/3284K, paused 3ms+2ms, total 20ms
01-25 14:12:44.927   926   926 D LIVE-LGE-XCHECKER: startCrossCheck:139, stream err: 0, pcr err: 0, max_check_count: 40
01-25 14:12:45.147  2093  2115 D dalvikvm: GC_CONCURRENT freed 396K, 21% free 2612K/3284K, paused 2ms+1ms, total 20ms
01-25 14:12:45.527   925  1043 D LIVE-LGE-CM: _QMSCallBack
01-25 14:12:45.527   925  1043 D LIVE-LGE-CM: rtp err cnt = 0
01-25 14:12:45.527   925  1043 D LIVE-LGE-NMS: strHave = eth0 strafter= (null)
01-25 14:12:45.527   925  1043 D LIVE-LGE-NMS: Rxerror Dropped Overruns     string(0 0 0)  int(0 0 0)
01-25 14:12:45.527   925  1043 D LIVE-LGE-CM: qmsCnt = 7
01-25 14:12:45.527   925  1043 D LIVE-LGE-CM: _PrintQMSInfo 
01-25 14:12:45.527   925  1043 D LIVE-LGE-CM: [QMS   ] pcrUnlock, rtpErrorCnt, noStreamError, notDecodingErr, ifconfigErr, ifconfigDropped (qmsCnt=7)
01-25 14:12:45.527   925  1043 D LIVE-LGE-CM: [QMS  0] -1, -1, -1, -1, -1, -1 
01-25 14:12:45.527   925  1043 D LIVE-LGE-CM: [QMS  1] -1, -1, -1, -1, -1, -1 
01-25 14:12:45.527   925  1043 D LIVE-LGE-CM: [QMS  2] -1, -1, -1, -1, -1, -1 
01-25 14:12:45.527   925  1043 D LIVE-LGE-CM: [QMS  3] -1, -1, -1, -1, -1, -1 
01-25 14:12:45.527   925  1043 D LIVE-LGE-CM: [QMS  4] -1, -1, -1, -1, -1, -1 
01-25 14:12:45.527   925  1043 D LIVE-LGE-CM: [QMS  5] -1, -1, -1, -1, -1, -1 
01-25 14:12:45.527   925  1043 D LIVE-LGE-CM: [QMS  6] -1, -1, -1, -1, -1, -1 
01-25 14:12:45.527   925  1043 D LIVE-LGE-CM: [QMS  7] -1, -1, -1, -1, -1, -1 
01-25 14:12:45.527   925  1043 D LIVE-LGE-CM: [QMS  8] -1, -1, -1, -1, -1, -1 
01-25 14:12:45.527   925  1043 D LIVE-LGE-CM: [QMS  9] -1, -1, -1, -1, -1, -1 
01-25 14:12:45.527   925  1043 D LIVE-LGE-CM: [QMS 10] -1, -1, -1, -1, -1, -1 
01-25 14:12:45.527   925  1043 D LIVE-LGE-CM: [QMS 11] -1, -1, -1, -1, -1, -1 
01-25 14:12:45.527   925  1043 D LIVE-LGE-NMS: [QMS threshold] ifconfigError(0) ifconfigDropped(0) pcr(1) rtp(1) stream(1) decode(1)
01-25 14:12:48.367   904   920 D SETTINGS-LGE-IptvStorageManager: readUserPreference(LASTCHANNEL) called 
01-25 14:12:48.367   904   920 D SETTINGS-LGE-IptvStorageManager: readUserPreference() : /LGU_data/UP/LASTCHANNEL.1 file does not exist
01-25 14:12:48.367   904   920 D SETTINGS-LGE-IptvStorageManager: readUserPreference(LASTCHANNEL, 1) SUCCESS
01-25 14:12:48.367  1367  1392 I LIVE-LGE-JNI: readUP[LASTCHANNEL] 0th PrefValue : 677
01-25 14:12:49.257  2363  2367 D dalvikvm: GC_CONCURRENT freed 386K, 20% free 2505K/3120K, paused 1ms+2ms, total 15ms
01-25 14:12:49.927   926   926 D LIVE-LGE-XCHECKER: startCrossCheck:139, stream err: 0, pcr err: 0, max_check_count: 40
01-25 14:12:54.897  2093  2115 D dalvikvm: GC_CONCURRENT freed 395K, 21% free 2604K/3284K, paused 2ms+2ms, total 19ms
01-25 14:12:54.927   926   926 D LIVE-LGE-XCHECKER: startCrossCheck:139, stream err: 0, pcr err: 0, max_check_count: 40
01-25 14:12:55.817  2298  2303 D dalvikvm: GC_CONCURRENT freed 392K, 23% free 2435K/3160K, paused 1ms+2ms, total 14ms
01-25 14:12:59.567  4068  4068 D U+Box HomeShare: HomeShareReceiver [Receive Intent] Action : com.lguplus.iptv3.homesharestb.SERVICE.RESTART
01-25 14:12:59.567  4068  4068 D U+Box HomeShare: HomeShareReceiver Receive : INTENT_HOMESHARE_SERVICE_RESTART ( Service Started : true )
01-25 14:12:59.927   926   926 D LIVE-LGE-XCHECKER: startCrossCheck:139, stream err: 0, pcr err: 0, max_check_count: 40
01-25 14:13:00.567  2155  2155 D ETC-PINEONE-LAUNCHER: [SystemButton] setNotificationCount()[103] >> notification count 4
01-25 14:13:02.507   904   904 D SETTINGS-LGE-IptvStorageManager: readUserPreference(IPTV_ENABLED) called 
01-25 14:13:02.507   904   904 D SETTINGS-LGE-IptvStorageManager: readUserPreference() : /LGU_data/UP/IPTV_ENABLED.1 file does not exist
01-25 14:13:02.507   904   904 D SETTINGS-LGE-IptvStorageManager: readUserPreference(IPTV_ENABLED, 1) SUCCESS
01-25 14:13:02.507  3224  3224 I LIVE-LGE-JNI: readUP[IPTV_ENABLED] 0th PrefValue : true
01-25 14:13:03.927   361  3698 I AnypointAD - t.a.a.c.m.ServerMessageProcessorFactory: [101] received message from server: CueMessage
01-25 14:13:03.927   361  3698 I AnypointAD - t.a.a.c.m.s.p.c.CueMessageProcessor: [42] got cueMessage. type: 0, cueId: 0, time: Thu Jan 25 14:13:09 GMT+09:00 2018, ppId: 545, time: 1516857189150, duration: 120000, owner: 1
01-25 14:13:03.937   361  3698 I AnypointAD - t.a.a.c.s.CueManager: [174] currentDeviceChannel is not exist.
01-25 14:13:03.937   361  3698 I AnypointAD - t.a.a.c.s.CueManager: [68] receive cue but this device is not available.
01-25 14:13:03.967   361   365 D dalvikvm: GC_CONCURRENT freed 398K, 18% free 3723K/4528K, paused 2ms+3ms, total 27ms
01-25 14:13:04.937   926   926 D LIVE-LGE-XCHECKER: startCrossCheck:139, stream err: 0, pcr err: 0, max_check_count: 40
01-25 14:13:05.947  2093  2115 D dalvikvm: GC_CONCURRENT freed 428K, 21% free 2620K/3284K, paused 4ms+2ms, total 24ms
01-25 14:13:09.607  2093  2115 D dalvikvm: GC_CONCURRENT freed 420K, 21% free 2620K/3284K, paused 1ms+2ms, total 19ms
01-25 14:13:09.937   926   926 D LIVE-LGE-XCHECKER: startCrossCheck:139, stream err: 0, pcr err: 0, max_check_count: 40
01-25 14:13:11.127  1754  1827 I TvWindowManager: AUTO_STANDBY : AutoStandbyCheckTask started - curTime = 270651096 / lastKeyInTime = 270591095
01-25 14:13:11.127  1754  1827 I TvWindowManager: AUTO_STANDBY : resetLastKeyInTimeInNotActivePowerModeState() - Last key in time = 270651096
01-25 14:13:14.937   926   926 D LIVE-LGE-XCHECKER: startCrossCheck:139, stream err: 0, pcr err: 0, max_check_count: 40
01-25 14:13:15.817  2155  2155 I VOD-PINEONE-LAUNCHER: [CategoryAlarmReceiver] onReceive()[19] >> [onReceive] Category Alarm Receive!!
01-25 14:13:15.817  2155   441 I VOD-PINEONE-LAUNCHER: [CategoryMenuManager] getMenuDataVersion()[103] >> [getMenuDataVersion] file path: /LGU_data/ma/version.cfg
01-25 14:13:15.817  2155   441 I VOD-PINEONE-LAUNCHER: [CategoryMenuManager$1] run()[66] >> [getMenuDataVersion] currentVersion: VERSION=0xde
01-25 14:13:15.817  2155   441 I VOD-PINEONE-LAUNCHER: , fileVersion: VERSION=0xde
01-25 14:13:15.817  2155   441 I VOD-PINEONE-LAUNCHER: 
01-25 14:13:17.597  2093  2115 D dalvikvm: GC_CONCURRENT freed 400K, 21% free 2609K/3284K, paused 2ms+2ms, total 19ms
01-25 14:13:18.227  2363  2367 D dalvikvm: GC_CONCURRENT freed 386K, 20% free 2505K/3120K, paused 1ms+1ms, total 15ms
01-25 14:13:18.367   904  1026 D SETTINGS-LGE-IptvStorageManager: readUserPreference(LASTCHANNEL) called 
01-25 14:13:18.367   904  1026 D SETTINGS-LGE-IptvStorageManager: readUserPreference() : /LGU_data/UP/LASTCHANNEL.1 file does not exist
01-25 14:13:18.367   904  1026 D SETTINGS-LGE-IptvStorageManager: readUserPreference(LASTCHANNEL, 1) SUCCESS
01-25 14:13:18.367  1367  1391 I LIVE-LGE-JNI: readUP[LASTCHANNEL] 0th PrefValue : 677
01-25 14:13:19.937   926   926 D LIVE-LGE-XCHECKER: startCrossCheck:139, stream err: 0, pcr err: 0, max_check_count: 40
01-25 14:13:23.407  2093  2115 D dalvikvm: GC_CONCURRENT freed 395K, 21% free 2605K/3284K, paused 2ms+2ms, total 20ms
01-25 14:13:24.937   926   926 D LIVE-LGE-XCHECKER: startCrossCheck:139, stream err: 0, pcr err: 0, max_check_count: 40
01-25 14:13:27.537  2093  2115 D dalvikvm: GC_CONCURRENT freed 397K, 21% free 2624K/3284K, paused 2ms+2ms, total 19ms
01-25 14:13:29.567  4068  4068 D U+Box HomeShare: HomeShareReceiver [Receive Intent] Action : com.lguplus.iptv3.homesharestb.SERVICE.RESTART
01-25 14:13:29.567  4068  4068 D U+Box HomeShare: HomeShareReceiver Receive : INTENT_HOMESHARE_SERVICE_RESTART ( Service Started : true )
01-25 14:13:29.937   926   926 D LIVE-LGE-XCHECKER: startCrossCheck:139, stream err: 0, pcr err: 0, max_check_count: 40
01-25 14:13:30.577  2155  2155 D ETC-PINEONE-LAUNCHER: [SystemButton] setNotificationCount()[103] >> notification count 4
01-25 14:13:32.517   904  1027 D SETTINGS-LGE-IptvStorageManager: readUserPreference(IPTV_ENABLED) called 
01-25 14:13:32.517   904  1027 D SETTINGS-LGE-IptvStorageManager: readUserPreference() : /LGU_data/UP/IPTV_ENABLED.1 file does not exist
01-25 14:13:32.517   904  1027 D SETTINGS-LGE-IptvStorageManager: readUserPreference(IPTV_ENABLED, 1) SUCCESS
01-25 14:13:32.517  3224  3224 I LIVE-LGE-JNI: readUP[IPTV_ENABLED] 0th PrefValue : true
01-25 14:13:33.877  2093  2115 D dalvikvm: GC_CONCURRENT freed 398K, 21% free 2617K/3284K, paused 2ms+2ms, total 19ms
01-25 14:13:34.937   926   926 D LIVE-LGE-XCHECKER: startCrossCheck:139, stream err: 0, pcr err: 0, max_check_count: 40
01-25 14:13:39.267   361   361 I AnypointAD - t.a.a.c.s.MonitorScheduler: [56] start monitoring..
01-25 14:13:39.267   361  3877 I AnypointAD - t.a.a.c.s.PushMsgClient: [179] connection: TCPNIOConnection{localSocketAddress={/192.168.219.104:43956}, peerSocketAddress={/52.79.82.81:31102}}, isConnected: true, lastReceivedTime: 1516857183937
01-25 14:13:39.277   361   361 I AnypointAD - t.a.a.c.s.MonitorScheduler: [84] register boot ad call alarm.
01-25 14:13:39.277   361  3877 I AnypointAD - t.a.a.c.s.PushMsgClient: [154] Sending device event: Heartbeat
01-25 14:13:39.287   361   361 I AnypointAD - t.a.a.c.s.MonitorScheduler: [89] monitoring finished..
01-25 14:13:39.287   361  3700 I AnypointAD - t.a.a.c.m.ServerMessageProcessorFactory: [101] received message from server: HeartbeatMessage
01-25 14:13:39.287  1754  1773 E NotificationService: Ignoring notification with icon==0: Notification(pri=0 contentView=null vibrate=null sound=null defaults=0x0 flags=0x62 kind=[null])
01-25 14:13:39.297   361   361 I AnypointAD - t.a.a.c.a.StartService: [15] StartService start...4490, class tv.anypoint.android.core.app.StartService
01-25 14:13:39.937   926   926 D LIVE-LGE-XCHECKER: startCrossCheck:139, stream err: 0, pcr err: 0, max_check_count: 40
01-25 14:13:41.227  2093  2115 D dalvikvm: GC_CONCURRENT freed 400K, 20% free 2630K/3284K, paused 2ms+2ms, total 19ms
01-25 14:13:44.897  2093  2115 D dalvikvm: GC_CONCURRENT freed 404K, 21% free 2617K/3284K, paused 1ms+1ms, total 19ms
01-25 14:13:44.937   926   926 D LIVE-LGE-XCHECKER: startCrossCheck:139, stream err: 0, pcr err: 0, max_check_count: 40
01-25 14:13:47.067  2363  2367 D dalvikvm: GC_CONCURRENT freed 387K, 20% free 2505K/3120K, paused 1ms+2ms, total 15ms
01-25 14:13:48.367   904   920 D SETTINGS-LGE-IptvStorageManager: readUserPreference(LASTCHANNEL) called 
01-25 14:13:48.367   904   920 D SETTINGS-LGE-IptvStorageManager: readUserPreference() : /LGU_data/UP/LASTCHANNEL.1 file does not exist
01-25 14:13:48.367   904   920 D SETTINGS-LGE-IptvStorageManager: readUserPreference(LASTCHANNEL, 1) SUCCESS
01-25 14:13:48.367  1367  1392 I LIVE-LGE-JNI: readUP[LASTCHANNEL] 0th PrefValue : 677
01-25 14:13:49.947   926   926 D LIVE-LGE-XCHECKER: startCrossCheck:139, stream err: 0, pcr err: 0, max_check_count: 40
01-25 14:13:51.087  2093  2115 D dalvikvm: GC_CONCURRENT freed 391K, 20% free 2628K/3284K, paused 2ms+2ms, total 20ms
01-25 14:13:54.947   926   926 D LIVE-LGE-XCHECKER: startCrossCheck:139, stream err: 0, pcr err: 0, max_check_count: 40
01-25 14:13:57.577  2093  2115 D dalvikvm: GC_CONCURRENT freed 403K, 20% free 2639K/3284K, paused 2ms+2ms, total 21ms
01-25 14:13:59.567  4068  4068 D U+Box HomeShare: HomeShareReceiver [Receive Intent] Action : com.lguplus.iptv3.homesharestb.SERVICE.RESTART
01-25 14:13:59.567  4068  4068 D U+Box HomeShare: HomeShareReceiver Receive : INTENT_HOMESHARE_SERVICE_RESTART ( Service Started : true )
01-25 14:13:59.567  1754  1773 I ActivityManager: No longer want com.android.vending (pid 3572): empty for 1806s
01-25 14:13:59.567  1754  1773 I ActivityManager: No longer want android.process.media (pid 3607): empty for 1806s
01-25 14:13:59.947   926   926 D LIVE-LGE-XCHECKER: startCrossCheck:139, stream err: 0, pcr err: 0, max_check_count: 40
01-25 14:14:00.577  2155  2155 D ETC-PINEONE-LAUNCHER: [SystemButton] setNotificationCount()[103] >> notification count 4
01-25 14:14:01.467   361  3699 I AnypointAD - t.a.a.c.m.ServerMessageProcessorFactory: [101] received message from server: CueMessage
01-25 14:14:01.477   361  3699 I AnypointAD - t.a.a.c.m.s.p.c.CueMessageProcessor: [42] got cueMessage. type: 0, cueId: 0, time: Thu Jan 25 14:14:05 GMT+09:00 2018, ppId: 205, time: 1516857245867, duration: 120000, owner: 1
01-25 14:14:01.477   361  3699 I AnypointAD - t.a.a.c.s.CueManager: [174] currentDeviceChannel is not exist.
01-25 14:14:01.487   361  3699 I AnypointAD - t.a.a.c.s.CueManager: [68] receive cue but this device is not available.
01-25 14:14:01.507   361   365 D dalvikvm: GC_CONCURRENT freed 389K, 17% free 3723K/4484K, paused 2ms+2ms, total 26ms
01-25 14:14:02.157  2066  2071 D dalvikvm: GC_CONCURRENT freed 384K, 60% free 3637K/9072K, paused 2ms+1ms, total 19ms
01-25 14:14:02.527   904   904 D SETTINGS-LGE-IptvStorageManager: readUserPreference(IPTV_ENABLED) called 
01-25 14:14:02.527   904   904 D SETTINGS-LGE-IptvStorageManager: readUserPreference() : /LGU_data/UP/IPTV_ENABLED.1 file does not exist
01-25 14:14:02.527   904   904 D SETTINGS-LGE-IptvStorageManager: readUserPreference(IPTV_ENABLED, 1) SUCCESS
01-25 14:14:02.527  3224  3224 I LIVE-LGE-JNI: readUP[IPTV_ENABLED] 0th PrefValue : true
01-25 14:14:04.947   926   926 D LIVE-LGE-XCHECKER: startCrossCheck:139, stream err: 0, pcr err: 0, max_check_count: 40
01-25 14:14:06.207  2093  2115 D dalvikvm: GC_CONCURRENT freed 409K, 20% free 2629K/3284K, paused 1ms+1ms, total 19ms
01-25 14:14:08.967   781   785 D dalvikvm: GC_CONCURRENT freed 387K, 19% free 2696K/3316K, paused 1ms+2ms, total 19ms
01-25 14:14:09.947   926   926 D LIVE-LGE-XCHECKER: startCrossCheck:139, stream err: 0, pcr err: 0, max_check_count: 40
01-25 14:14:11.127  1754  1827 I TvWindowManager: AUTO_STANDBY : AutoStandbyCheckTask started - curTime = 270711095 / lastKeyInTime = 270651096
01-25 14:14:11.127  1754  1827 I TvWindowManager: AUTO_STANDBY : resetLastKeyInTimeInNotActivePowerModeState() - Last key in time = 270711096
01-25 14:14:12.717  4068  4068 D U+Box HomeShare: DlnaServiceManager [DEVLIST:PERF:DLNA] DlnaServiceManager.onDeviceDescriptionAdded :  COneCPDeviceDescr [LOCAL:DMR, ID=uuid:b9258d4a-bf14-f0fb-b471-fb25a2db231f, Name=U+TV, Icon=http://192.168.219.104:38400/icon/icon120x120.png, Manuf.=LG U+(http://www.lguplus.co.kr), ModelDesc.=U+ Shoot&Play, Model=U+ Shoot&Play(1.0, http://www.lguplus.co.kr), Pt. URL=, Addr.=192.168.219.104, Port=1900, SN=, UPC=, UPnP Type=urn:schemas-upnp-org:device:MediaRenderer:1, URLBase=, Import=0, Export=0, ContinuousPlay=0, Nickname=null, AudioSyncExcess=0, VideoSyncExcess=0, ImageSyncExcess=0, DocumentSyncExcess=0]
01-25 14:14:12.717  4068  4068 D U+Box HomeShare: DeviceListManager onDeviceAdd : U+TV U+ Shoot&Play
01-25 14:14:12.717  4068  4068 D U+Box HomeShare: DeviceListManager [DEVLIST:PERF] ===> LGW=null, HGW=, DEV GW=null, DeviceDES= COneCPDeviceDescr [LOCAL:DMR, ID=uuid:b9258d4a-bf14-f0fb-b471-fb25a2db231f, Name=U+TV, Icon=http://192.168.219.104:38400/icon/icon120x120.png, Manuf.=LG U+(http://www.lguplus.co.kr), ModelDesc.=U+ Shoot&Play, Model=U+ Shoot&Play(1.0, http://www.lguplus.co.kr), Pt. URL=, Addr.=192.168.219.104, Port=1900, SN=, UPC=, UPnP Type=urn:schemas-upnp-org:device:MediaRenderer:1, URLBase=, Import=0, Export=0, ContinuousPlay=0, Nickname=null, AudioSyncExcess=0, VideoSyncExcess=0, ImageSyncExcess=0, DocumentSyncExcess=0]
01-25 14:14:12.747  4068  4072 D dalvikvm: GC_CONCURRENT freed 525K, 17% free 3840K/4604K, paused 1ms+2ms, total 28ms
01-25 14:14:12.747  4068  4068 D dalvikvm: WAIT_FOR_CONCURRENT_GC blocked 19ms
01-25 14:14:12.757  4068  4068 D U+Box HomeShare: ConnectionManager AIPAddress fe80::21c:62ff:fe86:ca57%eth0
01-25 14:14:12.757  4068  4068 D U+Box HomeShare: ConnectionManager AIPAddress 192.168.219.104
01-25 14:14:12.757  4068  4068 D U+Box HomeShare: DeviceListManager [DEVLIST:PERF] DevListMgr.onDeviceAdd: GWID: null, DeviceDescr:  COneCPDeviceDescr [DLNA:DMR, ID=uuid:b9258d4a-bf14-f0fb-b471-fb25a2db231f, Name=U+TV, Icon=http://192.168.219.104:38400/icon/icon120x120.png, Manuf.=LG U+(http://www.lguplus.co.kr), ModelDesc.=U+ Shoot&Play, Model=U+ Shoot&Play(1.0, http://www.lguplus.co.kr), Pt. URL=, Addr.=192.168.219.104, Port=1900, SN=, UPC=, UPnP Type=urn:schemas-upnp-org:device:MediaRenderer:1, URLBase=, Import=0, Export=0, ContinuousPlay=0, Nickname=null, AudioSyncExcess=0, VideoSyncExcess=0, ImageSyncExcess=0, DocumentSyncExcess=0]
01-25 14:14:12.757  4068  4068 D U+Box HomeShare: DeviceListManager [isExistDevice] Ret : false Index : -1
01-25 14:14:12.767  4068  4068 D U+Box HomeShare: null Test RandCtn : STBG00:1C:62:86:CA:57
01-25 14:14:12.767  4068  4068 D U+Box HomeShare: null Test RandCtn : STBG00:1C:62:86:CA:57
01-25 14:14:13.217  4068  4068 D U+Box HomeShare: DlnaServiceManager [DEVLIST:PERF:DLNA] DlnaServiceManager.onDeviceDescriptionAdded :  COneCPDeviceDescr [LOCAL:DMR, ID=uuid:b9258d4a-bf14-f0fb-b471-fb25a2db231f, Name=U+TV, Icon=http://192.168.219.104:38400/icon/icon120x120.png, Manuf.=LG U+(http://www.lguplus.co.kr), ModelDesc.=U+ Shoot&Play, Model=U+ Shoot&Play(1.0, http://www.lguplus.co.kr), Pt. URL=, Addr.=192.168.219.104, Port=1900, SN=, UPC=, UPnP Type=urn:schemas-upnp-org:device:MediaRenderer:1, URLBase=, Import=0, Export=0, ContinuousPlay=0, Nickname=null, AudioSyncExcess=0, VideoSyncExcess=0, ImageSyncExcess=0, DocumentSyncExcess=0]
01-25 14:14:13.217  4068  4068 D U+Box HomeShare: DeviceListManager onDeviceAdd : U+TV U+ Shoot&Play
01-25 14:14:13.217  4068  4068 D U+Box HomeShare: DeviceListManager [DEVLIST:PERF] ===> LGW=null, HGW=, DEV GW=null, DeviceDES= COneCPDeviceDescr [LOCAL:DMR, ID=uuid:b9258d4a-bf14-f0fb-b471-fb25a2db231f, Name=U+TV, Icon=http://192.168.219.104:38400/icon/icon120x120.png, Manuf.=LG U+(http://www.lguplus.co.kr), ModelDesc.=U+ Shoot&Play, Model=U+ Shoot&Play(1.0, http://www.lguplus.co.kr), Pt. URL=, Addr.=192.168.219.104, Port=1900, SN=, UPC=, UPnP Type=urn:schemas-upnp-org:device:MediaRenderer:1, URLBase=, Import=0, Export=0, ContinuousPlay=0, Nickname=null, AudioSyncExcess=0, VideoSyncExcess=0, ImageSyncExcess=0, DocumentSyncExcess=0]
01-25 14:14:13.237  4068  4068 D dalvikvm: GC_FOR_ALLOC freed 393K, 18% free 3810K/4604K, paused 24ms, total 24ms
01-25 14:14:13.267  4068  4068 D U+Box HomeShare: ConnectionManager AIPAddress fe80::21c:62ff:fe86:ca57%eth0
01-25 14:14:13.267  4068  4068 D U+Box HomeShare: ConnectionManager AIPAddress 192.168.219.104
01-25 14:14:13.267  4068  4068 D U+Box HomeShare: DeviceListManager [DEVLIST:PERF] DevListMgr.onDeviceAdd: GWID: null, DeviceDescr:  COneCPDeviceDescr [DLNA:DMR, ID=uuid:b9258d4a-bf14-f0fb-b471-fb25a2db231f, Name=U+TV, Icon=http://192.168.219.104:38400/icon/icon120x120.png, Manuf.=LG U+(http://www.lguplus.co.kr), ModelDesc.=U+ Shoot&Play, Model=U+ Shoot&Play(1.0, http://www.lguplus.co.kr), Pt. URL=, Addr.=192.168.219.104, Port=1900, SN=, UPC=, UPnP Type=urn:schemas-upnp-org:device:MediaRenderer:1, URLBase=, Import=0, Export=0, ContinuousPlay=0, Nickname=null, AudioSyncExcess=0, VideoSyncExcess=0, ImageSyncExcess=0, DocumentSyncExcess=0]
01-25 14:14:13.267  4068  4068 D U+Box HomeShare: DeviceListManager [isExistDevice] Ret : false Index : -1
01-25 14:14:13.287  4068  4072 D dalvikvm: GC_CONCURRENT freed 448K, 17% free 3862K/4604K, paused 3ms+2ms, total 28ms
01-25 14:14:13.287  4068  4068 D dalvikvm: WAIT_FOR_CONCURRENT_GC blocked 17ms
01-25 14:14:13.287  4068  4068 D U+Box HomeShare: null Test RandCtn : STBG00:1C:62:86:CA:57
01-25 14:14:13.287  4068  4068 D U+Box HomeShare: null Test RandCtn : STBG00:1C:62:86:CA:57
01-25 14:14:14.947   926   926 D LIVE-LGE-XCHECKER: startCrossCheck:139, stream err: 0, pcr err: 0, max_check_count: 40
01-25 14:14:15.827  2155  2155 I VOD-PINEONE-LAUNCHER: [CategoryAlarmReceiver] onReceive()[19] >> [onReceive] Category Alarm Receive!!
01-25 14:14:15.827  2155   649 I VOD-PINEONE-LAUNCHER: [CategoryMenuManager] getMenuDataVersion()[103] >> [getMenuDataVersion] file path: /LGU_data/ma/version.cfg
01-25 14:14:15.827  2155   649 I VOD-PINEONE-LAUNCHER: [CategoryMenuManager$1] run()[66] >> [getMenuDataVersion] currentVersion: VERSION=0xde
01-25 14:14:15.827  2155   649 I VOD-PINEONE-LAUNCHER: , fileVersion: VERSION=0xde
01-25 14:14:15.827  2155   649 I VOD-PINEONE-LAUNCHER: 
01-25 14:14:16.037  2363  2367 D dalvikvm: GC_CONCURRENT freed 386K, 20% free 2505K/3120K, paused 2ms+1ms, total 16ms
01-25 14:14:17.417  2093  2115 D dalvikvm: GC_CONCURRENT freed 424K, 20% free 2643K/3296K, paused 2ms+2ms, total 20ms
01-25 14:14:18.367   904  1026 D SETTINGS-LGE-IptvStorageManager: readUserPreference(LASTCHANNEL) called 
01-25 14:14:18.367   904  1026 D SETTINGS-LGE-IptvStorageManager: readUserPreference() : /LGU_data/UP/LASTCHANNEL.1 file does not exist
01-25 14:14:18.367   904  1026 D SETTINGS-LGE-IptvStorageManager: readUserPreference(LASTCHANNEL, 1) SUCCESS
01-25 14:14:18.367  1367  1391 I LIVE-LGE-JNI: readUP[LASTCHANNEL] 0th PrefValue : 677
01-25 14:14:19.947   926   926 D LIVE-LGE-XCHECKER: startCrossCheck:139, stream err: 0, pcr err: 0, max_check_count: 40
01-25 14:14:21.147  2093  2115 D dalvikvm: GC_CONCURRENT freed 409K, 21% free 2624K/3296K, paused 3ms+2ms, total 20ms
01-25 14:14:24.947   926   926 D LIVE-LGE-XCHECKER: startCrossCheck:139, stream err: 0, pcr err: 0, max_check_count: 40
01-25 14:14:29.567  4068  4068 D U+Box HomeShare: HomeShareReceiver [Receive Intent] Action : com.lguplus.iptv3.homesharestb.SERVICE.RESTART
01-25 14:14:29.567  4068  4068 D U+Box HomeShare: HomeShareReceiver Receive : INTENT_HOMESHARE_SERVICE_RESTART ( Service Started : true )
01-25 14:14:29.947   926   926 D LIVE-LGE-XCHECKER: startCrossCheck:139, stream err: 0, pcr err: 0, max_check_count: 40
01-25 14:14:30.597  2155  2155 D ETC-PINEONE-LAUNCHER: [SystemButton] setNotificationCount()[103] >> notification count 4
01-25 14:14:32.437  2093  2115 D dalvikvm: GC_CONCURRENT freed 398K, 21% free 2625K/3284K, paused 2ms+2ms, total 20ms
01-25 14:14:32.537   904  1027 D SETTINGS-LGE-IptvStorageManager: readUserPreference(IPTV_ENABLED) called 
01-25 14:14:32.537   904  1027 D SETTINGS-LGE-IptvStorageManager: readUserPreference() : /LGU_data/UP/IPTV_ENABLED.1 file does not exist
01-25 14:14:32.537   904  1027 D SETTINGS-LGE-IptvStorageManager: readUserPreference(IPTV_ENABLED, 1) SUCCESS
01-25 14:14:32.537  3224  3224 I LIVE-LGE-JNI: readUP[IPTV_ENABLED] 0th PrefValue : true
01-25 14:14:34.947   926   926 D LIVE-LGE-XCHECKER: startCrossCheck:139, stream err: 0, pcr err: 0, max_check_count: 40
01-25 14:14:36.237  2093  2115 D dalvikvm: GC_CONCURRENT freed 406K, 20% free 2627K/3284K, paused 2ms+2ms, total 20ms
01-25 14:14:39.337   361   361 I AnypointAD - t.a.a.c.s.MonitorScheduler: [56] start monitoring..
01-25 14:14:39.347   361  3695 I AnypointAD - t.a.a.c.s.PushMsgClient: [179] connection: TCPNIOConnection{localSocketAddress={/192.168.219.104:43956}, peerSocketAddress={/52.79.82.81:31102}}, isConnected: true, lastReceivedTime: 1516857241480
01-25 14:14:39.347   361   361 I AnypointAD - t.a.a.c.s.MonitorScheduler: [84] register boot ad call alarm.
01-25 14:14:39.357   361  3695 I AnypointAD - t.a.a.c.s.PushMsgClient: [154] Sending device event: Heartbeat
01-25 14:14:39.357   361  3697 I AnypointAD - t.a.a.c.m.ServerMessageProcessorFactory: [101] received message from server: HeartbeatMessage
01-25 14:14:39.357   361   361 I AnypointAD - t.a.a.c.s.MonitorScheduler: [89] monitoring finished..
01-25 14:14:39.367  1754  1773 E NotificationService: Ignoring notification with icon==0: Notification(pri=0 contentView=null vibrate=null sound=null defaults=0x0 flags=0x62 kind=[null])
01-25 14:14:39.377   361   361 I AnypointAD - t.a.a.c.a.StartService: [15] StartService start...4491, class tv.anypoint.android.core.app.StartService
01-25 14:14:39.957   926   926 D LIVE-LGE-XCHECKER: startCrossCheck:139, stream err: 0, pcr err: 0, max_check_count: 40
01-25 14:14:44.877  2363  2367 D dalvikvm: GC_CONCURRENT freed 387K, 20% free 2504K/3120K, paused 1ms+1ms, total 15ms
01-25 14:14:44.957   926   926 D LIVE-LGE-XCHECKER: startCrossCheck:139, stream err: 0, pcr err: 0, max_check_count: 40
01-25 14:14:46.777  1754  2028 W ThrottleService: unable to find stats for iface rmnet0
01-25 14:14:47.627  2093  2115 D dalvikvm: GC_CONCURRENT freed 398K, 21% free 2620K/3284K, paused 2ms+2ms, total 19ms
01-25 14:14:48.367   904   920 D SETTINGS-LGE-IptvStorageManager: readUserPreference(LASTCHANNEL) called 
01-25 14:14:48.367   904   920 D SETTINGS-LGE-IptvStorageManager: readUserPreference() : /LGU_data/UP/LASTCHANNEL.1 file does not exist
01-25 14:14:48.367   904   920 D SETTINGS-LGE-IptvStorageManager: readUserPreference(LASTCHANNEL, 1) SUCCESS
01-25 14:14:48.367  1367  1392 I LIVE-LGE-JNI: readUP[LASTCHANNEL] 0th PrefValue : 677
01-25 14:14:49.957   926   926 D LIVE-LGE-XCHECKER: startCrossCheck:139, stream err: 0, pcr err: 0, max_check_count: 40
01-25 14:14:51.067  2093  2115 D dalvikvm: GC_CONCURRENT freed 382K, 21% free 2625K/3284K, paused 2ms+1ms, total 19ms
01-25 14:14:54.957   926   926 D LIVE-LGE-XCHECKER: startCrossCheck:139, stream err: 0, pcr err: 0, max_check_count: 40
01-25 14:14:59.567  4068  4068 D U+Box HomeShare: HomeShareReceiver [Receive Intent] Action : com.lguplus.iptv3.homesharestb.SERVICE.RESTART
01-25 14:14:59.567  4068  4068 D U+Box HomeShare: HomeShareReceiver Receive : INTENT_HOMESHARE_SERVICE_RESTART ( Service Started : true )
01-25 14:14:59.957   926   926 D LIVE-LGE-XCHECKER: startCrossCheck:139, stream err: 0, pcr err: 0, max_check_count: 40
01-25 14:15:00.597  2155  2155 D ETC-PINEONE-LAUNCHER: [SystemButton] setNotificationCount()[103] >> notification count 4
01-25 14:15:02.117  2093  2115 D dalvikvm: GC_CONCURRENT freed 395K, 21% free 2619K/3284K, paused 2ms+2ms, total 21ms
01-25 14:15:02.547   904   904 D SETTINGS-LGE-IptvStorageManager: readUserPreference(IPTV_ENABLED) called 
01-25 14:15:02.547   904   904 D SETTINGS-LGE-IptvStorageManager: readUserPreference() : /LGU_data/UP/IPTV_ENABLED.1 file does not exist
01-25 14:15:02.547   904   904 D SETTINGS-LGE-IptvStorageManager: readUserPreference(IPTV_ENABLED, 1) SUCCESS
01-25 14:15:02.557  3224  3224 I LIVE-LGE-JNI: readUP[IPTV_ENABLED] 0th PrefValue : true
01-25 14:15:04.957   926   926 D LIVE-LGE-XCHECKER: startCrossCheck:139, stream err: 0, pcr err: 0, max_check_count: 40
01-25 14:15:05.647   361  3698 I AnypointAD - t.a.a.c.m.ServerMessageProcessorFactory: [101] received message from server: CueMessage
01-25 14:15:05.657   361  3698 I AnypointAD - t.a.a.c.m.s.p.c.CueMessageProcessor: [42] got cueMessage. type: 0, cueId: 0, time: Thu Jan 25 14:15:11 GMT+09:00 2018, ppId: 115, time: 1516857311598, duration: 120000, owner: 1
01-25 14:15:05.657   361  3698 I AnypointAD - t.a.a.c.s.CueManager: [174] currentDeviceChannel is not exist.
01-25 14:15:05.667   361  3698 I AnypointAD - t.a.a.c.s.CueManager: [68] receive cue but this device is not available.
01-25 14:15:05.687   361   365 D dalvikvm: GC_CONCURRENT freed 389K, 17% free 3729K/4484K, paused 2ms+2ms, total 26ms
01-25 14:15:06.267  2093  2115 D dalvikvm: GC_CONCURRENT freed 393K, 20% free 2629K/3284K, paused 1ms+2ms, total 19ms
01-25 14:15:09.957   926   926 D LIVE-LGE-XCHECKER: startCrossCheck:139, stream err: 0, pcr err: 0, max_check_count: 40
01-25 14:15:11.127  1754  1827 I TvWindowManager: AUTO_STANDBY : AutoStandbyCheckTask started - curTime = 270771096 / lastKeyInTime = 270711096
01-25 14:15:11.127  1754  1827 I TvWindowManager: AUTO_STANDBY : resetLastKeyInTimeInNotActivePowerModeState() - Last key in time = 270771096
01-25 14:15:13.847  2363  2367 D dalvikvm: GC_CONCURRENT freed 386K, 20% free 2505K/3120K, paused 1ms+2ms, total 15ms
01-25 14:15:14.957   926   926 D LIVE-LGE-XCHECKER: startCrossCheck:139, stream err: 0, pcr err: 0, max_check_count: 40
01-25 14:15:15.217   361  3700 I AnypointAD - t.a.a.c.m.ServerMessageProcessorFactory: [101] received message from server: CueMessage
01-25 14:15:15.217   361  3700 I AnypointAD - t.a.a.c.m.s.p.c.CueMessageProcessor: [42] got cueMessage. type: 0, cueId: 0, time: Thu Jan 25 14:15:21 GMT+09:00 2018, ppId: 184, time: 1516857321282, duration: 120000, owner: 1
01-25 14:15:15.227   361  3700 I AnypointAD - t.a.a.c.s.CueManager: [174] currentDeviceChannel is not exist.
01-25 14:15:15.227   361  3700 I AnypointAD - t.a.a.c.s.CueManager: [68] receive cue but this device is not available.
01-25 14:15:15.837  2155  2155 I VOD-PINEONE-LAUNCHER: [CategoryAlarmReceiver] onReceive()[19] >> [onReceive] Category Alarm Receive!!
01-25 14:15:15.837  2155   881 I VOD-PINEONE-LAUNCHER: [CategoryMenuManager] getMenuDataVersion()[103] >> [getMenuDataVersion] file path: /LGU_data/ma/version.cfg
01-25 14:15:15.837  2155   881 I VOD-PINEONE-LAUNCHER: [CategoryMenuManager$1] run()[66] >> [getMenuDataVersion] currentVersion: VERSION=0xde
01-25 14:15:15.837  2155   881 I VOD-PINEONE-LAUNCHER: , fileVersion: VERSION=0xde
01-25 14:15:15.837  2155   881 I VOD-PINEONE-LAUNCHER: 
01-25 14:15:17.487  2093  2115 D dalvikvm: GC_CONCURRENT freed 427K, 20% free 2642K/3300K, paused 1ms+2ms, total 20ms
01-25 14:15:18.367   904  1026 D SETTINGS-LGE-IptvStorageManager: readUserPreference(LASTCHANNEL) called 
01-25 14:15:18.367   904  1026 D SETTINGS-LGE-IptvStorageManager: readUserPreference() : /LGU_data/UP/LASTCHANNEL.1 file does not exist
01-25 14:15:18.367   904  1026 D SETTINGS-LGE-IptvStorageManager: readUserPreference(LASTCHANNEL, 1) SUCCESS
01-25 14:15:18.367  1367  1391 I LIVE-LGE-JNI: readUP[LASTCHANNEL] 0th PrefValue : 677
01-25 14:15:19.957   926   926 D LIVE-LGE-XCHECKER: startCrossCheck:139, stream err: 0, pcr err: 0, max_check_count: 40
01-25 14:15:21.237  2093  2115 D dalvikvm: GC_CONCURRENT freed 415K, 21% free 2618K/3300K, paused 2ms+1ms, total 21ms
01-25 14:15:24.967   926   926 D LIVE-LGE-XCHECKER: startCrossCheck:139, stream err: 0, pcr err: 0, max_check_count: 40
01-25 14:15:29.567  4068  4068 D U+Box HomeShare: HomeShareReceiver [Receive Intent] Action : com.lguplus.iptv3.homesharestb.SERVICE.RESTART
01-25 14:15:29.567  4068  4068 D U+Box HomeShare: HomeShareReceiver Receive : INTENT_HOMESHARE_SERVICE_RESTART ( Service Started : true )
01-25 14:15:29.967   926   926 D LIVE-LGE-XCHECKER: startCrossCheck:139, stream err: 0, pcr err: 0, max_check_count: 40
01-25 14:15:30.607  2155  2155 D ETC-PINEONE-LAUNCHER: [SystemButton] setNotificationCount()[103] >> notification count 4
01-25 14:15:30.697   801  1042 I EventLogChimeraService: Aggregate from 1516855590821 (log), 1516855590663 (data)
01-25 14:15:30.717   801   804 D dalvikvm: GC_CONCURRENT freed 411K, 43% free 3396K/5888K, paused 2ms+2ms, total 45ms
01-25 14:15:31.147  1754  1848 D ConnectivityService: handleInetConditionHoldEnd: net=9, condition=100, published condition=100
01-25 14:15:32.557   904  1027 D SETTINGS-LGE-IptvStorageManager: readUserPreference(IPTV_ENABLED) called 
01-25 14:15:32.557   904  1027 D SETTINGS-LGE-IptvStorageManager: readUserPreference() : /LGU_data/UP/IPTV_ENABLED.1 file does not exist
01-25 14:15:32.557   904  1027 D SETTINGS-LGE-IptvStorageManager: readUserPreference(IPTV_ENABLED, 1) SUCCESS
01-25 14:15:32.567  3224  3224 I LIVE-LGE-JNI: readUP[IPTV_ENABLED] 0th PrefValue : true
01-25 14:15:32.607  2093  2115 D dalvikvm: GC_CONCURRENT freed 406K, 21% free 2614K/3284K, paused 3ms+1ms, total 21ms
01-25 14:15:34.967   926   926 D LIVE-LGE-XCHECKER: startCrossCheck:139, stream err: 0, pcr err: 0, max_check_count: 40
01-25 14:15:36.307  2093  2115 D dalvikvm: GC_CONCURRENT freed 388K, 21% free 2616K/3284K, paused 1ms+2ms, total 18ms
01-25 14:15:39.427   361   361 I AnypointAD - t.a.a.c.s.MonitorScheduler: [56] start monitoring..
01-25 14:15:39.427   361  3650 I AnypointAD - t.a.a.c.s.PushMsgClient: [179] connection: TCPNIOConnection{localSocketAddress={/192.168.219.104:43956}, peerSocketAddress={/52.79.82.81:31102}}, isConnected: true, lastReceivedTime: 1516857315227
