01-22 11:34:53.466  4639  4639 D U+Box HomeShare: DeviceListManager [DEVLIST:PERF] DevListMgr.onDeviceAdd: GWID: null, DeviceDescr:  COneCPDeviceDescr [LOCAL:DMR, ID=uuid:c8abc976-4631-0840-a866-a4bfd87047cd, Name=U+TV, Icon=http://192.168.219.102:38400/icon/icon120x120.png, Manuf.=LG U+(http://www.lguplus.co.kr), ModelDesc.=U+ Shoot&Play, Model=U+ Shoot&Play(1.0, http://www.lguplus.co.kr), Pt. URL=, Addr.=192.168.219.102, Port=1900, SN=, UPC=, UPnP Type=urn:schemas-upnp-org:device:MediaRenderer:1, URLBase=, Import=0, Export=0, ContinuousPlay=0, Nickname=null, AudioSyncExcess=0, VideoSyncExcess=0, ImageSyncExcess=0, DocumentSyncExcess=0]
01-22 11:34:53.466  4639  4639 D U+Box HomeShare: DeviceListManager [isExistDevice] Ret : false Index : -1
01-22 11:34:53.481   115 12429 V MediaHTTP: [MediaHTTP::readAt()] numBytesRead:65536
01-22 11:34:53.484   115 12429 V NuCachedSource2: onFetch
01-22 11:34:53.484   115 12429 V NuCachedSource2: [fetchInternal] mCacheOffset:27057999, totalSize:21037056
01-22 11:34:53.484   115 12429 V MediaHTTP: [MediaHTTP::readAt()] offset:48095055, size:65536
01-22 11:34:53.502  4165  4180 I art     : Background sticky concurrent mark sweep GC freed 1685(145KB) AllocSpace objects, 2(28KB) LOS objects, 11% free, 1811KB/2046KB, paused 41.933ms total 190.975ms
01-22 11:34:53.520  4165 12703 I v_gralloc:  > Map buffer=0xb48734a0: surface=0xb488ea08 physical=0x28bdf000 logical=0x9fab4000
01-22 11:34:53.520  4165 12703 I v_gralloc: Register buffer=0xb48734a0 from pid=4165: size=1280x720 format=1 usage=0x00000B00 info=3e:9:384000-0:0:0
01-22 11:34:53.520  4165 12703 I gralloc : bg2_gralloc_register_buffer:517, handle=0xb48734a0, width=1280, height=720, surface=0xb488ea08, phy=0x28bdf000, halFormat=306
01-22 11:34:53.525  4165 12703 I gralloc : bg2_gralloc_register_buffer:570, AMP_BD_Map finished, err=0x0, BDId=0x3ad, hnd->hBD=0xaa992000
01-22 11:34:53.526   657   665 E BufferQueueProducer: [com.lguplus.iptv3.base.launcher/com.lguplus.iptv3.base.launcher.HomeActivity] dequeueBuffer: can't dequeue multiple buffers without setting the buffer count
01-22 11:34:53.526  4165 12703 I v_egl   : procName=com.lguplus.iptv3.base.launcher, bufferCount=3
01-22 11:34:53.530   657   778 I gralloc : bg2_gralloc_free:462, handle=0xb5c40fa0, surface=0xb5c5ea08, base=0xaf198000, phy=0x28bdf000
01-22 11:34:53.531  4639  4639 D U+Box HomeShare: null Test RandCtn : STBG98:93:CC:27:35:F7
01-22 11:34:53.533  4165 12703 I gralloc : bg2_gralloc_unregister_buffer:622, hnd=0xb48734a0, surface=0xb488ea08, phy=0x28bdf000, vaddr=0x9fab4000
01-22 11:34:53.536  4639  4639 D U+Box HomeShare: null Test RandCtn : STBG98:93:CC:27:35:F7
01-22 11:34:53.541  4165 12703 I gralloc : bg2_gralloc_unregister_buffer 639. registered_buffers change to 1
01-22 11:34:53.548   657   663 I gralloc : bg2_gralloc_alloc:100 enter, w=1280, h=720, format=0x1, usage=0x300b00
01-22 11:34:53.587   657   663 I v_gralloc:  > Map buffer=0xb5c41080: surface=0xb5c5ed08 physical=0x28bdf000 logical=0xabab8000
01-22 11:34:53.588   657   663 I v_gralloc: Allocate buffer=0xb5c41080  for pid=4165: size=1280x720 format=1 usage=0x00300B00 info=3f:9:3c0000-40:6:3c00 gid=940
01-22 11:34:53.588   657   663 I gralloc : bg2_gralloc_alloc:249,  handle=0xb5c41080, alignedWidth=1280, alignedHeight=768, stride=5120, ori_phys=0x28bdf000, cur_phy=0x28c1b000, pixelFormat=19,android_Format=1, vaddr=0xabab8000
01-22 11:34:53.589   657   663 I gralloc : OVERLAY: Unexpected format ot usage[F:1, U:3148544]
01-22 11:34:53.632   115 12429 V MediaHTTP: [MediaHTTP::readAt()] numBytesRead:65536
01-22 11:34:53.636   115 12429 V NuCachedSource2: onFetch
01-22 11:34:53.636   115 12429 V NuCachedSource2: [fetchInternal] mCacheOffset:27057999, totalSize:21102592
01-22 11:34:53.636   115 12429 V MediaHTTP: [MediaHTTP::readAt()] offset:48160591, size:65536
01-22 11:34:53.643   115  2348 D NuPlayerDriver: reset(0xb28e53a0)
01-22 11:34:53.648   115 12709 D NuPlayerDriver: notifyResetComplete(0xb28e53a0)
01-22 11:34:53.666  4165 12703 I v_gralloc:  > Map buffer=0xb48734a0: surface=0xb488ea08 physical=0x28bdf000 logical=0x9f440000
01-22 11:34:53.669  4165 12703 I v_gralloc: Register buffer=0xb48734a0 from pid=4165: size=1280x720 format=1 usage=0x00300B00 info=3f:9:3c0000-40:6:3c00
01-22 11:34:53.669  4165 12703 I gralloc : bg2_gralloc_register_buffer:517, handle=0xb48734a0, width=1280, height=720, surface=0xb488ea08, phy=0x28bdf000, halFormat=212
01-22 11:34:53.670  4165 12703 I gralloc : bg2_gralloc_register_buffer:570, AMP_BD_Map finished, err=0x0, BDId=0x3ad, hnd->hBD=0xaa992000
01-22 11:34:53.677   657   665 I gralloc : bg2_gralloc_alloc:100 enter, w=1280, h=720, format=0x1, usage=0x300b00
01-22 11:34:53.710   657   665 I v_gralloc:  > Map buffer=0xb2a2e900: surface=0xb29d8508 physical=0x28f9f000 logical=0xab6f8000
01-22 11:34:53.710   657   665 I v_gralloc: Allocate buffer=0xb2a2e900  for pid=4165: size=1280x720 format=1 usage=0x00300B00 info=41:9:3c0000-42:6:3c00 gid=942
01-22 11:34:53.711   657   665 I gralloc : bg2_gralloc_alloc:249,  handle=0xb2a2e900, alignedWidth=1280, alignedHeight=768, stride=5120, ori_phys=0x28f9f000, cur_phy=0x28fdb000, pixelFormat=19,android_Format=1, vaddr=0xab6f8000
01-22 11:34:53.711   657   665 I gralloc : OVERLAY: Unexpected format ot usage[F:1, U:3148544]
01-22 11:34:53.711   657   665 I gralloc : bg2_gralloc_alloc:100 enter, w=1280, h=720, format=0x1, usage=0x300b00
01-22 11:34:53.737   115 12429 V MediaHTTP: [MediaHTTP::readAt()] numBytesRead:65536
01-22 11:34:53.750   115 12429 V NuCachedSource2: onFetch
01-22 11:34:53.751   657   665 I v_gralloc:  > Map buffer=0xb2a2e9e0: surface=0xb29d8808 physical=0x2935f000 logical=0xab338000
01-22 11:34:53.752   657   665 I v_gralloc: Allocate buffer=0xb2a2e9e0  for pid=4165: size=1280x720 format=1 usage=0x00300B00 info=43:9:3c0000-44:6:3c00 gid=944
01-22 11:34:53.752   657   665 I gralloc : bg2_gralloc_alloc:249,  handle=0xb2a2e9e0, alignedWidth=1280, alignedHeight=768, stride=5120, ori_phys=0x2935f000, cur_phy=0x2939b000, pixelFormat=19,android_Format=1, vaddr=0xab338000
01-22 11:34:53.752   657   665 I gralloc : OVERLAY: Unexpected format ot usage[F:1, U:3148544]
01-22 11:34:53.753   115 12429 V NuCachedSource2: [fetchInternal] mCacheOffset:27057999, totalSize:21168128
01-22 11:34:53.755   115 12429 V MediaHTTP: [MediaHTTP::readAt()] offset:48226127, size:65536
01-22 11:34:53.806  1075  1075 I #LGIME  : ### onFinishInput
01-22 11:34:53.807  1075  1075 I #LGIME  : ### onStartInput
01-22 11:34:53.811  4165  4180 I art     : Background sticky concurrent mark sweep GC freed 217(33KB) AllocSpace objects, 0(0B) LOS objects, 6% free, 1905KB/2046KB, paused 53.865ms total 184.541ms
01-22 11:34:53.827  1075  1075 I #LGIME  : ### updateRCU_Status()
01-22 11:34:53.827  1075  1075 I #LGIME  : ### saved inputMehtod : 1
01-22 11:34:53.831  1075  1075 I #LGIME  : ### device.getName() : LGU 2ND UHD RCU RS ,device.getBondState() : 12
01-22 11:34:53.837  1075  1075 I #LGIME  : ImsInputHangul.setMethod = 1
01-22 11:34:53.846   115 12429 V MediaHTTP: [MediaHTTP::readAt()] numBytesRead:65536
01-22 11:34:53.846   115 12429 V NuCachedSource2: onFetch
01-22 11:34:53.846   115 12429 V NuCachedSource2: [fetchInternal] mCacheOffset:27057999, totalSize:21233664
01-22 11:34:53.846   115 12429 V MediaHTTP: [MediaHTTP::readAt()] offset:48291663, size:65536
01-22 11:34:53.856  1075  1075 I #LGIME  : ### set Chunjiin
01-22 11:34:53.870  1075  1075 I #LGIME  : ### device.getName() : LGU 2ND UHD RCU RS HEADSET ,device.getBondState() : 12
01-22 11:34:53.878  1075  1075 I #LGIME  : ImsInputHangul.setMethod = 1
01-22 11:34:53.891   115 12429 V MediaHTTP: [MediaHTTP::readAt()] numBytesRead:65536
01-22 11:34:53.891   115 12429 V NuCachedSource2: onFetch
01-22 11:34:53.891   115 12429 V NuCachedSource2: [fetchInternal] mCacheOffset:27057999, totalSize:21299200
01-22 11:34:53.891   115 12429 V MediaHTTP: [MediaHTTP::readAt()] offset:48357199, size:65536
01-22 11:34:53.902  1075  1075 I #LGIME  : ### set Chunjiin
01-22 11:34:53.902  1075  1075 I #LGIME  : ### mRCU_Paired : 1
01-22 11:34:53.902  1075  1075 I #LGIME  : Editor Info input type is : 0
01-22 11:34:53.902  1075  1075 I #LGIME  : Editor Info input type class is : 0
01-22 11:34:53.917   115 12429 V MediaHTTP: [MediaHTTP::readAt()] numBytesRead:65536
01-22 11:34:53.917   115 12429 V NuCachedSource2: onFetch
01-22 11:34:53.917   115 12429 V NuCachedSource2: [fetchInternal] mCacheOffset:27057999, totalSize:21364736
01-22 11:34:53.917   115 12429 V MediaHTTP: [MediaHTTP::readAt()] offset:48422735, size:65536
01-22 11:34:53.965  1075  1075 I #LGIME  : ImsInputHangul.setMethod = 1
01-22 11:34:53.984   115 12429 V MediaHTTP: [MediaHTTP::readAt()] numBytesRead:65536
01-22 11:34:53.984   115 12429 V NuCachedSource2: onFetch
01-22 11:34:53.984   115 12429 V NuCachedSource2: [fetchInternal] mCacheOffset:27057999, totalSize:21430272
01-22 11:34:53.985   115 12429 V MediaHTTP: [MediaHTTP::readAt()] offset:48488271, size:65536
01-22 11:34:54.019   115 12429 V MediaHTTP: [MediaHTTP::readAt()] numBytesRead:65536
01-22 11:34:54.019   115 12429 V NuCachedSource2: onFetch
01-22 11:34:54.020   115 12429 V NuCachedSource2: [fetchInternal] mCacheOffset:27057999, totalSize:21495808
01-22 11:34:54.020   115 12429 V MediaHTTP: [MediaHTTP::readAt()] offset:48553807, size:65536
01-22 11:34:54.050  4165  4180 I art     : Background sticky concurrent mark sweep GC freed 506(70KB) AllocSpace objects, 0(0B) LOS objects, 10% free, 1839KB/2046KB, paused 28.627ms total 47.844ms
01-22 11:34:54.050   115 12429 V MediaHTTP: [MediaHTTP::readAt()] numBytesRead:65536
01-22 11:34:54.050   115 12429 V NuCachedSource2: onFetch
01-22 11:34:54.050   115 12429 V NuCachedSource2: [fetchInternal] mCacheOffset:27057999, totalSize:21561344
01-22 11:34:54.050   115 12429 V MediaHTTP: [MediaHTTP::readAt()] offset:48619343, size:65536
01-22 11:34:54.096   115 12429 V MediaHTTP: [MediaHTTP::readAt()] numBytesRead:65536
01-22 11:34:54.096   115 12429 V NuCachedSource2: onFetch
01-22 11:34:54.096   115 12429 V NuCachedSource2: [fetchInternal] mCacheOffset:27057999, totalSize:21626880
01-22 11:34:54.096   115 12429 V MediaHTTP: [MediaHTTP::readAt()] offset:48684879, size:65536
01-22 11:34:54.134   115 12429 V MediaHTTP: [MediaHTTP::readAt()] numBytesRead:65536
01-22 11:34:54.134   115 12429 V NuCachedSource2: onFetch
01-22 11:34:54.134   115 12429 V NuCachedSource2: [fetchInternal] mCacheOffset:27057999, totalSize:21692416
01-22 11:34:54.134   115 12429 V MediaHTTP: [MediaHTTP::readAt()] offset:48750415, size:65536
01-22 11:34:54.159   115 12429 V MediaHTTP: [MediaHTTP::readAt()] numBytesRead:65536
01-22 11:34:54.159   115 12429 V NuCachedSource2: onFetch
01-22 11:34:54.159   115 12429 V NuCachedSource2: [fetchInternal] mCacheOffset:27057999, totalSize:21757952
01-22 11:34:54.159   115 12429 V MediaHTTP: [MediaHTTP::readAt()] offset:48815951, size:65536
01-22 11:34:54.200   115 12429 V MediaHTTP: [MediaHTTP::readAt()] numBytesRead:65536
01-22 11:34:54.225   115 12429 V NuCachedSource2: onFetch
01-22 11:34:54.225   115 12429 V NuCachedSource2: [fetchInternal] mCacheOffset:27057999, totalSize:21823488
01-22 11:34:54.225   115 12429 V MediaHTTP: [MediaHTTP::readAt()] offset:48881487, size:65536
01-22 11:34:54.244   115 12429 V MediaHTTP: [MediaHTTP::readAt()] numBytesRead:65536
01-22 11:34:54.245   115 12429 V NuCachedSource2: onFetch
01-22 11:34:54.245   115 12429 V NuCachedSource2: [fetchInternal] mCacheOffset:27057999, totalSize:21889024
01-22 11:34:54.245   115 12429 V MediaHTTP: [MediaHTTP::readAt()] offset:48947023, size:65536
01-22 11:34:54.279   115 12429 V MediaHTTP: [MediaHTTP::readAt()] numBytesRead:65536
01-22 11:34:54.281   115 12429 V NuCachedSource2: onFetch
01-22 11:34:54.281   115 12429 V NuCachedSource2: [fetchInternal] mCacheOffset:27057999, totalSize:21954560
01-22 11:34:54.281   115 12429 V MediaHTTP: [MediaHTTP::readAt()] offset:49012559, size:65536
01-22 11:34:54.305   115 12429 V MediaHTTP: [MediaHTTP::readAt()] numBytesRead:65536
01-22 11:34:54.305   115 12429 V NuCachedSource2: onFetch
01-22 11:34:54.305   115 12429 V NuCachedSource2: [fetchInternal] mCacheOffset:27057999, totalSize:22020096
01-22 11:34:54.305   115 12429 V MediaHTTP: [MediaHTTP::readAt()] offset:49078095, size:65536
01-22 11:34:54.330   115 12429 V MediaHTTP: [MediaHTTP::readAt()] numBytesRead:65536
01-22 11:34:54.330   115 12429 V NuCachedSource2: onFetch
01-22 11:34:54.330   115 12429 V NuCachedSource2: [fetchInternal] mCacheOffset:27057999, totalSize:22085632
01-22 11:34:54.330   115 12429 V MediaHTTP: [MediaHTTP::readAt()] offset:49143631, size:65536
01-22 11:34:54.353   115 12429 V MediaHTTP: [MediaHTTP::readAt()] numBytesRead:65536
01-22 11:34:54.353   115 12429 V NuCachedSource2: onFetch
01-22 11:34:54.353   115 12429 V NuCachedSource2: [fetchInternal] mCacheOffset:27057999, totalSize:22151168
01-22 11:34:54.353   115 12429 V MediaHTTP: [MediaHTTP::readAt()] offset:49209167, size:65536
01-22 11:34:54.393   115 12429 V MediaHTTP: [MediaHTTP::readAt()] numBytesRead:65536
01-22 11:34:54.395   115 12429 V NuCachedSource2: onFetch
01-22 11:34:54.395   115 12429 V NuCachedSource2: [fetchInternal] mCacheOffset:27057999, totalSize:22216704
01-22 11:34:54.395   115 12429 V MediaHTTP: [MediaHTTP::readAt()] offset:49274703, size:65536
01-22 11:34:54.427   115 12429 V MediaHTTP: [MediaHTTP::readAt()] numBytesRead:65536
01-22 11:34:54.427   115 12429 V NuCachedSource2: onFetch
01-22 11:34:54.427   115 12429 V NuCachedSource2: [fetchInternal] mCacheOffset:27057999, totalSize:22282240
01-22 11:34:54.427   115 12429 V MediaHTTP: [MediaHTTP::readAt()] offset:49340239, size:65536
01-22 11:34:54.462   115 12429 V MediaHTTP: [MediaHTTP::readAt()] numBytesRead:65536
01-22 11:34:54.462   115 12429 V NuCachedSource2: onFetch
01-22 11:34:54.462   115 12429 V NuCachedSource2: [fetchInternal] mCacheOffset:27057999, totalSize:22347776
01-22 11:34:54.462   115 12429 V MediaHTTP: [MediaHTTP::readAt()] offset:49405775, size:65536
01-22 11:34:54.486  4165 12703 I v_gralloc:  > Map buffer=0xb4873200: surface=0xb4890208 physical=0x28f9f000 logical=0x9f080000
01-22 11:34:54.486  4165 12703 I v_gralloc: Register buffer=0xb4873200 from pid=4165: size=1280x720 format=1 usage=0x00300B00 info=41:9:3c0000-42:6:3c00
01-22 11:34:54.486  4165 12703 I gralloc : bg2_gralloc_register_buffer:517, handle=0xb4873200, width=1280, height=720, surface=0xb4890208, phy=0x28f9f000, halFormat=212
01-22 11:34:54.486  4165 12703 I gralloc : bg2_gralloc_register_buffer:570, AMP_BD_Map finished, err=0x0, BDId=0x3af, hnd->hBD=0xaaa3c000
01-22 11:34:54.494   588   698 I ActivityManager: Displayed com.lguplus.iptv3.base.launcher/.HomeActivity: +18s898ms
01-22 11:34:54.516   115 12429 V MediaHTTP: [MediaHTTP::readAt()] numBytesRead:65536
01-22 11:34:54.516   115 12429 V NuCachedSource2: onFetch
01-22 11:34:54.517   115 12429 V NuCachedSource2: [fetchInternal] mCacheOffset:27057999, totalSize:22413312
01-22 11:34:54.517   115 12429 V MediaHTTP: [MediaHTTP::readAt()] offset:49471311, size:65536
01-22 11:34:54.561   115 12429 V MediaHTTP: [MediaHTTP::readAt()] numBytesRead:65536
01-22 11:34:54.561   115 12429 V NuCachedSource2: onFetch
01-22 11:34:54.562   115 12429 V NuCachedSource2: [fetchInternal] mCacheOffset:27057999, totalSize:22478848
01-22 11:34:54.562   115 12429 V MediaHTTP: [MediaHTTP::readAt()] offset:49536847, size:65536
01-22 11:34:54.584   115 12429 V MediaHTTP: [MediaHTTP::readAt()] numBytesRead:65536
01-22 11:34:54.584   115 12429 V NuCachedSource2: onFetch
01-22 11:34:54.584   115 12429 V NuCachedSource2: [fetchInternal] mCacheOffset:27057999, totalSize:22544384
01-22 11:34:54.584   115 12429 V MediaHTTP: [MediaHTTP::readAt()] offset:49602383, size:65536
01-22 11:34:54.612   115 12429 V MediaHTTP: [MediaHTTP::readAt()] numBytesRead:65536
01-22 11:34:54.612   115 12429 V NuCachedSource2: onFetch
01-22 11:34:54.613   115 12429 V NuCachedSource2: [fetchInternal] mCacheOffset:27057999, totalSize:22609920
01-22 11:34:54.614   115 12429 V MediaHTTP: [MediaHTTP::readAt()] offset:49667919, size:65536
01-22 11:34:54.669   115 12429 V MediaHTTP: [MediaHTTP::readAt()] numBytesRead:65536
01-22 11:34:54.669   115 12429 V NuCachedSource2: onFetch
01-22 11:34:54.669   115 12429 V NuCachedSource2: [fetchInternal] mCacheOffset:27057999, totalSize:22675456
01-22 11:34:54.670   115 12429 V MediaHTTP: [MediaHTTP::readAt()] offset:49733455, size:65536
01-22 11:34:54.702   115 12429 V MediaHTTP: [MediaHTTP::readAt()] numBytesRead:65536
01-22 11:34:54.702   115 12429 V NuCachedSource2: onFetch
01-22 11:34:54.702   115 12429 V NuCachedSource2: [fetchInternal] mCacheOffset:27057999, totalSize:22740992
01-22 11:34:54.702   115 12429 V MediaHTTP: [MediaHTTP::readAt()] offset:49798991, size:65536
01-22 11:34:54.753   115 12429 V MediaHTTP: [MediaHTTP::readAt()] numBytesRead:65536
01-22 11:34:54.753   115 12429 V NuCachedSource2: onFetch
01-22 11:34:54.753   115 12429 V NuCachedSource2: [fetchInternal] mCacheOffset:27057999, totalSize:22806528
01-22 11:34:54.753   115 12429 V MediaHTTP: [MediaHTTP::readAt()] offset:49864527, size:65536
01-22 11:34:54.784  4165  4180 I art     : Background sticky concurrent mark sweep GC freed 603(27KB) AllocSpace objects, 0(0B) LOS objects, 7% free, 1900KB/2046KB, paused 9.970ms total 64.470ms
01-22 11:34:54.798   115 12429 V MediaHTTP: [MediaHTTP::readAt()] numBytesRead:65536
01-22 11:34:54.799   115 12429 V NuCachedSource2: onFetch
01-22 11:34:54.799   115 12429 V NuCachedSource2: [fetchInternal] mCacheOffset:27057999, totalSize:22872064
01-22 11:34:54.799   115 12429 V MediaHTTP: [MediaHTTP::readAt()] offset:49930063, size:65536
01-22 11:34:54.833   115 12429 V MediaHTTP: [MediaHTTP::readAt()] numBytesRead:65536
01-22 11:34:54.833   115 12429 V NuCachedSource2: onFetch
01-22 11:34:54.834   115 12429 V NuCachedSource2: [fetchInternal] mCacheOffset:27057999, totalSize:22937600
01-22 11:34:54.834   115 12429 V MediaHTTP: [MediaHTTP::readAt()] offset:49995599, size:65536
01-22 11:34:54.862  4165  4180 W art     : Suspending all threads took: 9.956ms
01-22 11:34:54.863   115 12429 V MediaHTTP: [MediaHTTP::readAt()] numBytesRead:65536
01-22 11:34:54.863   115 12429 V NuCachedSource2: onFetch
01-22 11:34:54.863   115 12429 V NuCachedSource2: [fetchInternal] mCacheOffset:27057999, totalSize:23003136
01-22 11:34:54.863   115 12429 V MediaHTTP: [MediaHTTP::readAt()] offset:50061135, size:65536
01-22 11:34:54.870  4165  4180 I art     : Background sticky concurrent mark sweep GC freed 74(7KB) AllocSpace objects, 0(0B) LOS objects, 5% free, 1937KB/2046KB, paused 14.948ms total 44.995ms
01-22 11:34:54.892  1557  1709 E FC-CCI  : [FC-CCI][ERROR] UDP read timeout(3000ms) [UdpReader]
01-22 11:34:54.893  1557  1709 E FC-CCI  : [FC-CCI][INFO ] /LGU_data/UP/FCC_ON_OFF.0 update skipped (current=0, update=0) [CciContext]
01-22 11:34:54.911   115 12429 V MediaHTTP: [MediaHTTP::readAt()] numBytesRead:65536
01-22 11:34:54.911   115 12429 V NuCachedSource2: onFetch
01-22 11:34:54.911   115 12429 V NuCachedSource2: [fetchInternal] mCacheOffset:27057999, totalSize:23068672
01-22 11:34:54.911   115 12429 V MediaHTTP: [MediaHTTP::readAt()] offset:50126671, size:65536
01-22 11:34:54.929  4165  4165 D ETC-PINEONE-LIB: [RequestServerManager] destroyServerManager()[277] >> call destroyServerManager id = 1053731289
01-22 11:34:54.976   115 12429 V MediaHTTP: [MediaHTTP::readAt()] numBytesRead:65536
01-22 11:34:54.976   115 12429 V NuCachedSource2: onFetch
01-22 11:34:54.976   115 12429 V NuCachedSource2: [fetchInternal] mCacheOffset:27057999, totalSize:23134208
01-22 11:34:54.979   115 12429 V MediaHTTP: [MediaHTTP::readAt()] offset:50192207, size:65536
01-22 11:34:54.983  4165  4180 I art     : Background partial concurrent mark sweep GC freed 2097(101KB) AllocSpace objects, 0(0B) LOS objects, 39% free, 1856KB/3MB, paused 4.001ms total 109.479ms
01-22 11:34:55.000  4165  4165 D ETC-PINEONE-LIB: [RequestServerManager] requestServerData()[178] >> Request Server Data(cmd = SERVER_CMD_REST_CONTAINERS_V2, param = saId=M16011800006&ex-r19=1&version=2018012200_0_0
01-22 11:34:55.002   423   423 D LIVE-LGE-IptvService: readUserPreference
01-22 11:34:55.004   423   423 D LIVE-LGE-Interface: LGU_readUserPreference() : /LGU_data/UP/SERVER_BIGDATA.1 file does not exist
01-22 11:34:55.004   423   423 D LIVE-LGE-Interface: LGU_readUserPreference(SERVER_BIGDATA, 1) SUCCESS
01-22 11:34:55.010   115 12429 V MediaHTTP: [MediaHTTP::readAt()] numBytesRead:65536
01-22 11:34:55.011   115 12429 V NuCachedSource2: onFetch
01-22 11:34:55.011   115 12429 V NuCachedSource2: [fetchInternal] mCacheOffset:27057999, totalSize:23199744
01-22 11:34:55.011   115 12429 V MediaHTTP: [MediaHTTP::readAt()] offset:50257743, size:65536
01-22 11:34:55.060   115 12429 V MediaHTTP: [MediaHTTP::readAt()] numBytesRead:65536
01-22 11:34:55.060   115 12429 V NuCachedSource2: onFetch
01-22 11:34:55.060   115 12429 V NuCachedSource2: [fetchInternal] mCacheOffset:27057999, totalSize:23265280
01-22 11:34:55.060   115 12429 V MediaHTTP: [MediaHTTP::readAt()] offset:50323279, size:65536
01-22 11:34:55.097  4165 12703 I v_gralloc:  > Map buffer=0x9f8f8360: surface=0xb4890508 physical=0x2935f000 logical=0x9ecc0000
01-22 11:34:55.097  4165 12703 I v_gralloc: Register buffer=0x9f8f8360 from pid=4165: size=1280x720 format=1 usage=0x00300B00 info=43:9:3c0000-44:6:3c00
01-22 11:34:55.097  4165 12703 I gralloc : bg2_gralloc_register_buffer:517, handle=0x9f8f8360, width=1280, height=720, surface=0xb4890508, phy=0x2935f000, halFormat=212
01-22 11:34:55.097  4165 12703 I gralloc : bg2_gralloc_register_buffer:570, AMP_BD_Map finished, err=0x0, BDId=0x3b1, hnd->hBD=0xaaa3b000
01-22 11:34:55.099  4165 12735 D LIVE-LGE-JNI: readUP: 0th PrefValue : 106.103.253.96:8000
01-22 11:34:55.099  4165 12735 D ETC-PINEONE-LIB: [RestServer] getURL()[62] >> port = :8000
01-22 11:34:55.103  4165 12735 D ETC-PINEONE-LIB: [RestServer] getURL()[88] >> ==========================================
01-22 11:34:55.106  4165 12735 D ETC-PINEONE-LIB: [RestServer] getURL()[89] >> REST SERVER URL = http://106.103.253.96:8000/iptv/ra/v2/containers/getlist
01-22 11:34:55.107  4165 12735 D ETC-PINEONE-LIB: [RestServer] getURL()[90] >> ==========================================
01-22 11:34:55.107  4165 12735 D ETC-PINEONE-LIB: [ServerManager$ServerManagerThread] run()[192] >> URL : http://106.103.253.96:8000/iptv/ra/v2/containers/getlist?saId=M16011800006&ex-r19=1&version=2018012200_0_0
01-22 11:34:55.107  4165 12735 D ETC-PINEONE-LIB: [OKHttpManager] getInputStreamFromServer()[566] >> OKHttpManager call
01-22 11:34:55.107  4165 12735 D ETC-PINEONE-LIB: [OKHttpManager] getInputStreamFromServer()[583] >> OKHttpManager HTTP :: /iptv/ra/v2/containers/getlist
01-22 11:34:55.118   115 12429 V MediaHTTP: [MediaHTTP::readAt()] numBytesRead:65536
01-22 11:34:55.118   115 12429 V NuCachedSource2: onFetch
01-22 11:34:55.118   115 12429 V NuCachedSource2: [fetchInternal] mCacheOffset:27057999, totalSize:23330816
01-22 11:34:55.118   115 12429 V MediaHTTP: [MediaHTTP::readAt()] offset:50388815, size:65536
01-22 11:34:55.129  4165 12735 D ETC-PINEONE-LIB: [OKHttpManager] getInputStreamFromHTTP()[438] >> [OKHttpManager] new OkHttpClient
01-22 11:34:55.143   115 12429 V MediaHTTP: [MediaHTTP::readAt()] numBytesRead:65536
01-22 11:34:55.143   115 12429 V NuCachedSource2: onFetch
01-22 11:34:55.143   115 12429 V NuCachedSource2: [fetchInternal] mCacheOffset:27057999, totalSize:23396352
01-22 11:34:55.143   115 12429 V MediaHTTP: [MediaHTTP::readAt()] offset:50454351, size:65536
01-22 11:34:55.179   115 12429 V MediaHTTP: [MediaHTTP::readAt()] numBytesRead:65536
01-22 11:34:55.179   115 12429 V NuCachedSource2: onFetch
01-22 11:34:55.179   115 12429 V NuCachedSource2: [fetchInternal] mCacheOffset:27057999, totalSize:23461888
01-22 11:34:55.179   115 12429 V MediaHTTP: [MediaHTTP::readAt()] offset:50519887, size:65536
01-22 11:34:55.199   115 12429 V MediaHTTP: [MediaHTTP::readAt()] numBytesRead:65536
01-22 11:34:55.199   115 12429 V NuCachedSource2: onFetch
01-22 11:34:55.199   115 12429 V NuCachedSource2: [fetchInternal] mCacheOffset:27057999, totalSize:23527424
01-22 11:34:55.215   115 12429 V MediaHTTP: [MediaHTTP::readAt()] offset:50585423, size:65536
01-22 11:34:55.235  4165 12735 I ETC-PINEONE-LIB: [RestServer] getServerData()[106] >> [getServerData] serverData = {"resultCode":"A0000","version":"2018012115_1_99","totalContainerCount":4,"list":[{"containerType":"prefer","containerSubTypeCount":3,"containerSubTypeList":[{"containerSubType":"variety","containerCount":1,"containerList":[{"containerId":"prefer_variety_004","containerTitle":"<< >> ","contentCount":25}]},{"containerSubType":"ex-drama","containerCount":1,"containerList":[{"containerId":"prefer_ex-drama_002","containerTitle":" << >>","contentCount":18}]},{"containerSubType":"movie","containerCount":2,"containerList":[{"containerId":"prefer_movie_002","containerTitle":"<<   >>","contentCount":30},{"containerId":"prefer_movie_003","containerTitle":"<<>> ","contentCount":28}]}]}]}
01-22 11:34:55.243   115 12429 V MediaHTTP: [MediaHTTP::readAt()] numBytesRead:65536
01-22 11:34:55.243   115 12429 V NuCachedSource2: onFetch
01-22 11:34:55.243   115 12429 V NuCachedSource2: [fetchInternal] mCacheOffset:27057999, totalSize:23592960
01-22 11:34:55.243   115 12429 V MediaHTTP: [MediaHTTP::readAt()] offset:50650959, size:65536
01-22 11:34:55.258  4165 12735 D ETC-PINEONE-LIB: [RestServer] setServerData()[261] >> response server data : {"resultCode":"A0000","version":"2018012115_1_99","totalContainerCount":4,"list":[{"containerType":"prefer","containerSubTypeCount":3,"containerSubTypeList":[{"containerSubType":"variety","containerCount":1,"containerList":[{"containerId":"prefer_variety_004","containerTitle":"<< >> ","contentCount":25}]},{"containerSubType":"ex-drama","containerCount":1,"containerList":[{"containerId":"prefer_ex-drama_002","containerTitle":" << >>","contentCount":18}]},{"containerSubType":"movie","containerCount":2,"containerList":[{"containerId":"prefer_movie_002","containerTitle":"<<   >>","contentCount":30},{"containerId":"prefer_movie_003","containerTitle":"<<>> ","contentCount":28}]}]}]}
01-22 11:34:55.269   115 12429 V MediaHTTP: [MediaHTTP::readAt()] numBytesRead:65536
01-22 11:34:55.269   115 12429 V NuCachedSource2: onFetch
01-22 11:34:55.269   115 12429 V NuCachedSource2: [fetchInternal] mCacheOffset:27057999, totalSize:23658496
01-22 11:34:55.269   115 12429 V MediaHTTP: [MediaHTTP::readAt()] offset:50716495, size:65536
01-22 11:34:55.283  4165  4165 D ETC-PINEONE-LIB: [RequestServerManager] destroyServerManager()[277] >> call destroyServerManager id = 517084050
01-22 11:34:55.296   423  2844 D LIVE-LGE-IptvService: readUserPreference
01-22 11:34:55.296   423  2844 D LIVE-LGE-Interface: LGU_readUserPreference() : /LGU_data/UP/ONLY_FOR_KIDS.1 file does not exist
01-22 11:34:55.296   423  2844 D LIVE-LGE-Interface: LGU_readUserPreference(ONLY_FOR_KIDS, 1) SUCCESS
01-22 11:34:55.300  4165  4165 D LIVE-LGE-JNI: readUP: 0th PrefValue : Off
01-22 11:34:55.308   115 12429 V MediaHTTP: [MediaHTTP::readAt()] numBytesRead:65536
01-22 11:34:55.312   115 12429 V NuCachedSource2: onFetch
01-22 11:34:55.312   115 12429 V NuCachedSource2: [fetchInternal] mCacheOffset:27057999, totalSize:23724032
01-22 11:34:55.312   115 12429 V MediaHTTP: [MediaHTTP::readAt()] offset:50782031, size:65536
01-22 11:34:55.334   115 12429 V MediaHTTP: [MediaHTTP::readAt()] numBytesRead:65536
01-22 11:34:55.334   115 12429 V NuCachedSource2: onFetch
01-22 11:34:55.334   115 12429 V NuCachedSource2: [fetchInternal] mCacheOffset:27057999, totalSize:23789568
01-22 11:34:55.334   115 12429 V MediaHTTP: [MediaHTTP::readAt()] offset:50847567, size:65536
01-22 11:34:55.355   115 12429 V MediaHTTP: [MediaHTTP::readAt()] numBytesRead:65536
01-22 11:34:55.359   115 12429 V NuCachedSource2: onFetch
01-22 11:34:55.359   115 12429 V NuCachedSource2: [fetchInternal] mCacheOffset:27057999, totalSize:23855104
01-22 11:34:55.359   115 12429 V MediaHTTP: [MediaHTTP::readAt()] offset:50913103, size:65536
01-22 11:34:55.378   115 12429 V MediaHTTP: [MediaHTTP::readAt()] numBytesRead:65536
01-22 11:34:55.378   115 12429 V NuCachedSource2: onFetch
01-22 11:34:55.378   115 12429 V NuCachedSource2: [fetchInternal] mCacheOffset:27057999, totalSize:23920640
01-22 11:34:55.378   115 12429 V MediaHTTP: [MediaHTTP::readAt()] offset:50978639, size:65536
01-22 11:34:55.432   115 12429 V MediaHTTP: [MediaHTTP::readAt()] numBytesRead:65536
01-22 11:34:55.432   115 12429 V NuCachedSource2: onFetch
01-22 11:34:55.432   115 12429 V NuCachedSource2: [fetchInternal] mCacheOffset:27057999, totalSize:23986176
01-22 11:34:55.432   115 12429 V MediaHTTP: [MediaHTTP::readAt()] offset:51044175, size:65536
01-22 11:34:55.459   115 12429 V MediaHTTP: [MediaHTTP::readAt()] numBytesRead:65536
01-22 11:34:55.472   115 12429 V NuCachedSource2: onFetch
01-22 11:34:55.485   115 12429 V NuCachedSource2: [fetchInternal] mCacheOffset:27057999, totalSize:24051712
01-22 11:34:55.485   115 12429 V MediaHTTP: [MediaHTTP::readAt()] offset:51109711, size:65536
01-22 11:34:55.535   474   474 I cpusvc  : [restore_max_freq] max freq gonna restore to: 1200000
01-22 11:34:55.540   115 12429 V MediaHTTP: [MediaHTTP::readAt()] numBytesRead:65536
01-22 11:34:55.541   115 12429 V NuCachedSource2: onFetch
01-22 11:34:55.541   115 12429 V NuCachedSource2: [fetchInternal] mCacheOffset:27057999, totalSize:24117248
01-22 11:34:55.541   115 12429 V MediaHTTP: [MediaHTTP::readAt()] offset:51175247, size:65536
01-22 11:34:55.543  4165  4165 I ETC-PINEONE-LAUNCHER: [UplusHomeMainFragment] changeFragment()[1041] >> [CSY][MAIN] change fragment type 100
01-22 11:34:55.553  1075  1075 I #LGIME  : ### onFinishInput
01-22 11:34:55.554  1075  1075 I #LGIME  : ### onStartInput
01-22 11:34:55.559  1075  1075 I #LGIME  : ### updateRCU_Status()
01-22 11:34:55.560  4165  4165 I ETC-PINEONE-LAUNCHER: [UplusHomeChildBaseFragment] onAttach()[170] >> [CSY][CHILDBASE] onAttach(Activity)
01-22 11:34:55.561  1075  1075 I #LGIME  : ### saved inputMehtod : 1
01-22 11:34:55.561  4165  4165 I ETC-PINEONE-LAUNCHER: [UplusHomeChildContainersFragment] onCreate()[354] >> [CSY][CONTAINERS] onCreate()
01-22 11:34:55.562  4165  4165 I ETC-PINEONE-LAUNCHER: [UplusHomeChildContainersFragment] onCreateView()[370] >> [CSY][CONTAINERS] onCreateView()
01-22 11:34:55.564  1075  1075 I #LGIME  : ### device.getName() : LGU 2ND UHD RCU RS ,device.getBondState() : 12
01-22 11:34:55.570  1075  1075 I #LGIME  : ImsInputHangul.setMethod = 1
01-22 11:34:55.578  1075  1075 I #LGIME  : ### set Chunjiin
01-22 11:34:55.592  1075  1075 I #LGIME  : ### device.getName() : LGU 2ND UHD RCU RS HEADSET ,device.getBondState() : 12
01-22 11:34:55.598  1075  1075 I #LGIME  : ImsInputHangul.setMethod = 1
01-22 11:34:55.601  1075  1075 I #LGIME  : ### set Chunjiin
01-22 11:34:55.601  1075  1075 I #LGIME  : ### mRCU_Paired : 1
01-22 11:34:55.602  1075  1075 I #LGIME  : Editor Info input type is : 0
01-22 11:34:55.602  1075  1075 I #LGIME  : Editor Info input type class is : 0
01-22 11:34:55.612   115 12429 V MediaHTTP: [MediaHTTP::readAt()] numBytesRead:65536
01-22 11:34:55.612   115 12429 V NuCachedSource2: onFetch
01-22 11:34:55.612   115 12429 V NuCachedSource2: [fetchInternal] mCacheOffset:27057999, totalSize:24182784
01-22 11:34:55.612   115 12429 V MediaHTTP: [MediaHTTP::readAt()] offset:51240783, size:65536
01-22 11:34:55.614  1075  1075 I #LGIME  : ImsInputHangul.setMethod = 1
01-22 11:34:55.625   115 12429 V MediaHTTP: [MediaHTTP::readAt()] numBytesRead:65536
01-22 11:34:55.625   115 12429 V NuCachedSource2: onFetch
01-22 11:34:55.626   115 12429 V NuCachedSource2: [fetchInternal] mCacheOffset:27057999, totalSize:24248320
01-22 11:34:55.626   115 12429 V MediaHTTP: [MediaHTTP::readAt()] offset:51306319, size:65536
01-22 11:34:55.638   115 12429 V MediaHTTP: [MediaHTTP::readAt()] numBytesRead:65536
01-22 11:34:55.638   115 12429 V NuCachedSource2: onFetch
01-22 11:34:55.638   115 12429 V NuCachedSource2: [fetchInternal] mCacheOffset:27057999, totalSize:24313856
01-22 11:34:55.638   115 12429 V MediaHTTP: [MediaHTTP::readAt()] offset:51371855, size:65536
01-22 11:34:55.651   115 12429 V MediaHTTP: [MediaHTTP::readAt()] numBytesRead:65536
01-22 11:34:55.651   115 12429 V NuCachedSource2: onFetch
01-22 11:34:55.651   115 12429 V NuCachedSource2: [fetchInternal] mCacheOffset:27057999, totalSize:24379392
01-22 11:34:55.652   115 12429 V MediaHTTP: [MediaHTTP::readAt()] offset:51437391, size:65536
01-22 11:34:55.683   115 12429 V MediaHTTP: [MediaHTTP::readAt()] numBytesRead:65536
01-22 11:34:55.683   115 12429 V NuCachedSource2: onFetch
01-22 11:34:55.683   115 12429 V NuCachedSource2: [fetchInternal] mCacheOffset:27057999, totalSize:24444928
01-22 11:34:55.683   115 12429 V MediaHTTP: [MediaHTTP::readAt()] offset:51502927, size:65536
01-22 11:34:55.702   115 12429 V MediaHTTP: [MediaHTTP::readAt()] numBytesRead:65536
01-22 11:34:55.702   115 12429 V NuCachedSource2: onFetch
01-22 11:34:55.702   115 12429 V NuCachedSource2: [fetchInternal] mCacheOffset:27057999, totalSize:24510464
01-22 11:34:55.702   115 12429 V MediaHTTP: [MediaHTTP::readAt()] offset:51568463, size:65536
01-22 11:34:55.728   115 12429 V MediaHTTP: [MediaHTTP::readAt()] numBytesRead:65536
01-22 11:34:55.728   115 12429 V NuCachedSource2: onFetch
01-22 11:34:55.728   115 12429 V NuCachedSource2: [fetchInternal] mCacheOffset:27057999, totalSize:24576000
01-22 11:34:55.728   115 12429 V MediaHTTP: [MediaHTTP::readAt()] offset:51633999, size:65536
01-22 11:34:55.745   115 12429 V MediaHTTP: [MediaHTTP::readAt()] numBytesRead:65536
01-22 11:34:55.745   115 12429 V NuCachedSource2: onFetch
01-22 11:34:55.745   115 12429 V NuCachedSource2: [fetchInternal] mCacheOffset:27057999, totalSize:24641536
01-22 11:34:55.745   115 12429 V MediaHTTP: [MediaHTTP::readAt()] offset:51699535, size:65536
01-22 11:34:55.772   115 12429 V MediaHTTP: [MediaHTTP::readAt()] numBytesRead:65536
01-22 11:34:55.772   115 12429 V NuCachedSource2: onFetch
01-22 11:34:55.772   115 12429 V NuCachedSource2: [fetchInternal] mCacheOffset:27057999, totalSize:24707072
01-22 11:34:55.772   115 12429 V MediaHTTP: [MediaHTTP::readAt()] offset:51765071, size:65536
01-22 11:34:55.793   115 12429 V MediaHTTP: [MediaHTTP::readAt()] numBytesRead:65536
01-22 11:34:55.793   115 12429 V NuCachedSource2: onFetch
01-22 11:34:55.793   115 12429 V NuCachedSource2: [fetchInternal] mCacheOffset:27057999, totalSize:24772608
01-22 11:34:55.794   115 12429 V MediaHTTP: [MediaHTTP::readAt()] offset:51830607, size:65536
01-22 11:34:55.818   115 12429 V MediaHTTP: [MediaHTTP::readAt()] numBytesRead:65536
01-22 11:34:55.818   115 12429 V NuCachedSource2: onFetch
01-22 11:34:55.818   115 12429 V NuCachedSource2: [fetchInternal] mCacheOffset:27057999, totalSize:24838144
01-22 11:34:55.818   115 12429 V MediaHTTP: [MediaHTTP::readAt()] offset:51896143, size:65536
01-22 11:34:55.846   115 12429 V MediaHTTP: [MediaHTTP::readAt()] numBytesRead:65536
01-22 11:34:55.846   115 12429 V NuCachedSource2: onFetch
01-22 11:34:55.846   115 12429 V NuCachedSource2: [fetchInternal] mCacheOffset:27057999, totalSize:24903680
01-22 11:34:55.848   115 12429 V MediaHTTP: [MediaHTTP::readAt()] offset:51961679, size:65536
01-22 11:34:55.865   115 12429 V MediaHTTP: [MediaHTTP::readAt()] numBytesRead:65536
01-22 11:34:55.865   115 12429 V NuCachedSource2: onFetch
01-22 11:34:55.865   115 12429 V NuCachedSource2: [fetchInternal] mCacheOffset:27057999, totalSize:24969216
01-22 11:34:55.865   115 12429 V MediaHTTP: [MediaHTTP::readAt()] offset:52027215, size:65536
01-22 11:34:55.870   651   651 D LIVE-LGE-XCHECKER: startCrossCheck:140, stream err: 0, pcr err: 0, max_check_count: 30
01-22 11:34:55.873  4165  4165 I ETC-PINEONE-LAUNCHER: [UplusHomeChildContainersFragment] onActivityCreated()[454] >> [CSY][CONTAINERS] onActivityCreated()
01-22 11:34:55.876  4165  4165 D ETC-PINEONE-LIB: [RequestServerManager] requestServerData()[178] >> Request Server Data(cmd = SERVER_CMD_SMUX_GETMAINPANELINTERLOCKINGINFO, param = sa_id=M16011800006&stb_mac=9893.cc27.35f7&app_type=UX&panel_id=CP25&app_name=&ui_version=&pre_page=&cur_page=&dev_info=STB&os_info=android_5.1&nw_info=WIRE&dev_model=lge_hgtv2&carrier_type=L&category_gb=I30
01-22 11:34:55.883   423  2843 D LIVE-LGE-IptvService: readUserPreference
01-22 11:34:55.883   423  2843 D LIVE-LGE-Interface: LGU_readUserPreference() : /LGU_data/UP/SECURITY.1 file does not exist
01-22 11:34:55.883   423  2843 D LIVE-LGE-Interface: LGU_readUserPreference(SECURITY, 1) SUCCESS
01-22 11:34:55.883  4165 12741 D LIVE-LGE-JNI: readUP: 0th PrefValue : 0
01-22 11:34:55.884   423   703 D LIVE-LGE-IptvService: readUserPreference
01-22 11:34:55.885   423   703 D LIVE-LGE-Interface: LGU_readUserPreference() : /LGU_data/UP/SERVER_SUXM.1 file does not exist
01-22 11:34:55.893   423   703 D LIVE-LGE-Interface: LGU_readUserPreference(SERVER_SUXM, 1) SUCCESS
01-22 11:34:55.894  4165 12741 D LIVE-LGE-JNI: readUP: 0th PrefValue : suxm.uplus.co.kr:80
01-22 11:34:55.894  4165 12741 D ETC-PINEONE-LIB: [SMUXServer] getURL()[175] >> port = :80
01-22 11:34:55.895  4165 12741 D ETC-PINEONE-LIB: [SMUXServer] getURL()[207] >> ==========================================
01-22 11:34:55.895  4165 12741 D ETC-PINEONE-LIB: [SMUXServer] getURL()[208] >> SUXM SERVER URL = http://suxm.uplus.co.kr:80/smartux/
01-22 11:34:55.895  4165 12741 D ETC-PINEONE-LIB: [SMUXServer] getURL()[209] >> ==========================================
01-22 11:34:55.895  4165 12741 D ETC-PINEONE-LIB: [SMUXServer] getURL()[210] >> SUXM SERVER CMD = SERVER_CMD_SMUX_GETMAINPANELINTERLOCKINGINFO
01-22 11:34:55.896  4165 12741 D ETC-PINEONE-LIB: [ServerManager$ServerManagerThread] run()[192] >> URL : http://suxm.uplus.co.kr:80/smartux/getMainPanelInterlockingInfo?sa_id=M16011800006&stb_mac=9893.cc27.35f7&app_type=UX&panel_id=CP25&app_name=&ui_version=&pre_page=&cur_page=&dev_info=STB&os_info=android_5.1&nw_info=WIRE&dev_model=lge_hgtv2&carrier_type=L&category_gb=I30
01-22 11:34:55.896  4165 12741 D ETC-PINEONE-LIB: [OKHttpManager] getInputStreamFromServer()[566] >> OKHttpManager call
01-22 11:34:55.896  4165 12741 D ETC-PINEONE-LIB: [OKHttpManager] getInputStreamFromServer()[583] >> OKHttpManager HTTP :: /smartux/getMainPanelInterlockingInfo
01-22 11:34:55.898  4165 12741 D ETC-PINEONE-LIB: [OKHttpManager] getInputStreamFromHTTP()[438] >> [OKHttpManager] new OkHttpClient
01-22 11:34:55.905   115 12429 V MediaHTTP: [MediaHTTP::readAt()] numBytesRead:65536
01-22 11:34:55.917   115 12429 V NuCachedSource2: onFetch
01-22 11:34:55.917   115 12429 V NuCachedSource2: [fetchInternal] mCacheOffset:27057999, totalSize:25034752
01-22 11:34:55.917   115 12429 V MediaHTTP: [MediaHTTP::readAt()] offset:52092751, size:65536
01-22 11:34:55.951   115 12429 V MediaHTTP: [MediaHTTP::readAt()] numBytesRead:65536
01-22 11:34:55.951   115 12429 V NuCachedSource2: onFetch
01-22 11:34:55.951   115 12429 V NuCachedSource2: [fetchInternal] mCacheOffset:27057999, totalSize:25100288
01-22 11:34:55.951   115 12429 V MediaHTTP: [MediaHTTP::readAt()] offset:52158287, size:65536
01-22 11:34:55.960  4165 12741 D ETC-PINEONE-LIB: [SMUXServer] setServerData()[417] >> setServerData cmd  : SERVER_CMD_SMUX_GETMAINPANELINTERLOCKINGINFO
01-22 11:34:55.987  4165  4165 D ETC-PINEONE-LIB: [RequestServerManager] destroyServerManager()[277] >> call destroyServerManager id = 504149607
01-22 11:34:55.993   115 12429 V MediaHTTP: [MediaHTTP::readAt()] numBytesRead:65536
01-22 11:34:55.993   115 12429 I NuCachedSource2: Cache full, done prefetching for now
01-22 11:34:56.020  4165 12744 D ETC-PINEONE-LAUNCHER: [PanelListGeneratorObservable] appendMimsContainerHeaderItem()[255] >> [CSY][HEADER] MIMS id : 0 / title     
01-22 11:34:56.020  4165 12744 D ETC-PINEONE-LAUNCHER: [PanelListGeneratorObservable] appendMimsContainerHeaderItem()[255] >> [CSY][HEADER] MIMS id : 1 / title    
01-22 11:34:56.020  4165 12744 D ETC-PINEONE-LAUNCHER: [PanelListGeneratorObservable] appendMimsContainerHeaderItem()[255] >> [CSY][HEADER] MIMS id : 2 / title    
01-22 11:34:56.021  4165 12744 D ETC-PINEONE-LAUNCHER: [PanelListGeneratorObservable] appendMimsContainerHeaderItem()[255] >> [CSY][HEADER] MIMS id : 3 / title 4500   
01-22 11:34:56.021  4165 12744 D ETC-PINEONE-LAUNCHER: [PanelListGeneratorObservable] appendMimsContainerHeaderItem()[255] >> [CSY][HEADER] MIMS id : 4 / title   
01-22 11:34:56.021  4165 12744 D ETC-PINEONE-LAUNCHER: [PanelListGeneratorObservable] appendMimsContainerHeaderItem()[255] >> [CSY][HEADER] MIMS id : 5 / title     
01-22 11:34:56.021  4165 12744 D ETC-PINEONE-LAUNCHER: [PanelListGeneratorObservable] appendMimsContainerHeaderItem()[255] >> [CSY][HEADER] MIMS id : 6 / title  10 
01-22 11:34:56.024  4165 12744 D ETC-PINEONE-LAUNCHER: [PanelListGeneratorObservable] appendRestContainerHeaderItem()[224] >> [CSY][HEADER] Rest id : 7 / title <<   >>
01-22 11:34:56.025  4165 12744 D ETC-PINEONE-LAUNCHER: [PanelListGeneratorObservable] appendRestContainerHeaderItem()[224] >> [CSY][HEADER] Rest id : 8 / title <<>> 
01-22 11:34:56.026  4165  4165 D ETC-PINEONE-LAUNCHER: [UplusHomeChildContainersFragment$1] onCompleted()[509] >> [CSY][CONTAINERS] Get Root Container complete.
01-22 11:34:56.027   423   745 D LIVE-LGE-IptvService: readUserPreference
01-22 11:34:56.027   423   745 D LIVE-LGE-Interface: LGU_readUserPreference() : /LGU_data/UP/NETWORK_TYPE.0 file does not exist
01-22 11:34:56.027   423   745 E LIVE-LGE-Interface: LGU_readUserPreference(NETWORK_TYPE) FAIL
01-22 11:34:56.028   423   423 D LIVE-LGE-IptvService: readUserPreference
01-22 11:34:56.028   423   423 D LIVE-LGE-Interface: LGU_readUserPreference() : /LGU_data/UP/PVS_RETURN_STRING.1 file does not exist
01-22 11:34:56.028   423   423 D LIVE-LGE-Interface: LGU_readUserPreference(PVS_RETURN_STRING, 1) SUCCESS
01-22 11:34:56.029  4165  4165 D LIVE-LGE-JNI: readUP: 0th PrefValue : M16011800006182.223.73.164:1554182.223.73.164:1554182.223.73.164:155402config_305300000_201712151206.zip.enc3649Y79D605E169B4BADFA49C022E7B10ADFC061|063|062NN36492|2|1
01-22 11:34:56.029  4165  4165 D ETC-PINEONE-LIB: [RequestServerManager] requestServerData()[178] >> Request Server Data(cmd = SERVER_CMD_SMUX_GETSMUXALBUMLIST, param = sa_id=M16011800006&stb_mac=9893.cc27.35f7&app_type=UX&start_num=1&req_count=7&schedule_code=27&net_type=02&app_name=&ui_version=&pre_page=&cur_page=&dev_info=STB&os_info=android_5.1&nw_info=WIRE&dev_model=lge_hgtv2&carrier_type=L&category_gb=I30
01-22 11:34:56.031  4165  4165 D ETC-PINEONE-LIB: [RequestServerManager] requestServerData()[195] >> Request Server Data(saveParam = 0, index = -1180235686
01-22 11:34:56.032   423  2844 D LIVE-LGE-IptvService: readUserPreference
01-22 11:34:56.032   423  2844 D LIVE-LGE-Interface: LGU_readUserPreference() : /LGU_data/UP/SECURITY.1 file does not exist
01-22 11:34:56.032   423  2844 D LIVE-LGE-Interface: LGU_readUserPreference(SECURITY, 1) SUCCESS
01-22 11:34:56.033  4165 12745 D LIVE-LGE-JNI: readUP: 0th PrefValue : 0
01-22 11:34:56.033   423  2843 D LIVE-LGE-IptvService: readUserPreference
01-22 11:34:56.033   423  2843 D LIVE-LGE-Interface: LGU_readUserPreference() : /LGU_data/UP/SERVER_SUXM.1 file does not exist
01-22 11:34:56.033   423  2843 D LIVE-LGE-Interface: LGU_readUserPreference(SERVER_SUXM, 1) SUCCESS
01-22 11:34:56.033  4165 12745 D LIVE-LGE-JNI: readUP: 0th PrefValue : suxm.uplus.co.kr:80
01-22 11:34:56.034  4165 12745 D ETC-PINEONE-LIB: [SMUXServer] getURL()[175] >> port = :80
01-22 11:34:56.034  4165 12745 D ETC-PINEONE-LIB: [SMUXServer] getURL()[207] >> ==========================================
01-22 11:34:56.034  4165 12745 D ETC-PINEONE-LIB: [SMUXServer] getURL()[208] >> SUXM SERVER URL = http://suxm.uplus.co.kr:80/smartux/
01-22 11:34:56.034  4165 12745 D ETC-PINEONE-LIB: [SMUXServer] getURL()[209] >> ==========================================
01-22 11:34:56.034  4165 12745 D ETC-PINEONE-LIB: [SMUXServer] getURL()[210] >> SUXM SERVER CMD = SERVER_CMD_SMUX_GETSMUXALBUMLIST
01-22 11:34:56.034  4165 12745 D ETC-PINEONE-LIB: [ServerManager$ServerManagerThread] run()[192] >> URL : http://suxm.uplus.co.kr:80/smartux/getSUXMAlbumList?sa_id=M16011800006&stb_mac=9893.cc27.35f7&app_type=UX&start_num=1&req_count=7&schedule_code=27&net_type=02&app_name=&ui_version=&pre_page=&cur_page=&dev_info=STB&os_info=android_5.1&nw_info=WIRE&dev_model=lge_hgtv2&carrier_type=L&category_gb=I30
01-22 11:34:56.034  4165 12745 D ETC-PINEONE-LIB: [OKHttpManager] getInputStreamFromServer()[566] >> OKHttpManager call
01-22 11:34:56.035  4165 12745 D ETC-PINEONE-LIB: [OKHttpManager] getInputStreamFromServer()[583] >> OKHttpManager HTTP :: /smartux/getSUXMAlbumList
01-22 11:34:56.042  4165 12745 D ETC-PINEONE-LIB: [OKHttpManager] getInputStreamFromHTTP()[438] >> [OKHttpManager] new OkHttpClient
01-22 11:34:56.081  4165 12745 D ETC-PINEONE-LIB: [SMUXServer] setServerData()[417] >> setServerData cmd  : SERVER_CMD_SMUX_GETSMUXALBUMLIST
01-22 11:34:56.093   115 12429 V NuCachedSource2: onFetch
01-22 11:34:56.121  4165  4180 I art     : Background sticky concurrent mark sweep GC freed 5953(390KB) AllocSpace objects, 2(30KB) LOS objects, 11% free, 2MB/3MB, paused 6.714ms total 51.678ms
01-22 11:34:56.142  4165  4165 D ETC-PINEONE-LIB: [RequestServerManager] destroyServerManager()[277] >> call destroyServerManager id = -1180235686
0