01-25 08:32:57.357  1464  1498 D NoticeAgent: [Noti3_0.1.2]a|stbTypeLength : 7
01-25 08:32:57.357  1464  1498 D NoticeAgent: [Noti3_0.1.2]a|stbType : LAP250U
01-25 08:32:57.357  1464  1498 D NoticeAgent: [Noti3_0.1.2]a|chType : 0
01-25 08:32:57.357  1464  1498 D NoticeAgent: [Noti3_0.1.2]a|uiType : 1
01-25 08:32:57.357  1464  1498 D NoticeAgent: [Noti3_0.1.2]a|openCheck : 1
01-25 08:32:57.357  1464  1498 D NoticeAgent: [Noti3_0.1.2]a|linkType : 0
01-25 08:32:57.357  1464  1498 D NoticeAgent: [Noti3_0.1.2]a|noticeId : 19038
01-25 08:32:57.357  1464  1498 D NoticeAgent: [Noti3_0.1.2]a|titleLength : 18
01-25 08:32:57.367  1464  1498 D NoticeAgent: [Noti3_0.1.2]a|title :   _3.0
01-25 08:32:57.367  1464  1498 D NoticeAgent: [Noti3_0.1.2]a|stbTypeLength : 7
01-25 08:32:57.367  1464  1498 D NoticeAgent: [Noti3_0.1.2]a|stbType : LAP255U
01-25 08:32:57.367  1464  1498 D NoticeAgent: [Noti3_0.1.2]a|chType : 0
01-25 08:32:57.367  1464  1498 D NoticeAgent: [Noti3_0.1.2]a|uiType : 1
01-25 08:32:57.367  1464  1498 D NoticeAgent: [Noti3_0.1.2]a|openCheck : 1
01-25 08:32:57.367  1464  1498 D NoticeAgent: [Noti3_0.1.2]a|linkType : 0
01-25 08:32:57.367  1464  1498 D NoticeAgent: [Noti3_0.1.2]a|noticeId : 19040
01-25 08:32:57.367  1464  1498 D NoticeAgent: [Noti3_0.1.2]a|titleLength : 18
01-25 08:32:57.367  1464  1498 D NoticeAgent: [Noti3_0.1.2]a|title :   _3.0
01-25 08:32:57.367  1464  1498 D NoticeAgent: [Noti3_0.1.2]a|stbTypeLength : 6
01-25 08:32:57.367  1464  1498 D NoticeAgent: [Noti3_0.1.2]a|stbType : S60UPI
01-25 08:32:57.367  1464  1498 D NoticeAgent: [Noti3_0.1.2]a|chType : 0
01-25 08:32:57.367  1464  1498 D NoticeAgent: [Noti3_0.1.2]a|uiType : 1
01-25 08:32:57.367  1464  1498 D NoticeAgent: [Noti3_0.1.2]a|openCheck : 1
01-25 08:32:57.367  1464  1498 D NoticeAgent: [Noti3_0.1.2]a|linkType : 0
01-25 08:32:57.367  1464  1498 D NoticeAgent: [Noti3_0.1.2]a|noticeId : 19039
01-25 08:32:57.367  1464  1498 D NoticeAgent: [Noti3_0.1.2]a|titleLength : 18
01-25 08:32:57.367  1464  1498 D NoticeAgent: [Noti3_0.1.2]a|title :   _3.0
01-25 08:32:57.367  1464  1498 D NoticeAgent: [Noti3_0.1.2]a|stbTypeLength : 6
01-25 08:32:57.367  1464  1498 D NoticeAgent: [Noti3_0.1.2]a|stbType : S60UPA
01-25 08:32:57.367  1464  1498 D NoticeAgent: [Noti3_0.1.2]a|chType : 0
01-25 08:32:57.367  1464  1498 D NoticeAgent: [Noti3_0.1.2]a|uiType : 1
01-25 08:32:57.367  1464  1498 D NoticeAgent: [Noti3_0.1.2]a|openCheck : 1
01-25 08:32:57.367  1464  1498 D NoticeAgent: [Noti3_0.1.2]a|linkType : 0
01-25 08:32:57.367  1464  1498 D NoticeAgent: [Noti3_0.1.2]a|noticeId : 19041
01-25 08:32:57.367  1464  1498 D NoticeAgent: [Noti3_0.1.2]a|titleLength : 18
01-25 08:32:57.367  1464  1498 D NoticeAgent: [Noti3_0.1.2]a|title :   _3.0
01-25 08:32:57.367  1464  1498 D NoticeAgent: [Noti3_0.1.2]a|stbTypeLength : 9
01-25 08:32:57.367  1464  1498 D NoticeAgent: [Noti3_0.1.2]a|stbType : ST940I-UP
01-25 08:32:57.367  1464  1498 D NoticeAgent: [Noti3_0.1.2]a|chType : 0
01-25 08:32:57.367  1464  1498 D NoticeAgent: [Noti3_0.1.2]a|uiType : 1
01-25 08:32:57.367  1464  1498 D NoticeAgent: [Noti3_0.1.2]a|openCheck : 1
01-25 08:32:57.367  1464  1498 D NoticeAgent: [Noti3_0.1.2]a|linkType : 0
01-25 08:32:57.367  1464  1498 D NoticeAgent: [Noti3_0.1.2]a|noticeId : 18999
01-25 08:32:57.367  1464  1498 D NoticeAgent: [Noti3_0.1.2]a|titleLength : 23
01-25 08:32:57.367  1464  1498 D NoticeAgent: [Noti3_0.1.2]a|title :   _
01-25 08:32:57.367  1464  1498 D NoticeAgent: [Noti3_0.1.2]a|stbTypeLength : 1
01-25 08:32:57.377  1464  1498 D NoticeAgent: [Noti3_0.1.2]a|stbType : 0
01-25 08:32:57.377  1464  1498 D NoticeAgent: [Noti3_0.1.2]a|chType : 1
01-25 08:32:57.377  1464  1498 D NoticeAgent: [Noti3_0.1.2]a|chCount : 48
01-25 08:32:57.387  1464  1498 D NoticeAgent: [Noti3_0.1.2]a|uiType : 1
01-25 08:32:57.387  1464  1498 D NoticeAgent: [Noti3_0.1.2]a|openCheck : 1
01-25 08:32:57.387  1464  1498 D NoticeAgent: [Noti3_0.1.2]a|linkType : 0
01-25 08:32:57.387  1464  1498 D NoticeAgent: [Noti3_0.1.2]a|noticeId : 18998
01-25 08:32:57.387  1464  1498 D NoticeAgent: [Noti3_0.1.2]a|titleLength : 19
01-25 08:32:57.397  1464  1498 D NoticeAgent: [Noti3_0.1.2]a|title :   _
01-25 08:32:57.397  1464  1498 D NoticeAgent: [Noti3_0.1.2]a|stbTypeLength : 1
01-25 08:32:57.397  1464  1498 D NoticeAgent: [Noti3_0.1.2]a|stbType : 0
01-25 08:32:57.397  1464  1498 D NoticeAgent: [Noti3_0.1.2]a|chType : 1
01-25 08:32:57.397  1464  1498 D NoticeAgent: [Noti3_0.1.2]a|chCount : 4
01-25 08:32:57.397  1464  1498 D NoticeAgent: [Noti3_0.1.2]a|uiType : 1
01-25 08:32:57.397  1464  1498 D NoticeAgent: [Noti3_0.1.2]a|openCheck : 1
01-25 08:32:57.397  1464  1498 D NoticeAgent: [Noti3_0.1.2]a|linkType : 0
01-25 08:32:57.417  1464  1468 D dalvikvm: GC_CONCURRENT freed 283K, 18% free 2461K/2972K, paused 3ms+3ms, total 26ms
01-25 08:32:57.417  1464  1498 D NoticeAgent: [Noti3_0.1.2]a|noticeId : 18997
01-25 08:32:57.417  1464  1498 D NoticeAgent: [Noti3_0.1.2]a|titleLength : 18
01-25 08:32:57.417  1464  1498 D NoticeAgent: [Noti3_0.1.2]a|title :   _XTM
01-25 08:32:57.417  1464  1498 D NoticeAgent: [Noti3_0.1.2]a|stbTypeLength : 1
01-25 08:32:57.417  1464  1498 D NoticeAgent: [Noti3_0.1.2]a|stbType : 0
01-25 08:32:57.417  1464  1498 D NoticeAgent: [Noti3_0.1.2]a|chType : 1
01-25 08:32:57.417  1464  1498 D NoticeAgent: [Noti3_0.1.2]a|chCount : 51
01-25 08:32:57.437  1464  1498 D NoticeAgent: [Noti3_0.1.2]a|uiType : 1
01-25 08:32:57.437  1464  1498 D NoticeAgent: [Noti3_0.1.2]a|openCheck : 1
01-25 08:32:57.437  1464  1498 D NoticeAgent: [Noti3_0.1.2]a|linkType : 0
01-25 08:32:57.437  1464  1498 D NoticeAgent: [Noti3_0.1.2]a|-------------------------------------
01-25 08:32:57.437  1464  1498 D NoticeAgent: [Noti3_0.1.2]a|count : 0
01-25 08:32:57.437  1464  1498 D NoticeAgent: [Noti3_0.1.2]a|-------------------------------------
01-25 08:32:57.437  1464  1498 D NoticeAgent: [Noti3_0.1.2]a|-------------------------------------
01-25 08:32:57.437  1464  1498 D NoticeAgent: [Noti3_0.1.2]d|called setNotice()
01-25 08:32:57.437  1464  1498 D NoticeAgent: [Noti3_0.1.2]d|pubNotice changes version.
01-25 08:32:57.437  1464  1498 D NoticeAgent: [Noti3_0.1.2]d|pubNotice.size() : 14
01-25 08:32:57.437  1464  1498 D NoticeAgent: [Noti3_0.1.2]k|called getNetworkType()-networkType : -1
01-25 08:32:57.437  1464  1498 D NoticeAgent: [Noti3_0.1.2]Class|called getNetworkType()-iptvRemote : com.lge.sys.ILgIptvShmRemote$Stub$Proxy@2badac70
01-25 08:32:57.447  2059  2126 D SYS-LGE-IptvShmService: NetworkType = 02
01-25 08:32:57.447  1464  1498 D NoticeAgent: [Noti3_0.1.2]Class|getNetworkType()-networkType : 02
01-25 08:32:57.447  1464  1498 D NoticeAgent: [Noti3_0.1.2]d|setNotice() - netType : 2
01-25 08:32:57.447  1464  1498 D NoticeAgent: [Noti3_0.1.2]k|called getStbId()-stbId : null
01-25 08:32:57.447  1464  1498 D NoticeAgent: [Noti3_0.1.2]Class|called getManufacturerId()-iptvRemote : com.lge.sys.ILgIptvShmRemote$Stub$Proxy@2badac70
01-25 08:32:57.447  1464  1498 D NoticeAgent: [Noti3_0.1.2]Class|getManufacturerId()-manufacturerId : lge
01-25 08:32:57.447  1464  1498 D NoticeAgent: [Noti3_0.1.2]k|called getStbModelNumber()-modelNumber : null
01-25 08:32:57.447  1464  1498 D NoticeAgent: [Noti3_0.1.2]Class|called getModelId()-iptvRemote : com.lge.sys.ILgIptvShmRemote$Stub$Proxy@2badac70
01-25 08:32:57.447  1464  1498 D NoticeAgent: [Noti3_0.1.2]Class|getModelId()-modelId : TI320-DU
01-25 08:32:57.447  1464  1498 D NoticeAgent: [Noti3_0.1.2]d|setNotice() - stbType : lge
01-25 08:32:57.447  1464  1498 D NoticeAgent: [Noti3_0.1.2]d|setNotice() - stbModelNumber : TI320-DU
01-25 08:32:57.447  1464  1498 D NoticeAgent: [Noti3_0.1.2]d|setNotice() - stbType : TI320-DU
01-25 08:32:57.447  1464  1498 D NoticeAgent: [Noti3_0.1.2]k|called getAreaCode()-areaCode : null
01-25 08:32:57.447  1464  1498 D NoticeAgent: [Noti3_0.1.2]Class|called getRegionCode()-iptvRemote : com.lge.sys.ILgIptvShmRemote$Stub$Proxy@2badac70
01-25 08:32:57.447  2059  2677 D SYS-LGE-IptvShmService: RegionCode = 061|063|062
01-25 08:32:57.447  1464  1498 D NoticeAgent: [Noti3_0.1.2]Class|getRegionCode()-regionCode : 061|063|062
01-25 08:32:57.447  1464  1498 D NoticeAgent: [Noti3_0.1.2]d|setNotice() - areaType : [Ljava.lang.String;@2bab1ca8
01-25 08:32:57.447  1464  1498 D NoticeAgent: [Noti3_0.1.2]d|setNotice() - notiNetType : 0
01-25 08:32:57.447  1464  1498 D NoticeAgent: [Noti3_0.1.2]d|setNotice() - notiStbType : 0
01-25 08:32:57.447  1464  1498 D NoticeAgent: [Noti3_0.1.2]k|called isDisposableNotiShowed()
01-25 08:32:57.447  1464  1498 D NoticeAgent: [Noti3_0.1.2]d|setNotice() - new PubNotice : 18997
01-25 08:32:57.447  1464  1498 D NoticeAgent: [Noti3_0.1.2]d|setNotice() - notiNetType : 0
01-25 08:32:57.447  1464  1498 D NoticeAgent: [Noti3_0.1.2]d|setNotice() - notiStbType : 0
01-25 08:32:57.447  1464  1498 D NoticeAgent: [Noti3_0.1.2]k|called isDisposableNotiShowed()
01-25 08:32:57.447  1464  1498 D NoticeAgent: [Noti3_0.1.2]d|setNotice() - new PubNotice : 18998
01-25 08:32:57.447  1464  1498 D NoticeAgent: [Noti3_0.1.2]d|setNotice() - notiNetType : 0
01-25 08:32:57.447  1464  1498 D NoticeAgent: [Noti3_0.1.2]d|setNotice() - notiStbType : 0
01-25 08:32:57.447  1464  1498 D NoticeAgent: [Noti3_0.1.2]k|called isDisposableNotiShowed()
01-25 08:32:57.447  1464  1498 D NoticeAgent: [Noti3_0.1.2]d|setNotice() - notiNetType : 0
01-25 08:32:57.447  1464  1498 D NoticeAgent: [Noti3_0.1.2]d|setNotice() - notiStbType : ST940I-UP
01-25 08:32:57.447  1464  1498 D NoticeAgent: [Noti3_0.1.2]d|setNotice() - limited stbType. so skipped.19041
01-25 08:32:57.447  1464  1498 D NoticeAgent: [Noti3_0.1.2]d|setNotice() - notiNetType : 0
01-25 08:32:57.447  1464  1498 D NoticeAgent: [Noti3_0.1.2]d|setNotice() - notiStbType : S60UPA
01-25 08:32:57.447  1464  1498 D NoticeAgent: [Noti3_0.1.2]d|setNotice() - limited stbType. so skipped.19039
01-25 08:32:57.447  1464  1498 D NoticeAgent: [Noti3_0.1.2]d|setNotice() - notiNetType : 0
01-25 08:32:57.447  1464  1498 D NoticeAgent: [Noti3_0.1.2]d|setNotice() - notiStbType : S60UPI
01-25 08:32:57.447  1464  1498 D NoticeAgent: [Noti3_0.1.2]d|setNotice() - limited stbType. so skipped.19040
01-25 08:32:57.447  1464  1498 D NoticeAgent: [Noti3_0.1.2]d|setNotice() - notiNetType : 0
01-25 08:32:57.447  1464  1498 D NoticeAgent: [Noti3_0.1.2]d|setNotice() - notiStbType : LAP255U
01-25 08:32:57.447  1464  1498 D NoticeAgent: [Noti3_0.1.2]d|setNotice() - limited stbType. so skipped.19038
01-25 08:32:57.447  1464  1498 D NoticeAgent: [Noti3_0.1.2]d|setNotice() - notiNetType : 0
01-25 08:32:57.447  1464  1498 D NoticeAgent: [Noti3_0.1.2]d|setNotice() - notiStbType : LAP250U
01-25 08:32:57.447  1464  1498 D NoticeAgent: [Noti3_0.1.2]d|setNotice() - limited stbType. so skipped.19037
01-25 08:32:57.447  1464  1498 D NoticeAgent: [Noti3_0.1.2]d|setNotice() - notiNetType : 0
01-25 08:32:57.447  1464  1498 D NoticeAgent: [Noti3_0.1.2]d|setNotice() - notiStbType : TI320-DU
01-25 08:32:57.447  1464  1498 D NoticeAgent: [Noti3_0.1.2]k|called isDisposableNotiShowed()
01-25 08:32:57.447  1464  1498 D NoticeAgent: [Noti3_0.1.2]d|setNotice() - new PubNotice : 19042
01-25 08:32:57.457  1464  1498 D NoticeAgent: [Noti3_0.1.2]d|setNotice() - notiNetType : 0
01-25 08:32:57.457  1464  1498 D NoticeAgent: [Noti3_0.1.2]d|setNotice() - notiStbType : KaonMedia
01-25 08:32:57.457  1464  1498 D NoticeAgent: [Noti3_0.1.2]d|setNotice() - limited stbType. so skipped.19047
01-25 08:32:57.457  1464  1498 D NoticeAgent: [Noti3_0.1.2]d|setNotice() - notiNetType : 0
01-25 08:32:57.457  1464  1498 D NoticeAgent: [Noti3_0.1.2]d|setNotice() - notiStbType : CELRUN_sec
01-25 08:32:57.457  1464  1498 D NoticeAgent: [Noti3_0.1.2]d|setNotice() - limited stbType. so skipped.19045
01-25 08:32:57.457  1464  1498 D NoticeAgent: [Noti3_0.1.2]d|setNotice() - notiNetType : 0
01-25 08:32:57.457  1464  1498 D NoticeAgent: [Noti3_0.1.2]d|setNotice() - notiStbType : Celrun
01-25 08:32:57.457  1464  1498 D NoticeAgent: [Noti3_0.1.2]d|setNotice() - limited stbType. so skipped.19046
01-25 08:32:57.457  1464  1498 D NoticeAgent: [Noti3_0.1.2]d|setNotice() - notiNetType : 0
01-25 08:32:57.457  1464  1498 D NoticeAgent: [Noti3_0.1.2]d|setNotice() - notiStbType : lge
01-25 08:32:57.457  1464  1498 D NoticeAgent: [Noti3_0.1.2]d|setNotice() - limited stbType. so skipped.19044
01-25 08:32:57.457  1464  1498 D NoticeAgent: [Noti3_0.1.2]d|setNotice() - notiNetType : 0
01-25 08:32:57.457  1464  1498 D NoticeAgent: [Noti3_0.1.2]d|setNotice() - notiStbType : LSI530-8DLK
01-25 08:32:57.457  1464  1498 D NoticeAgent: [Noti3_0.1.2]d|setNotice() - limited stbType. so skipped.19043
01-25 08:32:57.457  1464  1498 D NoticeAgent: [Noti3_0.1.2]d|vReadyBuffer.size : 3
01-25 08:32:57.457  1464  1498 D NoticeAgent: [Noti3_0.1.2]d|curNotice is null : true
01-25 08:32:57.457  1464  1498 D NoticeAgent: [Noti3_0.1.2]d|called showNotice()
01-25 08:32:57.457  1464  1498 D NoticeAgent: [Noti3_0.1.2]d|showNotice()-vReadyBuffer.size : 3
01-25 08:32:57.457  1464  1498 D NoticeAgent: [Noti3_0.1.2]d|showNotice() - noticeType :1
01-25 08:32:57.457   904   920 D SETTINGS-LGE-IptvStorageManager: readUserPreference(NTPOP) called 
01-25 08:32:57.457   904   920 D SETTINGS-LGE-IptvStorageManager: readUserPreference() : /LGU_data/UP/NTPOP.0 file does not exist
01-25 08:32:57.457   904   920 W SETTINGS-LGE-IptvStorageManager: readUserPreference(NTPOP) FAIL
01-25 08:32:57.457  1464  1498 D NoticeAgent: [Noti3_0.1.2]k|isNotiOn()-notiFlag : null
01-25 08:32:57.457  1464  1498 D NoticeAgent: [Noti3_0.1.2]Class|called isAVStatus
01-25 08:32:57.457  1464  1498 D NoticeAgent: [Noti3_0.1.2]Class|called getViewStatus()-listener : com.lguplus.iptv3.base.agent.notice.aidl.NoticeListener$Stub$Proxy@2badfde8
01-25 08:32:57.457  1450  1463 D ETC-PINEONE-NOTIFICATION: [NotificationService$7] getViewStatus()[1191] >> getViewStatus!!
01-25 08:32:57.457  1450  1463 D ETC-PINEONE-NOTIFICATION: [NotificationService] isRunningNoticeActivity()[571] >> activity: com.lguplus.iptv3.base.launcher.HomeActivity
01-25 08:32:57.457  1450  1463 D ETC-PINEONE-NOTIFICATION: [NotificationService] isRunningNoticeActivity()[572] >> package: com.lguplus.iptv3.base.launcher
01-25 08:32:57.457  1464  1498 D NoticeAgent: [Noti3_0.1.2]Class|getViewStatus()-viewStatus : 9
01-25 08:32:57.457  1464  1498 D NoticeAgent: [Noti3_0.1.2]d|called sleepNoti()
01-25 08:32:57.457  1464  1498 D NoticeAgent: [Noti3_0.1.2]f|called TimerProcessor - sec : 300
01-25 08:32:57.467  1464  1498 D NoticeAgent: [Noti3_0.1.2]f|TimerProcessor - delayTime : 300000
01-25 08:32:57.467  1464  1498 D NoticeAgent: [Noti3_0.1.2]f|startViewTimer - delayTime : 300000
01-25 08:32:57.467  1464  1498 D NoticeAgent: [Noti3_0.1.2]f|startViewTimer completed.
01-25 08:32:57.467  1464  1622 D NoticeAgent: [Noti3_0.1.2]f|called run()
01-25 08:32:57.467  1464  1498 D NoticeAgent: [Noti3_0.1.2]d|called showNotice()
01-25 08:32:57.467  1464  1498 D NoticeAgent: [Noti3_0.1.2]d|showNotice()-vReadyBuffer.size : 2
01-25 08:32:57.467  1464  1498 D NoticeAgent: [Noti3_0.1.2]d|showNotice() - noticeType :1
01-25 08:32:57.467   904   904 D SETTINGS-LGE-IptvStorageManager: readUserPreference(LASTCHANNEL) called 
01-25 08:32:57.467   904   904 D SETTINGS-LGE-IptvStorageManager: readUserPreference() : /LGU_data/UP/LASTCHANNEL.1 file does not exist
01-25 08:32:57.467   904   904 D SETTINGS-LGE-IptvStorageManager: readUserPreference(LASTCHANNEL, 1) SUCCESS
01-25 08:32:57.467  1464  1498 I LIVE-LGE-JNI: readUP[LASTCHANNEL] 0th PrefValue : 677
01-25 08:32:57.467  1464  1498 D NoticeAgent: [Noti3_0.1.2]k|lastChannelId()-lastChId : 677
01-25 08:32:57.467  1464  1498 D NoticeAgent: [Noti3_0.1.2]d|called sleepNoti()
01-25 08:32:57.467  1464  1498 D NoticeAgent: [Noti3_0.1.2]f|called TimerProcessor - sec : 300
01-25 08:32:57.467  1464  1498 D NoticeAgent: [Noti3_0.1.2]f|TimerProcessor - delayTime : 300000
01-25 08:32:57.467  1464  1498 D NoticeAgent: [Noti3_0.1.2]f|startViewTimer - delayTime : 300000
01-25 08:32:57.467  1464  1498 D NoticeAgent: [Noti3_0.1.2]f|startViewTimer completed.
01-25 08:32:57.467  1464  1623 D NoticeAgent: [Noti3_0.1.2]f|called run()
01-25 08:32:57.467  1464  1498 D NoticeAgent: [Noti3_0.1.2]d|called showNotice()
01-25 08:32:57.467  1464  1498 D NoticeAgent: [Noti3_0.1.2]d|showNotice()-vReadyBuffer.size : 1
01-25 08:32:57.467  1464  1498 D NoticeAgent: [Noti3_0.1.2]d|showNotice() - noticeType :1
01-25 08:32:57.467   904  1026 D SETTINGS-LGE-IptvStorageManager: readUserPreference(LASTCHANNEL) called 
01-25 08:32:57.467   904  1026 D SETTINGS-LGE-IptvStorageManager: readUserPreference() : /LGU_data/UP/LASTCHANNEL.1 file does not exist
01-25 08:32:57.467   904  1026 D SETTINGS-LGE-IptvStorageManager: readUserPreference(LASTCHANNEL, 1) SUCCESS
01-25 08:32:57.467  1464  1498 I LIVE-LGE-JNI: readUP[LASTCHANNEL] 0th PrefValue : 677
01-25 08:32:57.467  1464  1498 D NoticeAgent: [Noti3_0.1.2]k|lastChannelId()-lastChId : 677
01-25 08:32:57.467  1464  1498 D NoticeAgent: [Noti3_0.1.2]d|called sleepNoti()
01-25 08:32:57.467  1464  1498 D NoticeAgent: [Noti3_0.1.2]f|called TimerProcessor - sec : 300
01-25 08:32:57.467  1464  1498 D NoticeAgent: [Noti3_0.1.2]f|TimerProcessor - delayTime : 300000
01-25 08:32:57.467  1464  1498 D NoticeAgent: [Noti3_0.1.2]f|startViewTimer - delayTime : 300000
01-25 08:32:57.467  1464  1624 D NoticeAgent: [Noti3_0.1.2]f|called run()
01-25 08:32:57.467  1464  1498 D NoticeAgent: [Noti3_0.1.2]f|startViewTimer completed.
01-25 08:32:57.467  1464  1498 D NoticeAgent: [Noti3_0.1.2]d|called showNotice()
01-25 08:32:57.467  1464  1498 D NoticeAgent: [Noti3_0.1.2]d|showNotice()-vReadyBuffer.size : 0
01-25 08:32:57.467  1464  1498 D NoticeAgent: [Noti3_0.1.2]d|showNotice() - vReadyBuffer is empty. so return.
01-25 08:32:58.157  2093  2917 D DiscoveryService: Launch dial service at:1516836778172
01-25 08:32:58.157  2093  2917 I com.google.tv.discovery.DiscoveryServiceUtil: Launch dial service:com.chrome.tv.stable
01-25 08:32:58.167  2093  2917 D SsdpServer: Received M-SEARCH request for urn:schemas-upnp-org:device:InternetGatewayDevice:1
01-25 08:32:58.167  2930  2930 I LaunchService: Starting DIAL Launch Service
01-25 08:32:58.887  2930  2952 D dalvikvm: GC_FOR_ALLOC freed 363K, 19% free 2697K/3296K, paused 18ms, total 18ms
01-25 08:32:58.887  2930  2952 I dalvikvm-heap: Grow heap (frag case) to 3.853MB for 1048592-byte allocation
01-25 08:32:58.907  2930  2943 D dalvikvm: GC_CONCURRENT freed 0K, 14% free 3721K/4324K, paused 2ms+1ms, total 18ms
01-25 08:32:58.907  2930  2952 D dalvikvm: WAIT_FOR_CONCURRENT_GC blocked 16ms
01-25 08:32:58.917  2930  2952 I ServerIoHandler: Selection key is closing.java.nio.SelectionKeyImpl@2bb5ac60
01-25 08:32:59.397  2093  2917 D SsdpServer: Received M-SEARCH request for urn:schemas-upnp-org:device:InternetGatewayDevice:1
01-25 08:32:59.557  2930  2952 D dalvikvm: GC_FOR_ALLOC freed 1101K, 38% free 2705K/4324K, paused 15ms, total 15ms
01-25 08:32:59.557  2930  2952 I dalvikvm-heap: Grow heap (frag case) to 3.861MB for 1048592-byte allocation
01-25 08:32:59.567  4068  4068 D U+Box HomeShare: HomeShareReceiver [Receive Intent] Action : com.lguplus.iptv3.homesharestb.SERVICE.RESTART
01-25 08:32:59.567  4068  4068 D U+Box HomeShare: HomeShareReceiver Receive : INTENT_HOMESHARE_SERVICE_RESTART ( Service Started : true )
01-25 08:32:59.577  2930  2943 D dalvikvm: GC_CONCURRENT freed <1K, 14% free 3728K/4324K, paused 2ms+1ms, total 19ms
01-25 08:32:59.577  2930  2952 D dalvikvm: WAIT_FOR_CONCURRENT_GC blocked 18ms
01-25 08:32:59.587  2930  2952 I ServerIoHandler: Selection key is closing.java.nio.SelectionKeyImpl@2bb03e50
01-25 08:33:00.477   926   926 D LIVE-LGE-XCHECKER: startCrossCheck:139, stream err: 0, pcr err: 0, max_check_count: 40
01-25 08:33:01.117  2930  2952 D dalvikvm: GC_FOR_ALLOC freed 1099K, 38% free 2705K/4324K, paused 15ms, total 15ms
01-25 08:33:01.117  2930  2952 I dalvikvm-heap: Grow heap (frag case) to 3.861MB for 1048592-byte allocation
01-25 08:33:01.137  2930  2943 D dalvikvm: GC_CONCURRENT freed <1K, 14% free 3728K/4324K, paused 3ms+2ms, total 18ms
01-25 08:33:01.137  2930  2952 D dalvikvm: WAIT_FOR_CONCURRENT_GC blocked 15ms
01-25 08:33:01.147  2930  2952 I ServerIoHandler: Selection key is closing.java.nio.SelectionKeyImpl@2bb0a248
01-25 08:33:01.167  2093  2917 D SsdpServer: Received M-SEARCH request for urn:schemas-upnp-org:device:InternetGatewayDevice:1
01-25 08:33:01.377  2930  2952 D dalvikvm: GC_FOR_ALLOC freed 1097K, 38% free 2705K/4324K, paused 16ms, total 16ms
01-25 08:33:01.377  2930  2952 I dalvikvm-heap: Grow heap (frag case) to 3.861MB for 1048592-byte allocation
01-25 08:33:01.387  2930  2952 D dalvikvm: GC_FOR_ALLOC freed <1K, 14% free 3728K/4324K, paused 14ms, total 14ms
01-25 08:33:01.407  2930  2943 D dalvikvm: GC_CONCURRENT freed 48K, 14% free 3748K/4324K, paused 3ms+3ms, total 23ms
01-25 08:33:01.417  2930  2952 I ServerIoHandler: Selection key is closing.java.nio.SelectionKeyImpl@2bb1e198
01-25 08:33:02.397  2093  2917 D SsdpServer: Received M-SEARCH request for urn:schemas-upnp-org:device:InternetGatewayDevice:1
01-25 08:33:03.627  2093  2115 D dalvikvm: GC_CONCURRENT freed 406K, 20% free 2630K/3284K, paused 2ms+2ms, total 19ms
01-25 08:33:04.197  2093  2917 D DiscoveryService: Launch dial service at:1516836784205
01-25 08:33:04.197  2093  2917 I com.google.tv.discovery.DiscoveryServiceUtil: Launch dial service:com.chrome.tv.stable
01-25 08:33:04.197  2930  2930 I LaunchService: Starting DIAL Launch Service
01-25 08:33:04.197  2093  2917 D SsdpServer: Received M-SEARCH request for urn:schemas-upnp-org:device:InternetGatewayDevice:1
01-25 08:33:04.547  1475  1480 D dalvikvm: GC_CONCURRENT freed 539K, 24% free 2505K/3276K, paused 2ms+1ms, total 16ms
01-25 08:33:05.407  2093  2917 D SsdpServer: Received M-SEARCH request for urn:schemas-upnp-org:device:InternetGatewayDevice:1
01-25 08:33:05.477   926   926 D LIVE-LGE-XCHECKER: startCrossCheck:139, stream err: 0, pcr err: 0, max_check_count: 40
01-25 08:33:08.417  2093  2917 D SsdpServer: Received M-SEARCH request for urn:schemas-upnp-org:device:InternetGatewayDevice:1
01-25 08:33:08.547   361   361 I AnypointAD - t.a.a.c.s.MonitorScheduler: [56] start monitoring..
01-25 08:33:08.557   361  3695 I AnypointAD - t.a.a.c.s.PushMsgClient: [179] connection: TCPNIOConnection{localSocketAddress={/192.168.219.104:43956}, peerSocketAddress={/52.79.82.81:31102}}, isConnected: true, lastReceivedTime: 1516836728485
01-25 08:33:08.557   361   361 I AnypointAD - t.a.a.c.s.MonitorScheduler: [84] register boot ad call alarm.
01-25 08:33:08.557   361  3695 I AnypointAD - t.a.a.c.s.PushMsgClient: [154] Sending device event: Heartbeat
01-25 08:33:08.567   361  3698 I AnypointAD - t.a.a.c.m.ServerMessageProcessorFactory: [101] received message from server: HeartbeatMessage
01-25 08:33:08.567   361   361 I AnypointAD - t.a.a.c.s.MonitorScheduler: [89] monitoring finished..
01-25 08:33:08.577   361   361 I AnypointAD - t.a.a.c.a.StartService: [15] StartService start...4150, class tv.anypoint.android.core.app.StartService
01-25 08:33:08.577  1754  1773 E NotificationService: Ignoring notification with icon==0: Notification(pri=0 contentView=null vibrate=null sound=null defaults=0x0 flags=0x62 kind=[null])
01-25 08:33:09.377  2093  2115 D dalvikvm: GC_CONCURRENT freed 398K, 21% free 2620K/3284K, paused 1ms+2ms, total 19ms
01-25 08:33:10.477   926   926 D LIVE-LGE-XCHECKER: startCrossCheck:139, stream err: 0, pcr err: 0, max_check_count: 40
01-25 08:33:11.077  1754  1827 I TvWindowManager: AUTO_STANDBY : AutoStandbyCheckTask started - curTime = 250251044 / lastKeyInTime = 250191045
01-25 08:33:11.077  1754  1827 I TvWindowManager: AUTO_STANDBY : resetLastKeyInTimeInNotActivePowerModeState() - Last key in time = 250251044
01-25 08:33:11.117  2155  2155 I VOD-PINEONE-LAUNCHER: [CategoryAlarmReceiver] onReceive()[19] >> [onReceive] Category Alarm Receive!!
01-25 08:33:11.117  2155  1664 I VOD-PINEONE-LAUNCHER: [CategoryMenuManager] getMenuDataVersion()[103] >> [getMenuDataVersion] file path: /LGU_data/ma/version.cfg
01-25 08:33:11.117  2155  1664 I VOD-PINEONE-LAUNCHER: [CategoryMenuManager$1] run()[66] >> [getMenuDataVersion] currentVersion: VERSION=0xc1
01-25 08:33:11.117  2155  1664 I VOD-PINEONE-LAUNCHER: , fileVersion: VERSION=0xc1
01-25 08:33:11.117  2155  1664 I VOD-PINEONE-LAUNCHER: 
01-25 08:33:11.417  2093  2917 D DiscoveryService: Launch dial service at:1516836791425
01-25 08:33:11.417  2093  2917 I com.google.tv.discovery.DiscoveryServiceUtil: Launch dial service:com.chrome.tv.stable
01-25 08:33:11.417  2093  2917 D SsdpServer: Received M-SEARCH request for urn:schemas-upnp-org:device:InternetGatewayDevice:1
01-25 08:33:11.417  2930  2930 I LaunchService: Starting DIAL Launch Service
01-25 08:33:11.757  2093  2115 D dalvikvm: GC_CONCURRENT freed 386K, 21% free 2620K/3284K, paused 2ms+2ms, total 20ms
01-25 08:33:15.477   926   926 D LIVE-LGE-XCHECKER: startCrossCheck:139, stream err: 0, pcr err: 0, max_check_count: 40
01-25 08:33:17.767  2155  2155 D ETC-PINEONE-LAUNCHER: [SystemButton] setNotificationCount()[103] >> notification count 4
01-25 08:33:18.647  2093  2115 D dalvikvm: GC_CONCURRENT freed 391K, 21% free 2618K/3284K, paused 2ms+1ms, total 21ms
01-25 08:33:20.477   926   926 D LIVE-LGE-XCHECKER: startCrossCheck:139, stream err: 0, pcr err: 0, max_check_count: 40
01-25 08:33:22.077   904  1027 D SETTINGS-LGE-IptvStorageManager: readUserPreference(LASTCHANNEL) called 
01-25 08:33:22.077   904  1027 D SETTINGS-LGE-IptvStorageManager: readUserPreference() : /LGU_data/UP/LASTCHANNEL.1 file does not exist
01-25 08:33:22.077   904  1027 D SETTINGS-LGE-IptvStorageManager: readUserPreference(LASTCHANNEL, 1) SUCCESS
01-25 08:33:22.077   362   386 I LIVE-LGE-JNI: readUP[LASTCHANNEL] 0th PrefValue : 677
01-25 08:33:23.857  2093  2115 D dalvikvm: GC_CONCURRENT freed 407K, 21% free 2608K/3284K, paused 2ms+2ms, total 19ms
01-25 08:33:24.237  2066  2071 D dalvikvm: GC_CONCURRENT freed 384K, 58% free 3532K/8228K, paused 2ms+1ms, total 18ms
01-25 08:33:24.527   904   920 D SETTINGS-LGE-IptvStorageManager: readUserPreference(IPTV_ENABLED) called 
01-25 08:33:24.527   904   920 D SETTINGS-LGE-IptvStorageManager: readUserPreference() : /LGU_data/UP/IPTV_ENABLED.1 file does not exist
01-25 08:33:24.527   904   920 D SETTINGS-LGE-IptvStorageManager: readUserPreference(IPTV_ENABLED, 1) SUCCESS
01-25 08:33:24.527  3224  3224 I LIVE-LGE-JNI: readUP[IPTV_ENABLED] 0th PrefValue : true
01-25 08:33:25.237  2093  2115 D dalvikvm: GC_CONCURRENT freed 372K, 21% free 2626K/3284K, paused 2ms+2ms, total 20ms
01-25 08:33:25.477   926   926 D LIVE-LGE-XCHECKER: startCrossCheck:139, stream err: 0, pcr err: 0, max_check_count: 40
01-25 08:33:27.207   361  3700 I AnypointAD - t.a.a.c.m.ServerMessageProcessorFactory: [101] received message from server: CueMessage
01-25 08:33:27.217   361  3700 I AnypointAD - t.a.a.c.m.s.p.c.CueMessageProcessor: [42] got cueMessage. type: 0, cueId: 0, time: Thu Jan 25 08:33:34 GMT+09:00 2018, ppId: 349, time: 1516836814262, duration: 120000, owner: 1
01-25 08:33:27.217   361  3700 I AnypointAD - t.a.a.c.s.CueManager: [174] currentDeviceChannel is not exist.
01-25 08:33:27.217   361  3700 I AnypointAD - t.a.a.c.s.CueManager: [68] receive cue but this device is not available.
01-25 08:33:27.247   361   365 D dalvikvm: GC_CONCURRENT freed 436K, 18% free 3698K/4472K, paused 4ms+2ms, total 38ms
01-25 08:33:29.567  4068  4068 D U+Box HomeShare: HomeShareReceiver [Receive Intent] Action : com.lguplus.iptv3.homesharestb.SERVICE.RESTART
01-25 08:33:29.567  4068  4068 D U+Box HomeShare: HomeShareReceiver Receive : INTENT_HOMESHARE_SERVICE_RESTART ( Service Started : true )
01-25 08:33:30.477   926   926 D LIVE-LGE-XCHECKER: startCrossCheck:139, stream err: 0, pcr err: 0, max_check_count: 40
01-25 08:33:31.237  2093  2115 D dalvikvm: GC_CONCURRENT freed 440K, 21% free 2614K/3284K, paused 2ms+2ms, total 19ms
01-25 08:33:33.387  1475  1480 D dalvikvm: GC_CONCURRENT freed 384K, 24% free 2505K/3276K, paused 2ms+1ms, total 15ms
01-25 08:33:35.477   926   926 D LIVE-LGE-XCHECKER: startCrossCheck:139, stream err: 0, pcr err: 0, max_check_count: 40
01-25 08:33:38.207  2093  2115 D dalvikvm: GC_CONCURRENT freed 397K, 21% free 2607K/3284K, paused 2ms+2ms, total 21ms
01-25 08:33:40.067  2093  2115 D dalvikvm: GC_CONCURRENT freed 411K, 21% free 2614K/3284K, paused 2ms+2ms, total 20ms
01-25 08:33:40.477   926   926 D LIVE-LGE-XCHECKER: startCrossCheck:139, stream err: 0, pcr err: 0, max_check_count: 40
01-25 08:33:45.487   926   926 D LIVE-LGE-XCHECKER: startCrossCheck:139, stream err: 0, pcr err: 0, max_check_count: 40
01-25 08:33:47.797  2155  2155 D ETC-PINEONE-LAUNCHER: [SystemButton] setNotificationCount()[103] >> notification count 4
01-25 08:33:47.947  2093  2115 D dalvikvm: GC_CONCURRENT freed 411K, 21% free 2610K/3284K, paused 2ms+2ms, total 21ms
01-25 08:33:50.487   926   926 D LIVE-LGE-XCHECKER: startCrossCheck:139, stream err: 0, pcr err: 0, max_check_count: 40
01-25 08:33:52.077   904   904 D SETTINGS-LGE-IptvStorageManager: readUserPreference(LASTCHANNEL) called 
01-25 08:33:52.077   904   904 D SETTINGS-LGE-IptvStorageManager: readUserPreference() : /LGU_data/UP/LASTCHANNEL.1 file does not exist
01-25 08:33:52.077   904   904 D SETTINGS-LGE-IptvStorageManager: readUserPreference(LASTCHANNEL, 1) SUCCESS
01-25 08:33:52.077   362   385 I LIVE-LGE-JNI: readUP[LASTCHANNEL] 0th PrefValue : 677
01-25 08:33:53.267  2093  2115 D dalvikvm: GC_CONCURRENT freed 388K, 21% free 2612K/3284K, paused 2ms+2ms, total 20ms
01-25 08:33:54.547   904  1026 D SETTINGS-LGE-IptvStorageManager: readUserPreference(IPTV_ENABLED) called 
01-25 08:33:54.547   904  1026 D SETTINGS-LGE-IptvStorageManager: readUserPreference() : /LGU_data/UP/IPTV_ENABLED.1 file does not exist
01-25 08:33:54.547   904  1026 D SETTINGS-LGE-IptvStorageManager: readUserPreference(IPTV_ENABLED, 1) SUCCESS
01-25 08:33:54.547  3224  3224 I LIVE-LGE-JNI: readUP[IPTV_ENABLED] 0th PrefValue : true
01-25 08:33:55.087  2093  2115 D dalvikvm: GC_CONCURRENT freed 410K, 21% free 2610K/3284K, paused 2ms+2ms, total 21ms
01-25 08:33:55.487   926   926 D LIVE-LGE-XCHECKER: startCrossCheck:139, stream err: 0, pcr err: 0, max_check_count: 40
01-25 08:33:57.387  2093  2115 D dalvikvm: GC_CONCURRENT freed 395K, 21% free 2608K/3284K, paused 2ms+1ms, total 20ms
01-25 08:33:57.767  2754  1874 D LGU-APP-LOG: [SIUtil] requestToNativeAgent()[1085] >> --- connecting to EPGAgent: 127.0.0.1:11930
01-25 08:33:57.767  2754  1874 D LGU-APP-LOG: [SIUtil] requestToNativeAgent()[1087] >> --- connected to EPGAgent: 127.0.0.1:11930
01-25 08:33:57.767  2754  1874 D LGU-APP-LOG: [SIUtil] requestToNativeAgent()[1105] >> --- wrote a message to EpgAgent: SA03010000000000000000```
01-25 08:33:57.787  2754  2803 I System.out: -------------------->>> accepted from agent: /127.0.0.1:45399
01-25 08:33:57.787  2754   569 I System.out: >>> handle request
01-25 08:33:57.787  2754   569 I System.out: >>> read PREFIX bytes: SA
01-25 08:33:57.787  2754   569 I System.out: >>> read TARGET TYPE bytes: 01
01-25 08:33:57.787  2754   569 I System.out: >>> read UPDATE METHOD TYPE bytes: 01
01-25 08:33:57.787  2754   569 I System.out: >>> read UPDATE FILE PATH LENGTH bytes: 0024
01-25 08:33:57.787  2754   569 I System.out: >>> read UPDATE ITEM LENGTH bytes: 00000022
01-25 08:33:57.787  2754   569 I System.out: >>> read UPDATE VERSION bytes: 062
01-25 08:33:57.797  2754   569 I System.out: >>> read RESERVED bytes: 0
01-25 08:33:57.797  2754   569 I System.out: >>> read UPDATE FILE PATH bytes: /LGU_data/sds/backup_sdt
01-25 08:33:57.797  2754   569 I System.out: >>> read UPDATE ITEM LIST bytes: LinearTVService_62.xml
01-25 08:33:57.797  2754   569 I System.out: >>> input data: SA01010024000000220620/LGU_data/sds/backup_sdtLinearTVService_62.xml```
01-25 08:33:57.797  2754   569 I System.out: >>> handle response
01-25 08:33:57.797  2754   569 I System.out: >>> response data: 000000000002OK
01-25 08:33:57.797  2754  2803 I System.out: -------------------->>> accepted from agent: /127.0.0.1:45400
01-25 08:33:57.797  2754   569 I System.out: >>> A request processed.
01-25 08:33:57.807  2754  2962 I System.out: >>> handle request
01-25 08:33:57.807  2754  2962 I System.out: >>> read PREFIX bytes: SA
01-25 08:33:57.817  2929  2929 I System.out: [*****]threadpool created.
01-25 08:33:57.817  2929  2929 I System.out: called stopTasks().
01-25 08:33:57.817  2929  2929 I System.out: Stopping threads...
01-25 08:33:57.817  2929  2929 I System.out: [*****]threadpool terminated.
01-25 08:33:57.817  2929  2929 D LIVE-LGE-IF_StbInfo: LGU_getPVSReturnString: *ppStr='500028032041182.223.73.164:1554182.223.73.164:1554182.223.73.164:155402config_155000000_201709281303.zip.enc3521YA47D40F4AB57605EDCF12902AF8844FA061|063|062NY35212|2|1', *pLen=182
01-25 08:33:57.817  2929  2929 D LIVE-LGE-JNI: getPVSReturnString: returnValue = 0 , pvsLength = 182 , pvsString = 500028032041182.223.73.164:1554182.223.73.164:1554182.223.73.164:155402config_155000000_201709281303.zip.enc3521YA47D40F4AB57605EDCF12902AF8844FA061|063|062NY35212|2|1 
01-25 08:33:57.817  2929  2929 W LGU-APP-LOG: [SIUtil] insertTaskToDatabase()[570] >> **curRegionCode is 061|063|062, version = 62
01-25 08:33:57.817  2929  2929 D LGU-APP-LOG: [SIUtil] insertTaskToDatabase()[602] >> selection: SELECT * FROM TUpdateHistory WHERE (Status=? OR Status=?) AND TargetType=? ORDER BY RegisterTime DESC LIMIT 1
01-25 08:33:57.827  2929  2933 D dalvikvm: GC_CONCURRENT freed 461K, 46% free 2493K/4584K, paused 3ms+2ms, total 31ms
01-25 08:33:57.827  2754  2962 I System.out: >>> read TARGET TYPE bytes: 02
01-25 08:33:57.827  2754  2962 I System.out: >>> read UPDATE METHOD TYPE bytes: 02
01-25 08:33:57.837  2754  2962 I System.out: >>> read UPDATE FILE PATH LENGTH bytes: 0023
01-25 08:33:57.837  2754  2962 I System.out: >>> read UPDATE ITEM LENGTH bytes: 00001101
01-25 08:33:57.837  2754  2962 I System.out: >>> read UPDATE VERSION bytes: 135
01-25 08:33:57.837  2929  2929 D LGU-APP-LOG: [SIUtil] insertTaskToDatabase()[643] >> savedVersion = 62, savedRegioncode = 061|063|062
01-25 08:33:57.837  2754  2962 I System.out: >>> read RESERVED bytes: 0
01-25 08:33:57.837  2754  2962 I System.out: >>> read UPDATE FILE PATH bytes: /LGU_data/sds/backup_cg
01-25 08:33:57.837  2754  2962 I System.out: >>> read UPDATE ITEM LIST bytes: 195;;;197;;;198;;;199;;;502;;;505;;;506;;;511;;;536;;;561;;;597;;;601;;;602;;;603;;;604;;;605;;;606;;;607;;;608;;;609;;;610;;;612;;;613;;;614;;;615;;;616;;;617;;;618;;;619;;;620;;;621;;;622;;;623;;;624;;;625;;;626;;;627;;;628;;;629;;;630;;;631;;;634;;;635;;;636;;;637;;;638;;;641;;;642;;;644;;;645;;;646;;;647;;;648;;;649;;;650;;;651;;;652;;;653;;;654;;;655;;;656;;;657;;;658;;;660;;;662;;;663;;;664;;;665;;;666;;;667;;;668;;;669;;;670;;;671;;;672;;;673;;;674;;;675;;;676;;;677;;;679;;;680;;;681;;;682;;;683;;;684;;;685;;;686;;;687;;;688;;;689;;;690;;;691;;;692;;;693;;;694;;;695;;;696;;;697;;;698;;;699;;;700;;;701;;;702;;;703;;;705;;;707;;;708;;;709;;;710;;;711;;;712;;;713;;;714;;;715;;;716;;;717;;;718;;;719;;;722;;;723;;;724;;;725;;;726;;;727;;;728;;;729;;;731;;;732;;;733;;;734;;;735;;;736;;;737;;;738;;;739;;;740;;;741;;;742;;;743;;;744;;;745;;;746;;;747;;;748;;;749;;;750;;;751;;;752;;;753;;;754;;;755;;;756;;;757;;;758;;;760;;;761;;;764;;;765;;;766;;;767;;;769;;;770;;;771;;;772;;;773;;;774;;;775;;;776;;;777;;;778;;;779;;;780;;;781;;;782;;;783;;;784;;;785;;;787;;;795;;;800;;;801;;;805;;;810
01-25 08:33:57.837  2754  2962 I System.out: >>> input data: SA02020023000011011350/LGU_data/sds/backup_cg195;;;197;;;198;;;199;;;502;;;505;;;506;;;511;;;536;;;561;;;597;;;601;;;602;;;603;;;604;;;605;;;606;;;607;;;608;;;609;;;610;;;612;;;613;;;614;;;615;;;616;;;617;;;618;;;619;;;620;;;621;;;622;;;623;;;624;;;625;;;626;;;627;;;628;;;629;;;630;;;631;;;634;;;635;;;636;;;637;;;638;;;641;;;642;;;644;;;645;;;646;;;647;;;648;;;649;;;650;;;651;;;652;;;653;;;654;;;655;;;656;;;657;;;658;;;660;;;662;;;663;;;664;;;665;;;666;;;667;;;668;;;669;;;670;;;671;;;672;;;673;;;674;;;675;;;676;;;677;;;679;;;680;;;681;;;682;;;683;;;684;;;685;;;686;;;687;;;688;;;689;;;690;;;691;;;692;;;693;;;694;;;695;;;696;;;697;;;698;;;699;;;700;;;701;;;702;;;703;;;705;;;707;;;708;;;709;;;710;;;711;;;712;;;713;;;714;;;715;;;716;;;717;;;718;;;719;;;722;;;723;;;724;;;725;;;726;;;727;;;728;;;729;;;731;;;732;;;733;;;734;;;735;;;736;;;737;;;738;;;739;;;740;;;741;;;742;;;743;;;744;;;745;;;746;;;747;;;748;;;749;;;750;;;751;;;752;;;753;;;754;;;755;;;756;;;757;;;758;;;760;;;761;;;764;;;765;;;766;;;767;;;769;;;770;;;771;;;772;;;773;;;774;;;775;;;776;;;777;;;778;;;779;;;780;;;781;;;782;;;783;;;784;;;785;;;787;;;795;;;800;;;801;;;805;;;810```
01-25 08:33:57.837  2929  2929 D LGU-APP-LOG: [SIUtil] insertTaskToDatabase()[644] >> task.getVersion() = 62, curRegionCode = 061|063|062
01-25 08:33:57.837  2754  2962 I System.out: >>> handle response
01-25 08:33:57.837  2754  2962 I System.out: >>> response data: 000000000002OK
01-25 08:33:57.837  2929  2929 D LGU-APP-LOG: [SIUtil] insertTaskToDatabase()[655] >> exist data
01-25 08:33:57.847  2754  2962 I System.out: >>> A request processed.
01-25 08:33:57.847  2929  2929 D LIVE-LGE-IF_StbInfo: LGU_getPVSReturnString: *ppStr='500028032041182.223.73.164:1554182.223.73.164:1554182.223.73.164:155402config_155000000_201709281303.zip.enc3521YA47D40F4AB57605EDCF12902AF8844FA061|063|062NY35212|2|1', *pLen=182
01-25 08:33:57.847  2929  2929 D LIVE-LGE-JNI: getPVSReturnString: returnValue = 0 , pvsLength = 182 , pvsString = 500028032041182.223.73.164:1554182.223.73.164:1554182.223.73.164:155402config_155000000_201709281303.zip.enc3521YA47D40F4AB57605EDCF12902AF8844FA061|063|062NY35212|2|1 
01-25 08:33:57.847  2929  2929 W LGU-APP-LOG: [SIUtil] insertTaskToDatabase()[570] >> **curRegionCode is 061|063|062, version = 135
01-25 08:33:57.847  2929  2929 D LGU-APP-LOG: [SIUtil] insertTaskToDatabase()[602] >> selection: SELECT * FROM TUpdateHistory WHERE (Status=? OR Status=?) AND TargetType=? ORDER BY RegisterTime DESC LIMIT 1
01-25 08:33:57.867  2929  2929 D LGU-APP-LOG: [SIUtil] insertTaskToDatabase()[643] >> savedVersion = 135, savedRegioncode = 061|063|062
01-25 08:33:57.867  2929  2929 D LGU-APP-LOG: [SIUtil] insertTaskToDatabase()[644] >> task.getVersion() = 135, curRegionCode = 061|063|062
01-25 08:33:57.867  2929  2929 D LGU-APP-LOG: [SIUtil] insertTaskToDatabase()[655] >> exist data
01-25 08:33:59.567  4068  4068 D U+Box HomeShare: HomeShareReceiver [Receive Intent] Action : com.lguplus.iptv3.homesharestb.SERVICE.RESTART
01-25 08:33:59.567  4068  4068 D U+Box HomeShare: HomeShareReceiver Receive : INTENT_HOMESHARE_SERVICE_RESTART ( Service Started : true )
01-25 08:34:00.327  1890  1895 D dalvikvm: GC_CONCURRENT freed 977K, 74% free 5633K/21524K, paused 3ms+9ms, total 64ms
01-25 08:34:00.487   926   926 D LIVE-LGE-XCHECKER: startCrossCheck:139, stream err: 0, pcr err: 0, max_check_count: 40
01-25 08:34:01.967  1475  1480 D dalvikvm: GC_CONCURRENT freed 384K, 20% free 2505K/3120K, paused 1ms+2ms, total 14ms
01-25 08:34:03.797  2093  2115 D dalvikvm: GC_CONCURRENT freed 402K, 21% free 2610K/3284K, paused 2ms+1ms, total 20ms
01-25 08:34:05.487   926   926 D LIVE-LGE-XCHECKER: startCrossCheck:139, stream err: 0, pcr err: 0, max_check_count: 40
01-25 08:34:08.637   361   361 I AnypointAD - t.a.a.c.s.MonitorScheduler: [56] start monitoring..
01-25 08:34:08.637   361  3650 I AnypointAD - t.a.a.c.s.PushMsgClient: [179] connection: TCPNIOConnection{localSocketAddress={/192.168.219.104:43956}, peerSocketAddress={/52.79.82.81:31102}}, isConnected: true, lastReceivedTime: 1516836807216
01-25 08:34:08.647   361  3650 I AnypointAD - t.a.a.c.s.PushMsgClient: [154] Sending device event: Heartbeat
01-25 08:34:08.647   361   361 I AnypointAD - t.a.a.c.s.MonitorScheduler: [84] register boot ad call alarm.
01-25 08:34:08.647   361   361 I AnypointAD - t.a.a.c.s.MonitorScheduler: [89] monitoring finished..
01-25 08:34:08.657   361  3699 I AnypointAD - t.a.a.c.m.ServerMessageProcessorFactory: [101] received message from server: HeartbeatMessage
01-25 08:34:08.657  1754  1773 E NotificationService: Ignoring notification with icon==0: Notification(pri=0 contentView=null vibrate=null sound=null defaults=0x0 flags=0x62 kind=[null])
01-25 08:34:08.667   361   361 I AnypointAD - t.a.a.c.a.StartService: [15] StartService start...4151, class tv.anypoint.android.core.app.StartService
01-25 08:34:09.607  2093  2115 D dalvikvm: GC_CONCURRENT freed 390K, 21% free 2608K/3284K, paused 1ms+2ms, total 19ms
01-25 08:34:10.487   926   926 D LIVE-LGE-XCHECKER: startCrossCheck:139, stream err: 0, pcr err: 0, max_check_count: 40
01-25 08:34:11.077  1754  1827 I TvWindowManager: AUTO_STANDBY : AutoStandbyCheckTask started - curTime = 250311045 / lastKeyInTime = 250251044
01-25 08:34:11.077  1754  1827 I TvWindowManager: AUTO_STANDBY : resetLastKeyInTimeInNotActivePowerModeState() - Last key in time = 250311045
01-25 08:34:11.127  2155  2155 I VOD-PINEONE-LAUNCHER: [CategoryAlarmReceiver] onReceive()[19] >> [onReceive] Category Alarm Receive!!
01-25 08:34:11.127  1754  1773 I ActivityManager: No longer want .remote (pid 2246): empty for 1807s
01-25 08:34:11.137  2155  1933 I VOD-PINEONE-LAUNCHER: [CategoryMenuManager] getMenuDataVersion()[103] >> [getMenuDataVersion] file path: /LGU_data/ma/version.cfg
01-25 08:34:11.137  2155  1933 I VOD-PINEONE-LAUNCHER: [CategoryMenuManager$1] run()[66] >> [getMenuDataVersion] currentVersion: VERSION=0xc1
01-25 08:34:11.137  2155  1933 I VOD-PINEONE-LAUNCHER: , fileVersion: VERSION=0xc1
01-25 08:34:11.137  2155  1933 I VOD-PINEONE-LAUNCHER: 
01-25 08:34:12.317  2093  2115 D dalvikvm: GC_CONCURRENT freed 398K, 21% free 2608K/3284K, paused 2ms+2ms, total 19ms
01-25 08:34:15.487   926   926 D LIVE-LGE-XCHECKER: startCrossCheck:139, stream err: 0, pcr err: 0, max_check_count: 40
01-25 08:34:15.817  4068  4068 D U+Box HomeShare: DlnaServiceManager [DEVLIST:PERF:DLNA] DlnaServiceManager.onDeviceDescriptionAdded :  COneCPDeviceDescr [LOCAL:DMR, ID=uuid:b9258d4a-bf14-f0fb-b471-fb25a2db231f, Name=U+TV, Icon=http://192.168.219.104:38400/icon/icon120x120.png, Manuf.=LG U+(http://www.lguplus.co.kr), ModelDesc.=U+ Shoot&Play, Model=U+ Shoot&Play(1.0, http://www.lguplus.co.kr), Pt. URL=, Addr.=192.168.219.104, Port=1900, SN=, UPC=, UPnP Type=urn:schemas-upnp-org:device:MediaRenderer:1, URLBase=, Import=0, Export=0, ContinuousPlay=0, Nickname=null, AudioSyncExcess=0, VideoSyncExcess=0, ImageSyncExcess=0, DocumentSyncExcess=0]
01-25 08:34:15.817  4068  4068 D U+Box HomeShare: DeviceListManager onDeviceAdd : U+TV U+ Shoot&Play
01-25 08:34:15.817  4068  4068 D U+Box HomeShare: DeviceListManager [DEVLIST:PERF] ===> LGW=null, HGW=, DEV GW=null, DeviceDES= COneCPDeviceDescr [LOCAL:DMR, ID=uuid:b9258d4a-bf14-f0fb-b471-fb25a2db231f, Name=U+TV, Icon=http://192.168.219.104:38400/icon/icon120x120.png, Manuf.=LG U+(http://www.lguplus.co.kr), ModelDesc.=U+ Shoot&Play, Model=U+ Shoot&Play(1.0, http://www.lguplus.co.kr), Pt. URL=, Addr.=192.168.219.104, Port=1900, SN=, UPC=, UPnP Type=urn:schemas-upnp-org:device:MediaRenderer:1, URLBase=, Import=0, Export=0, ContinuousPlay=0, Nickname=null, AudioSyncExcess=0, VideoSyncExcess=0, ImageSyncExcess=0, DocumentSyncExcess=0]
01-25 08:34:15.847  4068  4072 D dalvikvm: GC_CONCURRENT freed 522K, 17% free 3840K/4600K, paused 2ms+2ms, total 27ms
01-25 08:34:15.847  4068  4068 D dalvikvm: WAIT_FOR_CONCURRENT_GC blocked 16ms
01-25 08:34:15.857  4068  4068 D U+Box HomeShare: ConnectionManager AIPAddress fe80::21c:62ff:fe86:ca57%eth0
01-25 08:34:15.857  4068  4068 D U+Box HomeShare: ConnectionManager AIPAddress 192.168.219.104
01-25 08:34:15.857  4068  4068 D U+Box HomeShare: DeviceListManager [DEVLIST:PERF] DevListMgr.onDeviceAdd: GWID: null, DeviceDescr:  COneCPDeviceDescr [DLNA:DMR, ID=uuid:b9258d4a-bf14-f0fb-b471-fb25a2db231f, Name=U+TV, Icon=http://192.168.219.104:38400/icon/icon120x120.png, Manuf.=LG U+(http://www.lguplus.co.kr), ModelDesc.=U+ Shoot&Play, Model=U+ Shoot&Play(1.0, http://www.lguplus.co.kr), Pt. URL=, Addr.=192.168.219.104, Port=1900, SN=, UPC=, UPnP Type=urn:schemas-upnp-org:device:MediaRenderer:1, URLBase=, Import=0, Export=0, ContinuousPlay=0, Nickname=null, AudioSyncExcess=0, VideoSyncExcess=0, ImageSyncExcess=0, DocumentSyncExcess=0]
01-25 08:34:15.857  4068  4068 D U+Box HomeShare: DeviceListManager [isExistDevice] Ret : false Index : -1
01-25 08:34:15.867  4068  4068 D U+Box HomeShare: null Test RandCtn : STBG00:1C:62:86:CA:57
01-25 08:34:15.867  4068  4068 D U+Box HomeShare: null Test RandCtn : STBG00:1C:62:86:CA:57
01-25 08:34:16.317  4068  4068 D U+Box HomeShare: DlnaServiceManager [DEVLIST:PERF:DLNA] DlnaServiceManager.onDeviceDescriptionAdded :  COneCPDeviceDescr [LOCAL:DMR, ID=uuid:b9258d4a-bf14-f0fb-b471-fb25a2db231f, Name=U+TV, Icon=http://192.168.219.104:38400/icon/icon120x120.png, Manuf.=LG U+(http://www.lguplus.co.kr), ModelDesc.=U+ Shoot&Play, Model=U+ Shoot&Play(1.0, http://www.lguplus.co.kr), Pt. URL=, Addr.=192.168.219.104, Port=1900, SN=, UPC=, UPnP Type=urn:schemas-upnp-org:device:MediaRenderer:1, URLBase=, Import=0, Export=0, ContinuousPlay=0, Nickname=null, AudioSyncExcess=0, VideoSyncExcess=0, ImageSyncExcess=0, DocumentSyncExcess=0]
01-25 08:34:16.317  4068  4068 D U+Box HomeShare: DeviceListManager onDeviceAdd : U+TV U+ Shoot&Play
01-25 08:34:16.317  4068  4068 D U+Box HomeShare: DeviceListManager [DEVLIST:PERF] ===> LGW=null, HGW=, DEV GW=null, DeviceDES= COneCPDeviceDescr [LOCAL:DMR, ID=uuid:b9258d4a-bf14-f0fb-b471-fb25a2db231f, Name=U+TV, Icon=http://192.168.219.104:38400/icon/icon120x120.png, Manuf.=LG U+(http://www.lguplus.co.kr), ModelDesc.=U+ Shoot&Play, Model=U+ Shoot&Play(1.0, http://www.lguplus.co.kr), Pt. URL=, Addr.=192.168.219.104, Port=1900, SN=, UPC=, UPnP Type=urn:schemas-upnp-org:device:MediaRenderer:1, URLBase=, Import=0, Export=0, ContinuousPlay=0, Nickname=null, AudioSyncExcess=0, VideoSyncExcess=0, ImageSyncExcess=0, DocumentSyncExcess=0]
01-25 08:34:16.347  4068  4072 D dalvikvm: GC_CONCURRENT freed 482K, 17% free 3841K/4600K, paused 3ms+1ms, total 29ms
01-25 08:34:16.347  4068  4068 D dalvikvm: WAIT_FOR_CONCURRENT_GC blocked 19ms
01-25 08:34:16.367  4068  4068 D U+Box HomeShare: ConnectionManager AIPAddress fe80::21c:62ff:fe86:ca57%eth0
01-25 08:34:16.367  4068  4068 D U+Box HomeShare: ConnectionManager AIPAddress 192.168.219.104
01-25 08:34:16.367  4068  4068 D U+Box HomeShare: DeviceListManager [DEVLIST:PERF] DevListMgr.onDeviceAdd: GWID: null, DeviceDescr:  COneCPDeviceDescr [DLNA:DMR, ID=uuid:b9258d4a-bf14-f0fb-b471-fb25a2db231f, Name=U+TV, Icon=http://192.168.219.104:38400/icon/icon120x120.png, Manuf.=LG U+(http://www.lguplus.co.kr), ModelDesc.=U+ Shoot&Play, Model=U+ Shoot&Play(1.0, http://www.lguplus.co.kr), Pt. URL=, Addr.=192.168.219.104, Port=1900, SN=, UPC=, UPnP Type=urn:schemas-upnp-org:device:MediaRenderer:1, URLBase=, Import=0, Export=0, ContinuousPlay=0, Nickname=null, AudioSyncExcess=0, VideoSyncExcess=0, ImageSyncExcess=0, DocumentSyncExcess=0]
01-25 08:34:16.367  4068  4068 D U+Box HomeShare: DeviceListManager [isExistDevice] Ret : false Index : -1
01-25 08:34:16.367  4068  4068 D U+Box HomeShare: null Test RandCtn : STBG00:1C:62:86:CA:57
01-25 08:34:16.397  4068  4072 D dalvikvm: GC_CONCURRENT freed 372K, 16% free 3879K/4600K, paused 2ms+2ms, total 27ms
01-25 08:34:16.397  4068  4068 D dalvikvm: WAIT_FOR_CONCURRENT_GC blocked 25ms
01-25 08:34:16.397  4068  4068 D U+Box HomeShare: null Test RandCtn : STBG00:1C:62:86:CA:57
01-25 08:34:17.807  2155  2155 D ETC-PINEONE-LAUNCHER: [SystemButton] setNotificationCount()[103] >> notification count 4
01-25 08:34:18.007  4068  1954 I INSPRIT_CG: 08:34:18 : DBG : src/UPnP/upnp/cdevice.c : 1922 : cg_upnp_device_getservicebyscpdurl :  Child node v: /service/ConnectionManager1.xml
01-25 08:34:18.007  4068  1954 I INSPRIT_CG: 08:34:18 : DBG : src/UPnP/upnp/cdevice.c : 1922 : cg_upnp_device_getservicebyscpdurl :  Child node v: /service/AVTransport1.xml
01-25 08:34:18.007  4068  1954 I INSPRIT_CG: 08:34:18 : DBG : src/UPnP/upnp/cdevice.c : 1922 : cg_upnp_device_getservicebyscpdurl :  Child node v: /service/RenderingControl1.xml
01-25 08:34:18.017  4068  1955 I INSPRIT_CG: 08:34:18 : DBG : src/UPnP/upnp/cdevice.c : 1922 : cg_upnp_device_getservicebyscpdurl :  Child node v: /service/ConnectionManager1.xml
01-25 08:34:18.017  4068  1955 I INSPRIT_CG: 08:34:18 : DBG : src/UPnP/upnp/cdevice.c : 1922 : cg_upnp_device_getservicebyscpdurl :  Child node v: /service/AVTransport1.xml
01-25 08:34:18.017  4068  1955 I INSPRIT_CG: 08:34:18 : DBG : src/UPnP/upnp/cdevice.c : 1922 : cg_upnp_device_getservicebyscpdurl :  Child node v: /service/RenderingControl1.xml
01-25 08:34:18.017  4068  1956 I INSPRIT_CG: 08:34:18 : DBG : src/UPnP/upnp/cdevice.c : 1922 : cg_upnp_device_getservicebyscpdurl :  Child node v: /service/ConnectionManager1.xml
01-25 08:34:18.017  4068  1956 I INSPRIT_CG: 08:34:18 : DBG : src/UPnP/upnp/cdevice.c : 1922 : cg_upnp_device_getservicebyscpdurl :  Child node v: /service/AVTransport1.xml
01-25 08:34:18.017  4068  1956 I INSPRIT_CG: 08:34:18 : DBG : src/UPnP/upnp/cdevice.c : 1922 : cg_upnp_device_getservicebyscpdurl :  Child node v: /service/RenderingControl1.xml
01-25 08:34:18.017  4068  1957 I INSPRIT_CG: 08:34:18 : DBG : src/UPnP/upnp/cdevice.c : 1922 : cg_upnp_device_getservicebyscpdurl :  Child node v: /service/ConnectionManager1.xml
