01-19 17:56:03.998  1767  1767 D ETC-PINEONE-CURATION: [MainActivity] checkFreeContent()[8022] >> [CTV][Content] checkFreeContent : FREE
01-19 17:56:04.158   877   912 I AMP_VPP_HDCP: start HDCP
01-19 17:56:04.158   877   912 I AMP_VPP_HDCP: Stop HDCP
01-19 17:56:04.158   877   912 I AMP_VPP_HDCP: End of StopHDCP
01-19 17:56:04.218   877   912 I AMP_VPP_HDCP: HDCP device not ready in HDMI mode
01-19 17:56:04.218   877   912 I AMP_VPP_HDCP: Stop HDCP
01-19 17:56:04.218   877   912 I AMP_VPP_HDCP: End of StopHDCP
01-19 17:56:04.218   902   979 E BerlinAVS_HotplugHandler: STAM, staticHDMIEventHandler:521, entered..
01-19 17:56:04.218   902   979 E BerlinAVS_HotplugHandler: STAM, HDMIEventHandler:486, entered..
01-19 17:56:04.218   902   979 D BerlinAVS_HotplugHandler: HDMI hotplug event 4
01-19 17:56:04.348   877  1037 W [33;1mAmp2@@[MODULE_ADEC:ADEC_CheckExecSleep():402]:[0m : ADEC Sleep, input[10 27 0x1381a], pcm[0 16 0x10000 0x0], hdmi[D 16 0 0x0 0x0], spdif[D 16 0 0x0 0x0], EOS[0 0 0 0], DecErr 0x0, uiCurTime 3a8b67, uiPreTime 3a8b67, disc 0
01-19 17:56:04.408   877   912 I AMP_VPP_HDCP: start HDCP
01-19 17:56:04.408   877   912 I AMP_VPP_HDCP: Stop HDCP
01-19 17:56:04.408   877   912 I AMP_VPP_HDCP: End of StopHDCP
01-19 17:56:04.448   940   940 D LIVE-LGE-XCHECKER: startCrossCheck:139, stream err: 0, pcr err: 0, max_check_count: 40
01-19 17:56:04.468   877   912 I AMP_VPP_HDCP: HDCP device not ready in HDMI mode
01-19 17:56:04.468   877   912 I AMP_VPP_HDCP: Stop HDCP
01-19 17:56:04.468   877   912 I AMP_VPP_HDCP: End of StopHDCP
01-19 17:56:04.468   902   979 E BerlinAVS_HotplugHandler: STAM, staticHDMIEventHandler:521, entered..
01-19 17:56:04.468   902   979 E BerlinAVS_HotplugHandler: STAM, HDMIEventHandler:486, entered..
01-19 17:56:04.468   902   979 D BerlinAVS_HotplugHandler: HDMI hotplug event 4
01-19 17:56:04.648   903  1024 D VOD-LGE-LIBVODPLAYER: [internalFeedThread read bps = 2368800 
01-19 17:56:04.658   877   912 I AMP_VPP_HDCP: start HDCP
01-19 17:56:04.658   877   912 I AMP_VPP_HDCP: Stop HDCP
01-19 17:56:04.658   877   912 I AMP_VPP_HDCP: End of StopHDCP
01-19 17:56:04.718   877   912 I AMP_VPP_HDCP: HDCP device not ready in HDMI mode
01-19 17:56:04.718   877   912 I AMP_VPP_HDCP: Stop HDCP
01-19 17:56:04.718   877   912 I AMP_VPP_HDCP: End of StopHDCP
01-19 17:56:04.718   902   979 E BerlinAVS_HotplugHandler: STAM, staticHDMIEventHandler:521, entered..
01-19 17:56:04.718   902   979 E BerlinAVS_HotplugHandler: STAM, HDMIEventHandler:486, entered..
01-19 17:56:04.718   902   979 D BerlinAVS_HotplugHandler: HDMI hotplug event 4
01-19 17:56:04.908   877   912 I AMP_VPP_HDCP: start HDCP
01-19 17:56:04.908   877   912 I AMP_VPP_HDCP: Stop HDCP
01-19 17:56:04.908   877   912 I AMP_VPP_HDCP: End of StopHDCP
01-19 17:56:04.978   877   912 I AMP_VPP_HDCP: HDCP device not ready in HDMI mode
01-19 17:56:04.978   877   912 I AMP_VPP_HDCP: Stop HDCP
01-19 17:56:04.978   877   912 I AMP_VPP_HDCP: End of StopHDCP
01-19 17:56:04.978   902   979 E BerlinAVS_HotplugHandler: STAM, staticHDMIEventHandler:521, entered..
01-19 17:56:04.978   902   979 E BerlinAVS_HotplugHandler: STAM, HDMIEventHandler:486, entered..
01-19 17:56:04.978   902   979 D BerlinAVS_HotplugHandler: HDMI hotplug event 4
01-19 17:56:04.998  1767  1767 V MediaPlayer: getCurrentPosition
01-19 17:56:04.998  1767  1767 D ETC-PINEONE-CURATION: [NewVodMediaPlayer$PlayTimerHandler] handleMessage()[971] >> [CTV] VOD Current Position : 170239
01-19 17:56:04.998  1767  1767 D ETC-PINEONE-CURATION: [PlayInfoManager] getVodTotalPlayTime()[1298] >> [CTV][DATA] get Total Play Time : 167
01-19 17:56:04.998  1767  1767 D ETC-PINEONE-CURATION: [MainActivity] onPlayTimeActionPreviewPlay()[4831] >> [CTV][AD] PlayTime : 170, Preview : 180
01-19 17:56:04.998  1767  1767 D ETC-PINEONE-CURATION: [MainActivity] checkFreeContent()[8011] >> [CTV][Content] checkFreeContent : 0:0:1
01-19 17:56:05.008  1767  1767 D ETC-PINEONE-CURATION: [MainActivity] checkFreeContent()[8022] >> [CTV][Content] checkFreeContent : FREE
01-19 17:56:05.158   877   912 I AMP_VPP_HDCP: start HDCP
01-19 17:56:05.158   877   912 I AMP_VPP_HDCP: Stop HDCP
01-19 17:56:05.158   877   912 I AMP_VPP_HDCP: End of StopHDCP
01-19 17:56:05.218   877   912 I AMP_VPP_HDCP: HDCP device not ready in HDMI mode
01-19 17:56:05.218   877   912 I AMP_VPP_HDCP: Stop HDCP
01-19 17:56:05.218   877   912 I AMP_VPP_HDCP: End of StopHDCP
01-19 17:56:05.218   902   979 E BerlinAVS_HotplugHandler: STAM, staticHDMIEventHandler:521, entered..
01-19 17:56:05.218   902   979 E BerlinAVS_HotplugHandler: STAM, HDMIEventHandler:486, entered..
01-19 17:56:05.218   902   979 D BerlinAVS_HotplugHandler: HDMI hotplug event 4
01-19 17:56:05.408   877   912 I AMP_VPP_HDCP: start HDCP
01-19 17:56:05.408   877   912 I AMP_VPP_HDCP: Stop HDCP
01-19 17:56:05.408   877   912 I AMP_VPP_HDCP: End of StopHDCP
01-19 17:56:05.478   877   912 I AMP_VPP_HDCP: HDCP device not ready in HDMI mode
01-19 17:56:05.478   877   912 I AMP_VPP_HDCP: Stop HDCP
01-19 17:56:05.478   877   912 I AMP_VPP_HDCP: End of StopHDCP
01-19 17:56:05.478   902   979 E BerlinAVS_HotplugHandler: STAM, staticHDMIEventHandler:521, entered..
01-19 17:56:05.478   902   979 E BerlinAVS_HotplugHandler: STAM, HDMIEventHandler:486, entered..
01-19 17:56:05.478   902   979 D BerlinAVS_HotplugHandler: HDMI hotplug event 4
01-19 17:56:05.668   877   912 I AMP_VPP_HDCP: start HDCP
01-19 17:56:05.668   877   912 I AMP_VPP_HDCP: Stop HDCP
01-19 17:56:05.668   877   912 I AMP_VPP_HDCP: End of StopHDCP
01-19 17:56:05.728   877   912 I AMP_VPP_HDCP: HDCP device not ready in HDMI mode
01-19 17:56:05.728   877   912 I AMP_VPP_HDCP: Stop HDCP
01-19 17:56:05.728   877   912 I AMP_VPP_HDCP: End of StopHDCP
01-19 17:56:05.728   902   979 E BerlinAVS_HotplugHandler: STAM, staticHDMIEventHandler:521, entered..
01-19 17:56:05.728   902   979 E BerlinAVS_HotplugHandler: STAM, HDMIEventHandler:486, entered..
01-19 17:56:05.728   902   979 D BerlinAVS_HotplugHandler: HDMI hotplug event 4
01-19 17:56:05.918   877   912 I AMP_VPP_HDCP: start HDCP
01-19 17:56:05.918   877   912 I AMP_VPP_HDCP: Stop HDCP
01-19 17:56:05.918   877   912 I AMP_VPP_HDCP: End of StopHDCP
01-19 17:56:05.988   877   912 I AMP_VPP_HDCP: HDCP device not ready in HDMI mode
01-19 17:56:05.988   877   912 I AMP_VPP_HDCP: Stop HDCP
01-19 17:56:05.988   877   912 I AMP_VPP_HDCP: End of StopHDCP
01-19 17:56:05.988   902   979 E BerlinAVS_HotplugHandler: STAM, staticHDMIEventHandler:521, entered..
01-19 17:56:05.988   902   979 E BerlinAVS_HotplugHandler: STAM, HDMIEventHandler:486, entered..
01-19 17:56:05.988   902   979 D BerlinAVS_HotplugHandler: HDMI hotplug event 4
01-19 17:56:05.998  1767  1767 V MediaPlayer: getCurrentPosition
01-19 17:56:06.008  1767  1767 D ETC-PINEONE-CURATION: [NewVodMediaPlayer$PlayTimerHandler] handleMessage()[971] >> [CTV] VOD Current Position : 171240
01-19 17:56:06.008  1767  1767 D ETC-PINEONE-CURATION: [PlayInfoManager] getVodTotalPlayTime()[1298] >> [CTV][DATA] get Total Play Time : 168
01-19 17:56:06.008  1767  1767 D ETC-PINEONE-CURATION: [MainActivity] onPlayTimeActionPreviewPlay()[4831] >> [CTV][AD] PlayTime : 171, Preview : 180
01-19 17:56:06.008  1767  1767 D ETC-PINEONE-CURATION: [MainActivity] checkFreeContent()[8011] >> [CTV][Content] checkFreeContent : 0:0:1
01-19 17:56:06.008  1767  1767 D ETC-PINEONE-CURATION: [MainActivity] checkFreeContent()[8022] >> [CTV][Content] checkFreeContent : FREE
01-19 17:56:06.178   877   912 I AMP_VPP_HDCP: start HDCP
01-19 17:56:06.178   877   912 I AMP_VPP_HDCP: Stop HDCP
01-19 17:56:06.178   877   912 I AMP_VPP_HDCP: End of StopHDCP
01-19 17:56:06.248   877   912 I AMP_VPP_HDCP: HDCP device not ready in HDMI mode
01-19 17:56:06.248   877   912 I AMP_VPP_HDCP: Stop HDCP
01-19 17:56:06.248   877   912 I AMP_VPP_HDCP: End of StopHDCP
01-19 17:56:06.248   902   979 E BerlinAVS_HotplugHandler: STAM, staticHDMIEventHandler:521, entered..
01-19 17:56:06.248   902   979 E BerlinAVS_HotplugHandler: STAM, HDMIEventHandler:486, entered..
01-19 17:56:06.248   902   979 D BerlinAVS_HotplugHandler: HDMI hotplug event 4
01-19 17:56:06.428   877   912 I AMP_VPP_HDCP: start HDCP
01-19 17:56:06.428   877   912 I AMP_VPP_HDCP: Stop HDCP
01-19 17:56:06.428   877   912 I AMP_VPP_HDCP: End of StopHDCP
01-19 17:56:06.498   877   912 I AMP_VPP_HDCP: HDCP device not ready in HDMI mode
01-19 17:56:06.498   877   912 I AMP_VPP_HDCP: Stop HDCP
01-19 17:56:06.498   877   912 I AMP_VPP_HDCP: End of StopHDCP
01-19 17:56:06.498   902   979 E BerlinAVS_HotplugHandler: STAM, staticHDMIEventHandler:521, entered..
01-19 17:56:06.498   902   979 E BerlinAVS_HotplugHandler: STAM, HDMIEventHandler:486, entered..
01-19 17:56:06.498   902   979 D BerlinAVS_HotplugHandler: HDMI hotplug event 4
01-19 17:56:06.578   903  1024 D VOD-LGE-LIBVODPLAYER: [internalFeedThread read bps = 2237200 
01-19 17:56:06.678   877   912 I AMP_VPP_HDCP: start HDCP
01-19 17:56:06.688   877   912 I AMP_VPP_HDCP: Stop HDCP
01-19 17:56:06.688   877   912 I AMP_VPP_HDCP: End of StopHDCP
01-19 17:56:06.708   903  1024 I VOD-LGE-LIBVODPLAYER: speed freeSize: 252672
01-19 17:56:06.708   903  1024 I VOD-LGE-LIBVODPLAYER: speed-down automatically
01-19 17:56:06.708   903  1024 D VOD-LGE-LIBVODPLAYER-CICLNT: try to play(speed = 80)
01-19 17:56:06.708   903  1024 D VOD-LGE-LIBVODPLAYER-CICLNT: internalCheckSpeed..ok, valid speed
01-19 17:56:06.708   903  1024 D VOD-LGE-LIBVODPLAYER-CICLNT: play... audio trick play
01-19 17:56:06.718   903  1024 D VOD-LGE-LIBVODPLAYER-CICLNT: play...ok, speed = 80
01-19 17:56:06.758   877   912 I AMP_VPP_HDCP: HDCP device not ready in HDMI mode
01-19 17:56:06.758   877   912 I AMP_VPP_HDCP: Stop HDCP
01-19 17:56:06.758   877   912 I AMP_VPP_HDCP: End of StopHDCP
01-19 17:56:06.758   902   979 E BerlinAVS_HotplugHandler: STAM, staticHDMIEventHandler:521, entered..
01-19 17:56:06.758   902   979 E BerlinAVS_HotplugHandler: STAM, HDMIEventHandler:486, entered..
01-19 17:56:06.758   902   979 D BerlinAVS_HotplugHandler: HDMI hotplug event 4
01-19 17:56:06.828   352   352 I AnypointAD - t.a.a.c.s.MonitorScheduler: [56] start monitoring..
01-19 17:56:06.838   352  3805 I AnypointAD - t.a.a.c.s.PushMsgClient: [179] connection: TCPNIOConnection{localSocketAddress={/192.168.219.109:54218}, peerSocketAddress={/52.78.112.142:31102}}, isConnected: true, lastReceivedTime: 1516352151040
01-19 17:56:06.858   352  3593 I AnypointAD - t.a.a.c.m.ServerMessageProcessorFactory: [101] received message from server: HeartbeatMessage
01-19 17:56:06.858   352  3805 I AnypointAD - t.a.a.c.s.PushMsgClient: [154] Sending device event: Heartbeat
01-19 17:56:06.938   877   912 I AMP_VPP_HDCP: start HDCP
01-19 17:56:06.938   877   912 I AMP_VPP_HDCP: Stop HDCP
01-19 17:56:06.938   877   912 I AMP_VPP_HDCP: End of StopHDCP
01-19 17:56:06.948   352   356 D dalvikvm: GC_CONCURRENT freed 483K, 18% free 3466K/4180K, paused 4ms+6ms, total 124ms
01-19 17:56:06.948   352   352 D dalvikvm: WAIT_FOR_CONCURRENT_GC blocked 61ms
01-19 17:56:06.948   352   352 I AnypointAD - t.a.a.c.s.MonitorScheduler: [84] register boot ad call alarm.
01-19 17:56:06.948   352  1180 D dalvikvm: WAIT_FOR_CONCURRENT_GC blocked 66ms
01-19 17:56:06.958   352   352 I AnypointAD - t.a.a.c.s.MonitorScheduler: [89] monitoring finished..
01-19 17:56:06.968  1747  1766 E NotificationService: Ignoring notification with icon==0: Notification(pri=0 contentView=null vibrate=null sound=null defaults=0x0 flags=0x62 kind=[null])
01-19 17:56:06.988   352   352 I AnypointAD - t.a.a.c.a.StartService: [15] StartService start...51, class tv.anypoint.android.core.app.StartService
01-19 17:56:07.008  1767  1767 V MediaPlayer: getCurrentPosition
01-19 17:56:07.008   877   912 I AMP_VPP_HDCP: HDCP device not ready in HDMI mode
01-19 17:56:07.008   877   912 I AMP_VPP_HDCP: Stop HDCP
01-19 17:56:07.008   877   912 I AMP_VPP_HDCP: End of StopHDCP
01-19 17:56:07.008   902   979 E BerlinAVS_HotplugHandler: STAM, staticHDMIEventHandler:521, entered..
01-19 17:56:07.008   902   979 E BerlinAVS_HotplugHandler: STAM, HDMIEventHandler:486, entered..
01-19 17:56:07.008   902   979 D BerlinAVS_HotplugHandler: HDMI hotplug event 4
01-19 17:56:07.008  1767  1767 D ETC-PINEONE-CURATION: [NewVodMediaPlayer$PlayTimerHandler] handleMessage()[971] >> [CTV] VOD Current Position : 172241
01-19 17:56:07.018  1767  1767 D ETC-PINEONE-CURATION: [PlayInfoManager] getVodTotalPlayTime()[1298] >> [CTV][DATA] get Total Play Time : 169
01-19 17:56:07.018  1767  1767 D ETC-PINEONE-CURATION: [MainActivity] onPlayTimeActionPreviewPlay()[4831] >> [CTV][AD] PlayTime : 172, Preview : 180
01-19 17:56:07.018  1767  1767 D ETC-PINEONE-CURATION: [MainActivity] checkFreeContent()[8011] >> [CTV][Content] checkFreeContent : 0:0:1
01-19 17:56:07.018  1767  1767 D ETC-PINEONE-CURATION: [MainActivity] checkFreeContent()[8022] >> [CTV][Content] checkFreeContent : FREE
01-19 17:56:07.188   877   912 I AMP_VPP_HDCP: start HDCP
01-19 17:56:07.188   877   912 I AMP_VPP_HDCP: Stop HDCP
01-19 17:56:07.188   877   912 I AMP_VPP_HDCP: End of StopHDCP
01-19 17:56:07.248   877   912 I AMP_VPP_HDCP: HDCP device not ready in HDMI mode
01-19 17:56:07.248   877   912 I AMP_VPP_HDCP: Stop HDCP
01-19 17:56:07.248   877   912 I AMP_VPP_HDCP: End of StopHDCP
01-19 17:56:07.248   902   979 E BerlinAVS_HotplugHandler: STAM, staticHDMIEventHandler:521, entered..
01-19 17:56:07.248   902   979 E BerlinAVS_HotplugHandler: STAM, HDMIEventHandler:486, entered..
01-19 17:56:07.248   902   979 D BerlinAVS_HotplugHandler: HDMI hotplug event 4
01-19 17:56:07.438   877   912 I AMP_VPP_HDCP: start HDCP
01-19 17:56:07.438   877   912 I AMP_VPP_HDCP: Stop HDCP
01-19 17:56:07.438   877   912 I AMP_VPP_HDCP: End of StopHDCP
01-19 17:56:07.498   877   912 I AMP_VPP_HDCP: HDCP device not ready in HDMI mode
01-19 17:56:07.498   877   912 I AMP_VPP_HDCP: Stop HDCP
01-19 17:56:07.498   877   912 I AMP_VPP_HDCP: End of StopHDCP
01-19 17:56:07.508   902   979 E BerlinAVS_HotplugHandler: STAM, staticHDMIEventHandler:521, entered..
01-19 17:56:07.508   902   979 E BerlinAVS_HotplugHandler: STAM, HDMIEventHandler:486, entered..
01-19 17:56:07.508   902   979 D BerlinAVS_HotplugHandler: HDMI hotplug event 4
01-19 17:56:07.688   877   912 I AMP_VPP_HDCP: start HDCP
01-19 17:56:07.688   877   912 I AMP_VPP_HDCP: Stop HDCP
01-19 17:56:07.688   877   912 I AMP_VPP_HDCP: End of StopHDCP
01-19 17:56:07.758   877   912 I AMP_VPP_HDCP: HDCP device not ready in HDMI mode
01-19 17:56:07.758   877   912 I AMP_VPP_HDCP: Stop HDCP
01-19 17:56:07.758   877   912 I AMP_VPP_HDCP: End of StopHDCP
01-19 17:56:07.758   902   979 E BerlinAVS_HotplugHandler: STAM, staticHDMIEventHandler:521, entered..
01-19 17:56:07.758   902   979 E BerlinAVS_HotplugHandler: STAM, HDMIEventHandler:486, entered..
01-19 17:56:07.758   902   979 D BerlinAVS_HotplugHandler: HDMI hotplug event 4
01-19 17:56:07.938   877   912 I AMP_VPP_HDCP: start HDCP
01-19 17:56:07.938   877   912 I AMP_VPP_HDCP: Stop HDCP
01-19 17:56:07.938   877   912 I AMP_VPP_HDCP: End of StopHDCP
01-19 17:56:07.998   877   912 I AMP_VPP_HDCP: HDCP device not ready in HDMI mode
01-19 17:56:07.998   877   912 I AMP_VPP_HDCP: Stop HDCP
01-19 17:56:07.998   877   912 I AMP_VPP_HDCP: End of StopHDCP
01-19 17:56:07.998   902   979 E BerlinAVS_HotplugHandler: STAM, staticHDMIEventHandler:521, entered..
01-19 17:56:07.998   902   979 E BerlinAVS_HotplugHandler: STAM, HDMIEventHandler:486, entered..
01-19 17:56:07.998   902   979 D BerlinAVS_HotplugHandler: HDMI hotplug event 4
01-19 17:56:08.018  1767  1767 V MediaPlayer: getCurrentPosition
01-19 17:56:08.018  1767  1767 D ETC-PINEONE-CURATION: [NewVodMediaPlayer$PlayTimerHandler] handleMessage()[971] >> [CTV] VOD Current Position : 173242
01-19 17:56:08.018  1767  1767 D ETC-PINEONE-CURATION: [PlayInfoManager] getVodTotalPlayTime()[1298] >> [CTV][DATA] get Total Play Time : 170
01-19 17:56:08.028  1767  1767 D ETC-PINEONE-CURATION: [MainActivity] onPlayTimeActionPreviewPlay()[4831] >> [CTV][AD] PlayTime : 173, Preview : 180
01-19 17:56:08.028  1767  1767 D ETC-PINEONE-CURATION: [MainActivity] checkFreeContent()[8011] >> [CTV][Content] checkFreeContent : 0:0:1
01-19 17:56:08.028  1767  1767 D ETC-PINEONE-CURATION: [MainActivity] checkFreeContent()[8022] >> [CTV][Content] checkFreeContent : FREE
01-19 17:56:08.188   877   912 I AMP_VPP_HDCP: start HDCP
01-19 17:56:08.188   877   912 I AMP_VPP_HDCP: Stop HDCP
01-19 17:56:08.188   877   912 I AMP_VPP_HDCP: End of StopHDCP
01-19 17:56:08.248   877   912 I AMP_VPP_HDCP: HDCP device not ready in HDMI mode
01-19 17:56:08.248   877   912 I AMP_VPP_HDCP: Stop HDCP
01-19 17:56:08.248   877   912 I AMP_VPP_HDCP: End of StopHDCP
01-19 17:56:08.248   902   979 E BerlinAVS_HotplugHandler: STAM, staticHDMIEventHandler:521, entered..
01-19 17:56:08.248   902   979 E BerlinAVS_HotplugHandler: STAM, HDMIEventHandler:486, entered..
01-19 17:56:08.248   902   979 D BerlinAVS_HotplugHandler: HDMI hotplug event 4
01-19 17:56:08.438   877   912 I AMP_VPP_HDCP: start HDCP
01-19 17:56:08.438   877   912 I AMP_VPP_HDCP: Stop HDCP
01-19 17:56:08.438   877   912 I AMP_VPP_HDCP: End of StopHDCP
01-19 17:56:08.498   877   912 I AMP_VPP_HDCP: HDCP device not ready in HDMI mode
01-19 17:56:08.498   877   912 I AMP_VPP_HDCP: Stop HDCP
01-19 17:56:08.498   877   912 I AMP_VPP_HDCP: End of StopHDCP
01-19 17:56:08.498   902   979 E BerlinAVS_HotplugHandler: STAM, staticHDMIEventHandler:521, entered..
01-19 17:56:08.498   902   979 E BerlinAVS_HotplugHandler: STAM, HDMIEventHandler:486, entered..
01-19 17:56:08.498   902   979 D BerlinAVS_HotplugHandler: HDMI hotplug event 4
01-19 17:56:08.688   877   912 I AMP_VPP_HDCP: start HDCP
01-19 17:56:08.688   877   912 I AMP_VPP_HDCP: Stop HDCP
01-19 17:56:08.688   877   912 I AMP_VPP_HDCP: End of StopHDCP
01-19 17:56:08.728   877   910 W [33;1mAmp2@@[MODULE_AVS:show_avsync_status():868]:[0m : [AVSDBG][17][L]M:0x00f09f9a(1500),P:0x00000000(0)[0],V:0x00f0a3b3(0),A:0x00f0ed30(0),M-P:175216,M-V:-11,M-A:-220,V-A:-209 V[R:9],A[13]
01-19 17:56:08.748   877   912 I AMP_VPP_HDCP: HDCP device not ready in HDMI mode
01-19 17:56:08.748   877   912 I AMP_VPP_HDCP: Stop HDCP
01-19 17:56:08.748   877   912 I AMP_VPP_HDCP: End of StopHDCP
01-19 17:56:08.748   902   979 E BerlinAVS_HotplugHandler: STAM, staticHDMIEventHandler:521, entered..
01-19 17:56:08.748   902   979 E BerlinAVS_HotplugHandler: STAM, HDMIEventHandler:486, entered..
01-19 17:56:08.748   902   979 D BerlinAVS_HotplugHandler: HDMI hotplug event 4
01-19 17:56:08.758   903  1024 D VOD-LGE-LIBVODPLAYER: [internalFeedThread read bps = 1710800 
01-19 17:56:08.938   877   912 I AMP_VPP_HDCP: start HDCP
01-19 17:56:08.938   877   912 I AMP_VPP_HDCP: Stop HDCP
01-19 17:56:08.938   877   912 I AMP_VPP_HDCP: End of StopHDCP
01-19 17:56:09.008   877   912 I AMP_VPP_HDCP: HDCP device not ready in HDMI mode
01-19 17:56:09.008   877   912 I AMP_VPP_HDCP: Stop HDCP
01-19 17:56:09.008   877   912 I AMP_VPP_HDCP: End of StopHDCP
01-19 17:56:09.008   902   979 E BerlinAVS_HotplugHandler: STAM, staticHDMIEventHandler:521, entered..
01-19 17:56:09.008   902   979 E BerlinAVS_HotplugHandler: STAM, HDMIEventHandler:486, entered..
01-19 17:56:09.008   902   979 D BerlinAVS_HotplugHandler: HDMI hotplug event 4
01-19 17:56:09.028  1767  1767 V MediaPlayer: getCurrentPosition
01-19 17:56:09.028  1767  1767 D ETC-PINEONE-CURATION: [NewVodMediaPlayer$PlayTimerHandler] handleMessage()[971] >> [CTV] VOD Current Position : 174243
01-19 17:56:09.028  1767  1767 D ETC-PINEONE-CURATION: [PlayInfoManager] getVodTotalPlayTime()[1298] >> [CTV][DATA] get Total Play Time : 171
01-19 17:56:09.028  1767  1767 D ETC-PINEONE-CURATION: [MainActivity] onPlayTimeActionPreviewPlay()[4831] >> [CTV][AD] PlayTime : 174, Preview : 180
01-19 17:56:09.028  1767  1767 D ETC-PINEONE-CURATION: [MainActivity] checkFreeContent()[8011] >> [CTV][Content] checkFreeContent : 0:0:1
01-19 17:56:09.028  1767  1767 D ETC-PINEONE-CURATION: [MainActivity] checkFreeContent()[8022] >> [CTV][Content] checkFreeContent : FREE
01-19 17:56:09.158  2085  2096 D dalvikvm: GC_CONCURRENT freed 398K, 21% free 2546K/3208K, paused 3ms+3ms, total 30ms
01-19 17:56:09.188   877   912 I AMP_VPP_HDCP: start HDCP
01-19 17:56:09.188   877   912 I AMP_VPP_HDCP: Stop HDCP
01-19 17:56:09.188   877   912 I AMP_VPP_HDCP: End of StopHDCP
01-19 17:56:09.258   877   912 I AMP_VPP_HDCP: HDCP device not ready in HDMI mode
01-19 17:56:09.258   877   912 I AMP_VPP_HDCP: Stop HDCP
01-19 17:56:09.258   877   912 I AMP_VPP_HDCP: End of StopHDCP
01-19 17:56:09.258   902   979 E BerlinAVS_HotplugHandler: STAM, staticHDMIEventHandler:521, entered..
01-19 17:56:09.258   902   979 E BerlinAVS_HotplugHandler: STAM, HDMIEventHandler:486, entered..
01-19 17:56:09.258   902   979 D BerlinAVS_HotplugHandler: HDMI hotplug event 4
01-19 17:56:09.438   877   912 I AMP_VPP_HDCP: start HDCP
01-19 17:56:09.438   877   912 I AMP_VPP_HDCP: Stop HDCP
01-19 17:56:09.438   877   912 I AMP_VPP_HDCP: End of StopHDCP
01-19 17:56:09.458   940   940 D LIVE-LGE-XCHECKER: startCrossCheck:139, stream err: 0, pcr err: 0, max_check_count: 40
01-19 17:56:09.508   877   912 I AMP_VPP_HDCP: HDCP device not ready in HDMI mode
01-19 17:56:09.508   877   912 I AMP_VPP_HDCP: Stop HDCP
01-19 17:56:09.508   877   912 I AMP_VPP_HDCP: End of StopHDCP
01-19 17:56:09.508   902   979 E BerlinAVS_HotplugHandler: STAM, staticHDMIEventHandler:521, entered..
01-19 17:56:09.508   902   979 E BerlinAVS_HotplugHandler: STAM, HDMIEventHandler:486, entered..
01-19 17:56:09.508   902   979 D BerlinAVS_HotplugHandler: HDMI hotplug event 4
01-19 17:56:09.698   877   912 I AMP_VPP_HDCP: start HDCP
01-19 17:56:09.698   877   912 I AMP_VPP_HDCP: Stop HDCP
01-19 17:56:09.698   877   912 I AMP_VPP_HDCP: End of StopHDCP
01-19 17:56:09.758   877   912 I AMP_VPP_HDCP: HDCP device not ready in HDMI mode
01-19 17:56:09.758   877   912 I AMP_VPP_HDCP: Stop HDCP
01-19 17:56:09.758   877   912 I AMP_VPP_HDCP: End of StopHDCP
01-19 17:56:09.758   902   979 E BerlinAVS_HotplugHandler: STAM, staticHDMIEventHandler:521, entered..
01-19 17:56:09.758   902   979 E BerlinAVS_HotplugHandler: STAM, HDMIEventHandler:486, entered..
01-19 17:56:09.758   902   979 D BerlinAVS_HotplugHandler: HDMI hotplug event 4
01-19 17:56:09.948   877   912 I AMP_VPP_HDCP: start HDCP
01-19 17:56:09.948   877   912 I AMP_VPP_HDCP: Stop HDCP
01-19 17:56:09.948   877   912 I AMP_VPP_HDCP: End of StopHDCP
01-19 17:56:10.018   877   912 I AMP_VPP_HDCP: HDCP device not ready in HDMI mode
01-19 17:56:10.018   877   912 I AMP_VPP_HDCP: Stop HDCP
01-19 17:56:10.018   877   912 I AMP_VPP_HDCP: End of StopHDCP
01-19 17:56:10.018   902   979 E BerlinAVS_HotplugHandler: STAM, staticHDMIEventHandler:521, entered..
01-19 17:56:10.018   902   979 E BerlinAVS_HotplugHandler: STAM, HDMIEventHandler:486, entered..
01-19 17:56:10.018   902   979 D BerlinAVS_HotplugHandler: HDMI hotplug event 4
01-19 17:56:10.028  1767  1767 V MediaPlayer: getCurrentPosition
01-19 17:56:10.028  1767  1767 D ETC-PINEONE-CURATION: [NewVodMediaPlayer$PlayTimerHandler] handleMessage()[971] >> [CTV] VOD Current Position : 175277
01-19 17:56:10.028  1767  1767 D ETC-PINEONE-CURATION: [PlayInfoManager] getVodTotalPlayTime()[1298] >> [CTV][DATA] get Total Play Time : 172
01-19 17:56:10.028  1767  1767 D ETC-PINEONE-CURATION: [MainActivity] onPlayTimeActionPreviewPlay()[4831] >> [CTV][AD] PlayTime : 175, Preview : 180
01-19 17:56:10.208   877   912 I AMP_VPP_HDCP: start HDCP
01-19 17:56:10.208   877   912 I AMP_VPP_HDCP: Stop HDCP
01-19 17:56:10.208   877   912 I AMP_VPP_HDCP: End of StopHDCP
01-19 17:56:10.268   877   912 I AMP_VPP_HDCP: HDCP device not ready in HDMI mode
01-19 17:56:10.268   877   912 I AMP_VPP_HDCP: Stop HDCP
01-19 17:56:10.268   877   912 I AMP_VPP_HDCP: End of StopHDCP
01-19 17:56:10.278   902   979 E BerlinAVS_HotplugHandler: STAM, staticHDMIEventHandler:521, entered..
01-19 17:56:10.278   902   979 E BerlinAVS_HotplugHandler: STAM, HDMIEventHandler:486, entered..
01-19 17:56:10.278   902   979 D BerlinAVS_HotplugHandler: HDMI hotplug event 4
01-19 17:56:10.428   903  1024 I VOD-LGE-LIBVODPLAYER: speed freeSize: 1105440
01-19 17:56:10.428   903  1024 I VOD-LGE-LIBVODPLAYER: speed-up automatically
01-19 17:56:10.428   903  1024 D VOD-LGE-LIBVODPLAYER-CICLNT: try to play(speed = 120)
01-19 17:56:10.428   903  1024 D VOD-LGE-LIBVODPLAYER-CICLNT: internalCheckSpeed..ok, valid speed
01-19 17:56:10.428   903  1024 D VOD-LGE-LIBVODPLAYER-CICLNT: play... audio trick play
01-19 17:56:10.438   903  1024 D VOD-LGE-LIBVODPLAYER-CICLNT: play...ok, speed = 120
01-19 17:56:10.458   877   912 I AMP_VPP_HDCP: start HDCP
01-19 17:56:10.458   877   912 I AMP_VPP_HDCP: Stop HDCP
01-19 17:56:10.458   877   912 I AMP_VPP_HDCP: End of StopHDCP
01-19 17:56:10.528   877   912 I AMP_VPP_HDCP: HDCP device not ready in HDMI mode
01-19 17:56:10.528   877   912 I AMP_VPP_HDCP: Stop HDCP
01-19 17:56:10.528   877   912 I AMP_VPP_HDCP: End of StopHDCP
01-19 17:56:10.528   902   979 E BerlinAVS_HotplugHandler: STAM, staticHDMIEventHandler:521, entered..
01-19 17:56:10.528   902   979 E BerlinAVS_HotplugHandler: STAM, HDMIEventHandler:486, entered..
01-19 17:56:10.528   902   979 D BerlinAVS_HotplugHandler: HDMI hotplug event 4
01-19 17:56:10.658   903  1024 D VOD-LGE-LIBVODPLAYER: [internalFeedThread read bps = 1579200 
01-19 17:56:10.718   877   912 I AMP_VPP_HDCP: start HDCP
01-19 17:56:10.718   877   912 I AMP_VPP_HDCP: Stop HDCP
01-19 17:56:10.718   877   912 I AMP_VPP_HDCP: End of StopHDCP
01-19 17:56:10.788   877   912 I AMP_VPP_HDCP: HDCP device not ready in HDMI mode
01-19 17:56:10.788   877   912 I AMP_VPP_HDCP: Stop HDCP
01-19 17:56:10.788   877   912 I AMP_VPP_HDCP: End of StopHDCP
01-19 17:56:10.788   902   979 E BerlinAVS_HotplugHandler: STAM, staticHDMIEventHandler:521, entered..
01-19 17:56:10.788   902   979 E BerlinAVS_HotplugHandler: STAM, HDMIEventHandler:486, entered..
01-19 17:56:10.788   902   979 D BerlinAVS_HotplugHandler: HDMI hotplug event 4
01-19 17:56:10.798   904   924 D SETTINGS-LGE-IptvStorageManager: readUserPreference(LASTCHANNEL) called 
01-19 17:56:10.798   904   924 D SETTINGS-LGE-IptvStorageManager: readUserPreference() : /LGU_data/UP/LASTCHANNEL.1 file does not exist
01-19 17:56:10.798   904   924 D SETTINGS-LGE-IptvStorageManager: readUserPreference(LASTCHANNEL, 1) SUCCESS
01-19 17:56:10.798   504  1792 I LIVE-LGE-JNI: readUP[LASTCHANNEL] 0th PrefValue : 2044
01-19 17:56:10.818  1747  2568 I ActivityManager: No longer want com.lguplus.iptv3.secondtvservice (pid 1453): empty for 1806s
01-19 17:56:10.848  1747  1747 W ActivityManager: Scheduling restart of crashed service com.lguplus.iptv3.secondtvservice/.SecondTvService in 5000ms
01-19 17:56:10.978   877   912 I AMP_VPP_HDCP: start HDCP
01-19 17:56:10.978   877   912 I AMP_VPP_HDCP: Stop HDCP
01-19 17:56:10.978   877   912 I AMP_VPP_HDCP: End of StopHDCP
01-19 17:56:11.038  1767  1767 V MediaPlayer: getCurrentPosition
01-19 17:56:11.038  1767  1767 D ETC-PINEONE-CURATION: [NewVodMediaPlayer$PlayTimerHandler] handleMessage()[971] >> [CTV] VOD Current Position : 176278
01-19 17:56:11.038  1767  1767 D ETC-PINEONE-CURATION: [PlayInfoManager] getVodTotalPlayTime()[1298] >> [CTV][DATA] get Total Play Time : 173
01-19 17:56:11.048  1767  1767 D ETC-PINEONE-CURATION: [MainActivity] onPlayTimeActionPreviewPlay()[4831] >> [CTV][AD] PlayTime : 176, Preview : 180
01-19 17:56:11.048   877   912 I AMP_VPP_HDCP: HDCP device not ready in HDMI mode
01-19 17:56:11.048   877   912 I AMP_VPP_HDCP: Stop HDCP
01-19 17:56:11.048   877   912 I AMP_VPP_HDCP: End of StopHDCP
01-19 17:56:11.048   902   979 E BerlinAVS_HotplugHandler: STAM, staticHDMIEventHandler:521, entered..
01-19 17:56:11.048   902   979 E BerlinAVS_HotplugHandler: STAM, HDMIEventHandler:486, entered..
01-19 17:56:11.048   902   979 D BerlinAVS_HotplugHandler: HDMI hotplug event 4
01-19 17:56:11.228   877   912 I AMP_VPP_HDCP: start HDCP
01-19 17:56:11.228   877   912 I AMP_VPP_HDCP: Stop HDCP
01-19 17:56:11.228   877   912 I AMP_VPP_HDCP: End of StopHDCP
01-19 17:56:11.298   877   912 I AMP_VPP_HDCP: HDCP device not ready in HDMI mode
01-19 17:56:11.298   877   912 I AMP_VPP_HDCP: Stop HDCP
01-19 17:56:11.298   877   912 I AMP_VPP_HDCP: End of StopHDCP
01-19 17:56:11.298   902   979 E BerlinAVS_HotplugHandler: STAM, staticHDMIEventHandler:521, entered..
01-19 17:56:11.298   902   979 E BerlinAVS_HotplugHandler: STAM, HDMIEventHandler:486, entered..
01-19 17:56:11.298   902   979 D BerlinAVS_HotplugHandler: HDMI hotplug event 4
01-19 17:56:11.488   877   912 I AMP_VPP_HDCP: start HDCP
01-19 17:56:11.488   877   912 I AMP_VPP_HDCP: Stop HDCP
01-19 17:56:11.488   877   912 I AMP_VPP_HDCP: End of StopHDCP
01-19 17:56:11.558   877   912 I AMP_VPP_HDCP: HDCP device not ready in HDMI mode
01-19 17:56:11.558   877   912 I AMP_VPP_HDCP: Stop HDCP
01-19 17:56:11.558   877   912 I AMP_VPP_HDCP: End of StopHDCP
01-19 17:56:11.558   902   979 E BerlinAVS_HotplugHandler: STAM, staticHDMIEventHandler:521, entered..
01-19 17:56:11.558   902   979 E BerlinAVS_HotplugHandler: STAM, HDMIEventHandler:486, entered..
01-19 17:56:11.558   902   979 D BerlinAVS_HotplugHandler: HDMI hotplug event 4
01-19 17:56:11.748   877   912 I AMP_VPP_HDCP: start HDCP
01-19 17:56:11.748   877   912 I AMP_VPP_HDCP: Stop HDCP
01-19 17:56:11.748   877   912 I AMP_VPP_HDCP: End of StopHDCP
01-19 17:56:11.808   877   912 I AMP_VPP_HDCP: HDCP device not ready in HDMI mode
01-19 17:56:11.808   877   912 I AMP_VPP_HDCP: Stop HDCP
01-19 17:56:11.808   877   912 I AMP_VPP_HDCP: End of StopHDCP
01-19 17:56:11.808   902   979 E BerlinAVS_HotplugHandler: STAM, staticHDMIEventHandler:521, entered..
01-19 17:56:11.808   902   979 E BerlinAVS_HotplugHandler: STAM, HDMIEventHandler:486, entered..
01-19 17:56:11.808   902   979 D BerlinAVS_HotplugHandler: HDMI hotplug event 4
01-19 17:56:11.998   877   912 I AMP_VPP_HDCP: start HDCP
01-19 17:56:11.998   877   912 I AMP_VPP_HDCP: Stop HDCP
01-19 17:56:11.998   877   912 I AMP_VPP_HDCP: End of StopHDCP
01-19 17:56:12.058  1767  1767 V MediaPlayer: getCurrentPosition
01-19 17:56:12.058  1767  1767 D ETC-PINEONE-CURATION: [NewVodMediaPlayer$PlayTimerHandler] handleMessage()[971] >> [CTV] VOD Current Position : 177279
01-19 17:56:12.058  1767  1767 D ETC-PINEONE-CURATION: [PlayInfoManager] getVodTotalPlayTime()[1298] >> [CTV][DATA] get Total Play Time : 174
01-19 17:56:12.058  1767  1767 D ETC-PINEONE-CURATION: [MainActivity] onPlayTimeActionPreviewPlay()[4831] >> [CTV][AD] PlayTime : 177, Preview : 180
01-19 17:56:12.068   877   912 I AMP_VPP_HDCP: HDCP device not ready in HDMI mode
01-19 17:56:12.068   877   912 I AMP_VPP_HDCP: Stop HDCP
01-19 17:56:12.068   877   912 I AMP_VPP_HDCP: End of StopHDCP
01-19 17:56:12.068   902   979 E BerlinAVS_HotplugHandler: STAM, staticHDMIEventHandler:521, entered..
01-19 17:56:12.068   902   979 E BerlinAVS_HotplugHandler: STAM, HDMIEventHandler:486, entered..
01-19 17:56:12.068   902   979 D BerlinAVS_HotplugHandler: HDMI hotplug event 4
01-19 17:56:12.258   877   912 I AMP_VPP_HDCP: start HDCP
01-19 17:56:12.258   877   912 I AMP_VPP_HDCP: Stop HDCP
01-19 17:56:12.258   877   912 I AMP_VPP_HDCP: End of StopHDCP
01-19 17:56:12.318   877   912 I AMP_VPP_HDCP: HDCP device not ready in HDMI mode
01-19 17:56:12.318   877   912 I AMP_VPP_HDCP: Stop HDCP
01-19 17:56:12.318   877   912 I AMP_VPP_HDCP: End of StopHDCP
01-19 17:56:12.318   902   979 E BerlinAVS_HotplugHandler: STAM, staticHDMIEventHandler:521, entered..
01-19 17:56:12.318   902   979 E BerlinAVS_HotplugHandler: STAM, HDMIEventHandler:486, entered..
01-19 17:56:12.318   902   979 D BerlinAVS_HotplugHandler: HDMI hotplug event 4
01-19 17:56:12.508   877   912 I AMP_VPP_HDCP: start HDCP
01-19 17:56:12.508   877   912 I AMP_VPP_HDCP: Stop HDCP
01-19 17:56:12.508   877   912 I AMP_VPP_HDCP: End of StopHDCP
01-19 17:56:12.578   877   912 I AMP_VPP_HDCP: HDCP device not ready in HDMI mode
01-19 17:56:12.578   877   912 I AMP_VPP_HDCP: Stop HDCP
01-19 17:56:12.578   877   912 I AMP_VPP_HDCP: End of StopHDCP
01-19 17:56:12.578   902   979 E BerlinAVS_HotplugHandler: STAM, staticHDMIEventHandler:521, entered..
01-19 17:56:12.578   902   979 E BerlinAVS_HotplugHandler: STAM, HDMIEventHandler:486, entered..
01-19 17:56:12.578   902   979 D BerlinAVS_HotplugHandler: HDMI hotplug event 4
01-19 17:56:12.588   903  1024 D VOD-LGE-LIBVODPLAYER: [internalFeedThread read bps = 2237200 
01-19 17:56:12.768   877   912 I AMP_VPP_HDCP: start HDCP
01-19 17:56:12.768   877   912 I AMP_VPP_HDCP: Stop HDCP
01-19 17:56:12.768   877   912 I AMP_VPP_HDCP: End of StopHDCP
01-19 17:56:12.838   877   912 I AMP_VPP_HDCP: HDCP device not ready in HDMI mode
01-19 17:56:12.838   877   912 I AMP_VPP_HDCP: Stop HDCP
01-19 17:56:12.838   877   912 I AMP_VPP_HDCP: End of StopHDCP
01-19 17:56:12.838   902   979 E BerlinAVS_HotplugHandler: STAM, staticHDMIEventHandler:521, entered..
01-19 17:56:12.838   902   979 E BerlinAVS_HotplugHandler: STAM, HDMIEventHandler:486, entered..
01-19 17:56:12.838   902   979 D BerlinAVS_HotplugHandler: HDMI hotplug event 4
01-19 17:56:13.018   877   912 I AMP_VPP_HDCP: start HDCP
01-19 17:56:13.018   877   912 I AMP_VPP_HDCP: Stop HDCP
01-19 17:56:13.018   877   912 I AMP_VPP_HDCP: End of StopHDCP
01-19 17:56:13.068  1767  1767 V MediaPlayer: getCurrentPosition
01-19 17:56:13.088  1767  1767 D ETC-PINEONE-CURATION: [NewVodMediaPlayer$PlayTimerHandler] handleMessage()[971] >> [CTV] VOD Current Position : 178314
01-19 17:56:13.088  1767  1767 D ETC-PINEONE-CURATION: [PlayInfoManager] getVodTotalPlayTime()[1298] >> [CTV][DATA] get Total Play Time : 175
01-19 17:56:13.088   877   912 I AMP_VPP_HDCP: HDCP device not ready in HDMI mode
01-19 17:56:13.088   877   912 I AMP_VPP_HDCP: Stop HDCP
01-19 17:56:13.088   877   912 I AMP_VPP_HDCP: End of StopHDCP
01-19 17:56:13.088   902   979 E BerlinAVS_HotplugHandler: STAM, staticHDMIEventHandler:521, entered..
01-19 17:56:13.088   902   979 E BerlinAVS_HotplugHandler: STAM, HDMIEventHandler:486, entered..
01-19 17:56:13.088   902   979 D BerlinAVS_HotplugHandler: HDMI hotplug event 4
01-19 17:56:13.088  1767  1767 D ETC-PINEONE-CURATION: [MainActivity] onPlayTimeActionPreviewPlay()[4831] >> [CTV][AD] PlayTime : 178, Preview : 180
01-19 17:56:13.088  1767  1767 D ETC-PINEONE-CURATION: [MainActivity] checkFreeContent()[8011] >> [CTV][Content] checkFreeContent : 0:0:1
01-19 17:56:13.088  1767  1767 D ETC-PINEONE-CURATION: [MainActivity] checkFreeContent()[8022] >> [CTV][Content] checkFreeContent : FREE
01-19 17:56:13.098  1767  1767 V ETC-PINEONE-ADVERTISEMANAGER: [AdvertiseManager] getPrerollAds()[459] >> vodInfo = appltype=C*category=1:2044:$:$*program=M011781360PPV00*pglevel=01*ppv=N*resume=N
01-19 17:56:13.098  2772  2088 I ADAgentUtil: http://123.140.104.145:8080/get_ads4.kti?AGENT=11&ID=500028032041&STB=LGE_GTV&UT=2-30-F-30-200-34132-$&PG=
01-19 17:56:13.178  1767  1767 V ETC-PINEONE-ADVERTISEMANAGER: [AdvertiseManager] getPrerollAds()[478] >> return = ADS_LIST_ZERO**1-2044-$-$_M011781360PPV00_01_N_$-$-LGE_GTV-$-$-$
01-19 17:56:13.178  1767  1767 D ETC-PINEONE-CURATION: [MainActivity] onPlayTimeActionPreviewPlay()[4888] >> [CTV][AD] getPreroll ret : 1
01-19 17:56:13.178  1767  1767 D ETC-PINEONE-CURATION: [PlayInfoManager] setAlreadyPreviewPlay()[897] >> [CTV][DATA] setAlreadyPreviewPlay call : true
01-19 17:56:13.178  1767  1767 D ETC-PINEONE-CURATION: [NewVodMediaPlayer] changeLicense()[650] >> [CTV] Request changeLicense
01-19 17:56:13.178  1767  1767 D LGMediaPlayerTVG: changeLicense called
01-19 17:56:13.178  1767  1767 V MediaPlayer: invoke 68
01-19 17:56:13.178   903  1773 D VOD-LGE-LIBVODPLAYER: invoke...ok
01-19 17:56:13.188  1767  1767 D ETC-PINEONE-CURATION: [NewVodMediaPlayer] changeLicense()[652] >> [CTV] changeLicense
01-19 17:56:13.278   877   912 I AMP_VPP_HDCP: start HDCP
01-19 17:56:13.278   877   912 I AMP_VPP_HDCP: Stop HDCP
01-19 17:56:13.278   877   912 I AMP_VPP_HDCP: End of StopHDCP
01-19 17:56:13.338   877   912 I AMP_VPP_HDCP: HDCP device not ready in HDMI mode
01-19 17:56:13.338   877   912 I AMP_VPP_HDCP: Stop HDCP
01-19 17:56:13.338   877   912 I AMP_VPP_HDCP: End of StopHDCP
01-19 17:56:13.338   902   979 E BerlinAVS_HotplugHandler: STAM, staticHDMIEventHandler:521, entered..
01-19 17:56:13.338   902   979 E BerlinAVS_HotplugHandler: STAM, HDMIEventHandler:486, entered..
01-19 17:56:13.338   902   979 D BerlinAVS_HotplugHandler: HDMI hotplug event 4
01-19 17:56:13.528   877   912 I AMP_VPP_HDCP: start HDCP
01-19 17:56:13.528   877   912 I AMP_VPP_HDCP: Stop HDCP
01-19 17:56:13.528   877   912 I AMP_VPP_HDCP: End of StopHDCP
01-19 17:56:13.588   877   912 I AMP_VPP_HDCP: HDCP device not ready in HDMI mode
01-19 17:56:13.588   877   912 I AMP_VPP_HDCP: Stop HDCP
01-19 17:56:13.588   877   912 I AMP_VPP_HDCP: End of StopHDCP
01-19 17:56:13.588   902   979 E BerlinAVS_HotplugHandler: STAM, staticHDMIEventHandler:521, entered..
01-19 17:56:13.588   902   979 E BerlinAVS_HotplugHandler: STAM, HDMIEventHandler:486, entered..
01-19 17:56:13.588   902   979 D BerlinAVS_HotplugHandler: HDMI hotplug event 4
01-19 17:56:13.778   877   912 I AMP_VPP_HDCP: start HDCP
01-19 17:56:13.778   877   912 I AMP_VPP_HDCP: Stop HDCP
01-19 17:56:13.778   877   912 I AMP_VPP_HDCP: End of StopHDCP
01-19 17:56:13.848   877   912 I AMP_VPP_HDCP: HDCP device not ready in HDMI mode
01-19 17:56:13.848   877   912 I AMP_VPP_HDCP: Stop HDCP
01-19 17:56:13.848   877   912 I AMP_VPP_HDCP: End of StopHDCP
01-19 17:56:13.848   902   979 E BerlinAVS_HotplugHandler: STAM, staticHDMIEventHandler:521, entered..
01-19 17:56:13.848   902   979 E BerlinAVS_HotplugHandler: STAM, HDMIEventHandler:486, entered..
01-19 17:56:13.848   902   979 D BerlinAVS_HotplugHandler: HDMI hotplug event 4
01-19 17:56:14.028   877   912 I AMP_VPP_HDCP: start HDCP
01-19 17:56:14.028   877   912 I AMP_VPP_HDCP: Stop HDCP
01-19 17:56:14.028   877   912 I AMP_VPP_HDCP: End of StopHDCP
01-19 17:56:14.098   877   912 I AMP_VPP_HDCP: HDCP device not ready in HDMI mode
01-19 17:56:14.098   877   912 I AMP_VPP_HDCP: Stop HDCP
01-19 17:56:14.098   877   912 I AMP_VPP_HDCP: End of StopHDCP
01-19 17:56:14.098   902   979 E BerlinAVS_HotplugHandler: STAM, staticHDMIEventHandler:521, entered..
01-19 17:56:14.098   902   979 E BerlinAVS_HotplugHandler: STAM, HDMIEventHandler:486, entered..
01-19 17:56:14.098   902   979 D BerlinAVS_HotplugHandler: HDMI hotplug event 4
01-19 17:56:14.188  1767  1767 V MediaPlayer: getCurrentPosition
01-19 17:56:14.188  1767  1767 D ETC-PINEONE-CURATION: [NewVodMediaPlayer$PlayTimerHandler] handleMessage()[971] >> [CTV] VOD Current Position : 179415
01-19 17:56:14.188  1767  1767 D ETC-PINEONE-CURATION: [PlayInfoManager] getVodTotalPlayTime()[1298] >> [CTV][DATA] get Total Play Time : 176
01-19 17:56:14.278   877   912 I AMP_VPP_HDCP: start HDCP
01-19 17:56:14.278   877   912 I AMP_VPP_HDCP: Stop HDCP
01-19 17:56:14.278   877   912 I AMP_VPP_HDCP: End of StopHDCP
01-19 17:56:14.348   877   912 I AMP_VPP_HDCP: HDCP device not ready in HDMI mode
01-19 17:56:14.348   877   912 I AMP_VPP_HDCP: Stop HDCP
01-19 17:56:14.348   877   912 I AMP_VPP_HDCP: End of StopHDCP
01-19 17:56:14.348   902   979 E BerlinAVS_HotplugHandler: STAM, staticHDMIEventHandler:521, entered..
01-19 17:56:14.348   902   979 E BerlinAVS_HotplugHandler: STAM, HDMIEventHandler:486, entered..
01-19 17:56:14.348   902   979 D BerlinAVS_HotplugHandler: HDMI hotplug event 4
01-19 17:56:14.358   877  1037 W [33;1mAmp2@@[MODULE_ADEC:ADEC_CheckExecSleep():402]:[0m : ADEC Sleep, input[12 30 0x1319d], pcm[0 16 0x10000 0x0], hdmi[D 16 0 0x0 0x0], spdif[D 16 0 0x0 0x0], EOS[0 0 0 0], DecErr 0x0, uiCurTime 3ab27d, uiPreTime 3ab27d, disc 0
01-19 17:56:14.458   940   940 D LIVE-LGE-XCHECKER: startCrossCheck:139, stream err: 0, pcr err: 0, max_check_count: 40
01-19 17:56:14.528   877   912 I AMP_VPP_HDCP: start HDCP
01-19 17:56:14.528   877   912 I AMP_VPP_HDCP: Stop HDCP
01-19 17:56:14.528   877   912 I AMP_VPP_HDCP: End of StopHDCP
01-19 17:56:14.598   877   912 I AMP_VPP_HDCP: HDCP device not ready in HDMI mode
01-19 17:56:14.598   877   912 I AMP_VPP_HDCP: Stop HDCP
01-19 17:56:14.598   877   912 I AMP_VPP_HDCP: End of StopHDCP
01-19 17:56:14.598   902   979 E BerlinAVS_HotplugHandler: STAM, staticHDMIEventHandler:521, entered..
01-19 17:56:14.598   902   979 E BerlinAVS_HotplugHandler: STAM, HDMIEventHandler:486, entered..
01-19 17:56:14.598   902   979 D BerlinAVS_HotplugHandler: HDMI hotplug event 4
01-19 17:56:14.638   903  1024 D VOD-LGE-LIBVODPLAYER: [internalFeedThread read bps = 2368800 
01-19 17:56:14.778   877   912 I AMP_VPP_HDCP: start HDCP
01-19 17:56:14.778   877   912 I AMP_VPP_HDCP: Stop HDCP
01-19 17:56:14.778   877   912 I AMP_VPP_HDCP: End of StopHDCP
01-19 17:56:14.838   877   912 I AMP_VPP_HDCP: HDCP device not ready in HDMI mode
01-19 17:56:14.838   877   912 I AMP_VPP_HDCP: Stop HDCP
01-19 17:56:14.838   877   912 I AMP_VPP_HDCP: End of StopHDCP
01-19 17:56:14.848   902   979 E BerlinAVS_HotplugHandler: STAM, staticHDMIEventHandler:521, entered..
01-19 17:56:14.848   902   979 E BerlinAVS_HotplugHandler: STAM, HDMIEventHandler:486, entered..
01-19 17:56:14.848   902   979 D BerlinAVS_HotplugHandler: HDMI hotplug event 4
01-19 17:56:15.028   877   912 I AMP_VPP_HDCP: start HDCP
01-19 17:56:15.028   877   912 I AMP_VPP_HDCP: Stop HDCP
01-19 17:56:15.028   877   912 I AMP_VPP_HDCP: End of StopHDCP
01-19 17:56:15.098   877   912 I AMP_VPP_HDCP: HDCP device not ready in HDMI mode
01-19 17:56:15.098   877   912 I AMP_VPP_HDCP: Stop HDCP
01-19 17:56:15.098   877   912 I AMP_VPP_HDCP: End of StopHDCP
01-19 17:56:15.098   902   979 E BerlinAVS_HotplugHandler: STAM, staticHDMIEventHandler:521, entered..
01-19 17:56:15.098   902   979 E BerlinAVS_HotplugHandler: STAM, HDMIEventHandler:486, entered..
01-19 17:56:15.098   902   979 D BerlinAVS_HotplugHandler: HDMI hotplug event 4
01-19 17:56:15.188  1767  1767 V MediaPlayer: getCurrentPosition
01-19 17:56:15.188  1767  1767 D ETC-PINEONE-CURATION: [NewVodMediaPlayer$PlayTimerHandler] handleMessage()[971] >> [CTV] VOD Current Position : 180416
01-19 17:56:15.188  1767  1767 D ETC-PINEONE-CURATION: [PlayInfoManager] getVodTotalPlayTime()[1298] >> [CTV][DATA] get Total Play Time : 177
01-19 17:56:15.278   877   912 I AMP_VPP_HDCP: start HDCP
01-19 17:56:15.278   877   912 I AMP_VPP_HDCP: Stop HDCP
01-19 17:56:15.278   877   912 I AMP_VPP_HDCP: End of StopHDCP
01-19 17:56:15.348   877   912 I AMP_VPP_HDCP: HDCP device not ready in HDMI mode
01-19 17:56:15.348   877   912 I AMP_VPP_HDCP: Stop HDCP
01-19 17:56:15.348   877   912 I AMP_VPP_HDCP: End of StopHDCP
01-19 17:56:15.348   902   979 E BerlinAVS_HotplugHandler: STAM, staticHDMIEventHandler:521, entered..
01-19 17:56:15.348   902   979 E BerlinAVS_HotplugHandler: STAM, HDMIEventHandler:486, entered..
01-19 17:56:15.348   902   979 D BerlinAVS_HotplugHandler: HDMI hotplug event 4
01-19 17:56:15.528   877   912 I AMP_VPP_HDCP: start HDCP
01-19 17:56:15.528   877   912 I AMP_VPP_HDCP: Stop HDCP
01-19 17:56:15.528   877   912 I AMP_VPP_HDCP: End of StopHDCP
01-19 17:56:15.598   877   912 I AMP_VPP_HDCP: HDCP device not ready in HDMI mode
01-19 17:56:15.598   877   912 I AMP_VPP_HDCP: Stop HDCP
01-19 17:56:15.598   877   912 I AMP_VPP_HDCP: End of StopHDCP
01-19 17:56:15.598   902   979 E BerlinAVS_HotplugHandler: STAM, staticHDMIEventHandler:521, entered..
01-19 17:56:15.598   902   979 E BerlinAVS_HotplugHandler: STAM, HDMIEventHandler:486, entered..
01-19 17:56:15.598   902   979 D BerlinAVS_HotplugHandler: HDMI hotplug event 4
01-19 17:56:15.768   903  1024 I VOD-LGE-LIBVODPLAYER: speed freeSize: 252672
01-19 17:56:15.768   903  1024 I VOD-LGE-LIBVODPLAYER: speed-down automatically
01-19 17:56:15.768   903  1024 D VOD-LGE-LIBVODPLAYER-CICLNT: try to play(speed = 80)
01-19 17:56:15.768   903  1024 D VOD-LGE-LIBVODPLAYER-CICLNT: internalCheckSpeed..ok, valid speed
01-19 17:56:15.768   903  1024 D VOD-LGE-LIBVODPLAYER-CICLNT: play... audio trick play
01-19 17:56:15.778   877   912 I AMP_VPP_HDCP: start HDCP
01-19 17:56:15.778   877   912 I AMP_VPP_HDCP: Stop HDCP
01-19 17:56:15.778   877   912 I AMP_VPP_HDCP: End of StopHDCP
01-19 17:56:15.788   903  1024 D VOD-LGE-LIBVODPLAYER-CICLNT: play...ok, speed = 80
01-19 17:56:15.848   877   912 I AMP_VPP_HDCP: HDCP device not ready in HDMI mode
01-19 17:56:15.848   877   912 I AMP_VPP_HDCP: Stop HDCP
01-19 17:56:15.848   877   912 I AMP_VPP_HDCP: End of StopHDCP
01-19 17:56:15.848   902   979 E BerlinAVS_HotplugHandler: STAM, staticHDMIEventHandler:521, entered..
01-19 17:56:15.848   902   979 E BerlinAVS_HotplugHandler: STAM, HDMIEventHandler:486, entered..
01-19 17:56:15.848   902   979 D BerlinAVS_HotplugHandler: HDMI hotplug event 4
01-19 17:56:15.868  1747  1766 I ActivityManager: Start proc com.lguplus.iptv3.secondtvservice for service com.lguplus.iptv3.secondtvservice/.SecondTvService: pid=2136 uid=10062 gids={50062, 3003, 1015, 1028}
01-19 17:56:15.898  2136  2136 I dalvikvm: Turning on JNI app bug workarounds for target SDK version 13...
01-19 17:56:15.938  2136  2136 E Trace   : error opening trace file: No such file or directory (2)
01-19 17:56:15.978  2136  2136 D ServerSay: OnCreate
01-19 17:56:15.988  2136  2136 D ServerSay: onStart
01-19 17:56:15.988  2136  2186 D ServerSay: accept...
01-19 17:56:16.028   877   912 I AMP_VPP_HDCP: start HDCP
01-19 17:56:16.028   877   912 I AMP_VPP_HDCP: Stop HDCP
01-19 17:56:16.028   877   912 I AMP_VPP_HDCP: End of StopHDCP
01-19 17:56:16.108   877   912 I AMP_VPP_HDCP: HDCP device not ready in HDMI mode
01-19 17:56:16.108   877   912 I AMP_VPP_HDCP: Stop HDCP
01-19 17:56:16.108   877   912 I AMP_VPP_HDCP: End of StopHDCP
01-19 17:56:16.108   902   979 E BerlinAVS_HotplugHandler: STAM, staticHDMIEventHandler:521, entered..
01-19 17:56:16.108   902   979 E BerlinAVS_HotplugHandler: STAM, HDMIEventHandler:486, entered..
01-19 17:56:16.108   902   979 D BerlinAVS_HotplugHandler: HDMI hotplug event 4
01-19 17:56:16.188  1767  1767 V MediaPlayer: getCurrentPosition
01-19 17:56:16.198  1767  1767 D ETC-PINEONE-CURATION: [NewVodMediaPlayer$PlayTimerHandler] handleMessage()[971] >> [CTV] VOD Current Position : 181417
01-19 17:56:16.198  1767  1767 D ETC-PINEONE-CURATION: [PlayInfoManager] getVodTotalPlayTime()[1298] >> [CTV][DATA] get Total Play Time : 178
01-19 17:56:16.288   877   912 I AMP_VPP_HDCP: start HDCP
01-19 17:56:16.288   877   912 I AMP_VPP_HDCP: Stop HDCP
01-19 17:56:16.288   877   912 I AMP_VPP_HDCP: End of StopHDCP
01-19 17:56:16.348   877   912 I AMP_VPP_HDCP: HDCP device not ready in HDMI mode
01-19 17:56:16.348   877   912 I AMP_VPP_HDCP: Stop HDCP
01-19 17:56:16.348   877   912 I AMP_VPP_HDCP: End of StopHDCP
01-19 17:56:16.348   902   979 E BerlinAVS_HotplugHandler: STAM, staticHDMIEventHandler:521, entered..
01-19 17:56:16.348   902   979 E BerlinAVS_HotplugHandler: STAM, HDMIEventHandler:486, entered..
01-19 17:56:16.348   902   979 D BerlinAVS_HotplugHandler: HDMI hotplug event 4
01-19 17:56:16.548   877   912 I AMP_VPP_HDCP: start HDCP
01-19 17:56:16.548   877   912 I AMP_VPP_HDCP: Stop HDCP
01-19 17:56:16.548   877   912 I AMP_VPP_HDCP: End of StopHDCP
01-19 17:56:16.608   877   912 I AMP_VPP_HDCP: HDCP device not ready in HDMI mode
01-19 17:56:16.608   877   912 I AMP_VPP_HDCP: Stop HDCP
01-19 17:56:16.608   877   912 I AMP_VPP_HDCP: End of StopHDCP
01-19 17:56:16.608   902   979 E BerlinAVS_HotplugHandler: STAM, staticHDMIEventHandler:521, entered..
01-19 17:56:16.608   902   979 E BerlinAVS_HotplugHandler: STAM, HDMIEventHandler:486, entered..
01-19 17:56:16.608   902   979 D BerlinAVS_HotplugHandler: HDMI hotplug event 4
01-19 17:56:16.608   903  1024 D VOD-LGE-LIBVODPLAYER: [internalFeedThread read bps = 1974000 
01-19 17:56:16.798   877   912 I AMP_VPP_HDCP: start HDCP
01-19 17:56:16.798   877   912 I AMP_VPP_HDCP: Stop HDCP
01-19 17:56:16.798   877   912 I AMP_VPP_HDCP: End of StopHDCP
01-19 17:56:16.858   877   912 I AMP_VPP_HDCP: HDCP device not ready in HDMI mode
01-19 17:56:16.868   877   912 I AMP_VPP_HDCP: Stop HDCP
01-19 17:56:16.868   877   912 I AMP_VPP_HDCP: End of StopHDCP
01-19 17:56:16.868   902   979 E BerlinAVS_HotplugHandler: STAM, staticHDMIEventHandler:521, entered..
01-19 17:56:16.868   902   979 E BerlinAVS_HotplugHandler: STAM, HDMIEventHandler:486, entered..
01-19 17:56:16.868   902   979 D BerlinAVS_HotplugHandler: HDMI hotplug event 4
01-19 17:56:17.058   877   912 I AMP_VPP_HDCP: start HDCP
01-19 17:56:17.058   877   912 I AMP_VPP_HDCP: Stop HDCP
01-19 17:56:17.058   877   912 I AMP_VPP_HDCP: End of StopHDCP
01-19 17:56:17.058   877   910 W [33;1mAmp2@@[MODULE_AVS:show_avsync_status():868]:[0m : [AVSDBG][17][L]M:0x00fc114a(1500),P:0x00000000(0)[0],V:0x00fc1851(0),A:0x00fc70b0(0),M-P:183549,M-V:-19,M-A:-271,V-A:-251 V[R:9],A[13]
01-19 17:56:17.088  1747  1811 I TvWindowManager: AUTO_STANDBY : AutoStandbyCheckTask started - curTime = 3849515 / lastKeyInTime = 3789511
01-19 17:56:17.088  1747  1811 I TvWindowManager: AUTO_STANDBY : resetLastKeyInTimeInLiveClosedState() - Last key in time = 3849515
01-19 17:56:17.128   877   912 I AMP_VPP_HDCP: HDCP device not ready in HDMI mode
01-19 17:56:17.128   877   912 I AMP_VPP_HDCP: Stop HDCP
01-19 17:56:17.128   877   912 I AMP_VPP_HDCP: End of StopHDCP
