01-24 15:42:45.940 29998  2054 F libc    : Fatal signal 11 (SIGSEGV), code 1, fault addr 0x3b3b3834 in tid 2054 (EpgAgent)
01-24 15:42:45.990  2076  2076 F DEBUG   : *** *** *** *** *** *** *** *** *** *** *** *** *** *** *** ***
01-24 15:42:45.990  2076  2076 F DEBUG   : Build fingerprint: 'LGE/woofer2/woofer2:8.0.0/OPR5.170623.007/20180118_V.99.71.0304:userdebug/release-keys'
01-24 15:42:45.990  2076  2076 F DEBUG   : Revision: '0'
01-24 15:42:45.990  2076  2076 F DEBUG   : ABI: 'arm'
01-24 15:42:45.990  2076  2076 F DEBUG   : pid: 29998, tid: 2054, name: EpgAgent  >>> /system/vendor/bin/EpgAgent <<<
01-24 15:42:45.990  2076  2076 F DEBUG   : signal 11 (SIGSEGV), code 1 (SEGV_MAPERR), fault addr 0x3b3b3834
01-24 15:42:45.990  2076  2076 F DEBUG   :     r0 f3b86800  r1 3b3b3834  r2 2a550bfa  r3 363b3b3b
01-24 15:42:45.990  2076  2076 F DEBUG   :     r4 f3dd1eb4  r5 f3b970d0  r6 f1002170  r7 f10022dc
01-24 15:42:45.990  2076  2076 F DEBUG   :     r8 f3b86800  r9 f3ddfc08  sl f3dd1db0  fp f3dd1d80
01-24 15:42:45.990  2076  2076 F DEBUG   :     ip f3de3dd4  sp f1002148  lr f3d7bb74  pc f3ca7724  cpsr 200c0030
01-24 15:42:45.997  2076  2076 F DEBUG   : 
01-24 15:42:45.997  2076  2076 F DEBUG   : backtrace:
01-24 15:42:45.997  2076  2076 F DEBUG   :     #00 pc 00019724  /system/lib/libc.so
01-24 15:42:45.997  2076  2076 F DEBUG   :     #01 pc 0003ab70  /system/vendor/lib/libepgagent.so (_ZN15APPNetInterface15MakeDataForSendEP16_SendMessageInfo+1044)
01-24 15:42:45.997  2076  2076 F DEBUG   :     #02 pc 3b3b3731  <unknown>
01-24 15:42:46.055   646   842 I chatty  : uid=1000(system) Thread-6 expire 5 lines
01-24 15:42:46.066   646   666 I chatty  : uid=1000(system) FileObserver expire 5 lines
01-24 15:43:05.409  2239  2239 W ContextImpl: Calling a method in the system process without a qualified user: android.app.ContextImpl.startService:1460 android.content.ContextWrapper.startService:644 android.content.ContextWrapper.startService:644 com.lguplus.iptv5.base.curationinputservice.cgupdate.reciver.RestartReceiver.onReceive:24 android.app.ActivityThread.handleReceiver:3252 
01-24 15:43:05.421   646  1438 I chatty  : uid=1000(system) Binder:646_12 expire 10 lines
01-24 15:43:05.624  2274  2274 W ContextImpl: Calling a method in the system process without a qualified user: android.app.ContextImpl.startService:1460 android.content.ContextWrapper.startService:644 android.content.ContextWrapper.startService:644 com.lguplus.iptv3.onetouchstb.receiver.ReservationReceiver.startService:49 com.lguplus.iptv3.onetouchstb.receiver.ReservationReceiver.onReceive:38 
01-24 15:43:05.626  2274  2274 W ContextImpl: Calling a method in the system process without a qualified user: android.app.ContextImpl.bindService:1540 android.content.ContextWrapper.bindService:678 com.lguplus.iptv3.onetouchstb.stb.LgIptvShmRemoteWrapper.onBindIptvRemote:114 com.lguplus.iptv3.onetouchstb.service.OneTouchSTBService.onCreate:113 android.app.ActivityThread.handleCreateService:3404 
01-24 15:43:05.853   646  1328 I chatty  : uid=1000(system) Binder:646_B expire 18 lines
01-24 15:43:12.745   646   662 I chatty  : uid=1000(system) ActivityManager expire 16 lines
01-24 15:43:36.051  2523  2523 W ContextImpl: Calling a method in the system process without a qualified user: android.app.ContextImpl.startService:1460 android.content.ContextWrapper.startService:644 android.content.ContextWrapper.startService:644 com.lguplus.iptv5.base.curationinputservice.cgupdate.reciver.RestartReceiver.onReceive:24 android.app.ActivityThread.handleReceiver:3252 
01-24 15:43:36.167  2557  2557 W ContextImpl: Calling a method in the system process without a qualified user: android.app.ContextImpl.startService:1460 android.content.ContextWrapper.startService:644 android.content.ContextWrapper.startService:644 com.lguplus.iptv3.onetouchstb.receiver.ReservationReceiver.startService:49 com.lguplus.iptv3.onetouchstb.receiver.ReservationReceiver.onReceive:38 
01-24 15:43:36.170  2557  2557 W ContextImpl: Calling a method in the system process without a qualified user: android.app.ContextImpl.bindService:1540 android.content.ContextWrapper.bindService:678 com.lguplus.iptv3.onetouchstb.stb.LgIptvShmRemoteWrapper.onBindIptvRemote:114 com.lguplus.iptv3.onetouchstb.service.OneTouchSTBService.onCreate:113 android.app.ActivityThread.handleCreateService:3404 
01-24 15:43:36.203   646  1438 I chatty  : uid=1000(system) Binder:646_12 expire 10 lines
01-24 15:44:06.369  2944  2944 W ContextImpl: Calling a method in the system process without a qualified user: android.app.ContextImpl.startService:1460 android.content.ContextWrapper.startService:644 android.content.ContextWrapper.startService:644 com.lguplus.iptv5.base.curationinputservice.cgupdate.reciver.RestartReceiver.onReceive:24 android.app.ActivityThread.handleReceiver:3252 
01-24 15:44:06.530  2978  2978 W ContextImpl: Calling a method in the system process without a qualified user: android.app.ContextImpl.startService:1460 android.content.ContextWrapper.startService:644 android.content.ContextWrapper.startService:644 com.lguplus.iptv3.onetouchstb.receiver.ReservationReceiver.startService:49 com.lguplus.iptv3.onetouchstb.receiver.ReservationReceiver.onReceive:38 
01-24 15:44:06.532  2978  2978 W ContextImpl: Calling a method in the system process without a qualified user: android.app.ContextImpl.bindService:1540 android.content.ContextWrapper.bindService:678 com.lguplus.iptv3.onetouchstb.stb.LgIptvShmRemoteWrapper.onBindIptvRemote:114 com.lguplus.iptv3.onetouchstb.service.OneTouchSTBService.onCreate:113 android.app.ActivityThread.handleCreateService:3404 
01-24 15:44:06.932   646  9729 I chatty  : uid=1000(system) Binder:646_1E expire 13 lines
01-24 15:44:06.952   646  1438 I chatty  : uid=1000(system) Binder:646_12 expire 12 lines
01-24 15:44:10.401   646   662 I chatty  : uid=1000(system) ActivityManager expire 14 lines
01-24 15:44:25.422   646  1315 I chatty  : uid=1000(system) Binder:646_7 expire 12 lines
01-24 15:44:36.987  3233  3233 W ContextImpl: Calling a method in the system process without a qualified user: android.app.ContextImpl.startService:1460 android.content.ContextWrapper.startService:644 android.content.ContextWrapper.startService:644 com.lguplus.iptv5.base.curationinputservice.cgupdate.reciver.RestartReceiver.onReceive:24 android.app.ActivityThread.handleReceiver:3252 
01-24 15:44:37.169  3251  3251 W ContextImpl: Calling a method in the system process without a qualified user: android.app.ContextImpl.startService:1460 android.content.ContextWrapper.startService:644 android.content.ContextWrapper.startService:644 com.lguplus.iptv3.onetouchstb.receiver.ReservationReceiver.startService:49 com.lguplus.iptv3.onetouchstb.receiver.ReservationReceiver.onReceive:38 
01-24 15:44:37.170  3251  3251 W ContextImpl: Calling a method in the system process without a qualified user: android.app.ContextImpl.bindService:1540 android.content.ContextWrapper.bindService:678 com.lguplus.iptv3.onetouchstb.stb.LgIptvShmRemoteWrapper.onBindIptvRemote:114 com.lguplus.iptv3.onetouchstb.service.OneTouchSTBService.onCreate:113 android.app.ActivityThread.handleCreateService:3404 
01-24 15:45:07.587  3519  3519 W ContextImpl: Calling a method in the system process without a qualified user: android.app.ContextImpl.startService:1460 android.content.ContextWrapper.startService:644 android.content.ContextWrapper.startService:644 com.lguplus.iptv3.onetouchstb.receiver.ReservationReceiver.startService:49 com.lguplus.iptv3.onetouchstb.receiver.ReservationReceiver.onReceive:38 
01-24 15:45:07.589  3519  3519 W ContextImpl: Calling a method in the system process without a qualified user: android.app.ContextImpl.bindService:1540 android.content.ContextWrapper.bindService:678 com.lguplus.iptv3.onetouchstb.stb.LgIptvShmRemoteWrapper.onBindIptvRemote:114 com.lguplus.iptv3.onetouchstb.service.OneTouchSTBService.onCreate:113 android.app.ActivityThread.handleCreateService:3404 
01-24 15:45:37.819  3519  3519 W ContextImpl: Calling a method in the system process without a qualified user: android.app.ContextImpl.startService:1460 android.content.ContextWrapper.startService:644 android.content.ContextWrapper.startService:644 com.lguplus.iptv3.onetouchstb.receiver.ReservationReceiver.startService:49 com.lguplus.iptv3.onetouchstb.receiver.ReservationReceiver.onReceive:38 
01-24 15:45:57.363   646  3444 I chatty  : uid=1000(system) Binder:646_1A expire 14 lines
01-24 15:45:57.462   646  1418 I chatty  : uid=1000(system) Binder:646_10 expire 10 lines
01-24 15:45:58.659   646  1315 I chatty  : uid=1000(system) Binder:646_7 expire 22 lines
01-24 15:46:08.022  3907  3907 W ContextImpl: Calling a method in the system process without a qualified user: android.app.ContextImpl.startService:1460 android.content.ContextWrapper.startService:644 android.content.ContextWrapper.startService:644 com.lguplus.iptv3.onetouchstb.receiver.ReservationReceiver.startService:49 com.lguplus.iptv3.onetouchstb.receiver.ReservationReceiver.onReceive:38 
01-24 15:46:08.024  3907  3907 W ContextImpl: Calling a method in the system process without a qualified user: android.app.ContextImpl.bindService:1540 android.content.ContextWrapper.bindService:678 com.lguplus.iptv3.onetouchstb.stb.LgIptvShmRemoteWrapper.onBindIptvRemote:114 com.lguplus.iptv3.onetouchstb.service.OneTouchSTBService.onCreate:113 android.app.ActivityThread.handleCreateService:3404 
01-24 15:46:38.444  4093  4093 W ContextImpl: Calling a method in the system process without a qualified user: android.app.ContextImpl.startService:1460 android.content.ContextWrapper.startService:644 android.content.ContextWrapper.startService:644 com.lguplus.iptv5.base.curationinputservice.cgupdate.reciver.RestartReceiver.onReceive:24 android.app.ActivityThread.handleReceiver:3252 
01-24 15:46:38.571  4124  4124 W ContextImpl: Calling a method in the system process without a qualified user: android.app.ContextImpl.startService:1460 android.content.ContextWrapper.startService:644 android.content.ContextWrapper.startService:644 com.lguplus.iptv3.onetouchstb.receiver.ReservationReceiver.startService:49 com.lguplus.iptv3.onetouchstb.receiver.ReservationReceiver.onReceive:38 
01-24 15:46:38.574  4124  4124 W ContextImpl: Calling a method in the system process without a qualified user: android.app.ContextImpl.bindService:1540 android.content.ContextWrapper.bindService:678 com.lguplus.iptv3.onetouchstb.stb.LgIptvShmRemoteWrapper.onBindIptvRemote:114 com.lguplus.iptv3.onetouchstb.service.OneTouchSTBService.onCreate:113 android.app.ActivityThread.handleCreateService:3404 
01-24 15:46:38.584   646   905 I chatty  : uid=1000(system) Binder:646_6 expire 13 lines
01-24 15:46:43.024   646   662 I chatty  : uid=1000(system) ActivityManager expire 10 lines
01-24 15:47:08.928   646  3362 I chatty  : uid=1000(system) Binder:646_18 expire 27 lines
01-24 15:47:08.933   646  1389 I chatty  : uid=1000(system) Binder:646_F expire 19 lines
01-24 15:47:09.024  4374  4374 W ContextImpl: Calling a method in the system process without a qualified user: android.app.ContextImpl.startService:1460 android.content.ContextWrapper.startService:644 android.content.ContextWrapper.startService:644 com.lguplus.iptv5.base.curationinputservice.cgupdate.reciver.RestartReceiver.onReceive:24 android.app.ActivityThread.handleReceiver:3252 
01-24 15:47:09.232  4394  4394 W ContextImpl: Calling a method in the system process without a qualified user: android.app.ContextImpl.startService:1460 android.content.ContextWrapper.startService:644 android.content.ContextWrapper.startService:644 com.lguplus.iptv3.onetouchstb.receiver.ReservationReceiver.startService:49 com.lguplus.iptv3.onetouchstb.receiver.ReservationReceiver.onReceive:38 
01-24 15:47:09.234  4394  4394 W ContextImpl: Calling a method in the system process without a qualified user: android.app.ContextImpl.bindService:1540 android.content.ContextWrapper.bindService:678 com.lguplus.iptv3.onetouchstb.stb.LgIptvShmRemoteWrapper.onBindIptvRemote:114 com.lguplus.iptv3.onetouchstb.service.OneTouchSTBService.onCreate:113 android.app.ActivityThread.handleCreateService:3404 
01-24 15:47:13.125   646   662 I chatty  : uid=1000(system) ActivityManager expire 19 lines
01-24 15:47:35.133   646   841 I chatty  : uid=1000(system) Binder:646_3 expire 16 lines
01-24 15:47:36.779  4605  4605 W ContextImpl: Calling a method in the system process without a qualified user: android.app.ContextImpl.bindService:1540 android.content.ContextWrapper.bindService:678 com.lguplus.iptv3.onetouchstb.stb.LgIptvShmRemoteWrapper.onBindIptvRemote:114 com.lguplus.iptv3.onetouchstb.service.OneTouchSTBService.onCreate:113 android.app.ActivityThread.handleCreateService:3404 
01-24 15:47:37.154  4657  4657 W ContextImpl: Calling a method in the system process without a qualified user: android.app.ContextImpl.startService:1460 android.content.ContextWrapper.startService:644 android.content.ContextWrapper.startService:644 com.lguplus.iptv5.base.curationinputservice.cgupdate.reciver.RestartReceiver.onReceive:24 android.app.ActivityThread.handleReceiver:3252 
01-24 15:47:41.443   646  4739 I chatty  : uid=1000 system_server expire 5 lines
01-24 15:48:09.357  4940  4940 W ContextImpl: Calling a method in the system process without a qualified user: android.app.ContextImpl.startService:1460 android.content.ContextWrapper.startService:644 android.content.ContextWrapper.startService:644 com.lguplus.iptv5.base.curationinputservice.cgupdate.reciver.RestartReceiver.onReceive:24 android.app.ActivityThread.handleReceiver:3252 
01-24 15:48:09.520  4957  4957 W ContextImpl: Calling a method in the system process without a qualified user: android.app.ContextImpl.startService:1460 android.content.ContextWrapper.startService:644 android.content.ContextWrapper.startService:644 com.lguplus.iptv3.onetouchstb.receiver.ReservationReceiver.startService:49 com.lguplus.iptv3.onetouchstb.receiver.ReservationReceiver.onReceive:38 
01-24 15:48:09.524  4957  4957 W ContextImpl: Calling a method in the system process without a qualified user: android.app.ContextImpl.bindService:1540 android.content.ContextWrapper.bindService:678 com.lguplus.iptv3.onetouchstb.stb.LgIptvShmRemoteWrapper.onBindIptvRemote:114 com.lguplus.iptv3.onetouchstb.service.OneTouchSTBService.onCreate:113 android.app.ActivityThread.handleCreateService:3404 
01-24 15:48:09.545   646   882 I chatty  : uid=1000(system) Binder:646_4 expire 19 lines
01-24 15:48:09.977   646   736 I chatty  : uid=1000(system) InputDispatcher expire 12 lines
01-24 15:48:21.200  2088  5111 F libc    : Fatal signal 11 (SIGSEGV), code 1, fault addr 0x0 in tid 5111 (EpgAgent)
01-24 15:48:21.262  5117  5117 F DEBUG   : *** *** *** *** *** *** *** *** *** *** *** *** *** *** *** ***
01-24 15:48:21.262  5117  5117 F DEBUG   : Build fingerprint: 'LGE/woofer2/woofer2:8.0.0/OPR5.170623.007/20180118_V.99.71.0304:userdebug/release-keys'
01-24 15:48:21.262  5117  5117 F DEBUG   : Revision: '0'
01-24 15:48:21.262  5117  5117 F DEBUG   : ABI: 'arm'
01-24 15:48:21.263  5117  5117 F DEBUG   : pid: 2088, tid: 5111, name: EpgAgent  >>> /system/vendor/bin/EpgAgent <<<
01-24 15:48:21.263  5117  5117 F DEBUG   : signal 11 (SIGSEGV), code 1 (SEGV_MAPERR), fault addr 0x0
01-24 15:48:21.263  5117  5117 F DEBUG   : Cause: null pointer dereference
01-24 15:48:21.263  5117  5117 F DEBUG   :     r0 00000000  r1 ebcff15c  r2 00000030  r3 ebcfeb9c
01-24 15:48:21.263  5117  5117 F DEBUG   :     r4 00000000  r5 ee8170d0  r6 ebcff170  r7 ebcff2dc
01-24 15:48:21.263  5117  5117 F DEBUG   :     r8 ebcff15c  r9 ee9eac08  sl ee9dcdb0  fp ee9dcd80
01-24 15:48:21.263  5117  5117 F DEBUG   :     ip ee9eedd4  sp ebcff138  lr ee986990  pc eea32730  cpsr 600e0030
01-24 15:48:21.266  5117  5117 F DEBUG   : 
01-24 15:48:21.266  5117  5117 F DEBUG   : backtrace:
01-24 15:48:21.266  5117  5117 F DEBUG   :     #00 pc 00019730  /system/lib/libc.so (strcat+11)
01-24 15:48:21.266  5117  5117 F DEBUG   :     #01 pc 0003a98c  /system/vendor/lib/libepgagent.so (_ZN15APPNetInterface15MakeDataForSendEP16_SendMessageInfo+560)
01-24 15:48:21.266  5117  5117 F DEBUG   :     #02 pc ffffffff  <unknown>
01-24 15:48:22.848   646   668 I chatty  : uid=1000(system) android.io expire 31 lines
01-24 15:48:23.882  4957  4957 W ContextImpl: Calling a method in the system process without a qualified user: android.app.ContextImpl.sendBroadcast:950 android.content.ContextWrapper.sendBroadcast:431 com.lguplus.iptv3.onetouchstb.service.OneTouchSTBService$1.onReceive:147 android.app.LoadedApk$ReceiverDispatcher$Args.lambda$getRunnable$0$LoadedApk$ReceiverDispatcher$Args:1295 android.app.LoadedApk$ReceiverDispatcher$Args$$Lambda$0.run:2 
01-24 15:48:24.065   646  1519 I chatty  : uid=1000(system) Binder:646_14 expire 12 lines
01-24 15:48:24.066   646   841 I chatty  : uid=1000(system) Binder:646_3 expire 16 lines
01-24 15:48:28.244   646   662 I chatty  : uid=1000(system) ActivityManager expire 13 lines
01-24 15:48:28.482   646  3444 I chatty  : uid=1000(system) Binder:646_1A expire 11 lines
01-24 15:48:30.829   646   646 I chatty  : uid=1000 system_server expire 20 lines
01-24 15:48:33.112   646  1439 I chatty  : uid=1000(system) Binder:646_13 expire 18 lines
01-24 15:48:34.241  4957  4957 W ContextImpl: Calling a method in the system process without a qualified user: android.app.ContextImpl.sendBroadcast:950 android.content.ContextWrapper.sendBroadcast:431 com.lguplus.iptv3.onetouchstb.service.OneTouchSTBService$1.onReceive:147 android.app.LoadedApk$ReceiverDispatcher$Args.lambda$getRunnable$0$LoadedApk$ReceiverDispatcher$Args:1295 android.app.LoadedApk$ReceiverDispatcher$Args$$Lambda$0.run:2 
01-24 15:48:34.319   646  3102 I chatty  : uid=1000(system) Binder:646_17 expire 13 lines
01-24 15:48:39.894  4957  4957 W ContextImpl: Calling a method in the system process without a qualified user: android.app.ContextImpl.startService:1460 android.content.ContextWrapper.startService:644 android.content.ContextWrapper.startService:644 com.lguplus.iptv3.onetouchstb.receiver.ReservationReceiver.startService:49 com.lguplus.iptv3.onetouchstb.receiver.ReservationReceiver.onReceive:38 
01-24 15:49:10.029  4957  4957 W ContextImpl: Calling a method in the system process without a qualified user: android.app.ContextImpl.startService:1460 android.content.ContextWrapper.startService:644 android.content.ContextWrapper.startService:644 com.lguplus.iptv3.onetouchstb.receiver.ReservationReceiver.startService:49 com.lguplus.iptv3.onetouchstb.receiver.ReservationReceiver.onReceive:38 
01-24 15:49:40.100  4957  4957 W ContextImpl: Calling a method in the system process without a qualified user: android.app.ContextImpl.startService:1460 android.content.ContextWrapper.startService:644 android.content.ContextWrapper.startService:644 com.lguplus.iptv3.onetouchstb.receiver.ReservationReceiver.startService:49 com.lguplus.iptv3.onetouchstb.receiver.ReservationReceiver.onReceive:38 
01-24 15:49:40.102   646   658 I chatty  : uid=1000(system) Binder:646_2 expire 22 lines
01-24 15:50:10.184   646  1531 I chatty  : uid=1000(system) Binder:646_16 expire 14 lines
01-24 15:50:10.190  4957  4957 W ContextImpl: Calling a method in the system process without a qualified user: android.app.ContextImpl.startService:1460 android.content.ContextWrapper.startService:644 android.content.ContextWrapper.startService:644 com.lguplus.iptv3.onetouchstb.receiver.ReservationReceiver.startService:49 com.lguplus.iptv3.onetouchstb.receiver.ReservationReceiver.onReceive:38 
01-24 15:50:16.182   646   905 I chatty  : uid=1000(system) Binder:646_6 expire 15 lines
01-24 15:50:16.236   646  3446 I chatty  : uid=1000(system) Binder:646_1C expire 10 lines
01-24 15:50:40.412   646   657 I chatty  : uid=1000(system) Binder:646_1 expire 17 lines
01-24 15:50:40.449  6108  6108 W ContextImpl: Calling a method in the system process without a qualified user: android.app.ContextImpl.startService:1460 android.content.ContextWrapper.startService:644 android.content.ContextWrapper.startService:644 com.lguplus.iptv5.base.curationinputservice.cgupdate.reciver.RestartReceiver.onReceive:24 android.app.ActivityThread.handleReceiver:3252 
01-24 15:50:40.516   646  1325 I chatty  : uid=1000(system) Binder:646_8 expire 16 lines
01-24 15:50:40.646  6140  6140 W ContextImpl: Calling a method in the system process without a qualified user: android.app.ContextImpl.startService:1460 android.content.ContextWrapper.startService:644 android.content.ContextWrapper.startService:644 com.lguplus.iptv3.onetouchstb.receiver.ReservationReceiver.startService:49 com.lguplus.iptv3.onetouchstb.receiver.ReservationReceiver.onReceive:38 
01-24 15:50:40.647  6140  6140 W ContextImpl: Calling a method in the system process without a qualified user: android.app.ContextImpl.bindService:1540 android.content.ContextWrapper.bindService:678 com.lguplus.iptv3.onetouchstb.stb.LgIptvShmRemoteWrapper.onBindIptvRemote:114 com.lguplus.iptv3.onetouchstb.service.OneTouchSTBService.onCreate:113 android.app.ActivityThread.handleCreateService:3404 
01-24 15:50:44.493   646   736 I chatty  : uid=1000(system) InputDispatcher expire 11 lines
01-24 15:50:51.510   646   662 I chatty  : uid=1000(system) ActivityManager expire 10 lines
01-24 15:51:02.325  6357  6357 W ContextImpl: Calling a method in the system process without a qualified user: android.app.ContextImpl.bindService:1540 android.content.ContextWrapper.bindService:678 com.lguplus.iptv3.onetouchstb.stb.LgIptvShmRemoteWrapper.onBindIptvRemote:114 com.lguplus.iptv3.onetouchstb.service.OneTouchSTBService.onCreate:113 android.app.ActivityThread.handleCreateService:3404 
01-24 15:51:10.234   646   662 I chatty  : uid=1000(system) ActivityManager expire 10 lines
01-24 15:51:10.418  6436  6436 W ContextImpl: Calling a method in the system process without a qualified user: android.app.ContextImpl.startService:1460 android.content.ContextWrapper.startService:644 android.content.ContextWrapper.startService:644 com.lguplus.iptv5.base.curationinputservice.cgupdate.reciver.RestartReceiver.onReceive:24 android.app.ActivityThread.handleReceiver:3252 
01-24 15:51:32.405  6436  6436 W ContextImpl: Calling a method in the system process without a qualified user: android.app.ContextImpl.startService:1460 android.content.ContextWrapper.startService:644 android.content.ContextWrapper.startService:644 com.lguplus.iptv5.base.curationinputservice.cgupdate.reciver.RestartReceiver.onReceive:24 android.app.ActivityThread.handleReceiver:3252 
01-24 15:51:32.418  6357  6357 W ContextImpl: Calling a method in the system process without a qualified user: android.app.ContextImpl.startService:1460 android.content.ContextWrapper.startService:644 android.content.ContextWrapper.startService:644 com.lguplus.iptv3.onetouchstb.receiver.ReservationReceiver.startService:49 com.lguplus.iptv3.onetouchstb.receiver.ReservationReceiver.onReceive:38 
01-24 15:52:10.611  6357  6357 W ContextImpl: Calling a method in the system process without a qualified user: android.app.ContextImpl.startService:1460 android.content.ContextWrapper.startService:644 android.content.ContextWrapper.startService:644 com.lguplus.iptv3.onetouchstb.receiver.ReservationReceiver.startService:49 com.lguplus.iptv3.onetouchstb.receiver.ReservationReceiver.onReceive:38 
01-24 15:52:40.623  6357  6357 W ContextImpl: Calling a method in the system process without a qualified user: android.app.ContextImpl.startService:1460 android.content.ContextWrapper.startService:644 android.content.ContextWrapper.startService:644 com.lguplus.iptv3.onetouchstb.receiver.ReservationReceiver.startService:49 com.lguplus.iptv3.onetouchstb.receiver.ReservationReceiver.onReceive:38 
01-24 15:53:10.671  6357  6357 W ContextImpl: Calling a method in the system process without a qualified user: android.app.ContextImpl.startService:1460 android.content.ContextWrapper.startService:644 android.content.ContextWrapper.startService:644 com.lguplus.iptv3.onetouchstb.receiver.ReservationReceiver.startService:49 com.lguplus.iptv3.onetouchstb.receiver.ReservationReceiver.onReceive:38 
01-24 15:53:57.905  6357  6357 W ContextImpl: Calling a method in the system process without a qualified user: android.app.ContextImpl.startService:1460 android.content.ContextWrapper.startService:644 android.content.ContextWrapper.startService:644 com.lguplus.iptv3.onetouchstb.receiver.ReservationReceiver.startService:49 com.lguplus.iptv3.onetouchstb.receiver.ReservationReceiver.onReceive:38 
01-24 15:54:27.956  6357  6357 W ContextImpl: Calling a method in the system process without a qualified user: android.app.ContextImpl.startService:1460 android.content.ContextWrapper.startService:644 android.content.ContextWrapper.startService:644 com.lguplus.iptv3.onetouchstb.receiver.ReservationReceiver.startService:49 com.lguplus.iptv3.onetouchstb.receiver.ReservationReceiver.onReceive:38 
01-24 15:54:27.967   646  3446 I chatty  : uid=1000(system) Binder:646_1C expire 25 lines
01-24 15:54:58.004   646 10230 I chatty  : uid=1000(system) Binder:646_1F expire 14 lines
01-24 15:54:58.019  6357  6357 W ContextImpl: Calling a method in the system process without a qualified user: android.app.ContextImpl.startService:1460 android.content.ContextWrapper.startService:644 android.content.ContextWrapper.startService:644 com.lguplus.iptv3.onetouchstb.receiver.ReservationReceiver.startService:49 com.lguplus.iptv3.onetouchstb.receiver.ReservationReceiver.onReceive:38 
01-24 15:55:28.033  6357  6357 W ContextImpl: Calling a method in the system process without a qualified user: android.app.ContextImpl.startService:1460 android.content.ContextWrapper.startService:644 android.content.ContextWrapper.startService:644 com.lguplus.iptv3.onetouchstb.receiver.ReservationReceiver.startService:49 com.lguplus.iptv3.onetouchstb.receiver.ReservationReceiver.onReceive:38 
01-24 15:55:58.050  6357  6357 W ContextImpl: Calling a method in the system process without a qualified user: android.app.ContextImpl.startService:1460 android.content.ContextWrapper.startService:644 android.content.ContextWrapper.startService:644 com.lguplus.iptv3.onetouchstb.receiver.ReservationReceiver.startService:49 com.lguplus.iptv3.onetouchstb.receiver.ReservationReceiver.onReceive:38 
01-24 15:56:28.080  6357  6357 W ContextImpl: Calling a method in the system process without a qualified user: android.app.ContextImpl.startService:1460 android.content.ContextWrapper.startService:644 android.content.ContextWrapper.startService:644 com.lguplus.iptv3.onetouchstb.receiver.ReservationReceiver.startService:49 com.lguplus.iptv3.onetouchstb.receiver.ReservationReceiver.onReceive:38 
01-24 15:57:28.136  6357  6357 W ContextImpl: Calling a method in the system process without a qualified user: android.app.ContextImpl.startService:1460 android.content.ContextWrapper.startService:644 android.content.ContextWrapper.startService:644 com.lguplus.iptv3.onetouchstb.receiver.ReservationReceiver.startService:49 com.lguplus.iptv3.onetouchstb.receiver.ReservationReceiver.onReceive:38 
01-24 15:57:36.482   646  1439 I chatty  : uid=1000(system) Binder:646_13 expire 16 lines
01-24 15:57:37.590   646   662 I chatty  : uid=1000(system) ActivityManager expire 33 lines
01-24 15:57:39.940   646  8285 I chatty  : uid=1000 system_server expire 4 lines
01-24 15:58:11.391  8499  8499 W ContextImpl: Calling a method in the system process without a qualified user: android.app.ContextImpl.startService:1460 android.content.ContextWrapper.startService:644 android.content.ContextWrapper.startService:644 com.lguplus.iptv5.base.curationinputservice.cgupdate.reciver.RestartReceiver.onReceive:24 android.app.ActivityThread.handleReceiver:3252 
01-24 15:58:11.493  6357  6357 I chatty  : uid=1000(system) com.lguplus.iptv3.onetouchstb expire 22 lines
01-24 16:03:11.532   646  9861 I chatty  : uid=1000 system_server expire 4 lines
01-24 16:03:11.963   646  1420 I chatty  : uid=1000(system) Binder:646_11 expire 10 lines
01-24 16:07:58.300   646  3445 I chatty  : uid=1000(system) Binder:646_1B expire 10 lines
01-24 16:08:28.318   646  1327 I chatty  : uid=1000(system) Binder:646_A expire 15 lines
01-24 16:09:16.919   646 11548 I chatty  : uid=1000 system_server expire 4 lines
01-24 16:09:34.752   646  1382 I chatty  : uid=1000(system) Binder:646_C expire 11 lines
01-24 16:09:58.214 11971 11971 W ContextImpl: Calling a method in the system process without a qualified user: android.app.ContextImpl.startService:1460 android.content.ContextWrapper.startService:644 android.content.ContextWrapper.startService:644 com.lguplus.iptv5.base.curationinputservice.cgupdate.reciver.RestartReceiver.onReceive:24 android.app.ActivityThread.handleReceiver:3252 
01-24 16:09:58.255  6357  6357 I chatty  : uid=1000(system) com.lguplus.iptv3.onetouchstb expire 4 lines
01-24 16:10:04.565   646   662 I chatty  : uid=1000(system) ActivityManager expire 10 lines
01-24 16:10:28.374 12150 12150 W ContextImpl: Calling a method in the system process without a qualified user: android.app.ContextImpl.startService:1460 android.content.ContextWrapper.startService:644 android.content.ContextWrapper.startService:644 com.lguplus.iptv5.base.curationinputservice.cgupdate.reciver.RestartReceiver.onReceive:24 android.app.ActivityThread.handleReceiver:3252 
01-24 16:12:02.661   646   662 I chatty  : uid=1000(system) ActivityManager expire 14 lines
01-24 16:12:02.830   646  1525 I chatty  : uid=1000(system) Binder:646_15 expire 11 lines
01-24 16:12:02.836   646   905 I chatty  : uid=1000(system) Binder:646_6 expire 12 lines
01-24 16:12:08.794 12789 12789 W ContextImpl: Calling a method in the system process without a qualified user: android.app.ContextImpl.startService:1460 android.content.ContextWrapper.startService:644 android.content.ContextWrapper.startService:644 com.lguplus.iptv3.onetouchstb.receiver.ReservationReceiver.startService:49 com.lguplus.iptv3.onetouchstb.receiver.ReservationReceiver.onReceive:38 
01-24 16:12:08.796 12789 12789 W ContextImpl: Calling a method in the system process without a qualified user: android.app.ContextImpl.bindService:1540 android.content.ContextWrapper.bindService:678 com.lguplus.iptv3.onetouchstb.stb.LgIptvShmRemoteWrapper.onBindIptvRemote:114 com.lguplus.iptv3.onetouchstb.service.OneTouchSTBService.onCreate:113 android.app.ActivityThread.handleCreateService:3404 
01-24 16:12:19.865   646   736 I chatty  : uid=1000(system) InputDispatcher expire 11 lines
01-24 16:12:39.225 12969 12969 W ContextImpl: Calling a method in the system process without a qualified user: android.app.ContextImpl.startService:1460 android.content.ContextWrapper.startService:644 android.content.ContextWrapper.startService:644 com.lguplus.iptv5.base.curationinputservice.cgupdate.reciver.RestartReceiver.onReceive:24 android.app.ActivityThread.handleReceiver:3252 
01-24 16:12:39.246   646  1418 I chatty  : uid=1000(system) Binder:646_10 expire 11 lines
01-24 16:12:39.556 13007 13007 W ContextImpl: Calling a method in the system process without a qualified user: android.app.ContextImpl.startService:1460 android.content.ContextWrapper.startService:644 android.content.ContextWrapper.startService:644 com.lguplus.iptv3.onetouchstb.receiver.ReservationReceiver.startService:49 com.lguplus.iptv3.onetouchstb.receiver.ReservationReceiver.onReceive:38 
01-24 16:12:39.558 13007 13007 W ContextImpl: Calling a method in the system process without a qualified user: android.app.ContextImpl.bindService:1540 android.content.ContextWrapper.bindService:678 com.lguplus.iptv3.onetouchstb.stb.LgIptvShmRemoteWrapper.onBindIptvRemote:114 com.lguplus.iptv3.onetouchstb.service.OneTouchSTBService.onCreate:113 android.app.ActivityThread.handleCreateService:3404 
01-24 16:13:09.977 13282 13282 W ContextImpl: Calling a method in the system process without a qualified user: android.app.ContextImpl.startService:1460 android.content.ContextWrapper.startService:644 android.content.ContextWrapper.startService:644 com.lguplus.iptv3.onetouchstb.receiver.ReservationReceiver.startService:49 com.lguplus.iptv3.onetouchstb.receiver.ReservationReceiver.onReceive:38 
01-24 16:13:09.979 13282 13282 W ContextImpl: Calling a method in the system process without a qualified user: android.app.ContextImpl.bindService:1540 android.content.ContextWrapper.bindService:678 com.lguplus.iptv3.onetouchstb.stb.LgIptvShmRemoteWrapper.onBindIptvRemote:114 com.lguplus.iptv3.onetouchstb.service.OneTouchSTBService.onCreate:113 android.app.ActivityThread.handleCreateService:3404 
01-24 16:13:10.885   646   662 I chatty  : uid=1000(system) ActivityManager expire 16 lines
01-24 16:13:11.143 12638 12638 I ActivityThread: Removing dead content provider:android.content.ContentProviderProxy@abc16f2
01-24 16:13:11.152   646  3443 I chatty  : uid=1000(system) Binder:646_19 expire 17 lines
01-24 16:13:40.393 13470 13470 W ContextImpl: Calling a method in the system process without a qualified user: android.app.ContextImpl.startService:1460 android.content.ContextWrapper.startService:644 android.content.ContextWrapper.startService:644 com.lguplus.iptv5.base.curationinputservice.cgupdate.reciver.RestartReceiver.onReceive:24 android.app.ActivityThread.handleReceiver:3252 
01-24 16:13:40.511 13489 13489 W ContextImpl: Calling a method in the system process without a qualified user: android.app.ContextImpl.startService:1460 android.content.ContextWrapper.startService:644 android.content.ContextWrapper.startService:644 com.lguplus.iptv3.onetouchstb.receiver.ReservationReceiver.startService:49 com.lguplus.iptv3.onetouchstb.receiver.ReservationReceiver.onReceive:38 
01-24 16:13:40.513 13489 13489 W ContextImpl: Calling a method in the system process without a qualified user: android.app.ContextImpl.bindService:1540 android.content.ContextWrapper.bindService:678 com.lguplus.iptv3.onetouchstb.stb.LgIptvShmRemoteWrapper.onBindIptvRemote:114 com.lguplus.iptv3.onetouchstb.service.OneTouchSTBService.onCreate:113 android.app.ActivityThread.handleCreateService:3404 
01-24 16:14:10.787 13489 13489 W ContextImpl: Calling a method in the system process without a qualified user: android.app.ContextImpl.startService:1460 android.content.ContextWrapper.startService:644 android.content.ContextWrapper.startService:644 com.lguplus.iptv3.onetouchstb.receiver.ReservationReceiver.startService:49 com.lguplus.iptv3.onetouchstb.receiver.ReservationReceiver.onReceive:38 
01-24 16:14:31.813   646 13743 I chatty  : uid=1000 system_server expire 4 lines
01-24 16:14:40.851 13489 13489 W ContextImpl: Calling a method in the system process without a qualified user: android.app.ContextImpl.startService:1460 android.content.ContextWrapper.startService:644 android.content.ContextWrapper.startService:644 com.lguplus.iptv3.onetouchstb.receiver.ReservationReceiver.startService:49 com.lguplus.iptv3.onetouchstb.receiver.ReservationReceiver.onReceive:38 
01-24 16:15:10.931 13489 13489 W ContextImpl: Calling a method in the system process without a qualified user: android.app.ContextImpl.startService:1460 android.content.ContextWrapper.startService:644 android.content.ContextWrapper.startService:644 com.lguplus.iptv3.onetouchstb.receiver.ReservationReceiver.startService:49 com.lguplus.iptv3.onetouchstb.receiver.ReservationReceiver.onReceive:38 
01-24 16:15:40.950 13489 13489 W ContextImpl: Calling a method in the system process without a qualified user: android.app.ContextImpl.startService:1460 android.content.ContextWrapper.startService:644 android.content.ContextWrapper.startService:644 com.lguplus.iptv3.onetouchstb.receiver.ReservationReceiver.startService:49 com.lguplus.iptv3.onetouchstb.receiver.ReservationReceiver.onReceive:38 
01-24 16:16:11.010 13489 13489 W ContextImpl: Calling a method in the system process without a qualified user: android.app.ContextImpl.startService:1460 android.content.ContextWrapper.startService:644 android.content.ContextWrapper.startService:644 com.lguplus.iptv3.onetouchstb.receiver.ReservationReceiver.startService:49 com.lguplus.iptv3.onetouchstb.receiver.ReservationReceiver.onReceive:38 
01-24 16:16:24.062   646  8020 I chatty  : uid=1000(system) Binder:646_1D expire 11 lines
01-24 16:16:41.219 14453 14453 W ContextImpl: Calling a method in the system process without a qualified user: android.app.ContextImpl.startService:1460 android.content.ContextWrapper.startService:644 android.content.ContextWrapper.startService:644 com.lguplus.iptv5.base.curationinputservice.cgupdate.reciver.RestartReceiver.onReceive:24 android.app.ActivityThread.handleReceiver:3252 
01-24 16:16:41.374 14471 14471 W ContextImpl: Calling a method in the system process without a qualified user: android.app.ContextImpl.startService:1460 android.content.ContextWrapper.startService:644 android.content.ContextWrapper.startService:644 com.lguplus.iptv3.onetouchstb.receiver.ReservationReceiver.startService:49 com.lguplus.iptv3.onetouchstb.receiver.ReservationReceiver.onReceive:38 
01-24 16:16:41.376 14471 14471 W ContextImpl: Calling a method in the system process without a qualified user: android.app.ContextImpl.bindService:1540 android.content.ContextWrapper.bindService:678 com.lguplus.iptv3.onetouchstb.stb.LgIptvShmRemoteWrapper.onBindIptvRemote:114 com.lguplus.iptv3.onetouchstb.service.OneTouchSTBService.onCreate:113 android.app.ActivityThread.handleCreateService:3404 
01-24 16:16:45.318   646   662 I chatty  : uid=1000(system) ActivityManager expire 12 lines
01-24 16:17:11.665 14471 14471 W ContextImpl: Calling a method in the system process without a qualified user: android.app.ContextImpl.startService:1460 android.content.ContextWrapper.startService:644 android.content.ContextWrapper.startService:644 com.lguplus.iptv3.onetouchstb.receiver.ReservationReceiver.startService:49 com.lguplus.iptv3.onetouchstb.receiver.ReservationReceiver.onReceive:38 
01-24 16:17:11.668   646  3443 I chatty  : uid=1000(system) Binder:646_19 expire 11 lines
01-24 16:17:13.422   646   841 I chatty  : uid=1000(system) Binder:646_3 expire 10 lines
01-24 16:17:33.102   646  1438 I chatty  : uid=1000(system) Binder:646_12 expire 10 lines
01-24 16:17:41.825 14881 14881 W ContextImpl: Calling a method in the system process without a qualified user: android.app.ContextImpl.startService:1460 android.content.ContextWrapper.startService:644 android.content.ContextWrapper.startService:644 com.lguplus.iptv5.base.curationinputservice.cgupdate.reciver.RestartReceiver.onReceive:24 android.app.ActivityThread.handleReceiver:3252 
01-24 16:17:41.924 14899 14899 I chatty  : uid=1000(system) com.lguplus.iptv3.onetouchstb expire 3 lines
01-24 16:18:58.013 14899 14899 W ContextImpl: Calling a method in the system process without a qualified user: android.app.ContextImpl.startService:1460 android.content.ContextWrapper.startService:644 android.content.ContextWrapper.startService:644 com.lguplus.iptv3.onetouchstb.receiver.ReservationReceiver.startService:49 com.lguplus.iptv3.onetouchstb.receiver.ReservationReceiver.onReceive:38 
01-24 16:19:16.073   646   662 I chatty  : uid=1000(system) ActivityManager expire 20 lines
01-24 16:19:28.186 14899 14899 W ContextImpl: Calling a method in the system process without a qualified user: android.app.ContextImpl.startService:1460 android.content.ContextWrapper.startService:644 android.content.ContextWrapper.startService:644 com.lguplus.iptv3.onetouchstb.receiver.ReservationReceiver.startService:49 com.lguplus.iptv3.onetouchstb.receiver.ReservationReceiver.onReceive:38 
01-24 16:19:58.242 14899 14899 W ContextImpl: Calling a method in the system process without a qualified user: android.app.ContextImpl.startService:1460 android.content.ContextWrapper.startService:644 android.content.ContextWrapper.startService:644 com.lguplus.iptv3.onetouchstb.receiver.ReservationReceiver.startService:49 com.lguplus.iptv3.onetouchstb.receiver.ReservationReceiver.onReceive:38 
01-24 16:20:25.564   646 15718 I chatty  : uid=1000 system_server expire 4 lines
01-24 16:20:28.315 14899 14899 W ContextImpl: Calling a method in the system process without a qualified user: android.app.ContextImpl.startService:1460 android.content.ContextWrapper.startService:644 android.content.ContextWrapper.startService:644 com.lguplus.iptv3.onetouchstb.receiver.ReservationReceiver.startService:49 com.lguplus.iptv3.onetouchstb.receiver.ReservationReceiver.onReceive:38 
01-24 16:20:28.318   646   657 I chatty  : uid=1000(system) Binder:646_1 expire 13 lines
01-24 16:20:58.393 14899 14899 W ContextImpl: Calling a method in the system process without a qualified user: android.app.ContextImpl.startService:1460 android.content.ContextWrapper.startService:644 android.content.ContextWrapper.startService:644 com.lguplus.iptv3.onetouchstb.receiver.ReservationReceiver.startService:49 com.lguplus.iptv3.onetouchstb.receiver.ReservationReceiver.onReceive:38 
01-24 16:21:28.410 14899 14899 W ContextImpl: Calling a method in the system process without a qualified user: android.app.ContextImpl.startService:1460 android.content.ContextWrapper.startService:644 android.content.ContextWrapper.startService:644 com.lguplus.iptv3.onetouchstb.receiver.ReservationReceiver.startService:49 com.lguplus.iptv3.onetouchstb.receiver.ReservationReceiver.onReceive:38 
01-24 16:21:28.414   646  1382 I chatty  : uid=1000(system) Binder:646_C expire 10 lines
01-24 16:21:58.431 14899 14899 W ContextImpl: Calling a method in the system process without a qualified user: android.app.ContextImpl.startService:1460 android.content.ContextWrapper.startService:644 android.content.ContextWrapper.startService:644 com.lguplus.iptv3.onetouchstb.receiver.ReservationReceiver.startService:49 com.lguplus.iptv3.onetouchstb.receiver.ReservationReceiver.onReceive:38 
01-24 16:22:28.498 14899 14899 W ContextImpl: Calling a method in the system process without a qualified user: android.app.ContextImpl.startService:1460 android.content.ContextWrapper.startService:644 android.content.ContextWrapper.startService:644 com.lguplus.iptv3.onetouchstb.receiver.ReservationReceiver.startService:49 com.lguplus.iptv3.onetouchstb.receiver.ReservationReceiver.onReceive:38 
01-24 16:22:58.522 14899 14899 W ContextImpl: Calling a method in the system process without a qualified user: android.app.ContextImpl.startService:1460 android.content.ContextWrapper.startService:644 android.content.ContextWrapper.startService:644 com.lguplus.iptv3.onetouchstb.receiver.ReservationReceiver.startService:49 com.lguplus.iptv3.onetouchstb.receiver.ReservationReceiver.onReceive:38 
01-24 16:23:28.591 14899 14899 W ContextImpl: Calling a method in the system process without a qualified user: android.app.ContextImpl.startService:1460 android.content.ContextWrapper.startService:644 android.content.ContextWrapper.startService:644 com.lguplus.iptv3.onetouchstb.receiver.ReservationReceiver.startService:49 com.lguplus.iptv3.onetouchstb.receiver.ReservationReceiver.onReceive:38 
01-24 16:23:28.594   646  3362 I chatty  : uid=1000(system) Binder:646_18 expire 11 lines
01-24 16:23:36.025   646  3445 I chatty  : uid=1000(system) Binder:646_1B expire 11 lines
01-24 16:24:14.086 16891 16891 W ContextImpl: Calling a method in the system process without a qualified user: android.app.ContextImpl.startService:1460 android.content.ContextWrapper.startService:644 android.content.ContextWrapper.startService:644 com.lguplus.iptv5.base.curationinputservice.cgupdate.reciver.RestartReceiver.onReceive:24 android.app.ActivityThread.handleReceiver:3252 
01-24 16:24:14.119   646  3102 I chatty  : uid=1000(system) Binder:646_17 expire 12 lines
01-24 16:24:14.304 16927 16927 W ContextImpl: Calling a method in the system process without a qualified user: android.app.ContextImpl.startService:1460 android.content.ContextWrapper.startService:644 android.content.ContextWrapper.startService:644 com.lguplus.iptv3.onetouchstb.receiver.ReservationReceiver.startService:49 com.lguplus.iptv3.onetouchstb.receiver.ReservationReceiver.onReceive:38 
01-24 16:24:14.306 16927 16927 W ContextImpl: Calling a method in the system process without a qualified user: android.app.ContextImpl.bindService:1540 android.content.ContextWrapper.bindService:678 com.lguplus.iptv3.onetouchstb.stb.LgIptvShmRemoteWrapper.onBindIptvRemote:114 com.lguplus.iptv3.onetouchstb.service.OneTouchSTBService.onCreate:113 android.app.ActivityThread.handleCreateService:3404 
01-24 16:24:14.435   646  1389 I chatty  : uid=1000(system) Binder:646_F expire 10 lines
01-24 16:24:16.493   646   662 I chatty  : uid=1000(system) ActivityManager expire 18 lines
01-24 16:24:58.018 16927 16927 W ContextImpl: Calling a method in the system process without a qualified user: android.app.ContextImpl.startService:1460 android.content.ContextWrapper.startService:644 android.content.ContextWrapper.startService:644 com.lguplus.iptv3.onetouchstb.receiver.ReservationReceiver.startService:49 com.lguplus.iptv3.onetouchstb.receiver.ReservationReceiver.onReceive:38 
01-24 16:25:28.219 17457 17457 W ContextImpl: Calling a method in the system process without a qualified user: android.app.ContextImpl.startService:1460 android.content.ContextWrapper.startService:644 android.content.ContextWrapper.startService:644 com.lguplus.iptv5.base.curationinputservice.cgupdate.reciver.RestartReceiver.onReceive:24 android.app.ActivityThread.handleReceiver:3252 
01-24 16:25:28.246   646 17472 I chatty  : uid=1000 system_server expire 6 lines
01-24 16:25:28.512 17477 17477 W ContextImpl: Calling a method in the system process without a qualified user: android.app.ContextImpl.startService:1460 android.content.ContextWrapper.startService:644 android.content.ContextWrapper.startService:644 com.lguplus.iptv3.onetouchstb.receiver.ReservationReceiver.startService:49 com.lguplus.iptv3.onetouchstb.receiver.ReservationReceiver.onReceive:38 
01-24 16:25:28.514 17477 17477 W ContextImpl: Calling a method in the system process without a qualified user: android.app.ContextImpl.bindService:1540 android.content.ContextWrapper.bindService:678 com.lguplus.iptv3.onetouchstb.stb.LgIptvShmRemoteWrapper.onBindIptvRemote:114 com.lguplus.iptv3.onetouchstb.service.OneTouchSTBService.onCreate:113 android.app.ActivityThread.handleCreateService:3404 
01-24 16:25:58.973 17701 17701 W ContextImpl: Calling a method in the system process without a qualified user: android.app.ContextImpl.startService:1460 android.content.ContextWrapper.startService:644 android.content.ContextWrapper.startService:644 com.lguplus.iptv3.onetouchstb.receiver.ReservationReceiver.startService:49 com.lguplus.iptv3.onetouchstb.receiver.ReservationReceiver.onReceive:38 
01-24 16:25:58.975 17701 17701 W ContextImpl: Calling a method in the system process without a qualified user: android.app.ContextImpl.bindService:1540 android.content.ContextWrapper.bindService:678 com.lguplus.iptv3.onetouchstb.stb.LgIptvShmRemoteWrapper.onBindIptvRemote:114 com.lguplus.iptv3.onetouchstb.service.OneTouchSTBService.onCreate:113 android.app.ActivityThread.handleCreateService:3404 
01-24 16:26:41.143 17701 17701 W ContextImpl: Calling a method in the system process without a qualified user: android.app.ContextImpl.startService:1460 android.content.ContextWrapper.startService:644 android.content.ContextWrapper.startService:644 com.lguplus.iptv3.onetouchstb.receiver.ReservationReceiver.startService:49 com.lguplus.iptv3.onetouchstb.receiver.ReservationReceiver.onReceive:38 
01-24 16:27:11.213 17701 17701 W ContextImpl: Calling a method in the system process without a qualified user: android.app.ContextImpl.startService:1460 android.content.ContextWrapper.startService:644 android.content.ContextWrapper.startService:644 com.lguplus.iptv3.onetouchstb.receiver.ReservationReceiver.startService:49 com.lguplus.iptv3.onetouchstb.receiver.ReservationReceiver.onReceive:38 
01-24 16:27:12.552   646  3444 I chatty  : uid=1000(system) Binder:646_1A expire 11 lines
01-24 16:27:13.554   646   662 I chatty  : uid=1000(system) ActivityManager expire 16 lines
01-24 16:27:30.172   646  1420 I chatty  : uid=1000(system) Binder:646_11 expire 13 lines
01-24 16:27:41.275   646   882 I chatty  : uid=1000(system) Binder:646_4 expire 24 lines
01-24 16:27:41.513 18322 18322 W ContextImpl: Calling a method in the system process without a qualified user: android.app.ContextImpl.startService:1460 android.content.ContextWrapper.startService:644 android.content.ContextWrapper.startService:644 com.lguplus.iptv3.onetouchstb.receiver.ReservationReceiver.startService:49 com.lguplus.iptv3.onetouchstb.receiver.ReservationReceiver.onReceive:38 
01-24 16:27:41.515 18322 18322 W ContextImpl: Calling a method in the system process without a qualified user: android.app.ContextImpl.bindService:1540 android.content.ContextWrapper.bindService:678 com.lguplus.iptv3.onetouchstb.stb.LgIptvShmRemoteWrapper.onBindIptvRemote:114 com.lguplus.iptv3.onetouchstb.service.OneTouchSTBService.onCreate:113 android.app.ActivityThread.handleCreateService:3404 
01-24 16:27:41.524   646  3362 I chatty  : uid=1000(system) Binder:646_18 expire 10 lines
01-24 16:28:11.760 18322 18322 W ContextImpl: Calling a method in the system process without a qualified user: android.app.ContextImpl.startService:1460 android.content.ContextWrapper.startService:644 android.content.ContextWrapper.startService:644 com.lguplus.iptv3.onetouchstb.receiver.ReservationReceiver.startService:49 com.lguplus.iptv3.onetouchstb.receiver.ReservationReceiver.onReceive:38 
01-24 16:28:41.879 18717 18717 W ContextImpl: Calling a method in the system process without a qualified user: android.app.ContextImpl.startService:1460 android.content.ContextWrapper.startService:644 android.content.ContextWrapper.startService:644 com.lguplus.iptv5.base.curationinputservice.cgupdate.reciver.RestartReceiver.onReceive:24 android.app.ActivityThread.handleReceiver:3252 
