01-24 14:51:36.167 15744 15760 W ContextImpl: Calling a method in the system process without a qualified user: android.app.ContextImpl.bindService:1540 android.content.ContextWrapper.bindService:678 com.lguplus.iptv3.base.agent.advertisement.common.MyIptvConfig.<init>:36 kr.co.adclick.dacom.ADAgentService.setupEnvironment:236 kr.co.adclick.dacom.ADAgentService.onStartADAgent:83 
01-24 14:52:03.775 15708 15708 W ContextImpl: Calling a method in the system process without a qualified user: android.app.ContextImpl.startService:1460 android.content.ContextWrapper.startService:644 android.content.ContextWrapper.startService:644 com.lguplus.iptv3.onetouchstb.receiver.ReservationReceiver.startService:49 com.lguplus.iptv3.onetouchstb.receiver.ReservationReceiver.onReceive:38 
01-24 14:52:04.007 15914 15914 W ContextImpl: Calling a method in the system process without a qualified user: android.app.ContextImpl.startService:1460 android.content.ContextWrapper.startService:644 android.content.ContextWrapper.startService:644 com.lguplus.iptv3.arzoo.push.LGUPlusPushAgentMsgReceiver.onReceive:104 android.app.ActivityThread.handleReceiver:3252 
01-24 14:52:04.043 15914 15914 W ContextImpl: Calling a method in the system process without a qualified user: android.app.ContextImpl.sendBroadcast:950 android.content.ContextWrapper.sendBroadcast:431 com.lguplus.iptv3.arzoo.push.LGUPlusPushAgentAPI.checkRegID:78 com.lguplus.iptv3.arzoo.push.ARZooPushService.onStartCommand:51 android.app.ActivityThread.handleServiceArgs:3539 
01-24 14:52:04.138 15930 15950 E ActivityThread: Failed to find provider info for com.lguplus.iptv4.base.curationservice.provider.CEpgProvider
01-24 14:52:05.094 15708 15708 W ContextImpl: Calling a method in the system process without a qualified user: android.app.ContextImpl.sendBroadcast:950 android.content.ContextWrapper.sendBroadcast:431 android.content.ContextWrapper.sendBroadcast:431 com.lguplus.iptv3.onetouchstb.push.LGUPlusPushAgentAPI.checkRegID:153 com.lguplus.iptv3.onetouchstb.push.OnetouchSTBPushManager.requestCheckRegId:46 
01-24 14:52:18.882   646   662 I chatty  : uid=1000(system) ActivityManager expire 11 lines
01-24 14:52:19.051   646  1389 I chatty  : uid=1000(system) Binder:646_F expire 14 lines
01-24 14:52:19.250   646  8020 I chatty  : uid=1000(system) Binder:646_1D expire 13 lines
01-24 14:52:35.263 15708 15708 W ContextImpl: Calling a method in the system process without a qualified user: android.app.ContextImpl.startService:1460 android.content.ContextWrapper.startService:644 android.content.ContextWrapper.startService:644 com.lguplus.iptv3.onetouchstb.receiver.ReservationReceiver.startService:49 com.lguplus.iptv3.onetouchstb.receiver.ReservationReceiver.onReceive:38 
01-24 14:52:35.412   646  1420 I chatty  : uid=1000(system) Binder:646_11 expire 16 lines
01-24 14:53:16.193 16482 16482 W ContextImpl: Calling a method in the system process without a qualified user: android.app.ContextImpl.startService:1460 android.content.ContextWrapper.startService:644 android.content.ContextWrapper.startService:644 com.lguplus.iptv3.onetouchstb.receiver.ReservationReceiver.startService:49 com.lguplus.iptv3.onetouchstb.receiver.ReservationReceiver.onReceive:38 
01-24 14:53:16.196 16482 16482 W ContextImpl: Calling a method in the system process without a qualified user: android.app.ContextImpl.bindService:1540 android.content.ContextWrapper.bindService:678 com.lguplus.iptv3.onetouchstb.stb.LgIptvShmRemoteWrapper.onBindIptvRemote:114 com.lguplus.iptv3.onetouchstb.service.OneTouchSTBService.onCreate:113 android.app.ActivityThread.handleCreateService:3404 
01-24 14:53:16.235   646   662 I chatty  : uid=1000(system) ActivityManager expire 13 lines
01-24 14:53:16.467   646  1438 I chatty  : uid=1000(system) Binder:646_12 expire 19 lines
01-24 14:53:16.485 16519 16519 W ContextImpl: Calling a method in the system process without a qualified user: android.app.ContextImpl.startService:1460 android.content.ContextWrapper.startService:644 android.content.ContextWrapper.startService:644 com.lguplus.iptv3.arzoo.push.LGUPlusPushAgentMsgReceiver.onReceive:104 android.app.ActivityThread.handleReceiver:3252 
01-24 14:53:16.620 16519 16519 W ContextImpl: Calling a method in the system process without a qualified user: android.app.ContextImpl.sendBroadcast:950 android.content.ContextWrapper.sendBroadcast:431 com.lguplus.iptv3.arzoo.push.LGUPlusPushAgentAPI.checkRegID:78 com.lguplus.iptv3.arzoo.push.ARZooPushService.onStartCommand:51 android.app.ActivityThread.handleServiceArgs:3539 
01-24 14:53:16.773 16566 16636 E ActivityThread: Failed to find provider info for com.lguplus.iptv4.base.curationservice.provider.CEpgProvider
01-24 14:53:17.175   646   841 I chatty  : uid=1000(system) Binder:646_3 expire 15 lines
01-24 14:53:18.118 16686 16686 W ContextImpl: Calling a method in the system process without a qualified user: android.app.ContextImpl.sendBroadcast:950 android.content.ContextWrapper.sendBroadcast:431 android.content.ContextWrapper.sendBroadcast:431 com.lguplus.iptv3.onetouchstb.push.LGUPlusPushAgentAPI.checkRegID:153 com.lguplus.iptv3.onetouchstb.push.OnetouchSTBPushManager.requestCheckRegId:46 
01-24 14:53:18.151 16686 16686 W ContextImpl: Calling a method in the system process without a qualified user: android.app.ContextImpl.bindService:1540 android.content.ContextWrapper.bindService:678 com.lguplus.iptv3.onetouchstb.stb.LgIptvShmRemoteWrapper.onBindIptvRemote:114 com.lguplus.iptv3.onetouchstb.service.OneTouchSTBService.onCreate:113 android.app.ActivityThread.handleCreateService:3404 
01-24 14:53:19.243 16791 16808 E ActivityThread: Failed to find provider info for com.lguplus.iptv4.base.curationservice.provider.CEpgProvider
01-24 14:53:20.336   646  3443 I chatty  : uid=1000(system) Binder:646_19 expire 17 lines
01-24 14:53:20.577 16892 16892 W ContextImpl: Calling a method in the system process without a qualified user: android.app.ContextImpl.startService:1460 android.content.ContextWrapper.startService:644 android.content.ContextWrapper.startService:644 com.lguplus.iptv3.arzoo.push.LGUPlusPushAgentMsgReceiver.onReceive:104 android.app.ActivityThread.handleReceiver:3252 
01-24 14:53:20.628   646 10230 I chatty  : uid=1000(system) Binder:646_1F expire 10 lines
01-24 14:53:20.662 16892 16892 W ContextImpl: Calling a method in the system process without a qualified user: android.app.ContextImpl.sendBroadcast:950 android.content.ContextWrapper.sendBroadcast:431 com.lguplus.iptv3.arzoo.push.LGUPlusPushAgentAPI.checkRegID:78 com.lguplus.iptv3.arzoo.push.ARZooPushService.onStartCommand:51 android.app.ActivityThread.handleServiceArgs:3539 
01-24 14:53:21.917 16967 16967 W ContextImpl: Calling a method in the system process without a qualified user: android.app.ContextImpl.sendBroadcast:950 android.content.ContextWrapper.sendBroadcast:431 android.content.ContextWrapper.sendBroadcast:431 com.lguplus.iptv3.onetouchstb.push.LGUPlusPushAgentAPI.checkRegID:153 com.lguplus.iptv3.onetouchstb.push.OnetouchSTBPushManager.requestCheckRegId:46 
01-24 14:53:21.951 16967 16967 W ContextImpl: Calling a method in the system process without a qualified user: android.app.ContextImpl.bindService:1540 android.content.ContextWrapper.bindService:678 com.lguplus.iptv3.onetouchstb.stb.LgIptvShmRemoteWrapper.onBindIptvRemote:114 com.lguplus.iptv3.onetouchstb.service.OneTouchSTBService.onCreate:113 android.app.ActivityThread.handleCreateService:3404 
01-24 14:53:22.423 17018 17018 W ContextImpl: Calling a method in the system process without a qualified user: android.app.ContextImpl.bindService:1540 android.content.ContextWrapper.bindService:678 com.lguplus.iptv3.onetouchstb.stb.LgIptvShmRemoteWrapper.onBindIptvRemote:114 com.lguplus.iptv3.onetouchstb.service.OneTouchSTBService.onCreate:113 android.app.ActivityThread.handleCreateService:3404 
01-24 14:53:22.518   646  1328 I chatty  : uid=1000(system) Binder:646_B expire 19 lines
01-24 14:53:22.834 17063 17085 E ActivityThread: Failed to find provider info for com.lguplus.iptv4.base.curationservice.provider.CEpgProvider
01-24 14:53:23.004 17086 17086 W ContextImpl: Calling a method in the system process without a qualified user: android.app.ContextImpl.startService:1460 android.content.ContextWrapper.startService:644 android.content.ContextWrapper.startService:644 com.lguplus.iptv3.arzoo.push.LGUPlusPushAgentMsgReceiver.onReceive:104 android.app.ActivityThread.handleReceiver:3252 
01-24 14:53:23.063   646  9729 I chatty  : uid=1000(system) Binder:646_1E expire 12 lines
01-24 14:53:23.080 17086 17086 W ContextImpl: Calling a method in the system process without a qualified user: android.app.ContextImpl.sendBroadcast:950 android.content.ContextWrapper.sendBroadcast:431 com.lguplus.iptv3.arzoo.push.LGUPlusPushAgentAPI.checkRegID:78 com.lguplus.iptv3.arzoo.push.ARZooPushService.onStartCommand:51 android.app.ActivityThread.handleServiceArgs:3539 
01-24 14:53:23.155 17119 17143 E ActivityThread: Failed to find provider info for com.lguplus.iptv4.base.curationservice.provider.CEpgProvider
01-24 14:53:24.157 17179 17179 W ContextImpl: Calling a method in the system process without a qualified user: android.app.ContextImpl.sendBroadcast:950 android.content.ContextWrapper.sendBroadcast:431 android.content.ContextWrapper.sendBroadcast:431 com.lguplus.iptv3.onetouchstb.push.LGUPlusPushAgentAPI.checkRegID:153 com.lguplus.iptv3.onetouchstb.push.OnetouchSTBPushManager.requestCheckRegId:46 
01-24 14:53:24.162 17179 17179 W ContextImpl: Calling a method in the system process without a qualified user: android.app.ContextImpl.bindService:1540 android.content.ContextWrapper.bindService:678 com.lguplus.iptv3.onetouchstb.stb.LgIptvShmRemoteWrapper.onBindIptvRemote:114 com.lguplus.iptv3.onetouchstb.service.OneTouchSTBService.onCreate:113 android.app.ActivityThread.handleCreateService:3404 
01-24 14:53:24.230   646  8020 I chatty  : uid=1000(system) Binder:646_1D expire 23 lines
01-24 14:53:24.403   646  1326 I chatty  : uid=1000(system) Binder:646_9 expire 11 lines
01-24 14:53:24.515   646   663 I chatty  : uid=1000(system) android.ui expire 3 lines
01-24 14:53:25.357 17222 17222 W ContextImpl: Calling a method in the system process without a qualified user: android.app.ContextImpl.startService:1460 android.content.ContextWrapper.startService:644 android.content.ContextWrapper.startService:644 com.lguplus.iptv3.arzoo.push.LGUPlusPushAgentMsgReceiver.onReceive:104 android.app.ActivityThread.handleReceiver:3252 
01-24 14:53:25.453 17287 17306 E ActivityThread: Failed to find provider info for com.lguplus.iptv4.base.curationservice.provider.CEpgProvider
01-24 14:53:25.465   646  3446 I chatty  : uid=1000(system) Binder:646_1C expire 11 lines
01-24 14:53:26.392 17346 17346 W ContextImpl: Calling a method in the system process without a qualified user: android.app.ContextImpl.sendBroadcast:950 android.content.ContextWrapper.sendBroadcast:431 android.content.ContextWrapper.sendBroadcast:431 com.lguplus.iptv3.onetouchstb.push.LGUPlusPushAgentAPI.checkRegID:153 com.lguplus.iptv3.onetouchstb.push.OnetouchSTBPushManager.requestCheckRegId:46 
01-24 14:53:26.401 17346 17346 W ContextImpl: Calling a method in the system process without a qualified user: android.app.ContextImpl.bindService:1540 android.content.ContextWrapper.bindService:678 com.lguplus.iptv3.onetouchstb.stb.LgIptvShmRemoteWrapper.onBindIptvRemote:114 com.lguplus.iptv3.onetouchstb.service.OneTouchSTBService.onCreate:113 android.app.ActivityThread.handleCreateService:3404 
01-24 14:53:26.921 17413 17413 W ContextImpl: Calling a method in the system process without a qualified user: android.app.ContextImpl.startService:1460 android.content.ContextWrapper.startService:644 android.content.ContextWrapper.startService:644 com.lguplus.iptv3.arzoo.push.LGUPlusPushAgentMsgReceiver.onReceive:104 android.app.ActivityThread.handleReceiver:3252 
01-24 14:53:26.939   646  1315 I chatty  : uid=1000(system) Binder:646_7 expire 11 lines
01-24 14:53:27.032 17430 17448 E ActivityThread: Failed to find provider info for com.lguplus.iptv4.base.curationservice.provider.CEpgProvider
01-24 14:53:27.134 17450 17450 W ContextImpl: Calling a method in the system process without a qualified user: android.app.ContextImpl.sendBroadcast:950 android.content.ContextWrapper.sendBroadcast:431 android.content.ContextWrapper.sendBroadcast:431 com.lguplus.iptv3.onetouchstb.push.LGUPlusPushAgentAPI.checkRegID:153 com.lguplus.iptv3.onetouchstb.push.OnetouchSTBPushManager.requestCheckRegId:46 
01-24 14:53:27.163 17450 17450 W ContextImpl: Calling a method in the system process without a qualified user: android.app.ContextImpl.bindService:1540 android.content.ContextWrapper.bindService:678 com.lguplus.iptv3.onetouchstb.stb.LgIptvShmRemoteWrapper.onBindIptvRemote:114 com.lguplus.iptv3.onetouchstb.service.OneTouchSTBService.onCreate:113 android.app.ActivityThread.handleCreateService:3404 
01-24 14:53:27.497 17493 17511 E ActivityThread: Failed to find provider info for com.lguplus.iptv4.base.curationservice.provider.CEpgProvider
01-24 14:53:27.889 17553 17553 W ContextImpl: Calling a method in the system process without a qualified user: android.app.ContextImpl.startService:1460 android.content.ContextWrapper.startService:644 android.content.ContextWrapper.startService:644 com.lguplus.iptv3.arzoo.push.LGUPlusPushAgentMsgReceiver.onReceive:104 android.app.ActivityThread.handleReceiver:3252 
01-24 14:53:27.900 17450 17450 W ContextImpl: Calling a method in the system process without a qualified user: android.app.ContextImpl.sendBroadcast:950 android.content.ContextWrapper.sendBroadcast:431 android.content.ContextWrapper.sendBroadcast:431 com.lguplus.iptv3.onetouchstb.push.LGUPlusPushAgentAPI.checkRegID:153 com.lguplus.iptv3.onetouchstb.push.OnetouchSTBPushManager.requestCheckRegId:46 
01-24 14:53:27.923 17553 17553 W ContextImpl: Calling a method in the system process without a qualified user: android.app.ContextImpl.sendBroadcast:950 android.content.ContextWrapper.sendBroadcast:431 com.lguplus.iptv3.arzoo.push.LGUPlusPushAgentAPI.checkRegID:78 com.lguplus.iptv3.arzoo.push.ARZooPushService.onStartCommand:51 android.app.ActivityThread.handleServiceArgs:3539 
01-24 14:53:42.622 17722 17722 W ContextImpl: Calling a method in the system process without a qualified user: android.app.ContextImpl.bindService:1540 android.content.ContextWrapper.bindService:678 com.lguplus.iptv3.onetouchstb.stb.LgIptvShmRemoteWrapper.onBindIptvRemote:114 com.lguplus.iptv3.onetouchstb.service.OneTouchSTBService.onCreate:113 android.app.ActivityThread.handleCreateService:3404 
01-24 14:53:42.643   646   841 I chatty  : uid=1000(system) Binder:646_3 expire 10 lines
01-24 14:53:58.003   646  1315 I chatty  : uid=1000(system) Binder:646_7 expire 13 lines
01-24 14:54:42.973   646 18053 I chatty  : uid=1000 system_server expire 5 lines
01-24 14:54:43.028 18047 18047 W ContextImpl: Calling a method in the system process without a qualified user: android.app.ContextImpl.startService:1460 android.content.ContextWrapper.startService:644 android.content.ContextWrapper.startService:644 com.lguplus.iptv3.onetouchstb.receiver.ReservationReceiver.startService:49 com.lguplus.iptv3.onetouchstb.receiver.ReservationReceiver.onReceive:38 
01-24 14:54:43.031 18047 18047 W ContextImpl: Calling a method in the system process without a qualified user: android.app.ContextImpl.bindService:1540 android.content.ContextWrapper.bindService:678 com.lguplus.iptv3.onetouchstb.stb.LgIptvShmRemoteWrapper.onBindIptvRemote:114 com.lguplus.iptv3.onetouchstb.service.OneTouchSTBService.onCreate:113 android.app.ActivityThread.handleCreateService:3404 
01-24 14:54:46.107   646   662 I chatty  : uid=1000(system) ActivityManager expire 10 lines
01-24 14:54:46.352   646  1531 I chatty  : uid=1000(system) Binder:646_16 expire 18 lines
01-24 14:54:47.942 18193 18193 W ContextImpl: Calling a method in the system process without a qualified user: android.app.ContextImpl.bindService:1540 android.content.ContextWrapper.bindService:678 com.lguplus.iptv3.onetouchstb.stb.LgIptvShmRemoteWrapper.onBindIptvRemote:114 com.lguplus.iptv3.onetouchstb.service.OneTouchSTBService.onCreate:113 android.app.ActivityThread.handleCreateService:3404 
01-24 14:55:18.272 18366 18366 W ContextImpl: Calling a method in the system process without a qualified user: android.app.ContextImpl.startService:1460 android.content.ContextWrapper.startService:644 android.content.ContextWrapper.startService:644 com.lguplus.iptv3.onetouchstb.receiver.ReservationReceiver.startService:49 com.lguplus.iptv3.onetouchstb.receiver.ReservationReceiver.onReceive:38 
01-24 14:55:18.275 18366 18366 W ContextImpl: Calling a method in the system process without a qualified user: android.app.ContextImpl.bindService:1540 android.content.ContextWrapper.bindService:678 com.lguplus.iptv3.onetouchstb.stb.LgIptvShmRemoteWrapper.onBindIptvRemote:114 com.lguplus.iptv3.onetouchstb.service.OneTouchSTBService.onCreate:113 android.app.ActivityThread.handleCreateService:3404 
01-24 14:55:58.098 18591 18591 W ContextImpl: Calling a method in the system process without a qualified user: android.app.ContextImpl.startService:1460 android.content.ContextWrapper.startService:644 android.content.ContextWrapper.startService:644 com.lguplus.iptv5.base.curationinputservice.cgupdate.reciver.RestartReceiver.onReceive:24 android.app.ActivityThread.handleReceiver:3252 
01-24 14:55:58.110   646  1328 I chatty  : uid=1000(system) Binder:646_B expire 15 lines
01-24 14:55:58.204   646  1383 I chatty  : uid=1000(system) Binder:646_D expire 17 lines
01-24 14:55:58.289 18625 18625 W ContextImpl: Calling a method in the system process without a qualified user: android.app.ContextImpl.startService:1460 android.content.ContextWrapper.startService:644 android.content.ContextWrapper.startService:644 com.lguplus.iptv3.onetouchstb.receiver.ReservationReceiver.startService:49 com.lguplus.iptv3.onetouchstb.receiver.ReservationReceiver.onReceive:38 
01-24 14:55:58.291 18625 18625 W ContextImpl: Calling a method in the system process without a qualified user: android.app.ContextImpl.bindService:1540 android.content.ContextWrapper.bindService:678 com.lguplus.iptv3.onetouchstb.stb.LgIptvShmRemoteWrapper.onBindIptvRemote:114 com.lguplus.iptv3.onetouchstb.service.OneTouchSTBService.onCreate:113 android.app.ActivityThread.handleCreateService:3404 
01-24 14:55:58.324   646  1525 I chatty  : uid=1000(system) Binder:646_15 expire 10 lines
01-24 14:56:08.703   646   662 I chatty  : uid=1000(system) ActivityManager expire 12 lines
01-24 14:56:28.421 18796 18796 W ContextImpl: Calling a method in the system process without a qualified user: android.app.ContextImpl.startService:1460 android.content.ContextWrapper.startService:644 android.content.ContextWrapper.startService:644 com.lguplus.iptv5.base.curationinputservice.cgupdate.reciver.RestartReceiver.onReceive:24 android.app.ActivityThread.handleReceiver:3252 
01-24 14:56:28.649 18846 18846 W ContextImpl: Calling a method in the system process without a qualified user: android.app.ContextImpl.startService:1460 android.content.ContextWrapper.startService:644 android.content.ContextWrapper.startService:644 com.lguplus.iptv3.onetouchstb.receiver.ReservationReceiver.startService:49 com.lguplus.iptv3.onetouchstb.receiver.ReservationReceiver.onReceive:38 
01-24 14:56:28.651 18846 18846 W ContextImpl: Calling a method in the system process without a qualified user: android.app.ContextImpl.bindService:1540 android.content.ContextWrapper.bindService:678 com.lguplus.iptv3.onetouchstb.stb.LgIptvShmRemoteWrapper.onBindIptvRemote:114 com.lguplus.iptv3.onetouchstb.service.OneTouchSTBService.onCreate:113 android.app.ActivityThread.handleCreateService:3404 
01-24 14:56:39.177 18985 18985 W ContextImpl: Calling a method in the system process without a qualified user: android.app.ContextImpl.bindService:1540 android.content.ContextWrapper.bindService:678 com.lguplus.iptv3.onetouchstb.stb.LgIptvShmRemoteWrapper.onBindIptvRemote:114 com.lguplus.iptv3.onetouchstb.service.OneTouchSTBService.onCreate:113 android.app.ActivityThread.handleCreateService:3404 
01-24 14:57:09.383 19195 19195 W ContextImpl: Calling a method in the system process without a qualified user: android.app.ContextImpl.startService:1460 android.content.ContextWrapper.startService:644 android.content.ContextWrapper.startService:644 com.lguplus.iptv5.base.curationinputservice.cgupdate.reciver.RestartReceiver.onReceive:24 android.app.ActivityThread.handleReceiver:3252 
01-24 14:57:09.604 19231 19231 W ContextImpl: Calling a method in the system process without a qualified user: android.app.ContextImpl.startService:1460 android.content.ContextWrapper.startService:644 android.content.ContextWrapper.startService:644 com.lguplus.iptv3.onetouchstb.receiver.ReservationReceiver.startService:49 com.lguplus.iptv3.onetouchstb.receiver.ReservationReceiver.onReceive:38 
01-24 14:57:09.606 19231 19231 W ContextImpl: Calling a method in the system process without a qualified user: android.app.ContextImpl.bindService:1540 android.content.ContextWrapper.bindService:678 com.lguplus.iptv3.onetouchstb.stb.LgIptvShmRemoteWrapper.onBindIptvRemote:114 com.lguplus.iptv3.onetouchstb.service.OneTouchSTBService.onCreate:113 android.app.ActivityThread.handleCreateService:3404 
01-24 14:57:09.683   646   669 I chatty  : uid=1000(system) android.display expire 10 lines
01-24 14:57:09.689   646   646 I chatty  : uid=1000 system_server expire 10 lines
01-24 14:57:24.408   646   662 I chatty  : uid=1000(system) ActivityManager expire 11 lines
01-24 14:57:42.058 19434 19434 W ContextImpl: Calling a method in the system process without a qualified user: android.app.ContextImpl.startService:1460 android.content.ContextWrapper.startService:644 android.content.ContextWrapper.startService:644 com.lguplus.iptv5.base.curationinputservice.cgupdate.reciver.RestartReceiver.onReceive:24 android.app.ActivityThread.handleReceiver:3252 
01-24 14:57:42.167 19459 19459 W ContextImpl: Calling a method in the system process without a qualified user: android.app.ContextImpl.startService:1460 android.content.ContextWrapper.startService:644 android.content.ContextWrapper.startService:644 com.lguplus.iptv3.onetouchstb.receiver.ReservationReceiver.startService:49 com.lguplus.iptv3.onetouchstb.receiver.ReservationReceiver.onReceive:38 
01-24 14:57:42.169 19459 19459 W ContextImpl: Calling a method in the system process without a qualified user: android.app.ContextImpl.bindService:1540 android.content.ContextWrapper.bindService:678 com.lguplus.iptv3.onetouchstb.stb.LgIptvShmRemoteWrapper.onBindIptvRemote:114 com.lguplus.iptv3.onetouchstb.service.OneTouchSTBService.onCreate:113 android.app.ActivityThread.handleCreateService:3404 
01-24 14:58:24.037 19757 19757 W ContextImpl: Calling a method in the system process without a qualified user: android.app.ContextImpl.startService:1460 android.content.ContextWrapper.startService:644 android.content.ContextWrapper.startService:644 com.lguplus.iptv5.base.curationinputservice.cgupdate.reciver.RestartReceiver.onReceive:24 android.app.ActivityThread.handleReceiver:3252 
01-24 14:58:24.159 19775 19775 I chatty  : uid=1000(system) com.lguplus.iptv3.onetouchstb expire 2 lines
01-24 14:58:24.170   646  1328 I chatty  : uid=1000(system) Binder:646_B expire 12 lines
01-24 14:58:24.852   646  1383 I chatty  : uid=1000(system) Binder:646_D expire 11 lines
01-24 14:58:57.953 19775 19775 W ContextImpl: Calling a method in the system process without a qualified user: android.app.ContextImpl.startService:1460 android.content.ContextWrapper.startService:644 android.content.ContextWrapper.startService:644 com.lguplus.iptv3.onetouchstb.receiver.ReservationReceiver.startService:49 com.lguplus.iptv3.onetouchstb.receiver.ReservationReceiver.onReceive:38 
01-24 14:59:27.968 19775 19775 W ContextImpl: Calling a method in the system process without a qualified user: android.app.ContextImpl.startService:1460 android.content.ContextWrapper.startService:644 android.content.ContextWrapper.startService:644 com.lguplus.iptv3.onetouchstb.receiver.ReservationReceiver.startService:49 com.lguplus.iptv3.onetouchstb.receiver.ReservationReceiver.onReceive:38 
01-24 14:59:52.900   646   662 I chatty  : uid=1000(system) ActivityManager expire 16 lines
01-24 14:59:53.192   646  3445 I chatty  : uid=1000(system) Binder:646_1B expire 11 lines
01-24 14:59:53.216   646  1418 I chatty  : uid=1000(system) Binder:646_10 expire 11 lines
01-24 14:59:54.950   646 20266 I chatty  : uid=1000 system_server expire 4 lines
01-24 14:59:58.494 20402 20402 W ContextImpl: Calling a method in the system process without a qualified user: android.app.ContextImpl.startService:1460 android.content.ContextWrapper.startService:644 android.content.ContextWrapper.startService:644 com.lguplus.iptv5.base.curationinputservice.cgupdate.reciver.RestartReceiver.onReceive:24 android.app.ActivityThread.handleReceiver:3252 
01-24 14:59:58.666 20421 20421 W ContextImpl: Calling a method in the system process without a qualified user: android.app.ContextImpl.startService:1460 android.content.ContextWrapper.startService:644 android.content.ContextWrapper.startService:644 com.lguplus.iptv3.onetouchstb.receiver.ReservationReceiver.startService:49 com.lguplus.iptv3.onetouchstb.receiver.ReservationReceiver.onReceive:38 
01-24 14:59:58.668 20421 20421 W ContextImpl: Calling a method in the system process without a qualified user: android.app.ContextImpl.bindService:1540 android.content.ContextWrapper.bindService:678 com.lguplus.iptv3.onetouchstb.stb.LgIptvShmRemoteWrapper.onBindIptvRemote:114 com.lguplus.iptv3.onetouchstb.service.OneTouchSTBService.onCreate:113 android.app.ActivityThread.handleCreateService:3404 
01-24 14:59:58.681   646  1315 I chatty  : uid=1000(system) Binder:646_7 expire 20 lines
01-24 15:00:29.152 20676 20676 W ContextImpl: Calling a method in the system process without a qualified user: android.app.ContextImpl.startService:1460 android.content.ContextWrapper.startService:644 android.content.ContextWrapper.startService:644 com.lguplus.iptv5.base.curationinputservice.cgupdate.reciver.RestartReceiver.onReceive:24 android.app.ActivityThread.handleReceiver:3252 
01-24 15:00:29.370 20697 20697 W ContextImpl: Calling a method in the system process without a qualified user: android.app.ContextImpl.startService:1460 android.content.ContextWrapper.startService:644 android.content.ContextWrapper.startService:644 com.lguplus.iptv3.onetouchstb.receiver.ReservationReceiver.startService:49 com.lguplus.iptv3.onetouchstb.receiver.ReservationReceiver.onReceive:38 
01-24 15:00:29.372 20697 20697 W ContextImpl: Calling a method in the system process without a qualified user: android.app.ContextImpl.bindService:1540 android.content.ContextWrapper.bindService:678 com.lguplus.iptv3.onetouchstb.stb.LgIptvShmRemoteWrapper.onBindIptvRemote:114 com.lguplus.iptv3.onetouchstb.service.OneTouchSTBService.onCreate:113 android.app.ActivityThread.handleCreateService:3404 
01-24 15:00:29.390   646  1383 I chatty  : uid=1000(system) Binder:646_D expire 12 lines
01-24 15:00:29.407   646  1418 I chatty  : uid=1000(system) Binder:646_10 expire 14 lines
01-24 15:00:59.498 20697 20697 W ContextImpl: Calling a method in the system process without a qualified user: android.app.ContextImpl.startService:1460 android.content.ContextWrapper.startService:644 android.content.ContextWrapper.startService:644 com.lguplus.iptv3.onetouchstb.receiver.ReservationReceiver.startService:49 com.lguplus.iptv3.onetouchstb.receiver.ReservationReceiver.onReceive:38 
01-24 15:01:01.743   646   662 I chatty  : uid=1000(system) ActivityManager expire 14 lines
01-24 15:01:13.513   646   736 I chatty  : uid=1000(system) InputDispatcher expire 13 lines
01-24 15:01:28.587 21095 21095 W ContextImpl: Calling a method in the system process without a qualified user: android.app.ContextImpl.bindService:1540 android.content.ContextWrapper.bindService:678 com.lguplus.iptv3.onetouchstb.stb.LgIptvShmRemoteWrapper.onBindIptvRemote:114 com.lguplus.iptv3.onetouchstb.service.OneTouchSTBService.onCreate:113 android.app.ActivityThread.handleCreateService:3404 
01-24 15:01:28.735   646   905 I chatty  : uid=1000(system) Binder:646_6 expire 13 lines
01-24 15:01:28.872 21157 21157 W ContextImpl: Calling a method in the system process without a qualified user: android.app.ContextImpl.startService:1460 android.content.ContextWrapper.startService:644 android.content.ContextWrapper.startService:644 com.lguplus.iptv5.base.curationinputservice.cgupdate.reciver.RestartReceiver.onReceive:24 android.app.ActivityThread.handleReceiver:3252 
01-24 15:01:28.886   646  1525 I chatty  : uid=1000(system) Binder:646_15 expire 12 lines
01-24 15:01:59.742 21437 21437 W ContextImpl: Calling a method in the system process without a qualified user: android.app.ContextImpl.startService:1460 android.content.ContextWrapper.startService:644 android.content.ContextWrapper.startService:644 com.lguplus.iptv5.base.curationinputservice.cgupdate.reciver.RestartReceiver.onReceive:24 android.app.ActivityThread.handleReceiver:3252 
01-24 15:02:00.002 21473 21473 W ContextImpl: Calling a method in the system process without a qualified user: android.app.ContextImpl.startService:1460 android.content.ContextWrapper.startService:644 android.content.ContextWrapper.startService:644 com.lguplus.iptv3.onetouchstb.receiver.ReservationReceiver.startService:49 com.lguplus.iptv3.onetouchstb.receiver.ReservationReceiver.onReceive:38 
01-24 15:02:00.005 21473 21473 W ContextImpl: Calling a method in the system process without a qualified user: android.app.ContextImpl.bindService:1540 android.content.ContextWrapper.bindService:678 com.lguplus.iptv3.onetouchstb.stb.LgIptvShmRemoteWrapper.onBindIptvRemote:114 com.lguplus.iptv3.onetouchstb.service.OneTouchSTBService.onCreate:113 android.app.ActivityThread.handleCreateService:3404 
01-24 15:02:01.204   646   662 I chatty  : uid=1000(system) ActivityManager expire 20 lines
01-24 15:02:30.331   646  1531 I chatty  : uid=1000(system) Binder:646_16 expire 14 lines
01-24 15:02:30.433 21687 21687 W ContextImpl: Calling a method in the system process without a qualified user: android.app.ContextImpl.startService:1460 android.content.ContextWrapper.startService:644 android.content.ContextWrapper.startService:644 com.lguplus.iptv5.base.curationinputservice.cgupdate.reciver.RestartReceiver.onReceive:24 android.app.ActivityThread.handleReceiver:3252 
01-24 15:02:30.445   646  1525 I chatty  : uid=1000(system) Binder:646_15 expire 10 lines
01-24 15:02:30.597 21718 21718 W ContextImpl: Calling a method in the system process without a qualified user: android.app.ContextImpl.startService:1460 android.content.ContextWrapper.startService:644 android.content.ContextWrapper.startService:644 com.lguplus.iptv3.onetouchstb.receiver.ReservationReceiver.startService:49 com.lguplus.iptv3.onetouchstb.receiver.ReservationReceiver.onReceive:38 
01-24 15:02:30.600 21718 21718 W ContextImpl: Calling a method in the system process without a qualified user: android.app.ContextImpl.bindService:1540 android.content.ContextWrapper.bindService:678 com.lguplus.iptv3.onetouchstb.stb.LgIptvShmRemoteWrapper.onBindIptvRemote:114 com.lguplus.iptv3.onetouchstb.service.OneTouchSTBService.onCreate:113 android.app.ActivityThread.handleCreateService:3404 
01-24 15:03:00.992 21966 21966 W ContextImpl: Calling a method in the system process without a qualified user: android.app.ContextImpl.startService:1460 android.content.ContextWrapper.startService:644 android.content.ContextWrapper.startService:644 com.lguplus.iptv5.base.curationinputservice.cgupdate.reciver.RestartReceiver.onReceive:24 android.app.ActivityThread.handleReceiver:3252 
01-24 15:03:01.176 22002 22002 W ContextImpl: Calling a method in the system process without a qualified user: android.app.ContextImpl.startService:1460 android.content.ContextWrapper.startService:644 android.content.ContextWrapper.startService:644 com.lguplus.iptv3.onetouchstb.receiver.ReservationReceiver.startService:49 com.lguplus.iptv3.onetouchstb.receiver.ReservationReceiver.onReceive:38 
01-24 15:03:01.183 22002 22002 W ContextImpl: Calling a method in the system process without a qualified user: android.app.ContextImpl.bindService:1540 android.content.ContextWrapper.bindService:678 com.lguplus.iptv3.onetouchstb.stb.LgIptvShmRemoteWrapper.onBindIptvRemote:114 com.lguplus.iptv3.onetouchstb.service.OneTouchSTBService.onCreate:113 android.app.ActivityThread.handleCreateService:3404 
01-24 15:03:22.564   646   841 I chatty  : uid=1000(system) Binder:646_3 expire 11 lines
01-24 15:03:31.437 22345 22345 W ContextImpl: Calling a method in the system process without a qualified user: android.app.ContextImpl.startService:1460 android.content.ContextWrapper.startService:644 android.content.ContextWrapper.startService:644 com.lguplus.iptv5.base.curationinputservice.cgupdate.reciver.RestartReceiver.onReceive:24 android.app.ActivityThread.handleReceiver:3252 
01-24 15:03:31.748 22381 22381 W ContextImpl: Calling a method in the system process without a qualified user: android.app.ContextImpl.startService:1460 android.content.ContextWrapper.startService:644 android.content.ContextWrapper.startService:644 com.lguplus.iptv3.onetouchstb.receiver.ReservationReceiver.startService:49 com.lguplus.iptv3.onetouchstb.receiver.ReservationReceiver.onReceive:38 
01-24 15:03:31.750 22381 22381 W ContextImpl: Calling a method in the system process without a qualified user: android.app.ContextImpl.bindService:1540 android.content.ContextWrapper.bindService:678 com.lguplus.iptv3.onetouchstb.stb.LgIptvShmRemoteWrapper.onBindIptvRemote:114 com.lguplus.iptv3.onetouchstb.service.OneTouchSTBService.onCreate:113 android.app.ActivityThread.handleCreateService:3404 
01-24 15:03:31.765   646  9729 I chatty  : uid=1000(system) Binder:646_1E expire 10 lines
01-24 15:03:32.165   646   662 I chatty  : uid=1000(system) ActivityManager expire 12 lines
01-24 15:04:02.127   646  3445 I chatty  : uid=1000(system) Binder:646_1B expire 15 lines
01-24 15:04:02.226 22624 22624 W ContextImpl: Calling a method in the system process without a qualified user: android.app.ContextImpl.startService:1460 android.content.ContextWrapper.startService:644 android.content.ContextWrapper.startService:644 com.lguplus.iptv5.base.curationinputservice.cgupdate.reciver.RestartReceiver.onReceive:24 android.app.ActivityThread.handleReceiver:3252 
01-24 15:04:02.452 22643 22643 I chatty  : uid=1000(system) com.lguplus.iptv3.onetouchstb expire 3 lines
01-24 15:04:32.993   646   658 I chatty  : uid=1000(system) Binder:646_2 expire 12 lines
01-24 15:04:33.161   646  1418 I chatty  : uid=1000(system) Binder:646_10 expire 11 lines
01-24 15:05:02.989 22643 22643 W ContextImpl: Calling a method in the system process without a qualified user: android.app.ContextImpl.startService:1460 android.content.ContextWrapper.startService:644 android.content.ContextWrapper.startService:644 com.lguplus.iptv3.onetouchstb.receiver.ReservationReceiver.startService:49 com.lguplus.iptv3.onetouchstb.receiver.ReservationReceiver.onReceive:38 
01-24 15:05:03.000   646  1525 I chatty  : uid=1000(system) Binder:646_15 expire 10 lines
01-24 15:05:33.006 22643 22643 W ContextImpl: Calling a method in the system process without a qualified user: android.app.ContextImpl.startService:1460 android.content.ContextWrapper.startService:644 android.content.ContextWrapper.startService:644 com.lguplus.iptv3.onetouchstb.receiver.ReservationReceiver.startService:49 com.lguplus.iptv3.onetouchstb.receiver.ReservationReceiver.onReceive:38 
01-24 15:05:33.008   646  1328 I chatty  : uid=1000(system) Binder:646_B expire 13 lines
01-24 15:05:35.125   646 23236 I chatty  : uid=1000 system_server expire 5 lines
01-24 15:06:03.196 23365 23365 W ContextImpl: Calling a method in the system process without a qualified user: android.app.ContextImpl.startService:1460 android.content.ContextWrapper.startService:644 android.content.ContextWrapper.startService:644 com.lguplus.iptv5.base.curationinputservice.cgupdate.reciver.RestartReceiver.onReceive:24 android.app.ActivityThread.handleReceiver:3252 
01-24 15:06:03.200 22643 22643 W ContextImpl: Calling a method in the system process without a qualified user: android.app.ContextImpl.startService:1460 android.content.ContextWrapper.startService:644 android.content.ContextWrapper.startService:644 com.lguplus.iptv3.onetouchstb.receiver.ReservationReceiver.startService:49 com.lguplus.iptv3.onetouchstb.receiver.ReservationReceiver.onReceive:38 
01-24 15:06:17.875   646   662 I chatty  : uid=1000(system) ActivityManager expire 10 lines
01-24 15:06:18.067 23571 23571 I chatty  : uid=1000(system) com.lguplus.iptv3.onetouchstb expire 10 lines
01-24 15:06:18.084   646  1383 I chatty  : uid=1000(system) Binder:646_D expire 18 lines
01-24 15:06:18.204   646   882 I chatty  : uid=1000(system) Binder:646_4 expire 13 lines
01-24 15:08:17.008   646  3446 I chatty  : uid=1000(system) Binder:646_1C expire 16 lines
01-24 15:08:17.402   646  3362 I chatty  : uid=1000(system) Binder:646_18 expire 17 lines
01-24 15:10:23.771   646  1420 I chatty  : uid=1000(system) Binder:646_11 expire 14 lines
01-24 15:10:28.926 24836 24836 W ContextImpl: Calling a method in the system process without a qualified user: android.app.ContextImpl.startService:1460 android.content.ContextWrapper.startService:644 android.content.ContextWrapper.startService:644 com.lguplus.iptv5.base.curationinputservice.cgupdate.reciver.RestartReceiver.onReceive:24 android.app.ActivityThread.handleReceiver:3252 
01-24 15:10:28.957   646  1382 I chatty  : uid=1000(system) Binder:646_C expire 16 lines
01-24 15:10:40.599   646   736 I chatty  : uid=1000(system) InputDispatcher expire 22 lines
01-24 15:10:58.972   646   662 I chatty  : uid=1000(system) ActivityManager expire 14 lines
01-24 15:12:58.365 23571 23571 I chatty  : uid=1000(system) com.lguplus.iptv3.onetouchstb expire 18 lines
01-24 15:13:02.844   646  3102 I chatty  : uid=1000(system) Binder:646_17 expire 13 lines
01-24 15:13:06.349   646 25516 I chatty  : uid=1000 system_server expire 4 lines
01-24 15:17:00.618   646  1326 I chatty  : uid=1000(system) Binder:646_9 expire 12 lines
01-24 15:17:28.681   646  1525 I chatty  : uid=1000(system) Binder:646_15 expire 28 lines
01-24 15:21:58.938 23571 23571 W ContextImpl: Calling a method in the system process without a qualified user: android.app.ContextImpl.startService:1460 android.content.ContextWrapper.startService:644 android.content.ContextWrapper.startService:644 com.lguplus.iptv3.onetouchstb.receiver.ReservationReceiver.startService:49 com.lguplus.iptv3.onetouchstb.receiver.ReservationReceiver.onReceive:38 
01-24 15:22:28.955 23571 23571 W ContextImpl: Calling a method in the system process without a qualified user: android.app.ContextImpl.startService:1460 android.content.ContextWrapper.startService:644 android.content.ContextWrapper.startService:644 com.lguplus.iptv3.onetouchstb.receiver.ReservationReceiver.startService:49 com.lguplus.iptv3.onetouchstb.receiver.ReservationReceiver.onReceive:38 
01-24 15:22:33.339   646 27945 I chatty  : uid=1000 system_server expire 4 lines
01-24 15:22:41.357   646   662 I chatty  : uid=1000(system) ActivityManager expire 13 lines
01-24 15:22:41.563 15512 28049 F libc    : Fatal signal 11 (SIGSEGV), code 1, fault addr 0x3734363b in tid 28049 (EpgAgent)
01-24 15:22:41.621 28068 28068 F DEBUG   : *** *** *** *** *** *** *** *** *** *** *** *** *** *** *** ***
01-24 15:22:41.621 28068 28068 F DEBUG   : Build fingerprint: 'LGE/woofer2/woofer2:8.0.0/OPR5.170623.007/20180118_V.99.71.0304:userdebug/release-keys'
01-24 15:22:41.621 28068 28068 F DEBUG   : Revision: '0'
01-24 15:22:41.621 28068 28068 F DEBUG   : ABI: 'arm'
01-24 15:22:41.621 28068 28068 F DEBUG   : pid: 15512, tid: 28049, name: EpgAgent  >>> /system/vendor/bin/EpgAgent <<<
01-24 15:22:41.622 28068 28068 F DEBUG   : signal 11 (SIGSEGV), code 1 (SEGV_MAPERR), fault addr 0x3734363b
01-24 15:22:41.622 28068 28068 F DEBUG   :     r0 e60ecd70  r1 3734363b  r2 f5ffb3d9  r3 3b3b3434
01-24 15:22:41.622 28068 28068 F DEBUG   :     r4 e82d3eb4  r5 e81170d0  r6 e5582170  r7 e55822dc
01-24 15:22:41.622 28068 28068 F DEBUG   :     r8 e60ecd70  r9 e82e1c08  sl e82d3db0  fp e82d3d80
01-24 15:22:41.622 28068 28068 F DEBUG   :     ip e82e5dd4  sp e5582148  lr e827db74  pc e8362724  cpsr 200e0030
01-24 15:22:41.628 28068 28068 F DEBUG   : 
01-24 15:22:41.628 28068 28068 F DEBUG   : backtrace:
01-24 15:22:41.628 28068 28068 F DEBUG   :     #00 pc 00019724  /system/lib/libc.so
01-24 15:22:41.628 28068 28068 F DEBUG   :     #01 pc 0003ab70  /system/vendor/lib/libepgagent.so (_ZN15APPNetInterface15MakeDataForSendEP16_SendMessageInfo+1044)
01-24 15:22:41.628 28068 28068 F DEBUG   :     #02 pc 36333639  <unknown>
01-24 15:22:42.002   646  1420 I chatty  : uid=1000(system) Binder:646_11 expire 12 lines
01-24 15:22:59.170 28198 28198 W ContextImpl: Calling a method in the system process without a qualified user: android.app.ContextImpl.startService:1460 android.content.ContextWrapper.startService:644 android.content.ContextWrapper.startService:644 com.lguplus.iptv5.base.curationinputservice.cgupdate.reciver.RestartReceiver.onReceive:24 android.app.ActivityThread.handleReceiver:3252 
01-24 15:22:59.364 28216 28216 I chatty  : uid=1000(system) com.lguplus.iptv3.onetouchstb expire 11 lines
01-24 15:22:59.392   646  3444 I chatty  : uid=1000(system) Binder:646_1A expire 11 lines
01-24 15:23:13.443   646   736 I chatty  : uid=1000(system) InputDispatcher expire 11 lines
01-24 15:23:29.636   646   646 I chatty  : uid=1000 system_server expire 15 lines
01-24 15:23:59.792   646  3443 I chatty  : uid=1000(system) Binder:646_19 expire 10 lines
01-24 15:23:59.894 28683 28683 W ContextImpl: Calling a method in the system process without a qualified user: android.app.ContextImpl.startService:1460 android.content.ContextWrapper.startService:644 android.content.ContextWrapper.startService:644 com.lguplus.iptv5.base.curationinputservice.cgupdate.reciver.RestartReceiver.onReceive:24 android.app.ActivityThread.handleReceiver:3252 
01-24 15:23:59.940   646   905 I chatty  : uid=1000(system) Binder:646_6 expire 10 lines
01-24 15:26:03.279   646   662 I chatty  : uid=1000(system) ActivityManager expire 16 lines
01-24 15:27:11.049   646  1326 I chatty  : uid=1000(system) Binder:646_9 expire 14 lines
01-24 15:28:11.092 28216 28216 I chatty  : uid=1000(system) com.lguplus.iptv3.onetouchstb expire 14 lines
01-24 15:29:14.314 28082 28084 F libc    : Fatal signal 11 (SIGSEGV), code 1, fault addr 0x69767265 in tid 28084 (EpgAgent)
01-24 15:29:14.358 29991 29991 F DEBUG   : *** *** *** *** *** *** *** *** *** *** *** *** *** *** *** ***
01-24 15:29:14.358 29991 29991 F DEBUG   : Build fingerprint: 'LGE/woofer2/woofer2:8.0.0/OPR5.170623.007/20180118_V.99.71.0304:userdebug/release-keys'
01-24 15:29:14.358 29991 29991 F DEBUG   : Revision: '0'
01-24 15:29:14.358 29991 29991 F DEBUG   : ABI: 'arm'
01-24 15:29:14.358 29991 29991 F DEBUG   : pid: 28082, tid: 28084, name: EpgAgent  >>> /system/vendor/bin/EpgAgent <<<
01-24 15:29:14.358 29991 29991 F DEBUG   : signal 11 (SIGSEGV), code 1 (SEGV_MAPERR), fault addr 0x69767265
01-24 15:29:14.358 29991 29991 F DEBUG   :     r0 f0d86050  r1 f16a2f0e  r2 00000000  r3 69767265
01-24 15:29:14.358 29991 29991 F DEBUG   :     r4 f0d93000  r5 f0d86050  r6 00069591  r7 00000078
01-24 15:29:14.358 29991 29991 F DEBUG   :     r8 f0d93008  r9 f0a03700  sl f164a428  fp 00000011
01-24 15:29:14.358 29991 29991 F DEBUG   :     ip f16b9e28  sp f11ff4c8  lr f165780c  pc f163b7f4  cpsr 200e0010
01-24 15:29:14.365 29991 29991 F DEBUG   : 
01-24 15:29:14.365 29991 29991 F DEBUG   : backtrace:
01-24 15:29:14.365 29991 29991 F DEBUG   :     #00 pc 000247f4  /system/vendor/lib/libepgagent.so (_ZN9TiXmlNode5ClearEv+20)
01-24 15:29:14.365 29991 29991 F DEBUG   :     #01 pc 00040808  /system/vendor/lib/libepgagent.so (_ZN9PFManager12SetNewPFDataEPhi+96)
01-24 15:29:14.365 29991 29991 F DEBUG   :     #02 pc 00032e84  /system/vendor/lib/libepgagent.so (_ZN14CSDSDecManager10DecodeDataEv+980)
01-24 15:29:14.365 29991 29991 F DEBUG   :     #03 pc 00033444  /system/vendor/lib/libepgagent.so (_Z14lpDataTraversePv+28)
01-24 15:29:14.365 29991 29991 F DEBUG   :     #04 pc 000480df  /system/lib/libc.so (_ZL15__pthread_startPv+22)
01-24 15:29:14.365 29991 29991 F DEBUG   :     #05 pc 0001afed  /system/lib/libc.so (__start_thread+32)
01-24 15:29:41.149   646  3444 I chatty  : uid=1000(system) Binder:646_1A expire 15 lines
01-24 15:32:53.250   646 10740 I chatty  : uid=1000(system) Binder:646_20 expire 17 lines
01-24 15:35:27.965 28216 28216 W ContextImpl: Calling a method in the system process without a qualified user: android.app.ContextImpl.startService:1460 android.content.ContextWrapper.startService:644 android.content.ContextWrapper.startService:644 com.lguplus.iptv3.onetouchstb.receiver.ReservationReceiver.startService:49 com.lguplus.iptv3.onetouchstb.receiver.ReservationReceiver.onReceive:38 
01-24 15:35:57.985 28216 28216 W ContextImpl: Calling a method in the system process without a qualified user: android.app.ContextImpl.startService:1460 android.content.ContextWrapper.startService:644 android.content.ContextWrapper.startService:644 com.lguplus.iptv3.onetouchstb.receiver.ReservationReceiver.startService:49 com.lguplus.iptv3.onetouchstb.receiver.ReservationReceiver.onReceive:38 
01-24 15:35:57.990   646  1326 I chatty  : uid=1000(system) Binder:646_9 expire 16 lines
01-24 15:36:28.003 28216 28216 W ContextImpl: Calling a method in the system process without a qualified user: android.app.ContextImpl.startService:1460 android.content.ContextWrapper.startService:644 android.content.ContextWrapper.startService:644 com.lguplus.iptv3.onetouchstb.receiver.ReservationReceiver.startService:49 com.lguplus.iptv3.onetouchstb.receiver.ReservationReceiver.onReceive:38 
01-24 15:36:58.036 28216 28216 W ContextImpl: Calling a method in the system process without a qualified user: android.app.ContextImpl.startService:1460 android.content.ContextWrapper.startService:644 android.content.ContextWrapper.startService:644 com.lguplus.iptv3.onetouchstb.receiver.ReservationReceiver.startService:49 com.lguplus.iptv3.onetouchstb.receiver.ReservationReceiver.onReceive:38 
01-24 15:37:24.702   646   898 I chatty  : uid=1000(system) Binder:646_5 expire 12 lines
01-24 15:37:25.737   646   662 I chatty  : uid=1000(system) ActivityManager expire 10 lines
01-24 15:37:25.804   646   905 I chatty  : uid=1000(system) Binder:646_6 expire 23 lines
01-24 15:37:27.973   646 32013 I chatty  : uid=1000 system_server expire 4 lines
01-24 15:37:28.143   646  1327 I chatty  : uid=1000(system) Binder:646_A expire 14 lines
01-24 15:37:28.362 32095 32095 I chatty  : uid=1000(system) com.lguplus.iptv3.onetouchstb expire 8 lines
01-24 15:37:58.681   646  9729 I chatty  : uid=1000(system) Binder:646_1E expire 22 lines
01-24 15:37:58.770 32276 32276 W ContextImpl: Calling a method in the system process without a qualified user: android.app.ContextImpl.startService:1460 android.content.ContextWrapper.startService:644 android.content.ContextWrapper.startService:644 com.lguplus.iptv5.base.curationinputservice.cgupdate.reciver.RestartReceiver.onReceive:24 android.app.ActivityThread.handleReceiver:3252 
01-24 15:39:13.235   646   662 I chatty  : uid=1000(system) ActivityManager expire 17 lines
01-24 15:39:33.404   646   736 I chatty  : uid=1000(system) InputDispatcher expire 11 lines
01-24 15:39:44.417   646   670 I chatty  : uid=1000(system) CpuTracker expire 17 lines
01-24 15:41:28.353 32095 32095 W ContextImpl: Calling a method in the system process without a qualified user: android.app.ContextImpl.startService:1460 android.content.ContextWrapper.startService:644 android.content.ContextWrapper.startService:644 com.lguplus.iptv3.onetouchstb.receiver.ReservationReceiver.startService:49 com.lguplus.iptv3.onetouchstb.receiver.ReservationReceiver.onReceive:38 
01-24 15:42:04.579 32095 32095 W ContextImpl: Calling a method in the system process without a qualified user: android.app.ContextImpl.startService:1460 android.content.ContextWrapper.startService:644 android.content.ContextWrapper.startService:644 com.lguplus.iptv3.onetouchstb.receiver.ReservationReceiver.startService:49 com.lguplus.iptv3.onetouchstb.receiver.ReservationReceiver.onReceive:38 
01-24 15:42:34.776  1866  1866 W ContextImpl: Calling a method in the system process without a qualified user: android.app.ContextImpl.startService:1460 android.content.ContextWrapper.startService:644 android.content.ContextWrapper.startService:644 com.lguplus.iptv5.base.curationinputservice.cgupdate.reciver.RestartReceiver.onReceive:24 android.app.ActivityThread.handleReceiver:3252 
01-24 15:42:34.985  1899  1899 W ContextImpl: Calling a method in the system process without a qualified user: android.app.ContextImpl.startService:1460 android.content.ContextWrapper.startService:644 android.content.ContextWrapper.startService:644 com.lguplus.iptv3.onetouchstb.receiver.ReservationReceiver.startService:49 com.lguplus.iptv3.onetouchstb.receiver.ReservationReceiver.onReceive:38 
01-24 15:42:34.987  1899  1899 W ContextImpl: Calling a method in the system process without a qualified user: android.app.ContextImpl.bindService:1540 android.content.ContextWrapper.bindService:678 com.lguplus.iptv3.onetouchstb.stb.LgIptvShmRemoteWrapper.onBindIptvRemote:114 com.lguplus.iptv3.onetouchstb.service.OneTouchSTBService.onCreate:113 android.app.ActivityThread.handleCreateService:3404 
01-24 15:42:35.766   646   662 I chatty  : uid=1000(system) ActivityManager expire 13 lines
01-24 15:42:38.423   646  1935 I chatty  : uid=1000 system_server expire 4 lines
