01-19 17:53:56.378  1747  1880 D PerformBackupTask: starting agent for backup of BackupRequest{pkg=android}
01-19 17:53:56.388  1747  1880 D BackupManagerService: awaiting agent for ApplicationInfo{2c7d2ab0 android}
01-19 17:53:56.398  1747  1760 D BackupManagerService: agentConnected pkg=android agent=android.app.backup.BackupAgent$BackupServiceBinder@2ccc3998
01-19 17:53:57.108  1747  1880 D PerformBackupTask: starting agent for backup of BackupRequest{pkg=com.google.android.marvin.talkback}
01-19 17:53:57.128  1747  1880 I ActivityManager: Start proc com.google.android.marvin.talkback for backup com.google.android.marvin.talkback/.TalkBackBackupAgent: pid=1345 uid=10099 gids={50099, 1015, 1028}
01-19 17:53:57.128  1747  1880 D BackupManagerService: awaiting agent for ApplicationInfo{2c94aa60 com.google.android.marvin.talkback}
01-19 17:53:57.368  1747  2118 D BackupManagerService: agentConnected pkg=com.google.android.marvin.talkback agent=android.os.BinderProxy@2ccde9c0
01-19 17:53:57.388  1747  1880 D PerformBackupTask: starting agent for backup of BackupRequest{pkg=com.android.providers.userdictionary}
01-19 17:53:57.428  1747  1880 I ActivityManager: Start proc android.process.acore for backup com.android.providers.userdictionary/.DictionaryBackupAgent: pid=1358 uid=10006 gids={50006, 3003, 1015, 1028}
01-19 17:53:57.428  1747  1880 D BackupManagerService: awaiting agent for ApplicationInfo{2c9564f8 com.android.providers.userdictionary}
01-19 17:53:57.798  1747  2097 D BackupManagerService: agentConnected pkg=com.android.providers.userdictionary agent=android.os.BinderProxy@2cc44f00
01-19 17:53:57.898  1747  1880 D PerformBackupTask: starting agent for backup of BackupRequest{pkg=com.android.inputmethod.latin}
01-19 17:53:57.928  1747  1880 I ActivityManager: Start proc com.android.inputmethod.latin for backup com.android.inputmethod.latin/.BackupAgent: pid=1379 uid=10042 gids={50042, 1028}
01-19 17:53:57.928  1747  1880 D BackupManagerService: awaiting agent for ApplicationInfo{2c8cab60 com.android.inputmethod.latin}
01-19 17:53:58.088  1747  2064 D BackupManagerService: agentConnected pkg=com.android.inputmethod.latin agent=android.os.BinderProxy@2cd79378
01-19 17:53:58.118  1747  1880 D PerformBackupTask: starting agent for backup of BackupRequest{pkg=com.android.sharedstoragebackup}
01-19 17:53:58.138  1747  1880 I ActivityManager: Start proc com.android.sharedstoragebackup for backup com.android.sharedstoragebackup/.SharedStorageAgent: pid=1393 uid=10063 gids={50063, 1015, 1023, 1028}
01-19 17:53:58.138  1747  1880 D BackupManagerService: awaiting agent for ApplicationInfo{2c86fef8 com.android.sharedstoragebackup}
01-19 17:53:58.338  1747  2116 D BackupManagerService: agentConnected pkg=com.android.sharedstoragebackup agent=android.os.BinderProxy@2cc21908
01-19 17:53:58.378  1747  1880 D PerformBackupTask: starting agent for backup of BackupRequest{pkg=com.android.providers.settings}
01-19 17:53:58.378  1747  1880 D BackupManagerService: awaiting agent for ApplicationInfo{2c80cf40 com.android.providers.settings}
01-19 17:53:58.398  1747  1760 D BackupManagerService: agentConnected pkg=com.android.providers.settings agent=android.app.backup.BackupAgent$BackupServiceBinder@2cd85ed0
01-19 17:53:58.678  1747  1880 I PerformBackupTask: Backup pass finished.
01-19 17:54:05.338  1747  1758 I ActivityManager: No longer want com.lguplus.iptv3.base.orangecast.shop:remote (pid 844): empty for 1800s
01-19 17:54:05.358  1747  2118 W ActivityManager: Scheduling restart of crashed service com.lguplus.iptv3.base.orangecast.shop/.service.TriggerService in 5000ms
01-19 17:54:06.618  1747  1766 E NotificationService: Ignoring notification with icon==0: Notification(pri=0 contentView=null vibrate=null sound=null defaults=0x0 flags=0x62 kind=[null])
01-19 17:54:08.588  1747  1832 D ConnectivityService: handleInetConditionHoldEnd: net=9, condition=100, published condition=100
01-19 17:54:10.368  1747  1766 I ActivityManager: Start proc com.lguplus.iptv3.base.orangecast.shop:remote for service com.lguplus.iptv3.base.orangecast.shop/.service.TriggerService: pid=1467 uid=10051 gids={50051, 3003, 1015, 1028}
01-19 17:54:24.718  1747  1766 W ProcessStats: Skipping unknown process pid 1536
01-19 17:54:24.718  1747  1766 W ProcessStats: Skipping unknown process pid 1537
01-19 17:54:24.718  1747  1766 W ProcessStats: Skipping unknown process pid 1538
01-19 17:54:49.758  1747  1996 W ThrottleService: unable to find stats for iface rmnet0
--------- beginning of /dev/log/main
01-19 17:54:59.808   877   912 I AMP_VPP_HDCP: start HDCP
01-19 17:54:59.808   877   912 I AMP_VPP_HDCP: Stop HDCP
01-19 17:54:59.808   877   912 I AMP_VPP_HDCP: End of StopHDCP
01-19 17:54:59.878   877   912 I AMP_VPP_HDCP: HDCP device not ready in HDMI mode
01-19 17:54:59.878   877   912 I AMP_VPP_HDCP: Stop HDCP
01-19 17:54:59.878   877   912 I AMP_VPP_HDCP: End of StopHDCP
01-19 17:54:59.878   902   979 E BerlinAVS_HotplugHandler: STAM, staticHDMIEventHandler:521, entered..
01-19 17:54:59.878   902   979 E BerlinAVS_HotplugHandler: STAM, HDMIEventHandler:486, entered..
01-19 17:54:59.878   902   979 D BerlinAVS_HotplugHandler: HDMI hotplug event 4
01-19 17:54:59.958  1767  1767 V MediaPlayer: getCurrentPosition
01-19 17:54:59.958  1767  1767 D ETC-PINEONE-CURATION: [NewVodMediaPlayer$PlayTimerHandler] handleMessage()[971] >> [CTV] VOD Current Position : 105174
01-19 17:54:59.958  1767  1767 D ETC-PINEONE-CURATION: [PlayInfoManager] getVodTotalPlayTime()[1298] >> [CTV][DATA] get Total Play Time : 103
01-19 17:54:59.958  1767  1767 D ETC-PINEONE-CURATION: [MainActivity] onPlayTimeActionPreviewPlay()[4831] >> [CTV][AD] PlayTime : 105, Preview : 180
01-19 17:55:00.068   877   912 I AMP_VPP_HDCP: start HDCP
01-19 17:55:00.068   877   912 I AMP_VPP_HDCP: Stop HDCP
01-19 17:55:00.068   877   912 I AMP_VPP_HDCP: End of StopHDCP
01-19 17:55:00.128   877   912 I AMP_VPP_HDCP: HDCP device not ready in HDMI mode
01-19 17:55:00.128   877   912 I AMP_VPP_HDCP: Stop HDCP
01-19 17:55:00.128   877   912 I AMP_VPP_HDCP: End of StopHDCP
01-19 17:55:00.128   902   979 E BerlinAVS_HotplugHandler: STAM, staticHDMIEventHandler:521, entered..
01-19 17:55:00.128   902   979 E BerlinAVS_HotplugHandler: STAM, HDMIEventHandler:486, entered..
01-19 17:55:00.128   902   979 D BerlinAVS_HotplugHandler: HDMI hotplug event 4
01-19 17:55:00.318   877   912 I AMP_VPP_HDCP: start HDCP
01-19 17:55:00.318   877   912 I AMP_VPP_HDCP: Stop HDCP
01-19 17:55:00.318   877   912 I AMP_VPP_HDCP: End of StopHDCP
01-19 17:55:00.388   877   912 I AMP_VPP_HDCP: HDCP device not ready in HDMI mode
01-19 17:55:00.388   877   912 I AMP_VPP_HDCP: Stop HDCP
01-19 17:55:00.388   877   912 I AMP_VPP_HDCP: End of StopHDCP
01-19 17:55:00.388   902   979 E BerlinAVS_HotplugHandler: STAM, staticHDMIEventHandler:521, entered..
01-19 17:55:00.388   902   979 E BerlinAVS_HotplugHandler: STAM, HDMIEventHandler:486, entered..
01-19 17:55:00.388   902   979 D BerlinAVS_HotplugHandler: HDMI hotplug event 4
01-19 17:55:00.578   877   912 I AMP_VPP_HDCP: start HDCP
01-19 17:55:00.578   877   912 I AMP_VPP_HDCP: Stop HDCP
01-19 17:55:00.578   877   912 I AMP_VPP_HDCP: End of StopHDCP
01-19 17:55:00.638   877   912 I AMP_VPP_HDCP: HDCP device not ready in HDMI mode
01-19 17:55:00.638   877   912 I AMP_VPP_HDCP: Stop HDCP
01-19 17:55:00.638   877   912 I AMP_VPP_HDCP: End of StopHDCP
01-19 17:55:00.638   902   979 E BerlinAVS_HotplugHandler: STAM, staticHDMIEventHandler:521, entered..
01-19 17:55:00.638   902   979 E BerlinAVS_HotplugHandler: STAM, HDMIEventHandler:486, entered..
01-19 17:55:00.638   902   979 D BerlinAVS_HotplugHandler: HDMI hotplug event 4
01-19 17:55:00.728   903  1024 D VOD-LGE-LIBVODPLAYER: [internalFeedThread read bps = 1842400 
01-19 17:55:00.828   877   912 I AMP_VPP_HDCP: start HDCP
01-19 17:55:00.828   877   912 I AMP_VPP_HDCP: Stop HDCP
01-19 17:55:00.828   877   912 I AMP_VPP_HDCP: End of StopHDCP
01-19 17:55:00.898   877   912 I AMP_VPP_HDCP: HDCP device not ready in HDMI mode
01-19 17:55:00.898   877   912 I AMP_VPP_HDCP: Stop HDCP
01-19 17:55:00.898   877   912 I AMP_VPP_HDCP: End of StopHDCP
01-19 17:55:00.898   902   979 E BerlinAVS_HotplugHandler: STAM, staticHDMIEventHandler:521, entered..
01-19 17:55:00.898   902   979 E BerlinAVS_HotplugHandler: STAM, HDMIEventHandler:486, entered..
01-19 17:55:00.898   902   979 D BerlinAVS_HotplugHandler: HDMI hotplug event 4
01-19 17:55:00.958  1767  1767 V MediaPlayer: getCurrentPosition
01-19 17:55:00.968  1767  1767 D ETC-PINEONE-CURATION: [NewVodMediaPlayer$PlayTimerHandler] handleMessage()[971] >> [CTV] VOD Current Position : 106208
01-19 17:55:00.968  1767  1767 D ETC-PINEONE-CURATION: [PlayInfoManager] getVodTotalPlayTime()[1298] >> [CTV][DATA] get Total Play Time : 104
01-19 17:55:00.968  1767  1767 D ETC-PINEONE-CURATION: [MainActivity] onPlayTimeActionPreviewPlay()[4831] >> [CTV][AD] PlayTime : 106, Preview : 180
01-19 17:55:01.088   877   912 I AMP_VPP_HDCP: start HDCP
01-19 17:55:01.088   877   912 I AMP_VPP_HDCP: Stop HDCP
01-19 17:55:01.088   877   912 I AMP_VPP_HDCP: End of StopHDCP
01-19 17:55:01.148   877   912 I AMP_VPP_HDCP: HDCP device not ready in HDMI mode
01-19 17:55:01.148   877   912 I AMP_VPP_HDCP: Stop HDCP
01-19 17:55:01.148   877   912 I AMP_VPP_HDCP: End of StopHDCP
01-19 17:55:01.148   902   979 E BerlinAVS_HotplugHandler: STAM, staticHDMIEventHandler:521, entered..
01-19 17:55:01.148   902   979 E BerlinAVS_HotplugHandler: STAM, HDMIEventHandler:486, entered..
01-19 17:55:01.148   902   979 D BerlinAVS_HotplugHandler: HDMI hotplug event 4
01-19 17:55:01.338   877   912 I AMP_VPP_HDCP: start HDCP
01-19 17:55:01.338   877   912 I AMP_VPP_HDCP: Stop HDCP
01-19 17:55:01.338   877   912 I AMP_VPP_HDCP: End of StopHDCP
01-19 17:55:01.408   877   912 I AMP_VPP_HDCP: HDCP device not ready in HDMI mode
01-19 17:55:01.408   877   912 I AMP_VPP_HDCP: Stop HDCP
01-19 17:55:01.408   877   912 I AMP_VPP_HDCP: End of StopHDCP
01-19 17:55:01.408   902   979 E BerlinAVS_HotplugHandler: STAM, staticHDMIEventHandler:521, entered..
01-19 17:55:01.408   902   979 E BerlinAVS_HotplugHandler: STAM, HDMIEventHandler:486, entered..
01-19 17:55:01.408   902   979 D BerlinAVS_HotplugHandler: HDMI hotplug event 4
01-19 17:55:01.598   877   912 I AMP_VPP_HDCP: start HDCP
01-19 17:55:01.598   877   912 I AMP_VPP_HDCP: Stop HDCP
01-19 17:55:01.598   877   912 I AMP_VPP_HDCP: End of StopHDCP
01-19 17:55:01.668   877   912 I AMP_VPP_HDCP: HDCP device not ready in HDMI mode
01-19 17:55:01.668   877   912 I AMP_VPP_HDCP: Stop HDCP
01-19 17:55:01.668   877   912 I AMP_VPP_HDCP: End of StopHDCP
01-19 17:55:01.668   902   979 E BerlinAVS_HotplugHandler: STAM, staticHDMIEventHandler:521, entered..
01-19 17:55:01.668   902   979 E BerlinAVS_HotplugHandler: STAM, HDMIEventHandler:486, entered..
01-19 17:55:01.668   902   979 D BerlinAVS_HotplugHandler: HDMI hotplug event 4
01-19 17:55:01.858   877   912 I AMP_VPP_HDCP: start HDCP
01-19 17:55:01.858   877   912 I AMP_VPP_HDCP: Stop HDCP
01-19 17:55:01.858   877   912 I AMP_VPP_HDCP: End of StopHDCP
01-19 17:55:01.928   877   912 I AMP_VPP_HDCP: HDCP device not ready in HDMI mode
01-19 17:55:01.928   877   912 I AMP_VPP_HDCP: Stop HDCP
01-19 17:55:01.928   877   912 I AMP_VPP_HDCP: End of StopHDCP
01-19 17:55:01.928   902   979 E BerlinAVS_HotplugHandler: STAM, staticHDMIEventHandler:521, entered..
01-19 17:55:01.928   902   979 E BerlinAVS_HotplugHandler: STAM, HDMIEventHandler:486, entered..
01-19 17:55:01.928   902   979 D BerlinAVS_HotplugHandler: HDMI hotplug event 4
01-19 17:55:01.968  1767  1767 V MediaPlayer: getCurrentPosition
01-19 17:55:01.978  1767  1767 D ETC-PINEONE-CURATION: [NewVodMediaPlayer$PlayTimerHandler] handleMessage()[971] >> [CTV] VOD Current Position : 107209
01-19 17:55:01.978  1767  1767 D ETC-PINEONE-CURATION: [PlayInfoManager] getVodTotalPlayTime()[1298] >> [CTV][DATA] get Total Play Time : 105
01-19 17:55:01.978  1767  1767 D ETC-PINEONE-CURATION: [MainActivity] onPlayTimeActionPreviewPlay()[4831] >> [CTV][AD] PlayTime : 107, Preview : 180
01-19 17:55:02.058   877   910 W [33;1mAmp2@@[MODULE_AVS:show_avsync_status():868]:[0m : [AVSDBG][17][L]M:0x0095121a(1498),P:0x00000000(0)[0],V:0x00951639(0),A:0x00957db0(0),M-P:108549,M-V:-11,M-A:-306,V-A:-294 V[R:9],A[11]
01-19 17:55:02.108   877   912 I AMP_VPP_HDCP: start HDCP
01-19 17:55:02.108   877   912 I AMP_VPP_HDCP: Stop HDCP
01-19 17:55:02.108   877   912 I AMP_VPP_HDCP: End of StopHDCP
01-19 17:55:02.178   877   912 I AMP_VPP_HDCP: HDCP device not ready in HDMI mode
01-19 17:55:02.178   877   912 I AMP_VPP_HDCP: Stop HDCP
01-19 17:55:02.178   877   912 I AMP_VPP_HDCP: End of StopHDCP
01-19 17:55:02.178   902   979 E BerlinAVS_HotplugHandler: STAM, staticHDMIEventHandler:521, entered..
01-19 17:55:02.178   902   979 E BerlinAVS_HotplugHandler: STAM, HDMIEventHandler:486, entered..
01-19 17:55:02.178   902   979 D BerlinAVS_HotplugHandler: HDMI hotplug event 4
01-19 17:55:02.368   877   912 I AMP_VPP_HDCP: start HDCP
01-19 17:55:02.368   877   912 I AMP_VPP_HDCP: Stop HDCP
01-19 17:55:02.368   877   912 I AMP_VPP_HDCP: End of StopHDCP
01-19 17:55:02.438   877   912 I AMP_VPP_HDCP: HDCP device not ready in HDMI mode
01-19 17:55:02.438   877   912 I AMP_VPP_HDCP: Stop HDCP
01-19 17:55:02.438   877   912 I AMP_VPP_HDCP: End of StopHDCP
01-19 17:55:02.438   902   979 E BerlinAVS_HotplugHandler: STAM, staticHDMIEventHandler:521, entered..
01-19 17:55:02.438   902   979 E BerlinAVS_HotplugHandler: STAM, HDMIEventHandler:486, entered..
01-19 17:55:02.438   902   979 D BerlinAVS_HotplugHandler: HDMI hotplug event 4
01-19 17:55:02.488  2085  2096 D dalvikvm: GC_CONCURRENT freed 399K, 21% free 2539K/3208K, paused 1ms+2ms, total 37ms
01-19 17:55:02.598   903  1024 D VOD-LGE-LIBVODPLAYER: [internalFeedThread read bps = 1447600 
01-19 17:55:02.628   877   912 I AMP_VPP_HDCP: start HDCP
01-19 17:55:02.628   877   912 I AMP_VPP_HDCP: Stop HDCP
01-19 17:55:02.628   877   912 I AMP_VPP_HDCP: End of StopHDCP
01-19 17:55:02.688   877   912 I AMP_VPP_HDCP: HDCP device not ready in HDMI mode
01-19 17:55:02.688   877   912 I AMP_VPP_HDCP: Stop HDCP
01-19 17:55:02.688   877   912 I AMP_VPP_HDCP: End of StopHDCP
01-19 17:55:02.688   902   979 E BerlinAVS_HotplugHandler: STAM, staticHDMIEventHandler:521, entered..
01-19 17:55:02.688   902   979 E BerlinAVS_HotplugHandler: STAM, HDMIEventHandler:486, entered..
01-19 17:55:02.688   902   979 D BerlinAVS_HotplugHandler: HDMI hotplug event 4
01-19 17:55:02.878   877   912 I AMP_VPP_HDCP: start HDCP
01-19 17:55:02.878   877   912 I AMP_VPP_HDCP: Stop HDCP
01-19 17:55:02.878   877   912 I AMP_VPP_HDCP: End of StopHDCP
01-19 17:55:02.948   877   912 I AMP_VPP_HDCP: HDCP device not ready in HDMI mode
01-19 17:55:02.948   877   912 I AMP_VPP_HDCP: Stop HDCP
01-19 17:55:02.948   877   912 I AMP_VPP_HDCP: End of StopHDCP
01-19 17:55:02.948   902   979 E BerlinAVS_HotplugHandler: STAM, staticHDMIEventHandler:521, entered..
01-19 17:55:02.948   902   979 E BerlinAVS_HotplugHandler: STAM, HDMIEventHandler:486, entered..
01-19 17:55:02.948   902   979 D BerlinAVS_HotplugHandler: HDMI hotplug event 4
01-19 17:55:02.978  1767  1767 V MediaPlayer: getCurrentPosition
01-19 17:55:02.978  1767  1767 D ETC-PINEONE-CURATION: [NewVodMediaPlayer$PlayTimerHandler] handleMessage()[971] >> [CTV] VOD Current Position : 108210
01-19 17:55:02.978  1767  1767 D ETC-PINEONE-CURATION: [PlayInfoManager] getVodTotalPlayTime()[1298] >> [CTV][DATA] get Total Play Time : 106
01-19 17:55:02.978  1767  1767 D ETC-PINEONE-CURATION: [MainActivity] onPlayTimeActionPreviewPlay()[4831] >> [CTV][AD] PlayTime : 108, Preview : 180
01-19 17:55:03.138   877   912 I AMP_VPP_HDCP: start HDCP
01-19 17:55:03.138   877   912 I AMP_VPP_HDCP: Stop HDCP
01-19 17:55:03.138   877   912 I AMP_VPP_HDCP: End of StopHDCP
01-19 17:55:03.198   877   912 I AMP_VPP_HDCP: HDCP device not ready in HDMI mode
01-19 17:55:03.208   877   912 I AMP_VPP_HDCP: Stop HDCP
01-19 17:55:03.208   877   912 I AMP_VPP_HDCP: End of StopHDCP
01-19 17:55:03.208   902   979 E BerlinAVS_HotplugHandler: STAM, staticHDMIEventHandler:521, entered..
01-19 17:55:03.208   902   979 E BerlinAVS_HotplugHandler: STAM, HDMIEventHandler:486, entered..
01-19 17:55:03.208   902   979 D BerlinAVS_HotplugHandler: HDMI hotplug event 4
01-19 17:55:03.388   877   912 I AMP_VPP_HDCP: start HDCP
01-19 17:55:03.388   877   912 I AMP_VPP_HDCP: Stop HDCP
01-19 17:55:03.388   877   912 I AMP_VPP_HDCP: End of StopHDCP
01-19 17:55:03.458   877   912 I AMP_VPP_HDCP: HDCP device not ready in HDMI mode
01-19 17:55:03.458   877   912 I AMP_VPP_HDCP: Stop HDCP
01-19 17:55:03.458   877   912 I AMP_VPP_HDCP: End of StopHDCP
01-19 17:55:03.458   902   979 E BerlinAVS_HotplugHandler: STAM, staticHDMIEventHandler:521, entered..
01-19 17:55:03.458   902   979 E BerlinAVS_HotplugHandler: STAM, HDMIEventHandler:486, entered..
01-19 17:55:03.458   902   979 D BerlinAVS_HotplugHandler: HDMI hotplug event 4
01-19 17:55:03.648   877   912 I AMP_VPP_HDCP: start HDCP
01-19 17:55:03.648   877   912 I AMP_VPP_HDCP: Stop HDCP
01-19 17:55:03.648   877   912 I AMP_VPP_HDCP: End of StopHDCP
01-19 17:55:03.718   877   912 I AMP_VPP_HDCP: HDCP device not ready in HDMI mode
01-19 17:55:03.718   877   912 I AMP_VPP_HDCP: Stop HDCP
01-19 17:55:03.718   877   912 I AMP_VPP_HDCP: End of StopHDCP
01-19 17:55:03.718   902   979 E BerlinAVS_HotplugHandler: STAM, staticHDMIEventHandler:521, entered..
01-19 17:55:03.718   902   979 E BerlinAVS_HotplugHandler: STAM, HDMIEventHandler:486, entered..
01-19 17:55:03.718   902   979 D BerlinAVS_HotplugHandler: HDMI hotplug event 4
01-19 17:55:03.908   877   912 I AMP_VPP_HDCP: start HDCP
01-19 17:55:03.908   877   912 I AMP_VPP_HDCP: Stop HDCP
01-19 17:55:03.908   877   912 I AMP_VPP_HDCP: End of StopHDCP
01-19 17:55:03.968   877   912 I AMP_VPP_HDCP: HDCP device not ready in HDMI mode
01-19 17:55:03.968   877   912 I AMP_VPP_HDCP: Stop HDCP
01-19 17:55:03.968   877   912 I AMP_VPP_HDCP: End of StopHDCP
01-19 17:55:03.968   902   979 E BerlinAVS_HotplugHandler: STAM, staticHDMIEventHandler:521, entered..
01-19 17:55:03.968   902   979 E BerlinAVS_HotplugHandler: STAM, HDMIEventHandler:486, entered..
01-19 17:55:03.968   902   979 D BerlinAVS_HotplugHandler: HDMI hotplug event 4
01-19 17:55:03.988  1767  1767 V MediaPlayer: getCurrentPosition
01-19 17:55:03.988  1767  1767 D ETC-PINEONE-CURATION: [NewVodMediaPlayer$PlayTimerHandler] handleMessage()[971] >> [CTV] VOD Current Position : 109211
01-19 17:55:03.988  1767  1767 D ETC-PINEONE-CURATION: [PlayInfoManager] getVodTotalPlayTime()[1298] >> [CTV][DATA] get Total Play Time : 107
01-19 17:55:03.988  1767  1767 D ETC-PINEONE-CURATION: [MainActivity] onPlayTimeActionPreviewPlay()[4831] >> [CTV][AD] PlayTime : 109, Preview : 180
01-19 17:55:04.078   877  1037 W [33;1mAmp2@@[MODULE_ADEC:ADEC_CheckExecSleep():402]:[0m : ADEC Sleep, input[11 29 0x13863], pcm[0 16 0x10000 0x0], hdmi[D 16 0 0x0 0x0], spdif[D 16 0 0x0 0x0], EOS[0 0 0 0], DecErr 0x0, uiCurTime 399ffd, uiPreTime 399ffd, disc 0
01-19 17:55:04.158   877   912 I AMP_VPP_HDCP: start HDCP
01-19 17:55:04.158   877   912 I AMP_VPP_HDCP: Stop HDCP
01-19 17:55:04.158   877   912 I AMP_VPP_HDCP: End of StopHDCP
01-19 17:55:04.218   940   940 D LIVE-LGE-XCHECKER: startCrossCheck:139, stream err: 0, pcr err: 0, max_check_count: 40
01-19 17:55:04.228   877   912 I AMP_VPP_HDCP: HDCP device not ready in HDMI mode
01-19 17:55:04.228   877   912 I AMP_VPP_HDCP: Stop HDCP
01-19 17:55:04.228   877   912 I AMP_VPP_HDCP: End of StopHDCP
01-19 17:55:04.228   902   979 E BerlinAVS_HotplugHandler: STAM, staticHDMIEventHandler:521, entered..
01-19 17:55:04.228   902   979 E BerlinAVS_HotplugHandler: STAM, HDMIEventHandler:486, entered..
01-19 17:55:04.228   902   979 D BerlinAVS_HotplugHandler: HDMI hotplug event 4
01-19 17:55:04.418   877   912 I AMP_VPP_HDCP: start HDCP
01-19 17:55:04.418   877   912 I AMP_VPP_HDCP: Stop HDCP
01-19 17:55:04.418   877   912 I AMP_VPP_HDCP: End of StopHDCP
01-19 17:55:04.478   877   912 I AMP_VPP_HDCP: HDCP device not ready in HDMI mode
01-19 17:55:04.478   877   912 I AMP_VPP_HDCP: Stop HDCP
01-19 17:55:04.478   877   912 I AMP_VPP_HDCP: End of StopHDCP
01-19 17:55:04.478   902   979 E BerlinAVS_HotplugHandler: STAM, staticHDMIEventHandler:521, entered..
01-19 17:55:04.478   902   979 E BerlinAVS_HotplugHandler: STAM, HDMIEventHandler:486, entered..
01-19 17:55:04.478   902   979 D BerlinAVS_HotplugHandler: HDMI hotplug event 4
01-19 17:55:04.648   903  1024 D VOD-LGE-LIBVODPLAYER: [internalFeedThread read bps = 1579200 
01-19 17:55:04.668   877   912 I AMP_VPP_HDCP: start HDCP
01-19 17:55:04.668   877   912 I AMP_VPP_HDCP: Stop HDCP
01-19 17:55:04.668   877   912 I AMP_VPP_HDCP: End of StopHDCP
01-19 17:55:04.738   877   912 I AMP_VPP_HDCP: HDCP device not ready in HDMI mode
01-19 17:55:04.738   877   912 I AMP_VPP_HDCP: Stop HDCP
01-19 17:55:04.738   877   912 I AMP_VPP_HDCP: End of StopHDCP
01-19 17:55:04.738   902   979 E BerlinAVS_HotplugHandler: STAM, staticHDMIEventHandler:521, entered..
01-19 17:55:04.738   902   979 E BerlinAVS_HotplugHandler: STAM, HDMIEventHandler:486, entered..
01-19 17:55:04.738   902   979 D BerlinAVS_HotplugHandler: HDMI hotplug event 4
01-19 17:55:04.928   877   912 I AMP_VPP_HDCP: start HDCP
01-19 17:55:04.928   877   912 I AMP_VPP_HDCP: Stop HDCP
01-19 17:55:04.928   877   912 I AMP_VPP_HDCP: End of StopHDCP
01-19 17:55:04.988  1767  1767 V MediaPlayer: getCurrentPosition
01-19 17:55:04.988  1767  1767 D ETC-PINEONE-CURATION: [NewVodMediaPlayer$PlayTimerHandler] handleMessage()[971] >> [CTV] VOD Current Position : 110212
01-19 17:55:04.988  1767  1767 D ETC-PINEONE-CURATION: [PlayInfoManager] getVodTotalPlayTime()[1298] >> [CTV][DATA] get Total Play Time : 108
01-19 17:55:04.988   877   912 I AMP_VPP_HDCP: HDCP device not ready in HDMI mode
01-19 17:55:04.988  1767  1767 D ETC-PINEONE-CURATION: [MainActivity] onPlayTimeActionPreviewPlay()[4831] >> [CTV][AD] PlayTime : 110, Preview : 180
01-19 17:55:04.988   877   912 I AMP_VPP_HDCP: Stop HDCP
01-19 17:55:04.988   877   912 I AMP_VPP_HDCP: End of StopHDCP
01-19 17:55:04.988   902   979 E BerlinAVS_HotplugHandler: STAM, staticHDMIEventHandler:521, entered..
01-19 17:55:04.988   902   979 E BerlinAVS_HotplugHandler: STAM, HDMIEventHandler:486, entered..
01-19 17:55:04.988   902   979 D BerlinAVS_HotplugHandler: HDMI hotplug event 4
01-19 17:55:05.188   877   912 I AMP_VPP_HDCP: start HDCP
01-19 17:55:05.188   877   912 I AMP_VPP_HDCP: Stop HDCP
01-19 17:55:05.188   877   912 I AMP_VPP_HDCP: End of StopHDCP
01-19 17:55:05.248   877   912 I AMP_VPP_HDCP: HDCP device not ready in HDMI mode
01-19 17:55:05.248   877   912 I AMP_VPP_HDCP: Stop HDCP
01-19 17:55:05.248   877   912 I AMP_VPP_HDCP: End of StopHDCP
01-19 17:55:05.248   902   979 E BerlinAVS_HotplugHandler: STAM, staticHDMIEventHandler:521, entered..
01-19 17:55:05.248   902   979 E BerlinAVS_HotplugHandler: STAM, HDMIEventHandler:486, entered..
01-19 17:55:05.248   902   979 D BerlinAVS_HotplugHandler: HDMI hotplug event 4
01-19 17:55:05.268  2052  2061 D dalvikvm: GC_CONCURRENT freed 386K, 21% free 2428K/3040K, paused 2ms+2ms, total 115ms
01-19 17:55:05.438   877   912 I AMP_VPP_HDCP: start HDCP
01-19 17:55:05.438   877   912 I AMP_VPP_HDCP: Stop HDCP
01-19 17:55:05.438   877   912 I AMP_VPP_HDCP: End of StopHDCP
01-19 17:55:05.508   877   912 I AMP_VPP_HDCP: HDCP device not ready in HDMI mode
01-19 17:55:05.508   877   912 I AMP_VPP_HDCP: Stop HDCP
01-19 17:55:05.508   877   912 I AMP_VPP_HDCP: End of StopHDCP
01-19 17:55:05.508   902   979 E BerlinAVS_HotplugHandler: STAM, staticHDMIEventHandler:521, entered..
01-19 17:55:05.508   902   979 E BerlinAVS_HotplugHandler: STAM, HDMIEventHandler:486, entered..
01-19 17:55:05.508   902   979 D BerlinAVS_HotplugHandler: HDMI hotplug event 4
01-19 17:55:05.698   877   912 I AMP_VPP_HDCP: start HDCP
01-19 17:55:05.698   877   912 I AMP_VPP_HDCP: Stop HDCP
01-19 17:55:05.698   877   912 I AMP_VPP_HDCP: End of StopHDCP
01-19 17:55:05.758   877   912 I AMP_VPP_HDCP: HDCP device not ready in HDMI mode
01-19 17:55:05.758   877   912 I AMP_VPP_HDCP: Stop HDCP
01-19 17:55:05.758   877   912 I AMP_VPP_HDCP: End of StopHDCP
01-19 17:55:05.758   902   979 E BerlinAVS_HotplugHandler: STAM, staticHDMIEventHandler:521, entered..
01-19 17:55:05.758   902   979 E BerlinAVS_HotplugHandler: STAM, HDMIEventHandler:486, entered..
01-19 17:55:05.758   902   979 D BerlinAVS_HotplugHandler: HDMI hotplug event 4
01-19 17:55:05.948   877   912 I AMP_VPP_HDCP: start HDCP
01-19 17:55:05.948   877   912 I AMP_VPP_HDCP: Stop HDCP
01-19 17:55:05.948   877   912 I AMP_VPP_HDCP: End of StopHDCP
01-19 17:55:05.998  1767  1767 V MediaPlayer: getCurrentPosition
01-19 17:55:06.018  1767  1767 D ETC-PINEONE-CURATION: [NewVodMediaPlayer$PlayTimerHandler] handleMessage()[971] >> [CTV] VOD Current Position : 111247
01-19 17:55:06.018  1767  1767 D ETC-PINEONE-CURATION: [PlayInfoManager] getVodTotalPlayTime()[1298] >> [CTV][DATA] get Total Play Time : 109
01-19 17:55:06.018  1767  1767 D ETC-PINEONE-CURATION: [MainActivity] onPlayTimeActionPreviewPlay()[4831] >> [CTV][AD] PlayTime : 111, Preview : 180
01-19 17:55:06.018   877   912 I AMP_VPP_HDCP: HDCP device not ready in HDMI mode
01-19 17:55:06.018   877   912 I AMP_VPP_HDCP: Stop HDCP
01-19 17:55:06.018   877   912 I AMP_VPP_HDCP: End of StopHDCP
01-19 17:55:06.018   902   979 E BerlinAVS_HotplugHandler: STAM, staticHDMIEventHandler:521, entered..
01-19 17:55:06.018   902   979 E BerlinAVS_HotplugHandler: STAM, HDMIEventHandler:486, entered..
01-19 17:55:06.018   902   979 D BerlinAVS_HotplugHandler: HDMI hotplug event 4
01-19 17:55:06.208   877   912 I AMP_VPP_HDCP: start HDCP
01-19 17:55:06.208   877   912 I AMP_VPP_HDCP: Stop HDCP
01-19 17:55:06.208   877   912 I AMP_VPP_HDCP: End of StopHDCP
01-19 17:55:06.278   877   912 I AMP_VPP_HDCP: HDCP device not ready in HDMI mode
01-19 17:55:06.278   877   912 I AMP_VPP_HDCP: Stop HDCP
01-19 17:55:06.278   877   912 I AMP_VPP_HDCP: End of StopHDCP
01-19 17:55:06.278   902   979 E BerlinAVS_HotplugHandler: STAM, staticHDMIEventHandler:521, entered..
01-19 17:55:06.278   902   979 E BerlinAVS_HotplugHandler: STAM, HDMIEventHandler:486, entered..
01-19 17:55:06.278   902   979 D BerlinAVS_HotplugHandler: HDMI hotplug event 4
01-19 17:55:06.468   877   912 I AMP_VPP_HDCP: start HDCP
01-19 17:55:06.468   877   912 I AMP_VPP_HDCP: Stop HDCP
01-19 17:55:06.468   877   912 I AMP_VPP_HDCP: End of StopHDCP
01-19 17:55:06.528   877   912 I AMP_VPP_HDCP: HDCP device not ready in HDMI mode
01-19 17:55:06.528   877   912 I AMP_VPP_HDCP: Stop HDCP
01-19 17:55:06.528   877   912 I AMP_VPP_HDCP: End of StopHDCP
01-19 17:55:06.528   902   979 E BerlinAVS_HotplugHandler: STAM, staticHDMIEventHandler:521, entered..
01-19 17:55:06.528   902   979 E BerlinAVS_HotplugHandler: STAM, HDMIEventHandler:486, entered..
01-19 17:55:06.528   902   979 D BerlinAVS_HotplugHandler: HDMI hotplug event 4
01-19 17:55:06.658   352  3595 I AnypointAD - t.a.a.c.m.ServerMessageProcessorFactory: [101] received message from server: CueMessage
01-19 17:55:06.668   352   352 I AnypointAD - t.a.a.c.s.MonitorScheduler: [56] start monitoring..
01-19 17:55:06.678   352  3595 I AnypointAD - t.a.a.c.m.s.p.c.CueMessageProcessor: [42] got cueMessage. type: 0, cueId: 0, time: Fri Jan 19 17:55:14 GMT+09:00 2018, ppId: 244, time: 1516352114224, duration: 120000, owner: 1
01-19 17:55:06.678   352  3804 I AnypointAD - t.a.a.c.s.PushMsgClient: [179] connection: TCPNIOConnection{localSocketAddress={/192.168.219.109:54218}, peerSocketAddress={/52.78.112.142:31102}}, isConnected: true, lastReceivedTime: 1516352106662
01-19 17:55:06.688   903  1024 D VOD-LGE-LIBVODPLAYER: [internalFeedThread read bps = 1579200 
01-19 17:55:06.698   352   352 I AnypointAD - t.a.a.c.s.MonitorScheduler: [84] register boot ad call alarm.
01-19 17:55:06.708   352  3804 I AnypointAD - t.a.a.c.s.PushMsgClient: [154] Sending device event: Heartbeat
01-19 17:55:06.718   877   912 I AMP_VPP_HDCP: start HDCP
01-19 17:55:06.718   877   912 I AMP_VPP_HDCP: Stop HDCP
01-19 17:55:06.718   877   912 I AMP_VPP_HDCP: End of StopHDCP
01-19 17:55:06.738   352   356 D dalvikvm: GC_CONCURRENT freed 503K, 18% free 3438K/4180K, paused 3ms+4ms, total 75ms
01-19 17:55:06.738   352   352 D dalvikvm: WAIT_FOR_CONCURRENT_GC blocked 25ms
01-19 17:55:06.738   352  3595 D dalvikvm: WAIT_FOR_CONCURRENT_GC blocked 25ms
01-19 17:55:06.738   352  3595 I AnypointAD - t.a.a.c.s.CueManager: [174] currentDeviceChannel is not exist.
01-19 17:55:06.758   352  3595 I AnypointAD - t.a.a.c.s.CueManager: [68] receive cue but this device is not available.
01-19 17:55:06.758   352   352 I AnypointAD - t.a.a.c.s.MonitorScheduler: [89] monitoring finished..
01-19 17:55:06.778  1747  1766 E NotificationService: Ignoring notification with icon==0: Notification(pri=0 contentView=null vibrate=null sound=null defaults=0x0 flags=0x62 kind=[null])
01-19 17:55:06.798   352   352 I AnypointAD - t.a.a.c.a.StartService: [15] StartService start...50, class tv.anypoint.android.core.app.StartService
01-19 17:55:06.798   877   912 I AMP_VPP_HDCP: HDCP device not ready in HDMI mode
01-19 17:55:06.798   877   912 I AMP_VPP_HDCP: Stop HDCP
01-19 17:55:06.798   877   912 I AMP_VPP_HDCP: End of StopHDCP
01-19 17:55:06.798   902   979 E BerlinAVS_HotplugHandler: STAM, staticHDMIEventHandler:521, entered..
01-19 17:55:06.798   902   979 E BerlinAVS_HotplugHandler: STAM, HDMIEventHandler:486, entered..
01-19 17:55:06.798   902   979 D BerlinAVS_HotplugHandler: HDMI hotplug event 4
01-19 17:55:06.868   903  1024 I VOD-LGE-LIBVODPLAYER: speed freeSize: 1073856
01-19 17:55:06.868   903  1024 I VOD-LGE-LIBVODPLAYER: speed-up automatically
01-19 17:55:06.868   903  1024 D VOD-LGE-LIBVODPLAYER-CICLNT: try to play(speed = 120)
01-19 17:55:06.868   903  1024 D VOD-LGE-LIBVODPLAYER-CICLNT: internalCheckSpeed..ok, valid speed
01-19 17:55:06.868   903  1024 D VOD-LGE-LIBVODPLAYER-CICLNT: play... audio trick play
01-19 17:55:06.878   903  1024 D VOD-LGE-LIBVODPLAYER-CICLNT: play...ok, speed = 120
01-19 17:55:06.978   877   912 I AMP_VPP_HDCP: start HDCP
01-19 17:55:06.978   877   912 I AMP_VPP_HDCP: Stop HDCP
01-19 17:55:06.978   877   912 I AMP_VPP_HDCP: End of StopHDCP
01-19 17:55:07.018  1767  1767 V MediaPlayer: getCurrentPosition
01-19 17:55:07.018  1767  1767 D ETC-PINEONE-CURATION: [NewVodMediaPlayer$PlayTimerHandler] handleMessage()[971] >> [CTV] VOD Current Position : 112248
01-19 17:55:07.018  1767  1767 D ETC-PINEONE-CURATION: [PlayInfoManager] getVodTotalPlayTime()[1298] >> [CTV][DATA] get Total Play Time : 110
01-19 17:55:07.038  1767  1767 D ETC-PINEONE-CURATION: [MainActivity] onPlayTimeActionPreviewPlay()[4831] >> [CTV][AD] PlayTime : 112, Preview : 180
01-19 17:55:07.048   877   912 I AMP_VPP_HDCP: HDCP device not ready in HDMI mode
01-19 17:55:07.048   877   912 I AMP_VPP_HDCP: Stop HDCP
01-19 17:55:07.048   877   912 I AMP_VPP_HDCP: End of StopHDCP
01-19 17:55:07.048   902   979 E BerlinAVS_HotplugHandler: STAM, staticHDMIEventHandler:521, entered..
01-19 17:55:07.048   902   979 E BerlinAVS_HotplugHandler: STAM, HDMIEventHandler:486, entered..
01-19 17:55:07.048   902   979 D BerlinAVS_HotplugHandler: HDMI hotplug event 4
01-19 17:55:07.228   877   912 I AMP_VPP_HDCP: start HDCP
01-19 17:55:07.228   877   912 I AMP_VPP_HDCP: Stop HDCP
01-19 17:55:07.228   877   912 I AMP_VPP_HDCP: End of StopHDCP
01-19 17:55:07.298   877   912 I AMP_VPP_HDCP: HDCP device not ready in HDMI mode
01-19 17:55:07.298   877   912 I AMP_VPP_HDCP: Stop HDCP
01-19 17:55:07.298   877   912 I AMP_VPP_HDCP: End of StopHDCP
01-19 17:55:07.298   902   979 E BerlinAVS_HotplugHandler: STAM, staticHDMIEventHandler:521, entered..
01-19 17:55:07.298   902   979 E BerlinAVS_HotplugHandler: STAM, HDMIEventHandler:486, entered..
01-19 17:55:07.298   902   979 D BerlinAVS_HotplugHandler: HDMI hotplug event 4
01-19 17:55:07.488   877   912 I AMP_VPP_HDCP: start HDCP
01-19 17:55:07.488   877   912 I AMP_VPP_HDCP: Stop HDCP
01-19 17:55:07.488   877   912 I AMP_VPP_HDCP: End of StopHDCP
01-19 17:55:07.568   877   912 I AMP_VPP_HDCP: HDCP device not ready in HDMI mode
01-19 17:55:07.568   877   912 I AMP_VPP_HDCP: Stop HDCP
01-19 17:55:07.568   877   912 I AMP_VPP_HDCP: End of StopHDCP
01-19 17:55:07.568   902   979 E BerlinAVS_HotplugHandler: STAM, staticHDMIEventHandler:521, entered..
01-19 17:55:07.568   902   979 E BerlinAVS_HotplugHandler: STAM, HDMIEventHandler:486, entered..
01-19 17:55:07.568   902   979 D BerlinAVS_HotplugHandler: HDMI hotplug event 4
01-19 17:55:07.718   352   782 E AnypointAD - t.a.a.c.u.TimeUtils: [70] failed to connect ntp server...52.78.125.122, msg: {}java.net.SocketTimeoutException: null
01-19 17:55:07.718   352   782 E AnypointAD - t.a.a.c.u.TimeUtils: 	at libcore.io.IoBridge.maybeThrowAfterRecvfrom(IoBridge.java:558) ~[na:0.0]
01-19 17:55:07.718   352   782 E AnypointAD - t.a.a.c.u.TimeUtils: 	at libcore.io.IoBridge.recvfrom(IoBridge.java:516) ~[na:0.0]
01-19 17:55:07.718   352   782 E AnypointAD - t.a.a.c.u.TimeUtils: 	at java.net.PlainDatagramSocketImpl.doRecv(PlainDatagramSocketImpl.java:161) ~[na:0.0]
01-19 17:55:07.718   352   782 E AnypointAD - t.a.a.c.u.TimeUtils: 	at java.net.PlainDatagramSocketImpl.receive(PlainDatagramSocketImpl.java:169) ~[na:0.0]
01-19 17:55:07.718   352   782 E AnypointAD - t.a.a.c.u.TimeUtils: 	at java.net.DatagramSocket.receive(DatagramSocket.java:253) ~[na:0.0]
01-19 17:55:07.718   352   782 E AnypointAD - t.a.a.c.u.TimeUtils: 	at org.apache.commons.net.ntp.NTPUDPClient.getTime(NTPUDPClient.java:91) ~[na:0.0]
01-19 17:55:07.718   352   782 E AnypointAD - t.a.a.c.u.TimeUtils: 	at org.apache.commons.net.ntp.NTPUDPClient.getTime(NTPUDPClient.java:113) ~[na:0.0]
01-19 17:55:07.718   352   782 E AnypointAD - t.a.a.c.u.TimeUtils: 	at tv.anypoint.android.core.util.TimeUtils.resetCurrentTime(TimeUtils.java:58) ~[na:0.0]
01-19 17:55:07.718   352   782 E AnypointAD - t.a.a.c.u.TimeUtils: 	at tv.anypoint.android.core.service.MonitorScheduler$1.doInBackground(MonitorScheduler.java:72) ~[na:0.0]
01-19 17:55:07.718   352   782 E AnypointAD - t.a.a.c.u.TimeUtils: 	at tv.anypoint.android.core.service.MonitorScheduler$1.doInBackground(MonitorScheduler.java:69) ~[na:0.0]
01-19 17:55:07.718   352   782 E AnypointAD - t.a.a.c.u.TimeUtils: 	at android.os.AsyncTask$2.call(AsyncTask.java:287) ~[na:0.0]
01-19 17:55:07.718   352   782 E AnypointAD - t.a.a.c.u.TimeUtils: 	at java.util.concurrent.FutureTask.run(FutureTask.java:234) ~[na:0.0]
01-19 17:55:07.718   352   782 E AnypointAD - t.a.a.c.u.TimeUtils: 	at android.os.AsyncTask$SerialExecutor$1.run(AsyncTask.java:230) ~[na:0.0]
01-19 17:55:07.718   352   782 E AnypointAD - t.a.a.c.u.TimeUtils: 	at java.util.concurrent.ThreadPoolExecutor.runWorker(ThreadPoolExecutor.java:1080) ~[na:0.0]
01-19 17:55:07.718   352   782 E AnypointAD - t.a.a.c.u.TimeUtils: 	at java.util.concurrent.ThreadPoolExecutor$Worker.run(ThreadPoolExecutor.java:573) ~[na:0.0]
01-19 17:55:07.718   352   782 E AnypointAD - t.a.a.c.u.TimeUtils: 	at java.lang.Thread.run(Thread.java:856) ~[na:0.0]
01-19 17:55:07.718   352   782 E AnypointAD - t.a.a.c.u.TimeUtils: Caused by: libcore.io.ErrnoException: recvfrom failed: EAGAIN (Try again)
01-19 17:55:07.718   352   782 E AnypointAD - t.a.a.c.u.TimeUtils: 	at libcore.io.Posix.recvfromBytes(Native Method) ~[na:0.0]
01-19 17:55:07.718   352   782 E AnypointAD - t.a.a.c.u.TimeUtils: 	at libcore.io.Posix.recvfrom(Posix.java:136) ~[na:0.0]
01-19 17:55:07.718   352   782 E AnypointAD - t.a.a.c.u.TimeUtils: 	at libcore.io.BlockGuardOs.recvfrom(BlockGuardOs.java:164) ~[na:0.0]
01-19 17:55:07.718   352   782 E AnypointAD - t.a.a.c.u.TimeUtils: 	at libcore.io.IoBridge.recvfrom(IoBridge.java:513) ~[na:0.0]
01-19 17:55:07.718   352   782 E AnypointAD - t.a.a.c.u.TimeUtils: 	... 14 common frames omitted
01-19 17:55:07.748   877   912 I AMP_VPP_HDCP: start HDCP
01-19 17:55:07.748   877   912 I AMP_VPP_HDCP: Stop HDCP
01-19 17:55:07.748   877   912 I AMP_VPP_HDCP: End of StopHDCP
01-19 17:55:07.808   877   912 I AMP_VPP_HDCP: HDCP device not ready in HDMI mode
01-19 17:55:07.808   877   912 I AMP_VPP_HDCP: Stop HDCP
01-19 17:55:07.808   877   912 I AMP_VPP_HDCP: End of StopHDCP
01-19 17:55:07.808   902   979 E BerlinAVS_HotplugHandler: STAM, staticHDMIEventHandler:521, entered..
01-19 17:55:07.808   902   979 E BerlinAVS_HotplugHandler: STAM, HDMIEventHandler:486, entered..
01-19 17:55:07.808   902   979 D BerlinAVS_HotplugHandler: HDMI hotplug event 4
01-19 17:55:07.998   877   912 I AMP_VPP_HDCP: start HDCP
01-19 17:55:07.998   877   912 I AMP_VPP_HDCP: Stop HDCP
01-19 17:55:07.998   877   912 I AMP_VPP_HDCP: End of StopHDCP
01-19 17:55:08.038  1767  1767 V MediaPlayer: getCurrentPosition
01-19 17:55:08.068   877   912 I AMP_VPP_HDCP: HDCP device not ready in HDMI mode
01-19 17:55:08.068   877   912 I AMP_VPP_HDCP: Stop HDCP
01-19 17:55:08.068   877   912 I AMP_VPP_HDCP: End of StopHDCP
01-19 17:55:08.068   902   979 E BerlinAVS_HotplugHandler: STAM, staticHDMIEventHandler:521, entered..
01-19 17:55:08.068   902   979 E BerlinAVS_HotplugHandler: STAM, HDMIEventHandler:486, entered..
01-19 17:55:08.068   902   979 D BerlinAVS_HotplugHandler: HDMI hotplug event 4
01-19 17:55:08.078  1767  1767 D ETC-PINEONE-CURATION: [NewVodMediaPlayer$PlayTimerHandler] handleMessage()[971] >> [CTV] VOD Current Position : 113282
01-19 17:55:08.078  1767  1767 D ETC-PINEONE-CURATION: [PlayInfoManager] getVodTotalPlayTime()[1298] >> [CTV][DATA] get Total Play Time : 111
01-19 17:55:08.078  1767  1767 D ETC-PINEONE-CURATION: [MainActivity] onPlayTimeActionPreviewPlay()[4831] >> [CTV][AD] PlayTime : 113, Preview : 180
01-19 17:55:08.258   877   912 I AMP_VPP_HDCP: start HDCP
01-19 17:55:08.258   877   912 I AMP_VPP_HDCP: Stop HDCP
01-19 17:55:08.258   877   912 I AMP_VPP_HDCP: End of StopHDCP
01-19 17:55:08.328   877   912 I AMP_VPP_HDCP: HDCP device not ready in HDMI mode
01-19 17:55:08.328   877   912 I AMP_VPP_HDCP: Stop HDCP
01-19 17:55:08.328   877   912 I AMP_VPP_HDCP: End of StopHDCP
01-19 17:55:08.328   902   979 E BerlinAVS_HotplugHandler: STAM, staticHDMIEventHandler:521, entered..
01-19 17:55:08.328   902   979 E BerlinAVS_HotplugHandler: STAM, HDMIEventHandler:486, entered..
01-19 17:55:08.328   902   979 D BerlinAVS_HotplugHandler: HDMI hotplug event 4
01-19 17:55:08.458   352  3596 I AnypointAD - t.a.a.c.m.ServerMessageProcessorFactory: [101] received message from server: HeartbeatMessage
01-19 17:55:08.508   877   912 I AMP_VPP_HDCP: start HDCP
01-19 17:55:08.508   877   912 I AMP_VPP_HDCP: Stop HDCP
01-19 17:55:08.508   877   912 I AMP_VPP_HDCP: End of StopHDCP
01-19 17:55:08.578   903  1024 D VOD-LGE-LIBVODPLAYER: [internalFeedThread read bps = 2105600 
01-19 17:55:08.588   877   912 I AMP_VPP_HDCP: HDCP device not ready in HDMI mode
01-19 17:55:08.588   877   912 I AMP_VPP_HDCP: Stop HDCP
01-19 17:55:08.588   877   912 I AMP_VPP_HDCP: End of StopHDCP
01-19 17:55:08.588   902   979 E BerlinAVS_HotplugHandler: STAM, staticHDMIEventHandler:521, entered..
01-19 17:55:08.588   902   979 E BerlinAVS_HotplugHandler: STAM, HDMIEventHandler:486, entered..
01-19 17:55:08.588   902   979 D BerlinAVS_HotplugHandler: HDMI hotplug event 4
01-19 17:55:08.728   352   782 E AnypointAD - t.a.a.c.u.TimeUtils: [70] failed to connect ntp server...13.124.41.119, msg: {}java.net.SocketTimeoutException: null
01-19 17:55:08.728   352   782 E AnypointAD - t.a.a.c.u.TimeUtils: 	at libcore.io.IoBridge.maybeThrowAfterRecvfrom(IoBridge.java:558) ~[na:0.0]
01-19 17:55:08.728   352   782 E AnypointAD - t.a.a.c.u.TimeUtils: 	at libcore.io.IoBridge.recvfrom(IoBridge.java:516) ~[na:0.0]
01-19 17:55:08.728   352   782 E AnypointAD - t.a.a.c.u.TimeUtils: 	at java.net.PlainDatagramSocketImpl.doRecv(PlainDatagramSocketImpl.java:161) ~[na:0.0]
01-19 17:55:08.728   352   782 E AnypointAD - t.a.a.c.u.TimeUtils: 	at java.net.PlainDatagramSocketImpl.receive(PlainDatagramSocketImpl.java:169) ~[na:0.0]
01-19 17:55:08.728   352   782 E AnypointAD - t.a.a.c.u.TimeUtils: 	at java.net.DatagramSocket.receive(DatagramSocket.java:253) ~[na:0.0]
01-19 17:55:08.728   352   782 E AnypointAD - t.a.a.c.u.TimeUtils: 	at org.apache.commons.net.ntp.NTPUDPClient.getTime(NTPUDPClient.java:91) ~[na:0.0]
01-19 17:55:08.728   352   782 E AnypointAD - t.a.a.c.u.TimeUtils: 	at org.apache.commons.net.ntp.NTPUDPClient.getTime(NTPUDPClient.java:113) ~[na:0.0]
01-19 17:55:08.728   352   782 E AnypointAD - t.a.a.c.u.TimeUtils: 	at tv.anypoint.android.core.util.TimeUtils.resetCurrentTime(TimeUtils.java:58) ~[na:0.0]
01-19 17:55:08.728   352   782 E AnypointAD - t.a.a.c.u.TimeUtils: 	at tv.anypoint.android.core.service.MonitorScheduler$1.doInBackground(MonitorScheduler.java:72) ~[na:0.0]
01-19 17:55:08.728   352   782 E AnypointAD - t.a.a.c.u.TimeUtils: 	at tv.anypoint.android.core.service.MonitorScheduler$1.doInBackground(MonitorScheduler.java:69) ~[na:0.0]
01-19 17:55:08.728   352   782 E AnypointAD - t.a.a.c.u.TimeUtils: 	at android.os.AsyncTask$2.call(AsyncTask.java:287) ~[na:0.0]
01-19 17:55:08.728   352   782 E AnypointAD - t.a.a.c.u.TimeUtils: 	at java.util.concurrent.FutureTask.run(FutureTask.java:234) ~[na:0.0]
01-19 17:55:08.728   352   782 E AnypointAD - t.a.a.c.u.TimeUtils: 	at android.os.AsyncTask$SerialExecutor$1.run(AsyncTask.java:230) ~[na:0.0]
01-19 17:55:08.728   352   782 E AnypointAD - t.a.a.c.u.TimeUtils: 	at java.util.concurrent.ThreadPoolExecutor.runWorker(ThreadPoolExecutor.java:1080) ~[na:0.0]
01-19 17:55:08.728   352   782 E AnypointAD - t.a.a.c.u.TimeUtils: 	at java.util.concurrent.ThreadPoolExecutor$Worker.run(ThreadPoolExecutor.java:573) ~[na:0.0]
01-19 17:55:08.728   352   782 E AnypointAD - t.a.a.c.u.TimeUtils: 	at java.lang.Thread.run(Thread.java:856) ~[na:0.0]
01-19 17:55:08.728   352   782 E AnypointAD - t.a.a.c.u.TimeUtils: Caused by: libcore.io.ErrnoException: recvfrom failed: EAGAIN (Try again)
01-19 17:55:08.728   352   782 E AnypointAD - t.a.a.c.u.TimeUtils: 	at libcore.io.Posix.recvfromBytes(Native Method) ~[na:0.0]
01-19 17:55:08.728   352   782 E AnypointAD - t.a.a.c.u.TimeUtils: 	at libcore.io.Posix.recvfrom(Posix.java:136) ~[na:0.0]
01-19 17:55:08.728   352   782 E AnypointAD - t.a.a.c.u.TimeUtils: 	at libcore.io.BlockGuardOs.recvfrom(BlockGuardOs.java:164) ~[na:0.0]
01-19 17:55:08.728   352   782 E AnypointAD - t.a.a.c.u.TimeUtils: 	at libcore.io.IoBridge.recvfrom(IoBridge.java:513) ~[na:0.0]
01-19 17:55:08.728   352   782 E AnypointAD - t.a.a.c.u.TimeUtils: 	... 14 common frames omitted
01-19 17:55:08.768   877   912 I AMP_VPP_HDCP: start HDCP
01-19 17:55:08.768   877   912 I AMP_VPP_HDCP: Stop HDCP
01-19 17:55:08.768   877   912 I AMP_VPP_HDCP: End of StopHDCP
01-19 17:55:08.838   877   912 I AMP_VPP_HDCP: HDCP device not ready in HDMI mode
01-19 17:55:08.838   877   912 I AMP_VPP_HDCP: Stop HDCP
01-19 17:55:08.838   877   912 I AMP_VPP_HDCP: End of StopHDCP
01-19 17:55:08.838   902   979 E BerlinAVS_HotplugHandler: STAM, staticHDMIEventHandler:521, entered..
01-19 17:55:08.838   902   979 E BerlinAVS_HotplugHandler: STAM, HDMIEventHandler:486, entered..
01-19 17:55:08.838   902   979 D BerlinAVS_HotplugHandler: HDMI hotplug event 4
01-19 17:55:09.018   877   912 I AMP_VPP_HDCP: start HDCP
01-19 17:55:09.018   877   912 I AMP_VPP_HDCP: Stop HDCP
01-19 17:55:09.018   877   912 I AMP_VPP_HDCP: End of StopHDCP
01-19 17:55:09.088  1767  1767 V MediaPlayer: getCurrentPosition
01-19 17:55:09.088  1767  1767 D ETC-PINEONE-CURATION: [NewVodMediaPlayer$PlayTimerHandler] handleMessage()[971] >> [CTV] VOD Current Position : 114317
01-19 17:55:09.088  1767  1767 D ETC-PINEONE-CURATION: [PlayInfoManager] getVodTotalPlayTime()[1298] >> [CTV][DATA] get Total Play Time : 112
01-19 17:55:09.088  1767  1767 D ETC-PINEONE-CURATION: [MainActivity] onPlayTimeActionPreviewPlay()[4831] >> [CTV][AD] PlayTime : 114, Preview : 180
01-19 17:55:09.098   877   912 I AMP_VPP_HDCP: HDCP device not ready in HDMI mode
01-19 17:55:09.098   877   912 I AMP_VPP_HDCP: Stop HDCP
01-19 17:55:09.098   877   912 I AMP_VPP_HDCP: End of StopHDCP
01-19 17:55:09.098   902   979 E BerlinAVS_HotplugHandler: STAM, staticHDMIEventHandler:521, entered..
01-19 17:55:09.098   902   979 E BerlinAVS_HotplugHandler: STAM, HDMIEventHandler:486, entered..
01-19 17:55:09.098   902   979 D BerlinAVS_HotplugHandler: HDMI hotplug event 4
01-19 17:55:09.228   940   940 D LIVE-LGE-XCHECKER: startCrossCheck:139, stream err: 0, pcr err: 0, max_check_count: 40
01-19 17:55:09.278   877   912 I AMP_VPP_HDCP: start HDCP
01-19 17:55:09.278   877   912 I AMP_VPP_HDCP: Stop HDCP
01-19 17:55:09.278   877   912 I AMP_VPP_HDCP: End of StopHDCP
01-19 17:55:09.348   877   912 I AMP_VPP_HDCP: HDCP device not ready in HDMI mode
01-19 17:55:09.348   877   912 I AMP_VPP_HDCP: Stop HDCP
01-19 17:55:09.348   877   912 I AMP_VPP_HDCP: End of StopHDCP
01-19 17:55:09.348   902   979 E BerlinAVS_HotplugHandler: STAM, staticHDMIEventHandler:521, entered..
01-19 17:55:09.348   902   979 E BerlinAVS_HotplugHandler: STAM, HDMIEventHandler:486, entered..
01-19 17:55:09.348   902   979 D BerlinAVS_HotplugHandler: HDMI hotplug event 4
01-19 17:55:09.538   877   912 I AMP_VPP_HDCP: start HDCP
01-19 17:55:09.538   877   912 I AMP_VPP_HDCP: Stop HDCP
01-19 17:55:09.538   877   912 I AMP_VPP_HDCP: End of StopHDCP
01-19 17:55:09.608   877   912 I AMP_VPP_HDCP: HDCP device not ready in HDMI mode
01-19 17:55:09.608   877   912 I AMP_VPP_HDCP: Stop HDCP
01-19 17:55:09.608   877   912 I AMP_VPP_HDCP: End of StopHDCP
01-19 17:55:09.608   902   979 E BerlinAVS_HotplugHandler: STAM, staticHDMIEventHandler:521, entered..
01-19 17:55:09.608   902   979 E BerlinAVS_HotplugHandler: STAM, HDMIEventHandler:486, entered..
01-19 17:55:09.608   902   979 D BerlinAVS_HotplugHandler: HDMI hotplug event 4
01-19 17:55:09.758   352   782 E AnypointAD - t.a.a.c.u.TimeUtils: [70] failed to connect ntp server...13.124.45.78, msg: {}java.net.SocketTimeoutException: null
01-19 17:55:09.758   352   782 E AnypointAD - t.a.a.c.u.TimeUtils: 	at libcore.io.IoBridge.maybeThrowAfterRecvfrom(IoBridge.java:558) ~[na:0.0]
01-19 17:55:09.758   352   782 E AnypointAD - t.a.a.c.u.TimeUtils: 	at libcore.io.IoBridge.recvfrom(IoBridge.java:516) ~[na:0.0]
01-19 17:55:09.758   352   782 E AnypointAD - t.a.a.c.u.TimeUtils: 	at java.net.PlainDatagramSocketImpl.doRecv(PlainDatagramSocketImpl.java:161) ~[na:0.0]
01-19 17:55:09.758   352   782 E AnypointAD - t.a.a.c.u.TimeUtils: 	at java.net.PlainDatagramSocketImpl.receive(PlainDatagramSocketImpl.java:169) ~[na:0.0]
01-19 17:55:09.758   352   782 E AnypointAD - t.a.a.c.u.TimeUtils: 	at java.net.DatagramSocket.receive(DatagramSocket.java:253) ~[na:0.0]
01-19 17:55:09.758   352   782 E AnypointAD - t.a.a.c.u.TimeUtils: 	at org.apache.commons.net.ntp.NTPUDPClient.getTime(NTPUDPClient.java:91) ~[na:0.0]
01-19 17:55:09.758   352   782 E AnypointAD - t.a.a.c.u.TimeUtils: 	at org.apache.commons.net.ntp.NTPUDPClient.getTime(NTPUDPClient.java:113) ~[na:0.0]
01-19 17:55:09.758   352   782 E AnypointAD - t.a.a.c.u.TimeUtils: 	at tv.anypoint.android.core.util.TimeUtils.resetCurrentTime(TimeUtils.java:58) ~[na:0.0]
01-19 17:55:09.758   352   782 E AnypointAD - t.a.a.c.u.TimeUtils: 	at tv.anypoint.android.core.service.MonitorScheduler$1.doInBackground(MonitorScheduler.java:72) ~[na:0.0]
01-19 17:55:09.758   352   782 E AnypointAD - t.a.a.c.u.TimeUtils: 	at tv.anypoint.android.core.service.MonitorScheduler$1.doInBackground(MonitorScheduler.java:69) ~[na:0.0]
01-19 17:55:09.758   352   782 E AnypointAD - t.a.a.c.u.TimeUtils: 	at android.os.AsyncTask$2.call(AsyncTask.java:287) ~[na:0.0]
01-19 17:55:09.758   352   782 E AnypointAD - t.a.a.c.u.TimeUtils: 	at java.util.concurrent.FutureTask.run(FutureTask.java:234) ~[na:0.0]
01-19 17:55:09.758   352   782 E AnypointAD - t.a.a.c.u.TimeUtils: 	at android.os.AsyncTask$SerialExecutor$1.run(AsyncTask.java:230) ~[na:0.0]
01-19 17:55:09.758   352   782 E AnypointAD - t.a.a.c.u.TimeUtils: 	at java.util.concurrent.ThreadPoolExecutor.runWorker(ThreadPoolExecutor.java:1080) ~[na:0.0]
01-19 17:55:09.758   352   782 E AnypointAD - t.a.a.c.u.TimeUtils: 	at java.util.concurrent.ThreadPoolExecutor$Worker.run(ThreadPoolExecutor.java:573) ~[na:0.0]
01-19 17:55:09.758   352   782 E AnypointAD - t.a.a.c.u.TimeUtils: 	at java.lang.Thread.run(Thread.java:856) ~[na:0.0]
01-19 17:55:09.758   352   782 E AnypointAD - t.a.a.c.u.TimeUtils: Caused by: libcore.io.ErrnoException: recvfrom failed: EAGAIN (Try again)
01-19 17:55:09.758   352   782 E AnypointAD - t.a.a.c.u.TimeUtils: 	at libcore.io.Posix.recvfromBytes(Native Method) ~[na:0.0]
01-19 17:55:09.758   352   782 E AnypointAD - t.a.a.c.u.TimeUtils: 	at libcore.io.Posix.recvfrom(Posix.java:136) ~[na:0.0]
01-19 17:55:09.758   352   782 E AnypointAD - t.a.a.c.u.TimeUtils: 	at libcore.io.BlockGuardOs.recvfrom(BlockGuardOs.java:164) ~[na:0.0]
01-19 17:55:09.758   352   782 E AnypointAD - t.a.a.c.u.TimeUtils: 	at libcore.io.IoBridge.recvfrom(IoBridge.java:513) ~[na:0.0]
01-19 17:55:09.758   352   782 E AnypointAD - t.a.a.c.u.TimeUtils: 	... 14 common frames omitted
01-19 17:55:09.768   352   356 D dalvikvm: GC_CONCURRENT freed 398K, 18% free 3438K/4180K, paused 4ms+3ms, total 35ms
01-19 17:55:09.788   877   912 I AMP_VPP_HDCP: start HDCP
01-19 17:55:09.788   877   912 I AMP_VPP_HDCP: Stop HDCP
