01-03 10:22:33.266   143   143 E i2cdev  : ioctl error: -1
01-03 10:22:33.266   143   143 E i2cdev  : ioctl error: -1
01-03 10:22:33.266   143   143 E i2cdev  : ioctl error: -1
01-03 10:22:33.266   143   143 E i2cdev  : ioctl error: -1
01-03 10:22:33.267   143   143 E i2cdev  : ioctl error: -1
01-03 10:22:33.267   143   143 E i2cdev  : ioctl error: -1
01-03 10:22:33.267   143   143 E i2cdev  : ioctl error: -1
01-03 10:22:33.267   143   143 E i2cdev  : ioctl error: -1
01-03 10:22:33.267   143   143 E i2cdev  : ioctl error: -1
01-03 10:22:33.267   143   143 E i2cdev  : ioctl error: -1
01-03 10:22:33.267   143   143 E i2cdev  : ioctl error: -1
01-03 10:22:33.267   143   143 E i2cdev  : ioctl error: -1
01-03 10:22:33.267   143   143 E i2cdev  : ioctl error: -1
01-03 10:22:33.267   143   143 E i2cdev  : ioctl error: -1
01-03 10:22:33.267   143   143 E i2cdev  : ioctl error: -1
01-03 10:22:33.267   143   143 E i2cdev  : ioctl error: -1
01-03 10:22:33.267   143   143 E i2cdev  : ioctl error: -1
01-03 10:22:33.267   143   143 E i2cdev  : ioctl error: -1
01-03 10:22:33.267   143   143 E i2cdev  : ioctl error: -1
01-03 10:22:33.267   143   143 E i2cdev  : ioctl error: -1
01-03 10:22:33.267   143   143 E i2cdev  : ioctl error: -1
01-03 10:22:33.267   143   143 E i2cdev  : ioctl error: -1
01-03 10:22:33.268   143   143 E i2cdev  : ioctl error: -1
01-03 10:22:33.268   143   143 E i2cdev  : ioctl error: -1
01-03 10:22:33.268   143   143 E i2cdev  : ioctl error: -1
01-03 10:22:33.269   143   143 E i2cdev  : ioctl error: -1
01-03 10:22:33.269   143   143 E i2cdev  : ioctl error: -1
01-03 10:22:33.269   143   143 E i2cdev  : ioctl error: -1
01-03 10:22:33.269   143   143 E i2cdev  : ioctl error: -1
01-03 10:22:33.269   143   143 E i2cdev  : ioctl error: -1
01-03 10:22:33.269   143   143 E i2cdev  : ioctl error: -1
01-03 10:22:33.269   143   143 E i2cdev  : ioctl error: -1
01-03 10:22:33.269   143   143 E i2cdev  : ioctl error: -1
01-03 10:22:33.269   143   143 E i2cdev  : ioctl error: -1
01-03 10:22:33.269   143   143 E i2cdev  : ioctl error: -1
01-03 10:22:33.269   143   143 E i2cdev  : ioctl error: -1
01-03 10:22:33.269   143   143 E i2cdev  : ioctl error: -1
01-03 10:22:33.269   143   143 E i2cdev  : ioctl error: -1
01-03 10:22:33.269   143   143 E i2cdev  : ioctl error: -1
01-03 10:22:33.269   143   143 E i2cdev  : ioctl error: -1
01-03 10:22:33.269   143   143 E i2cdev  : ioctl error: -1
01-03 10:22:33.269   143   143 E i2cdev  : ioctl error: -1
01-03 10:22:33.270   143   143 E i2cdev  : ioctl error: -1
01-03 10:22:33.270   143   143 E i2cdev  : ioctl error: -1
01-03 10:22:33.270   143   143 E i2cdev  : ioctl error: -1
01-03 10:22:33.270   143   143 E i2cdev  : ioctl error: -1
01-03 10:22:33.270   143   143 E i2cdev  : ioctl error: -1
01-03 10:22:33.270   143   143 E i2cdev  : ioctl error: -1
01-03 10:22:33.270   143   143 E i2cdev  : ioctl error: -1
01-03 10:22:33.270   143   143 E i2cdev  : ioctl error: -1
01-03 10:22:33.270   143   143 E i2cdev  : ioctl error: -1
01-03 10:22:33.270   143   143 E i2cdev  : ioctl error: -1
01-03 10:22:33.270   143   143 E i2cdev  : ioctl error: -1
01-03 10:22:33.270   143   143 E i2cdev  : ioctl error: -1
01-03 10:22:33.270   143   143 E i2cdev  : ioctl error: -1
01-03 10:22:33.270   143   143 E i2cdev  : ioctl error: -1
01-03 10:22:33.270   143   143 E i2cdev  : ioctl error: -1
01-03 10:22:33.270   143   143 E i2cdev  : ioctl error: -1
01-03 10:22:33.270   143   143 E i2cdev  : ioctl error: -1
01-03 10:22:33.270   143   143 E i2cdev  : ioctl error: -1
01-03 10:22:33.270   143   143 E i2cdev  : ioctl error: -1
01-03 10:22:33.271   143   143 E i2cdev  : ioctl error: -1
01-03 10:22:33.271   143   143 E i2cdev  : ioctl error: -1
01-03 10:22:33.271   143   143 E i2cdev  : ioctl error: -1
01-03 10:22:33.271   143   143 E i2cdev  : ioctl error: -1
01-03 10:22:33.271   143   143 E i2cdev  : ioctl error: -1
01-03 10:22:33.271   143   143 E i2cdev  : ioctl error: -1
01-03 10:22:33.271   143   143 E i2cdev  : ioctl error: -1
01-03 10:22:33.272   143   143 E i2cdev  : ioctl error: -1
01-03 10:22:33.272   143   143 E i2cdev  : ioctl error: -1
01-03 10:22:33.272   143   143 E i2cdev  : ioctl error: -1
01-03 10:22:33.272   143   143 E i2cdev  : ioctl error: -1
01-03 10:22:33.272   143   143 E i2cdev  : ioctl error: -1
01-03 10:22:33.272   143   143 E i2cdev  : ioctl error: -1
01-03 10:22:33.272   143   143 E i2cdev  : ioctl error: -1
01-03 10:22:33.272   143   143 E i2cdev  : ioctl error: -1
01-03 10:22:33.273   143   143 E i2cdev  : ioctl error: -1
01-03 10:22:33.273   143   143 E i2cdev  : ioctl error: -1
01-03 10:22:33.273   143   143 E i2cdev  : ioctl error: -1
01-03 10:22:33.273   143   143 E i2cdev  : ioctl error: -1
01-03 10:22:33.273   143   143 E i2cdev  : ioctl error: -1
01-03 10:22:33.273   143   143 E i2cdev  : ioctl error: -1
01-03 10:22:33.273   143   143 E i2cdev  : ioctl error: -1
01-03 10:22:33.273   143   143 E i2cdev  : ioctl error: -1
01-03 10:22:33.273   143   143 E i2cdev  : ioctl error: -1
01-03 10:22:33.273   143   143 E i2cdev  : ioctl error: -1
01-03 10:22:33.273   143   143 E i2cdev  : ioctl error: -1
01-03 10:22:33.273   143   143 E i2cdev  : ioctl error: -1
01-03 10:22:33.273   143   143 E i2cdev  : ioctl error: -1
01-03 10:22:33.273   143   143 E i2cdev  : ioctl error: -1
01-03 10:22:33.273   143   143 E i2cdev  : ioctl error: -1
01-03 10:22:33.273   143   143 E i2cdev  : ioctl error: -1
01-03 10:22:33.273   143   143 E i2cdev  : ioctl error: -1
01-03 10:22:33.273   143   143 E i2cdev  : ioctl error: -1
01-03 10:22:33.274   143   143 E i2cdev  : ioctl error: -1
01-03 10:22:33.274   143   143 E i2cdev  : ioctl error: -1
01-03 10:22:33.274   143   143 E i2cdev  : ioctl error: -1
01-03 10:22:33.274   143   143 E i2cdev  : ioctl error: -1
01-03 10:22:33.274   143   143 E i2cdev  : ioctl error: -1
01-03 10:22:33.274   143   143 E i2cdev  : ioctl error: -1
01-03 10:22:33.274   143   143 E i2cdev  : ioctl error: -1
01-03 10:22:33.274   143   143 E i2cdev  : ioctl error: -1
01-03 10:22:33.274   143   143 E i2cdev  : ioctl error: -1
01-03 10:22:33.274   143   143 E i2cdev  : ioctl error: -1
01-03 10:22:33.274   143   143 E i2cdev  : ioctl error: -1
01-03 10:22:33.274   143   143 E i2cdev  : ioctl error: -1
01-03 10:22:33.274   143   143 E i2cdev  : ioctl error: -1
01-03 10:22:33.274   143   143 E i2cdev  : ioctl error: -1
01-03 10:22:33.274   143   143 E i2cdev  : ioctl error: -1
01-03 10:22:33.274   143   143 E i2cdev  : ioctl error: -1
01-03 10:22:33.524   143   143 E i2cdev  : ioctl error: -1
01-03 10:22:33.525   143   143 E i2cdev  : ioctl error: -1
01-03 10:22:33.525   143   143 E i2cdev  : ioctl error: -1
01-03 10:22:33.541   143   143 D AOUT    : Aout Snoop Init
01-03 10:22:33.541   143   467 D AOUT    : AoutSnoopTask started
01-03 10:22:33.541   143   467 D AOUT    : AoutSnoopTask waiting for connection
01-03 10:22:33.606   474   474 I cpusvc  : [governor_probe] interactive: 2
01-03 10:22:36.707   474   474 I cpusvc  : [reduce_max_freq] max freq gonna reduce to: 1000000
01-03 10:22:38.351   588   588 I InstallerConnection: disconnecting...
01-03 10:22:38.463   588   588 I SystemServer: Entered the Android system server!
01-22 11:02:42.581   142   142 E DRIVER-LGE-i2c: ioctl error: -1
01-22 11:02:42.612   142   142 E DRIVER-LGE-i2c: ioctl error: -1
01-22 11:02:42.647   142   142 E DRIVER-LGE-i2c: ioctl error: -1
01-22 11:02:42.709   142   142 E DRIVER-LGE-i2c: ioctl error: -1
01-22 11:02:42.720   142   142 E DRIVER-LGE-i2c: ioctl error: -1
01-22 11:02:42.730   142   142 E DRIVER-LGE-i2c: ioctl error: -1
01-22 11:02:42.741   142   142 E DRIVER-LGE-i2c: ioctl error: -1
01-22 11:02:42.752   142   142 E DRIVER-LGE-i2c: ioctl error: -1
01-22 11:02:42.763   142   142 E DRIVER-LGE-i2c: ioctl error: -1
01-22 11:02:42.773   142   142 E DRIVER-LGE-i2c: ioctl error: -1
01-22 11:02:42.799   142   142 E DRIVER-LGE-i2c: ioctl error: -1
01-22 11:02:42.810   142   142 E DRIVER-LGE-i2c: ioctl error: -1
01-22 11:02:42.826   142   142 E DRIVER-LGE-i2c: ioctl error: -1
01-22 11:02:42.837   142   142 E DRIVER-LGE-i2c: ioctl error: -1
01-22 11:02:42.847   142   142 E DRIVER-LGE-i2c: ioctl error: -1
01-22 11:02:42.858   142   142 E DRIVER-LGE-i2c: ioctl error: -1
01-22 11:02:42.868   142   142 E DRIVER-LGE-i2c: ioctl error: -1
01-22 11:02:42.878   142   142 E DRIVER-LGE-i2c: ioctl error: -1
01-22 11:02:42.890   142   142 E DRIVER-LGE-i2c: ioctl error: -1
01-22 11:02:42.900   142   142 E DRIVER-LGE-i2c: ioctl error: -1
01-22 11:02:42.911   142   142 E DRIVER-LGE-i2c: ioctl error: -1
01-22 11:02:42.943   142   142 E DRIVER-LGE-i2c: ioctl error: -1
01-22 11:02:42.975   142   142 E DRIVER-LGE-i2c: ioctl error: -1
01-22 11:02:42.986   142   142 E DRIVER-LGE-i2c: ioctl error: -1
01-22 11:02:43.009   142   142 E DRIVER-LGE-i2c: ioctl error: -1
01-22 11:02:43.020   142   142 E DRIVER-LGE-i2c: ioctl error: -1
01-22 11:02:43.030   142   142 E DRIVER-LGE-i2c: ioctl error: -1
01-22 11:02:43.041   142   142 E DRIVER-LGE-i2c: ioctl error: -1
01-22 11:02:43.052   142   142 E DRIVER-LGE-i2c: ioctl error: -1
01-22 11:02:43.063   142   142 E DRIVER-LGE-i2c: ioctl error: -1
01-22 11:02:43.073   142   142 E DRIVER-LGE-i2c: ioctl error: -1
01-22 11:02:43.084   142   142 E DRIVER-LGE-i2c: ioctl error: -1
01-22 11:02:43.095   142   142 E DRIVER-LGE-i2c: ioctl error: -1
01-22 11:02:43.106   142   142 E DRIVER-LGE-i2c: ioctl error: -1
01-22 11:02:43.117   142   142 E DRIVER-LGE-i2c: ioctl error: -1
01-22 11:02:43.148   142   142 E DRIVER-LGE-i2c: ioctl error: -1
01-22 11:02:43.159   142   142 E DRIVER-LGE-i2c: ioctl error: -1
01-22 11:02:43.169   142   142 E DRIVER-LGE-i2c: ioctl error: -1
01-22 11:02:43.180   142   142 E DRIVER-LGE-i2c: ioctl error: -1
01-22 11:02:43.193   142   142 E DRIVER-LGE-i2c: ioctl error: -1
01-22 11:02:43.209   142   142 E DRIVER-LGE-i2c: ioctl error: -1
01-22 11:02:43.226   142   142 E DRIVER-LGE-i2c: ioctl error: -1
01-22 11:02:43.237   142   142 E DRIVER-LGE-i2c: ioctl error: -1
01-22 11:02:43.254   142   142 E DRIVER-LGE-i2c: ioctl error: -1
01-22 11:02:43.669   474   474 I cpusvc  : [restore_max_freq] max freq gonna restore to: 1200000
01-22 11:02:46.719   474   474 I cpusvc  : [reduce_max_freq] max freq gonna reduce to: 1000000
01-22 11:02:47.246   588   588 I SystemServiceManager: Starting com.android.server.pm.Installer
01-22 11:02:47.290   588   588 I Installer: Waiting for installd to be ready.
01-22 11:02:47.290   588   588 I InstallerConnection: connecting...
01-22 11:02:47.294   588   588 I SystemServiceManager: Starting com.android.server.am.ActivityManagerService$Lifecycle
01-22 11:02:47.385   656   656 I Vold    : Vold 2.1 (the revenge) firing up, with ntfs
01-22 11:02:47.385   656   656 D MediaVolume: usb, /mnt/media, /devices/soc.0/f7ed0000.usb
01-22 11:02:47.506   588   588 I ActivityManager: Memory class: 128
01-22 11:02:47.521   588   680 I ServiceThread: Enabled StrictMode logging for ActivityManager looper.
01-22 11:02:47.593   588   588 W BatteryStatsImpl: Couldn't get kernel wake lock stats
01-22 11:02:47.924   588   588 I IntentFirewall: Read new rules (A:0 B:0 S:0)
01-22 11:02:47.957   588   696 I ServiceThread: Enabled StrictMode logging for android.ui looper.
01-22 11:02:47.963   588   698 I ServiceThread: Enabled StrictMode logging for android.display looper.
01-22 11:02:47.998   588   588 D AppOps  : AppOpsService published
01-22 11:02:47.999   588   588 I SystemServiceManager: Starting com.android.server.power.PowerManagerService
01-22 11:02:48.023   588   702 I ServiceThread: Enabled StrictMode logging for PowerManagerService looper.
01-22 11:02:48.232   588   588 I libsuspend: suspend2 version is 2
01-22 11:02:48.232   588   588 I libsuspend: suspend2 module author is MRVL Android Team
01-22 11:02:48.537   588   588 I SystemServiceManager: Starting com.android.server.display.DisplayManagerService
01-22 11:02:48.561   588   588 I SystemServiceManager: Starting phase 100
01-22 11:02:48.677   649   649 D DRIVER-LGE-i2c: [i2c_open] (pid=649) open success id:0 dev=/dev/i2c-0
01-22 11:02:48.678   649   649 D DRIVER-LGE-i2c: [i2c_open] (pid=649) open success id:1 dev=/dev/i2c-1
01-22 11:02:48.679   649   649 D DRIVER-LGE-i2c: [i2c_open] (pid=649) open success id:2 dev=/dev/i2c-2
01-22 11:02:48.679   649   649 D DRIVER-LGE-i2c: [i2c_open] (pid=649) open success id:3 dev=/dev/i2c-3
01-22 11:02:48.716   588   698 I DisplayManagerService: Display device added: DisplayDeviceInfo{"  ": uniqueId="local:0", 1280 x 720, 59.0 fps, supportedRefreshRates [59.0], density 213, 213.0 x 213.0 dpi, appVsyncOff 0, presDeadline 17949152, touch INTERNAL, rotation 0, type BUILT_IN, state UNKNOWN, FLAG_DEFAULT_DISPLAY, FLAG_ROTATES_WITH_CONTENT, FLAG_SECURE, FLAG_SUPPORTS_PROTECTED_BUFFERS}
01-22 11:02:48.717   588   588 I SystemServer: Package Manager
01-22 11:02:48.962   651   651 D DRIVER-LGE-i2c: [i2c_open] (pid=651) open success id:0 dev=/dev/i2c-0
01-22 11:02:48.962   651   651 D DRIVER-LGE-i2c: [i2c_open] (pid=651) open success id:1 dev=/dev/i2c-1
01-22 11:02:48.962   651   651 D DRIVER-LGE-i2c: [i2c_open] (pid=651) open success id:2 dev=/dev/i2c-2
01-22 11:02:48.962   651   651 D DRIVER-LGE-i2c: [i2c_open] (pid=651) open success id:3 dev=/dev/i2c-3
01-22 11:02:48.964   651   651 D DRIVER-LGE-i2c: [i2c_close] (pid=651) close success fd:7
01-22 11:02:48.964   651   651 D DRIVER-LGE-i2c: [i2c_close] (pid=651) close success fd:9
01-22 11:02:48.964   651   651 D DRIVER-LGE-i2c: [i2c_close] (pid=651) close success fd:10
01-22 11:02:48.964   651   651 D DRIVER-LGE-i2c: [i2c_close] (pid=651) close success fd:11
01-22 11:02:49.197   588   588 W SystemConfig: No directory /system/etc/sysconfig, skipping
01-22 11:02:49.318   588   588 D SELinuxMMAC: Using policy file /system/etc/security/mac_permissions.xml
01-22 11:02:50.200   588   588 W PackageManager: Failed to parse /system/framework/arm: Missing base APK in /system/framework/arm
01-22 11:02:50.696   588   588 W PackageParser: No actions in intent filter at /system/priv-app/Contacts/Contacts.apk Binary XML file line #356
01-22 11:02:50.843   588   588 W PackageParser: Unknown element under <manifest>: meta-data at /system/priv-app/FamilyAlbumSTB/FamilyAlbumSTB.apk Binary XML file line #11
01-22 11:02:51.165   588   588 W PackageParser: No actions in intent filter at /system/priv-app/HIME/HIME.apk Binary XML file line #25
01-22 11:02:51.486   588   588 W PackageParser: Unknown element under <manifest>: uses-library at /system/priv-app/Katniss/Katniss.apk Binary XML file line #143
01-22 11:02:52.657   588   588 I PackageManager: Package com.lguplus.pushagentstb at /system/priv-app/PushAgent_STB ignored: updated version 15 better than this 14
01-22 11:02:52.657   588   588 W PackageManager: Failed to parse /system/priv-app/PushAgent_STB: null
01-22 11:02:52.821   474   474 I cpusvc  : [restore_max_freq] max freq gonna restore to: 1200000
01-22 11:02:52.938   588   588 W PackageParser: No actions in intent filter at /system/priv-app/SetupWraith/SetupWraith.apk Binary XML file line #89
01-22 11:02:53.597   588   588 W PackageParser: Unknown element under <manifest>: meta-data at /system/priv-app/SmartUX_NaverLogin/SmartUX_NaverLogin.apk Binary XML file line #25
01-22 11:02:53.656   588   588 W PackageParser: Unknown element under <manifest>: meta-data at /system/priv-app/SmartUX_NewSearch-woofer/SmartUX_NewSearch-woofer.apk Binary XML file line #41
01-22 11:02:53.821   588   588 W PackageParser: No actions in intent filter at /system/priv-app/SmartUX_Setting/SmartUX_Setting.apk Binary XML file line #70
01-22 11:02:54.694   588   588 W PackageManager: Failed to parse /system/priv-app/TvQuickSettings: /system/priv-app/TvQuickSettings/TvQuickSettings.apk (at Binary XML file line #22): Requires development platform L but this is a release platform.
01-22 11:02:54.724   588   588 W PackageParser: No actions in intent filter at /system/priv-app/TvSettings/TvSettings.apk Binary XML file line #313
01-22 11:02:55.175   588   588 W PackageParser: No path, pathPrefix, or pathPattern for <path-permission>: path-permission at /system/priv-app/genietv/genietv.apk Binary XML file line #100
01-22 11:02:55.426   588   588 W PackageParser: No actions in intent filter at /system/app/Bluetooth/Bluetooth.apk Binary XML file line #208
01-22 11:02:55.708   588   588 W PackageManager: Skipping provider name com.android.browser (in package com.google.android.tv.frameworkpackagestubs): name already used by com.android.browser
01-22 11:02:55.708   588   588 W PackageManager: Skipping provider name browser (in package com.google.android.tv.frameworkpackagestubs): name already used by com.android.browser
01-22 11:02:55.745   588   588 W PackageParser: Unknown element under <application>: permission at /system/app/Gallery2/Gallery2.apk Binary XML file line #251
01-22 11:02:55.745   588   588 W PackageParser: Unknown element under <application>: permission at /system/app/Gallery2/Gallery2.apk Binary XML file line #254
01-22 11:02:55.872   474   474 I cpusvc  : [reduce_max_freq] max freq gonna reduce to: 1000000
01-22 11:02:55.887   588   588 W PackageParser: Unknown element under <manifest>: meta-data at /system/app/HomeCH/HomeCH.apk Binary XML file line #24
01-22 11:02:56.304   588   588 W PackageManager: Unable to update from com.android.music to com.google.android.music: old package still exists
01-22 11:02:56.334   588   588 I PackageManager: [JOEY] Package com.google.android.location at /system/app/NetworkLocation updated version 1110 update version1110
01-22 11:02:56.335   588   588 W PackageManager: System package com.google.android.location signature changed; retaining data.
01-22 11:02:57.465   588   588 W PackageParser: Unknown element under <application>: uses-permission at /system/app/lgstandby/lgstandby.apk Binary XML file line #10
01-22 11:02:57.724   588   588 W PackageManager: Package com.android.camera desires unavailable shared library com.google.android.media.effects; ignoring!
01-22 11:02:57.724   588   588 W PackageManager: Package com.android.gallery3d desires unavailable shared library com.google.android.media.effects; ignoring!
01-22 11:02:57.724   588   588 W PackageManager: Package com.android.gallery3d desires unavailable shared library com.google.android.media.effects; ignoring!
01-22 11:02:57.724   588   588 W PackageManager: Package com.google.android.gms desires unavailable shared library org.apache.http.legacy; ignoring!
01-22 11:02:57.724   588   588 W PackageManager: Package com.google.android.gms desires unavailable shared library com.google.android.ble; ignoring!
01-22 11:02:57.725   588   588 I PackageManager: Adjusting ABI for : com.google.android.tv.remote to armeabi-v7a
01-22 11:02:57.726   588   588 I PackageManager: Adjusting ABI for : com.google.android.gsf to armeabi-v7a
01-22 11:02:57.728   588   588 I PackageManager: Adjusting ABI for : com.google.android.gsf.notouch to armeabi-v7a
01-22 11:02:57.729   588   588 I PackageManager: Adjusting ABI for : com.google.android.backuptransport to armeabi-v7a
01-22 11:02:57.731   588   588 I PackageManager: Adjusting ABI for : com.google.android.sss.authbridge to armeabi-v7a
01-22 11:02:57.732   588   588 I PackageManager: Adjusting ABI for : com.google.android.syncadapters.contacts to armeabi-v7a
01-22 11:02:57.733   588   588 I PackageManager: Adjusting ABI for : com.google.android.location to armeabi-v7a
01-22 11:02:57.733   588   588 I PackageManager: Adjusting ABI for : com.lguplus.downloader to armeabi-v7a
01-22 11:02:57.734   588   588 I PackageManager: Adjusting ABI for : com.lge.standby to armeabi-v7a
01-22 11:02:57.734   588   588 I PackageManager: Adjusting ABI for : com.lge.uplusiotwoofer.iotsetting to armeabi-v7a
01-22 11:02:57.735   588   588 I PackageManager: Adjusting ABI for : com.lge.sys to armeabi-v7a
01-22 11:02:57.735   588   588 I PackageManager: Adjusting ABI for : com.android.inputdevices to armeabi-v7a
01-22 11:02:57.735   588   588 I PackageManager: Adjusting ABI for : com.android.keychain to armeabi-v7a
01-22 11:02:57.736   588   588 I PackageManager: Adjusting ABI for : com.marvell.powersettings to armeabi-v7a
01-22 11:02:57.736   588   588 I PackageManager: Adjusting ABI for : com.android.tv.settings to armeabi-v7a
01-22 11:02:57.737   588   588 I PackageManager: Adjusting ABI for : com.google.tv.crashcounter to armeabi-v7a
01-22 11:02:57.737   588   588 I PackageManager: Adjusting ABI for : com.android.location.fused to armeabi-v7a
01-22 11:02:57.738   588   588 I PackageManager: Adjusting ABI for : com.marvell.tv.overscan to armeabi-v7a
01-22 11:02:57.738   588   588 I PackageManager: Adjusting ABI for : com.csr.uenergy.ota to armeabi-v7a
01-22 11:02:57.738   588   588 I PackageManager: Adjusting ABI for : com.marvell.audio.loopback to armeabi-v7a
01-22 11:02:57.739   588   588 I PackageManager: Adjusting ABI for : com.lge.lgbtmanager to armeabi-v7a
01-22 11:02:57.739   588   588 I PackageManager: Adjusting ABI for : com.lge.ui.service to armeabi-v7a
01-22 11:02:57.739   588   588 I PackageManager: Adjusting ABI for : com.lge.inputmethodselecter to armeabi-v7a
01-22 11:02:57.740   588   588 I PackageManager: Adjusting ABI for : com.lge.tvsetup.partnercustomizer to armeabi-v7a
01-22 11:02:57.740   588   588 I PackageManager: Adjusting ABI for : com.android.providers.settings to armeabi-v7a
01-22 11:02:57.741   588   588 I PackageManager: Adjusting ABI for : com.android.wifidisplay to armeabi-v7a
01-22 11:02:57.741   588   588 I PackageManager: Adjusting ABI for : com.android.settings to armeabi-v7a
01-22 11:02:57.741   588   588 I PackageManager: Adjusting ABI for : com.marvell.tv.settings to armeabi-v7a
01-22 11:02:57.742   588   588 I PackageManager: Adjusting ABI for : com.lge.iptv.iptvinput to armeabi-v7a
01-22 11:02:57.742   588   588 I PackageManager: Adjusting ABI for : com.lguplus.installer to armeabi-v7a
01-22 11:02:57.750   588   588 I PackageManager: Time to scan packages: 8.17 seconds
01-22 11:02:57.750   588   588 W PackageManager: Unknown permission com.lguplus.iptv4.familychannel.READ in package com.lguplus.iptv3.g2.superview
01-22 11:02:57.750   588   588 W PackageManager: Unknown permission com.lguplus.iptv4.familychannel.WRITE in package com.lguplus.iptv3.g2.superview
01-22 11:02:57.751   588   588 W PackageManager: Unknown permission com.google.android.apps.now.REMOTE_ACCESS in package com.google.android.katniss
01-22 11:02:57.751   588   588 W PackageManager: Unknown permission com.google.android.googlequicksearchbox.permission.FINISH_GEL_ACTIVITY in package com.google.android.katniss
01-22 11:02:57.751   588   588 W PackageManager: Unknown permission com.google.android.remotesearch.REMOTE_SEARCH_ACCESS in package com.google.android.katniss
01-22 11:02:57.751   588   588 W PackageManager: Unknown permission com.google.android.apps.now.CURRENT_ACCOUNT_ACCESS in package com.google.android.katniss
01-22 11:02:57.751   588   588 W PackageManager: Unknown permission com.google.android.googlequicksearchbox.permission.C2D_MESSAGE in package com.google.android.katniss
01-22 11:02:57.751   588   588 W PackageManager: Not granting permission com.google.android.providers.settings.permission.READ_GSETTINGS to package com.google.android.katniss (protectionLevel=2 flags=0x4058be45)
01-22 11:02:57.751   588   588 W PackageManager: Not granting permission com.google.android.providers.settings.permission.WRITE_GSETTINGS to package com.google.android.katniss (protectionLevel=2 flags=0x4058be45)
01-22 11:02:57.751   588   588 W PackageManager: Unknown permission com.google.android.voicesearch.SHORTCUTS_ACCESS in package com.google.android.katniss
01-22 11:02:57.751   588   588 W PackageManager: Unknown permission com.google.android.voicesearch.ACCESS_SETTINGS in package com.google.android.katniss
01-22 11:02:57.751   588   588 W PackageManager: Unknown permission com.google.android.ears.permission.WRITE in package com.google.android.katniss
01-22 11:02:57.751   588   588 W PackageManager: Unknown permission com.google.android.googlequicksearchbox.permission.PAUSE_HOTWORD in package com.google.android.katniss
01-22 11:02:57.751   588   588 W PackageManager: Unknown permission com.google.googlenav.friend.permission.OPT_IN in package com.google.android.katniss
01-22 11:02:57.751   588   588 W PackageManager: Unknown permission com.google.android.apps.maps.permission.PREFETCH in package com.google.android.katniss
01-22 11:02:57.751   588   588 W PackageManager: Unknown permission com.google.android.apps.googlevoice.permission.AUTO_SEND in package com.google.android.katniss
01-22 11:02:57.751   588   588 W PackageManager: Unknown permission com.google.android.gm.permission.AUTO_SEND in package com.google.android.katniss
01-22 11:02:57.751   588   588 W PackageManager: Unknown permission com.google.android.hangouts.START_HANGOUT in package com.google.android.katniss
01-22 11:02:57.751   588   588 W PackageManager: Unknown permission com.google.android.voicesearch.AUDIO_FILE_ACCESS in package com.google.android.katniss
01-22 11:02:57.752   588   588 W PackageManager: Unknown permission com.android.chrome.PRERENDER_URL in package com.google.android.katniss
01-22 11:02:57.752   588   588 W PackageManager: Unknown permission com.google.android.launcher.permission.CONTENT_REDIRECT in package com.google.android.katniss
01-22 11:02:57.752   588   588 W PackageManager: Unknown permission com.google.android.launcher.permission.READ_SETTINGS in package com.google.android.katniss
01-22 11:02:57.752   588   588 W PackageManager: Unknown permission com.google.android.launcher.permission.WRITE_SETTINGS in package com.google.android.katniss
01-22 11:02:57.752   588   588 W PackageManager: Unknown permission com.google.android.launcher.permission.RECEIVE_LAUNCH_BROADCASTS in package com.google.android.katniss
01-22 11:02:57.752   588   588 W PackageManager: Unknown permission com.google.android.launcher.permission.RECEIVE_FIRST_LOAD_BROADCAST in package com.google.android.katniss
01-22 11:02:57.752   588   588 W PackageManager: Unknown permission android.permission.STORAGE in package kr.co.tjcomm.zillernoraebang
01-22 11:02:57.752   588   588 W PackageManager: Unknown permission com.android.launcher.permission.READ_SETTINGS in package com.google.android.onetimeinitializer
01-22 11:02:57.752   588   588 W PackageManager: Unknown permission com.android.launcher.permission.WRITE_SETTINGS in package com.google.android.onetimeinitializer
01-22 11:02:57.752   588   588 W PackageManager: Unknown permission com.google.android.launcher.permission.READ_SETTINGS in package com.google.android.onetimeinitializer
01-22 11:02:57.752   588   588 W PackageManager: Unknown permission com.google.android.launcher.permission.WRITE_SETTINGS in package com.google.android.onetimeinitializer
01-22 11:02:57.752   588   588 W PackageManager: Not granting permission android.permission.INSTALL_LOCATION_PROVIDER to package com.google.android.location (protectionLevel=18 flags=0x8be45)
01-22 11:02:57.752   588   588 I PackageManager: Un-granting permission android.permission.UPDATE_DEVICE_STATS from package com.google.android.location (protectionLevel=18 flags=0x8be45)
01-22 11:02:57.752   588   588 I PackageManager: Un-granting permission com.google.android.providers.settings.permission.READ_GSETTINGS from package com.google.android.location (protectionLevel=2 flags=0x8be45)
01-22 11:02:57.752   588   588 I PackageManager: Un-granting permission com.google.android.providers.settings.permission.WRITE_GSETTINGS from package com.google.android.location (protectionLevel=2 flags=0x8be45)
01-22 11:02:57.753   588   588 W PackageManager: Unknown permission com.lguplus.onetouchapp.permission.ONE_TOUCH in package com.lguplus.iptv3.familychannel
01-22 11:02:57.753   588   588 W PackageManager: Unknown permission com.google.android.tv.permission.READ_CHANNELS in package com.lguplus.iptv3.base.orangecast.shop
01-22 11:02:57.753   588   588 W PackageManager: Unknown permission com.google.android.tv.mediadevices.permission.READ_STREAMS in package com.lguplus.iptv3.base.orangecast.shop
01-22 11:02:57.753   588   588 W PackageManager: Not granting permission android.permission.GLOBAL_SEARCH to package com.android.quicksearchbox (protectionLevel=18 flags=0x8be45)
01-22 11:02:57.753   588   588 W PackageManager: Not granting permission android.permission.ACCESS_DOWNLOAD_MANAGER to package com.android.browser (protectionLevel=18 flags=0x9be45)
01-22 11:02:57.753   588   588 W PackageManager: Not granting permission android.permission.SEND_DOWNLOAD_COMPLETED_INTENTS to package com.android.browser (protectionLevel=2 flags=0x9be45)
01-22 11:02:57.754   588   588 W PackageManager: Unknown permission com.lguplus.iotsetting.permission.SEND_SETTING_UPDATED in package com.lguplus.tvg.homeiot
01-22 11:02:57.754   588   588 W PackageManager: Not granting permission android.permission.SEND_DOWNLOAD_COMPLETED_INTENTS to package com.android.vending (protectionLevel=2 flags=0x404abe45)
01-22 11:02:57.754   588   588 W PackageManager: Unknown permission android.permission.SEND_SMS_NO_CONFIRMATION in package com.android.vending
01-22 11:02:57.754   588   588 W PackageManager: Unknown permission android.permission.USE_FINGERPRINT in package com.android.vending
01-22 11:02:57.754   588   588 W PackageManager: Unknown permission android.permission.GET_ACCOUNTS_PRIVILEGED in package com.android.vending
01-22 11:02:57.754   588   588 W PackageManager: Unknown permission android.permission.INSTALL_GRANT_RUNTIME_PERMISSIONS in package com.android.vending
01-22 11:02:57.754   588   588 W PackageManager: Unknown permission android.permission.GRANT_RUNTIME_PERMISSIONS in package com.android.vending
01-22 11:02:57.754   588   588 W PackageManager: Unknown permission android.permission.REVOKE_RUNTIME_PERMISSIONS in package com.android.vending
01-22 11:02:57.754   588   588 W PackageManager: Unknown permission android.permission.CHANGE_DEVICE_IDLE_TEMP_WHITELIST in package com.android.vending
01-22 11:02:57.754   588   588 W PackageManager: Not granting permission android.permission.SET_PREFERRED_APPLICATIONS to package com.android.vending (protectionLevel=2 flags=0x404abe45)
01-22 11:02:57.754   588   588 W PackageManager: Unknown permission android.permission.ACCESS_INSTANT_APPS in package com.android.vending
01-22 11:02:57.754   588   588 W PackageManager: Unknown permission com.google.android.partnersetup.permission.WRITE_APP_PROVIDER in package com.android.vending
01-22 11:02:57.754   588   588 W PackageManager: Unknown permission android.permission.ALLOCATE_AGGRESSIVE in package com.android.vending
01-22 11:02:57.754   588   588 W PackageManager: Unknown permission com.sec.android.provider.badge.permission.READ in package com.android.vending
01-22 11:02:57.754   588   588 W PackageManager: Unknown permission com.sec.android.provider.badge.permission.WRITE in package com.android.vending
01-22 11:02:57.754   588   588 W PackageManager: Unknown permission com.htc.launcher.permission.READ_SETTINGS in package com.android.vending
01-22 11:02:57.754   588   588 W PackageManager: Unknown permission com.htc.launcher.permission.UPDATE_SHORTCUT in package com.android.vending
01-22 11:02:57.754   588   588 W PackageManager: Unknown permission com.sonyericsson.home.permission.BROADCAST_BADGE in package com.android.vending
01-22 11:02:57.754   588   588 W PackageManager: Unknown permission com.sonymobile.home.permission.PROVIDER_INSERT_BADGE in package com.android.vending
01-22 11:02:57.754   588   588 W PackageManager: Unknown permission com.anddoes.launcher.permission.UPDATE_COUNT in package com.android.vending
01-22 11:02:57.754   588   588 W PackageManager: Unknown permission com.majeur.launcher.permission.UPDATE_BADGE in package com.android.vending
01-22 11:02:57.754   588   588 W PackageManager: Unknown permission com.huawei.android.launcher.permission.CHANGE_BADGE in package com.android.vending
01-22 11:02:57.755   588   588 W PackageManager: Unknown permission com.huawei.android.launcher.permission.READ_SETTINGS in package com.android.vending
01-22 11:02:57.755   588   588 W PackageManager: Unknown permission com.huawei.android.launcher.permission.WRITE_SETTINGS in package com.android.vending
01-22 11:02:57.755   588   588 W PackageManager: Unknown permission android.permission.READ_APP_BADGE in package com.android.vending
01-22 11:02:57.755   588   588 W PackageManager: Unknown permission com.oppo.launcher.permission.READ_SETTINGS in package com.android.vending
01-22 11:02:57.755   588   588 W PackageManager: Unknown permission com.oppo.launcher.permission.WRITE_SETTINGS in package com.android.vending
01-22 11:02:57.755   588   588 W PackageManager: Unknown permission android.permission.LGT_CONTENTS in package com.lguplus.installer
01-22 11:02:57.755   588   588 W PackageManager: Unknown permission android.permission.LGT_CONTENTS in package com.lguplus.downloader
01-22 11:02:57.755   588   588 W PackageManager: Unknown permission android.permission.ACCESS_APP_BROWSE_DATA in package com.google.android.speech.pumpkin
01-22 11:02:57.755   588   588 W PackageManager: Unknown permission com.lge.uplusiotwoofer.iotservice.IOT_CONTROL in package com.lguplus.iptv3.base.search
01-22 11:02:57.755   588   588 W PackageManager: Unknown permission android.permission.com.lguplus.iptv3.base.naverlogin.auth.READ_DATABASE in package com.lguplus.iptv3.base.search
01-22 11:02:57.755   588   588 W PackageManager: Unknown permission android.permission.com.lguplus.iptv3.base.naverlogin.auth.WRITE_DATABASE in package com.lguplus.iptv3.base.search
01-22 11:02:57.756   588   588 W PackageManager: Unknown permission android.permission.OBSERVE_GRANT_REVOKE_PERMISSIONS in package com.google.android.gms
01-22 11:02:57.756   588   588 W PackageManager: Unknown permission android.permission.MANAGE_SOUND_TRIGGER in package com.google.android.gms
01-22 11:02:57.756   588   588 W PackageManager: Unknown permission android.permission.DISPATCH_PROVISIONING_MESSAGE in package com.google.android.gms
01-22 11:02:57.756   588   588 W PackageManager: Unknown permission com.google.android.apps.enterprise.dmagent.permission.AutoSyncPermission in package com.google.android.gms
01-22 11:02:57.757   588   588 W PackageManager: Unknown permission android.permission.CONNECTIVITY_USE_RESTRICTED_NETWORKS in package com.google.android.gms
01-22 11:02:57.757   588   588 W PackageManager: Unknown permission android.permission.USE_FINGERPRINT in package com.google.android.gms
01-22 11:02:57.757   588   588 W PackageManager: Unknown permission android.permission.SEND_SMS_NO_CONFIRMATION in package com.google.android.gms
01-22 11:02:57.757   588   588 W PackageManager: Not granting permission android.permission.BIND_NOTIFICATION_LISTENER_SERVICE to package com.google.android.gms (protectionLevel=2 flags=0xc0483e45)
01-22 11:02:57.757   588   588 W PackageManager: Unknown permission com.google.android.googlequicksearchbox.permission.PAUSE_HOTWORD in package com.google.android.gms
01-22 11:02:57.757   588   588 W PackageManager: Unknown permission android.permission.TETHER_PRIVILEGED in package com.google.android.gms
01-22 11:02:57.757   588   588 W PackageManager: Unknown permission com.google.android.gms.auth.authzen.permission.DEVICE_SYNC_FINISHED in package com.google.android.gms
01-22 11:02:57.757   588   588 W PackageManager: Unknown permission com.google.android.hangouts.START_HANGOUT in package com.google.android.gms
01-22 11:02:57.757   588   588 W PackageManager: Unknown permission android.permission.READ_OEM_UNLOCK_STATE in package com.google.android.gms
01-22 11:02:57.757   588   588 W PackageManager: Unknown permission android.permission.OVERRIDE_WIFI_CONFIG in package com.google.android.gms
01-22 11:02:57.757   588   588 W PackageManager: Unknown permission com.google.android.permission.ACCESSIBILITY_SCAN_SERVICE in package com.google.android.gms
01-22 11:02:57.757   588   588 W PackageManager: Unknown permission android.permission.ACTIVITY_EMBEDDING in package com.google.android.gms
01-22 11:02:57.757   588   588 W PackageManager: Unknown permission android.permission.PROVIDE_RESOLVER_RANKER_SERVICE in package com.google.android.gms
01-22 11:02:57.757   588   588 W PackageManager: Unknown permission com.google.android.wearable.READ_SETTINGS in package com.google.android.gms
01-22 11:02:57.758   588   588 W PackageManager: Unknown permission android.permission.INTENT_FILTER_VERIFICATION_AGENT in package com.google.android.gms
01-22 11:02:57.758   588   588 W PackageManager: Unknown permission android.permission.LOCAL_MAC_ADDRESS in package com.google.android.gms
01-22 11:02:57.758   588   588 W PackageManager: Unknown permission android.permission.CHANGE_DEVICE_IDLE_TEMP_WHITELIST in package com.google.android.gms
01-22 11:02:57.758   588   588 W PackageManager: Unknown permission android.permission.SUBSTITUTE_NOTIFICATION_APP_NAME in package com.google.android.gms
01-22 11:02:57.758   588   588 W PackageManager: Unknown permission android.permission.MANAGE_SUBSCRIPTION_PLANS in package com.google.android.gms
01-22 11:02:57.758   588   588 W PackageManager: Unknown permission android.permission.NOTIFY_PENDING_SYSTEM_UPDATE in package com.google.android.gms
01-22 11:02:57.758   588   588 W PackageManager: Unknown permission com.google.android.gms.game.notifications.permission.WRITE in package com.google.android.gms
01-22 11:02:57.758   588   588 W PackageManager: Unknown permission com.google.android.launcher.permission.RECEIVE_LAUNCH_BROADCASTS in package com.google.android.gms
01-22 11:02:57.758   588   588 W PackageManager: Unknown permission com.google.android.gm.permission.READ_GMAIL in package com.google.android.gms
01-22 11:02:57.758   588   588 W PackageManager: Unknown permission com.google.android.gms.auth.authzen.permission.KEY_REGISTRATION_FINISHED in package com.google.android.gms
01-22 11:02:57.758   588   588 W PackageManager: Unknown permission com.google.android.googleapps.permission.ACCESS_GOOGLE_PASSWORD in package com.google.android.gsf
01-22 11:02:57.758   588   588 W PackageManager: Unknown permission com.google.android.googleapps.permission.GOOGLE_MAIL_SWITCH in package com.google.android.gsf
01-22 11:02:57.758   588   588 W PackageManager: Unknown permission com.android.launcher.permission.PRELOAD_WORKSPACE in package com.google.android.partnersetup
01-22 11:02:57.759   588   588 W PackageManager: Unknown permission customer.permission.LGU_PUSH_AGENT in package com.lguplus.iptv3.base.reservalarmmng
01-22 11:02:57.759   588   588 W PackageManager: Unknown permission com.lguplus.READ_FAMILY_ALBUM in package com.lguplus.iptv3.onetouchstb
01-22 11:02:57.759   588   588 W PackageManager: Unknown permission com.lguplus.iptv3.base.launcher.permission.READ_LAUNCHER_DATA in package com.lguplus.iptv3.onetouchstb
01-22 11:02:57.760   588   588 W PackageManager: Unknown permission com.android.launcher.permission.READ_SETTINGS in package com.android.settings
01-22 11:02:57.760   588   588 W PackageManager: Unknown permission com.android.launcher.permission.WRITE_SETTINGS in package com.android.settings
01-22 11:02:57.761   588   588 W PackageManager: Unknown permission com.android.smspush.WAPPUSH_MANAGER_BIND in package com.android.phone
01-22 11:02:57.762   588   588 W PackageManager: Not granting permission android.permission.DEVICE_POWER to package com.android.deskclock (protectionLevel=2 flags=0x48be45)
01-22 11:02:57.762   588   588 W PackageManager: Not granting permission android.permission.UPDATE_DEVICE_STATS to package com.kumyoung.gtvkaraoke (protectionLevel=18 flags=0x8be45)
01-22 11:02:57.762   588   588 W PackageManager: Unknown permission com.google.android.gallery3d.permission.GALLERY_PROVIDER in package com.android.bluetooth
01-22 11:02:57.763   588   588 W PackageManager: Unknown permission android.permission.MMS_SEND_OUTBOX_MSG in package com.android.bluetooth
01-22 11:02:57.942   588   588 I SystemServer: User Service
01-22 11:02:57.962   588   588 I SystemServiceManager: Starting com.android.server.lights.LightsService
01-22 11:02:57.970   588   588 I SystemServiceManager: Starting com.android.server.BatteryService
01-22 11:02:57.977   588   604 I BatteryStatsImpl: Resetting battery stats: level=100 status=1 dischargeLevel=100 lowAmount=0 highAmount=0
01-22 11:02:57.986   588   604 W BatteryStatsImpl: Couldn't get kernel wake lock stats
01-22 11:02:57.986   588   588 I SystemServiceManager: Starting com.android.server.usage.UsageStatsService
01-22 11:02:57.986   588   604 W BatteryStatsImpl: Couldn't get kernel wake lock stats
01-22 11:02:57.987   588   604 W BatteryStatsImpl: Couldn't get kernel wake lock stats
01-22 11:02:58.009   588   588 I SystemServiceManager: Starting com.android.server.webkit.WebViewUpdateService
01-22 11:02:58.025   588   588 I SystemServer: Reading configuration...
01-22 11:02:58.025   588   588 I SystemServer: Scheduling Policy
01-22 11:02:58.028   588   588 I SystemServiceManager: Starting com.android.server.telecom.TelecomLoaderService
01-22 11:02:58.036   588   588 I SystemServer: Telephony Registry
01-22 11:02:58.057   588   588 I SystemServer: Entropy Mixer
01-22 11:02:58.062   588   588 I EntropyMixer: Writing entropy...
01-22 11:02:58.071   588   588 I SystemServer: Account Manager
01-22 11:02:58.088   588   588 I SystemServer: Content Manager
01-22 11:02:58.099   588   588 I SystemServer: System Content Providers
01-22 11:02:58.168   588   588 I SystemServer: Vibrator Service
01-22 11:02:58.171   588   588 I SystemServer: Consumer IR Service
01-22 11:02:58.178   588   588 I SystemServiceManager: Starting com.android.server.AlarmManagerService
01-22 11:02:58.194   115   766 E AudioSocket: socket failed: Connection refused(111)
01-22 11:02:58.203   588   588 I SystemServer: Init Watchdog
01-22 11:02:58.204   588   588 I SystemServer: Input Manager
01-22 11:02:58.206   588   588 I InputManager: Initializing input manager, mUseDevInputEventForAudioJack=false
01-22 11:02:58.216   588   588 I SystemServer: Window Manager
01-22 11:02:58.294   588   698 I WindowManager: No existing display settings /data/system/display_settings.xml; starting empty
01-22 11:02:58.394   588   696 W ContextImpl: Calling a method in the system process without a qualified user: android.app.ContextImpl.bindService:1756 com.android.internal.policy.impl.LgBtRcuStateManager$LgIptvRemote.bindService:248 com.android.internal.policy.impl.LgBtRcuStateManager.<init>:49 com.android.internal.policy.impl.LgTvWindowManager.init:225 com.android.server.wm.WindowManagerService$3.run:813 
01-22 11:02:58.403   588   696 E ActivityManager: Failure starting process com.lge.sys
01-22 11:02:58.403   588   696 E ActivityManager: java.lang.NullPointerException: Attempt to invoke interface method 'android.os.storage.StorageVolume[] android.os.storage.IMountService.getVolumeList()' on a null object reference
01-22 11:02:58.403   588   696 E ActivityManager: 	at android.os.Environment.getStorageVolume(Environment.java:869)
01-22 11:02:58.403   588   696 E ActivityManager: 	at android.os.Environment.isExternalStorageEmulated(Environment.java:787)
01-22 11:02:58.403   588   696 E ActivityManager: 	at android.os.Environment.isExternalStorageEmulated(Environment.java:775)
01-22 11:02:58.403   588   696 E ActivityManager: 	at com.android.server.am.ActivityManagerService.startProcessLocked(ActivityManagerService.java:2944)
01-22 11:02:58.403   588   696 E ActivityManager: 	at com.android.server.am.ActivityManagerService.startProcessLocked(ActivityManagerService.java:2895)
01-22 11:02:58.403   588   696 E ActivityManager: 	at com.android.server.am.ActivityManagerService.startProcessLocked(ActivityManagerService.java:2780)
01-22 11:02:58.403   588   696 E ActivityManager: 	at com.android.server.am.ActiveServices.bringUpServiceLocked(ActiveServices.java:1409)
01-22 11:02:58.403   588   696 E ActivityManager: 	at com.android.server.am.ActiveServices.bindServiceLocked(ActiveServices.java:807)
01-22 11:02:58.403   588   696 E ActivityManager: 	at com.android.server.am.ActivityManagerService.bindService(ActivityManagerService.java:15427)
01-22 11:02:58.403   588   696 E ActivityManager: 	at android.app.ContextImpl.bindServiceCommon(ContextImpl.java:1788)
01-22 11:02:58.403   588   696 E ActivityManager: 	at android.app.ContextImpl.bindService(ContextImpl.java:1757)
01-22 11:02:58.403   588   696 E ActivityManager: 	at com.android.internal.policy.impl.LgBtRcuStateManager$LgIptvRemote.bindService(LgBtRcuStateManager.java:248)
01-22 11:02:58.403   588   696 E ActivityManager: 	at com.android.internal.policy.impl.LgBtRcuStateManager.<init>(LgBtRcuStateManager.java:49)
01-22 11:02:58.403   588   696 E ActivityManager: 	at com.android.internal.policy.impl.LgTvWindowManager.init(LgTvWindowManager.java:225)
01-22 11:02:58.403   588   696 E ActivityManager: 	at com.android.server.wm.WindowManagerService$3.run(WindowManagerService.java:813)
01-22 11:02:58.403   588   696 E ActivityManager: 	at android.os.Handler$BlockingRunnable.run(Handler.java:759)
01-22 11:02:58.403   588   696 E ActivityManager: 	at android.os.Handler.handleCallback(Handler.java:739)
01-22 11:02:58.403   588   696 E ActivityManager: 	at android.os.Handler.dispatchMessage(Handler.java:95)
01-22 11:02:58.403   588   696 E ActivityManager: 	at android.os.Looper.loop(Looper.java:135)
01-22 11:02:58.403   588   696 E ActivityManager: 	at android.os.HandlerThread.run(HandlerThread.java:61)
01-22 11:02:58.403   588   696 E ActivityManager: 	at com.android.server.ServiceThread.run(ServiceThread.java:46)
01-22 11:02:58.404   588   696 W ActivityManager: Unable to launch app com.lge.sys/1000 for service Intent { act=com.lge.sys.ILgIptvShmRemote pkg=com.lge.sys }: process is bad
01-22 11:02:58.440   588   588 I InputManager: Starting input manager
01-22 11:02:58.451   588   588 I SystemServer: Bluetooth Manager Service
01-22 11:02:58.475   588   588 I SystemServer: Input Method Service
01-22 11:02:58.503   588   588 W InputMethodManagerService: Couldn't create dir.: /data/system/inputmethod
01-22 11:02:58.544   588   588 I SystemServer: Accessibility Manager
01-22 11:02:58.564   588   588 I ActivityManager: Config changes=1df8 {1.0 ?mcc?mnc ko_KR ?layoutDir sw540dp w961dp h540dp 213dpi lrg long land ?uimode ?night -touch -keyb/v/h dpad/v s.2}
01-22 11:02:58.589   588   588 I SystemServer: Mount Service
01-22 11:02:58.601   588   588 D MountService: got storage path: null description:   primary: false removable: false emulated: true mtpReserve: 100 allowMassStorage: false maxFileSize: 0
01-22 11:02:58.603   588   588 D MountService: addVolumeLocked() StorageVolume:
01-22 11:02:58.603   588   588 D MountService:     mStorageId=65537 mPath=/storage/emulated/0 mDescriptionId=17040805 
01-22 11:02:58.603   588   588 D MountService:     mPrimary=true mRemovable=false mEmulated=true mMtpReserveSpace=100 
01-22 11:02:58.603   588   588 D MountService:     mAllowMassStorage=false mMaxFileSize=0 mOwner=UserHandle{0} mUuid=null 
01-22 11:02:58.603   588   588 D MountService:     mUserLabel=null mState=null 
01-22 11:02:58.613   588   588 I SystemServer: LockSettingsService
01-22 11:02:58.629   588   588 I SystemServiceManager: Starting com.android.server.devicepolicy.DevicePolicyManagerService$Lifecycle
01-22 11:02:58.633   588   783 D MountService: vols = []
01-22 11:02:58.663   588   678 I UsageStatsService: User[0] Rollover scheduled @ 2018-01-22 09:00:00(1516579200000)
01-22 11:02:58.663   588   678 I UsageStatsService: User[0] Rolling over usage stats
01-22 11:02:58.664   588   678 I UsageStatsService: User[0] Rollover scheduled @ 2018-01-23 09:00:00(1516665600000)
01-22 11:02:58.664   588   678 I UsageStatsService: User[0] Rolling over usage stats complete. Took 1 milliseconds
01-22 11:02:58.667   588   588 I SystemServer: Status Bar
01-22 11:02:58.673   588   588 I SystemServer: Clipboard Service
01-22 11:02:58.692   588   588 I SystemServer: NetworkManagement Service
01-22 11:02:58.703   588   588 I SystemServer: Text Service Manager Service
01-22 11:02:58.713   588   783 W PackageManager: Unknown permission com.lguplus.iptv4.familychannel.READ in package com.lguplus.iptv3.g2.superview
01-22 11:02:58.714   588   783 W PackageManager: Unknown permission com.lguplus.iptv4.familychannel.WRITE in package com.lguplus.iptv3.g2.superview
01-22 11:02:58.714   588   783 W PackageManager: Unknown permission com.google.android.apps.now.REMOTE_ACCESS in package com.google.android.katniss
01-22 11:02:58.714   588   783 W PackageManager: Unknown permission com.google.android.googlequicksearchbox.permission.FINISH_GEL_ACTIVITY in package com.google.android.katniss
01-22 11:02:58.714   588   783 W PackageManager: Unknown permission com.google.android.remotesearch.REMOTE_SEARCH_ACCESS in package com.google.android.katniss
01-22 11:02:58.714   588   783 W PackageManager: Unknown permission com.google.android.apps.now.CURRENT_ACCOUNT_ACCESS in package com.google.android.katniss
01-22 11:02:58.714   588   783 W PackageManager: Unknown permission com.google.android.googlequicksearchbox.permission.C2D_MESSAGE in package com.google.android.katniss
01-22 11:02:58.715   588   783 W PackageManager: Not granting permission com.google.android.providers.settings.permission.READ_GSETTINGS to package com.google.android.katniss (protectionLevel=2 flags=0x4058be45)
