01-24 16:22:08.239   629   896 W ContextImpl: Calling a method in the system process without a qualified user: android.app.ContextImpl.sendBroadcast:1327 com.android.internal.policy.impl.LgTvWindowManager.interceptKeyBeforeDispatching:403 com.android.server.wm.InputMonitor.interceptKeyBeforeDispatching:388 com.android.server.input.InputManagerService.interceptKeyBeforeDispatching:1510 <bottom of call stack> 
01-24 16:22:09.379   629   896 W ContextImpl: Calling a method in the system process without a qualified user: android.app.ContextImpl.sendBroadcast:1327 com.android.internal.policy.impl.LgTvWindowManager.interceptKeyBeforeDispatching:403 com.android.server.wm.InputMonitor.interceptKeyBeforeDispatching:388 com.android.server.input.InputManagerService.interceptKeyBeforeDispatching:1510 <bottom of call stack> 
01-24 16:22:09.760   471   471 I cpusvc  : [restore_max_freq] max freq gonna restore to: 1200000
01-24 16:22:12.811   471   471 I cpusvc  : [reduce_max_freq] max freq gonna reduce to: 1000000
01-24 16:22:15.118   629  1309 D ActivityManager: getTasks: caller 10031 is using old GET_TASKS but privileged; allowing
01-24 16:22:18.921   471   471 I cpusvc  : [restore_max_freq] max freq gonna restore to: 1200000
01-24 16:22:21.972   471   471 I cpusvc  : [reduce_max_freq] max freq gonna reduce to: 1000000
01-24 16:22:28.073   471   471 I cpusvc  : [restore_max_freq] max freq gonna restore to: 1200000
01-24 16:22:30.165   629   896 W ContextImpl: Calling a method in the system process without a qualified user: android.app.ContextImpl.sendBroadcast:1327 com.android.internal.policy.impl.LgTvWindowManager.interceptKeyBeforeDispatching:403 com.android.server.wm.InputMonitor.interceptKeyBeforeDispatching:388 com.android.server.input.InputManagerService.interceptKeyBeforeDispatching:1510 <bottom of call stack> 
01-24 16:22:30.308   629   896 W ContextImpl: Calling a method in the system process without a qualified user: android.app.ContextImpl.sendBroadcast:1327 com.android.internal.policy.impl.LgTvWindowManager.interceptKeyBeforeDispatching:403 com.android.server.wm.InputMonitor.interceptKeyBeforeDispatching:388 com.android.server.input.InputManagerService.interceptKeyBeforeDispatching:1510 <bottom of call stack> 
01-24 16:22:30.767   629   896 W ContextImpl: Calling a method in the system process without a qualified user: android.app.ContextImpl.sendBroadcast:1327 com.android.internal.policy.impl.LgTvWindowManager.interceptKeyBeforeDispatching:403 com.android.server.wm.InputMonitor.interceptKeyBeforeDispatching:388 com.android.server.input.InputManagerService.interceptKeyBeforeDispatching:1510 <bottom of call stack> 
01-24 16:22:30.915   629   896 W ContextImpl: Calling a method in the system process without a qualified user: android.app.ContextImpl.sendBroadcast:1327 com.android.internal.policy.impl.LgTvWindowManager.interceptKeyBeforeDispatching:403 com.android.server.wm.InputMonitor.interceptKeyBeforeDispatching:388 com.android.server.input.InputManagerService.interceptKeyBeforeDispatching:1510 <bottom of call stack> 
01-24 16:22:31.125   471   471 I cpusvc  : [reduce_max_freq] max freq gonna reduce to: 1000000
01-24 16:22:37.245   471   471 I cpusvc  : [restore_max_freq] max freq gonna restore to: 1200000
01-24 16:22:40.296   471   471 I cpusvc  : [reduce_max_freq] max freq gonna reduce to: 1000000
01-24 16:22:45.102   629  1354 D ActivityManager: getTasks: caller 10031 is using old GET_TASKS but privileged; allowing
01-24 16:22:47.530   629   797 W ProcessCpuTracker: Skipping unknown process pid 12075
01-24 16:22:47.531   629   797 W ProcessCpuTracker: Skipping unknown process pid 12076
01-24 16:22:47.531   629   797 W ProcessCpuTracker: Skipping unknown process pid 12077
01-24 16:22:49.453   471   471 I cpusvc  : [restore_max_freq] max freq gonna restore to: 1200000
01-24 16:22:52.504   471   471 I cpusvc  : [reduce_max_freq] max freq gonna reduce to: 1000000
01-24 16:22:58.607   471   471 I cpusvc  : [restore_max_freq] max freq gonna restore to: 1200000
01-24 16:23:01.657   471   471 I cpusvc  : [reduce_max_freq] max freq gonna reduce to: 1000000
01-24 16:23:02.973   629  1334 W AlarmManager: Suspiciously short interval 30000 millis; expanding to 60 seconds
01-24 16:23:07.765   471   471 I cpusvc  : [restore_max_freq] max freq gonna restore to: 1200000
01-24 16:23:10.821   471   471 I cpusvc  : [reduce_max_freq] max freq gonna reduce to: 1000000
01-24 16:23:15.106   629   830 D ActivityManager: getTasks: caller 10031 is using old GET_TASKS but privileged; allowing
01-24 16:23:16.924   471   471 I cpusvc  : [restore_max_freq] max freq gonna restore to: 1200000
01-24 16:23:19.974   471   471 I cpusvc  : [reduce_max_freq] max freq gonna reduce to: 1000000
01-24 16:23:26.090   471   471 I cpusvc  : [restore_max_freq] max freq gonna restore to: 1200000
01-24 16:23:27.056   629   896 W ContextImpl: Calling a method in the system process without a qualified user: android.app.ContextImpl.sendBroadcast:1327 com.android.internal.policy.impl.LgTvWindowManager.interceptKeyBeforeDispatching:403 com.android.server.wm.InputMonitor.interceptKeyBeforeDispatching:388 com.android.server.input.InputManagerService.interceptKeyBeforeDispatching:1510 <bottom of call stack> 
01-24 16:23:29.141   471   471 I cpusvc  : [reduce_max_freq] max freq gonna reduce to: 1000000
01-24 16:23:38.299   471   471 I cpusvc  : [restore_max_freq] max freq gonna restore to: 1200000
01-24 16:23:41.350   471   471 I cpusvc  : [reduce_max_freq] max freq gonna reduce to: 1000000
01-24 16:23:45.123   629  1467 D ActivityManager: getTasks: caller 10031 is using old GET_TASKS but privileged; allowing
01-24 16:23:47.454   471   471 I cpusvc  : [restore_max_freq] max freq gonna restore to: 1200000
01-24 16:23:50.506   471   471 I cpusvc  : [reduce_max_freq] max freq gonna reduce to: 1000000
01-24 16:23:56.608   471   471 I cpusvc  : [restore_max_freq] max freq gonna restore to: 1200000
01-24 16:23:59.658   471   471 I cpusvc  : [reduce_max_freq] max freq gonna reduce to: 1000000
01-24 16:24:03.198   629  1354 W AlarmManager: Suspiciously short interval 30000 millis; expanding to 60 seconds
01-24 16:24:05.771   471   471 I cpusvc  : [restore_max_freq] max freq gonna restore to: 1200000
01-24 16:24:08.822   471   471 I cpusvc  : [reduce_max_freq] max freq gonna reduce to: 1000000
01-24 16:24:14.925   471   471 I cpusvc  : [restore_max_freq] max freq gonna restore to: 1200000
01-24 16:24:15.118   629  1373 D ActivityManager: getTasks: caller 10031 is using old GET_TASKS but privileged; allowing
01-24 16:24:17.975   471   471 I cpusvc  : [reduce_max_freq] max freq gonna reduce to: 1000000
01-24 16:24:27.134   471   471 I cpusvc  : [restore_max_freq] max freq gonna restore to: 1200000
01-24 16:24:30.192   471   471 I cpusvc  : [reduce_max_freq] max freq gonna reduce to: 1000000
01-24 16:24:36.298   471   471 I cpusvc  : [restore_max_freq] max freq gonna restore to: 1200000
01-24 16:24:39.349   471   471 I cpusvc  : [reduce_max_freq] max freq gonna reduce to: 1000000
01-24 16:24:40.247   629   797 W ProcessCpuTracker: Skipping unknown process pid 12432
01-24 16:24:45.102   629   644 D ActivityManager: getTasks: caller 10031 is using old GET_TASKS but privileged; allowing
01-24 16:24:45.454   471   471 I cpusvc  : [restore_max_freq] max freq gonna restore to: 1200000
01-24 16:24:48.506   471   471 I cpusvc  : [reduce_max_freq] max freq gonna reduce to: 1000000
01-24 16:24:54.616   471   471 I cpusvc  : [restore_max_freq] max freq gonna restore to: 1200000
01-24 16:24:57.669   471   471 I cpusvc  : [reduce_max_freq] max freq gonna reduce to: 1000000
01-24 16:25:03.467   629  1467 W AlarmManager: Suspiciously short interval 30000 millis; expanding to 60 seconds
01-24 16:25:03.790   471   471 I cpusvc  : [restore_max_freq] max freq gonna restore to: 1200000
01-24 16:25:06.844   471   471 I cpusvc  : [reduce_max_freq] max freq gonna reduce to: 1000000
01-24 16:25:11.244   629   896 W ContextImpl: Calling a method in the system process without a qualified user: android.app.ContextImpl.sendBroadcast:1327 com.android.internal.policy.impl.LgTvWindowManager.interceptKeyBeforeDispatching:403 com.android.server.wm.InputMonitor.interceptKeyBeforeDispatching:388 com.android.server.input.InputManagerService.interceptKeyBeforeDispatching:1510 <bottom of call stack> 
01-24 16:25:11.715   629   896 W ContextImpl: Calling a method in the system process without a qualified user: android.app.ContextImpl.sendBroadcast:1327 com.android.internal.policy.impl.LgTvWindowManager.interceptKeyBeforeDispatching:403 com.android.server.wm.InputMonitor.interceptKeyBeforeDispatching:388 com.android.server.input.InputManagerService.interceptKeyBeforeDispatching:1510 <bottom of call stack> 
01-24 16:25:15.108   629  1373 D ActivityManager: getTasks: caller 10031 is using old GET_TASKS but privileged; allowing
01-24 16:25:16.007   471   471 I cpusvc  : [restore_max_freq] max freq gonna restore to: 1200000
01-24 16:25:19.059   471   471 I cpusvc  : [reduce_max_freq] max freq gonna reduce to: 1000000
01-24 16:25:25.162   471   471 I cpusvc  : [restore_max_freq] max freq gonna restore to: 1200000
01-24 16:25:28.213   471   471 I cpusvc  : [reduce_max_freq] max freq gonna reduce to: 1000000
01-24 16:25:34.317   471   471 I cpusvc  : [restore_max_freq] max freq gonna restore to: 1200000
01-24 16:25:35.066   629   896 W ContextImpl: Calling a method in the system process without a qualified user: android.app.ContextImpl.sendBroadcast:1327 com.android.internal.policy.impl.LgTvWindowManager.interceptKeyBeforeDispatching:403 com.android.server.wm.InputMonitor.interceptKeyBeforeDispatching:388 com.android.server.input.InputManagerService.interceptKeyBeforeDispatching:1510 <bottom of call stack> 
01-24 16:25:36.222  1448  1464 W ContextImpl: Calling a method in the system process without a qualified user: android.app.ContextImpl.sendBroadcast:1327 android.content.ContextWrapper.sendBroadcast:377 com.lge.sys.IptvShmService$IptvEventHandler.BroadcastCmEvent:742 com.lge.sys.IptvListener.Notify:162 com.lge.sys.ILgIpcClientService$Stub.onTransact:55 
01-24 16:25:36.299  1448  1465 W ContextImpl: Calling a method in the system process without a qualified user: android.app.ContextImpl.sendBroadcast:1327 android.content.ContextWrapper.sendBroadcast:377 com.lge.sys.IptvShmService$IptvEventHandler.BroadcastCmEvent:742 com.lge.sys.IptvListener.Notify:132 com.lge.sys.ILgIpcClientService$Stub.onTransact:55 
01-24 16:25:36.972   629   896 W ContextImpl: Calling a method in the system process without a qualified user: android.app.ContextImpl.sendBroadcast:1327 com.android.internal.policy.impl.LgTvWindowManager.interceptKeyBeforeDispatching:403 com.android.server.wm.InputMonitor.interceptKeyBeforeDispatching:388 com.android.server.input.InputManagerService.interceptKeyBeforeDispatching:1510 <bottom of call stack> 
01-24 16:25:37.345   629   896 W ContextImpl: Calling a method in the system process without a qualified user: android.app.ContextImpl.sendBroadcast:1327 com.android.internal.policy.impl.LgTvWindowManager.interceptKeyBeforeDispatching:403 com.android.server.wm.InputMonitor.interceptKeyBeforeDispatching:388 com.android.server.input.InputManagerService.interceptKeyBeforeDispatching:1510 <bottom of call stack> 
01-24 16:25:37.369   471   471 I cpusvc  : [reduce_max_freq] max freq gonna reduce to: 1000000
01-24 16:25:37.492   629   896 W ContextImpl: Calling a method in the system process without a qualified user: android.app.ContextImpl.sendBroadcast:1327 com.android.internal.policy.impl.LgTvWindowManager.interceptKeyBeforeDispatching:403 com.android.server.wm.InputMonitor.interceptKeyBeforeDispatching:388 com.android.server.input.InputManagerService.interceptKeyBeforeDispatching:1510 <bottom of call stack> 
01-24 16:25:37.574   629   896 W ContextImpl: Calling a method in the system process without a qualified user: android.app.ContextImpl.sendBroadcast:1327 com.android.internal.policy.impl.LgTvWindowManager.interceptKeyBeforeDispatching:403 com.android.server.wm.InputMonitor.interceptKeyBeforeDispatching:388 com.android.server.input.InputManagerService.interceptKeyBeforeDispatching:1510 <bottom of call stack> 
01-24 16:25:37.698  1448  2766 W ContextImpl: Calling a method in the system process without a qualified user: android.app.ContextImpl.sendBroadcast:1327 android.content.ContextWrapper.sendBroadcast:377 com.lge.sys.IptvShmService$IptvEventHandler.BroadcastCmEvent:742 com.lge.sys.IptvListener.Notify:162 com.lge.sys.ILgIpcClientService$Stub.onTransact:55 
01-24 16:25:37.721   629   896 W ContextImpl: Calling a method in the system process without a qualified user: android.app.ContextImpl.sendBroadcast:1327 com.android.internal.policy.impl.LgTvWindowManager.interceptKeyBeforeDispatching:403 com.android.server.wm.InputMonitor.interceptKeyBeforeDispatching:388 com.android.server.input.InputManagerService.interceptKeyBeforeDispatching:1510 <bottom of call stack> 
01-24 16:25:37.820   629   896 W ContextImpl: Calling a method in the system process without a qualified user: android.app.ContextImpl.sendBroadcast:1327 com.android.internal.policy.impl.LgTvWindowManager.interceptKeyBeforeDispatching:403 com.android.server.wm.InputMonitor.interceptKeyBeforeDispatching:388 com.android.server.input.InputManagerService.interceptKeyBeforeDispatching:1510 <bottom of call stack> 
01-24 16:25:37.931   629   896 W ContextImpl: Calling a method in the system process without a qualified user: android.app.ContextImpl.sendBroadcast:1327 com.android.internal.policy.impl.LgTvWindowManager.interceptKeyBeforeDispatching:403 com.android.server.wm.InputMonitor.interceptKeyBeforeDispatching:388 com.android.server.input.InputManagerService.interceptKeyBeforeDispatching:1510 <bottom of call stack> 
01-24 16:25:37.973   629   896 W ContextImpl: Calling a method in the system process without a qualified user: android.app.ContextImpl.sendBroadcast:1327 com.android.internal.policy.impl.LgTvWindowManager.interceptKeyBeforeDispatching:403 com.android.server.wm.InputMonitor.interceptKeyBeforeDispatching:388 com.android.server.input.InputManagerService.interceptKeyBeforeDispatching:1510 <bottom of call stack> 
01-24 16:25:38.114   629   896 W ContextImpl: Calling a method in the system process without a qualified user: android.app.ContextImpl.sendBroadcast:1327 com.android.internal.policy.impl.LgTvWindowManager.interceptKeyBeforeDispatching:403 com.android.server.wm.InputMonitor.interceptKeyBeforeDispatching:388 com.android.server.input.InputManagerService.interceptKeyBeforeDispatching:1510 <bottom of call stack> 
01-24 16:25:38.175   629   896 W ContextImpl: Calling a method in the system process without a qualified user: android.app.ContextImpl.sendBroadcast:1327 com.android.internal.policy.impl.LgTvWindowManager.interceptKeyBeforeDispatching:403 com.android.server.wm.InputMonitor.interceptKeyBeforeDispatching:388 com.android.server.input.InputManagerService.interceptKeyBeforeDispatching:1510 <bottom of call stack> 
01-24 16:25:38.224  1448  1464 W ContextImpl: Calling a method in the system process without a qualified user: android.app.ContextImpl.sendBroadcast:1327 android.content.ContextWrapper.sendBroadcast:377 com.lge.sys.IptvShmService$IptvEventHandler.BroadcastCmEvent:742 com.lge.sys.IptvListener.Notify:132 com.lge.sys.ILgIpcClientService$Stub.onTransact:55 
01-24 16:25:38.342   629   896 W ContextImpl: Calling a method in the system process without a qualified user: android.app.ContextImpl.sendBroadcast:1327 com.android.internal.policy.impl.LgTvWindowManager.interceptKeyBeforeDispatching:403 com.android.server.wm.InputMonitor.interceptKeyBeforeDispatching:388 com.android.server.input.InputManagerService.interceptKeyBeforeDispatching:1510 <bottom of call stack> 
01-24 16:25:38.685   629   896 W ContextImpl: Calling a method in the system process without a qualified user: android.app.ContextImpl.sendBroadcast:1327 com.android.internal.policy.impl.LgTvWindowManager.interceptKeyBeforeDispatching:403 com.android.server.wm.InputMonitor.interceptKeyBeforeDispatching:388 com.android.server.input.InputManagerService.interceptKeyBeforeDispatching:1510 <bottom of call stack> 
01-24 16:25:38.853   629   896 W ContextImpl: Calling a method in the system process without a qualified user: android.app.ContextImpl.sendBroadcast:1327 com.android.internal.policy.impl.LgTvWindowManager.interceptKeyBeforeDispatching:403 com.android.server.wm.InputMonitor.interceptKeyBeforeDispatching:388 com.android.server.input.InputManagerService.interceptKeyBeforeDispatching:1510 <bottom of call stack> 
01-24 16:25:39.725  1448  2776 W ContextImpl: Calling a method in the system process without a qualified user: android.app.ContextImpl.sendBroadcast:1327 android.content.ContextWrapper.sendBroadcast:377 com.lge.sys.IptvShmService$IptvEventHandler.BroadcastCmEvent:742 com.lge.sys.IptvListener.Notify:162 com.lge.sys.ILgIpcClientService$Stub.onTransact:55 
01-24 16:25:40.112  1448  2766 W ContextImpl: Calling a method in the system process without a qualified user: android.app.ContextImpl.sendBroadcast:1327 android.content.ContextWrapper.sendBroadcast:377 com.lge.sys.IptvShmService$IptvEventHandler.BroadcastCmEvent:742 com.lge.sys.IptvListener.Notify:132 com.lge.sys.ILgIpcClientService$Stub.onTransact:55 
01-24 16:25:42.169   629   896 W ContextImpl: Calling a method in the system process without a qualified user: android.app.ContextImpl.sendBroadcast:1327 com.android.internal.policy.impl.LgTvWindowManager.interceptKeyBeforeDispatching:403 com.android.server.wm.InputMonitor.interceptKeyBeforeDispatching:388 com.android.server.input.InputManagerService.interceptKeyBeforeDispatching:1510 <bottom of call stack> 
01-24 16:25:42.233   629   896 W ContextImpl: Calling a method in the system process without a qualified user: android.app.ContextImpl.sendBroadcast:1327 com.android.internal.policy.impl.LgTvWindowManager.interceptKeyBeforeDispatching:403 com.android.server.wm.InputMonitor.interceptKeyBeforeDispatching:388 com.android.server.input.InputManagerService.interceptKeyBeforeDispatching:1510 <bottom of call stack> 
01-24 16:25:42.717   629   896 W ContextImpl: Calling a method in the system process without a qualified user: android.app.ContextImpl.sendBroadcast:1327 com.android.internal.policy.impl.LgTvWindowManager.interceptKeyBeforeDispatching:403 com.android.server.wm.InputMonitor.interceptKeyBeforeDispatching:388 com.android.server.input.InputManagerService.interceptKeyBeforeDispatching:1510 <bottom of call stack> 
01-24 16:25:43.480   471   471 I cpusvc  : [restore_max_freq] max freq gonna restore to: 1200000
01-24 16:25:43.722   629   645 W AlarmManager: Suspiciously short interval 30000 millis; expanding to 60 seconds
01-24 16:25:45.103   629  1485 D ActivityManager: getTasks: caller 10031 is using old GET_TASKS but privileged; allowing
01-24 16:25:46.530   471   471 I cpusvc  : [reduce_max_freq] max freq gonna reduce to: 1000000
01-24 16:25:52.633   629   896 W ContextImpl: Calling a method in the system process without a qualified user: android.app.ContextImpl.sendBroadcast:1327 com.android.internal.policy.impl.LgTvWindowManager.interceptKeyBeforeDispatching:403 com.android.server.wm.InputMonitor.interceptKeyBeforeDispatching:388 com.android.server.input.InputManagerService.interceptKeyBeforeDispatching:1510 <bottom of call stack> 
01-24 16:25:52.636   471   471 I cpusvc  : [restore_max_freq] max freq gonna restore to: 1200000
01-24 16:25:53.272  1448  1465 W ContextImpl: Calling a method in the system process without a qualified user: android.app.ContextImpl.sendBroadcast:1327 android.content.ContextWrapper.sendBroadcast:377 com.lge.sys.IptvShmService$IptvEventHandler.BroadcastCmEvent:742 com.lge.sys.IptvListener.Notify:162 com.lge.sys.ILgIpcClientService$Stub.onTransact:55 
01-24 16:25:53.631  1448  2776 W ContextImpl: Calling a method in the system process without a qualified user: android.app.ContextImpl.sendBroadcast:1327 android.content.ContextWrapper.sendBroadcast:377 com.lge.sys.IptvShmService$IptvEventHandler.BroadcastCmEvent:742 com.lge.sys.IptvListener.Notify:132 com.lge.sys.ILgIpcClientService$Stub.onTransact:55 
01-24 16:25:54.342   629   896 W ContextImpl: Calling a method in the system process without a qualified user: android.app.ContextImpl.sendBroadcast:1327 com.android.internal.policy.impl.LgTvWindowManager.interceptKeyBeforeDispatching:403 com.android.server.wm.InputMonitor.interceptKeyBeforeDispatching:388 com.android.server.input.InputManagerService.interceptKeyBeforeDispatching:1510 <bottom of call stack> 
01-24 16:25:54.923  1448  1464 W ContextImpl: Calling a method in the system process without a qualified user: android.app.ContextImpl.sendBroadcast:1327 android.content.ContextWrapper.sendBroadcast:377 com.lge.sys.IptvShmService$IptvEventHandler.BroadcastCmEvent:742 com.lge.sys.IptvListener.Notify:162 com.lge.sys.ILgIpcClientService$Stub.onTransact:55 
01-24 16:25:55.358  1448  1465 W ContextImpl: Calling a method in the system process without a qualified user: android.app.ContextImpl.sendBroadcast:1327 android.content.ContextWrapper.sendBroadcast:377 com.lge.sys.IptvShmService$IptvEventHandler.BroadcastCmEvent:742 com.lge.sys.IptvListener.Notify:132 com.lge.sys.ILgIpcClientService$Stub.onTransact:55 
01-24 16:25:55.687   471   471 I cpusvc  : [reduce_max_freq] max freq gonna reduce to: 1000000
01-24 16:26:01.797   471   471 I cpusvc  : [restore_max_freq] max freq gonna restore to: 1200000
01-24 16:26:04.848   471   471 I cpusvc  : [reduce_max_freq] max freq gonna reduce to: 1000000
01-24 16:26:13.764   629  1467 W AlarmManager: Suspiciously short interval 30000 millis; expanding to 60 seconds
01-24 16:26:14.001   471   471 I cpusvc  : [restore_max_freq] max freq gonna restore to: 1200000
01-24 16:26:15.102   629   644 D ActivityManager: getTasks: caller 10031 is using old GET_TASKS but privileged; allowing
01-24 16:26:17.053   471   471 I cpusvc  : [reduce_max_freq] max freq gonna reduce to: 1000000
01-24 16:26:23.155   471   471 I cpusvc  : [restore_max_freq] max freq gonna restore to: 1200000
01-24 16:26:26.206   471   471 I cpusvc  : [reduce_max_freq] max freq gonna reduce to: 1000000
01-24 16:26:32.308   471   471 I cpusvc  : [restore_max_freq] max freq gonna restore to: 1200000
01-24 16:26:35.359   471   471 I cpusvc  : [reduce_max_freq] max freq gonna reduce to: 1000000
01-24 16:26:38.499   629   797 W ProcessCpuTracker: Skipping unknown process pid 12894
01-24 16:26:41.469   471   471 I cpusvc  : [restore_max_freq] max freq gonna restore to: 1200000
01-24 16:26:44.520   471   471 I cpusvc  : [reduce_max_freq] max freq gonna reduce to: 1000000
01-24 16:26:45.102   629  1467 D ActivityManager: getTasks: caller 10031 is using old GET_TASKS but privileged; allowing
01-24 16:26:47.256   629   896 W ContextImpl: Calling a method in the system process without a qualified user: android.app.ContextImpl.sendBroadcast:1327 com.android.internal.policy.impl.LgTvWindowManager.interceptKeyBeforeDispatching:403 com.android.server.wm.InputMonitor.interceptKeyBeforeDispatching:388 com.android.server.input.InputManagerService.interceptKeyBeforeDispatching:1510 <bottom of call stack> 
01-24 16:26:48.465  1448  2766 W ContextImpl: Calling a method in the system process without a qualified user: android.app.ContextImpl.sendBroadcast:1327 android.content.ContextWrapper.sendBroadcast:377 com.lge.sys.IptvShmService$IptvEventHandler.BroadcastCmEvent:742 com.lge.sys.IptvListener.Notify:162 com.lge.sys.ILgIpcClientService$Stub.onTransact:55 
01-24 16:26:48.695  1448  1464 W ContextImpl: Calling a method in the system process without a qualified user: android.app.ContextImpl.sendBroadcast:1327 android.content.ContextWrapper.sendBroadcast:377 com.lge.sys.IptvShmService$IptvEventHandler.BroadcastCmEvent:742 com.lge.sys.IptvListener.Notify:132 com.lge.sys.ILgIpcClientService$Stub.onTransact:55 
01-24 16:26:50.621   471   471 I cpusvc  : [restore_max_freq] max freq gonna restore to: 1200000
01-24 16:26:53.672   471   471 I cpusvc  : [reduce_max_freq] max freq gonna reduce to: 1000000
01-24 16:26:55.359   629   797 W ProcessCpuTracker: Skipping unknown process pid 12972
01-24 16:26:55.359   629   797 W ProcessCpuTracker: Skipping unknown process pid 12973
01-24 16:26:55.363   629   797 W ProcessCpuTracker: Skipping unknown process pid 12974
01-24 16:26:57.058   629  1466 W AlarmManager: Suspiciously short interval 30000 millis; expanding to 60 seconds
01-24 16:26:59.818   629   896 W ContextImpl: Calling a method in the system process without a qualified user: android.app.ContextImpl.sendBroadcast:1327 com.android.internal.policy.impl.LgTvWindowManager.interceptKeyBeforeDispatching:403 com.android.server.wm.InputMonitor.interceptKeyBeforeDispatching:388 com.android.server.input.InputManagerService.interceptKeyBeforeDispatching:1510 <bottom of call stack> 
01-24 16:27:02.824   471   471 I cpusvc  : [restore_max_freq] max freq gonna restore to: 1200000
01-24 16:27:05.875   471   471 I cpusvc  : [reduce_max_freq] max freq gonna reduce to: 1000000
01-24 16:27:11.979   471   471 I cpusvc  : [restore_max_freq] max freq gonna restore to: 1200000
01-24 16:27:12.238   629   797 W ProcessCpuTracker: Skipping unknown process pid 13024
01-24 16:27:12.238   629   797 W ProcessCpuTracker: Skipping unknown process pid 13025
01-24 16:27:12.239   629   797 W ProcessCpuTracker: Skipping unknown process pid 13026
01-24 16:27:15.032   471   471 I cpusvc  : [reduce_max_freq] max freq gonna reduce to: 1000000
01-24 16:27:15.122   629  1354 D ActivityManager: getTasks: caller 10031 is using old GET_TASKS but privileged; allowing
01-24 16:27:21.146   471   471 I cpusvc  : [restore_max_freq] max freq gonna restore to: 1200000
01-24 16:27:24.197   471   471 I cpusvc  : [reduce_max_freq] max freq gonna reduce to: 1000000
01-24 16:27:30.304   471   471 I cpusvc  : [restore_max_freq] max freq gonna restore to: 1200000
01-24 16:27:30.405   629   821 W BatteryStatsImpl: Couldn't get kernel wake lock stats
01-24 16:27:33.355   471   471 I cpusvc  : [reduce_max_freq] max freq gonna reduce to: 1000000
01-24 16:27:35.995   629  1354 I ActivityManager: Process com.android.deskclock (pid 9945) has died
01-24 16:27:35.996   629  1354 D ActivityManager: cleanUpApplicationRecord -- 9945
01-24 16:27:38.040   629  1373 I ActivityManager: Process com.google.android.syncadapters.calendar (pid 9120) has died
01-24 16:27:38.078   629  1373 D ActivityManager: cleanUpApplicationRecord -- 9120
01-24 16:27:38.111   629   645 I ActivityManager: Process com.lguplus.iptv3.base.setting (pid 8815) has died
01-24 16:27:38.111   629   645 D ActivityManager: cleanUpApplicationRecord -- 8815
01-24 16:27:38.138   629  1411 I ActivityManager: Process com.google.process.gapps (pid 1277) has died
01-24 16:27:38.138   629  1411 D ActivityManager: cleanUpApplicationRecord -- 1277
01-24 16:27:38.158   629  1410 D ConnectivityService: ConnectivityService NetworkRequestInfo binderDied(NetworkRequest [ id=12, legacyType=-1, [ Capabilities: INTERNET&NOT_RESTRICTED&TRUSTED] ], android.os.BinderProxy@315a11a)
01-24 16:27:38.159   629   915 D ConnectivityService: releasing NetworkRequest NetworkRequest [ id=12, legacyType=-1, [ Capabilities: INTERNET&NOT_RESTRICTED&TRUSTED] ]
01-24 16:27:38.240   629  1309 I WindowState: WIN DEATH: Window{1bd81c4f u0 com.lguplus.iptv3.familychannel/com.lguplus.iptv3.familychannel.activity.LaunchActivity}
01-24 16:27:38.454   629   830 I ActivityManager: Process com.gnifrix.bshopping (pid 10643) has died
01-24 16:27:38.454   629   830 D ActivityManager: cleanUpApplicationRecord -- 10643
01-24 16:27:38.525   629  1485 I WindowState: WIN DEATH: Window{3f528518 u0 com.lguplus.iptv3.base.launcher/com.lguplus.iptv3.base.launcher.HomeActivity}
01-24 16:27:38.540   629  1467 I WindowState: WIN DEATH: Window{29ff8408 u0 SurfaceView}
01-24 16:27:38.550   629  1213 I WindowState: WIN DEATH: Window{31012bfa u0 com.lguplus.iptv4.base.curation/com.lguplus.iptv4.base.curation.MainActivity}
01-24 16:27:38.573   629  1354 I ActivityManager: Process com.android.providers.calendar (pid 9143) has died
01-24 16:27:38.573   629  1354 D ActivityManager: cleanUpApplicationRecord -- 9143
01-24 16:27:38.876   629  1334 I ActivityManager: Process com.android.vending (pid 11565) has died
01-24 16:27:38.876   629  1334 D ActivityManager: cleanUpApplicationRecord -- 11565
01-24 16:27:38.900   629  1374 I ActivityManager: Process com.lguplus.iptv3.base.si.provider (pid 5997) has died
01-24 16:27:38.900   629  1374 D ActivityManager: cleanUpApplicationRecord -- 5997
01-24 16:27:38.923   629   644 I ActivityManager: Process com.lguplus.iptv3.familychannel (pid 4947) has died
01-24 16:27:38.923   629   644 D ActivityManager: cleanUpApplicationRecord -- 4947
01-24 16:27:39.107   629   915 E ConnectivityService: RemoteException caught trying to send a callback msg for NetworkRequest [ id=12, legacyType=-1, [ Capabilities: INTERNET&NOT_RESTRICTED&TRUSTED] ]
01-24 16:27:39.240   629  1447 I ActivityManager: Process com.lguplus.iptv3.base.launcher (pid 4425) has died
01-24 16:27:39.241   629  1447 D ActivityManager: cleanUpApplicationRecord -- 4425
01-24 16:27:39.242   629  1447 W ActivityManager: Scheduling restart of crashed service com.lguplus.iptv3.base.launcher/.service.UpdateService in 1000ms
01-24 16:27:39.261   629  1309 I ActivityManager: Process com.lguplus.iptv4.base.curation (pid 4843) has died
01-24 16:27:39.261   629  1309 D ActivityManager: cleanUpApplicationRecord -- 4843
01-24 16:27:39.262   629  1309 W ActivityManager: Scheduling restart of crashed service com.lguplus.iptv4.base.curation/.StartCurationService in 1000ms
01-24 16:27:39.468   471   471 I cpusvc  : [restore_max_freq] max freq gonna restore to: 1200000
01-24 16:27:40.389   629   797 I ActivityManager: Start proc 13111:com.lguplus.iptv4.base.curation/u0a47 for service com.lguplus.iptv4.base.curation/.StartCurationService
01-24 16:27:40.541 13111 13111 I ActivityThread: Switching default density from 320 to 213
01-24 16:27:40.668 13111 13111 W ResourcesManager: Asset path '/system/framework/com.lge.iptv.jar' does not exist or contains no resources.
01-24 16:27:41.526   629  1213 I ActivityManager: Start proc 13134:com.lguplus.iptv3.base.setting/u0a60 for content provider com.lguplus.iptv3.base.setting/.provider.SettingProvider
01-24 16:27:41.619 13134 13134 I ActivityThread: Switching default density from 320 to 213
01-24 16:27:41.669 13134 13134 W ResourcesManager: Asset path '/system/framework/com.lge.iptv.jar' does not exist or contains no resources.
01-24 16:27:42.528   471   471 I cpusvc  : [reduce_max_freq] max freq gonna reduce to: 1000000
01-24 16:27:42.616   629   830 I ActivityManager: Start proc 13165:com.lguplus.iptv3.base.si.provider/u0a1 for content provider com.lguplus.iptv3.base.si.provider/.EpgProvider
01-24 16:27:42.716 13165 13165 I ActivityThread: Switching default density from 320 to 213
01-24 16:27:45.133   629  1485 D ActivityManager: getTasks: caller 10031 is using old GET_TASKS but privileged; allowing
01-24 16:27:51.691   471   471 I cpusvc  : [restore_max_freq] max freq gonna restore to: 1200000
01-24 16:27:54.749   471   471 I cpusvc  : [reduce_max_freq] max freq gonna reduce to: 1000000
01-24 16:27:57.094   629  1354 W AlarmManager: Suspiciously short interval 30000 millis; expanding to 60 seconds
01-24 16:28:00.852   471   471 I cpusvc  : [restore_max_freq] max freq gonna restore to: 1200000
01-24 16:28:03.903   471   471 I cpusvc  : [reduce_max_freq] max freq gonna reduce to: 1000000
01-24 16:28:10.006   471   471 I cpusvc  : [restore_max_freq] max freq gonna restore to: 1200000
01-24 16:28:13.057   471   471 I cpusvc  : [reduce_max_freq] max freq gonna reduce to: 1000000
01-24 16:28:15.121   629  1485 D ActivityManager: getTasks: caller 10031 is using old GET_TASKS but privileged; allowing
01-24 16:28:15.825   629   896 W ContextImpl: Calling a method in the system process without a qualified user: android.app.ContextImpl.sendBroadcast:1327 com.android.internal.policy.impl.LgTvWindowManager.interceptKeyBeforeDispatching:403 com.android.server.wm.InputMonitor.interceptKeyBeforeDispatching:388 com.android.server.input.InputManagerService.interceptKeyBeforeDispatching:1510 <bottom of call stack> 
01-24 16:28:15.921   629   896 W ContextImpl: Calling a method in the system process without a qualified user: android.app.ContextImpl.sendBroadcast:1327 com.android.internal.policy.impl.LgTvWindowManager.interceptKeyBeforeDispatching:403 com.android.server.wm.InputMonitor.interceptKeyBeforeDispatching:388 com.android.server.input.InputManagerService.interceptKeyBeforeDispatching:1510 <bottom of call stack> 
01-24 16:28:16.374   629   896 W ContextImpl: Calling a method in the system process without a qualified user: android.app.ContextImpl.sendBroadcast:1327 com.android.internal.policy.impl.LgTvWindowManager.interceptKeyBeforeDispatching:403 com.android.server.wm.InputMonitor.interceptKeyBeforeDispatching:388 com.android.server.input.InputManagerService.interceptKeyBeforeDispatching:1510 <bottom of call stack> 
01-24 16:28:16.523   629   896 W ContextImpl: Calling a method in the system process without a qualified user: android.app.ContextImpl.sendBroadcast:1327 com.android.internal.policy.impl.LgTvWindowManager.interceptKeyBeforeDispatching:403 com.android.server.wm.InputMonitor.interceptKeyBeforeDispatching:388 com.android.server.input.InputManagerService.interceptKeyBeforeDispatching:1510 <bottom of call stack> 
01-24 16:28:17.519   629   896 W ContextImpl: Calling a method in the system process without a qualified user: android.app.ContextImpl.sendBroadcast:1327 com.android.internal.policy.impl.LgTvWindowManager.interceptKeyBeforeDispatching:403 com.android.server.wm.InputMonitor.interceptKeyBeforeDispatching:388 com.android.server.input.InputManagerService.interceptKeyBeforeDispatching:1510 <bottom of call stack> 
01-24 16:28:17.819   629   797 I ProcessStatsService: Prepared write state in 132ms
01-24 16:28:17.856   629   795 I ProcessStatsService: Pruning old procstats: /data/system/procstats/state-2018-01-23-15-14-56.bin
01-24 16:28:19.168   471   471 I cpusvc  : [restore_max_freq] max freq gonna restore to: 1200000
01-24 16:28:22.219   471   471 I cpusvc  : [reduce_max_freq] max freq gonna reduce to: 1000000
01-24 16:28:28.323   471   471 I cpusvc  : [restore_max_freq] max freq gonna restore to: 1200000
01-24 16:28:31.375   471   471 I cpusvc  : [reduce_max_freq] max freq gonna reduce to: 1000000
01-24 16:28:40.532   471   471 I cpusvc  : [restore_max_freq] max freq gonna restore to: 1200000
01-24 16:28:43.584   471   471 I cpusvc  : [reduce_max_freq] max freq gonna reduce to: 1000000
01-24 16:28:45.120   629  1467 D ActivityManager: getTasks: caller 10031 is using old GET_TASKS but privileged; allowing
01-24 16:28:49.703   471   471 I cpusvc  : [restore_max_freq] max freq gonna restore to: 1200000
01-24 16:28:52.755   471   471 I cpusvc  : [reduce_max_freq] max freq gonna reduce to: 1000000
01-24 16:28:57.107   629  1411 W AlarmManager: Suspiciously short interval 30000 millis; expanding to 60 seconds
01-24 16:28:58.856   471   471 I cpusvc  : [restore_max_freq] max freq gonna restore to: 1200000
01-24 16:29:01.907   471   471 I cpusvc  : [reduce_max_freq] max freq gonna reduce to: 1000000
01-24 16:29:08.033   471   471 I cpusvc  : [restore_max_freq] max freq gonna restore to: 1200000
01-24 16:29:11.087   471   471 I cpusvc  : [reduce_max_freq] max freq gonna reduce to: 1000000
01-24 16:29:15.115   629  1466 D ActivityManager: getTasks: caller 10031 is using old GET_TASKS but privileged; allowing
01-24 16:29:17.196   471   471 I cpusvc  : [restore_max_freq] max freq gonna restore to: 1200000
01-24 16:29:20.253   471   471 I cpusvc  : [reduce_max_freq] max freq gonna reduce to: 1000000
01-24 16:29:29.046   629  1447 W AlarmManager: Suspiciously short interval 30000 millis; expanding to 60 seconds
01-24 16:29:29.409   471   471 I cpusvc  : [restore_max_freq] max freq gonna restore to: 1200000
01-24 16:29:29.723   629   797 W ResourcesManager: Asset path '/system/framework/com.lge.iptv.jar' does not exist or contains no resources.
01-24 16:29:32.473   471   471 I cpusvc  : [reduce_max_freq] max freq gonna reduce to: 1000000
01-24 16:29:38.575   471   471 I cpusvc  : [restore_max_freq] max freq gonna restore to: 1200000
01-24 16:29:41.632   471   471 I cpusvc  : [reduce_max_freq] max freq gonna reduce to: 1000000
01-24 16:29:45.123   629  1466 D ActivityManager: getTasks: caller 10031 is using old GET_TASKS but privileged; allowing
01-24 16:29:47.755   471   471 I cpusvc  : [restore_max_freq] max freq gonna restore to: 1200000
01-24 16:29:50.806   471   471 I cpusvc  : [reduce_max_freq] max freq gonna reduce to: 1000000
01-24 16:29:56.919   471   471 I cpusvc  : [restore_max_freq] max freq gonna restore to: 1200000
01-24 16:29:59.973   471   471 I cpusvc  : [reduce_max_freq] max freq gonna reduce to: 1000000
01-24 16:30:01.084   629   797 I ActivityManager: Start proc 13622:com.android.deskclock/u0a87 for broadcast com.android.deskclock/com.android.alarmclock.DigitalAppWidgetProvider
01-24 16:30:01.192 13622 13622 I ActivityThread: Switching default density from 320 to 213
01-24 16:30:06.078   471   471 I cpusvc  : [restore_max_freq] max freq gonna restore to: 1200000
01-24 16:30:09.129   471   471 I cpusvc  : [reduce_max_freq] max freq gonna reduce to: 1000000
01-24 16:30:15.136   629   830 D ActivityManager: getTasks: caller 10031 is using old GET_TASKS but privileged; allowing
01-24 16:30:18.283   471   471 I cpusvc  : [restore_max_freq] max freq gonna restore to: 1200000
01-24 16:30:21.334   471   471 I cpusvc  : [reduce_max_freq] max freq gonna reduce to: 1000000
01-24 16:30:22.395   629  1440 W AlarmManager: Suspiciously short interval 30000 millis; expanding to 60 seconds
01-24 16:30:27.441   471   471 I cpusvc  : [restore_max_freq] max freq gonna restore to: 1200000
01-24 16:30:30.494   471   471 I cpusvc  : [reduce_max_freq] max freq gonna reduce to: 1000000
01-24 16:30:36.603   471   471 I cpusvc  : [restore_max_freq] max freq gonna restore to: 1200000
01-24 16:30:39.654   471   471 I cpusvc  : [reduce_max_freq] max freq gonna reduce to: 1000000
01-24 16:30:45.138   629  1447 D ActivityManager: getTasks: caller 10031 is using old GET_TASKS but privileged; allowing
01-24 16:30:45.756   471   471 I cpusvc  : [restore_max_freq] max freq gonna restore to: 1200000
01-24 16:30:48.807   471   471 I cpusvc  : [reduce_max_freq] max freq gonna reduce to: 1000000
01-24 16:30:49.427   629   797 W ProcessCpuTracker: Skipping unknown process pid 13791
01-24 16:30:49.428   629   797 W ProcessCpuTracker: Skipping unknown process pid 13792
01-24 16:30:49.428   629   797 W ProcessCpuTracker: Skipping unknown process pid 13793
01-24 16:30:54.923   471   471 I cpusvc  : [restore_max_freq] max freq gonna restore to: 1200000
01-24 16:30:57.975   471   471 I cpusvc  : [reduce_max_freq] max freq gonna reduce to: 1000000
01-24 16:30:59.916   629   896 W ContextImpl: Calling a method in the system process without a qualified user: android.app.ContextImpl.sendBroadcast:1327 com.android.internal.policy.impl.LgTvWindowManager.interceptKeyBeforeDispatching:403 com.android.server.wm.InputMonitor.interceptKeyBeforeDispatching:388 com.android.server.input.InputManagerService.interceptKeyBeforeDispatching:1510 <bottom of call stack> 
01-24 16:31:01.615  1448  1465 W ContextImpl: Calling a method in the system process without a qualified user: android.app.ContextImpl.sendBroadcast:1327 android.content.ContextWrapper.sendBroadcast:377 com.lge.sys.IptvShmService$IptvEventHandler.BroadcastCmEvent:742 com.lge.sys.IptvListener.Notify:162 com.lge.sys.ILgIpcClientService$Stub.onTransact:55 
01-24 16:31:01.724  1448  2776 W ContextImpl: Calling a method in the system process without a qualified user: android.app.ContextImpl.sendBroadcast:1327 android.content.ContextWrapper.sendBroadcast:377 com.lge.sys.IptvShmService$IptvEventHandler.BroadcastCmEvent:742 com.lge.sys.IptvListener.Notify:132 com.lge.sys.ILgIpcClientService$Stub.onTransact:55 
01-24 16:31:07.131   471   471 I cpusvc  : [restore_max_freq] max freq gonna restore to: 1200000
01-24 16:31:10.182   471   471 I cpusvc  : [reduce_max_freq] max freq gonna reduce to: 1000000
01-24 16:31:15.120   629   830 D ActivityManager: getTasks: caller 10031 is using old GET_TASKS but privileged; allowing
01-24 16:31:16.284   471   471 I cpusvc  : [restore_max_freq] max freq gonna restore to: 1200000
01-24 16:31:19.335   471   471 I cpusvc  : [reduce_max_freq] max freq gonna reduce to: 1000000
01-24 16:31:25.437   471   471 I cpusvc  : [restore_max_freq] max freq gonna restore to: 1200000
01-24 16:31:28.487   471   471 I cpusvc  : [reduce_max_freq] max freq gonna reduce to: 1000000
01-24 16:31:29.857   629  1411 W AlarmManager: Suspiciously short interval 30000 millis; expanding to 60 seconds
01-24 16:31:34.589   471   471 I cpusvc  : [restore_max_freq] max freq gonna restore to: 1200000
01-24 16:31:37.639   471   471 I cpusvc  : [reduce_max_freq] max freq gonna reduce to: 1000000
01-24 16:31:43.741   471   471 I cpusvc  : [restore_max_freq] max freq gonna restore to: 1200000
01-24 16:31:45.119   629  1411 D ActivityManager: getTasks: caller 10031 is using old GET_TASKS but privileged; allowing
01-24 16:31:46.792   471   471 I cpusvc  : [reduce_max_freq] max freq gonna reduce to: 1000000
01-24 16:31:55.947   471   471 I cpusvc  : [restore_max_freq] max freq gonna restore to: 1200000
01-24 16:31:57.012   629   797 W ProcessCpuTracker: Skipping unknown process pid 14035
01-24 16:31:58.998   471   471 I cpusvc  : [reduce_max_freq] max freq gonna reduce to: 1000000
01-24 16:32:05.105   471   471 I cpusvc  : [restore_max_freq] max freq gonna restore to: 1200000
01-24 16:32:08.155   471   471 I cpusvc  : [reduce_max_freq] max freq gonna reduce to: 1000000
01-24 16:32:14.270   471   471 I cpusvc  : [restore_max_freq] max freq gonna restore to: 1200000
01-24 16:32:15.125   629  1440 D ActivityManager: getTasks: caller 10031 is using old GET_TASKS but privileged; allowing
01-24 16:32:17.321   471   471 I cpusvc  : [reduce_max_freq] max freq gonna reduce to: 1000000
01-24 16:32:23.423   471   471 I cpusvc  : [restore_max_freq] max freq gonna restore to: 1200000
01-24 16:32:26.474   471   471 I cpusvc  : [reduce_max_freq] max freq gonna reduce to: 1000000
01-24 16:32:30.007   629  1485 W AlarmManager: Suspiciously short interval 30000 millis; expanding to 60 seconds
01-24 16:32:32.579   471   471 I cpusvc  : [restore_max_freq] max freq gonna restore to: 1200000
01-24 16:32:35.630   471   471 I cpusvc  : [reduce_max_freq] max freq gonna reduce to: 1000000
01-24 16:32:44.786   471   471 I cpusvc  : [restore_max_freq] max freq gonna restore to: 1200000
01-24 16:32:45.118   629  1410 D ActivityManager: getTasks: caller 10031 is using old GET_TASKS but privileged; allowing
01-24 16:32:47.836   471   471 I cpusvc  : [reduce_max_freq] max freq gonna reduce to: 1000000
01-24 16:32:53.938   471   471 I cpusvc  : [restore_max_freq] max freq gonna restore to: 1200000
01-24 16:32:56.989   471   471 I cpusvc  : [reduce_max_freq] max freq gonna reduce to: 1000000
01-24 16:33:03.091   471   471 I cpusvc  : [restore_max_freq] max freq gonna restore to: 1200000
01-24 16:33:06.141   471   471 I cpusvc  : [reduce_max_freq] max freq gonna reduce to: 1000000
01-24 16:33:08.937   629   896 W ContextImpl: Calling a method in the system process without a qualified user: android.app.ContextImpl.sendBroadcast:1327 com.android.internal.policy.impl.LgTvWindowManager.interceptKeyBeforeDispatching:403 com.android.server.wm.InputMonitor.interceptKeyBeforeDispatching:388 com.android.server.input.InputManagerService.interceptKeyBeforeDispatching:1510 <bottom of call stack> 
01-24 16:33:09.080   629   896 W ContextImpl: Calling a method in the system process without a qualified user: android.app.ContextImpl.sendBroadcast:1327 com.android.internal.policy.impl.LgTvWindowManager.interceptKeyBeforeDispatching:403 com.android.server.wm.InputMonitor.interceptKeyBeforeDispatching:388 com.android.server.input.InputManagerService.interceptKeyBeforeDispatching:1510 <bottom of call stack> 
01-24 16:33:09.171   629   896 W ContextImpl: Calling a method in the system process without a qualified user: android.app.ContextImpl.sendBroadcast:1327 com.android.internal.policy.impl.LgTvWindowManager.interceptKeyBeforeDispatching:403 com.android.server.wm.InputMonitor.interceptKeyBeforeDispatching:388 com.android.server.input.InputManagerService.interceptKeyBeforeDispatching:1510 <bottom of call stack> 
01-24 16:33:09.330   629   896 W ContextImpl: Calling a method in the system process without a qualified user: android.app.ContextImpl.sendBroadcast:1327 com.android.internal.policy.impl.LgTvWindowManager.interceptKeyBeforeDispatching:403 com.android.server.wm.InputMonitor.interceptKeyBeforeDispatching:388 com.android.server.input.InputManagerService.interceptKeyBeforeDispatching:1510 <bottom of call stack> 
01-24 16:33:09.364   629   896 W ContextImpl: Calling a method in the system process without a qualified user: android.app.ContextImpl.sendBroadcast:1327 com.android.internal.policy.impl.LgTvWindowManager.interceptKeyBeforeDispatching:403 com.android.server.wm.InputMonitor.interceptKeyBeforeDispatching:388 com.android.server.input.InputManagerService.interceptKeyBeforeDispatching:1510 <bottom of call stack> 
01-24 16:33:09.519   629   896 W ContextImpl: Calling a method in the system process without a qualified user: android.app.ContextImpl.sendBroadcast:1327 com.android.internal.policy.impl.LgTvWindowManager.interceptKeyBeforeDispatching:403 com.android.server.wm.InputMonitor.interceptKeyBeforeDispatching:388 com.android.server.input.InputManagerService.interceptKeyBeforeDispatching:1510 <bottom of call stack> 
01-24 16:33:10.025   629   896 W ContextImpl: Calling a method in the system process without a qualified user: android.app.ContextImpl.sendBroadcast:1327 com.android.internal.policy.impl.LgTvWindowManager.interceptKeyBeforeDispatching:403 com.android.server.wm.InputMonitor.interceptKeyBeforeDispatching:388 com.android.server.input.InputManagerService.interceptKeyBeforeDispatching:1510 <bottom of call stack> 
01-24 16:33:11.272   629   896 W ContextImpl: Calling a method in the system process without a qualified user: android.app.ContextImpl.sendBroadcast:1327 com.android.internal.policy.impl.LgTvWindowManager.interceptKeyBeforeDispatching:403 com.android.server.wm.InputMonitor.interceptKeyBeforeDispatching:388 com.android.server.input.InputManagerService.interceptKeyBeforeDispatching:1510 <bottom of call stack> 
01-24 16:33:11.307   629   896 W ContextImpl: Calling a method in the system process without a qualified user: android.app.ContextImpl.sendBroadcast:1327 com.android.internal.policy.impl.LgTvWindowManager.interceptKeyBeforeDispatching:403 com.android.server.wm.InputMonitor.interceptKeyBeforeDispatching:388 com.android.server.input.InputManagerService.interceptKeyBeforeDispatching:1510 <bottom of call stack> 
01-24 16:33:12.245   471   471 I cpusvc  : [restore_max_freq] max freq gonna restore to: 1200000
01-24 16:33:15.114   629  1213 D ActivityManager: getTasks: caller 10031 is using old GET_TASKS but privileged; allowing
01-24 16:33:15.295   471   471 I cpusvc  : [reduce_max_freq] max freq gonna reduce to: 1000000
01-24 16:33:21.397   471   471 I cpusvc  : [restore_max_freq] max freq gonna restore to: 1200000
01-24 16:33:24.448   471   471 I cpusvc  : [reduce_max_freq] max freq gonna reduce to: 1000000
01-24 16:33:30.161   629  1467 W AlarmManager: Suspiciously short interval 30000 millis; expanding to 60 seconds
01-24 16:33:30.552   471   471 I cpusvc  : [restore_max_freq] max freq gonna restore to: 1200000
01-24 16:33:33.602   471   471 I cpusvc  : [reduce_max_freq] max freq gonna reduce to: 1000000
01-24 16:33:42.755   471   471 I cpusvc  : [restore_max_freq] max freq gonna restore to: 1200000
01-24 16:33:45.117   629  1374 D ActivityManager: getTasks: caller 10031 is using old GET_TASKS but privileged; allowing
01-24 16:33:45.806   471   471 I cpusvc  : [reduce_max_freq] max freq gonna reduce to: 1000000
01-24 16:33:51.908   471   471 I cpusvc  : [restore_max_freq] max freq gonna restore to: 1200000
01-24 16:33:54.958   471   471 I cpusvc  : [reduce_max_freq] max freq gonna reduce to: 1000000
01-24 16:34:01.064   471   471 I cpusvc  : [restore_max_freq] max freq gonna restore to: 1200000
01-24 16:34:04.115   471   471 I cpusvc  : [reduce_max_freq] max freq gonna reduce to: 1000000
01-24 16:34:10.218   471   471 I cpusvc  : [restore_max_freq] max freq gonna restore to: 1200000
01-24 16:34:13.269   471   471 I cpusvc  : [reduce_max_freq] max freq gonna reduce to: 1000000
01-24 16:34:15.130   629   830 D ActivityManager: getTasks: caller 10031 is using old GET_TASKS but privileged; allowing
01-24 16:34:19.371   471   471 I cpusvc  : [restore_max_freq] max freq gonna restore to: 1200000
01-24 16:34:22.421   471   471 I cpusvc  : [reduce_max_freq] max freq gonna reduce to: 1000000
01-24 16:34:28.419   629   896 W ContextImpl: Calling a method in the system process without a qualified user: android.app.ContextImpl.sendBroadcast:1327 com.android.internal.policy.impl.LgTvWindowManager.interceptKeyBeforeDispatching:403 com.android.server.wm.InputMonitor.interceptKeyBeforeDispatching:388 com.android.server.input.InputManagerService.interceptKeyBeforeDispatching:1510 <bottom of call stack> 
