02-05 10:49:01.727  7810  7810 W ContextImpl: Calling a method in the system process without a qualified user: android.app.ContextImpl.bindService:1540 android.content.ContextWrapper.bindService:678 com.lguplus.iptv3.onetouchstb.stb.LgIptvShmRemoteWrapper.onBindIptvRemote:114 com.lguplus.iptv3.onetouchstb.service.OneTouchSTBService.onCreate:113 android.app.ActivityThread.handleCreateService:3404 
02-05 10:49:01.744   284   284 D LIVE-LGE-IptvService: readUserPreference
02-05 10:49:01.744   284   284 D LIVE-LGE-Interface: LGU_readUserPreference() : /LGU_data/UP/IPTV_ENABLED.1 file does not exist
02-05 10:49:01.744   284   284 D LIVE-LGE-Interface: LGU_readUserPreference(IPTV_ENABLED, 1) SUCCESS
02-05 10:49:01.745  7810  7810 D LIVE-LGE-JNI: readUP: 0th PrefValue : true
02-05 10:49:01.751   679  4137 W AlarmManager: Suspiciously short interval 30000 millis; expanding to 60 seconds
02-05 10:49:01.755  7810  7810 W Thread-2: type=1400 audit(0.0:375): avc: granted { getattr } for path="/" dev="rootfs" ino=1 scontext=u:r:system_app:s0 tcontext=u:object_r:rootfs:s0 tclass=dir
02-05 10:49:01.762   484  7808 I VOD-LGE-ENGINE: not supported period-1 in amp :: getCurrentPTS base= 270000 (270000)
02-05 10:49:01.824   455   455 D mv_audio_hw_util: setMasterVolume(0.600000)
02-05 10:49:01.824   236   352 D BerlinAVS_AVSettings: WriteSetting, name: mrvl.output.audio.masterVolume
02-05 10:49:01.824   236   352 V BerlinAVS_OutputHandler: ApplySetting, (mrvl.output.audio.masterVolume, 0.6000000238)
02-05 10:49:01.824   236   352 V BerlinAVS_OutputHandler: ApplySetting, [aout] key: masterVolume
02-05 10:49:01.824   236   352 D BerlinAVS_AudioOutput: SetMasterVolume ENTER 
02-05 10:49:01.824   236   352 D BerlinAVS_AudioOutput: SetMasterVolume, level 0.600000 step 9
02-05 10:49:01.824   236   352 E BerlinAVS_AudioOutput: SetMasterVolume, level 0.600000 amp_volume 24
02-05 10:49:01.826   236   352 E BerlinAVS_AudioOutput: [vol_out]SetMasterVolume level[0.600000] ==> AMP_SND_SetPathVolume BT[93.199997]
02-05 10:49:01.829   236   352 D BerlinAVS_AudioOutput: SetMasterVolume LEAVE 
02-05 10:49:01.829   236   352 V BerlinAVS_OutputHandler: ApplySetting, status 1
02-05 10:49:01.829   236   352 D BerlinAVS_OutputHandler: ApplySetting, set value to database, key mrvl.output.audio.masterVolume
02-05 10:49:01.829   236   352 V AVSettingsSqlite3: putEntry enter, name mrvl.output.audio.masterVolume
02-05 10:49:01.829   236   352 V AVSettingsSqlite3: putEntry, continuous key, update last entry <mrvl.output.audio.masterVolume, 0.6000000238>
02-05 10:49:01.829   236   352 V AVSettingsSqlite3: putEntry leave
02-05 10:49:01.829   236   352 V BerlinAVS_SourceHandler: OnSettingUpdate, (mrvl.output.audio.masterVolume, 0.6000000238)
02-05 10:49:01.829   236   352 V BerlinAVS_SourceHandler: OnSettingUpdate, [aout] sub key: masterVolume
02-05 10:49:01.829   236   352 D BerlinAVS_OutputHandler: OnSettingUpdate ENTER 
02-05 10:49:01.829   236   352 V BerlinAVS_OutputHandler: OnSettingUpdate, (mrvl.output.audio.masterVolume, 0.6000000238)
02-05 10:49:01.829   236   352 V BerlinAVS_OutputHandler: OnSettingUpdate, [aout] sub key: masterVolume
02-05 10:49:01.829   236   352 D BerlinAVS_OutputHandler: OnSettingUpdate LEAVE 
02-05 10:49:01.829   455   455 D mv_audio_hw_util: set master volume success, volume=0.600000
02-05 10:49:01.829   455   455 D mv_audio_hw: set master volume success, volume=0.600000
02-05 10:49:01.830   284   284 I Iptv-Settings: OnSettingUpdate : name  = mrvl.output.audio.masterVolume
02-05 10:49:01.836   846   970 I vol.Events: writeEvent level_changed STREAM_MUSIC 9
02-05 10:49:01.836   846   970 I vol.Events: writeEvent key STREAM_MUSIC 9
02-05 10:49:01.838   846   846 D vol.VolumeDialogImpl: updateVolumeRowH vlevel : 9
02-05 10:49:01.857   467   467 I v_gralloc: Register buffer=0xe515d200 from pid=461: size=312x718 format=1 usage=0x03000B00 info=14d:9:f0000-14e:6:f00
02-05 10:49:01.867   484  7808 I VOD-LGE-ENGINE: not supported period-1.1 in amp :: getCurrentPTS base= 270000 (279009)
02-05 10:49:01.867   484  7808 I VOD-LGE-CORE: internalFeedThread:3362,currMSec : 1517795341867, diff : 480, amp_pts_interval_ : 480
02-05 10:49:01.867   484  7808 I VOD-LGE-CORE: internalFeedThread:3366,base pts = 3100, base time = 141, diff : 2959
02-05 10:49:01.872   455   455 D mv_audio_hw_util: setMasterVolume(0.666667)
02-05 10:49:01.874   467   467 I v_gralloc: Register buffer=0xe515da00 from pid=461: size=312x718 format=1 usage=0x03000B00 info=149:9:f0000-14a:6:f00
02-05 10:49:01.875   236   352 D BerlinAVS_AVSettings: WriteSetting, name: mrvl.output.audio.masterVolume
02-05 10:49:01.875   236   352 V BerlinAVS_OutputHandler: ApplySetting, (mrvl.output.audio.masterVolume, 0.6666666865)
02-05 10:49:01.875   236   352 V BerlinAVS_OutputHandler: ApplySetting, [aout] key: masterVolume
02-05 10:49:01.875   236   352 D BerlinAVS_AudioOutput: SetMasterVolume ENTER 
02-05 10:49:01.875   236   352 D BerlinAVS_AudioOutput: SetMasterVolume, level 0.666667 step 10
02-05 10:49:01.875   236   352 E BerlinAVS_AudioOutput: SetMasterVolume, level 0.666667 amp_volume 31
02-05 10:49:01.881   236   352 E BerlinAVS_AudioOutput: [vol_out]SetMasterVolume level[0.666667] ==> AMP_SND_SetPathVolume BT[94.190002]
02-05 10:49:01.882   236   352 D BerlinAVS_AudioOutput: SetMasterVolume LEAVE 
02-05 10:49:01.882   236   352 V BerlinAVS_OutputHandler: ApplySetting, status 1
02-05 10:49:01.882   236   352 D BerlinAVS_OutputHandler: ApplySetting, set value to database, key mrvl.output.audio.masterVolume
02-05 10:49:01.882   236   352 V AVSettingsSqlite3: putEntry enter, name mrvl.output.audio.masterVolume
02-05 10:49:01.882   236   352 V AVSettingsSqlite3: putEntry, continuous key, update last entry <mrvl.output.audio.masterVolume, 0.6666666865>
02-05 10:49:01.882   236   352 V AVSettingsSqlite3: putEntry leave
02-05 10:49:01.882   236   352 V BerlinAVS_SourceHandler: OnSettingUpdate, (mrvl.output.audio.masterVolume, 0.6666666865)
02-05 10:49:01.882   236   352 V BerlinAVS_SourceHandler: OnSettingUpdate, [aout] sub key: masterVolume
02-05 10:49:01.882   236   352 D BerlinAVS_OutputHandler: OnSettingUpdate ENTER 
02-05 10:49:01.882   236   352 V BerlinAVS_OutputHandler: OnSettingUpdate, (mrvl.output.audio.masterVolume, 0.6666666865)
02-05 10:49:01.882   236   352 V BerlinAVS_OutputHandler: OnSettingUpdate, [aout] sub key: masterVolume
02-05 10:49:01.882   236   352 D BerlinAVS_OutputHandler: OnSettingUpdate LEAVE 
02-05 10:49:01.883   284   284 I Iptv-Settings: OnSettingUpdate : name  = mrvl.output.audio.masterVolume
02-05 10:49:01.883   455   455 D mv_audio_hw_util: set master volume success, volume=0.666667
02-05 10:49:01.883   455   455 D mv_audio_hw: set master volume success, volume=0.666667
02-05 10:49:01.894   846   970 I vol.Events: writeEvent level_changed STREAM_MUSIC 10
02-05 10:49:01.895   846   970 I vol.Events: writeEvent key STREAM_MUSIC 10
02-05 10:49:01.896   846   846 D vol.VolumeDialogImpl: updateVolumeRowH vlevel : 10
02-05 10:49:01.928   455   455 D mv_audio_hw_util: setMasterVolume(0.733333)
02-05 10:49:01.928   236   352 D BerlinAVS_AVSettings: WriteSetting, name: mrvl.output.audio.masterVolume
02-05 10:49:01.928   236   352 V BerlinAVS_OutputHandler: ApplySetting, (mrvl.output.audio.masterVolume, 0.7333333492)
02-05 10:49:01.928   236   352 V BerlinAVS_OutputHandler: ApplySetting, [aout] key: masterVolume
02-05 10:49:01.928   236   352 D BerlinAVS_AudioOutput: SetMasterVolume ENTER 
02-05 10:49:01.929   236   352 D BerlinAVS_AudioOutput: SetMasterVolume, level 0.733333 step 11
02-05 10:49:01.929   236   352 E BerlinAVS_AudioOutput: SetMasterVolume, level 0.733333 amp_volume 39
02-05 10:49:01.930   236   352 E BerlinAVS_AudioOutput: [vol_out]SetMasterVolume level[0.733333] ==> AMP_SND_SetPathVolume BT[95.345001]
02-05 10:49:01.930   236   352 D BerlinAVS_AudioOutput: SetMasterVolume LEAVE 
02-05 10:49:01.931   236   352 V BerlinAVS_OutputHandler: ApplySetting, status 1
02-05 10:49:01.931   236   352 D BerlinAVS_OutputHandler: ApplySetting, set value to database, key mrvl.output.audio.masterVolume
02-05 10:49:01.931   236   352 V AVSettingsSqlite3: putEntry enter, name mrvl.output.audio.masterVolume
02-05 10:49:01.931   236   352 V AVSettingsSqlite3: putEntry, continuous key, update last entry <mrvl.output.audio.masterVolume, 0.7333333492>
02-05 10:49:01.931   236   352 V AVSettingsSqlite3: putEntry leave
02-05 10:49:01.931   236   352 V BerlinAVS_SourceHandler: OnSettingUpdate, (mrvl.output.audio.masterVolume, 0.7333333492)
02-05 10:49:01.931   236   352 V BerlinAVS_SourceHandler: OnSettingUpdate, [aout] sub key: masterVolume
02-05 10:49:01.931   236   352 D BerlinAVS_OutputHandler: OnSettingUpdate ENTER 
02-05 10:49:01.931   236   352 V BerlinAVS_OutputHandler: OnSettingUpdate, (mrvl.output.audio.masterVolume, 0.7333333492)
02-05 10:49:01.931   236   352 V BerlinAVS_OutputHandler: OnSettingUpdate, [aout] sub key: masterVolume
02-05 10:49:01.931   236   352 D BerlinAVS_OutputHandler: OnSettingUpdate LEAVE 
02-05 10:49:01.931   455   455 D mv_audio_hw_util: set master volume success, volume=0.733333
02-05 10:49:01.931   455   455 D mv_audio_hw: set master volume success, volume=0.733333
02-05 10:49:01.932   284   284 I Iptv-Settings: OnSettingUpdate : name  = mrvl.output.audio.masterVolume
02-05 10:49:01.936   846   970 I vol.Events: writeEvent level_changed STREAM_MUSIC 11
02-05 10:49:01.937   846   970 I vol.Events: writeEvent key STREAM_MUSIC 11
02-05 10:49:01.937   846   846 D vol.VolumeDialogImpl: updateVolumeRowH vlevel : 11
02-05 10:49:01.971   455   455 D mv_audio_hw_util: setMasterVolume(0.800000)
02-05 10:49:01.971   236   352 D BerlinAVS_AVSettings: WriteSetting, name: mrvl.output.audio.masterVolume
02-05 10:49:01.971   236   352 V BerlinAVS_OutputHandler: ApplySetting, (mrvl.output.audio.masterVolume, 0.8000000119)
02-05 10:49:01.971   236   352 V BerlinAVS_OutputHandler: ApplySetting, [aout] key: masterVolume
02-05 10:49:01.971   236   352 D BerlinAVS_AudioOutput: SetMasterVolume ENTER 
02-05 10:49:01.971   236   352 D BerlinAVS_AudioOutput: SetMasterVolume, level 0.800000 step 12
02-05 10:49:01.971   236   352 E BerlinAVS_AudioOutput: SetMasterVolume, level 0.800000 amp_volume 49
02-05 10:49:01.972   236   352 E BerlinAVS_AudioOutput: [vol_out]SetMasterVolume level[0.800000] ==> AMP_SND_SetPathVolume BT[96.500000]
02-05 10:49:01.973   236   352 D BerlinAVS_AudioOutput: SetMasterVolume LEAVE 
02-05 10:49:01.973   236   352 V BerlinAVS_OutputHandler: ApplySetting, status 1
02-05 10:49:01.973   236   352 D BerlinAVS_OutputHandler: ApplySetting, set value to database, key mrvl.output.audio.masterVolume
02-05 10:49:01.974   236   352 V AVSettingsSqlite3: putEntry enter, name mrvl.output.audio.masterVolume
02-05 10:49:01.974   236   352 V AVSettingsSqlite3: putEntry, continuous key, update last entry <mrvl.output.audio.masterVolume, 0.8000000119>
02-05 10:49:01.975   236   352 V AVSettingsSqlite3: putEntry leave
02-05 10:49:01.975   236   352 V BerlinAVS_SourceHandler: OnSettingUpdate, (mrvl.output.audio.masterVolume, 0.8000000119)
02-05 10:49:01.975   236   352 V BerlinAVS_SourceHandler: OnSettingUpdate, [aout] sub key: masterVolume
02-05 10:49:01.975   236   352 D BerlinAVS_OutputHandler: OnSettingUpdate ENTER 
02-05 10:49:01.975   236   352 V BerlinAVS_OutputHandler: OnSettingUpdate, (mrvl.output.audio.masterVolume, 0.8000000119)
02-05 10:49:01.975   236   352 V BerlinAVS_OutputHandler: OnSettingUpdate, [aout] sub key: masterVolume
02-05 10:49:01.975   236   352 D BerlinAVS_OutputHandler: OnSettingUpdate LEAVE 
02-05 10:49:01.975   455   455 D mv_audio_hw_util: set master volume success, volume=0.800000
02-05 10:49:01.975   455   455 D mv_audio_hw: set master volume success, volume=0.800000
02-05 10:49:01.976   284   284 I Iptv-Settings: OnSettingUpdate : name  = mrvl.output.audio.masterVolume
02-05 10:49:01.981   846   970 I vol.Events: writeEvent level_changed STREAM_MUSIC 12
02-05 10:49:01.981   846   970 I vol.Events: writeEvent key STREAM_MUSIC 12
02-05 10:49:01.982   846   846 D vol.VolumeDialogImpl: updateVolumeRowH vlevel : 12
02-05 10:49:02.016  1367  1988 D SYS-LGE-IptvShmService: MAC address = 8c6d.5044.8817
02-05 10:49:02.030   455   455 D mv_audio_hw_util: setMasterVolume(0.866667)
02-05 10:49:02.030   236   352 D BerlinAVS_AVSettings: WriteSetting, name: mrvl.output.audio.masterVolume
02-05 10:49:02.030   236   352 V BerlinAVS_OutputHandler: ApplySetting, (mrvl.output.audio.masterVolume, 0.8666666746)
02-05 10:49:02.030   236   352 V BerlinAVS_OutputHandler: ApplySetting, [aout] key: masterVolume
02-05 10:49:02.030   236   352 D BerlinAVS_AudioOutput: SetMasterVolume ENTER 
02-05 10:49:02.030   236   352 D BerlinAVS_AudioOutput: SetMasterVolume, level 0.866667 step 13
02-05 10:49:02.030   236   352 E BerlinAVS_AudioOutput: SetMasterVolume, level 0.866667 amp_volume 62
02-05 10:49:02.033   236   352 E BerlinAVS_AudioOutput: [vol_out]SetMasterVolume level[0.866667] ==> AMP_SND_SetPathVolume BT[97.489998]
02-05 10:49:02.033   236   352 D BerlinAVS_AudioOutput: SetMasterVolume LEAVE 
02-05 10:49:02.033   236   352 V BerlinAVS_OutputHandler: ApplySetting, status 1
02-05 10:49:02.033   236   352 D BerlinAVS_OutputHandler: ApplySetting, set value to database, key mrvl.output.audio.masterVolume
02-05 10:49:02.033   236   352 V AVSettingsSqlite3: putEntry enter, name mrvl.output.audio.masterVolume
02-05 10:49:02.033   236   352 V AVSettingsSqlite3: putEntry, continuous key, update last entry <mrvl.output.audio.masterVolume, 0.8666666746>
02-05 10:49:02.033   236   352 V AVSettingsSqlite3: putEntry leave
02-05 10:49:02.033   236   352 V BerlinAVS_SourceHandler: OnSettingUpdate, (mrvl.output.audio.masterVolume, 0.8666666746)
02-05 10:49:02.034   236   352 V BerlinAVS_SourceHandler: OnSettingUpdate, [aout] sub key: masterVolume
02-05 10:49:02.034   236   352 D BerlinAVS_OutputHandler: OnSettingUpdate ENTER 
02-05 10:49:02.034   236   352 V BerlinAVS_OutputHandler: OnSettingUpdate, (mrvl.output.audio.masterVolume, 0.8666666746)
02-05 10:49:02.034   236   352 V BerlinAVS_OutputHandler: OnSettingUpdate, [aout] sub key: masterVolume
02-05 10:49:02.034   236   352 D BerlinAVS_OutputHandler: OnSettingUpdate LEAVE 
02-05 10:49:02.034   455   455 D mv_audio_hw_util: set master volume success, volume=0.866667
02-05 10:49:02.034   455   455 D mv_audio_hw: set master volume success, volume=0.866667
02-05 10:49:02.034   284   284 I Iptv-Settings: OnSettingUpdate : name  = mrvl.output.audio.masterVolume
02-05 10:49:02.039   846   970 I vol.Events: writeEvent level_changed STREAM_MUSIC 13
02-05 10:49:02.040   846   970 I vol.Events: writeEvent key STREAM_MUSIC 13
02-05 10:49:02.041   846   846 D vol.VolumeDialogImpl: updateVolumeRowH vlevel : 13
02-05 10:49:02.048  1367  1391 D SYS-LGE-IptvShmService: SubscriberNo = 500035268870
02-05 10:49:02.064  1367  1391 D SYS-LGE-IptvShmService: RegionCode = 061|063|062
02-05 10:49:02.079   455   455 D mv_audio_hw_util: setMasterVolume(0.933333)
02-05 10:49:02.079   236   352 D BerlinAVS_AVSettings: WriteSetting, name: mrvl.output.audio.masterVolume
02-05 10:49:02.079   236   352 V BerlinAVS_OutputHandler: ApplySetting, (mrvl.output.audio.masterVolume, 0.9333333373)
02-05 10:49:02.079   236   352 V BerlinAVS_OutputHandler: ApplySetting, [aout] key: masterVolume
02-05 10:49:02.079   236   352 D BerlinAVS_AudioOutput: SetMasterVolume ENTER 
02-05 10:49:02.079   236   352 D BerlinAVS_AudioOutput: SetMasterVolume, level 0.933333 step 14
02-05 10:49:02.079   236   352 E BerlinAVS_AudioOutput: SetMasterVolume, level 0.933333 amp_volume 79
02-05 10:49:02.081   236   352 E BerlinAVS_AudioOutput: [vol_out]SetMasterVolume level[0.933333] ==> AMP_SND_SetPathVolume BT[98.644997]
02-05 10:49:02.082   236   352 D BerlinAVS_AudioOutput: SetMasterVolume LEAVE 
02-05 10:49:02.082   236   352 V BerlinAVS_OutputHandler: ApplySetting, status 1
02-05 10:49:02.082   236   352 D BerlinAVS_OutputHandler: ApplySetting, set value to database, key mrvl.output.audio.masterVolume
02-05 10:49:02.082   236   352 V AVSettingsSqlite3: putEntry enter, name mrvl.output.audio.masterVolume
02-05 10:49:02.082   236   352 V AVSettingsSqlite3: putEntry, continuous key, update last entry <mrvl.output.audio.masterVolume, 0.9333333373>
02-05 10:49:02.082   236   352 V AVSettingsSqlite3: putEntry leave
02-05 10:49:02.082   236   352 V BerlinAVS_SourceHandler: OnSettingUpdate, (mrvl.output.audio.masterVolume, 0.9333333373)
02-05 10:49:02.082   236   352 V BerlinAVS_SourceHandler: OnSettingUpdate, [aout] sub key: masterVolume
02-05 10:49:02.082   236   352 D BerlinAVS_OutputHandler: OnSettingUpdate ENTER 
02-05 10:49:02.082   236   352 V BerlinAVS_OutputHandler: OnSettingUpdate, (mrvl.output.audio.masterVolume, 0.9333333373)
02-05 10:49:02.082   236   352 V BerlinAVS_OutputHandler: OnSettingUpdate, [aout] sub key: masterVolume
02-05 10:49:02.082   236   352 D BerlinAVS_OutputHandler: OnSettingUpdate LEAVE 
02-05 10:49:02.082   284   284 I Iptv-Settings: OnSettingUpdate : name  = mrvl.output.audio.masterVolume
02-05 10:49:02.083   455   455 D mv_audio_hw_util: set master volume success, volume=0.933333
02-05 10:49:02.083   455   455 D mv_audio_hw: set master volume success, volume=0.933333
02-05 10:49:02.084  1367  1391 I SYS-LGE-IptvShmService: get pvs event =null
02-05 10:49:02.087   846   970 I vol.Events: writeEvent level_changed STREAM_MUSIC 14
02-05 10:49:02.088   846   970 I vol.Events: writeEvent key STREAM_MUSIC 14
02-05 10:49:02.089   846   846 D vol.VolumeDialogImpl: updateVolumeRowH vlevel : 14
02-05 10:49:02.106   467   467 D SurfaceFlinger: Backpressure trigger, skipping transaction & refresh!
02-05 10:49:02.125   455   455 D mv_audio_hw_util: setMasterVolume(1.000000)
02-05 10:49:02.125   236   352 D BerlinAVS_AVSettings: WriteSetting, name: mrvl.output.audio.masterVolume
02-05 10:49:02.125   236   352 V BerlinAVS_OutputHandler: ApplySetting, (mrvl.output.audio.masterVolume, 1.0000000000)
02-05 10:49:02.125   236   352 V BerlinAVS_OutputHandler: ApplySetting, [aout] key: masterVolume
02-05 10:49:02.125   236   352 D BerlinAVS_AudioOutput: SetMasterVolume ENTER 
02-05 10:49:02.125   236   352 D BerlinAVS_AudioOutput: SetMasterVolume, level 1.000000 step 15
02-05 10:49:02.125   236   352 E BerlinAVS_AudioOutput: SetMasterVolume, level 1.000000 amp_volume 100
02-05 10:49:02.126   236   352 E BerlinAVS_AudioOutput: [vol_out]SetMasterVolume level[1.000000] ==> AMP_SND_SetPathVolume BT[100.000000]
02-05 10:49:02.127   236   352 D BerlinAVS_AudioOutput: SetMasterVolume LEAVE 
02-05 10:49:02.127   236   352 V BerlinAVS_OutputHandler: ApplySetting, status 1
02-05 10:49:02.127   236   352 D BerlinAVS_OutputHandler: ApplySetting, set value to database, key mrvl.output.audio.masterVolume
02-05 10:49:02.127   236   352 V AVSettingsSqlite3: putEntry enter, name mrvl.output.audio.masterVolume
02-05 10:49:02.127   236   352 V AVSettingsSqlite3: putEntry, continuous key, update last entry <mrvl.output.audio.masterVolume, 1.0000000000>
02-05 10:49:02.127   236   352 V AVSettingsSqlite3: putEntry leave
02-05 10:49:02.127   236   352 V BerlinAVS_SourceHandler: OnSettingUpdate, (mrvl.output.audio.masterVolume, 1.0000000000)
02-05 10:49:02.127   236   352 V BerlinAVS_SourceHandler: OnSettingUpdate, [aout] sub key: masterVolume
02-05 10:49:02.127   236   352 D BerlinAVS_OutputHandler: OnSettingUpdate ENTER 
02-05 10:49:02.127   236   352 V BerlinAVS_OutputHandler: OnSettingUpdate, (mrvl.output.audio.masterVolume, 1.0000000000)
02-05 10:49:02.127   236   352 V BerlinAVS_OutputHandler: OnSettingUpdate, [aout] sub key: masterVolume
02-05 10:49:02.127   236   352 D BerlinAVS_OutputHandler: OnSettingUpdate LEAVE 
02-05 10:49:02.128   284   284 I Iptv-Settings: OnSettingUpdate : name  = mrvl.output.audio.masterVolume
02-05 10:49:02.128   455   455 D mv_audio_hw_util: set master volume success, volume=1.000000
02-05 10:49:02.128   455   455 D mv_audio_hw: set master volume success, volume=1.000000
02-05 10:49:02.133   846   970 I vol.Events: writeEvent level_changed STREAM_MUSIC 15
02-05 10:49:02.133   846   970 I vol.Events: writeEvent key STREAM_MUSIC 15
02-05 10:49:02.134   846   846 D vol.VolumeDialogImpl: updateVolumeRowH vlevel : 15
02-05 10:49:02.173   455   663 W mv_audio_hw: The same volume as previous, don't need set again
02-05 10:49:02.173   455   663 W DeviceHAL: Device 0xf4230000 set_master_volume: Invalid argument
02-05 10:49:02.227   455   663 W mv_audio_hw: The same volume as previous, don't need set again
02-05 10:49:02.228   455   663 W DeviceHAL: Device 0xf4230000 set_master_volume: Invalid argument
02-05 10:49:02.271   808   989 I bt_btif_dm: get_cod remote_cod = 0x0000050c
02-05 10:49:02.271   808   989 I bt_btif_dm: get_cod remote_cod = 0x0000050c
02-05 10:49:02.274   679   765 I chatty  : uid=1000(system) InputReader expire 113 lines
02-05 10:49:02.279   455   663 W mv_audio_hw: The same volume as previous, don't need set again
02-05 10:49:02.279   455   663 W DeviceHAL: Device 0xf4230000 set_master_volume: Invalid argument
02-05 10:49:02.283   679   764 I chatty  : uid=1000(system) InputDispatcher expire 183 lines
02-05 10:49:02.503   679   700 I ActivityManager: Start proc 7853:com.google.android.tv/u0a68 for service com.google.android.tv/.dvr.recorder.DvrRecordingService
02-05 10:49:02.593  7853  7869 D v_gal   : _ConstructOs:466, gal3d.ko already insmoded, count=0
02-05 10:49:02.640   185   292 E libosal : ion DEBUG#00 pc 00009b90  /system/vendor/lib/libOSAL.so (ion_dump_backtrace+44)
02-05 10:49:02.640   185   292 E libosal : ion DEBUG#01 pc 00008a4c  /system/vendor/lib/libshmserver.so (AMPBuf_BDChain_GetNum+360)
02-05 10:49:02.640   185   292 E libosal : ion DEBUG#02 pc 00025a98  /system/vendor/lib/libsndsrv.so
02-05 10:49:02.640   185   292 E libosal : ion DEBUG#03 pc 000480df  /system/lib/libc.so (_ZL15__pthread_startPv+22)
02-05 10:49:02.640   185   292 E libosal : ion DEBUG#04 pc 0001afed  /system/lib/libc.so (__start_thread+32)
02-05 10:49:02.648  7853  7853 W zygote  : Class android.support.v4.util.SimpleArrayMap failed lock verification and will run slower.
02-05 10:49:02.648  7853  7853 W zygote  : Common causes for lock verification issues are non-optimized dex code
02-05 10:49:02.648  7853  7853 W zygote  : and incorrect proguard optimizations.
02-05 10:49:02.659  7853  7853 D FirebaseApp: com.google.firebase.auth.FirebaseAuth is not linked. Skipping initialization.
02-05 10:49:02.673   679  4137 W ActivityManager: Background start not allowed: service Intent { act=com.google.firebase.INSTANCE_ID_EVENT pkg=com.google.android.tv cmp=com.google.android.tv/com.google.firebase.iid.FirebaseInstanceIdService (has extras) } to com.google.android.tv/com.google.firebase.iid.FirebaseInstanceIdService from pid=7853 uid=10068 pkg=com.google.android.tv
02-05 10:49:02.674  7853  7853 E FirebaseInstanceId: Failed to start service while in background: java.lang.IllegalStateException: Not allowed to start service Intent { act=com.google.firebase.INSTANCE_ID_EVENT pkg=com.google.android.tv cmp=com.google.android.tv/com.google.firebase.iid.FirebaseInstanceIdService (has extras) }: app is in background uid UidRecord{5a336d8 u0a68 SVC  idle procs:1 seq(0,0,0)}
02-05 10:49:02.675  7853  7853 D FirebaseApp: com.google.firebase.crash.FirebaseCrash is not linked. Skipping initialization.
02-05 10:49:02.676  7853  7853 D FirebaseApp: com.google.android.gms.measurement.AppMeasurement is not linked. Skipping initialization.
02-05 10:49:02.676  7853  7853 I FirebaseInitProvider: FirebaseApp initialization successful
02-05 10:49:02.697   679  4137 I ActivityManager: Start proc 7871:com.google.process.gapps/u0a20 for content provider com.google.android.gsf/.gservices.GservicesProvider
02-05 10:49:02.759  7871  7887 D v_gal   : _ConstructOs:466, gal3d.ko already insmoded, count=0
02-05 10:49:02.769  7871  7871 I GservicesProvider: Gservices pushing to system: true; secure/global: true
02-05 10:49:02.914  7871  7871 I GoogleHttpClient: GMS http client unavailable, use old client
02-05 10:49:02.969  7853  7853 W zygote  : Class com.google.android.gms.internal.auf failed lock verification and will run slower.
02-05 10:49:03.013   679  4137 I ActivityManager: Start proc 7897:com.google.android.tv.common/u0a68 for content provider com.google.android.tv/.common.CommonPreferenceProvider
02-05 10:49:03.025  7853  7853 I TvApplication: Starting Live Channels 1.16.004 (4490253-30)
02-05 10:49:03.026  7853  7853 W zygote  : Class com.google.android.gms.analytics.GoogleAnalytics failed lock verification and will run slower.
02-05 10:49:03.028  7853  7853 W zygote  : Class com.google.android.gms.analytics.internal.zzm failed lock verification and will run slower.
02-05 10:49:03.030  7853  7853 W zygote  : Class com.google.android.gms.analytics.internal.zzbd failed lock verification and will run slower.
02-05 10:49:03.032  7853  7853 I GAv4    : Google Analytics 11.0.20 is starting up. To enable debug logging on a device run:
02-05 10:49:03.032  7853  7853 I GAv4    :   adb shell setprop log.tag.GAv4 DEBUG
02-05 10:49:03.032  7853  7853 I GAv4    :   adb logcat -s GAv4
02-05 10:49:03.037  7853  7853 W zygote  : Class com.google.android.gms.analytics.internal.zzap failed lock verification and will run slower.
02-05 10:49:03.040  7853  7853 W zygote  : Class com.google.android.gms.analytics.zzl failed lock verification and will run slower.
02-05 10:49:03.053  7853  7910 W GAv4    : AnalyticsReceiver is not registered or is disabled. Register the receiver for reliable dispatching on non-Google Play devices. See http://goo.gl/8Rd3yj for instructions.
02-05 10:49:03.062  7853  7910 W GAv4    : CampaignTrackingReceiver is not registered, not exported or is disabled. Installation campaign tracking is not possible. See http://goo.gl/8Rd3yj for instructions.
02-05 10:49:03.108  7853  7853 I TvApplication: Started Live Channels 1.16.004 (4490253-30)
02-05 10:49:03.127   679   691 I ActivityManager: Start proc 7919:com.android.providers.tv/u0a66 for content provider com.android.providers.tv/.TvProvider
02-05 10:49:03.143  7853  7917 W zygote  : Class com.google.android.gms.common.GoogleSignatureVerifier failed lock verification and will run slower.
02-05 10:49:03.150  7897  7929 D v_gal   : _ConstructOs:466, gal3d.ko already insmoded, count=0
02-05 10:49:03.218  7897  7897 I TvApplication: Starting Live Channels 1.16.004 (4490253-30)
02-05 10:49:03.228  7919  7942 D v_gal   : _ConstructOs:466, gal3d.ko already insmoded, count=0
02-05 10:49:03.229  7897  7897 W zygote  : Class com.google.android.gms.analytics.GoogleAnalytics failed lock verification and will run slower.
02-05 10:49:03.229  7897  7897 W zygote  : Common causes for lock verification issues are non-optimized dex code
02-05 10:49:03.229  7897  7897 W zygote  : and incorrect proguard optimizations.
02-05 10:49:03.232  7897  7897 W zygote  : Class com.google.android.gms.analytics.internal.zzm failed lock verification and will run slower.
02-05 10:49:03.235  7897  7897 W zygote  : Class com.google.android.gms.analytics.internal.zzbd failed lock verification and will run slower.
02-05 10:49:03.238  7897  7897 I GAv4    : Google Analytics 11.0.20 is starting up. To enable debug logging on a device run:
02-05 10:49:03.238  7897  7897 I GAv4    :   adb shell setprop log.tag.GAv4 DEBUG
02-05 10:49:03.238  7897  7897 I GAv4    :   adb logcat -s GAv4
02-05 10:49:03.252  7897  7897 W zygote  : Class com.google.android.gms.analytics.internal.zzap failed lock verification and will run slower.
02-05 10:49:03.259  7897  7897 W zygote  : Class com.google.android.gms.analytics.zzl failed lock verification and will run slower.
02-05 10:49:03.269  7897  7949 W GAv4    : AnalyticsReceiver is not registered or is disabled. Register the receiver for reliable dispatching on non-Google Play devices. See http://goo.gl/8Rd3yj for instructions.
02-05 10:49:03.275  7897  7949 W GAv4    : CampaignTrackingReceiver is not registered, not exported or is disabled. Installation campaign tracking is not possible. See http://goo.gl/8Rd3yj for instructions.
02-05 10:49:03.291  7897  7897 W zygote  : Class com.google.android.gms.internal.auf failed lock verification and will run slower.
02-05 10:49:03.313  7897  7947 W zygote  : Class android.support.v4.util.SimpleArrayMap failed lock verification and will run slower.
02-05 10:49:03.321  7897  7958 W zygote  : Class com.google.android.gms.common.GoogleSignatureVerifier failed lock verification and will run slower.
02-05 10:49:03.395   484  7808 D VOD-LGE-CORE: [internalFeedThread read bps = 2763600 
02-05 10:49:03.401   808   989 I bt_btif_dm: get_cod remote_cod = 0x0000050c
02-05 10:49:03.401   808   989 I bt_btif_dm: get_cod remote_cod = 0x0000050c
02-05 10:49:03.402   284   422 I IPTV_FLOG: DDI_GFX_InputEventHandler, key_symbol: VOLUME_DOWN(0xf04d), from: BT
02-05 10:49:03.402   284   422 I DRIVER-LGE-LED: DDI_LED_SetState : LED_ST_KEY_PRESSED (ledState : 0x8) 
02-05 10:49:03.402   284   421 D NATIVEUI-LGE-LIBSTBAPP: _UI_MainHandler: UI_GetFocus() returned wid(0), msg(16)
02-05 10:49:03.402   284   421 D NATIVEUI-LGE-LIBSTBAPP: [UI] UI_GlobalKeyHandler> KEY[0xda11] is Blocked by _UI_CheckKeyUse!!!
02-05 10:49:03.402   284   421 D NATIVEUI-LGE-LIBSTBAPP: [UI] _UI_MainLoop> _UI_MainHandler UI_MSG_KEY[0xda11] handle OK.
02-05 10:49:03.411   679   764 W ContextImpl: Calling a method in the system process without a qualified user: android.app.ContextImpl.sendBroadcast:950 com.android.server.policy.LgTvWindowManager.interceptKeyBeforeDispatching:350 com.android.server.wm.InputMonitor.interceptKeyBeforeDispatching:466 com.android.server.input.InputManagerService.interceptKeyBeforeDispatching:1956 <bottom of call stack> 
02-05 10:49:03.419  7897  7897 I TvApplication: Started Live Channels 1.16.004 (4490253-30)
02-05 10:49:03.541   808   989 I bt_btif_dm: get_cod remote_cod = 0x0000050c
02-05 10:49:03.541   808   989 I bt_btif_dm: get_cod remote_cod = 0x0000050c
02-05 10:49:03.561   455   455 D mv_audio_hw_util: setMasterVolume(0.933333)
02-05 10:49:03.561   236   352 D BerlinAVS_AVSettings: WriteSetting, name: mrvl.output.audio.masterVolume
02-05 10:49:03.562   236   352 V BerlinAVS_OutputHandler: ApplySetting, (mrvl.output.audio.masterVolume, 0.9333333373)
02-05 10:49:03.562   236   352 V BerlinAVS_OutputHandler: ApplySetting, [aout] key: masterVolume
02-05 10:49:03.562   236   352 D BerlinAVS_AudioOutput: SetMasterVolume ENTER 
02-05 10:49:03.562   236   352 D BerlinAVS_AudioOutput: SetMasterVolume, level 0.933333 step 14
02-05 10:49:03.562   236   352 E BerlinAVS_AudioOutput: SetMasterVolume, level 0.933333 amp_volume 79
02-05 10:49:03.563   236   352 E BerlinAVS_AudioOutput: [vol_out]SetMasterVolume level[0.933333] ==> AMP_SND_SetPathVolume BT[98.644997]
02-05 10:49:03.564   236   352 D BerlinAVS_AudioOutput: SetMasterVolume LEAVE 
02-05 10:49:03.564   236   352 V BerlinAVS_OutputHandler: ApplySetting, status 1
02-05 10:49:03.564   236   352 D BerlinAVS_OutputHandler: ApplySetting, set value to database, key mrvl.output.audio.masterVolume
02-05 10:49:03.564   236   352 V AVSettingsSqlite3: putEntry enter, name mrvl.output.audio.masterVolume
02-05 10:49:03.564   236   352 V AVSettingsSqlite3: putEntry, continuous key, update last entry <mrvl.output.audio.masterVolume, 0.9333333373>
02-05 10:49:03.564   236   352 V AVSettingsSqlite3: putEntry leave
02-05 10:49:03.564   236   352 V BerlinAVS_SourceHandler: OnSettingUpdate, (mrvl.output.audio.masterVolume, 0.9333333373)
02-05 10:49:03.564   236   352 V BerlinAVS_SourceHandler: OnSettingUpdate, [aout] sub key: masterVolume
02-05 10:49:03.564   236   352 D BerlinAVS_OutputHandler: OnSettingUpdate ENTER 
02-05 10:49:03.564   236   352 V BerlinAVS_OutputHandler: OnSettingUpdate, (mrvl.output.audio.masterVolume, 0.9333333373)
02-05 10:49:03.564   236   352 V BerlinAVS_OutputHandler: OnSettingUpdate, [aout] sub key: masterVolume
02-05 10:49:03.564   236   352 D BerlinAVS_OutputHandler: OnSettingUpdate LEAVE 
02-05 10:49:03.564   284   284 I Iptv-Settings: OnSettingUpdate : name  = mrvl.output.audio.masterVolume
02-05 10:49:03.564   455   455 D mv_audio_hw_util: set master volume success, volume=0.933333
02-05 10:49:03.564   455   455 D mv_audio_hw: set master volume success, volume=0.933333
02-05 10:49:03.569   846   970 I vol.Events: writeEvent level_changed STREAM_MUSIC 14
02-05 10:49:03.569   846   970 I vol.Events: writeEvent key STREAM_MUSIC 14
02-05 10:49:03.569   846   846 D vol.VolumeDialogImpl: updateVolumeRowH vlevel : 14
02-05 10:49:03.629  7853  7853 I zygote  : Deoptimizing android.os.AsyncTask android.os.AsyncTask.executeOnExecutor(java.util.concurrent.Executor, java.lang.Object[]) due to JIT inline cache
02-05 10:49:03.671   808   989 I bt_btif_dm: get_cod remote_cod = 0x0000050c
02-05 10:49:03.671   808   989 I bt_btif_dm: get_cod remote_cod = 0x0000050c
02-05 10:49:03.672   284   422 I IPTV_FLOG: DDI_GFX_InputEventHandler, key_symbol: VOLUME_DOWN(0xf04d), from: BT
02-05 10:49:03.672   284   422 I DRIVER-LGE-LED: DDI_LED_SetState : LED_ST_KEY_PRESSED (ledState : 0x8) 
02-05 10:49:03.673   284   421 D NATIVEUI-LGE-LIBSTBAPP: _UI_MainHandler: UI_GetFocus() returned wid(0), msg(16)
02-05 10:49:03.673   284   421 D NATIVEUI-LGE-LIBSTBAPP: [UI] UI_GlobalKeyHandler> KEY[0xda11] is Blocked by _UI_CheckKeyUse!!!
02-05 10:49:03.673   284   421 D NATIVEUI-LGE-LIBSTBAPP: [UI] _UI_MainLoop> _UI_MainHandler UI_MSG_KEY[0xda11] handle OK.
02-05 10:49:03.751   808   989 I bt_btif_dm: get_cod remote_cod = 0x0000050c
02-05 10:49:03.751   808   989 I bt_btif_dm: get_cod remote_cod = 0x0000050c
02-05 10:49:03.831   455   455 D mv_audio_hw_util: setMasterVolume(0.866667)
02-05 10:49:03.831   236   352 D BerlinAVS_AVSettings: WriteSetting, name: mrvl.output.audio.masterVolume
02-05 10:49:03.832   236   352 V BerlinAVS_OutputHandler: ApplySetting, (mrvl.output.audio.masterVolume, 0.8666666746)
02-05 10:49:03.832   236   352 V BerlinAVS_OutputHandler: ApplySetting, [aout] key: masterVolume
02-05 10:49:03.832   236   352 D BerlinAVS_AudioOutput: SetMasterVolume ENTER 
02-05 10:49:03.832   236   352 D BerlinAVS_AudioOutput: SetMasterVolume, level 0.866667 step 13
02-05 10:49:03.832   236   352 E BerlinAVS_AudioOutput: SetMasterVolume, level 0.866667 amp_volume 62
02-05 10:49:03.833   236   352 E BerlinAVS_AudioOutput: [vol_out]SetMasterVolume level[0.866667] ==> AMP_SND_SetPathVolume BT[97.489998]
02-05 10:49:03.833   236   352 D BerlinAVS_AudioOutput: SetMasterVolume LEAVE 
02-05 10:49:03.833   236   352 V BerlinAVS_OutputHandler: ApplySetting, status 1
02-05 10:49:03.833   236   352 D BerlinAVS_OutputHandler: ApplySetting, set value to database, key mrvl.output.audio.masterVolume
02-05 10:49:03.833   236   352 V AVSettingsSqlite3: putEntry enter, name mrvl.output.audio.masterVolume
02-05 10:49:03.833   236   352 V AVSettingsSqlite3: putEntry, continuous key, update last entry <mrvl.output.audio.masterVolume, 0.8666666746>
02-05 10:49:03.833   236   352 V AVSettingsSqlite3: putEntry leave
02-05 10:49:03.834   236   352 V BerlinAVS_SourceHandler: OnSettingUpdate, (mrvl.output.audio.masterVolume, 0.8666666746)
02-05 10:49:03.834   236   352 V BerlinAVS_SourceHandler: OnSettingUpdate, [aout] sub key: masterVolume
02-05 10:49:03.834   236   352 D BerlinAVS_OutputHandler: OnSettingUpdate ENTER 
02-05 10:49:03.834   236   352 V BerlinAVS_OutputHandler: OnSettingUpdate, (mrvl.output.audio.masterVolume, 0.8666666746)
02-05 10:49:03.834   236   352 V BerlinAVS_OutputHandler: OnSettingUpdate, [aout] sub key: masterVolume
02-05 10:49:03.834   236   352 D BerlinAVS_OutputHandler: OnSettingUpdate LEAVE 
02-05 10:49:03.834   455   455 D mv_audio_hw_util: set master volume success, volume=0.866667
02-05 10:49:03.834   455   455 D mv_audio_hw: set master volume success, volume=0.866667
02-05 10:49:03.834   284   284 I Iptv-Settings: OnSettingUpdate : name  = mrvl.output.audio.masterVolume
02-05 10:49:03.836   846   970 I vol.Events: writeEvent level_changed STREAM_MUSIC 13
02-05 10:49:03.837   846   846 D vol.VolumeDialogImpl: updateVolumeRowH vlevel : 13
02-05 10:49:04.481   808   989 I bt_btif_dm: get_cod remote_cod = 0x0000050c
02-05 10:49:04.481   808   989 I bt_btif_dm: get_cod remote_cod = 0x0000050c
02-05 10:49:04.483   284   422 I IPTV_FLOG: DDI_GFX_InputEventHandler, key_symbol: VOLUME_UP(0xf04c), from: BT
02-05 10:49:04.483   284   422 I DRIVER-LGE-LED: DDI_LED_SetState : LED_ST_KEY_PRESSED (ledState : 0x8) 
02-05 10:49:04.483   284   421 D NATIVEUI-LGE-LIBSTBAPP: _UI_MainHandler: UI_GetFocus() returned wid(0), msg(16)
02-05 10:49:04.483   284   421 D NATIVEUI-LGE-LIBSTBAPP: [UI] UI_GlobalKeyHandler> KEY[0xda10] is Blocked by _UI_CheckKeyUse!!!
02-05 10:49:04.483   284   421 D NATIVEUI-LGE-LIBSTBAPP: [UI] _UI_MainLoop> _UI_MainHandler UI_MSG_KEY[0xda10] handle OK.
02-05 10:49:04.621   808   989 I bt_btif_dm: get_cod remote_cod = 0x0000050c
02-05 10:49:04.621   808   989 I bt_btif_dm: get_cod remote_cod = 0x0000050c
02-05 10:49:04.645   455   455 D mv_audio_hw_util: setMasterVolume(0.933333)
02-05 10:49:04.646   236   352 D BerlinAVS_AVSettings: WriteSetting, name: mrvl.output.audio.masterVolume
02-05 10:49:04.647   236   352 V BerlinAVS_OutputHandler: ApplySetting, (mrvl.output.audio.masterVolume, 0.9333333373)
02-05 10:49:04.647   236   352 V BerlinAVS_OutputHandler: ApplySetting, [aout] key: masterVolume
02-05 10:49:04.647   236   352 D BerlinAVS_AudioOutput: SetMasterVolume ENTER 
02-05 10:49:04.647   236   352 D BerlinAVS_AudioOutput: SetMasterVolume, level 0.933333 step 14
02-05 10:49:04.647   236   352 E BerlinAVS_AudioOutput: SetMasterVolume, level 0.933333 amp_volume 79
02-05 10:49:04.651   236   352 E BerlinAVS_AudioOutput: [vol_out]SetMasterVolume level[0.933333] ==> AMP_SND_SetPathVolume BT[98.644997]
02-05 10:49:04.652   236   352 D BerlinAVS_AudioOutput: SetMasterVolume LEAVE 
02-05 10:49:04.652   236   352 V BerlinAVS_OutputHandler: ApplySetting, status 1
02-05 10:49:04.652   236   352 D BerlinAVS_OutputHandler: ApplySetting, set value to database, key mrvl.output.audio.masterVolume
02-05 10:49:04.652   236   352 V AVSettingsSqlite3: putEntry enter, name mrvl.output.audio.masterVolume
02-05 10:49:04.652   236   352 V AVSettingsSqlite3: putEntry, continuous key, update last entry <mrvl.output.audio.masterVolume, 0.9333333373>
02-05 10:49:04.652   236   352 V AVSettingsSqlite3: putEntry leave
02-05 10:49:04.652   236   352 V BerlinAVS_SourceHandler: OnSettingUpdate, (mrvl.output.audio.masterVolume, 0.9333333373)
02-05 10:49:04.652   236   352 V BerlinAVS_SourceHandler: OnSettingUpdate, [aout] sub key: masterVolume
02-05 10:49:04.652   236   352 D BerlinAVS_OutputHandler: OnSettingUpdate ENTER 
02-05 10:49:04.652   236   352 V BerlinAVS_OutputHandler: OnSettingUpdate, (mrvl.output.audio.masterVolume, 0.9333333373)
02-05 10:49:04.652   236   352 V BerlinAVS_OutputHandler: OnSettingUpdate, [aout] sub key: masterVolume
02-05 10:49:04.652   236   352 D BerlinAVS_OutputHandler: OnSettingUpdate LEAVE 
02-05 10:49:04.652   455   455 D mv_audio_hw_util: set master volume success, volume=0.933333
02-05 10:49:04.652   455   455 D mv_audio_hw: set master volume success, volume=0.933333
02-05 10:49:04.652   284   284 I Iptv-Settings: OnSettingUpdate : name  = mrvl.output.audio.masterVolume
02-05 10:49:04.658   846   970 I vol.Events: writeEvent level_changed STREAM_MUSIC 14
02-05 10:49:04.658   846   970 I vol.Events: writeEvent key STREAM_MUSIC 14
02-05 10:49:04.659   846   846 D vol.VolumeDialogImpl: updateVolumeRowH vlevel : 14
02-05 10:49:05.345   484  7808 D VOD-LGE-CORE: [internalFeedThread read bps = 2368800 
02-05 10:49:05.645   185   292 E libosal : ion DEBUG#00 pc 00009b90  /system/vendor/lib/libOSAL.so (ion_dump_backtrace+44)
02-05 10:49:05.645   185   292 E libosal : ion DEBUG#01 pc 00008a4c  /system/vendor/lib/libshmserver.so (AMPBuf_BDChain_GetNum+360)
02-05 10:49:05.645   185   292 E libosal : ion DEBUG#02 pc 00025a98  /system/vendor/lib/libsndsrv.so
02-05 10:49:05.645   185   292 E libosal : ion DEBUG#03 pc 000480df  /system/lib/libc.so (_ZL15__pthread_startPv+22)
02-05 10:49:05.645   185   292 E libosal : ion DEBUG#04 pc 0001afed  /system/lib/libc.so (__start_thread+32)
02-05 10:49:05.881   808   989 I bt_btif_dm: get_cod remote_cod = 0x0000050c
02-05 10:49:05.881   808   989 I bt_btif_dm: get_cod remote_cod = 0x0000050c
02-05 10:49:05.883   284   422 I IPTV_FLOG: DDI_GFX_InputEventHandler, key_symbol: VOLUME_UP(0xf04c), from: BT
02-05 10:49:05.883   284   422 I DRIVER-LGE-LED: DDI_LED_SetState : LED_ST_KEY_PRESSED (ledState : 0x8) 
02-05 10:49:05.883   284   421 D NATIVEUI-LGE-LIBSTBAPP: _UI_MainHandler: UI_GetFocus() returned wid(0), msg(16)
02-05 10:49:05.884   284   421 D NATIVEUI-LGE-LIBSTBAPP: [UI] UI_GlobalKeyHandler> KEY[0xda10] is Blocked by _UI_CheckKeyUse!!!
02-05 10:49:05.884   284   421 D NATIVEUI-LGE-LIBSTBAPP: [UI] _UI_MainLoop> _UI_MainHandler UI_MSG_KEY[0xda10] handle OK.
02-05 10:49:06.012   808   989 I bt_btif_dm: get_cod remote_cod = 0x0000050c
02-05 10:49:06.012   808   989 I bt_btif_dm: get_cod remote_cod = 0x0000050c
02-05 10:49:06.046   455   455 D mv_audio_hw_util: setMasterVolume(1.000000)
02-05 10:49:06.046   236   352 D BerlinAVS_AVSettings: WriteSetting, name: mrvl.output.audio.masterVolume
02-05 10:49:06.046   236   352 V BerlinAVS_OutputHandler: ApplySetting, (mrvl.output.audio.masterVolume, 1.0000000000)
02-05 10:49:06.046   236   352 V BerlinAVS_OutputHandler: ApplySetting, [aout] key: masterVolume
02-05 10:49:06.046   236   352 D BerlinAVS_AudioOutput: SetMasterVolume ENTER 
02-05 10:49:06.046   236   352 D BerlinAVS_AudioOutput: SetMasterVolume, level 1.000000 step 15
02-05 10:49:06.046   236   352 E BerlinAVS_AudioOutput: SetMasterVolume, level 1.000000 amp_volume 100
02-05 10:49:06.048   236   352 E BerlinAVS_AudioOutput: [vol_out]SetMasterVolume level[1.000000] ==> AMP_SND_SetPathVolume BT[100.000000]
02-05 10:49:06.049   236   352 D BerlinAVS_AudioOutput: SetMasterVolume LEAVE 
02-05 10:49:06.049   236   352 V BerlinAVS_OutputHandler: ApplySetting, status 1
02-05 10:49:06.049   236   352 D BerlinAVS_OutputHandler: ApplySetting, set value to database, key mrvl.output.audio.masterVolume
02-05 10:49:06.049   236   352 V AVSettingsSqlite3: putEntry enter, name mrvl.output.audio.masterVolume
02-05 10:49:06.049   236   352 V AVSettingsSqlite3: putEntry, continuous key, update last entry <mrvl.output.audio.masterVolume, 1.0000000000>
02-05 10:49:06.049   236   352 V AVSettingsSqlite3: putEntry leave
02-05 10:49:06.049   236   352 V BerlinAVS_SourceHandler: OnSettingUpdate, (mrvl.output.audio.masterVolume, 1.0000000000)
02-05 10:49:06.049   236   352 V BerlinAVS_SourceHandler: OnSettingUpdate, [aout] sub key: masterVolume
02-05 10:49:06.049   236   352 D BerlinAVS_OutputHandler: OnSettingUpdate ENTER 
02-05 10:49:06.049   236   352 V BerlinAVS_OutputHandler: OnSettingUpdate, (mrvl.output.audio.masterVolume, 1.0000000000)
02-05 10:49:06.049   236   352 V BerlinAVS_OutputHandler: OnSettingUpdate, [aout] sub key: masterVolume
02-05 10:49:06.049   236   352 D BerlinAVS_OutputHandler: OnSettingUpdate LEAVE 
02-05 10:49:06.049   284   284 I Iptv-Settings: OnSettingUpdate : name  = mrvl.output.audio.masterVolume
02-05 10:49:06.050   455   455 D mv_audio_hw_util: set master volume success, volume=1.000000
02-05 10:49:06.050   455   455 D mv_audio_hw: set master volume success, volume=1.000000
02-05 10:49:06.056   846   970 I vol.Events: writeEvent level_changed STREAM_MUSIC 15
02-05 10:49:06.057   846   970 I vol.Events: writeEvent key STREAM_MUSIC 15
02-05 10:49:06.058   846   846 D vol.VolumeDialogImpl: updateVolumeRowH vlevel : 15
02-05 10:49:07.301   484  7808 D VOD-LGE-CORE: [internalFeedThread read bps = 2368800 
02-05 10:49:07.562   846   846 I vol.Events: writeEvent dismiss_dialog timeout
02-05 10:49:07.562   846   970 I vol.Events: writeEvent active_stream_changed UNKNOWN_STREAM_-1
02-05 10:49:07.605  7853  7868 I zygote  : Waiting for a blocking GC ProfileSaver
02-05 10:49:07.619   846   846 D vol.VolumeDialogImpl: updateVolumeRowH vlevel : 15
02-05 10:49:07.619   846   846 D vol.VolumeDialogImpl: updateVolumeRowH vlevel : 15
02-05 10:49:07.622   679   689 I chatty  : uid=1000(system) HeapTaskDaemon expire 2 lines
02-05 10:49:07.649  7853  7868 I zygote  : WaitForGcToComplete blocked for 44.541ms for cause ProfileSaver
02-05 10:49:07.780  7871  7886 I zygote  : Waiting for a blocking GC ProfileSaver
02-05 10:49:07.791  7871  7886 I zygote  : WaitForGcToComplete blocked for 10.759ms for cause ProfileSaver
02-05 10:49:08.049   236   259 V AVSettingsSqlite3: doWriteLast
02-05 10:49:08.049   236   259 V AVSettingsSqlite3: writeToDatabase enter, name mrvl.output.audio.masterVolume
02-05 10:49:08.051   236   259 V AVSettingsSqlite3: writeToDatabase leave
02-05 10:49:08.254  7919  7941 I zygote  : Waiting for a blocking GC ProfileSaver
02-05 10:49:08.260  7919  7941 I zygote  : WaitForGcToComplete blocked for 5.524ms for cause ProfileSaver
02-05 10:49:08.641   808   989 I bt_btif_dm: get_cod remote_cod = 0x0000050c
02-05 10:49:08.641   808   989 I bt_btif_dm: get_cod remote_cod = 0x0000050c
02-05 10:49:08.643   284   422 I IPTV_FLOG: DDI_GFX_InputEventHandler, key_symbol: VOLUME_DOWN(0xf04d), from: BT
02-05 10:49:08.644   284   422 I DRIVER-LGE-LED: DDI_LED_SetState : LED_ST_KEY_PRESSED (ledState : 0x8) 
02-05 10:49:08.651   185   292 E libosal : ion DEBUG#00 pc 00009b90  /system/vendor/lib/libOSAL.so (ion_dump_backtrace+44)
02-05 10:49:08.651   185   292 E libosal : ion DEBUG#01 pc 00008a4c  /system/vendor/lib/libshmserver.so (AMPBuf_BDChain_GetNum+360)
02-05 10:49:08.651   185   292 E libosal : ion DEBUG#02 pc 00025a98  /system/vendor/lib/libsndsrv.so
02-05 10:49:08.651   185   292 E libosal : ion DEBUG#03 pc 000480df  /system/lib/libc.so (_ZL15__pthread_startPv+22)
02-05 10:49:08.651   185   292 E libosal : ion DEBUG#04 pc 0001afed  /system/lib/libc.so (__start_thread+32)
02-05 10:49:08.652   284   421 D NATIVEUI-LGE-LIBSTBAPP: _UI_MainHandler: UI_GetFocus() returned wid(0), msg(16)
02-05 10:49:08.652   284   421 D NATIVEUI-LGE-LIBSTBAPP: [UI] UI_GlobalKeyHandler> KEY[0xda11] is Blocked by _UI_CheckKeyUse!!!
02-05 10:49:08.652   284   421 D NATIVEUI-LGE-LIBSTBAPP: [UI] _UI_MainLoop> _UI_MainHandler UI_MSG_KEY[0xda11] handle OK.
02-05 10:49:08.797   455   663 D mv_audio_hw_util: setMasterVolume(0.933333)
02-05 10:49:08.797   236   352 D BerlinAVS_AVSettings: WriteSetting, name: mrvl.output.audio.masterVolume
02-05 10:49:08.797   236   352 V BerlinAVS_OutputHandler: ApplySetting, (mrvl.output.audio.masterVolume, 0.9333333373)
02-05 10:49:08.797   236   352 V BerlinAVS_OutputHandler: ApplySetting, [aout] key: masterVolume
02-05 10:49:08.797   236   352 D BerlinAVS_AudioOutput: SetMasterVolume ENTER 
02-05 10:49:08.797   236   352 D BerlinAVS_AudioOutput: SetMasterVolume, level 0.933333 step 14
02-05 10:49:08.797   236   352 E BerlinAVS_AudioOutput: SetMasterVolume, level 0.933333 amp_volume 79
02-05 10:49:08.798   236   352 E BerlinAVS_AudioOutput: [vol_out]SetMasterVolume level[0.933333] ==> AMP_SND_SetPathVolume BT[98.644997]
02-05 10:49:08.799   236   352 D BerlinAVS_AudioOutput: SetMasterVolume LEAVE 
02-05 10:49:08.799   236   352 V BerlinAVS_OutputHandler: ApplySetting, status 1
02-05 10:49:08.799   236   352 D BerlinAVS_OutputHandler: ApplySetting, set value to database, key mrvl.output.audio.masterVolume
02-05 10:49:08.799   236   352 V AVSettingsSqlite3: putEntry enter, name mrvl.output.audio.masterVolume
02-05 10:49:08.799   236   352 V AVSettingsSqlite3: putEntry, continuous key, update last entry <mrvl.output.audio.masterVolume, 0.9333333373>
02-05 10:49:08.799   236   352 V AVSettingsSqlite3: putEntry leave
02-05 10:49:08.799   236   352 V BerlinAVS_SourceHandler: OnSettingUpdate, (mrvl.output.audio.masterVolume, 0.9333333373)
02-05 10:49:08.799   236   352 V BerlinAVS_SourceHandler: OnSettingUpdate, [aout] sub key: masterVolume
02-05 10:49:08.799   236   352 D BerlinAVS_OutputHandler: OnSettingUpdate ENTER 
02-05 10:49:08.799   236   352 V BerlinAVS_OutputHandler: OnSettingUpdate, (mrvl.output.audio.masterVolume, 0.9333333373)
02-05 10:49:08.799   236   352 V BerlinAVS_OutputHandler: OnSettingUpdate, [aout] sub key: masterVolume
02-05 10:49:08.799   236   352 D BerlinAVS_OutputHandler: OnSettingUpdate LEAVE 
02-05 10:49:08.799   455   663 D mv_audio_hw_util: set master volume success, volume=0.933333
02-05 10:49:08.799   455   663 D mv_audio_hw: set master volume success, volume=0.933333
02-05 10:49:08.799   284   284 I Iptv-Settings: OnSettingUpdate : name  = mrvl.output.audio.masterVolume
02-05 10:49:08.801   846   970 I vol.Events: writeEvent active_stream_changed STREAM_MUSIC
02-05 10:49:08.809   846   970 I vol.Events: writeEvent level_changed STREAM_MUSIC 14
02-05 10:49:08.809   846   970 I vol.Events: writeEvent key STREAM_MUSIC 14
02-05 10:49:08.812   808   989 I bt_btif_dm: get_cod remote_cod = 0x0000050c
02-05 10:49:08.812   808   989 I bt_btif_dm: get_cod remote_cod = 0x0000050c
02-05 10:49:08.810   846   846 D vol.VolumeDialogImpl: updateVolumeRowH vlevel : 14
02-05 10:49:08.835   846   846 I vol.Events: writeEvent show_dialog volume_changed keyguard=false
02-05 10:49:08.868   461   461 I v_gralloc: Allocate buffer=0xf3c34400  for pid=461: size=312x718 format=1 usage=0x00000900 info=14f:7:e1000-0:0:0 gid=0
02-05 10:49:08.870   467  1001 I v_gralloc: Register buffer=0xdc4dc500 from pid=461: size=312x718 format=1 usage=0x00000900 info=14f:7:e1000-0:0:0
02-05 10:49:08.877   461   461 I v_gralloc: Allocate buffer=0xf3c34400  for pid=461: size=312x718 format=1 usage=0x00000900 info=150:7:e1000-0:0:0 gid=0
02-05 10:49:08.885   467  1001 I v_gralloc: Register buffer=0xdc4dc700 from pid=461: size=312x718 format=1 usage=0x00000900 info=150:7:e1000-0:0:0
02-05 10:49:08.912   808   989 I bt_btif_dm: get_cod remote_cod = 0x0000050c
