02-05 08:58:34.079   674 15526 I chatty  : uid=1000(system) Binder:674_1E expire 17 lines
02-05 08:58:34.961 29142 29142 W ContextImpl: Calling a method in the system process without a qualified user: android.app.ContextImpl.sendBroadcast:950 android.content.ContextWrapper.sendBroadcast:431 android.content.ContextWrapper.sendBroadcast:431 com.lguplus.iptv3.onetouchstb.push.LGUPlusPushAgentAPI.checkRegID:153 com.lguplus.iptv3.onetouchstb.push.OnetouchSTBPushManager.requestCheckRegId:46 
02-05 08:58:34.986 29142 29142 W ContextImpl: Calling a method in the system process without a qualified user: android.app.ContextImpl.bindService:1540 android.content.ContextWrapper.bindService:678 com.lguplus.iptv3.onetouchstb.stb.LgIptvShmRemoteWrapper.onBindIptvRemote:114 com.lguplus.iptv3.onetouchstb.service.OneTouchSTBService.onCreate:113 android.app.ActivityThread.handleCreateService:3404 
02-05 08:58:35.905 29235 29235 W ContextImpl: Calling a method in the system process without a qualified user: android.app.ContextImpl.startService:1460 android.content.ContextWrapper.startService:644 android.content.ContextWrapper.startService:644 com.lguplus.iptv3.arzoo.push.LGUPlusPushAgentMsgReceiver.onReceive:104 android.app.ActivityThread.handleReceiver:3252 
02-05 08:58:35.912   674 10334 I chatty  : uid=1000(system) Binder:674_1D expire 10 lines
02-05 08:58:35.937 29235 29235 W ContextImpl: Calling a method in the system process without a qualified user: android.app.ContextImpl.sendBroadcast:950 android.content.ContextWrapper.sendBroadcast:431 com.lguplus.iptv3.arzoo.push.LGUPlusPushAgentAPI.checkRegID:78 com.lguplus.iptv3.arzoo.push.ARZooPushService.onStartCommand:51 android.app.ActivityThread.handleServiceArgs:3539 
02-05 08:58:37.036 29277 29277 W ContextImpl: Calling a method in the system process without a qualified user: android.app.ContextImpl.sendBroadcast:950 android.content.ContextWrapper.sendBroadcast:431 android.content.ContextWrapper.sendBroadcast:431 com.lguplus.iptv3.onetouchstb.push.LGUPlusPushAgentAPI.checkRegID:153 com.lguplus.iptv3.onetouchstb.push.OnetouchSTBPushManager.requestCheckRegId:46 
02-05 08:58:37.056 29277 29277 W ContextImpl: Calling a method in the system process without a qualified user: android.app.ContextImpl.bindService:1540 android.content.ContextWrapper.bindService:678 com.lguplus.iptv3.onetouchstb.stb.LgIptvShmRemoteWrapper.onBindIptvRemote:114 com.lguplus.iptv3.onetouchstb.service.OneTouchSTBService.onCreate:113 android.app.ActivityThread.handleCreateService:3404 
02-05 08:58:37.332   674 17247 I chatty  : uid=1000(system) Binder:674_1F expire 14 lines
02-05 08:58:37.713   674  1392 I chatty  : uid=1000(system) Binder:674_D expire 15 lines
02-05 08:58:38.150 29371 29371 W ContextImpl: Calling a method in the system process without a qualified user: android.app.ContextImpl.startService:1460 android.content.ContextWrapper.startService:644 android.content.ContextWrapper.startService:644 com.lguplus.iptv3.arzoo.push.LGUPlusPushAgentMsgReceiver.onReceive:104 android.app.ActivityThread.handleReceiver:3252 
02-05 08:58:38.214 29371 29371 W ContextImpl: Calling a method in the system process without a qualified user: android.app.ContextImpl.sendBroadcast:950 android.content.ContextWrapper.sendBroadcast:431 com.lguplus.iptv3.arzoo.push.LGUPlusPushAgentAPI.checkRegID:78 com.lguplus.iptv3.arzoo.push.ARZooPushService.onStartCommand:51 android.app.ActivityThread.handleServiceArgs:3539 
02-05 08:58:39.318 29431 29431 I chatty  : uid=1000(system) JDWP expire 4 lines
02-05 08:58:40.279 29523 29523 W ContextImpl: Calling a method in the system process without a qualified user: android.app.ContextImpl.startService:1460 android.content.ContextWrapper.startService:644 android.content.ContextWrapper.startService:644 com.lguplus.iptv3.arzoo.push.LGUPlusPushAgentMsgReceiver.onReceive:104 android.app.ActivityThread.handleReceiver:3252 
02-05 08:58:40.754 29566 29566 W ContextImpl: Calling a method in the system process without a qualified user: android.app.ContextImpl.startService:1460 android.content.ContextWrapper.startService:644 android.content.ContextWrapper.startService:644 com.lguplus.iptv3.arzoo.push.LGUPlusPushAgentMsgReceiver.onReceive:104 android.app.ActivityThread.handleReceiver:3252 
02-05 08:58:40.781   674  1386 I chatty  : uid=1000(system) Binder:674_C expire 11 lines
02-05 08:58:40.796 29566 29566 W ContextImpl: Calling a method in the system process without a qualified user: android.app.ContextImpl.sendBroadcast:950 android.content.ContextWrapper.sendBroadcast:431 com.lguplus.iptv3.arzoo.push.LGUPlusPushAgentAPI.checkRegID:78 com.lguplus.iptv3.arzoo.push.ARZooPushService.onStartCommand:51 android.app.ActivityThread.handleServiceArgs:3539 
02-05 08:58:41.115   674  3112 I chatty  : uid=1000(system) Binder:674_18 expire 10 lines
02-05 08:59:10.985 29431 29431 W ContextImpl: Calling a method in the system process without a qualified user: android.app.ContextImpl.startService:1460 android.content.ContextWrapper.startService:644 android.content.ContextWrapper.startService:644 com.lguplus.iptv3.onetouchstb.receiver.ReservationReceiver.startService:49 com.lguplus.iptv3.onetouchstb.receiver.ReservationReceiver.onReceive:38 
02-05 08:59:41.091 29431 29431 W ContextImpl: Calling a method in the system process without a qualified user: android.app.ContextImpl.startService:1460 android.content.ContextWrapper.startService:644 android.content.ContextWrapper.startService:644 com.lguplus.iptv3.onetouchstb.receiver.ReservationReceiver.startService:49 com.lguplus.iptv3.onetouchstb.receiver.ReservationReceiver.onReceive:38 
02-05 08:59:41.092   674  1370 I chatty  : uid=1000(system) Binder:674_A expire 14 lines
02-05 08:59:57.963   674  1411 I chatty  : uid=1000(system) Binder:674_E expire 16 lines
02-05 09:00:11.234   674  1129 I chatty  : uid=1000(system) Binder:674_6 expire 10 lines
02-05 09:00:11.300 29431 29431 W ContextImpl: Calling a method in the system process without a qualified user: android.app.ContextImpl.startService:1460 android.content.ContextWrapper.startService:644 android.content.ContextWrapper.startService:644 com.lguplus.iptv3.onetouchstb.receiver.ReservationReceiver.startService:49 com.lguplus.iptv3.onetouchstb.receiver.ReservationReceiver.onReceive:38 
02-05 09:00:11.709 30176 30176 W ContextImpl: Calling a method in the system process without a qualified user: android.app.ContextImpl.startService:1460 android.content.ContextWrapper.startService:644 android.content.ContextWrapper.startService:644 com.lguplus.iptv3.arzoo.push.LGUPlusPushAgentMsgReceiver.onReceive:104 android.app.ActivityThread.handleReceiver:3252 
02-05 09:00:11.778 30176 30176 W ContextImpl: Calling a method in the system process without a qualified user: android.app.ContextImpl.sendBroadcast:950 android.content.ContextWrapper.sendBroadcast:431 com.lguplus.iptv3.arzoo.push.LGUPlusPushAgentAPI.checkRegID:78 com.lguplus.iptv3.arzoo.push.ARZooPushService.onStartCommand:51 android.app.ActivityThread.handleServiceArgs:3539 
02-05 09:00:12.960 29431 29431 W ContextImpl: Calling a method in the system process without a qualified user: android.app.ContextImpl.sendBroadcast:950 android.content.ContextWrapper.sendBroadcast:431 android.content.ContextWrapper.sendBroadcast:431 com.lguplus.iptv3.onetouchstb.push.LGUPlusPushAgentAPI.checkRegID:153 com.lguplus.iptv3.onetouchstb.push.OnetouchSTBPushManager.requestCheckRegId:46 
02-05 09:00:12.963   674  2359 I chatty  : uid=1000(system) Binder:674_16 expire 19 lines
02-05 09:00:14.605   674 17678 I chatty  : uid=1000(system) Binder:674_20 expire 10 lines
02-05 09:00:43.049 29431 29431 W ContextImpl: Calling a method in the system process without a qualified user: android.app.ContextImpl.startService:1460 android.content.ContextWrapper.startService:644 android.content.ContextWrapper.startService:644 com.lguplus.iptv3.onetouchstb.receiver.ReservationReceiver.startService:49 com.lguplus.iptv3.onetouchstb.receiver.ReservationReceiver.onReceive:38 
02-05 09:00:51.870   674   696 I chatty  : uid=1000(system) ActivityManager expire 12 lines
02-05 09:01:25.685 29431 29431 W ContextImpl: Calling a method in the system process without a qualified user: android.app.ContextImpl.startService:1460 android.content.ContextWrapper.startService:644 android.content.ContextWrapper.startService:644 com.lguplus.iptv3.onetouchstb.receiver.ReservationReceiver.startService:49 com.lguplus.iptv3.onetouchstb.receiver.ReservationReceiver.onReceive:38 
02-05 09:01:25.959 30680 30680 W ContextImpl: Calling a method in the system process without a qualified user: android.app.ContextImpl.startService:1460 android.content.ContextWrapper.startService:644 android.content.ContextWrapper.startService:644 com.lguplus.iptv3.arzoo.push.LGUPlusPushAgentMsgReceiver.onReceive:104 android.app.ActivityThread.handleReceiver:3252 
02-05 09:01:25.979 29431 29431 W ContextImpl: Calling a method in the system process without a qualified user: android.app.ContextImpl.sendBroadcast:950 android.content.ContextWrapper.sendBroadcast:431 android.content.ContextWrapper.sendBroadcast:431 com.lguplus.iptv3.onetouchstb.push.LGUPlusPushAgentAPI.checkRegID:153 com.lguplus.iptv3.onetouchstb.push.OnetouchSTBPushManager.requestCheckRegId:46 
02-05 09:01:25.999   674  1488 I chatty  : uid=1000(system) Binder:674_12 expire 12 lines
02-05 09:01:26.001   674   862 I chatty  : uid=1000(system) Binder:674_3 expire 10 lines
02-05 09:01:26.035 30680 30680 W ContextImpl: Calling a method in the system process without a qualified user: android.app.ContextImpl.sendBroadcast:950 android.content.ContextWrapper.sendBroadcast:431 com.lguplus.iptv3.arzoo.push.LGUPlusPushAgentAPI.checkRegID:78 com.lguplus.iptv3.arzoo.push.ARZooPushService.onStartCommand:51 android.app.ActivityThread.handleServiceArgs:3539 
02-05 09:01:56.019 29431 29431 W ContextImpl: Calling a method in the system process without a qualified user: android.app.ContextImpl.startService:1460 android.content.ContextWrapper.startService:644 android.content.ContextWrapper.startService:644 com.lguplus.iptv3.onetouchstb.receiver.ReservationReceiver.startService:49 com.lguplus.iptv3.onetouchstb.receiver.ReservationReceiver.onReceive:38 
02-05 09:02:12.289   674   766 I chatty  : uid=1000(system) InputDispatcher expire 13 lines
02-05 09:02:14.357 30469 30469 W ContextImpl: Calling a method in the system process without a qualified user: android.app.ContextImpl.startService:1460 android.content.ContextWrapper.startService:644 com.lguplus.iptv3.base.lib.framework.common.SmartUXInterface.LiveSelectTvForeground:2939 com.lguplus.iptv4.base.curation.MainActivity.goLiveTvChannel:1799 com.lguplus.iptv4.base.curation.MainActivity.access$2600:137 
02-05 09:02:14.527  1337  1337 I chatty  : uid=1000(system) com.lguplus.iptv3.base.livewidget expire 10 lines
02-05 09:02:15.085   674  1442 I chatty  : uid=1000(system) Binder:674_11 expire 12 lines
02-05 09:02:15.470   674  1369 I chatty  : uid=1000(system) Binder:674_9 expire 27 lines
02-05 09:02:15.878  1443  1498 W ContextImpl: Calling a method in the system process without a qualified user: android.app.ContextImpl.sendBroadcast:950 android.content.ContextWrapper.sendBroadcast:431 com.lge.sys.IptvShmService$IptvEventHandler.BroadcastCmEvent:814 com.lge.sys.IptvListener.Notify:167 com.lge.sys.ILgIpcClientService$Stub.onTransact:55 
02-05 09:02:15.916  1337 31031 I chatty  : uid=1000(system) com.lguplus.iptv3.base.livewidget expire 2 lines
02-05 09:02:16.169  1443  1498 W ContextImpl: Calling a method in the system process without a qualified user: android.app.ContextImpl.sendBroadcast:950 android.content.ContextWrapper.sendBroadcast:431 com.lge.sys.IptvShmService$IptvEventHandler.BroadcastCmEvent:814 com.lge.sys.IptvListener.Notify:131 com.lge.sys.ILgIpcClientService$Stub.onTransact:55 
02-05 09:02:16.204   674   696 I chatty  : uid=1000(system) ActivityManager expire 14 lines
02-05 09:02:17.350 31093 31093 W ContextImpl: Calling a method in the system process without a qualified user: android.app.ContextImpl.bindService:1540 android.content.ContextWrapper.bindService:678 com.lguplus.iptv3.base.settingmanager.GetILgIptvShmRemote.onBindIptvRemote:61 com.lguplus.iptv3.base.hotkey.HotKeyService.onStartCommand:289 android.app.ActivityThread.handleServiceArgs:3539 
02-05 09:02:17.428 31093 31093 W ContextImpl: Calling a method in the system process without a qualified user: android.app.ContextImpl.sendBroadcast:950 android.content.ContextWrapper.sendBroadcast:431 com.lguplus.iptv3.base.hotkey.HotKeyService.requestKill4xView:1694 com.lguplus.iptv3.base.hotkey.HotKeyService.processUplusHome:1493 com.lguplus.iptv3.base.hotkey.HotKeyService.startCommand:2106 
02-05 09:02:17.529   674   805 I chatty  : uid=1000(system) LazyTaskWriterT expire 6 lines
02-05 09:02:17.539 31093 31093 W ContextImpl: Calling a method in the system process without a qualified user: android.app.ContextImpl.startActivity:838 android.content.ContextWrapper.startActivity:366 com.lguplus.iptv3.base.hotkey.HotKeyService.startActivitySafely:1607 com.lguplus.iptv3.base.hotkey.HotKeyService.processUplusHome:1598 com.lguplus.iptv3.base.hotkey.HotKeyService.startCommand:2106 
02-05 09:02:17.539 31093 31093 W ContextImpl: Calling a method in the system process without a qualified user: android.app.ContextImpl.startActivity:850 android.app.ContextImpl.startActivity:839 android.content.ContextWrapper.startActivity:366 com.lguplus.iptv3.base.hotkey.HotKeyService.startActivitySafely:1607 com.lguplus.iptv3.base.hotkey.HotKeyService.processUplusHome:1598 
02-05 09:02:17.623   674   693 I chatty  : uid=1000(system) Binder:674_2 expire 27 lines
02-05 09:02:18.286 31133 31133 W ContextImpl: Calling a method in the system process without a qualified user: android.app.ContextImpl.sendBroadcast:950 android.content.ContextWrapper.sendBroadcast:431 com.lguplus.iptv3.base.launcher.HomeActivity.onNewIntent:258 android.app.Instrumentation.callActivityOnNewIntent:1320 android.app.Instrumentation.callActivityOnNewIntent:1332 
02-05 09:02:18.298 31133 31133 W ContextImpl: Calling a method in the system process without a qualified user: android.app.ContextImpl.startService:1460 android.content.ContextWrapper.startService:644 com.lguplus.iptv3.base.ratingmanager.RatingManager.sendApplicationLog:120 com.lguplus.iptv3.base.launcher.HomeActivity.onResume:305 android.app.Instrumentation.callActivityOnResume:1366 
02-05 09:02:18.302 31133 31133 W ContextImpl: Calling a method in the system process without a qualified user: android.app.ContextImpl.startService:1460 android.content.ContextWrapper.startService:644 com.lguplus.iptv3.base.ratingmanager.RatingManager.sendPageLog:148 com.lguplus.iptv3.base.launcher.HomeActivity.onResume:306 android.app.Instrumentation.callActivityOnResume:1366 
02-05 09:02:18.752   674  1300 I chatty  : uid=1000(system) Binder:674_7 expire 12 lines
02-05 09:02:18.816   674  1392 I chatty  : uid=1000(system) Binder:674_D expire 18 lines
02-05 09:02:18.926   489   635 E FrameworkListener: read() failed (Connection reset by peer)
02-05 09:02:26.194 31333 31333 W ContextImpl: Calling a method in the system process without a qualified user: android.app.ContextImpl.bindService:1540 android.content.ContextWrapper.bindService:678 com.lguplus.iptv3.onetouchstb.stb.LgIptvShmRemoteWrapper.onBindIptvRemote:114 com.lguplus.iptv3.onetouchstb.service.OneTouchSTBService.onCreate:113 android.app.ActivityThread.handleCreateService:3404 
02-05 09:02:26.751 31333 31333 W ContextImpl: Calling a method in the system process without a qualified user: android.app.ContextImpl.startService:1460 android.content.ContextWrapper.startService:644 android.content.ContextWrapper.startService:644 com.lguplus.iptv3.onetouchstb.receiver.ReservationReceiver.startService:49 com.lguplus.iptv3.onetouchstb.receiver.ReservationReceiver.onReceive:38 
02-05 09:02:26.894 31133 31133 W ContextImpl: Calling a method in the system process without a qualified user: android.app.ContextImpl.startService:1460 android.content.ContextWrapper.startService:644 com.lguplus.iptv3.base.ratingmanager.RatingManager.sendApplicationLog:120 com.lguplus.iptv3.base.launcher.HomeActivity.onPause:523 android.app.Activity.performPause:7115 
02-05 09:02:27.545   491   491 E wificond: Received error messsage: Try again
02-05 09:02:27.545   491   491 E wificond: NL80211_CMD_TRIGGER_SCAN failed
02-05 09:02:28.724 31501 31501 W ContextImpl: Calling a method in the system process without a qualified user: android.app.ContextImpl.bindService:1540 android.content.ContextWrapper.bindService:678 com.lguplus.iptv3.onetouchstb.stb.LgIptvShmRemoteWrapper.onBindIptvRemote:114 com.lguplus.iptv3.onetouchstb.service.OneTouchSTBService.onCreate:113 android.app.ActivityThread.handleCreateService:3404 
02-05 09:02:29.349   674   692 I chatty  : uid=1000(system) Binder:674_1 expire 31 lines
02-05 09:02:37.915   674   955 I chatty  : uid=1000(system) Binder:674_4 expire 17 lines
02-05 09:02:38.946   674 31658 I chatty  : uid=1000 system_server expire 4 lines
02-05 09:02:43.062   674   696 I chatty  : uid=1000(system) ActivityManager expire 10 lines
02-05 09:02:43.455   674   766 I chatty  : uid=1000(system) InputDispatcher expire 19 lines
02-05 09:02:44.330 31764 31764 W ContextImpl: Calling a method in the system process without a qualified user: android.app.ContextImpl.bindService:1540 android.content.ContextWrapper.bindService:678 com.lguplus.iptv3.onetouchstb.stb.LgIptvShmRemoteWrapper.onBindIptvRemote:114 com.lguplus.iptv3.onetouchstb.service.OneTouchSTBService.onCreate:113 android.app.ActivityThread.handleCreateService:3404 
02-05 09:02:45.248 31133 31133 W ContextImpl: Calling a method in the system process without a qualified user: android.app.ContextImpl.startService:1460 android.content.ContextWrapper.startService:644 android.content.ContextWrapper.startService:644 com.android.internal.policy.LgTvFallbackEventHandler.startHotKeyService:367 com.android.internal.policy.LgTvFallbackEventHandler.onKeyUp:195 
02-05 09:02:45.261   674  1348 I chatty  : uid=1000(system) Binder:674_8 expire 31 lines
02-05 09:02:45.363 31806 31806 W ContextImpl: Calling a method in the system process without a qualified user: android.app.ContextImpl.bindService:1540 android.content.ContextWrapper.bindService:678 com.lguplus.iptv3.base.settingmanager.GetILgIptvShmRemote.onBindIptvRemote:61 com.lguplus.iptv3.base.hotkey.HotKeyService.onStartCommand:289 android.app.ActivityThread.handleServiceArgs:3539 
02-05 09:02:45.409 31806 31806 W ContextImpl: Calling a method in the system process without a qualified user: android.app.ContextImpl.startService:1460 android.content.ContextWrapper.startService:644 com.lguplus.iptv3.base.hotkey.HotKeyService.startCommand:2135 com.lguplus.iptv3.base.hotkey.HotKeyService.access$200:54 com.lguplus.iptv3.base.hotkey.HotKeyService$2.handleMessage:2032 
02-05 09:02:45.554  1337  1337 I chatty  : uid=1000(system) com.lguplus.iptv3.base.livewidget expire 12 lines
02-05 09:02:46.914  1443  1455 W ContextImpl: Calling a method in the system process without a qualified user: android.app.ContextImpl.sendBroadcast:950 android.content.ContextWrapper.sendBroadcast:431 com.lge.sys.IptvShmService$IptvEventHandler.BroadcastCmEvent:814 com.lge.sys.IptvListener.Notify:167 com.lge.sys.ILgIpcClientService$Stub.onTransact:55 
02-05 09:02:46.941  1337 31952 I chatty  : uid=1000(system) com.lguplus.iptv3.base.livewidget expire 2 lines
02-05 09:02:47.144  1443  1455 W ContextImpl: Calling a method in the system process without a qualified user: android.app.ContextImpl.sendBroadcast:950 android.content.ContextWrapper.sendBroadcast:431 com.lge.sys.IptvShmService$IptvEventHandler.BroadcastCmEvent:814 com.lge.sys.IptvListener.Notify:131 com.lge.sys.ILgIpcClientService$Stub.onTransact:55 
02-05 09:02:48.874 32049 32049 W ContextImpl: Calling a method in the system process without a qualified user: android.app.ContextImpl.bindService:1540 android.content.ContextWrapper.bindService:678 com.lguplus.iptv3.base.settingmanager.GetILgIptvShmRemote.onBindIptvRemote:61 com.lguplus.iptv3.base.hotkey.HotKeyService.onStartCommand:289 android.app.ActivityThread.handleServiceArgs:3539 
02-05 09:02:48.966 32049 32049 W ContextImpl: Calling a method in the system process without a qualified user: android.app.ContextImpl.sendBroadcast:950 android.content.ContextWrapper.sendBroadcast:431 com.lguplus.iptv3.base.hotkey.HotKeyService.requestKill4xView:1694 com.lguplus.iptv3.base.hotkey.HotKeyService.processUplusHome:1493 com.lguplus.iptv3.base.hotkey.HotKeyService.startCommand:2106 
02-05 09:02:49.098 32049 32049 W ContextImpl: Calling a method in the system process without a qualified user: android.app.ContextImpl.startActivity:838 android.content.ContextWrapper.startActivity:366 com.lguplus.iptv3.base.hotkey.HotKeyService.startActivitySafely:1607 com.lguplus.iptv3.base.hotkey.HotKeyService.processUplusHome:1598 com.lguplus.iptv3.base.hotkey.HotKeyService.startCommand:2106 
02-05 09:02:49.099 32049 32049 W ContextImpl: Calling a method in the system process without a qualified user: android.app.ContextImpl.startActivity:850 android.app.ContextImpl.startActivity:839 android.content.ContextWrapper.startActivity:366 com.lguplus.iptv3.base.hotkey.HotKeyService.startActivitySafely:1607 com.lguplus.iptv3.base.hotkey.HotKeyService.processUplusHome:1598 
02-05 09:02:49.106   674  1369 I chatty  : uid=1000(system) Binder:674_9 expire 17 lines
02-05 09:02:49.496 32064 32064 W ContextImpl: Calling a method in the system process without a qualified user: android.app.ContextImpl.sendBroadcast:950 android.content.ContextWrapper.sendBroadcast:431 com.lguplus.iptv3.base.launcher.HomeActivity.onNewIntent:258 android.app.Instrumentation.callActivityOnNewIntent:1320 android.app.Instrumentation.callActivityOnNewIntent:1332 
02-05 09:02:49.508 32064 32064 W ContextImpl: Calling a method in the system process without a qualified user: android.app.ContextImpl.startService:1460 android.content.ContextWrapper.startService:644 com.lguplus.iptv3.base.ratingmanager.RatingManager.sendApplicationLog:120 com.lguplus.iptv3.base.launcher.HomeActivity.onResume:305 android.app.Instrumentation.callActivityOnResume:1366 
02-05 09:02:49.512 32064 32064 W ContextImpl: Calling a method in the system process without a qualified user: android.app.ContextImpl.startService:1460 android.content.ContextWrapper.startService:644 com.lguplus.iptv3.base.ratingmanager.RatingManager.sendPageLog:148 com.lguplus.iptv3.base.launcher.HomeActivity.onResume:306 android.app.Instrumentation.callActivityOnResume:1366 
02-05 09:02:52.261   674  1442 I chatty  : uid=1000(system) Binder:674_11 expire 14 lines
02-05 09:02:52.429   674   674 I chatty  : uid=1000 system_server expire 18 lines
02-05 09:02:56.539 32332 32332 W ContextImpl: Calling a method in the system process without a qualified user: android.app.ContextImpl.startService:1460 android.content.ContextWrapper.startService:644 android.content.ContextWrapper.startService:644 com.lguplus.iptv3.arzoo.push.LGUPlusPushAgentMsgReceiver.onReceive:104 android.app.ActivityThread.handleReceiver:3252 
02-05 09:02:56.619 32332 32332 W ContextImpl: Calling a method in the system process without a qualified user: android.app.ContextImpl.sendBroadcast:950 android.content.ContextWrapper.sendBroadcast:431 com.lguplus.iptv3.arzoo.push.LGUPlusPushAgentAPI.checkRegID:78 com.lguplus.iptv3.arzoo.push.ARZooPushService.onStartCommand:51 android.app.ActivityThread.handleServiceArgs:3539 
02-05 09:02:57.785 32064 32064 W ContextImpl: Calling a method in the system process without a qualified user: android.app.ContextImpl.startService:1460 android.content.ContextWrapper.startService:644 com.lguplus.iptv3.base.ratingmanager.RatingManager.sendApplicationLog:120 com.lguplus.iptv3.base.launcher.HomeActivity.onPause:523 android.app.Activity.performPause:7115 
02-05 09:02:59.108   674  1129 I chatty  : uid=1000(system) Binder:674_6 expire 16 lines
02-05 09:02:59.400   674 17247 I chatty  : uid=1000(system) Binder:674_1F expire 25 lines
02-05 09:02:59.462 32064 32064 W ViewRootImpl[MymenuMainActivity]: Dropping event due to no window focus: KeyEvent { action=ACTION_DOWN, keyCode=KEYCODE_DPAD_DOWN, scanCode=108, metaState=0, flags=0x8, repeatCount=0, eventTime=432533464, downTime=432533464, deviceId=71, source=0x301 }
02-05 09:02:59.545 32064 32064 W ViewRootImpl[MymenuMainActivity]: Cancelling event due to no window focus: KeyEvent { action=ACTION_UP, keyCode=KEYCODE_DPAD_DOWN, scanCode=108, metaState=0, flags=0x28, repeatCount=0, eventTime=432533577, downTime=432533464, deviceId=71, source=0x301 }
02-05 09:02:59.580 32064 32064 E AndroidRuntime: FATAL EXCEPTION: main
02-05 09:02:59.580 32064 32064 E AndroidRuntime: Process: com.lguplus.iptv3.base.launcher, PID: 32064
02-05 09:02:59.580 32064 32064 E AndroidRuntime: java.lang.NullPointerException: Attempt to invoke virtual method 'android.view.View android.view.View.findViewById(int)' on a null object reference
02-05 09:02:59.580 32064 32064 E AndroidRuntime: 	at com.lguplus.iptv3.base.launcher.mymenu.fragment.CouponlistChildFragment.initialize(CouponlistChildFragment.java:154)
02-05 09:02:59.580 32064 32064 E AndroidRuntime: 	at com.lguplus.iptv3.base.launcher.mymenu.fragment.CouponlistChildFragment.onCreateView(CouponlistChildFragment.java:110)
02-05 09:02:59.580 32064 32064 E AndroidRuntime: 	at android.app.Fragment.performCreateView(Fragment.java:2611)
02-05 09:02:59.580 32064 32064 E AndroidRuntime: 	at android.app.FragmentManagerImpl.moveToState(FragmentManager.java:1276)
02-05 09:02:59.580 32064 32064 E AndroidRuntime: 	at android.app.FragmentManagerImpl.addAddedFragments(FragmentManager.java:2415)
02-05 09:02:59.580 32064 32064 E AndroidRuntime: 	at android.app.FragmentManagerImpl.executeOpsTogether(FragmentManager.java:2194)
02-05 09:02:59.580 32064 32064 E AndroidRuntime: 	at android.app.FragmentManagerImpl.removeRedundantOperationsAndExecute(FragmentManager.java:2148)
02-05 09:02:59.580 32064 32064 E AndroidRuntime: 	at android.app.FragmentManagerImpl.execPendingActions(FragmentManager.java:2049)
02-05 09:02:59.580 32064 32064 E AndroidRuntime: 	at android.app.FragmentManagerImpl$1.run(FragmentManager.java:718)
02-05 09:02:59.580 32064 32064 E AndroidRuntime: 	at android.os.Handler.handleCallback(Handler.java:789)
02-05 09:02:59.580 32064 32064 E AndroidRuntime: 	at android.os.Handler.dispatchMessage(Handler.java:98)
02-05 09:02:59.580 32064 32064 E AndroidRuntime: 	at android.os.Looper.loop(Looper.java:164)
02-05 09:02:59.580 32064 32064 E AndroidRuntime: 	at android.app.ActivityThread.main(ActivityThread.java:6541)
02-05 09:02:59.580 32064 32064 E AndroidRuntime: 	at java.lang.reflect.Method.invoke(Native Method)
02-05 09:02:59.580 32064 32064 E AndroidRuntime: 	at com.android.internal.os.Zygote$MethodAndArgsCaller.run(Zygote.java:240)
02-05 09:02:59.580 32064 32064 E AndroidRuntime: 	at com.android.internal.os.ZygoteInit.main(ZygoteInit.java:767)
02-05 09:02:59.547 32064 32064 I chatty  : uid=1000(system) com.lguplus.iptv3.base.launcher identical 7 lines
02-05 09:02:59.547 32064 32064 W ViewRootImpl[MymenuMainActivity]: Cancelling event due to no window focus: KeyEvent { action=ACTION_UP, keyCode=KEYCODE_DPAD_DOWN, scanCode=108, metaState=0, flags=0x28, repeatCount=0, eventTime=432533577, downTime=432533464, deviceId=71, source=0x301 }
02-05 09:02:59.671 32546 32546 W ContextImpl: Calling a method in the system process without a qualified user: android.app.ContextImpl.sendBroadcast:950 android.content.ContextWrapper.sendBroadcast:431 android.content.ContextWrapper.sendBroadcast:431 com.lguplus.iptv3.onetouchstb.push.LGUPlusPushAgentAPI.checkRegID:153 com.lguplus.iptv3.onetouchstb.push.OnetouchSTBPushManager.requestCheckRegId:46 
02-05 09:02:59.738   674  2354 I chatty  : uid=1000(system) Binder:674_15 expire 16 lines
02-05 09:02:59.792 32546 32546 W ContextImpl: Calling a method in the system process without a qualified user: android.app.ContextImpl.bindService:1540 android.content.ContextWrapper.bindService:678 com.lguplus.iptv3.onetouchstb.stb.LgIptvShmRemoteWrapper.onBindIptvRemote:114 com.lguplus.iptv3.onetouchstb.service.OneTouchSTBService.onCreate:113 android.app.ActivityThread.handleCreateService:3404 
02-05 09:03:00.172  1337  1337 I chatty  : uid=1000(system) com.lguplus.iptv3.base.livewidget expire 10 lines
02-05 09:03:00.824  1443  1455 W ContextImpl: Calling a method in the system process without a qualified user: android.app.ContextImpl.sendBroadcast:950 android.content.ContextWrapper.sendBroadcast:431 com.lge.sys.IptvShmService$IptvEventHandler.BroadcastCmEvent:814 com.lge.sys.IptvListener.Notify:167 com.lge.sys.ILgIpcClientService$Stub.onTransact:55 
02-05 09:03:00.854  1337 32649 I chatty  : uid=1000(system) com.lguplus.iptv3.base.livewidget expire 2 lines
02-05 09:03:01.097  1443  1455 W ContextImpl: Calling a method in the system process without a qualified user: android.app.ContextImpl.sendBroadcast:950 android.content.ContextWrapper.sendBroadcast:431 com.lge.sys.IptvShmService$IptvEventHandler.BroadcastCmEvent:814 com.lge.sys.IptvListener.Notify:131 com.lge.sys.ILgIpcClientService$Stub.onTransact:55 
02-05 09:03:01.349 32701 32701 W ContextImpl: Calling a method in the system process without a qualified user: android.app.ContextImpl.startService:1460 android.content.ContextWrapper.startService:644 android.content.ContextWrapper.startService:644 com.lguplus.iptv3.arzoo.push.LGUPlusPushAgentMsgReceiver.onReceive:104 android.app.ActivityThread.handleReceiver:3252 
02-05 09:03:01.539 32546 32546 W ContextImpl: Calling a method in the system process without a qualified user: android.app.ContextImpl.sendBroadcast:950 android.content.ContextWrapper.sendBroadcast:431 android.content.ContextWrapper.sendBroadcast:431 com.lguplus.iptv3.onetouchstb.push.LGUPlusPushAgentAPI.checkRegID:153 com.lguplus.iptv3.onetouchstb.push.OnetouchSTBPushManager.requestCheckRegId:46 
02-05 09:03:03.119   674   696 I chatty  : uid=1000(system) ActivityManager expire 16 lines
02-05 09:03:07.053   557   557 W ContextImpl: Calling a method in the system process without a qualified user: android.app.ContextImpl.bindService:1540 android.content.ContextWrapper.bindService:678 com.lguplus.iptv3.base.settingmanager.GetILgIptvShmRemote.onBindIptvRemote:61 com.lguplus.iptv3.base.hotkey.HotKeyService.onStartCommand:289 android.app.ActivityThread.handleServiceArgs:3539 
02-05 09:03:07.132   557   557 W ContextImpl: Calling a method in the system process without a qualified user: android.app.ContextImpl.sendBroadcast:950 android.content.ContextWrapper.sendBroadcast:431 com.lguplus.iptv3.base.hotkey.HotKeyService.requestKill4xView:1694 com.lguplus.iptv3.base.hotkey.HotKeyService.processUplusHome:1493 com.lguplus.iptv3.base.hotkey.HotKeyService.startCommand:2106 
02-05 09:03:07.241   557   557 W ContextImpl: Calling a method in the system process without a qualified user: android.app.ContextImpl.startActivity:838 android.content.ContextWrapper.startActivity:366 com.lguplus.iptv3.base.hotkey.HotKeyService.startActivitySafely:1607 com.lguplus.iptv3.base.hotkey.HotKeyService.processUplusHome:1598 com.lguplus.iptv3.base.hotkey.HotKeyService.startCommand:2106 
02-05 09:03:07.241   557   557 W ContextImpl: Calling a method in the system process without a qualified user: android.app.ContextImpl.startActivity:850 android.app.ContextImpl.startActivity:839 android.content.ContextWrapper.startActivity:366 com.lguplus.iptv3.base.hotkey.HotKeyService.startActivitySafely:1607 com.lguplus.iptv3.base.hotkey.HotKeyService.processUplusHome:1598 
02-05 09:03:07.593   358   358 W ContextImpl: Calling a method in the system process without a qualified user: android.app.ContextImpl.startService:1460 android.content.ContextWrapper.startService:644 com.lguplus.iptv3.base.ratingmanager.RatingManager.sendApplicationLog:120 com.lguplus.iptv3.base.launcher.HomeActivity.onResume:305 android.app.Instrumentation.callActivityOnResume:1366 
02-05 09:03:07.598   358   358 W ContextImpl: Calling a method in the system process without a qualified user: android.app.ContextImpl.startService:1460 android.content.ContextWrapper.startService:644 com.lguplus.iptv3.base.ratingmanager.RatingManager.sendPageLog:148 com.lguplus.iptv3.base.launcher.HomeActivity.onResume:306 android.app.Instrumentation.callActivityOnResume:1366 
02-05 09:03:08.456   674  1348 I chatty  : uid=1000(system) Binder:674_8 expire 12 lines
02-05 09:03:08.805   674 15526 I chatty  : uid=1000(system) Binder:674_1E expire 10 lines
02-05 09:03:09.394   735   735 W ContextImpl: Calling a method in the system process without a qualified user: android.app.ContextImpl.bindService:1540 android.content.ContextWrapper.bindService:678 com.lguplus.iptv3.onetouchstb.stb.LgIptvShmRemoteWrapper.onBindIptvRemote:114 com.lguplus.iptv3.onetouchstb.service.OneTouchSTBService.onCreate:113 android.app.ActivityThread.handleCreateService:3404 
02-05 09:03:10.905   358   358 W ContextImpl: Calling a method in the system process without a qualified user: android.app.ContextImpl.startService:1460 android.content.ContextWrapper.startService:644 com.lguplus.iptv3.base.ratingmanager.RatingManager.sendApplicationLog:120 com.lguplus.iptv3.base.launcher.HomeActivity.onPause:523 android.app.Activity.performPause:7115 
02-05 09:03:39.557   674   999 I chatty  : uid=1000(system) Binder:674_5 expire 32 lines
02-05 09:03:40.727   735   735 W ContextImpl: Calling a method in the system process without a qualified user: android.app.ContextImpl.startService:1460 android.content.ContextWrapper.startService:644 android.content.ContextWrapper.startService:644 com.lguplus.iptv3.onetouchstb.receiver.ReservationReceiver.startService:49 com.lguplus.iptv3.onetouchstb.receiver.ReservationReceiver.onReceive:38 
02-05 09:03:40.817   674  1300 I chatty  : uid=1000(system) Binder:674_7 expire 10 lines
02-05 09:03:41.381  1344  1344 W ContextImpl: Calling a method in the system process without a qualified user: android.app.ContextImpl.startService:1460 android.content.ContextWrapper.startService:644 android.content.ContextWrapper.startService:644 com.lguplus.iptv3.arzoo.push.LGUPlusPushAgentMsgReceiver.onReceive:104 android.app.ActivityThread.handleReceiver:3252 
02-05 09:03:41.443  1344  1344 W ContextImpl: Calling a method in the system process without a qualified user: android.app.ContextImpl.sendBroadcast:950 android.content.ContextWrapper.sendBroadcast:431 com.lguplus.iptv3.arzoo.push.LGUPlusPushAgentAPI.checkRegID:78 com.lguplus.iptv3.arzoo.push.ARZooPushService.onStartCommand:51 android.app.ActivityThread.handleServiceArgs:3539 
02-05 09:03:41.586   735   735 W ContextImpl: Calling a method in the system process without a qualified user: android.app.ContextImpl.sendBroadcast:950 android.content.ContextWrapper.sendBroadcast:431 android.content.ContextWrapper.sendBroadcast:431 com.lguplus.iptv3.onetouchstb.push.LGUPlusPushAgentAPI.checkRegID:153 com.lguplus.iptv3.onetouchstb.push.OnetouchSTBPushManager.requestCheckRegId:46 
02-05 09:03:43.783   674   766 I chatty  : uid=1000(system) InputDispatcher expire 14 lines
02-05 09:04:11.513   735   735 W ContextImpl: Calling a method in the system process without a qualified user: android.app.ContextImpl.startService:1460 android.content.ContextWrapper.startService:644 android.content.ContextWrapper.startService:644 com.lguplus.iptv3.onetouchstb.receiver.ReservationReceiver.startService:49 com.lguplus.iptv3.onetouchstb.receiver.ReservationReceiver.onReceive:38 
02-05 09:04:21.639   674   696 I chatty  : uid=1000(system) ActivityManager expire 18 lines
02-05 09:04:22.455   674   955 I chatty  : uid=1000(system) Binder:674_4 expire 20 lines
02-05 09:04:27.991   674   766 I chatty  : uid=1000(system) InputDispatcher expire 19 lines
02-05 09:04:33.025   674  2354 I chatty  : uid=1000(system) Binder:674_15 expire 11 lines
02-05 09:04:34.334   358   358 W ContextImpl: Calling a method in the system process without a qualified user: android.app.ContextImpl.startService:1460 android.content.ContextWrapper.startService:644 com.lguplus.iptv3.base.ratingmanager.RatingManager.sendApplicationLog:120 com.lguplus.iptv3.base.launcher.HomeActivity.onResume:305 android.app.Instrumentation.callActivityOnResume:1366 
02-05 09:04:34.341   358   358 W ContextImpl: Calling a method in the system process without a qualified user: android.app.ContextImpl.startService:1460 android.content.ContextWrapper.startService:644 com.lguplus.iptv3.base.ratingmanager.RatingManager.sendPageLog:148 com.lguplus.iptv3.base.launcher.HomeActivity.onResume:306 android.app.Instrumentation.callActivityOnResume:1366 
02-05 09:04:34.648   674  1370 I chatty  : uid=1000(system) Binder:674_A expire 12 lines
02-05 09:04:34.697   674  1488 I chatty  : uid=1000(system) Binder:674_12 expire 28 lines
02-05 09:04:35.320  1443  1455 W ContextImpl: Calling a method in the system process without a qualified user: android.app.ContextImpl.sendBroadcast:950 android.content.ContextWrapper.sendBroadcast:431 com.lge.sys.IptvShmService$IptvEventHandler.BroadcastCmEvent:814 com.lge.sys.IptvListener.Notify:167 com.lge.sys.ILgIpcClientService$Stub.onTransact:55 
02-05 09:04:35.355  1337  2072 I chatty  : uid=1000(system) com.lguplus.iptv3.base.livewidget expire 2 lines
02-05 09:04:35.405  1337  1337 I chatty  : uid=1000(system) com.lguplus.iptv3.base.livewidget expire 8 lines
02-05 09:04:35.473  1443  1455 W ContextImpl: Calling a method in the system process without a qualified user: android.app.ContextImpl.sendBroadcast:950 android.content.ContextWrapper.sendBroadcast:431 com.lge.sys.IptvShmService$IptvEventHandler.BroadcastCmEvent:814 com.lge.sys.IptvListener.Notify:131 com.lge.sys.ILgIpcClientService$Stub.onTransact:55 
02-05 09:04:38.205   674  1384 I chatty  : uid=1000(system) Binder:674_B expire 21 lines
02-05 09:04:38.431   674 10287 I chatty  : uid=1000(system) Binder:674_1B expire 11 lines
02-05 09:04:38.648   674  1129 I chatty  : uid=1000(system) Binder:674_6 expire 15 lines
02-05 09:04:38.736   358   358 W ContextImpl: Calling a method in the system process without a qualified user: android.app.ContextImpl.startService:1460 android.content.ContextWrapper.startService:644 com.lguplus.iptv3.base.ratingmanager.RatingManager.sendApplicationLog:120 com.lguplus.iptv3.base.launcher.HomeActivity.onPause:523 android.app.Activity.performPause:7115 
02-05 09:04:39.332   358  2312 W ContextImpl: Calling a method in the system process without a qualified user: android.app.ContextImpl.startService:1460 android.content.ContextWrapper.startService:644 com.lguplus.iptv3.base.ratingmanager.RatingManager.sendApplicationLog:120 com.lguplus.iptv3.base.launcher.categorymenu.MainActivity$4.run:686 java.util.TimerThread.mainLoop:555 
02-05 09:04:39.760   358  2341 W ContextImpl: Calling a method in the system process without a qualified user: android.app.ContextImpl.startService:1460 android.content.ContextWrapper.startService:644 com.lguplus.iptv3.base.launcher.categorymenu.provider.VodInfoProvider.getMatrixCursorFromMenuAgent:343 com.lguplus.iptv3.base.launcher.categorymenu.provider.VodInfoProvider.query:157 android.content.ContentProvider.query:1057 
02-05 09:04:40.217  2344  2344 W ContextImpl: Calling a method in the system process without a qualified user: android.app.ContextImpl.bindService:1540 android.content.ContextWrapper.bindService:678 com.lguplus.iptv3.onetouchstb.stb.LgIptvShmRemoteWrapper.onBindIptvRemote:114 com.lguplus.iptv3.onetouchstb.service.OneTouchSTBService.onCreate:113 android.app.ActivityThread.handleCreateService:3404 
02-05 09:04:40.271   358   358 W ContextImpl: Calling a method in the system process without a qualified user: android.app.ContextImpl.startService:1460 android.content.ContextWrapper.startService:644 com.lguplus.iptv3.base.ratingmanager.RatingManager.sendPageLog:148 com.lguplus.iptv3.base.launcher.categorymenu.MainActivity.setResponseCategory:2377 com.lguplus.iptv3.base.launcher.categorymenu.task.CategoryTask.onPostExecute:411 
02-05 09:04:59.218   674   696 I chatty  : uid=1000(system) ActivityManager expire 11 lines
02-05 09:04:59.298   674 15526 I chatty  : uid=1000(system) Binder:674_1E expire 29 lines
02-05 09:04:59.301   674  1300 I chatty  : uid=1000(system) Binder:674_7 expire 39 lines
02-05 09:04:59.643  2696  2696 W ContextImpl: Calling a method in the system process without a qualified user: android.app.ContextImpl.startService:1460 android.content.ContextWrapper.startService:644 android.content.ContextWrapper.startService:644 com.lguplus.iptv3.arzoo.push.LGUPlusPushAgentMsgReceiver.onReceive:104 android.app.ActivityThread.handleReceiver:3252 
02-05 09:04:59.711  2696  2696 W ContextImpl: Calling a method in the system process without a qualified user: android.app.ContextImpl.sendBroadcast:950 android.content.ContextWrapper.sendBroadcast:431 com.lguplus.iptv3.arzoo.push.LGUPlusPushAgentAPI.checkRegID:78 com.lguplus.iptv3.arzoo.push.ARZooPushService.onStartCommand:51 android.app.ActivityThread.handleServiceArgs:3539 
02-05 09:05:01.055  2784  2784 W ContextImpl: Calling a method in the system process without a qualified user: android.app.ContextImpl.sendBroadcast:950 android.content.ContextWrapper.sendBroadcast:431 android.content.ContextWrapper.sendBroadcast:431 com.lguplus.iptv3.onetouchstb.push.LGUPlusPushAgentAPI.checkRegID:153 com.lguplus.iptv3.onetouchstb.push.OnetouchSTBPushManager.requestCheckRegId:46 
02-05 09:05:01.079  2784  2784 W ContextImpl: Calling a method in the system process without a qualified user: android.app.ContextImpl.bindService:1540 android.content.ContextWrapper.bindService:678 com.lguplus.iptv3.onetouchstb.stb.LgIptvShmRemoteWrapper.onBindIptvRemote:114 com.lguplus.iptv3.onetouchstb.service.OneTouchSTBService.onCreate:113 android.app.ActivityThread.handleCreateService:3404 
02-05 09:05:01.210   674  4234 I chatty  : uid=1000(system) Binder:674_19 expire 18 lines
02-05 09:05:06.210   674   766 I chatty  : uid=1000(system) InputDispatcher expire 13 lines
02-05 09:05:09.789   358   358 W ContextImpl: Calling a method in the system process without a qualified user: android.app.ContextImpl.startService:1460 android.content.ContextWrapper.startService:644 com.lguplus.iptv3.base.ratingmanager.RatingManager.sendPageLog:148 com.lguplus.iptv3.base.launcher.categorymenu.MainActivity.onPause:976 android.app.Activity.performPause:7115 
02-05 09:05:09.793   358   358 W ContextImpl: Calling a method in the system process without a qualified user: android.app.ContextImpl.startService:1460 android.content.ContextWrapper.startService:644 com.lguplus.iptv3.base.ratingmanager.RatingManager.sendApplicationLog:120 com.lguplus.iptv3.base.launcher.categorymenu.MainActivity.onPause:977 android.app.Activity.performPause:7115 
02-05 09:05:10.480   358   358 W ContextImpl: Calling a method in the system process without a qualified user: android.app.ContextImpl.bindService:1540 android.content.ContextWrapper.bindService:678 com.lguplus.iptv3.base.advertisemanager.AdvertiseManager.onBind:343 com.lguplus.iptv3.base.launcher.categorymenu.manager.advertise.AdManager.start:82 com.lguplus.iptv3.base.launcher.categorymenu.manager.VODDetailManager.startAdService:1013 
02-05 09:05:10.484   358   358 W ContextImpl: Calling a method in the system process without a qualified user: android.app.ContextImpl.startService:1460 android.content.ContextWrapper.startService:644 com.lguplus.iptv3.base.ratingmanager.RatingManager.sendVodLog:219 com.lguplus.iptv3.base.launcher.categorymenu.manager.VODDetailManager.sendVODLog:7876 com.lguplus.iptv3.base.launcher.categorymenu.manager.VODDetailManager.startRatingProcess:7735 
02-05 09:05:14.062   358   358 W ViewRootImpl[VODDetailActivity]: Cancelling event due to no window focus: KeyEvent { action=ACTION_UP, keyCode=KEYCODE_DPAD_CENTER, scanCode=96, metaState=0, flags=0x28, repeatCount=0, eventTime=432668242, downTime=432668194, deviceId=72, source=0x301 }
02-05 09:05:14.064   358   358 I chatty  : uid=1000(system) com.lguplus.iptv3.base.launcher identical 11 lines
02-05 09:05:14.142   674   999 I chatty  : uid=1000(system) Binder:674_5 expire 19 lines
02-05 09:05:14.433  1597  1597 W ViewRootImpl[PassCheckDialogActivity]: Cancelling event due to no window focus: KeyEvent { action=ACTION_UP, keyCode=KEYCODE_DPAD_CENTER, scanCode=96, metaState=0, flags=0x28, repeatCount=0, eventTime=432668425, downTime=432668194, deviceId=72, source=0x301 }
02-05 09:05:14.434  1597  1597 I chatty  : uid=1000(system) com.lguplus.iptv3.base.setting identical 4 lines
02-05 09:05:14.434  1597  1597 W ViewRootImpl[PassCheckDialogActivity]: Cancelling event due to no window focus: KeyEvent { action=ACTION_UP, keyCode=KEYCODE_DPAD_CENTER, scanCode=96, metaState=0, flags=0x28, repeatCount=0, eventTime=432668425, downTime=432668194, deviceId=72, source=0x301 }
02-05 09:05:22.213   674  1348 I chatty  : uid=1000(system) Binder:674_8 expire 11 lines
02-05 09:05:23.570   674  3112 I chatty  : uid=1000(system) Binder:674_18 expire 19 lines
02-05 09:05:23.893   674   709 I chatty  : uid=1000(system) android.display expire 10 lines
02-05 09:05:24.103  3200  3200 W ContextImpl: Calling a method in the system process without a qualified user: android.app.ContextImpl.sendBroadcast:950 android.content.ContextWrapper.sendBroadcast:431 com.lguplus.iptv3.base.vod.player.VoDPlayerActivity.sendChannelOut:4134 com.lguplus.iptv3.base.vod.player.VoDPlayerActivity.onCreate:3840 android.app.Activity.performCreate:6975 
02-05 09:05:24.136  3200  3200 W ContextImpl: Calling a method in the system process without a qualified user: android.app.ContextImpl.bindService:1540 android.content.ContextWrapper.bindService:678 com.lguplus.iptv3.base.advertisemanager.AdvertiseManager.onBind:343 com.lguplus.iptv3.base.vod.player.VoDPlayerActivity.onCreate:3864 android.app.Activity.performCreate:6975 
02-05 09:05:24.215  3200  3200 W ContextImpl: Calling a method in the system process without a qualified user: android.app.ContextImpl.bindService:1540 android.content.ContextWrapper.bindService:678 com.lguplus.iptv3.base.vod.player.VoDPlayerActivity.setOnCreate:4178 com.lguplus.iptv3.base.vod.player.VoDPlayerActivity.onCreate:4115 android.app.Activity.performCreate:6975 
02-05 09:05:25.762  3200  3200 W ContextImpl: Calling a method in the system process without a qualified user: android.app.ContextImpl.startService:1460 android.content.ContextWrapper.startService:644 com.lguplus.iptv3.base.ratingmanager.RatingManager.sendVodLog:219 com.lguplus.iptv3.base.vod.player.VoDPlayerActivity.sendVODLog:11632 com.lguplus.iptv3.base.vod.player.VoDPlayerActivity.playContent:16653 
02-05 09:05:26.194   488  1041 D DRIVER-LGE-i2c: [i2c_open] (pid=488) open success id:0 dev=/dev/i2c-0
02-05 09:05:26.194   488  1041 D DRIVER-LGE-i2c: [i2c_open] (pid=488) open success id:1 dev=/dev/i2c-1
02-05 09:05:26.194   488  1041 D DRIVER-LGE-i2c: [i2c_open] (pid=488) open success id:2 dev=/dev/i2c-2
02-05 09:05:26.194   488  1041 D DRIVER-LGE-i2c: [i2c_open] (pid=488) open success id:3 dev=/dev/i2c-3
02-05 09:05:26.195   488  1041 D DRIVER-LGE-i2c: [i2c_close] (pid=488) close success fd:8
02-05 09:05:26.195   488  1041 D DRIVER-LGE-i2c: [i2c_close] (pid=488) close success fd:9
02-05 09:05:26.195   488  1041 D DRIVER-LGE-i2c: [i2c_close] (pid=488) close success fd:10
02-05 09:05:26.195   488  1041 D DRIVER-LGE-i2c: [i2c_close] (pid=488) close success fd:11
02-05 09:05:26.445  3200  3200 W ContextImpl: Calling a method in the system process without a qualified user: android.app.ContextImpl.sendBroadcast:950 android.content.ContextWrapper.sendBroadcast:431 com.lguplus.iptv3.base.vod.player.VoDPlayerActivity.sendVODDetailData:5331 com.lguplus.iptv3.base.vod.player.VoDPlayerActivity.access$6900:152 com.lguplus.iptv3.base.vod.player.VoDPlayerActivity$14.OnPrepare:3259 
02-05 09:05:27.365   674  1441 I chatty  : uid=1000(system) Binder:674_10 expire 10 lines
02-05 09:05:28.125   674  1386 I chatty  : uid=1000(system) Binder:674_C expire 23 lines
02-05 09:05:28.135   674  1392 I chatty  : uid=1000(system) Binder:674_D expire 15 lines
02-05 09:05:28.177   674  1442 I chatty  : uid=1000(system) Binder:674_11 expire 11 lines
02-05 09:05:28.190   674 15526 I chatty  : uid=1000(system) Binder:674_1E expire 26 lines
02-05 09:05:29.235   674  1412 I chatty  : uid=1000(system) Binder:674_F expire 12 lines
02-05 09:05:33.831   674 10287 I chatty  : uid=1000(system) Binder:674_1B expire 30 lines
02-05 09:06:09.306   674  2354 I chatty  : uid=1000(system) Binder:674_15 expire 21 lines
02-05 09:06:10.209   674   696 I chatty  : uid=1000(system) ActivityManager expire 16 lines
02-05 09:06:11.117  4202  4202 W ContextImpl: Calling a method in the system process without a qualified user: android.app.ContextImpl.bindService:1540 android.content.ContextWrapper.bindService:678 com.lguplus.iptv3.onetouchstb.stb.LgIptvShmRemoteWrapper.onBindIptvRemote:114 com.lguplus.iptv3.onetouchstb.service.OneTouchSTBService.onCreate:113 android.app.ActivityThread.handleCreateService:3404 
02-05 09:06:11.266  3866  3907 I ActivityThread: Removing dead content provider:android.content.ContentProviderProxy@76e08ae
02-05 09:06:12.515   674   862 I chatty  : uid=1000(system) Binder:674_3 expire 19 lines
02-05 09:06:12.517  3516  4310 I ActivityThread: Removing dead content provider:android.content.ContentProviderProxy@d8414f7
02-05 09:06:12.990   674  1348 I chatty  : uid=1000(system) Binder:674_8 expire 15 lines
02-05 09:06:13.543   674 10287 I chatty  : uid=1000(system) Binder:674_1B expire 11 lines
02-05 09:06:13.971   674 15526 I chatty  : uid=1000(system) Binder:674_1E expire 25 lines
