01-22 11:04:18.397  3949  3949 I ActivityThread: Switching default density from 320 to 213
01-22 11:04:18.642   588  1181 W ActivityManager: getRunningAppProcesses: caller 10097 does not hold REAL_GET_TASKS; limiting output
01-22 11:04:19.375  1192  1192 W ContextImpl: Calling a method in the system process without a qualified user: android.app.ContextImpl.startService:1692 android.content.ContextWrapper.startService:516 com.lge.iptv.iptvinput.IpTunerUtil.startTvApp:359 com.lge.iptv.iptvinput.IpTunerService.startedByBootInit:344 com.lge.iptv.iptvinput.IpTunerService.onStartCommand:166 
01-22 11:04:19.412   588  1184 I ActivityManager: Start proc 3988:com.lguplus.iptv3.base.notification:remote/u0a55 for service com.lguplus.iptv3.base.notification/.service.NotificationService
01-22 11:04:19.567   423   745 E DRIVER-LGE-i2c: ioctl error: -1
01-22 11:04:19.580   423   745 E DRIVER-LGE-i2c: ioctl error: -1
01-22 11:04:19.632   588  1166 I ActivityManager: Start proc 4006:tv.anypoint.uplus.tvg.app/u0a114 for content provider tv.anypoint.uplus.tvg.app/tv.anypoint.android.core.app.MonitorContentProvider
01-22 11:04:19.716  3988  3988 I ActivityThread: Switching default density from 320 to 213
01-22 11:04:19.719  3988  3988 W ResourcesManager: Asset path '/system/framework/com.lge.iptv.jar' does not exist or contains no resources.
01-22 11:04:19.770  4006  4006 I ActivityThread: Switching default density from 320 to 213
01-22 11:04:19.834   588  1302 I ActivityManager: Killing 2741:com.lguplus.iptv3.base.launcher/u0a62 (adj 15): empty #17
01-22 11:04:19.938  3949  3949 W ActivityThread: ClassLoader.loadClass: The class loader returned by Thread.getContextClassLoader() may fail for processes that host multiple applications. You should explicitly specify a context class loader. For example: Thread.setContextClassLoader(getClass().getClassLoader());
01-22 11:04:20.120   588  1276 D ActivityManager: cleanUpApplicationRecord -- 2741
01-22 11:04:20.499   588  1301 I ActivityManager: Killing 2611:android.process.media/u0a12 (adj 15): empty #17
01-22 11:04:20.570   588  1169 D ActivityManager: cleanUpApplicationRecord -- 2611
01-22 11:04:20.794   588  1169 I ActivityManager: Killing 3451:com.google.android.play.games/u0a100 (adj 15): empty #17
01-22 11:04:20.915   588   604 D ActivityManager: cleanUpApplicationRecord -- 3451
01-22 11:04:20.932   474   474 I cpusvc  : [restore_max_freq] max freq gonna restore to: 1200000
01-22 11:04:20.991   588  1169 I ActivityManager: Start proc 4047:com.lguplus.iptv3.base.hotkey/u0a51 for broadcast com.lguplus.iptv3.base.hotkey/.AppUpdateReceiver
01-22 11:04:21.182  4047  4047 I ActivityThread: Switching default density from 320 to 213
01-22 11:04:21.185  4047  4047 W ResourcesManager: Asset path '/system/framework/com.lge.iptv.jar' does not exist or contains no resources.
01-22 11:04:21.781   588   605 I ActivityManager: Start proc 4072:com.android.gallery3d/u0a89 for broadcast com.android.gallery3d/.app.PackagesMonitor
01-22 11:04:21.786   588   605 I ActivityManager: Killing 2464:com.lguplus.iptv3.base.si.provider/u0a1 (adj 15): empty #17
01-22 11:04:21.914   588  1272 D ActivityManager: cleanUpApplicationRecord -- 2464
01-22 11:04:21.934  4072  4072 I ActivityThread: Switching default density from 320 to 213
01-22 11:04:22.556   588  1235 I ActivityManager: START u0 {act=com.lguplus.iptv3.base.livewidget.INIT cmp=com.lguplus.iptv3.base.livewidget/.MainActivity} from uid 10052 app NULL class NULL on display 0
01-22 11:04:22.557   588  1235 W ActivityManager: startActivity called from non-Activity context; forcing Intent.FLAG_ACTIVITY_NEW_TASK for: Intent { act=com.lguplus.iptv3.base.livewidget.INIT cmp=com.lguplus.iptv3.base.livewidget/.MainActivity }
01-22 11:04:22.965   588  1238 I ActivityManager: Start proc 4102:com.android.settings/1000 for broadcast com.android.settings/.bluetooth.DockEventReceiver
01-22 11:04:23.033  4102  4102 I ActivityThread: Switching default density from 320 to 213
01-22 11:04:23.187   588  1222 I ActivityManager: Start proc 4120:com.lguplus.iptv3.base.si.provider/u0a1 for content provider com.lguplus.iptv3.base.si.provider/.EpgProvider
01-22 11:04:23.191   588   605 I ActivityManager: Killing 3520:com.google.android.gms.ui/u0a17 (adj 15): empty #17
01-22 11:04:23.270   588  1166 D ActivityManager: cleanUpApplicationRecord -- 3520
01-22 11:04:23.288  4120  4120 I ActivityThread: Switching default density from 320 to 213
01-22 11:04:23.409   588   588 D ZenLog  : disable_effects: 0|tv.anypoint.uplus.tvg.app|1|null|10114,listenerHints
01-22 11:04:23.481   588  1178 I ActivityManager: Killing 3335:com.naver.vapp/u0a68 (adj 15): empty #17
01-22 11:04:23.598   588  1166 D ConnectivityService: ConnectivityService NetworkRequestInfo binderDied(NetworkRequest [ id=5, legacyType=-1, [ Capabilities: INTERNET&NOT_RESTRICTED&TRUSTED] ], android.os.BinderProxy@1b4d9c9a)
01-22 11:04:23.614   588   793 D ConnectivityService: releasing NetworkRequest NetworkRequest [ id=5, legacyType=-1, [ Capabilities: INTERNET&NOT_RESTRICTED&TRUSTED] ]
01-22 11:04:23.650   588  1301 D ActivityManager: cleanUpApplicationRecord -- 3335
01-22 11:04:23.660   588   793 E ConnectivityService: RemoteException caught trying to send a callback msg for NetworkRequest [ id=5, legacyType=-1, [ Capabilities: INTERNET&NOT_RESTRICTED&TRUSTED] ]
01-22 11:04:23.731  4102  4102 W ContextImpl: Calling a method in the system process without a qualified user: android.app.ContextImpl.startService:1692 android.content.ContextWrapper.startService:516 android.content.ContextWrapper.startService:516 com.android.settings.bluetooth.DockEventReceiver.beginStartingService:134 com.android.settings.bluetooth.DockEventReceiver.onReceive:115 
01-22 11:04:23.999   474   474 I cpusvc  : [reduce_max_freq] max freq gonna reduce to: 1000000
01-22 11:04:24.033  1304  1304 W ContextImpl: Calling a method in the system process without a qualified user: android.app.ContextImpl.startService:1692 android.content.ContextWrapper.startService:516 android.content.ContextWrapper.startService:516 com.marvell.audio.loopback.AmpAudioLoopbackBroadcastReceiver.onReceive:117 android.app.ActivityThread.handleReceiver:2609 
01-22 11:04:24.034   588  1181 W ActivityManager: Unable to start service Intent { act=com.lguplus.iptv4.base.farfield.service.FarFieldService cmp=com.lguplus.iptv4.base.farfield/.service.FarFieldService (has extras) } U=0: not found
01-22 11:04:24.037  1304  1304 W ContextImpl: Calling a method in the system process without a qualified user: android.app.ContextImpl.startService:1692 android.content.ContextWrapper.startService:516 android.content.ContextWrapper.startService:516 com.marvell.audio.loopback.AmpAudioLoopbackBroadcastReceiver.onReceive:123 android.app.ActivityThread.handleReceiver:2609 
01-22 11:04:24.046   588   605 W ActivityManager: Unable to start service Intent { act=com.lguplus.iptv3.onetouchstb.UpdateEarphoneService cmp=com.lguplus.iptv3.onetouchstb/.UpdateEarphoneService (has extras) } U=0: not found
01-22 11:04:24.358   588  1238 I ActivityManager: Start proc 4165:com.lguplus.iptv3.base.launcher/u0a62 for broadcast com.lguplus.iptv3.base.launcher/.uplushome.receiver.TvResumeEventReceiver
01-22 11:04:24.482  4165  4165 I ActivityThread: Switching default density from 320 to 213
01-22 11:04:24.498  4165  4165 W ResourcesManager: Asset path '/system/framework/com.lge.iptv.jar' does not exist or contains no resources.
01-22 11:04:24.697   588   605 I ActivityManager: Start proc 4184:com.lguplus.iptv3.base.setting/u0a59 for content provider com.lguplus.iptv3.base.setting/.provider.SettingProvider
01-22 11:04:24.792  4184  4184 I ActivityThread: Switching default density from 320 to 213
01-22 11:04:24.794  4184  4184 W ResourcesManager: Asset path '/system/framework/com.lge.iptv.jar' does not exist or contains no resources.
01-22 11:04:25.391   588  1181 I ActivityManager: Start proc 4215:com.gnifrix.bshopping/u0a71 for broadcast com.gnifrix.bshopping/.BroadcastExitReceiver
01-22 11:04:25.396   588  1181 I ActivityManager: Killing 3594:com.geniemusic.tv/u0a72 (adj 15): empty #17
01-22 11:04:25.463   588   605 D ActivityManager: cleanUpApplicationRecord -- 3594
01-22 11:04:25.497  4215  4215 I ActivityThread: Switching default density from 320 to 213
01-22 11:04:25.500  4215  4215 W ResourcesManager: Asset path '/system/framework/com.lge.iptv.jar' does not exist or contains no resources.
01-22 11:04:25.662   588  1169 I ActivityManager: Killing 3673:com.android.deskclock/u0a86 (adj 15): empty #17
01-22 11:04:25.782   588   886 D ActivityManager: cleanUpApplicationRecord -- 3673
01-22 11:04:25.856   588  1222 I ActivityManager: Start proc 4241:com.lguplus.iptv3.onetouchstb/u0a33 for broadcast com.lguplus.iptv3.onetouchstb/.receiver.EPGUpdateReceiver
01-22 11:04:25.937  4241  4241 I ActivityThread: Switching default density from 320 to 213
01-22 11:04:25.944  4241  4241 W ResourcesManager: Asset path '/system/framework/com.lge.iptv.jar' does not exist or contains no resources.
01-22 11:04:26.118   588  1236 I ActivityManager: Killing 3694:com.android.providers.calendar/u0a9 (adj 15): empty #17
01-22 11:04:26.245   588  1276 D ActivityManager: cleanUpApplicationRecord -- 3694
01-22 11:04:26.377   588  1166 I ActivityManager: Killing 3729:com.lguplus.downloader/1000 (adj 15): empty #17
01-22 11:04:26.495   588  1178 I ActivityManager: Killing 3750:com.marvell.powersettings/1000 (adj 15): empty #17
01-22 11:04:26.602   588  1222 D ActivityManager: cleanUpApplicationRecord -- 3729
01-22 11:04:26.617   588  1181 D ActivityManager: cleanUpApplicationRecord -- 3750
01-22 11:04:26.786   588  1166 I ActivityManager: Start proc 4278:com.android.providers.calendar/u0a9 for content provider com.android.providers.calendar/.CalendarProvider2
01-22 11:04:26.847  4278  4278 I ActivityThread: Switching default density from 320 to 213
01-22 11:04:26.850  4278  4278 W ResourcesManager: Asset path '/system/framework/android.test.runner.jar' does not exist or contains no resources.
01-22 11:04:26.905   588   680 I ActivityManager: Waited long enough for: ServiceRecord{32da15b9 u0 com.android.calendar/.alerts.InitAlarmsService}
01-22 11:04:27.253   588   768 I ActivityManager: Start proc 4302:com.naver.vapp/u0a68 for service com.naver.vapp/.tv.recommendations.RecommendationsService
01-22 11:04:27.341  4302  4302 I ActivityThread: Switching default density from 320 to 213
01-22 11:04:27.605   588  1301 I ActivityManager: Start proc 4325:.remote/u0a0 for broadcast com.lguplus.iptv4.base.curationservice/.reciver.RestartReceiver
01-22 11:04:27.711  4325  4325 I ActivityThread: Switching default density from 320 to 213
01-22 11:04:27.715  4325  4325 W ResourcesManager: Asset path '/system/framework/com.lge.iptv.jar' does not exist or contains no resources.
01-22 11:04:27.906   588  1238 W ActivityManager: Unable to start service Intent { act=com.google.android.gms.car.service.START pkg=com.google.android.gms } U=0: not found
01-22 11:04:27.910   588  1178 W ActivityManager: Unbind failed: could not find connection for android.os.BinderProxy@2cbefb13
01-22 11:04:28.816  1304  1304 W ContextImpl: Calling a method in the system process without a qualified user: android.app.ContextImpl.startService:1692 android.content.ContextWrapper.startService:516 android.content.ContextWrapper.startService:516 com.marvell.audio.loopback.AmpAudioLoopbackBroadcastReceiver.onReceive:268 android.app.ActivityThread.handleReceiver:2609 
01-22 11:04:28.819   588  1184 W ActivityManager: Unable to start service Intent { act=com.lguplus.iptv3.onetouchstb.UpdateEarphoneService cmp=com.lguplus.iptv3.onetouchstb/.UpdateEarphoneService (has extras) } U=0: not found
01-22 11:04:29.061   588  1238 I ActivityManager: Start proc 4364:android.process.media/u0a12 for content provider com.android.providers.media/.MediaProvider
01-22 11:04:29.218  4364  4364 I ActivityThread: Switching default density from 320 to 213
01-22 11:04:30.109   474   474 I cpusvc  : [restore_max_freq] max freq gonna restore to: 1200000
01-22 11:04:30.250   588  1178 I ActivityManager: Killing 2103:com.android.music/u0a96 (adj 15): empty #17
01-22 11:04:30.402   588  1169 D ActivityManager: cleanUpApplicationRecord -- 2103
01-22 11:04:30.674   588  1236 I ActivityManager: Start proc 4422:com.lguplus.iptv3.base.reservalarmmng/u0a57 for broadcast com.lguplus.iptv3.base.reservalarmmng/.receiver.LGUPlusPushAgentMsgReceiver
01-22 11:04:30.774   588  1184 I ActivityManager: Killing 3779:com.google.android.videos/u0a109 (adj 15): empty #17
01-22 11:04:30.776  4422  4422 I ActivityThread: Switching default density from 320 to 213
01-22 11:04:30.782  4422  4422 W ResourcesManager: Asset path '/system/framework/com.lge.iptv.jar' does not exist or contains no resources.
01-22 11:04:30.893   588  1222 D ActivityManager: cleanUpApplicationRecord -- 3779
01-22 11:04:30.912   588  1166 I ActivityManager: Killing 3838:com.android.wifidisplay/1000 (adj 15): empty #17
01-22 11:04:31.019   588   605 D ConnectivityService: listenForNetwork for NetworkRequest [ id=6, legacyType=-1, [ Capabilities: INTERNET&NOT_RESTRICTED&TRUSTED] ]
01-22 11:04:31.029   588   793 D ConnectivityService: handleRegisterNetworkRequest checking NetworkAgentInfo [Ethernet () - 100]
01-22 11:04:31.030   588   793 D ConnectivityService: apparently satisfied.  currentScore=70
01-22 11:04:31.031   588  1301 D ActivityManager: cleanUpApplicationRecord -- 3838
01-22 11:04:31.416   588  1178 I ActivityManager: Start proc 4458:com.lguplus.iptv3.g2.superview/u0a61 for broadcast com.lguplus.iptv3.g2.superview/com.lguplus.iptv3.g2.ltealive.push.LGUPlusPushAgentMsgReceiver
01-22 11:04:31.501  4458  4458 I ActivityThread: Switching default density from 320 to 213
01-22 11:04:31.517  4458  4458 W ResourcesManager: Asset path '/system/framework/com.lge.iptv.jar' does not exist or contains no resources.
01-22 11:04:31.518  4458  4458 W ResourcesManager: Asset path '/system/framework/com.lge.iptv.liveplayer.jar' does not exist or contains no resources.
01-22 11:04:32.134   588   886 I ActivityManager: Start proc 4489:com.lguplus.iptv3.arzoo/u0a117 for broadcast com.lguplus.iptv3.arzoo/.push.LGUPlusPushAgentMsgReceiver
01-22 11:04:32.178   588   604 W AlarmManager: Suspiciously short interval 30000 millis; expanding to 60 seconds
01-22 11:04:32.319   588  1184 D ConnectivityService: listenForNetwork for NetworkRequest [ id=7, legacyType=-1, [ Capabilities: INTERNET&NOT_RESTRICTED&TRUSTED] ]
01-22 11:04:32.319   588   793 D ConnectivityService: handleRegisterNetworkRequest checking NetworkAgentInfo [Ethernet () - 100]
01-22 11:04:32.319   588   793 D ConnectivityService: apparently satisfied.  currentScore=70
01-22 11:04:32.336  4489  4489 I ActivityThread: Switching default density from 320 to 213
01-22 11:04:32.346  4489  4489 W ResourcesManager: Asset path '/system/framework/com.lge.iptv.jar' does not exist or contains no resources.
01-22 11:04:32.666   588  1184 I ActivityManager: Killing 3289:com.google.android.gms.unstable/u0a17 (adj 15): empty #17
01-22 11:04:32.792   588  1181 D ActivityManager: cleanUpApplicationRecord -- 3289
01-22 11:04:33.161   474   474 I cpusvc  : [reduce_max_freq] max freq gonna reduce to: 1000000
01-22 11:04:33.200   588   680 I ActivityManager: Waited long enough for: ServiceRecord{26e3bb15 u0 com.lguplus.pushagentstb/.service.PushAgentService}
01-22 11:04:33.280   588   886 W AlarmManager: Suspiciously short interval 30000 millis; expanding to 60 seconds
01-22 11:04:33.338   588   605 I ActivityManager: Start proc 4523:com.lguplus.iptv3.secondtvservice/u0a41 for broadcast com.lguplus.iptv3.secondtvservice/.SecondTvServiceReceiver
01-22 11:04:33.496  4523  4523 I ActivityThread: Switching default density from 320 to 213
01-22 11:04:33.501  4523  4523 W ResourcesManager: Asset path '/system/framework/com.lge.iptv.jar' does not exist or contains no resources.
01-22 11:04:33.664   588  1169 I ActivityManager: Start proc 4544:com.lguplus.tvg.homeiot/u0a22 for broadcast com.lguplus.tvg.homeiot/.receiver.BootReceiver
01-22 11:04:33.685  4302  4347 W ResourcesManager: Asset path '/system/framework/com.android.location.provider.jar' does not exist or contains no resources.
01-22 11:04:33.774   588  1272 I ActivityManager: Start proc 4563:com.lguplus.iptv3.base.vod:remote/u0a63 for service com.lguplus.iptv3.base.vod/.VoDManager
01-22 11:04:33.798  4544  4544 I ActivityThread: Switching default density from 320 to 213
01-22 11:04:33.805  4544  4544 W ResourcesManager: Asset path '/system/framework/com.lge.iptv.jar' does not exist or contains no resources.
01-22 11:04:33.923   588  1184 I ActivityManager: Start proc 4584:com.lguplus.iptv3.base.setting:remote/u0a59 for service com.lguplus.iptv3.base.setting/.VoDManager
01-22 11:04:34.016  4563  4563 I ActivityThread: Switching default density from 320 to 213
01-22 11:04:34.020  4563  4563 W ResourcesManager: Asset path '/system/framework/com.lge.iptv.jar' does not exist or contains no resources.
01-22 11:04:34.048  4584  4584 I ActivityThread: Switching default density from 320 to 213
01-22 11:04:34.051  4584  4584 W ResourcesManager: Asset path '/system/framework/com.lge.iptv.jar' does not exist or contains no resources.
01-22 11:04:34.284   588   680 W ProcessCpuTracker: Skipping unknown process pid 4595
01-22 11:04:34.284   588   680 W ProcessCpuTracker: Skipping unknown process pid 4604
01-22 11:04:34.292   588   680 W ProcessCpuTracker: Skipping unknown process pid 4605
01-22 11:04:35.192   588   605 I ActivityManager: Start proc 4639:com.lguplus.iptv3.homesharestb/u0a23 for broadcast com.lguplus.iptv3.homesharestb/com.lguplus.stb.service.HomeShareReceiver
01-22 11:04:35.196   588   605 I ActivityManager: Killing 4102:com.android.settings/1000 (adj 15): empty #17
01-22 11:04:35.350   588  1236 D ActivityManager: cleanUpApplicationRecord -- 4102
01-22 11:04:35.367  4639  4639 I ActivityThread: Switching default density from 320 to 213
01-22 11:04:35.376  4639  4639 W ResourcesManager: Asset path '/system/framework/com.lge.iptv.jar' does not exist or contains no resources.
01-22 11:04:36.017   588  1178 W AlarmManager: Suspiciously short interval 30000 millis; expanding to 60 seconds
01-22 11:04:36.018   588  1301 W AlarmManager: Suspiciously short interval 30000 millis; expanding to 60 seconds
01-22 11:04:36.061   588   793 D ConnectivityService: releasing NetworkRequest NetworkRequest [ id=6, legacyType=-1, [ Capabilities: INTERNET&NOT_RESTRICTED&TRUSTED] ]
01-22 11:04:36.094   588  1302 W ActivityManager: getRunningAppProcesses: caller 10111 does not hold REAL_GET_TASKS; limiting output
01-22 11:04:36.180   588  1222 F ContentService: Content Service Crash
01-22 11:04:36.180   588  1222 F ContentService: java.lang.IllegalArgumentException: You must pass a valid uri and observer
01-22 11:04:36.180   588  1222 F ContentService: 	at com.android.server.content.ContentService.registerContentObserver(ContentService.java:177)
01-22 11:04:36.180   588  1222 F ContentService: 	at android.content.IContentService$Stub.onTransact(IContentService.java:73)
01-22 11:04:36.180   588  1222 F ContentService: 	at com.android.server.content.ContentService.onTransact(ContentService.java:146)
01-22 11:04:36.180   588  1222 F ContentService: 	at android.os.Binder.execTransact(Binder.java:446)
01-22 11:04:36.745   588  1178 I ActivityManager: Start proc 4684:com.lguplus.iptv3.updatecheck/u0a106 for service com.lguplus.iptv3.updatecheck/.UpdateService
01-22 11:04:36.814  4684  4684 I ActivityThread: Switching default density from 320 to 213
01-22 11:04:36.927   588  1238 I ActivityManager: Delay finish: com.lguplus.iptv3.onetouchstb/.kidscare.KidsCareReceiver
01-22 11:04:37.273   588  1178 D ActivityManager: getTasks: caller 10031 is using old GET_TASKS but privileged; allowing
01-22 11:04:37.335   588   886 I ActivityManager: Resuming delayed broadcast
01-22 11:04:37.466   588   886 I ActivityManager: Start proc 4708:com.solveone.sollive.smartgateway/u0a44 for broadcast com.solveone.sollive.smartgateway/.SmartGatewayReceiver
01-22 11:04:37.561  4708  4708 I ActivityThread: Switching default density from 320 to 213
01-22 11:04:37.563  4708  4708 W ResourcesManager: Asset path '/system/framework/com.lge.iptv.jar' does not exist or contains no resources.
01-22 11:04:37.695   588  1272 W ActivityManager: getRunningAppProcesses: caller 10111 does not hold REAL_GET_TASKS; limiting output
01-22 11:04:37.731   588  1184 I ActivityManager: START u0 {flg=0x30000000 cmp=com.solveone.sollive.smartgateway/.MainSmartGatewayActivity (has extras)} from uid 10044 app com.solveone.sollive.smartgateway class null on display 0
01-22 11:04:37.750   588  1184 W ResourcesManager: Asset path '/system/framework/com.lge.iptv.jar' does not exist or contains no resources.
01-22 11:04:37.976   588  1184 V WindowManager: addAppToken: AppWindowToken{2ba8b5ce token=Token{3ac97ac9 ActivityRecord{3aec9ad0 u0 com.solveone.sollive.smartgateway/.MainSmartGatewayActivity t3}}} to stack=0 task=3 at 0
01-22 11:04:38.190   588   588 D ZenLog  : disable_effects: 0|com.naver.vapp|56252|null|10068,listenerHints
01-22 11:04:38.329   588  1222 I ActivityManager: Start proc 4734:com.lguplus.iptv3.base.fwupdater/u0a50 for broadcast com.lguplus.iptv3.base.fwupdater/.outsideevtreceiver.BootCompleteEventReceiver
01-22 11:04:38.398   588   588 D ZenLog  : disable_effects: 0|com.naver.vapp|56230|null|10068,listenerHints
01-22 11:04:38.461  4734  4734 I ActivityThread: Switching default density from 320 to 213
01-22 11:04:38.463  4734  4734 W ResourcesManager: Asset path '/system/framework/com.lge.iptv.jar' does not exist or contains no resources.
01-22 11:04:38.504   588   886 W BroadcastQueue: Permission Denial: broadcasting Intent { act=com.lguplus.iptv3.ui.action.INITIATED flg=0x30 (has extras) } from com.lguplus.iptv3.base.bootinit (pid=-1, uid=10046) is not exported from uid 10052 due to receiver com.lguplus.iptv3.base.livewidget/.data.LiveWidgetReceiver
01-22 11:04:38.865   588   588 D ZenLog  : disable_effects: 0|com.naver.vapp|56025|null|10068,listenerHints
01-22 11:04:39.080   588   588 D ZenLog  : disable_effects: 0|com.naver.vapp|55393|null|10068,listenerHints
01-22 11:04:39.264   474   474 I cpusvc  : [restore_max_freq] max freq gonna restore to: 1200000
01-22 11:04:39.294   588   886 I ActivityManager: Delay finish: com.google.android.gms/.stats.service.DropBoxEntryAddedReceiver
01-22 11:04:39.446   588  1222 I ActivityManager: Resuming delayed broadcast
01-22 11:04:39.450   588  1302 W InputMethodManagerService: Window already focused, ignoring focus gain of: com.android.internal.view.IInputMethodClient$Stub$Proxy@18045800 attribute=null, token = android.os.BinderProxy@28c72bf1
01-22 11:04:39.474   588   588 D ZenLog  : disable_effects: 0|com.naver.vapp|56273|null|10068,listenerHints
01-22 11:04:39.478   588   588 D ZenLog  : disable_effects: 0|com.naver.vapp|56256|null|10068,listenerHints
01-22 11:04:39.556   588   588 D ZenLog  : disable_effects: 0|com.naver.vapp|56265|null|10068,listenerHints
01-22 11:04:39.614   588   588 D ZenLog  : disable_effects: 0|com.naver.vapp|56249|null|10068,listenerHints
01-22 11:04:39.683   588   588 D ZenLog  : disable_effects: 0|com.naver.vapp|56255|null|10068,listenerHints
01-22 11:04:39.742   588   588 D ZenLog  : disable_effects: 0|com.naver.vapp|56227|null|10068,listenerHints
01-22 11:04:39.796   588   588 D ZenLog  : disable_effects: 0|com.naver.vapp|52251|null|10068,listenerHints
01-22 11:04:39.955   588   588 D ZenLog  : disable_effects: 0|com.naver.vapp|56030|null|10068,listenerHints
01-22 11:04:39.995   588   588 D ZenLog  : disable_effects: 0|com.naver.vapp|56250|null|10068,listenerHints
01-22 11:04:40.054   588   588 D ZenLog  : disable_effects: 0|com.naver.vapp|56026|null|10068,listenerHints
01-22 11:04:40.201   588   588 D ZenLog  : disable_effects: 0|com.naver.vapp|56278|null|10068,listenerHints
01-22 11:04:40.324   588  1272 I ActivityManager: Delay finish: com.google.android.gms/.stats.service.DropBoxEntryAddedReceiver
01-22 11:04:40.347   588   588 D ZenLog  : disable_effects: 0|com.naver.vapp|56260|null|10068,listenerHints
01-22 11:04:40.379   588  1222 I ActivityManager: Resuming delayed broadcast
01-22 11:04:40.397   588  1301 I ActivityManager: Delay finish: com.google.android.gms/.stats.service.DropBoxEntryAddedReceiver
01-22 11:04:40.448   588   886 I ActivityManager: Resuming delayed broadcast
01-22 11:04:40.464   588  1302 I ActivityManager: Delay finish: com.google.android.music/.leanback.AutoCacheSchedulingService$EnablingReceiver
01-22 11:04:40.517   588  1169 I ActivityManager: Resuming delayed broadcast
01-22 11:04:40.540   588   588 D ZenLog  : disable_effects: 0|com.naver.vapp|56028|null|10068,listenerHints
01-22 11:04:40.584   588   588 D ZenLog  : disable_effects: 0|com.naver.vapp|54625|null|10068,listenerHints
01-22 11:04:40.626   588   588 D ZenLog  : disable_effects: 0|com.naver.vapp|56236|null|10068,listenerHints
01-22 11:04:40.747   588  1169 I ActivityManager: Delay finish: com.google.android.music/.wear.WearBroadcastReceiver
01-22 11:04:40.758   588   588 D ZenLog  : disable_effects: 0|com.naver.vapp|56253|null|10068,listenerHints
01-22 11:04:40.824   588  1236 I ActivityManager: Resuming delayed broadcast
01-22 11:04:40.830   588  1181 I ActivityManager: Killing 4215:com.gnifrix.bshopping/u0a71 (adj 15): empty #17
01-22 11:04:40.951   588  1238 D ActivityManager: cleanUpApplicationRecord -- 4215
01-22 11:04:40.956   588   605 I ActivityManager: Delay finish: com.google.android.gms/.stats.service.DropBoxEntryAddedReceiver
01-22 11:04:41.008   588  1272 I ActivityManager: Resuming delayed broadcast
01-22 11:04:41.078   588  1222 I ActivityManager: Start proc 4792:com.gnifrix.bshopping/u0a71 for broadcast com.gnifrix.bshopping/.BroadcastExitReceiver
01-22 11:04:41.208  4792  4792 I ActivityThread: Switching default density from 320 to 213
01-22 11:04:41.212  4792  4792 W ResourcesManager: Asset path '/system/framework/com.lge.iptv.jar' does not exist or contains no resources.
01-22 11:04:41.294   588  1181 I ActivityManager: Killing 4278:com.android.providers.calendar/u0a9 (adj 15): empty #17
01-22 11:04:41.432   588   588 D ZenLog  : disable_effects: 0|com.google.android.youtube.tv|-794504744|null|10111,listenerHints
01-22 11:04:41.434   588  1301 D ActivityManager: cleanUpApplicationRecord -- 4278
01-22 11:04:41.468   588   588 D ZenLog  : disable_effects: 0|com.google.android.youtube.tv|-629187484|null|10111,listenerHints
01-22 11:04:41.476   588   588 D ZenLog  : disable_effects: 0|com.google.android.youtube.tv|-985367130|null|10111,listenerHints
01-22 11:04:41.502   588  1169 I ActivityManager: Delay finish: com.google.android.gms/.stats.service.DropBoxEntryAddedReceiver
01-22 11:04:41.574   588  1302 I ActivityManager: Resuming delayed broadcast
01-22 11:04:41.602   588  1301 I ActivityManager: Delay finish: com.google.android.gms/.chimera.GmsIntentOperationService$GmsExternalReceiver
01-22 11:04:41.761   588   588 D ZenLog  : disable_effects: 0|com.google.android.youtube.tv|-1053984110|null|10111,listenerHints
01-22 11:04:41.888   588   588 D ZenLog  : disable_effects: 0|com.google.android.youtube.tv|-335197287|null|10111,listenerHints
01-22 11:04:42.032   588  1238 I ActivityManager: Start proc 4832:com.android.providers.calendar/u0a9 for content provider com.android.providers.calendar/.CalendarProvider2
01-22 11:04:42.033   588   588 D ZenLog  : disable_effects: 0|com.google.android.youtube.tv|1008460158|null|10111,listenerHints
01-22 11:04:42.103  4832  4832 I ActivityThread: Switching default density from 320 to 213
01-22 11:04:42.109  4832  4832 W ResourcesManager: Asset path '/system/framework/android.test.runner.jar' does not exist or contains no resources.
01-22 11:04:42.126   588   588 D ZenLog  : disable_effects: 0|com.google.android.youtube.tv|1130276436|null|10111,listenerHints
01-22 11:04:42.316   474   474 I cpusvc  : [reduce_max_freq] max freq gonna reduce to: 1000000
01-22 11:04:42.372   588  1301 I ActivityManager: Killing 3857:com.google.android.youtube.tv/u0a111 (adj 15): empty #17
01-22 11:04:42.608   588  1184 I ActivityManager: Delaying start of: ServiceRecord{18a139bf u0 com.android.providers.calendar/.EmptyService}
01-22 11:04:42.610   588  1169 D ActivityManager: cleanUpApplicationRecord -- 3857
01-22 11:04:42.622   588  1302 I ActivityManager: Killing 4302:com.naver.vapp/u0a68 (adj 15): empty #17
01-22 11:04:42.732   588   605 D ConnectivityService: ConnectivityService NetworkRequestInfo binderDied(NetworkRequest [ id=7, legacyType=-1, [ Capabilities: INTERNET&NOT_RESTRICTED&TRUSTED] ], android.os.BinderProxy@4f7f88c)
01-22 11:04:42.733   588   793 D ConnectivityService: releasing NetworkRequest NetworkRequest [ id=7, legacyType=-1, [ Capabilities: INTERNET&NOT_RESTRICTED&TRUSTED] ]
01-22 11:04:42.757   588   793 E ConnectivityService: RemoteException caught trying to send a callback msg for NetworkRequest [ id=7, legacyType=-1, [ Capabilities: INTERNET&NOT_RESTRICTED&TRUSTED] ]
01-22 11:04:42.836   588   605 D ActivityManager: cleanUpApplicationRecord -- 4302
01-22 11:04:47.062   588   680 I ActivityManager: Waited long enough for: ServiceRecord{37c2ba4 u0 com.lguplus.iptv3.g2.superview/com.lguplus.iptv3.g2.ltealive.push.LTEPushService}
01-22 11:04:47.065   588   680 I ActivityManager: Resuming delayed broadcast
01-22 11:04:47.083   588  1169 I ActivityManager: Delay finish: com.android.calendar/.alerts.AlertReceiver
01-22 11:04:48.249   588   680 I ActivityManager: Waited long enough for: ServiceRecord{38440a1a u0 com.lguplus.iptv3.arzoo/.push.ARZooPushService}
01-22 11:04:48.249   588   680 I ActivityManager: Resuming delayed broadcast
01-22 11:04:48.308   588  1238 I ActivityManager: Start proc 4898:com.android.musicfx/u0a29 for broadcast com.android.musicfx/.ControlPanelReceiver
01-22 11:04:48.368  4898  4898 I ActivityThread: Switching default density from 320 to 213
01-22 11:04:48.416   588  1272 I ActivityManager: Delay finish: com.google.android.gms/.stats.service.DropBoxEntryAddedReceiver
01-22 11:04:48.418   474   474 I cpusvc  : [restore_max_freq] max freq gonna restore to: 1200000
01-22 11:04:48.474   588  1276 I ActivityManager: Resuming delayed broadcast
01-22 11:04:48.519   588   886 I ActivityManager: Delay finish: com.android.vending/com.google.android.finsky.flushlogs.FlushLogsReceiver
01-22 11:04:48.579   588   680 I ActivityManager: Waited long enough for: ServiceRecord{19d16b40 u0 com.lguplus.iptv3.secondtvservice/.SecondTvService}
01-22 11:04:48.579   588   680 I ActivityManager: Resuming delayed broadcast
01-22 11:04:48.956   588  1276 W BroadcastQueue: Permission Denial: receiving Intent { act=com.lguplus.iotsetting.SETTING_UPDATED flg=0x10 (has extras) } to com.lguplus.tvg.homeiot/.receiver.IotSettingReceiver requires com.lguplus.iotsetting.permission.SEND_SETTING_UPDATED due to sender com.lguplus.tvg.homeiot (uid 10022)
01-22 11:04:49.120   588   604 I ActivityManager: Start proc 4926:com.geniemusic.tv/u0a72 for broadcast com.geniemusic.tv/.LiveUpdateBroadcastReceiver
01-22 11:04:49.182  4926  4926 I ActivityThread: Switching default density from 320 to 213
01-22 11:04:49.479   588  1181 I ActivityManager: Start proc 4955:com.cj.android.tvg/u0a76 for broadcast com.cj.android.tvg/.tvGLiveUpdateBroadcastReceiver
01-22 11:04:49.481   588  1181 I ActivityManager: Killing 4325:.remote/u0a0 (adj 15): empty #17
01-22 11:04:49.602   588  1235 D ActivityManager: cleanUpApplicationRecord -- 4325
01-22 11:04:49.619  4955  4955 I ActivityThread: Switching default density from 320 to 213
01-22 11:04:49.623  4955  4955 W ResourcesManager: Asset path '/system/framework/com.lge.iptv.jar' does not exist or contains no resources.
01-22 11:04:49.829   588  1272 I ActivityManager: Start proc 4979:com.lguplus.homech/u0a94 for broadcast com.lguplus.homech/.TVGLiveUpdateBroadcastReceiver
01-22 11:04:49.834   588  1272 I ActivityManager: Killing 3421:android.process.acore/u0a10 (adj 15): empty #17
01-22 11:04:49.948   588  1238 D ActivityManager: cleanUpApplicationRecord -- 3421
01-22 11:04:49.954  4979  4979 I ActivityThread: Switching default density from 320 to 213
01-22 11:04:49.956  4979  4979 W ResourcesManager: Asset path '/system/framework/com.lge.iptv.jar' does not exist or contains no resources.
01-22 11:04:50.118   588  1178 I ActivityManager: Start proc 4997:com.kumyoung.gtvkaraoke/u0a115 for broadcast com.kumyoung.gtvkaraoke/.LiveUpdateBroadcastReceiver
01-22 11:04:50.122   588  1178 I ActivityManager: Killing 4364:android.process.media/u0a12 (adj 15): empty #17
01-22 11:04:50.237   588   886 D ActivityManager: cleanUpApplicationRecord -- 4364
01-22 11:04:50.250  4997  4997 I ActivityThread: Switching default density from 320 to 213
01-22 11:04:50.253  4997  4997 W ResourcesManager: Asset path '/system/framework/com.lge.iptv.jar' does not exist or contains no resources.
01-22 11:04:50.329   588  1235 I ActivityManager: Killing 4047:com.lguplus.iptv3.base.hotkey/u0a51 (adj 15): empty #17
01-22 11:04:50.386   588  1272 D ActivityManager: cleanUpApplicationRecord -- 4047
01-22 11:04:50.551   588  1169 I ActivityManager: Delay finish: com.android.providers.calendar/.CalendarProviderBroadcastReceiver
01-22 11:04:50.603   588  1301 I ActivityManager: Resuming delayed broadcast
01-22 11:04:50.655   588   680 I ActivityManager: Waited long enough for: ServiceRecord{3d93045d u0 com.lguplus.iptv3.homesharestb/com.lguplus.stb.service.HomeShareService}
01-22 11:04:50.674   588   680 I ActivityManager: Waited long enough for: ServiceRecord{3fdb61d2 u0 com.lguplus.iptv3.onetouchstb/.service.OneTouchSTBService}
01-22 11:04:50.683   588   680 I ActivityManager: Waited long enough for: ServiceRecord{2a2d2a3 u0 com.lguplus.iptv3.onetouchstb/.service.OneTouchSTBUdateService}
01-22 11:04:51.468   474   474 I cpusvc  : [reduce_max_freq] max freq gonna reduce to: 1000000
01-22 11:04:51.746   588   680 I ActivityManager: Waited long enough for: ServiceRecord{22981c64 u0 com.lguplus.iptv3.updatecheck/.UpdateService}
01-22 11:04:57.218   588  1302 I ActivityManager: Killing 4072:com.android.gallery3d/u0a89 (adj 15): empty #17
01-22 11:04:57.329   588  1222 D ActivityManager: cleanUpApplicationRecord -- 4072
01-22 11:04:57.570   474   474 I cpusvc  : [restore_max_freq] max freq gonna restore to: 1200000
01-22 11:05:00.621   474   474 I cpusvc  : [reduce_max_freq] max freq gonna reduce to: 1000000
01-22 11:05:06.723   474   474 I cpusvc  : [restore_max_freq] max freq gonna restore to: 1200000
01-22 11:05:07.196   588  1276 D ActivityManager: getTasks: caller 10031 is using old GET_TASKS but privileged; allowing
01-22 11:05:09.775   474   474 I cpusvc  : [reduce_max_freq] max freq gonna reduce to: 1000000
01-22 11:05:15.879   474   474 I cpusvc  : [restore_max_freq] max freq gonna restore to: 1200000
01-22 11:05:18.929   474   474 I cpusvc  : [reduce_max_freq] max freq gonna reduce to: 1000000
01-22 11:05:25.036   474   474 I cpusvc  : [restore_max_freq] max freq gonna restore to: 1200000
01-22 11:05:28.087   474   474 I cpusvc  : [reduce_max_freq] max freq gonna reduce to: 1000000
01-22 11:05:37.199   588   605 D ActivityManager: getTasks: caller 10031 is using old GET_TASKS but privileged; allowing
01-22 11:05:37.243   474   474 I cpusvc  : [restore_max_freq] max freq gonna restore to: 1200000
01-22 11:05:40.293   474   474 I cpusvc  : [reduce_max_freq] max freq gonna reduce to: 1000000
01-22 11:05:43.385   588   792 D WifiService: New client listening to asynchronous messages
01-22 11:05:43.541   588  1222 W AlarmManager: Suspiciously short interval 30000 millis; expanding to 60 seconds
01-22 11:05:43.569   588  1166 W AlarmManager: Suspiciously short interval 30000 millis; expanding to 60 seconds
01-22 11:05:44.629   588  1276 I ActivityManager: Start proc 5235:com.google.android.gms.unstable/u0a17 for service com.google.android.gms/.droidguard.DroidGuardService
01-22 11:05:44.797  5235  5235 I ActivityThread: Switching default density from 320 to 213
01-22 11:05:44.817  5235  5235 W ResourcesManager: Asset path '/system/framework/com.android.location.provider.jar' does not exist or contains no resources.
01-22 11:05:46.415   474   474 I cpusvc  : [restore_max_freq] max freq gonna restore to: 1200000
01-22 11:05:49.027  1260  1260 W ContextImpl: Calling a method in the system process without a qualified user: android.app.ContextImpl.startService:1692 android.content.ContextWrapper.startService:516 com.lguplus.iptv3.base.message.process.devicecontrol.action.ChannelControlManager.invokeAction:102 com.lguplus.iptv3.base.message.CICControlInterface$1.run:52 android.os.Handler.handleCallback:739 
01-22 11:05:49.467   474   474 I cpusvc  : [reduce_max_freq] max freq gonna reduce to: 1000000
01-22 11:05:55.570   474   474 I cpusvc  : [restore_max_freq] max freq gonna restore to: 1200000
01-22 11:05:58.620   474   474 I cpusvc  : [reduce_max_freq] max freq gonna reduce to: 1000000
01-22 11:06:04.725   474   474 I cpusvc  : [restore_max_freq] max freq gonna restore to: 1200000
01-22 11:06:07.195   588  1222 D ActivityManager: getTasks: caller 10031 is using old GET_TASKS but privileged; allowing
01-22 11:06:07.776   474   474 I cpusvc  : [reduce_max_freq] max freq gonna reduce to: 1000000
01-22 11:06:13.878   474   474 I cpusvc  : [restore_max_freq] max freq gonna restore to: 1200000
01-22 11:06:16.929   474   474 I cpusvc  : [reduce_max_freq] max freq gonna reduce to: 1000000
01-22 11:06:23.032   474   474 I cpusvc  : [restore_max_freq] max freq gonna restore to: 1200000
01-22 11:06:24.303   588   680 W ResourcesManager: Asset path '/system/framework/com.lge.iptv.jar' does not exist or contains no resources.
01-22 11:06:24.355   588   588 D ZenLog  : disable_effects: 0|com.lguplus.iptv3.base.si.updater|1|null|10002,listenerHints
01-22 11:06:24.582   588  1272 W ActivityManager: Unable to start service Intent { act=com.lguplus.iptv3.action.EPG_UPDATE.LAUNCHER cmp=com.lguplus.iptv3.base.launcher/.receiver.BackGroundService (has extras) } U=0: not found
01-22 11:06:26.085   474   474 I cpusvc  : [reduce_max_freq] max freq gonna reduce to: 1000000
01-22 11:06:26.927   588  1181 I ActivityManager: Start proc 5490:com.lguplus.iptv4.base.collection/u0a5 for service com.lguplus.iptv4.base.collection/.service.Agent_CollectionService
01-22 11:06:27.011  5490  5490 I ActivityThread: Switching default density from 320 to 213
01-22 11:06:27.018  5490  5490 W ResourcesManager: Asset path '/system/framework/com.lge.iptv.jar' does not exist or contains no resources.
01-22 11:06:35.255   474   474 I cpusvc  : [restore_max_freq] max freq gonna restore to: 1200000
01-22 11:06:37.029   588  1181 W AlarmManager: Suspiciously short interval 30000 millis; expanding to 60 seconds
01-22 11:06:37.192   588  1169 D ActivityManager: getTasks: caller 10031 is using old GET_TASKS but privileged; allowing
01-22 11:06:38.306   474   474 I cpusvc  : [reduce_max_freq] max freq gonna reduce to: 1000000
01-22 11:06:44.412   474   474 I cpusvc  : [restore_max_freq] max freq gonna restore to: 1200000
01-22 11:06:47.478   474   474 I cpusvc  : [reduce_max_freq] max freq gonna reduce to: 1000000
01-22 11:06:53.581   474   474 I cpusvc  : [restore_max_freq] max freq gonna restore to: 1200000
01-22 11:06:56.631   474   474 I cpusvc  : [reduce_max_freq] max freq gonna reduce to: 1000000
01-22 11:07:02.744   474   474 I cpusvc  : [restore_max_freq] max freq gonna restore to: 1200000
01-22 11:07:05.796   474   474 I cpusvc  : [reduce_max_freq] max freq gonna reduce to: 1000000
01-22 11:07:07.193   588  1301 D ActivityManager: getTasks: caller 10031 is using old GET_TASKS but privileged; allowing
01-22 11:07:11.899   474   474 I cpusvc  : [restore_max_freq] max freq gonna restore to: 1200000
01-22 11:07:14.950   474   474 I cpusvc  : [reduce_max_freq] max freq gonna reduce to: 1000000
01-22 11:07:21.053   474   474 I cpusvc  : [restore_max_freq] max freq gonna restore to: 1200000
01-22 11:07:24.103   474   474 I cpusvc  : [reduce_max_freq] max freq gonna reduce to: 1000000
01-22 11:07:30.208   474   474 I cpusvc  : [restore_max_freq] max freq gonna restore to: 1200000
01-22 11:07:33.261   474   474 I cpusvc  : [reduce_max_freq] max freq gonna reduce to: 1000000
01-22 11:07:37.031   588  1236 W AlarmManager: Suspiciously short interval 30000 millis; expanding to 60 seconds
01-22 11:07:37.208   588   604 D ActivityManager: getTasks: caller 10031 is using old GET_TASKS but privileged; allowing
01-22 11:07:39.363   474   474 I cpusvc  : [restore_max_freq] max freq gonna restore to: 1200000
01-22 11:07:42.413   474   474 I cpusvc  : [reduce_max_freq] max freq gonna reduce to: 1000000
01-22 11:07:48.515   474   474 I cpusvc  : [restore_max_freq] max freq gonna restore to: 1200000
01-22 11:07:51.566   474   474 I cpusvc  : [reduce_max_freq] max freq gonna reduce to: 1000000
01-22 11:08:00.719   474   474 I cpusvc  : [restore_max_freq] max freq gonna restore to: 1200000
01-22 11:08:03.770   474   474 I cpusvc  : [reduce_max_freq] max freq gonna reduce to: 1000000
01-22 11:08:07.205   588  1302 D ActivityManager: getTasks: caller 10031 is using old GET_TASKS but privileged; allowing
01-22 11:08:09.880   474   474 I cpusvc  : [restore_max_freq] max freq gonna restore to: 1200000
01-22 11:08:12.931   474   474 I cpusvc  : [reduce_max_freq] max freq gonna reduce to: 1000000
01-22 11:08:19.033   474   474 I cpusvc  : [restore_max_freq] max freq gonna restore to: 1200000
01-22 11:08:22.085   474   474 I cpusvc  : [reduce_max_freq] max freq gonna reduce to: 1000000
01-22 11:08:28.187   474   474 I cpusvc  : [restore_max_freq] max freq gonna restore to: 1200000
01-22 11:08:31.239   474   474 I cpusvc  : [reduce_max_freq] max freq gonna reduce to: 1000000
01-22 11:08:37.047   588  1302 W AlarmManager: Suspiciously short interval 30000 millis; expanding to 60 seconds
01-22 11:08:37.206   588  1235 D ActivityManager: getTasks: caller 10031 is using old GET_TASKS but privileged; allowing
01-22 11:08:37.341   474   474 I cpusvc  : [restore_max_freq] max freq gonna restore to: 1200000
01-22 11:08:40.392   474   474 I cpusvc  : [reduce_max_freq] max freq gonna reduce to: 1000000
01-22 11:08:46.493   474   474 I cpusvc  : [restore_max_freq] max freq gonna restore to: 1200000
01-22 11:08:49.545   474   474 I cpusvc  : [reduce_max_freq] max freq gonna reduce to: 1000000
01-22 11:08:55.646   474   474 I cpusvc  : [restore_max_freq] max freq gonna restore to: 1200000
01-22 11:08:58.697   474   474 I cpusvc  : [reduce_max_freq] max freq gonna reduce to: 1000000
01-22 11:09:03.586   588   680 W ProcessCpuTracker: Skipping unknown process pid 6123
01-22 11:09:03.587   588   680 W ProcessCpuTracker: Skipping unknown process pid 6124
01-22 11:09:03.587   588   680 W ProcessCpuTracker: Skipping unknown process pid 6125
01-22 11:09:04.799   474   474 I cpusvc  : [restore_max_freq] max freq gonna restore to: 1200000
01-22 11:09:07.200   588   604 D ActivityManager: getTasks: caller 10031 is using old GET_TASKS but privileged; allowing
01-22 11:09:07.849   474   474 I cpusvc  : [reduce_max_freq] max freq gonna reduce to: 1000000
01-22 11:09:13.954   474   474 I cpusvc  : [restore_max_freq] max freq gonna restore to: 1200000
01-22 11:09:17.005   474   474 I cpusvc  : [reduce_max_freq] max freq gonna reduce to: 1000000
01-22 11:09:23.107   474   474 I cpusvc  : [restore_max_freq] max freq gonna restore to: 1200000
01-22 11:09:26.157   474   474 I cpusvc  : [reduce_max_freq] max freq gonna reduce to: 1000000
01-22 11:09:32.260   474   474 I cpusvc  : [restore_max_freq] max freq gonna restore to: 1200000
01-22 11:09:35.311   474   474 I cpusvc  : [reduce_max_freq] max freq gonna reduce to: 1000000
01-22 11:09:37.031   588  1238 W AlarmManager: Suspiciously short interval 30000 millis; expanding to 60 seconds
01-22 11:09:37.215   588   604 D ActivityManager: getTasks: caller 10031 is using old GET_TASKS but privileged; allowing
01-22 11:09:44.465   474   474 I cpusvc  : [restore_max_freq] max freq gonna restore to: 1200000
01-22 11:09:47.515   474   474 I cpusvc  : [reduce_max_freq] max freq gonna reduce to: 1000000
01-22 11:09:53.617   474   474 I cpusvc  : [restore_max_freq] max freq gonna restore to: 1200000
01-22 11:09:56.667   474   474 I cpusvc  : [reduce_max_freq] max freq gonna reduce to: 1000000
01-22 11:10:02.772   474   474 I cpusvc  : [restore_max_freq] max freq gonna restore to: 1200000
01-22 11:10:05.824   474   474 I cpusvc  : [reduce_max_freq] max freq gonna reduce to: 1000000
01-22 11:10:07.212   588  1236 D ActivityManager: getTasks: caller 10031 is using old GET_TASKS but privileged; allowing
01-22 11:10:11.926   474   474 I cpusvc  : [restore_max_freq] max freq gonna restore to: 1200000
01-22 11:10:14.976   474   474 I cpusvc  : [reduce_max_freq] max freq gonna reduce to: 1000000
01-22 11:10:15.691   588   680 W ProcessCpuTracker: Skipping unknown process pid 6428
01-22 11:10:15.692   588   680 W ProcessCpuTracker: Skipping unknown process pid 6429
01-22 11:10:21.079   474   474 I cpusvc  : [restore_max_freq] max freq gonna restore to: 1200000
01-22 11:10:24.129   474   474 I cpusvc  : [reduce_max_freq] max freq gonna reduce to: 1000000
01-22 11:10:33.283   474   474 I cpusvc  : [restore_max_freq] max freq gonna restore to: 1200000
01-22 11:10:36.334   474   474 I cpusvc  : [reduce_max_freq] max freq gonna reduce to: 1000000
01-22 11:10:37.048   588  1302 W AlarmManager: Suspiciously short interval 30000 millis; expanding to 60 seconds
01-22 11:10:37.208   588  1235 D ActivityManager: getTasks: caller 10031 is using old GET_TASKS but privileged; allowing
01-22 11:10:42.450   474   474 I cpusvc  : [restore_max_freq] max freq gonna restore to: 1200000
01-22 11:10:45.500   474   474 I cpusvc  : [reduce_max_freq] max freq gonna reduce to: 1000000
01-22 11:10:51.603   474   474 I cpusvc  : [restore_max_freq] max freq gonna restore to: 1200000
01-22 11:10:54.654   474   474 I cpusvc  : [reduce_max_freq] max freq gonna reduce to: 1000000
01-22 11:11:00.773   474   474 I cpusvc  : [restore_max_freq] max freq gonna restore to: 1200000
01-22 11:11:03.824   474   474 I cpusvc  : [reduce_max_freq] max freq gonna reduce to: 1000000
01-22 11:11:07.203   588  1166 D ActivityManager: getTasks: caller 10031 is using old GET_TASKS but privileged; allowing
01-22 11:11:09.929   474   474 I cpusvc  : [restore_max_freq] max freq gonna restore to: 1200000
01-22 11:11:12.980   474   474 I cpusvc  : [reduce_max_freq] max freq gonna reduce to: 1000000
01-22 11:11:19.083   474   474 I cpusvc  : [restore_max_freq] max freq gonna restore to: 1200000
01-22 11:11:22.134   474   474 I cpusvc  : [reduce_max_freq] max freq gonna reduce to: 1000000
01-22 11:11:28.237   474   474 I cpusvc  : [restore_max_freq] max freq gonna restore to: 1200000
01-22 11:11:31.287   474   474 I cpusvc  : [reduce_max_freq] max freq gonna reduce to: 1000000
01-22 11:11:37.030   588   604 W AlarmManager: Suspiciously short interval 30000 millis; expanding to 60 seconds
01-22 11:11:37.217   588  1178 D ActivityManager: getTasks: caller 10031 is using old GET_TASKS but privileged; allowing
01-22 11:11:37.390   474   474 I cpusvc  : [restore_max_freq] max freq gonna restore to: 1200000
01-22 11:11:40.440   474   474 I cpusvc  : [reduce_max_freq] max freq gonna reduce to: 1000000
01-22 11:11:49.594   474   474 I cpusvc  : [restore_max_freq] max freq gonna restore to: 1200000
01-22 11:11:52.645   474   474 I cpusvc  : [reduce_max_freq] max freq gonna reduce to: 1000000
01-22 11:11:58.747   474   474 I cpusvc  : [restore_max_freq] max freq gonna restore to: 1200000
01-22 11:12:01.797   474   474 I cpusvc  : [reduce_max_freq] max freq gonna reduce to: 1000000
01-22 11:12:07.215   588  1301 D ActivityManager: getTasks: caller 10031 is using old GET_TASKS but privileged; allowing
01-22 11:12:07.900   474   474 I cpusvc  : [restore_max_freq] max freq gonna restore to: 1200000
01-22 11:12:10.956   474   474 I cpusvc  : [reduce_max_freq] max freq gonna reduce to: 1000000
01-22 11:12:17.058   474   474 I cpusvc  : [restore_max_freq] max freq gonna restore to: 1200000
01-22 11:12:20.110   474   474 I cpusvc  : [reduce_max_freq] max freq gonna reduce to: 1000000
01-22 11:12:26.218   474   474 I cpusvc  : [restore_max_freq] max freq gonna restore to: 1200000
01-22 11:12:29.270   474   474 I cpusvc  : [reduce_max_freq] max freq gonna reduce to: 1000000
01-22 11:12:35.398   474   474 I cpusvc  : [restore_max_freq] max freq gonna restore to: 1200000
01-22 11:12:37.032   588  1184 W AlarmManager: Suspiciously short interval 30000 millis; expanding to 60 seconds
01-22 11:12:37.210   588   886 D ActivityManager: getTasks: caller 10031 is using old GET_TASKS but privileged; allowing
01-22 11:12:38.450   474   474 I cpusvc  : [reduce_max_freq] max freq gonna reduce to: 1000000
01-22 11:12:44.553   474   474 I cpusvc  : [restore_max_freq] max freq gonna restore to: 1200000
01-22 11:12:47.605   474   474 I cpusvc  : [reduce_max_freq] max freq gonna reduce to: 1000000
01-22 11:12:53.707   474   474 I cpusvc  : [restore_max_freq] max freq gonna restore to: 1200000
01-22 11:12:56.767   474   474 I cpusvc  : [reduce_max_freq] max freq gonna reduce to: 1000000
01-22 11:13:05.920   474   474 I cpusvc  : [restore_max_freq] max freq gonna restore to: 1200000
01-22 11:13:07.211   588  1166 D ActivityManager: getTasks: caller 10031 is using old GET_TASKS but privileged; allowing
