01-24 17:08:52.131   629   897 I AutoStandByManager: isFastbootKeyProcessEnabled leave, ret = false
01-24 17:08:52.132   629   896 I LgTvWindowManager: interceptKeyBeforeDispatching keyCode=22 down=false repeatCount=0 keyguardOn=false mHomePressed=false canceled=false
01-24 17:08:52.132   629   896 I AutoStandByManager: AUTO_STANDBY : Last key in time = 4281730
01-24 17:08:52.132   629   896 I AutoStandByManager: isFastbootKeyProcessEnabled enter
01-24 17:08:52.132   629   896 I AutoStandByManager: iFastbootKeyProcessEnabled/tmp/fastboot_key_process is not existed
01-24 17:08:52.132   629   896 I AutoStandByManager: isFastbootKeyProcessEnabled leave, ret = false
01-24 17:08:52.144  1148  1148 D LgTvPhoneFallbackEventHandler: >>>> onKeyUp: 22 IsCurationYoutube = false PackageName = com.google.android.leanbacklauncher
01-24 17:08:52.436   425   583 I IPTV_FLOG: DDI_GFX_InputEventHandler, key_symbol: CURSOR_RIGHT(0xf001), from: BT
01-24 17:08:52.437   629   897 I LgTvWindowManager: interceptKeyBeforeQueueing keyCode=22 down=true repeatCount=0 keyguardOn=false mHomePressed=false canceled=false deviceId=3
01-24 17:08:52.437   629   897 I AutoStandByManager: AUTO_STANDBY : Last key in time = 4282034
01-24 17:08:52.437   629   897 I AutoStandByManager: isFastbootKeyProcessEnabled enter
01-24 17:08:52.437   629   897 I AutoStandByManager: iFastbootKeyProcessEnabled/tmp/fastboot_key_process is not existed
01-24 17:08:52.437   425   582 D NATIVEUI-LGE-LIBSTBAPP: _UI_MainHandler: UI_GetFocus() returned wid(0), msg(16)
01-24 17:08:52.437   425   582 D NATIVEUI-LGE-LIBSTBAPP: [UI] UI_GlobalKeyHandler: Handle KEYCODE[0xda0a]
01-24 17:08:52.437   629   897 I AutoStandByManager: isFastbootKeyProcessEnabled leave, ret = false
01-24 17:08:52.437   425   582 D NATIVEUI-LGE-LIBSTBAPP: [UI] _UI_MainLoop> _UI_MainHandler UI_MSG_KEY[0xda0a] handle OK.
01-24 17:08:52.437   629   896 I LgTvWindowManager: interceptKeyBeforeDispatching keyCode=22 down=true repeatCount=0 keyguardOn=false mHomePressed=false canceled=false
01-24 17:08:52.437   629   896 I AutoStandByManager: AUTO_STANDBY : Last key in time = 4282035
01-24 17:08:52.437   629   896 I AutoStandByManager: isFastbootKeyProcessEnabled enter
01-24 17:08:52.437   629   896 I AutoStandByManager: iFastbootKeyProcessEnabled/tmp/fastboot_key_process is not existed
01-24 17:08:52.437   629   896 I AutoStandByManager: isFastbootKeyProcessEnabled leave, ret = false
01-24 17:08:52.438   629   896 D LgTvWindowManager: <<================================== >> 
01-24 17:08:52.438   629   896 D LgTvWindowManager: << send finish event to farfield-App >> com.lguplus.iptv4.base.farfield
01-24 17:08:52.438   629   896 D LgTvWindowManager: <<================================== >> 
01-24 17:08:52.438   629   896 W ContextImpl: Calling a method in the system process without a qualified user: android.app.ContextImpl.sendBroadcast:1327 com.android.internal.policy.impl.LgTvWindowManager.interceptKeyBeforeDispatching:403 com.android.server.wm.InputMonitor.interceptKeyBeforeDispatching:388 com.android.server.input.InputManagerService.interceptKeyBeforeDispatching:1510 <bottom of call stack> 
01-24 17:08:52.441  1393  1393 D ETC-PINEONE-FARFIELD: [FarFieldService$9] onReceive()[1958] >> [syk] mFinishReceiver -> action = com.lge.sys.FARFIELD_FINISH
01-24 17:08:52.441  1214  1214 I #LGIME  : ### RCU Name : LGU tvG2 RCU
01-24 17:08:52.441  1214  1214 I #LGIME  : onKeyDown: keyCode=22, RCU Input = 0, evnet=KeyEvent { action=ACTION_DOWN, keyCode=KEYCODE_DPAD_RIGHT, scanCode=106, metaState=0, flags=0x8, repeatCount=0, eventTime=4282034, downTime=4282034, deviceId=3, source=0x701 }, getKeyChar = 0
01-24 17:08:52.441  1214  1214 I #LGIME  : ### bypass KeyEvent : 22
01-24 17:08:52.443  1148  1148 D LgTvPhoneFallbackEventHandler: >>>> onKeyDown: 22
01-24 17:08:52.462  1214  1214 I #LGIME  : ### onFinishInput
01-24 17:08:52.463  1214  1214 I #LGIME  : ### onStartInput
01-24 17:08:52.464  1214  1214 I #LGIME  : ### updateRCU_Status()
01-24 17:08:52.464  1214  1214 I #LGIME  : ### saved inputMehtod : 0
01-24 17:08:52.465  1214  1214 I #LGIME  : ### device.getName() : LGU tvG2 RCU ,device.getBondState() : 12
01-24 17:08:52.466  1214  1214 I #LGIME  : ImsInputHangul.setMethod = 0
01-24 17:08:52.466  1214  1214 I #LGIME  : ### set Naratgeul
01-24 17:08:52.468  1214  1214 I #LGIME  : ### device.getName() : LGU tvG2 RCU HEADSET ,device.getBondState() : 12
01-24 17:08:52.468  1214  1214 I #LGIME  : ImsInputHangul.setMethod = 0
01-24 17:08:52.469  1214  1214 I #LGIME  : ### set Naratgeul
01-24 17:08:52.469  1214  1214 I #LGIME  : ### mRCU_Paired : 0
01-24 17:08:52.469  1214  1214 I #LGIME  : Editor Info input type is : 0
01-24 17:08:52.469  1214  1214 I #LGIME  : Editor Info input type class is : 0
01-24 17:08:52.470  1214  1214 I #LGIME  : ImsInputHangul.setMethod = 0
01-24 17:08:52.527   629   897 I LgTvWindowManager: interceptKeyBeforeQueueing keyCode=22 down=false repeatCount=0 keyguardOn=false mHomePressed=false canceled=false deviceId=3
01-24 17:08:52.527   629   897 I AutoStandByManager: AUTO_STANDBY : Last key in time = 4282125
01-24 17:08:52.527   629   897 I AutoStandByManager: isFastbootKeyProcessEnabled enter
01-24 17:08:52.527   629   897 I AutoStandByManager: iFastbootKeyProcessEnabled/tmp/fastboot_key_process is not existed
01-24 17:08:52.527   629   897 I AutoStandByManager: isFastbootKeyProcessEnabled leave, ret = false
01-24 17:08:52.527   629   896 I LgTvWindowManager: interceptKeyBeforeDispatching keyCode=22 down=false repeatCount=0 keyguardOn=false mHomePressed=false canceled=false
01-24 17:08:52.527   629   896 I AutoStandByManager: AUTO_STANDBY : Last key in time = 4282125
01-24 17:08:52.527   629   896 I AutoStandByManager: isFastbootKeyProcessEnabled enter
01-24 17:08:52.528   629   896 I AutoStandByManager: iFastbootKeyProcessEnabled/tmp/fastboot_key_process is not existed
01-24 17:08:52.528   629   896 I AutoStandByManager: isFastbootKeyProcessEnabled leave, ret = false
01-24 17:08:52.533  1148  1148 D LgTvPhoneFallbackEventHandler: >>>> onKeyUp: 22 IsCurationYoutube = false PackageName = com.google.android.leanbacklauncher
01-24 17:08:52.578  1623  1698 E FC-CCI  : [FC-CCI][ERROR] UDP read timeout(3000ms) [UdpReader]
01-24 17:08:52.578  1623  1698 E FC-CCI  : [FC-CCI][INFO ] /LGU_data/UP/FCC_ON_OFF.0 update skipped (current=0, update=0) [CciContext]
01-24 17:08:52.868   425   583 I IPTV_FLOG: DDI_GFX_InputEventHandler, key_symbol: CURSOR_RIGHT(0xf001), from: BT
01-24 17:08:52.868   629   897 I LgTvWindowManager: interceptKeyBeforeQueueing keyCode=22 down=true repeatCount=0 keyguardOn=false mHomePressed=false canceled=false deviceId=3
01-24 17:08:52.868   629   897 I AutoStandByManager: AUTO_STANDBY : Last key in time = 4282466
01-24 17:08:52.868   629   897 I AutoStandByManager: isFastbootKeyProcessEnabled enter
01-24 17:08:52.868   425   582 D NATIVEUI-LGE-LIBSTBAPP: _UI_MainHandler: UI_GetFocus() returned wid(0), msg(16)
01-24 17:08:52.868   629   897 I AutoStandByManager: iFastbootKeyProcessEnabled/tmp/fastboot_key_process is not existed
01-24 17:08:52.868   425   582 D NATIVEUI-LGE-LIBSTBAPP: [UI] UI_GlobalKeyHandler: Handle KEYCODE[0xda0a]
01-24 17:08:52.868   629   897 I AutoStandByManager: isFastbootKeyProcessEnabled leave, ret = false
01-24 17:08:52.868   425   582 D NATIVEUI-LGE-LIBSTBAPP: [UI] _UI_MainLoop> _UI_MainHandler UI_MSG_KEY[0xda0a] handle OK.
01-24 17:08:52.868   629   896 I LgTvWindowManager: interceptKeyBeforeDispatching keyCode=22 down=true repeatCount=0 keyguardOn=false mHomePressed=false canceled=false
01-24 17:08:52.869   629   896 I AutoStandByManager: AUTO_STANDBY : Last key in time = 4282466
01-24 17:08:52.869   629   896 I AutoStandByManager: isFastbootKeyProcessEnabled enter
01-24 17:08:52.869   629   896 I AutoStandByManager: iFastbootKeyProcessEnabled/tmp/fastboot_key_process is not existed
01-24 17:08:52.869   629   896 I AutoStandByManager: isFastbootKeyProcessEnabled leave, ret = false
01-24 17:08:52.869   629   896 D LgTvWindowManager: <<================================== >> 
01-24 17:08:52.869   629   896 D LgTvWindowManager: << send finish event to farfield-App >> com.lguplus.iptv4.base.farfield
01-24 17:08:52.869   629   896 D LgTvWindowManager: <<================================== >> 
01-24 17:08:52.870   629   896 W ContextImpl: Calling a method in the system process without a qualified user: android.app.ContextImpl.sendBroadcast:1327 com.android.internal.policy.impl.LgTvWindowManager.interceptKeyBeforeDispatching:403 com.android.server.wm.InputMonitor.interceptKeyBeforeDispatching:388 com.android.server.input.InputManagerService.interceptKeyBeforeDispatching:1510 <bottom of call stack> 
01-24 17:08:52.871  1393  1393 D ETC-PINEONE-FARFIELD: [FarFieldService$9] onReceive()[1958] >> [syk] mFinishReceiver -> action = com.lge.sys.FARFIELD_FINISH
01-24 17:08:52.872  1214  1214 I #LGIME  : ### RCU Name : LGU tvG2 RCU
01-24 17:08:52.872  1214  1214 I #LGIME  : onKeyDown: keyCode=22, RCU Input = 0, evnet=KeyEvent { action=ACTION_DOWN, keyCode=KEYCODE_DPAD_RIGHT, scanCode=106, metaState=0, flags=0x8, repeatCount=0, eventTime=4282465, downTime=4282465, deviceId=3, source=0x701 }, getKeyChar = 0
01-24 17:08:52.872  1214  1214 I #LGIME  : ### bypass KeyEvent : 22
01-24 17:08:52.873  1148  1148 D LgTvPhoneFallbackEventHandler: >>>> onKeyDown: 22
01-24 17:08:52.883  1214  1214 I #LGIME  : ### onFinishInput
01-24 17:08:52.883  1214  1214 I #LGIME  : ### onStartInput
01-24 17:08:52.884  1214  1214 I #LGIME  : ### updateRCU_Status()
01-24 17:08:52.885  1214  1214 I #LGIME  : ### saved inputMehtod : 0
01-24 17:08:52.887  1214  1214 I #LGIME  : ### device.getName() : LGU tvG2 RCU ,device.getBondState() : 12
01-24 17:08:52.888  1214  1214 I #LGIME  : ImsInputHangul.setMethod = 0
01-24 17:08:52.888  1214  1214 I #LGIME  : ### set Naratgeul
01-24 17:08:52.890  1214  1214 I #LGIME  : ### device.getName() : LGU tvG2 RCU HEADSET ,device.getBondState() : 12
01-24 17:08:52.892  1214  1214 I #LGIME  : ImsInputHangul.setMethod = 0
01-24 17:08:52.892  1214  1214 I #LGIME  : ### set Naratgeul
01-24 17:08:52.892  1214  1214 I #LGIME  : ### mRCU_Paired : 0
01-24 17:08:52.892  1214  1214 I #LGIME  : Editor Info input type is : 0
01-24 17:08:52.892  1214  1214 I #LGIME  : Editor Info input type class is : 0
01-24 17:08:52.895  1214  1214 I #LGIME  : ImsInputHangul.setMethod = 0
01-24 17:08:52.906 20757 23006 E UDP     :  423.504 ****** ERROR UDP     PumpThread        ...outer/UDPTransport.cc:1490 |  0x9038
01-24 17:08:52.966   629   897 I LgTvWindowManager: interceptKeyBeforeQueueing keyCode=22 down=false repeatCount=0 keyguardOn=false mHomePressed=false canceled=false deviceId=3
01-24 17:08:52.967   629   897 I AutoStandByManager: AUTO_STANDBY : Last key in time = 4282564
01-24 17:08:52.967   629   897 I AutoStandByManager: isFastbootKeyProcessEnabled enter
01-24 17:08:52.967   629   897 I AutoStandByManager: iFastbootKeyProcessEnabled/tmp/fastboot_key_process is not existed
01-24 17:08:52.967   629   897 I AutoStandByManager: isFastbootKeyProcessEnabled leave, ret = false
01-24 17:08:52.967   629   896 I LgTvWindowManager: interceptKeyBeforeDispatching keyCode=22 down=false repeatCount=0 keyguardOn=false mHomePressed=false canceled=false
01-24 17:08:52.967   629   896 I AutoStandByManager: AUTO_STANDBY : Last key in time = 4282565
01-24 17:08:52.967   629   896 I AutoStandByManager: isFastbootKeyProcessEnabled enter
01-24 17:08:52.967   629   896 I AutoStandByManager: iFastbootKeyProcessEnabled/tmp/fastboot_key_process is not existed
01-24 17:08:52.967   629   896 I AutoStandByManager: isFastbootKeyProcessEnabled leave, ret = false
01-24 17:08:52.984  1148  1148 D LgTvPhoneFallbackEventHandler: >>>> onKeyUp: 22 IsCurationYoutube = false PackageName = com.google.android.leanbacklauncher
01-24 17:08:53.446   425   583 I IPTV_FLOG: DDI_GFX_InputEventHandler, key_symbol: CURSOR_LEFT(0xf000), from: BT
01-24 17:08:53.446   629   897 I LgTvWindowManager: interceptKeyBeforeQueueing keyCode=21 down=true repeatCount=0 keyguardOn=false mHomePressed=false canceled=false deviceId=3
01-24 17:08:53.447   629   897 I AutoStandByManager: AUTO_STANDBY : Last key in time = 4283044
01-24 17:08:53.447   629   897 I AutoStandByManager: isFastbootKeyProcessEnabled enter
01-24 17:08:53.447   629   897 I AutoStandByManager: iFastbootKeyProcessEnabled/tmp/fastboot_key_process is not existed
01-24 17:08:53.447   629   897 I AutoStandByManager: isFastbootKeyProcessEnabled leave, ret = false
01-24 17:08:53.447   425   582 D NATIVEUI-LGE-LIBSTBAPP: _UI_MainHandler: UI_GetFocus() returned wid(0), msg(16)
01-24 17:08:53.447   425   582 D NATIVEUI-LGE-LIBSTBAPP: [UI] UI_GlobalKeyHandler: Handle KEYCODE[0xda09]
01-24 17:08:53.447   425   582 D NATIVEUI-LGE-LIBSTBAPP: [UI] _UI_MainLoop> _UI_MainHandler UI_MSG_KEY[0xda09] handle OK.
01-24 17:08:53.447   629   896 I LgTvWindowManager: interceptKeyBeforeDispatching keyCode=21 down=true repeatCount=0 keyguardOn=false mHomePressed=false canceled=false
01-24 17:08:53.447   629   896 I AutoStandByManager: AUTO_STANDBY : Last key in time = 4283045
01-24 17:08:53.447   629   896 I AutoStandByManager: isFastbootKeyProcessEnabled enter
01-24 17:08:53.448   629   896 I AutoStandByManager: iFastbootKeyProcessEnabled/tmp/fastboot_key_process is not existed
01-24 17:08:53.448   629   896 I AutoStandByManager: isFastbootKeyProcessEnabled leave, ret = false
01-24 17:08:53.448   629   896 D LgTvWindowManager: <<================================== >> 
01-24 17:08:53.448   629   896 D LgTvWindowManager: << send finish event to farfield-App >> com.lguplus.iptv4.base.farfield
01-24 17:08:53.448   629   896 D LgTvWindowManager: <<================================== >> 
01-24 17:08:53.448   629   896 W ContextImpl: Calling a method in the system process without a qualified user: android.app.ContextImpl.sendBroadcast:1327 com.android.internal.policy.impl.LgTvWindowManager.interceptKeyBeforeDispatching:403 com.android.server.wm.InputMonitor.interceptKeyBeforeDispatching:388 com.android.server.input.InputManagerService.interceptKeyBeforeDispatching:1510 <bottom of call stack> 
01-24 17:08:53.450  1214  1214 I #LGIME  : ### RCU Name : LGU tvG2 RCU
01-24 17:08:53.450  1393  1393 D ETC-PINEONE-FARFIELD: [FarFieldService$9] onReceive()[1958] >> [syk] mFinishReceiver -> action = com.lge.sys.FARFIELD_FINISH
01-24 17:08:53.450  1214  1214 I #LGIME  : onKeyDown: keyCode=21, RCU Input = 0, evnet=KeyEvent { action=ACTION_DOWN, keyCode=KEYCODE_DPAD_LEFT, scanCode=105, metaState=0, flags=0x8, repeatCount=0, eventTime=4283044, downTime=4283044, deviceId=3, source=0x701 }, getKeyChar = 0
01-24 17:08:53.450  1214  1214 I #LGIME  : ### bypass KeyEvent : 21
01-24 17:08:53.451  1148  1148 D LgTvPhoneFallbackEventHandler: >>>> onKeyDown: 21
01-24 17:08:53.462  1214  1214 I #LGIME  : ### onFinishInput
01-24 17:08:53.463  1214  1214 I #LGIME  : ### onStartInput
01-24 17:08:53.465  1214  1214 I #LGIME  : ### updateRCU_Status()
01-24 17:08:53.465  1214  1214 I #LGIME  : ### saved inputMehtod : 0
01-24 17:08:53.467  1214  1214 I #LGIME  : ### device.getName() : LGU tvG2 RCU ,device.getBondState() : 12
01-24 17:08:53.469  1214  1214 I #LGIME  : ImsInputHangul.setMethod = 0
01-24 17:08:53.469  1214  1214 I #LGIME  : ### set Naratgeul
01-24 17:08:53.471  1214  1214 I #LGIME  : ### device.getName() : LGU tvG2 RCU HEADSET ,device.getBondState() : 12
01-24 17:08:53.473  1214  1214 I #LGIME  : ImsInputHangul.setMethod = 0
01-24 17:08:53.473  1214  1214 I #LGIME  : ### set Naratgeul
01-24 17:08:53.473  1214  1214 I #LGIME  : ### mRCU_Paired : 0
01-24 17:08:53.473  1214  1214 I #LGIME  : Editor Info input type is : 0
01-24 17:08:53.473  1214  1214 I #LGIME  : Editor Info input type class is : 0
01-24 17:08:53.474  1214  1214 I #LGIME  : ImsInputHangul.setMethod = 0
01-24 17:08:53.537   629   897 I LgTvWindowManager: interceptKeyBeforeQueueing keyCode=21 down=false repeatCount=0 keyguardOn=false mHomePressed=false canceled=false deviceId=3
01-24 17:08:53.537   629   897 I AutoStandByManager: AUTO_STANDBY : Last key in time = 4283135
01-24 17:08:53.537   629   897 I AutoStandByManager: isFastbootKeyProcessEnabled enter
01-24 17:08:53.537   629   897 I AutoStandByManager: iFastbootKeyProcessEnabled/tmp/fastboot_key_process is not existed
01-24 17:08:53.537   629   897 I AutoStandByManager: isFastbootKeyProcessEnabled leave, ret = false
01-24 17:08:53.537   629   896 I LgTvWindowManager: interceptKeyBeforeDispatching keyCode=21 down=false repeatCount=0 keyguardOn=false mHomePressed=false canceled=false
01-24 17:08:53.537   629   896 I AutoStandByManager: AUTO_STANDBY : Last key in time = 4283135
01-24 17:08:53.537   629   896 I AutoStandByManager: isFastbootKeyProcessEnabled enter
01-24 17:08:53.537   629   896 I AutoStandByManager: iFastbootKeyProcessEnabled/tmp/fastboot_key_process is not existed
01-24 17:08:53.537   629   896 I AutoStandByManager: isFastbootKeyProcessEnabled leave, ret = false
01-24 17:08:53.539  1148  1148 D LgTvPhoneFallbackEventHandler: >>>> onKeyUp: 21 IsCurationYoutube = false PackageName = com.google.android.leanbacklauncher
01-24 17:08:53.856   425   583 I IPTV_FLOG: DDI_GFX_InputEventHandler, key_symbol: CURSOR_RIGHT(0xf001), from: BT
01-24 17:08:53.856   629   897 I LgTvWindowManager: interceptKeyBeforeQueueing keyCode=22 down=true repeatCount=0 keyguardOn=false mHomePressed=false canceled=false deviceId=3
01-24 17:08:53.857   629   897 I AutoStandByManager: AUTO_STANDBY : Last key in time = 4283454
01-24 17:08:53.857   629   897 I AutoStandByManager: isFastbootKeyProcessEnabled enter
01-24 17:08:53.857   629   897 I AutoStandByManager: iFastbootKeyProcessEnabled/tmp/fastboot_key_process is not existed
01-24 17:08:53.857   629   897 I AutoStandByManager: isFastbootKeyProcessEnabled leave, ret = false
01-24 17:08:53.857   425   582 D NATIVEUI-LGE-LIBSTBAPP: _UI_MainHandler: UI_GetFocus() returned wid(0), msg(16)
01-24 17:08:53.857   425   582 D NATIVEUI-LGE-LIBSTBAPP: [UI] UI_GlobalKeyHandler: Handle KEYCODE[0xda0a]
01-24 17:08:53.857   425   582 D NATIVEUI-LGE-LIBSTBAPP: [UI] _UI_MainLoop> _UI_MainHandler UI_MSG_KEY[0xda0a] handle OK.
01-24 17:08:53.857   629   896 I LgTvWindowManager: interceptKeyBeforeDispatching keyCode=22 down=true repeatCount=0 keyguardOn=false mHomePressed=false canceled=false
01-24 17:08:53.857   629   896 I AutoStandByManager: AUTO_STANDBY : Last key in time = 4283455
01-24 17:08:53.857   629   896 I AutoStandByManager: isFastbootKeyProcessEnabled enter
01-24 17:08:53.857   629   896 I AutoStandByManager: iFastbootKeyProcessEnabled/tmp/fastboot_key_process is not existed
01-24 17:08:53.857   629   896 I AutoStandByManager: isFastbootKeyProcessEnabled leave, ret = false
01-24 17:08:53.858   629   896 D LgTvWindowManager: <<================================== >> 
01-24 17:08:53.858   629   896 D LgTvWindowManager: << send finish event to farfield-App >> com.lguplus.iptv4.base.farfield
01-24 17:08:53.858   629   896 D LgTvWindowManager: <<================================== >> 
01-24 17:08:53.858   629   896 W ContextImpl: Calling a method in the system process without a qualified user: android.app.ContextImpl.sendBroadcast:1327 com.android.internal.policy.impl.LgTvWindowManager.interceptKeyBeforeDispatching:403 com.android.server.wm.InputMonitor.interceptKeyBeforeDispatching:388 com.android.server.input.InputManagerService.interceptKeyBeforeDispatching:1510 <bottom of call stack> 
01-24 17:08:53.859  1214  1214 I #LGIME  : ### RCU Name : LGU tvG2 RCU
01-24 17:08:53.859  1214  1214 I #LGIME  : onKeyDown: keyCode=22, RCU Input = 0, evnet=KeyEvent { action=ACTION_DOWN, keyCode=KEYCODE_DPAD_RIGHT, scanCode=106, metaState=0, flags=0x8, repeatCount=0, eventTime=4283454, downTime=4283454, deviceId=3, source=0x701 }, getKeyChar = 0
01-24 17:08:53.859  1214  1214 I #LGIME  : ### bypass KeyEvent : 22
01-24 17:08:53.860  1393  1393 D ETC-PINEONE-FARFIELD: [FarFieldService$9] onReceive()[1958] >> [syk] mFinishReceiver -> action = com.lge.sys.FARFIELD_FINISH
01-24 17:08:53.860  1148  1148 D LgTvPhoneFallbackEventHandler: >>>> onKeyDown: 22
01-24 17:08:53.879  1214  1214 I #LGIME  : ### onFinishInput
01-24 17:08:53.879  1214  1214 I #LGIME  : ### onStartInput
01-24 17:08:53.880  1214  1214 I #LGIME  : ### updateRCU_Status()
01-24 17:08:53.880  1214  1214 I #LGIME  : ### saved inputMehtod : 0
01-24 17:08:53.884  1214  1214 I #LGIME  : ### device.getName() : LGU tvG2 RCU ,device.getBondState() : 12
01-24 17:08:53.885  1214  1214 I #LGIME  : ImsInputHangul.setMethod = 0
01-24 17:08:53.885  1214  1214 I #LGIME  : ### set Naratgeul
01-24 17:08:53.887  1214  1214 I #LGIME  : ### device.getName() : LGU tvG2 RCU HEADSET ,device.getBondState() : 12
01-24 17:08:53.888  1214  1214 I #LGIME  : ImsInputHangul.setMethod = 0
01-24 17:08:53.888  1214  1214 I #LGIME  : ### set Naratgeul
01-24 17:08:53.888  1214  1214 I #LGIME  : ### mRCU_Paired : 0
01-24 17:08:53.888  1214  1214 I #LGIME  : Editor Info input type is : 0
01-24 17:08:53.888  1214  1214 I #LGIME  : Editor Info input type class is : 0
01-24 17:08:53.892  1214  1214 I #LGIME  : ImsInputHangul.setMethod = 0
01-24 17:08:53.897   629   897 I LgTvWindowManager: interceptKeyBeforeQueueing keyCode=22 down=false repeatCount=0 keyguardOn=false mHomePressed=false canceled=false deviceId=3
01-24 17:08:53.897   629   897 I AutoStandByManager: AUTO_STANDBY : Last key in time = 4283495
01-24 17:08:53.897   629   897 I AutoStandByManager: isFastbootKeyProcessEnabled enter
01-24 17:08:53.897   629   897 I AutoStandByManager: iFastbootKeyProcessEnabled/tmp/fastboot_key_process is not existed
01-24 17:08:53.897   629   897 I AutoStandByManager: isFastbootKeyProcessEnabled leave, ret = false
01-24 17:08:53.897   629   896 I LgTvWindowManager: interceptKeyBeforeDispatching keyCode=22 down=false repeatCount=0 keyguardOn=false mHomePressed=false canceled=false
01-24 17:08:53.897   629   896 I AutoStandByManager: AUTO_STANDBY : Last key in time = 4283495
01-24 17:08:53.897   629   896 I AutoStandByManager: isFastbootKeyProcessEnabled enter
01-24 17:08:53.898   629   896 I AutoStandByManager: iFastbootKeyProcessEnabled/tmp/fastboot_key_process is not existed
01-24 17:08:53.898   629   896 I AutoStandByManager: isFastbootKeyProcessEnabled leave, ret = false
01-24 17:08:53.900  1148  1148 D LgTvPhoneFallbackEventHandler: >>>> onKeyUp: 22 IsCurationYoutube = false PackageName = com.google.android.leanbacklauncher
01-24 17:08:53.948   629   897 I LgTvWindowManager: interceptKeyBeforeQueueing keyCode=22 down=true repeatCount=0 keyguardOn=false mHomePressed=false canceled=false deviceId=3
01-24 17:08:53.948   425   583 I IPTV_FLOG: DDI_GFX_InputEventHandler, key_symbol: CURSOR_RIGHT(0xf001), from: BT
01-24 17:08:53.948   629   897 I AutoStandByManager: AUTO_STANDBY : Last key in time = 4283546
01-24 17:08:53.948   629   897 I AutoStandByManager: isFastbootKeyProcessEnabled enter
01-24 17:08:53.948   629   897 I AutoStandByManager: iFastbootKeyProcessEnabled/tmp/fastboot_key_process is not existed
01-24 17:08:53.948   629   897 I AutoStandByManager: isFastbootKeyProcessEnabled leave, ret = false
01-24 17:08:53.948   425   582 D NATIVEUI-LGE-LIBSTBAPP: _UI_MainHandler: UI_GetFocus() returned wid(0), msg(16)
01-24 17:08:53.948   425   582 D NATIVEUI-LGE-LIBSTBAPP: [UI] UI_GlobalKeyHandler: Handle KEYCODE[0xda0a]
01-24 17:08:53.948   425   582 D NATIVEUI-LGE-LIBSTBAPP: [UI] _UI_MainLoop> _UI_MainHandler UI_MSG_KEY[0xda0a] handle OK.
01-24 17:08:53.949   629   897 I LgTvWindowManager: interceptKeyBeforeQueueing keyCode=22 down=false repeatCount=0 keyguardOn=false mHomePressed=false canceled=false deviceId=3
01-24 17:08:53.949   629   897 I AutoStandByManager: AUTO_STANDBY : Last key in time = 4283547
01-24 17:08:53.949   629   897 I AutoStandByManager: isFastbootKeyProcessEnabled enter
01-24 17:08:53.949   629   897 I AutoStandByManager: iFastbootKeyProcessEnabled/tmp/fastboot_key_process is not existed
01-24 17:08:53.949   629   897 I AutoStandByManager: isFastbootKeyProcessEnabled leave, ret = false
01-24 17:08:53.949   629   896 I LgTvWindowManager: interceptKeyBeforeDispatching keyCode=22 down=true repeatCount=0 keyguardOn=false mHomePressed=false canceled=false
01-24 17:08:53.949   629   896 I AutoStandByManager: AUTO_STANDBY : Last key in time = 4283547
01-24 17:08:53.949   629   896 I AutoStandByManager: isFastbootKeyProcessEnabled enter
01-24 17:08:53.950   629   896 I AutoStandByManager: iFastbootKeyProcessEnabled/tmp/fastboot_key_process is not existed
01-24 17:08:53.950   629   896 I AutoStandByManager: isFastbootKeyProcessEnabled leave, ret = false
01-24 17:08:53.950   629   896 D LgTvWindowManager: <<================================== >> 
01-24 17:08:53.950   629   896 D LgTvWindowManager: << send finish event to farfield-App >> com.lguplus.iptv4.base.farfield
01-24 17:08:53.950   629   896 D LgTvWindowManager: <<================================== >> 
01-24 17:08:53.951   629   896 W ContextImpl: Calling a method in the system process without a qualified user: android.app.ContextImpl.sendBroadcast:1327 com.android.internal.policy.impl.LgTvWindowManager.interceptKeyBeforeDispatching:403 com.android.server.wm.InputMonitor.interceptKeyBeforeDispatching:388 com.android.server.input.InputManagerService.interceptKeyBeforeDispatching:1510 <bottom of call stack> 
01-24 17:08:53.952   629   896 I LgTvWindowManager: interceptKeyBeforeDispatching keyCode=22 down=false repeatCount=0 keyguardOn=false mHomePressed=false canceled=false
01-24 17:08:53.952   629   896 I AutoStandByManager: AUTO_STANDBY : Last key in time = 4283550
01-24 17:08:53.952  1393  1393 D ETC-PINEONE-FARFIELD: [FarFieldService$9] onReceive()[1958] >> [syk] mFinishReceiver -> action = com.lge.sys.FARFIELD_FINISH
01-24 17:08:53.952   629   896 I AutoStandByManager: isFastbootKeyProcessEnabled enter
01-24 17:08:53.953   629   896 I AutoStandByManager: iFastbootKeyProcessEnabled/tmp/fastboot_key_process is not existed
01-24 17:08:53.953   629   896 I AutoStandByManager: isFastbootKeyProcessEnabled leave, ret = false
01-24 17:08:53.955  1214  1214 I #LGIME  : ### RCU Name : LGU tvG2 RCU
01-24 17:08:53.955  1214  1214 I #LGIME  : onKeyDown: keyCode=22, RCU Input = 0, evnet=KeyEvent { action=ACTION_DOWN, keyCode=KEYCODE_DPAD_RIGHT, scanCode=106, metaState=0, flags=0x8, repeatCount=0, eventTime=4283546, downTime=4283546, deviceId=3, source=0x701 }, getKeyChar = 0
01-24 17:08:53.955  1214  1214 I #LGIME  : ### bypass KeyEvent : 22
01-24 17:08:53.957  1148  1148 D LgTvPhoneFallbackEventHandler: >>>> onKeyDown: 22
01-24 17:08:53.962  1148  1148 D LgTvPhoneFallbackEventHandler: >>>> onKeyUp: 22 IsCurationYoutube = false PackageName = com.google.android.leanbacklauncher
01-24 17:08:53.970  1214  1214 I #LGIME  : ### onFinishInput
01-24 17:08:53.970  1214  1214 I #LGIME  : ### onStartInput
01-24 17:08:53.972  1214  1214 I #LGIME  : ### updateRCU_Status()
01-24 17:08:53.972  1214  1214 I #LGIME  : ### saved inputMehtod : 0
01-24 17:08:53.975  1214  1214 I #LGIME  : ### device.getName() : LGU tvG2 RCU ,device.getBondState() : 12
01-24 17:08:53.976  1214  1214 I #LGIME  : ImsInputHangul.setMethod = 0
01-24 17:08:53.977  1214  1214 I #LGIME  : ### set Naratgeul
01-24 17:08:53.979  1214  1214 I #LGIME  : ### device.getName() : LGU tvG2 RCU HEADSET ,device.getBondState() : 12
01-24 17:08:53.982  1214  1214 I #LGIME  : ImsInputHangul.setMethod = 0
01-24 17:08:53.982  1214  1214 I #LGIME  : ### set Naratgeul
01-24 17:08:53.982  1214  1214 I #LGIME  : ### mRCU_Paired : 0
01-24 17:08:53.982  1214  1214 I #LGIME  : Editor Info input type is : 0
01-24 17:08:53.982  1214  1214 I #LGIME  : Editor Info input type class is : 0
01-24 17:08:53.983  1214  1214 I #LGIME  : ImsInputHangul.setMethod = 0
01-24 17:08:54.027   629   897 I LgTvWindowManager: interceptKeyBeforeQueueing keyCode=22 down=true repeatCount=0 keyguardOn=false mHomePressed=false canceled=false deviceId=3
01-24 17:08:54.027   425   583 I IPTV_FLOG: DDI_GFX_InputEventHandler, key_symbol: CURSOR_RIGHT(0xf001), from: BT
01-24 17:08:54.027   425   582 D NATIVEUI-LGE-LIBSTBAPP: _UI_MainHandler: UI_GetFocus() returned wid(0), msg(16)
01-24 17:08:54.027   425   582 D NATIVEUI-LGE-LIBSTBAPP: [UI] UI_GlobalKeyHandler: Handle KEYCODE[0xda0a]
01-24 17:08:54.027   425   582 D NATIVEUI-LGE-LIBSTBAPP: [UI] _UI_MainLoop> _UI_MainHandler UI_MSG_KEY[0xda0a] handle OK.
01-24 17:08:54.033   629   897 I AutoStandByManager: AUTO_STANDBY : Last key in time = 4283630
01-24 17:08:54.033   629   897 I AutoStandByManager: isFastbootKeyProcessEnabled enter
01-24 17:08:54.033   629   897 I AutoStandByManager: iFastbootKeyProcessEnabled/tmp/fastboot_key_process is not existed
01-24 17:08:54.033   629   897 I AutoStandByManager: isFastbootKeyProcessEnabled leave, ret = false
01-24 17:08:54.033   629   896 I LgTvWindowManager: interceptKeyBeforeDispatching keyCode=22 down=true repeatCount=0 keyguardOn=false mHomePressed=false canceled=false
01-24 17:08:54.033   629   896 I AutoStandByManager: AUTO_STANDBY : Last key in time = 4283631
01-24 17:08:54.033   629   896 I AutoStandByManager: isFastbootKeyProcessEnabled enter
01-24 17:08:54.034   629   896 I AutoStandByManager: iFastbootKeyProcessEnabled/tmp/fastboot_key_process is not existed
01-24 17:08:54.034   629   896 I AutoStandByManager: isFastbootKeyProcessEnabled leave, ret = false
01-24 17:08:54.035   629   896 D LgTvWindowManager: <<================================== >> 
01-24 17:08:54.035   629   896 D LgTvWindowManager: << send finish event to farfield-App >> com.lguplus.iptv4.base.farfield
01-24 17:08:54.035   629   896 D LgTvWindowManager: <<================================== >> 
01-24 17:08:54.035   629   896 W ContextImpl: Calling a method in the system process without a qualified user: android.app.ContextImpl.sendBroadcast:1327 com.android.internal.policy.impl.LgTvWindowManager.interceptKeyBeforeDispatching:403 com.android.server.wm.InputMonitor.interceptKeyBeforeDispatching:388 com.android.server.input.InputManagerService.interceptKeyBeforeDispatching:1510 <bottom of call stack> 
01-24 17:08:54.037  1393  1393 D ETC-PINEONE-FARFIELD: [FarFieldService$9] onReceive()[1958] >> [syk] mFinishReceiver -> action = com.lge.sys.FARFIELD_FINISH
01-24 17:08:54.041  1214  1214 I #LGIME  : ### RCU Name : LGU tvG2 RCU
01-24 17:08:54.041  1214  1214 I #LGIME  : onKeyDown: keyCode=22, RCU Input = 0, evnet=KeyEvent { action=ACTION_DOWN, keyCode=KEYCODE_DPAD_RIGHT, scanCode=106, metaState=0, flags=0x8, repeatCount=0, eventTime=4283624, downTime=4283624, deviceId=3, source=0x701 }, getKeyChar = 0
01-24 17:08:54.041  1214  1214 I #LGIME  : ### bypass KeyEvent : 22
01-24 17:08:54.042  1148  1148 D LgTvPhoneFallbackEventHandler: >>>> onKeyDown: 22
01-24 17:08:54.055  1214  1214 I #LGIME  : ### onFinishInput
01-24 17:08:54.056  1214  1214 I #LGIME  : ### onStartInput
01-24 17:08:54.057  1214  1214 I #LGIME  : ### updateRCU_Status()
01-24 17:08:54.057  1214  1214 I #LGIME  : ### saved inputMehtod : 0
01-24 17:08:54.060  1214  1214 I #LGIME  : ### device.getName() : LGU tvG2 RCU ,device.getBondState() : 12
01-24 17:08:54.065  1214  1214 I #LGIME  : ImsInputHangul.setMethod = 0
01-24 17:08:54.065  1214  1214 I #LGIME  : ### set Naratgeul
01-24 17:08:54.072  1214  1214 I #LGIME  : ### device.getName() : LGU tvG2 RCU HEADSET ,device.getBondState() : 12
01-24 17:08:54.074  1214  1214 I #LGIME  : ImsInputHangul.setMethod = 0
01-24 17:08:54.074  1214  1214 I #LGIME  : ### set Naratgeul
01-24 17:08:54.074  1214  1214 I #LGIME  : ### mRCU_Paired : 0
01-24 17:08:54.074  1214  1214 I #LGIME  : Editor Info input type is : 0
01-24 17:08:54.074  1214  1214 I #LGIME  : Editor Info input type class is : 0
01-24 17:08:54.076  1214  1214 I #LGIME  : ImsInputHangul.setMethod = 0
01-24 17:08:54.117   629   897 I LgTvWindowManager: interceptKeyBeforeQueueing keyCode=22 down=false repeatCount=0 keyguardOn=false mHomePressed=false canceled=false deviceId=3
01-24 17:08:54.117   629   897 I AutoStandByManager: AUTO_STANDBY : Last key in time = 4283715
01-24 17:08:54.117   629   897 I AutoStandByManager: isFastbootKeyProcessEnabled enter
01-24 17:08:54.117   629   897 I AutoStandByManager: iFastbootKeyProcessEnabled/tmp/fastboot_key_process is not existed
01-24 17:08:54.117   629   897 I AutoStandByManager: isFastbootKeyProcessEnabled leave, ret = false
01-24 17:08:54.117   629   896 I LgTvWindowManager: interceptKeyBeforeDispatching keyCode=22 down=false repeatCount=0 keyguardOn=false mHomePressed=false canceled=false
01-24 17:08:54.117   629   896 I AutoStandByManager: AUTO_STANDBY : Last key in time = 4283715
01-24 17:08:54.118   629   896 I AutoStandByManager: isFastbootKeyProcessEnabled enter
01-24 17:08:54.118   629   896 I AutoStandByManager: iFastbootKeyProcessEnabled/tmp/fastboot_key_process is not existed
01-24 17:08:54.118   629   896 I AutoStandByManager: isFastbootKeyProcessEnabled leave, ret = false
01-24 17:08:54.119  1148  1148 D LgTvPhoneFallbackEventHandler: >>>> onKeyUp: 22 IsCurationYoutube = false PackageName = com.google.android.leanbacklauncher
01-24 17:08:54.207   629   897 I LgTvWindowManager: interceptKeyBeforeQueueing keyCode=22 down=true repeatCount=0 keyguardOn=false mHomePressed=false canceled=false deviceId=3
01-24 17:08:54.207   425   583 I IPTV_FLOG: DDI_GFX_InputEventHandler, key_symbol: CURSOR_RIGHT(0xf001), from: BT
01-24 17:08:54.207   629   897 I AutoStandByManager: AUTO_STANDBY : Last key in time = 4283805
01-24 17:08:54.207   629   897 I AutoStandByManager: isFastbootKeyProcessEnabled enter
01-24 17:08:54.207   629   897 I AutoStandByManager: iFastbootKeyProcessEnabled/tmp/fastboot_key_process is not existed
01-24 17:08:54.207   425   582 D NATIVEUI-LGE-LIBSTBAPP: _UI_MainHandler: UI_GetFocus() returned wid(0), msg(16)
01-24 17:08:54.207   425   582 D NATIVEUI-LGE-LIBSTBAPP: [UI] UI_GlobalKeyHandler: Handle KEYCODE[0xda0a]
01-24 17:08:54.207   629   897 I AutoStandByManager: isFastbootKeyProcessEnabled leave, ret = false
01-24 17:08:54.207   425   582 D NATIVEUI-LGE-LIBSTBAPP: [UI] _UI_MainLoop> _UI_MainHandler UI_MSG_KEY[0xda0a] handle OK.
01-24 17:08:54.207   629   896 I LgTvWindowManager: interceptKeyBeforeDispatching keyCode=22 down=true repeatCount=0 keyguardOn=false mHomePressed=false canceled=false
01-24 17:08:54.207   629   896 I AutoStandByManager: AUTO_STANDBY : Last key in time = 4283805
01-24 17:08:54.207   629   896 I AutoStandByManager: isFastbootKeyProcessEnabled enter
01-24 17:08:54.208   629   896 I AutoStandByManager: iFastbootKeyProcessEnabled/tmp/fastboot_key_process is not existed
01-24 17:08:54.208   629   896 I AutoStandByManager: isFastbootKeyProcessEnabled leave, ret = false
01-24 17:08:54.208   629   896 D LgTvWindowManager: <<================================== >> 
01-24 17:08:54.208   629   896 D LgTvWindowManager: << send finish event to farfield-App >> com.lguplus.iptv4.base.farfield
01-24 17:08:54.208   629   896 D LgTvWindowManager: <<================================== >> 
01-24 17:08:54.208   629   896 W ContextImpl: Calling a method in the system process without a qualified user: android.app.ContextImpl.sendBroadcast:1327 com.android.internal.policy.impl.LgTvWindowManager.interceptKeyBeforeDispatching:403 com.android.server.wm.InputMonitor.interceptKeyBeforeDispatching:388 com.android.server.input.InputManagerService.interceptKeyBeforeDispatching:1510 <bottom of call stack> 
01-24 17:08:54.210  1393  1393 D ETC-PINEONE-FARFIELD: [FarFieldService$9] onReceive()[1958] >> [syk] mFinishReceiver -> action = com.lge.sys.FARFIELD_FINISH
01-24 17:08:54.215  1214  1214 I #LGIME  : ### RCU Name : LGU tvG2 RCU
01-24 17:08:54.216  1214  1214 I #LGIME  : onKeyDown: keyCode=22, RCU Input = 0, evnet=KeyEvent { action=ACTION_DOWN, keyCode=KEYCODE_DPAD_RIGHT, scanCode=106, metaState=0, flags=0x8, repeatCount=0, eventTime=4283804, downTime=4283804, deviceId=3, source=0x701 }, getKeyChar = 0
01-24 17:08:54.216  1214  1214 I #LGIME  : ### bypass KeyEvent : 22
01-24 17:08:54.220  1148  1148 D LgTvPhoneFallbackEventHandler: >>>> onKeyDown: 22
01-24 17:08:54.231  1214  1214 I #LGIME  : ### onFinishInput
01-24 17:08:54.232  1214  1214 I #LGIME  : ### onStartInput
01-24 17:08:54.234  1214  1214 I #LGIME  : ### updateRCU_Status()
01-24 17:08:54.234  1214  1214 I #LGIME  : ### saved inputMehtod : 0
01-24 17:08:54.236  1214  1214 I #LGIME  : ### device.getName() : LGU tvG2 RCU ,device.getBondState() : 12
01-24 17:08:54.237  1214  1214 I #LGIME  : ImsInputHangul.setMethod = 0
01-24 17:08:54.238  1214  1214 I #LGIME  : ### set Naratgeul
01-24 17:08:54.240  1214  1214 I #LGIME  : ### device.getName() : LGU tvG2 RCU HEADSET ,device.getBondState() : 12
01-24 17:08:54.242  1214  1214 I #LGIME  : ImsInputHangul.setMethod = 0
01-24 17:08:54.242  1214  1214 I #LGIME  : ### set Naratgeul
01-24 17:08:54.242  1214  1214 I #LGIME  : ### mRCU_Paired : 0
01-24 17:08:54.242  1214  1214 I #LGIME  : Editor Info input type is : 0
01-24 17:08:54.242  1214  1214 I #LGIME  : Editor Info input type class is : 0
01-24 17:08:54.243  1214  1214 I #LGIME  : ImsInputHangul.setMethod = 0
01-24 17:08:54.297   629   897 I LgTvWindowManager: interceptKeyBeforeQueueing keyCode=22 down=false repeatCount=0 keyguardOn=false mHomePressed=false canceled=false deviceId=3
01-24 17:08:54.297   629   897 I AutoStandByManager: AUTO_STANDBY : Last key in time = 4283895
01-24 17:08:54.297   629   897 I AutoStandByManager: isFastbootKeyProcessEnabled enter
01-24 17:08:54.297   629   897 I AutoStandByManager: iFastbootKeyProcessEnabled/tmp/fastboot_key_process is not existed
01-24 17:08:54.297   629   897 I AutoStandByManager: isFastbootKeyProcessEnabled leave, ret = false
01-24 17:08:54.297   629   896 I LgTvWindowManager: interceptKeyBeforeDispatching keyCode=22 down=false repeatCount=0 keyguardOn=false mHomePressed=false canceled=false
01-24 17:08:54.297   629   896 I AutoStandByManager: AUTO_STANDBY : Last key in time = 4283895
01-24 17:08:54.297   629   896 I AutoStandByManager: isFastbootKeyProcessEnabled enter
01-24 17:08:54.298   629   896 I AutoStandByManager: iFastbootKeyProcessEnabled/tmp/fastboot_key_process is not existed
01-24 17:08:54.298   629   896 I AutoStandByManager: isFastbootKeyProcessEnabled leave, ret = false
01-24 17:08:54.299  1148  1148 D LgTvPhoneFallbackEventHandler: >>>> onKeyUp: 22 IsCurationYoutube = false PackageName = com.google.android.leanbacklauncher
01-24 17:08:54.937   425   583 I IPTV_FLOG: DDI_GFX_InputEventHandler, key_symbol: RETURN(0xd), from: BT
01-24 17:08:54.937   629   897 I LgTvWindowManager: interceptKeyBeforeQueueing keyCode=23 down=true repeatCount=0 keyguardOn=false mHomePressed=false canceled=false deviceId=3
01-24 17:08:54.937   629   897 I AutoStandByManager: AUTO_STANDBY : Last key in time = 4284535
01-24 17:08:54.937   629   897 I AutoStandByManager: isFastbootKeyProcessEnabled enter
01-24 17:08:54.937   629   897 I AutoStandByManager: iFastbootKeyProcessEnabled/tmp/fastboot_key_process is not existed
01-24 17:08:54.937   629   897 I AutoStandByManager: isFastbootKeyProcessEnabled leave, ret = false
01-24 17:08:54.937   425   582 D NATIVEUI-LGE-LIBSTBAPP: _UI_MainHandler: UI_GetFocus() returned wid(0), msg(16)
01-24 17:08:54.937   425   582 D NATIVEUI-LGE-LIBSTBAPP: [UI] UI_GlobalKeyHandler> KEY[0xda0b] is Blocked by _UI_CheckKeyUse!!!
01-24 17:08:54.937   425   582 D NATIVEUI-LGE-LIBSTBAPP: [UI] _UI_MainLoop> _UI_MainHandler UI_MSG_KEY[0xda0b] handle OK.
01-24 17:08:54.937   629   896 I LgTvWindowManager: interceptKeyBeforeDispatching keyCode=23 down=true repeatCount=0 keyguardOn=false mHomePressed=false canceled=false
01-24 17:08:54.937   629   896 I AutoStandByManager: AUTO_STANDBY : Last key in time = 4284535
01-24 17:08:54.937   629   896 I AutoStandByManager: isFastbootKeyProcessEnabled enter
01-24 17:08:54.938   629   896 I AutoStandByManager: iFastbootKeyProcessEnabled/tmp/fastboot_key_process is not existed
01-24 17:08:54.938   629   896 I AutoStandByManager: isFastbootKeyProcessEnabled leave, ret = false
01-24 17:08:54.938   629   896 D LgTvWindowManager: <<================================== >> 
01-24 17:08:54.938   629   896 D LgTvWindowManager: << send finish event to farfield-App >> com.lguplus.iptv4.base.farfield
01-24 17:08:54.938   629   896 D LgTvWindowManager: <<================================== >> 
01-24 17:08:54.938   629   896 W ContextImpl: Calling a method in the system process without a qualified user: android.app.ContextImpl.sendBroadcast:1327 com.android.internal.policy.impl.LgTvWindowManager.interceptKeyBeforeDispatching:403 com.android.server.wm.InputMonitor.interceptKeyBeforeDispatching:388 com.android.server.input.InputManagerService.interceptKeyBeforeDispatching:1510 <bottom of call stack> 
01-24 17:08:54.939  1214  1214 I #LGIME  : ### RCU Name : LGU tvG2 RCU
01-24 17:08:54.939  1214  1214 I #LGIME  : onKeyDown: keyCode=23, RCU Input = 0, evnet=KeyEvent { action=ACTION_DOWN, keyCode=KEYCODE_DPAD_CENTER, scanCode=96, metaState=0, flags=0x8, repeatCount=0, eventTime=4284534, downTime=4284534, deviceId=3, source=0x701 }, getKeyChar = 0
01-24 17:08:54.940  1214  1214 I #LGIME  : ### bypass KeyEvent : 23
01-24 17:08:54.940  1393  1393 D ETC-PINEONE-FARFIELD: [FarFieldService$9] onReceive()[1958] >> [syk] mFinishReceiver -> action = com.lge.sys.FARFIELD_FINISH
01-24 17:08:55.034   471   471 I cpusvc  : [reduce_max_freq] max freq gonna reduce to: 1000000
01-24 17:08:55.057   629   897 I LgTvWindowManager: interceptKeyBeforeQueueing keyCode=23 down=false repeatCount=0 keyguardOn=false mHomePressed=false canceled=false deviceId=3
01-24 17:08:55.057   629   897 I AutoStandByManager: AUTO_STANDBY : Last key in time = 4284655
01-24 17:08:55.057   629   897 I AutoStandByManager: isFastbootKeyProcessEnabled enter
01-24 17:08:55.057   629   897 I AutoStandByManager: iFastbootKeyProcessEnabled/tmp/fastboot_key_process is not existed
01-24 17:08:55.057   629   897 I AutoStandByManager: isFastbootKeyProcessEnabled leave, ret = false
01-24 17:08:55.058   629   896 I LgTvWindowManager: interceptKeyBeforeDispatching keyCode=23 down=false repeatCount=0 keyguardOn=false mHomePressed=false canceled=false
01-24 17:08:55.058   629   896 I AutoStandByManager: AUTO_STANDBY : Last key in time = 4284655
01-24 17:08:55.058   629   896 I AutoStandByManager: isFastbootKeyProcessEnabled enter
01-24 17:08:55.058   629   896 I AutoStandByManager: iFastbootKeyProcessEnabled/tmp/fastboot_key_process is not existed
01-24 17:08:55.058   629   896 I AutoStandByManager: isFastbootKeyProcessEnabled leave, ret = false
01-24 17:08:55.281   612   612 D LIVE-LGE-XCHECKER: startCrossCheck:140, stream err: 0, pcr err: 0, max_check_count: 30
01-24 17:08:55.578   629  1485 I ActivityManager: START u0 {act=android.intent.action.MAIN cat=[android.intent.category.LAUNCHER] flg=0x10200000 cmp=com.geniemusic.tv/.MainActivity} from uid 10027 app com.google.android.leanbacklauncher class com.google.android.leanbacklauncher.LauncherApplication on display 0
01-24 17:08:55.582  1623  1698 E FC-CCI  : [FC-CCI][ERROR] UDP read timeout(3000ms) [UdpReader]
01-24 17:08:55.583  1623  1698 E FC-CCI  : [FC-CCI][INFO ] /LGU_data/UP/FCC_ON_OFF.0 update skipped (current=0, update=0) [CciContext]
01-24 17:08:55.600   629  1485 V WindowManager: addAppToken: AppWindowToken{8d2b72a token=Token{f177815 ActivityRecord{9224dcc u0 com.geniemusic.tv/.MainActivity t16}}} to stack=0 task=16 at 0
01-24 17:08:55.609  1148  1652 D Ranker  : onAction: key=com.geniemusic.tv/com.geniemusic.tv.MainActivity, component=null, group=com.geniemusic.tv, actionType=ACTION_OPEN_LAUNCHPOINT (1)
01-24 17:08:55.640   629   820 V WindowManager: Adding window Window{7ddb0c9 u0 Starting com.geniemusic.tv} at 5 of 9 (after Window{2d61148b u0 com.google.android.leanbacklauncher/com.google.android.leanbacklauncher.MainActivity})
01-24 17:08:55.673   629   643 I art     : Background sticky concurrent mark sweep GC freed 4579(325KB) AllocSpace objects, 0(0B) LOS objects, 1% free, 21MB/21MB, paused 5.739ms total 46.419ms
01-24 17:08:55.678   777  8237 I gralloc : bg2_gralloc_alloc:100 enter, w=1280, h=720, format=0x1, usage=0x933
01-24 17:08:55.702   777  8237 I v_gralloc:  > Map buffer=0xb261b820: surface=0xb25d7608 physical=0x1f252000 logical=0xaf47c000
01-24 17:08:55.702   777  8237 I v_gralloc: Allocate buffer=0xb261b820  for pid=629: size=1280x720 format=1 usage=0x00000933 info=1d3:9:384000-0:0:0 gid=625
01-24 17:08:55.706   629  1373 I ActivityManager: Start proc 23016:com.geniemusic.tv/u0a73 for activity com.geniemusic.tv/.MainActivity
01-24 17:08:55.735   777  8237 I gralloc : bg2_gralloc_alloc:249,  handle=0xb261b820, alignedWidth=1280, alignedHeight=720, stride=5120, ori_phys=0x1f252000, cur_phy=0x1f252000, pixelFormat=19,android_Format=1, vaddr=0xaf47c000
01-24 17:08:55.735   777  8237 I gralloc : OVERLAY: Unexpected format ot usage[F:1, U:2355]
01-24 17:08:55.769   629   820 I v_gralloc:  > Map buffer=0xaa77fec0: surface=0xaa708308 physical=0x1f252000 logical=0x97778000
01-24 17:08:55.769   629   820 I v_gralloc: Register buffer=0xaa77fec0 from pid=629: size=1280x720 format=1 usage=0x00000933 info=1d3:9:384000-0:0:0
01-24 17:08:55.769   629   820 I gralloc : bg2_gralloc_register_buffer:517, handle=0xaa77fec0, width=1280, height=720, surface=0xaa708308, phy=0x1f252000, halFormat=306
01-24 17:08:55.769   629   820 I gralloc : bg2_gralloc_register_buffer:570, AMP_BD_Map finished, err=0x0, BDId=0x272, hnd->hBD=0x9c417000
01-24 17:08:55.818  1148  1779 I gralloc : bg2_gralloc_unregister_buffer:622, hnd=0xa07a37c0, surface=0xa0772908, phy=0x20669000, vaddr=0x9c8c0000
01-24 17:08:55.818  1148  1779 I gralloc : bg2_gralloc_unregister_buffer 639. registered_buffers change to 3
01-24 17:08:55.819  1148  1779 I gralloc : bg2_gralloc_unregister_buffer:622, hnd=0xafc58b00, surface=0xafd31708, phy=0x20a29000, vaddr=0x9d040000
01-24 17:08:55.819  1148  1779 I gralloc : bg2_gralloc_unregister_buffer 639. registered_buffers change to 2
01-24 17:08:55.819  1148  1779 I gralloc : bg2_gralloc_unregister_buffer:622, hnd=0xafd23de0, surface=0xa076e708, phy=0x2145e000, vaddr=0x9cc80000
01-24 17:08:55.819 23016 23016 I ActivityThread: Switching default density from 320 to 213
01-24 17:08:55.819  1148  1779 I gralloc : bg2_gralloc_unregister_buffer 639. registered_buffers change to 1
01-24 17:08:55.821   777   789 I gralloc : bg2_gralloc_free:462, handle=0xb261b4a0, surface=0xb25d7008, base=0xad500000, phy=0x2145e000
01-24 17:08:55.828   777   777 I gralloc : bg2_gralloc_free:462, handle=0xb261ae80, surface=0xb25d6d08, base=0xadc80000, phy=0x20669000