01-25 08:38:47.623  4499  4528 W ContextImpl: Calling a method in the system process without a qualified user: android.app.ContextImpl.bindService:1540 android.content.ContextWrapper.bindService:678 io.fabric.sdk.android.services.common.AdvertisingInfoServiceStrategy.getAdvertisingInfo:76 io.fabric.sdk.android.services.common.AdvertisingInfoProvider.getAdvertisingInfoFromStrategies:122 io.fabric.sdk.android.services.common.AdvertisingInfoProvider.access$000:28 
01-25 08:38:52.646  4499  4499 W ContextImpl: Calling a method in the system process without a qualified user: android.app.ContextImpl.startService:1460 android.content.ContextWrapper.startService:644 com.lguplus.iptv3.base.message.process.devicecontrol.action.ChannelControlManager.invokeAction:102 com.lguplus.iptv3.base.message.CICControlInterface$1.run:52 android.os.Handler.handleCallback:789 
01-25 08:38:52.690  4499  4664 E ActivityThread: Failed to find provider info for com.lguplus.iptv4.base.curationservice.provider.CEpgProvider
01-25 08:39:09.959   646  1525 I chatty  : uid=1000(system) Binder:646_15 expire 11 lines
01-25 08:39:23.988   646   662 I chatty  : uid=1000(system) ActivityManager expire 25 lines
01-25 08:39:24.118  4937  4937 W ContextImpl: Calling a method in the system process without a qualified user: android.app.ContextImpl.startService:1460 android.content.ContextWrapper.startService:644 android.content.ContextWrapper.startService:644 com.lguplus.iptv5.base.curationinputservice.cgupdate.reciver.RestartReceiver.onReceive:24 android.app.ActivityThread.handleReceiver:3252 
01-25 08:39:24.262 23334 23334 I chatty  : uid=1000(system) com.lguplus.iptv3.onetouchstb expire 19 lines
01-25 08:39:24.290   646  3445 I chatty  : uid=1000(system) Binder:646_1B expire 12 lines
01-25 08:39:39.159   646  1326 I chatty  : uid=1000(system) Binder:646_9 expire 2 lines
01-25 08:39:39.369   646  1438 I chatty  : uid=1000(system) Binder:646_12 expire 7 lines
01-25 08:39:43.035   646   841 I chatty  : uid=1000(system) Binder:646_3 expire 1 line
--------- beginning of main
01-25 08:40:24.210 15138 18408 I chatty  : uid=10027(u0_a27) Grizzly-worker( expire 3 lines
01-25 08:40:24.217 15138 15138 I chatty  : uid=10027(u0_a27) tv.anypoint.uplus.tvg.app expire 14 lines
01-25 08:40:24.233 15138 15149 I chatty  : uid=10027(u0_a27) HeapTaskDaemon expire 1 line
01-25 08:40:24.243  1520  1520 D TVNotifService: skipped remove notification StatusBarNotification(pkg=tv.anypoint.uplus.tvg.app user=UserHandle{0} id=3631 tag=null key=0|tv.anypoint.uplus.tvg.app|3631|null|10027: Notification(channel=null pri=0 contentView=null vibrate=null sound=null defaults=0x0 flags=0x62 color=0xff607d8b vis=PRIVATE)) userId: 0
01-25 08:40:24.258  1520  1520 D TVNotifService: skipped notification StatusBarNotification(pkg=tv.anypoint.uplus.tvg.app user=UserHandle{0} id=3632 tag=null key=0|tv.anypoint.uplus.tvg.app|3632|null|10027: Notification(channel=null pri=0 contentView=tv.anypoint.uplus.tvg.app/0x109008e vibrate=null sound=null defaults=0x0 flags=0x62 color=0xff607d8b vis=PRIVATE)) userId: 0
01-25 08:40:26.050   299 21984 I chatty  : uid=0(root) QToneService expire 17 lines
01-25 08:40:28.299 23523  3479 D NoticeAgent: [Noti3_0.2.1]f|stopViewTimer
01-25 08:40:28.299 23523  3479 D NoticeAgent: [Noti3_0.2.1]f|isRemove : true
01-25 08:40:28.299 23523  3479 D NoticeAgent: [Noti3_0.2.1]d|called notifyNotice()
01-25 08:40:28.299 23523  3479 D NoticeAgent: [Noti3_0.2.1]d|called showNotice()
01-25 08:40:28.299 23523  3479 D NoticeAgent: [Noti3_0.2.1]d|showNotice()-vReadyBuffer.size : 1
01-25 08:40:28.299 23523  3479 D NoticeAgent: [Noti3_0.2.1]d|showNotice() - noticeType :1
01-25 08:40:28.302 23523  3479 D LIVE-LGE-JNI: readUP: 0th PrefValue : 750
01-25 08:40:28.302 23523  3479 D NoticeAgent: [Noti3_0.2.1]k|lastChannelId()-lastChId : 750
01-25 08:40:28.302 23523  3479 D NoticeAgent: [Noti3_0.2.1]d|called sleepNoti()
01-25 08:40:28.302 23523  3479 D NoticeAgent: [Noti3_0.2.1]f|called TimerProcessor - sec : 300
01-25 08:40:28.302 23523  3479 D NoticeAgent: [Noti3_0.2.1]f|TimerProcessor - delayTime : 300000
01-25 08:40:28.302 23523  3479 D NoticeAgent: [Noti3_0.2.1]f|startViewTimer - delayTime : 300000
01-25 08:40:28.303 23523  3479 D NoticeAgent: [Noti3_0.2.1]f|startViewTimer completed.
01-25 08:40:28.303 23523  3479 D NoticeAgent: [Noti3_0.2.1]d|called showNotice()
01-25 08:40:28.303 23523  3479 D NoticeAgent: [Noti3_0.2.1]d|showNotice()-vReadyBuffer.size : 0
01-25 08:40:28.303 23523  3479 D NoticeAgent: [Noti3_0.2.1]d|showNotice() - vReadyBuffer is empty. so return.
01-25 08:40:28.303 23523  5447 D NoticeAgent: [Noti3_0.2.1]f|called run()
01-25 08:40:28.618  5448  5463 D v_gal   : _ConstructOs:466, gal3d.ko already insmoded, count=0
01-25 08:40:28.651   646   661 I chatty  : uid=1000(system) android.bg expire 24 lines
01-25 08:40:30.324   299   353 I chatty  : uid=0(root) SndPltMainTask expire 14 lines
01-25 08:40:38.634  5513  5528 D v_gal   : _ConstructOs:466, gal3d.ko already insmoded, count=0
01-25 08:40:39.464 15138 18401 I chatty  : uid=10027(u0_a27) Grizzly-worker( expire 6 lines
01-25 08:40:43.139   299 16928 I chatty  : uid=0(root) Binder:299_4 expire 12 lines
01-25 08:40:43.139 23334 23334 D LIVE-LGE-JNI: readUP: 0th PrefValue : true
01-25 08:40:45.918   646  1315 I chatty  : uid=1000(system) Binder:646_7 expire 1 line
01-25 08:40:48.625  5572  5587 D v_gal   : _ConstructOs:466, gal3d.ko already insmoded, count=0
01-25 08:40:48.665   646   661 I chatty  : uid=1000(system) android.bg expire 16 lines
01-25 08:40:49.324   425   498 D Berlin_PowerHAL: boost: scaling_max_freq = 1200000
01-25 08:40:49.331   646  5595 I chatty  : uid=1000 system_server expire 342 lines
01-25 08:40:50.721   300   334 I chatty  : uid=0(root) /system/bin/ccicollector expire 10 lines
01-25 08:40:54.670   646  5595 I chatty  : uid=1000 system_server expire 4 lines
01-25 08:41:04.165  4499  4537 I chatty  : uid=1000(system) com.lguplus.iptv3.base.search expire 10 lines
01-25 08:41:04.326   425   498 D Berlin_PowerHAL: active: scaling_max_freq = 1000000
01-25 08:41:04.326   425   498 D Berlin_PowerHAL: active: scaling_min_freq = 1000000
01-25 08:41:04.406   299 21984 I chatty  : uid=0(root) QToneService expire 12 lines
01-25 08:41:05.539   299   353 I chatty  : uid=0(root) SndPltMainTask expire 10 lines
01-25 08:41:05.733   300   334 I chatty  : uid=0(root) /system/bin/ccicollector expire 20 lines
01-25 08:41:06.663 30614  5683 E ClearcutLogger: addMendelPackage forbidden on anonymous logger
01-25 08:41:09.589  4739  4791 I chatty  : uid=10004(u0_a4) com.google.android.apps.mediashell expire 2 lines
01-25 08:41:13.165   646   716 I chatty  : uid=1000(system) AlarmManager expire 13 lines
01-25 08:41:13.226  5712  5728 I chatty  : uid=10017(u0_a17) com.lguplus.iptv3.homesharestb expire 1 line
01-25 08:41:13.246  5712  5712 I chatty  : uid=10017(u0_a17) com.lguplus.iptv3.homesharestb expire 8 lines
01-25 08:41:13.258 23334 23334 D LIVE-LGE-JNI: readUP: 0th PrefValue : true
01-25 08:41:13.263   646  1418 I chatty  : uid=1000(system) Binder:646_10 expire 1 line
01-25 08:41:14.866   425   498 D Berlin_PowerHAL: boost: scaling_max_freq = 1200000
01-25 08:41:24.290 15138 18957 I chatty  : uid=10027(u0_a27) pool-1-thread-5 expire 4 lines
01-25 08:41:24.312   646   646 I chatty  : uid=1000 system_server expire 10 lines
01-25 08:41:24.321  1520  1520 D TVNotifService: skipped remove notification StatusBarNotification(pkg=tv.anypoint.uplus.tvg.app user=UserHandle{0} id=3632 tag=null key=0|tv.anypoint.uplus.tvg.app|3632|null|10027: Notification(channel=null pri=0 contentView=null vibrate=null sound=null defaults=0x0 flags=0x62 color=0xff607d8b vis=PRIVATE)) userId: 0
01-25 08:41:24.337  1520  1520 D TVNotifService: skipped notification StatusBarNotification(pkg=tv.anypoint.uplus.tvg.app user=UserHandle{0} id=3633 tag=null key=0|tv.anypoint.uplus.tvg.app|3633|null|10027: Notification(channel=null pri=0 contentView=tv.anypoint.uplus.tvg.app/0x109008e vibrate=null sound=null defaults=0x0 flags=0x62 color=0xff607d8b vis=PRIVATE)) userId: 0
01-25 08:41:29.867   425   498 D Berlin_PowerHAL: active: scaling_max_freq = 1000000
01-25 08:41:29.867   425   498 D Berlin_PowerHAL: active: scaling_min_freq = 1000000
01-25 08:41:30.691   299   353 I chatty  : uid=0(root) SndPltMainTask expire 17 lines
01-25 08:41:31.480   299 21984 I chatty  : uid=0(root) QToneService expire 19 lines
01-25 08:41:35.768   300   334 I chatty  : uid=0(root) /system/bin/ccicollector expire 20 lines
01-25 08:41:43.321  5870  5885 I chatty  : uid=10017(u0_a17) com.lguplus.iptv3.homesharestb expire 1 line
01-25 08:41:43.329  5870  5870 I chatty  : uid=10017(u0_a17) com.lguplus.iptv3.homesharestb expire 8 lines
01-25 08:41:43.351 23334 23334 D LIVE-LGE-JNI: readUP: 0th PrefValue : true
01-25 08:41:43.521   425   498 D Berlin_PowerHAL: boost: scaling_max_freq = 1200000
01-25 08:41:46.202  1520  1520 D TVNotifService: skipped notification StatusBarNotification(pkg=android user=UserHandle{-1} id=17303300 tag=null key=-1|android|17303300|null|1000: Notification(channel=NETWORK_AVAILABLE pri=0 contentView=null vibrate=null sound=null tick defaults=0x0 flags=0x10 color=0xff607d8b vis=PRIVATE)) userId: 0
01-25 08:41:58.522   425   498 D Berlin_PowerHAL: active: scaling_max_freq = 1000000
01-25 08:41:58.522   425   498 D Berlin_PowerHAL: active: scaling_min_freq = 1000000
01-25 08:42:05.804   300   334 I chatty  : uid=0(root) /system/bin/ccicollector expire 26 lines
01-25 08:42:09.322  4739  4739 I chatty  : uid=10004(u0_a4) com.google.android.apps.mediashell expire 2 lines
01-25 08:42:13.422  6028  6045 I chatty  : uid=10017(u0_a17) com.lguplus.iptv3.homesharestb expire 1 line
01-25 08:42:13.432  6028  6028 I chatty  : uid=10017(u0_a17) com.lguplus.iptv3.homesharestb expire 11 lines
01-25 08:42:13.442   299   353 I chatty  : uid=0(root) SndPltMainTask expire 10 lines
01-25 08:42:13.443 23334 23334 D LIVE-LGE-JNI: readUP: 0th PrefValue : true
01-25 08:42:13.478  1520  6044 W FA      : Failed to retrieve Firebase Instance Id
01-25 08:42:14.337   299 21984 I chatty  : uid=0(root) QToneService expire 11 lines
01-25 08:42:19.247  4499  4537 I chatty  : uid=1000(system) com.lguplus.iptv3.base.search expire 10 lines
01-25 08:42:24.401  1520  1520 D TVNotifService: skipped remove notification StatusBarNotification(pkg=tv.anypoint.uplus.tvg.app user=UserHandle{0} id=3633 tag=null key=0|tv.anypoint.uplus.tvg.app|3633|null|10027: Notification(channel=null pri=0 contentView=null vibrate=null sound=null defaults=0x0 flags=0x62 color=0xff607d8b vis=PRIVATE)) userId: 0
01-25 08:42:24.417  1520  1520 D TVNotifService: skipped notification StatusBarNotification(pkg=tv.anypoint.uplus.tvg.app user=UserHandle{0} id=3634 tag=null key=0|tv.anypoint.uplus.tvg.app|3634|null|10027: Notification(channel=null pri=0 contentView=tv.anypoint.uplus.tvg.app/0x109008e vibrate=null sound=null defaults=0x0 flags=0x62 color=0xff607d8b vis=PRIVATE)) userId: 0
01-25 08:42:28.522   646   661 I chatty  : uid=1000(system) android.bg expire 10 lines
01-25 08:42:38.570 15325 15325 E ETC-PINEONE-LIVETVINPUT: [EpgUpdateService] onLowMemory()[267] >> .onLowMemory() called.
01-25 08:42:38.574 15325 15325 D ETC-PINEONE-SI: [SIUtil] insertProcessHistoryToDatabase()[1157] >> .insertProcessHistoryToDatabase() called.
01-25 08:42:38.574 15325 15325 D ETC-PINEONE-SI: [SIUtil] insertProcessHistoryToDatabase()[1171] >> inserting...
01-25 08:42:38.600   299   353 I chatty  : uid=0(root) SndPltMainTask expire 23 lines
01-25 08:42:38.643  6180  6195 D v_gal   : _ConstructOs:466, gal3d.ko already insmoded, count=0
01-25 08:42:38.652  6180  6180 I ETC-PINEONE-SI: [EpgProvider] onCreate()[375] >> *onCreate() called.
01-25 08:42:38.686 15325 15325 D ETC-PINEONE-SI: [SIUtil] insertProcessHistoryToDatabase()[1173] >> inserted.
01-25 08:42:38.686 15325 15325 I ETC-PINEONE-SI: [SIUtil] insertProcessHistoryToDatabase()[1180] >> A EpgUpdater history added: content://com.lguplus.iptv3.base.si.provider.SIProvider/process_history/615
01-25 08:42:39.150   299 21984 I chatty  : uid=0(root) QToneService expire 25 lines
01-25 08:42:43.452  6028  6028 I chatty  : uid=10017(u0_a17) com.lguplus.iptv3.homesharestb expire 21 lines
01-25 08:42:43.471   299 16928 I chatty  : uid=0(root) Binder:299_4 expire 12 lines
01-25 08:42:43.472 23334 23334 D LIVE-LGE-JNI: readUP: 0th PrefValue : true
01-25 08:42:44.845   300   334 I chatty  : uid=0(root) /system/bin/ccicollector expire 28 lines
01-25 08:43:13.528 23334 23334 D LIVE-LGE-JNI: readUP: 0th PrefValue : true
01-25 08:43:24.418 15138 15138 I chatty  : uid=10027(u0_a27) tv.anypoint.uplus.tvg.app expire 10 lines
01-25 08:43:24.459  1520  1520 D TVNotifService: skipped remove notification StatusBarNotification(pkg=tv.anypoint.uplus.tvg.app user=UserHandle{0} id=3634 tag=null key=0|tv.anypoint.uplus.tvg.app|3634|null|10027: Notification(channel=null pri=0 contentView=null vibrate=null sound=null defaults=0x0 flags=0x62 color=0xff607d8b vis=PRIVATE)) userId: 0
01-25 08:43:24.473  1520  1520 D TVNotifService: skipped notification StatusBarNotification(pkg=tv.anypoint.uplus.tvg.app user=UserHandle{0} id=3635 tag=null key=0|tv.anypoint.uplus.tvg.app|3635|null|10027: Notification(channel=null pri=0 contentView=tv.anypoint.uplus.tvg.app/0x109008e vibrate=null sound=null defaults=0x0 flags=0x62 color=0xff607d8b vis=PRIVATE)) userId: 0
01-25 08:43:25.438 15138  6418 I chatty  : uid=10027(u0_a27) tv.anypoint.uplus.tvg.app expire 2 lines
01-25 08:43:26.885   300   334 I chatty  : uid=0(root) /system/bin/ccicollector expire 10 lines
01-25 08:43:34.328  4499  4537 I chatty  : uid=1000(system) com.lguplus.iptv3.base.search expire 10 lines
01-25 08:43:35.553   299 21984 I chatty  : uid=0(root) QToneService expire 10 lines
01-25 08:43:36.434   299   353 I chatty  : uid=0(root) SndPltMainTask expire 10 lines
01-25 08:43:39.498  4739  4772 I chatty  : uid=10004(u0_a4) com.google.android.apps.mediashell expire 3 lines
01-25 08:43:39.586  4739  4739 I chatty  : uid=10004(u0_a4) com.google.android.apps.mediashell expire 2 lines
01-25 08:43:41.903   300   334 I chatty  : uid=0(root) /system/bin/ccicollector expire 10 lines
01-25 08:43:43.541   646 10230 I chatty  : uid=1000(system) Binder:646_1F expire 1 line
01-25 08:43:43.553 23334 23334 D LIVE-LGE-JNI: readUP: 0th PrefValue : true
01-25 08:43:43.559   646  1531 I chatty  : uid=1000(system) Binder:646_16 expire 2 lines
01-25 08:43:56.397 31313 31313 E ETC-PINEONE-SI: [NativeListenService] onLowMemory()[411] >> .onLowMemory() called.
01-25 08:43:56.398 31313 31313 D ETC-PINEONE-SI: [SIUtil] insertProcessHistoryToDatabase()[1157] >> .insertProcessHistoryToDatabase() called.
01-25 08:43:56.398 31313 31313 D ETC-PINEONE-SI: [SIUtil] insertProcessHistoryToDatabase()[1171] >> inserting...
01-25 08:43:56.412 31313 31313 D ETC-PINEONE-SI: [SIUtil] insertProcessHistoryToDatabase()[1173] >> inserted.
01-25 08:43:56.412 31313 31313 I ETC-PINEONE-SI: [SIUtil] insertProcessHistoryToDatabase()[1180] >> A NativeListener history added: content://com.lguplus.iptv3.base.si.provider.SIProvider/process_history/616
01-25 08:43:56.919   300   334 I chatty  : uid=0(root) /system/bin/ccicollector expire 10 lines
01-25 08:43:58.116   299 21984 I chatty  : uid=0(root) QToneService expire 10 lines
01-25 08:43:59.533 15138 18402 I chatty  : uid=10027(u0_a27) Grizzly-worker( expire 6 lines
01-25 08:44:01.585   299   353 I chatty  : uid=0(root) SndPltMainTask expire 10 lines
01-25 08:44:09.331  4739  4739 I chromium: [4739:4739:INFO:metrics_recorder.cc(89)] Metrics stat: total=2
01-25 08:44:09.331  4739  4739 I chromium: Cast.CecHdmiInputState.Unknown=1
01-25 08:44:09.331  4739  4739 I chromium: Cast.CecStandby.Unknown=1
01-25 08:44:11.936   300   334 I chatty  : uid=0(root) /system/bin/ccicollector expire 10 lines
01-25 08:44:13.561  6028  6028 I chatty  : uid=10017(u0_a17) com.lguplus.iptv3.homesharestb expire 11 lines
01-25 08:44:13.638 23334 23334 D LIVE-LGE-JNI: readUP: 0th PrefValue : true
01-25 08:44:13.671  6643  6659 D v_gal   : _ConstructOs:466, gal3d.ko already insmoded, count=0
01-25 08:44:13.698  6643  6643 W zygote  : Class android.support.v4.util.SimpleArrayMap failed lock verification and will run slower.
01-25 08:44:13.698  6643  6643 W zygote  : Common causes for lock verification issues are non-optimized dex code
01-25 08:44:13.698  6643  6643 W zygote  : and incorrect proguard optimizations.
01-25 08:44:13.711  6643  6643 D FirebaseApp: com.google.firebase.auth.FirebaseAuth is not linked. Skipping initialization.
01-25 08:44:13.717  6643  6643 D FirebaseApp: com.google.firebase.crash.FirebaseCrash is not linked. Skipping initialization.
01-25 08:44:13.718  6643  6643 D FirebaseApp: com.google.android.gms.measurement.AppMeasurement is not linked. Skipping initialization.
01-25 08:44:13.718  6643  6643 I FirebaseInitProvider: FirebaseApp initialization successful
01-25 08:44:13.794  6661  6676 D v_gal   : _ConstructOs:466, gal3d.ko already insmoded, count=0
01-25 08:44:13.804  6661  6661 I GservicesProvider: Gservices pushing to system: true; secure/global: true
01-25 08:44:13.945  6661  6661 I GoogleHttpClient: GMS http client unavailable, use old client
01-25 08:44:14.004  6643  6643 W zygote  : Class com.google.android.gms.internal.auf failed lock verification and will run slower.
01-25 08:44:14.051  6643  6643 I TvApplication: Starting Live Channels 1.16.004 (4490253-30)
01-25 08:44:14.052  6643  6643 W zygote  : Class com.google.android.gms.analytics.GoogleAnalytics failed lock verification and will run slower.
01-25 08:44:14.055  6643  6643 W zygote  : Class com.google.android.gms.analytics.internal.zzm failed lock verification and will run slower.
01-25 08:44:14.057  6643  6643 W zygote  : Class com.google.android.gms.analytics.internal.zzbd failed lock verification and will run slower.
01-25 08:44:14.062  6643  6643 I GAv4    : Google Analytics 11.0.20 is starting up. To enable debug logging on a device run:
01-25 08:44:14.062  6643  6643 I GAv4    :   adb shell setprop log.tag.GAv4 DEBUG
01-25 08:44:14.062  6643  6643 I GAv4    :   adb logcat -s GAv4
01-25 08:44:14.071  6643  6643 W zygote  : Class com.google.android.gms.analytics.internal.zzap failed lock verification and will run slower.
01-25 08:44:14.081  6643  6643 W zygote  : Class com.google.android.gms.analytics.zzl failed lock verification and will run slower.
01-25 08:44:14.090  6687  6704 D v_gal   : _ConstructOs:466, gal3d.ko already insmoded, count=0
01-25 08:44:14.096  6643  6705 W GAv4    : AnalyticsReceiver is not registered or is disabled. Register the receiver for reliable dispatching on non-Google Play devices. See http://goo.gl/8Rd3yj for instructions.
01-25 08:44:14.102  6643  6705 W GAv4    : CampaignTrackingReceiver is not registered, not exported or is disabled. Installation campaign tracking is not possible. See http://goo.gl/8Rd3yj for instructions.
01-25 08:44:14.137  6687  6687 I TvApplication: Starting Live Channels 1.16.004 (4490253-30)
01-25 08:44:14.138  6687  6687 W zygote  : Class com.google.android.gms.analytics.GoogleAnalytics failed lock verification and will run slower.
01-25 08:44:14.138  6687  6687 W zygote  : Common causes for lock verification issues are non-optimized dex code
01-25 08:44:14.138  6687  6687 W zygote  : and incorrect proguard optimizations.
01-25 08:44:14.141  6687  6687 W zygote  : Class com.google.android.gms.analytics.internal.zzm failed lock verification and will run slower.
01-25 08:44:14.143  6687  6687 W zygote  : Class com.google.android.gms.analytics.internal.zzbd failed lock verification and will run slower.
01-25 08:44:14.146  6687  6687 I GAv4    : Google Analytics 11.0.20 is starting up. To enable debug logging on a device run:
01-25 08:44:14.146  6687  6687 I GAv4    :   adb shell setprop log.tag.GAv4 DEBUG
01-25 08:44:14.146  6687  6687 I GAv4    :   adb logcat -s GAv4
01-25 08:44:14.154  6687  6708 W zygote  : Class android.support.v4.util.SimpleArrayMap failed lock verification and will run slower.
01-25 08:44:14.155  6687  6687 W zygote  : Class com.google.android.gms.analytics.internal.zzap failed lock verification and will run slower.
01-25 08:44:14.158  6687  6687 W zygote  : Class com.google.android.gms.analytics.zzl failed lock verification and will run slower.
01-25 08:44:14.165  6687  6710 W zygote  : Class com.google.android.gms.common.GoogleSignatureVerifier failed lock verification and will run slower.
01-25 08:44:14.171  6643  6711 W zygote  : Class com.google.android.gms.common.GoogleSignatureVerifier failed lock verification and will run slower.
01-25 08:44:14.179  6687  6721 W GAv4    : AnalyticsReceiver is not registered or is disabled. Register the receiver for reliable dispatching on non-Google Play devices. See http://goo.gl/8Rd3yj for instructions.
01-25 08:44:14.195  6687  6687 W zygote  : Class com.google.android.gms.internal.auf failed lock verification and will run slower.
01-25 08:44:14.206  6687  6721 W GAv4    : CampaignTrackingReceiver is not registered, not exported or is disabled. Installation campaign tracking is not possible. See http://goo.gl/8Rd3yj for instructions.
01-25 08:44:14.261  6643  6643 I TvApplication: Started Live Channels 1.16.004 (4490253-30)
01-25 08:44:14.316  6687  6687 I TvApplication: Started Live Channels 1.16.004 (4490253-30)
01-25 08:44:14.360  1189  6747 I CheckinUtil: Classify the device as TV.
01-25 08:44:14.361  1189  6746 I CheckinUtil: Classify the device as TV.
01-25 08:44:14.536  1189  6747 W Conscrypt: Could not set socket write timeout:
01-25 08:44:14.537  1189  6746 W Conscrypt: Could not set socket write timeout:
01-25 08:44:14.557  1189  6747 W Conscrypt:    java.lang.reflect.Method.invoke(Native Method)
01-25 08:44:14.557  1189  6747 W Conscrypt:    com.google.android.gms.org.conscrypt.Platform.setSocketWriteTimeout(:com.google.android.gms@11951836:13)
01-25 08:44:14.558  1189  6746 W Conscrypt:    java.lang.reflect.Method.invoke(Native Method)
01-25 08:44:14.558  1189  6746 W Conscrypt:    com.google.android.gms.org.conscrypt.Platform.setSocketWriteTimeout(:com.google.android.gms@11951836:13)
01-25 08:44:14.642  6643  6643 I zygote  : Deoptimizing android.os.AsyncTask android.os.AsyncTask.executeOnExecutor(java.util.concurrent.Executor, java.lang.Object[]) due to JIT inline cache
01-25 08:44:14.720  1189  6747 W Conscrypt: Could not set socket write timeout:
01-25 08:44:14.720  1189  6747 W Conscrypt:    java.lang.reflect.Method.invoke(Native Method)
01-25 08:44:14.720  1189  6747 W Conscrypt:    com.google.android.gms.org.conscrypt.Platform.setSocketWriteTimeout(:com.google.android.gms@11951836:13)
01-25 08:44:14.727  1189  6746 W Conscrypt: Could not set socket write timeout:
01-25 08:44:14.727  1189  6746 W Conscrypt:    java.lang.reflect.Method.invoke(Native Method)
01-25 08:44:14.727  1189  6746 W Conscrypt:    com.google.android.gms.org.conscrypt.Platform.setSocketWriteTimeout(:com.google.android.gms@11951836:13)
01-25 08:44:18.647  6643  6658 I zygote  : Waiting for a blocking GC ProfileSaver
01-25 08:44:19.080  6687  6703 I zygote  : Waiting for a blocking GC ProfileSaver
01-25 08:44:20.676   299 21984 I chatty  : uid=0(root) QToneService expire 13 lines
01-25 08:44:24.507 15138 18399 I chatty  : uid=10027(u0_a27) pool-1-thread-2 expire 2 lines
01-25 08:44:24.516 15138 18403 I chatty  : uid=10027(u0_a27) Grizzly-worker( expire 2 lines
01-25 08:44:24.550  1520  1520 D TVNotifService: skipped remove notification StatusBarNotification(pkg=tv.anypoint.uplus.tvg.app user=UserHandle{0} id=3635 tag=null key=0|tv.anypoint.uplus.tvg.app|3635|null|10027: Notification(channel=null pri=0 contentView=null vibrate=null sound=null defaults=0x0 flags=0x62 color=0xff607d8b vis=PRIVATE)) userId: 0
01-25 08:44:24.565  1520  1520 D TVNotifService: skipped notification StatusBarNotification(pkg=tv.anypoint.uplus.tvg.app user=UserHandle{0} id=3636 tag=null key=0|tv.anypoint.uplus.tvg.app|3636|null|10027: Notification(channel=null pri=0 contentView=tv.anypoint.uplus.tvg.app/0x109008e vibrate=null sound=null defaults=0x0 flags=0x62 color=0xff607d8b vis=PRIVATE)) userId: 0
01-25 08:44:26.757   299   353 I chatty  : uid=0(root) SndPltMainTask expire 19 lines
01-25 08:44:26.952   300   334 I chatty  : uid=0(root) /system/bin/ccicollector expire 12 lines
01-25 08:44:28.714   646   661 I chatty  : uid=1000(system) android.bg expire 98 lines
01-25 08:44:42.787   646  1383 I chatty  : uid=1000(system) Binder:646_D expire 1 line
01-25 08:44:43.660  6028  6028 I chatty  : uid=10017(u0_a17) com.lguplus.iptv3.homesharestb expire 8 lines
01-25 08:44:43.705   299 16928 I chatty  : uid=0(root) Binder:299_4 expire 15 lines
01-25 08:44:43.706 23334 23334 D LIVE-LGE-JNI: readUP: 0th PrefValue : true
01-25 08:44:43.711   646   661 I chatty  : uid=1000(system) android.bg expire 1 line
01-25 08:44:44.368   646   661 I chatty  : uid=1000(system) android.bg expire 169 lines
01-25 08:44:44.972   300   334 I chatty  : uid=0(root) /system/bin/ccicollector expire 24 lines
01-25 08:44:49.409  4499  4537 I chatty  : uid=1000(system) com.lguplus.iptv3.base.search expire 10 lines
01-25 08:44:49.998   299 21984 I chatty  : uid=0(root) QToneService expire 11 lines
01-25 08:44:59.454   646   727 I chatty  : uid=1000(system) Timer-0 expire 10 lines
01-25 08:45:02.200 15138 18404 I chatty  : uid=10027(u0_a27) Grizzly-worker( expire 3 lines
01-25 08:45:09.336  4739  4739 I chromium: [4739:4739:INFO:metrics_recorder.cc(89)] Metrics stat: total=2
01-25 08:45:09.336  4739  4739 I chromium: Cast.Discovery.Mdns.ResponderPing=1
01-25 08:45:09.336  4739  4739 I chromium: Cast.Discovery.Mdns.SocketPing=1
01-25 08:45:09.788  4739  4791 I chromium: [4739:4791:INFO:wifi_proximity.cc(176)] Request scan.
01-25 08:45:13.747  6028  6028 D U+Box HomeShare: HomeShareService onCreate
01-25 08:45:13.747  6028  6028 D U+Box HomeShare: HomeShareService unregisterRestartAlarm
01-25 08:45:13.750  6028  6028 D U+Box HomeShare: HomeShareService registerRestartAlarm
01-25 08:45:13.751  6028  6028 D U+Box HomeShare: HomeShareService [Oops] ConnectionManager checkCurrentConnection == CONNECTION_MODE_NULL, Network Connection Non Available!!
01-25 08:45:13.753 23334 23334 D LIVE-LGE-JNI: readUP: 0th PrefValue : true
01-25 08:45:13.753  6028  6028 D U+Box HomeShare: HomeShareService onDestroy
01-25 08:45:14.000   646   661 I chatty  : uid=1000(system) android.bg expire 65 lines
01-25 08:45:14.321 15138 18405 I chatty  : uid=10027(u0_a27) Grizzly-worker( expire 4 lines
01-25 08:45:14.544   299   353 I chatty  : uid=0(root) SndPltMainTask expire 19 lines
01-25 08:45:14.814   299 21984 I chatty  : uid=0(root) QToneService expire 21 lines
01-25 08:45:21.016   300   334 I chatty  : uid=0(root) /system/bin/ccicollector expire 20 lines
01-25 08:45:24.591 15138 15138 I chatty  : uid=10027(u0_a27) tv.anypoint.uplus.tvg.app expire 10 lines
01-25 08:45:24.594 15138 18697 I chatty  : uid=10027(u0_a27) pool-1-thread-4 expire 2 lines
01-25 08:45:24.628  1520  1520 D TVNotifService: skipped remove notification StatusBarNotification(pkg=tv.anypoint.uplus.tvg.app user=UserHandle{0} id=3636 tag=null key=0|tv.anypoint.uplus.tvg.app|3636|null|10027: Notification(channel=null pri=0 contentView=null vibrate=null sound=null defaults=0x0 flags=0x62 color=0xff607d8b vis=PRIVATE)) userId: 0
01-25 08:45:24.643  1520  1520 D TVNotifService: skipped notification StatusBarNotification(pkg=tv.anypoint.uplus.tvg.app user=UserHandle{0} id=3637 tag=null key=0|tv.anypoint.uplus.tvg.app|3637|null|10027: Notification(channel=null pri=0 contentView=tv.anypoint.uplus.tvg.app/0x109008e vibrate=null sound=null defaults=0x0 flags=0x62 color=0xff607d8b vis=PRIVATE)) userId: 0
01-25 08:45:28.304 23523  5447 D NoticeAgent: [Noti3_0.2.1]f|stopViewTimer
01-25 08:45:28.304 23523  5447 D NoticeAgent: [Noti3_0.2.1]f|isRemove : true
01-25 08:45:28.304 23523  5447 D NoticeAgent: [Noti3_0.2.1]d|called notifyNotice()
01-25 08:45:28.304 23523  5447 D NoticeAgent: [Noti3_0.2.1]d|called showNotice()
01-25 08:45:28.304 23523  5447 D NoticeAgent: [Noti3_0.2.1]d|showNotice()-vReadyBuffer.size : 1
01-25 08:45:28.304 23523  5447 D NoticeAgent: [Noti3_0.2.1]d|showNotice() - noticeType :1
01-25 08:45:28.307 23523  5447 D LIVE-LGE-JNI: readUP: 0th PrefValue : 750
01-25 08:45:28.308 23523  5447 D NoticeAgent: [Noti3_0.2.1]k|lastChannelId()-lastChId : 750
01-25 08:45:28.308 23523  5447 D NoticeAgent: [Noti3_0.2.1]d|called sleepNoti()
01-25 08:45:28.308 23523  5447 D NoticeAgent: [Noti3_0.2.1]f|called TimerProcessor - sec : 300
01-25 08:45:28.308 23523  5447 D NoticeAgent: [Noti3_0.2.1]f|TimerProcessor - delayTime : 300000
01-25 08:45:28.308 23523  5447 D NoticeAgent: [Noti3_0.2.1]f|startViewTimer - delayTime : 300000
01-25 08:45:28.308 23523  5447 D NoticeAgent: [Noti3_0.2.1]f|startViewTimer completed.
01-25 08:45:28.309 23523  5447 D NoticeAgent: [Noti3_0.2.1]d|called showNotice()
01-25 08:45:28.309 23523  5447 D NoticeAgent: [Noti3_0.2.1]d|showNotice()-vReadyBuffer.size : 0
01-25 08:45:28.309 23523  5447 D NoticeAgent: [Noti3_0.2.1]d|showNotice() - vReadyBuffer is empty. so return.
01-25 08:45:28.310 23523  7102 D NoticeAgent: [Noti3_0.2.1]f|called run()
01-25 08:45:43.759  6028  6028 D U+Box HomeShare: HomeShareReceiver [Receive Intent] Action : com.lguplus.iptv3.homesharestb.SERVICE.RESTART
01-25 08:45:43.759  6028  6028 D U+Box HomeShare: HomeShareReceiver Receive : INTENT_HOMESHARE_SERVICE_RESTART ( Service Started : false )
01-25 08:45:43.761   646   661 I chatty  : uid=1000(system) android.bg expire 24 lines
01-25 08:45:43.762  6028  6028 D U+Box HomeShare: HomeShareReceiver yjkim call startService 2
01-25 08:45:43.762  6028  6028 D U+Box HomeShare: HomeShareService onCreate
01-25 08:45:43.762  6028  6028 D U+Box HomeShare: HomeShareService unregisterRestartAlarm
01-25 08:45:43.763  6028  6028 D U+Box HomeShare: HomeShareService registerRestartAlarm
01-25 08:45:43.766  6028  6028 D U+Box HomeShare: HomeShareService [Oops] ConnectionManager checkCurrentConnection == CONNECTION_MODE_NULL, Network Connection Non Available!!
01-25 08:45:43.767  6028  6028 D U+Box HomeShare: HomeShareService onDestroy
01-25 08:45:43.788 23334 23334 D LIVE-LGE-JNI: readUP: 0th PrefValue : true
01-25 08:45:46.568   646   657 I chatty  : uid=1000(system) Binder:646_1 expire 3 lines
01-25 08:45:51.047   300   334 I chatty  : uid=0(root) /system/bin/ccicollector expire 30 lines
01-25 08:46:02.188   299 21984 I chatty  : uid=0(root) QToneService expire 10 lines
01-25 08:46:02.320   299   353 I chatty  : uid=0(root) SndPltMainTask expire 13 lines
01-25 08:46:04.488  4499  4537 I chatty  : uid=1000(system) com.lguplus.iptv3.base.search expire 10 lines
01-25 08:46:09.339  4739  4739 I chromium: [4739:4739:INFO:metrics_recorder.cc(89)] Metrics stat: total=0
01-25 08:46:13.795  6028  6028 D U+Box HomeShare: HomeShareReceiver [Receive Intent] Action : com.lguplus.iptv3.homesharestb.SERVICE.RESTART
01-25 08:46:13.795  6028  6028 D U+Box HomeShare: HomeShareReceiver Receive : INTENT_HOMESHARE_SERVICE_RESTART ( Service Started : false )
01-25 08:46:13.803  6028  6028 D U+Box HomeShare: HomeShareReceiver yjkim call startService 2
01-25 08:46:13.804  6028  6028 D U+Box HomeShare: HomeShareService onCreate
01-25 08:46:13.804  6028  6028 D U+Box HomeShare: HomeShareService unregisterRestartAlarm
01-25 08:46:13.806  6028  6028 D U+Box HomeShare: HomeShareService registerRestartAlarm
01-25 08:46:13.811  6028  6028 D U+Box HomeShare: HomeShareService [Oops] ConnectionManager checkCurrentConnection == CONNECTION_MODE_NULL, Network Connection Non Available!!
01-25 08:46:13.819  6028  6028 D U+Box HomeShare: HomeShareService onDestroy
01-25 08:46:13.824 23334 23334 D LIVE-LGE-JNI: readUP: 0th PrefValue : true
01-25 08:46:24.708  1520  1520 D TVNotifService: skipped remove notification StatusBarNotification(pkg=tv.anypoint.uplus.tvg.app user=UserHandle{0} id=3637 tag=null key=0|tv.anypoint.uplus.tvg.app|3637|null|10027: Notification(channel=null pri=0 contentView=null vibrate=null sound=null defaults=0x0 flags=0x62 color=0xff607d8b vis=PRIVATE)) userId: 0
01-25 08:46:24.726  1520  1520 D TVNotifService: skipped notification StatusBarNotification(pkg=tv.anypoint.uplus.tvg.app user=UserHandle{0} id=3638 tag=null key=0|tv.anypoint.uplus.tvg.app|3638|null|10027: Notification(channel=null pri=0 contentView=tv.anypoint.uplus.tvg.app/0x109008e vibrate=null sound=null defaults=0x0 flags=0x62 color=0xff607d8b vis=PRIVATE)) userId: 0
01-25 08:46:24.753   299 21984 I chatty  : uid=0(root) QToneService expire 11 lines
01-25 08:46:35.012   299   353 I chatty  : uid=0(root) SndPltMainTask expire 18 lines
01-25 08:46:36.102   300   334 I chatty  : uid=0(root) /system/bin/ccicollector expire 24 lines
01-25 08:46:43.828  6028  6028 D U+Box HomeShare: HomeShareReceiver [Receive Intent] Action : com.lguplus.iptv3.homesharestb.SERVICE.RESTART
01-25 08:46:43.828  6028  6028 D U+Box HomeShare: HomeShareReceiver Receive : INTENT_HOMESHARE_SERVICE_RESTART ( Service Started : false )
01-25 08:46:43.830  6028  6028 D U+Box HomeShare: HomeShareReceiver yjkim call startService 2
01-25 08:46:43.831  6028  6028 D U+Box HomeShare: HomeShareService onCreate
01-25 08:46:43.831  6028  6028 D U+Box HomeShare: HomeShareService unregisterRestartAlarm
01-25 08:46:43.833  6028  6028 D U+Box HomeShare: HomeShareService registerRestartAlarm
01-25 08:46:43.833   646  8020 I chatty  : uid=1000(system) Binder:646_1D expire 4 lines
01-25 08:46:43.835  6028  6028 D U+Box HomeShare: HomeShareService [Oops] ConnectionManager checkCurrentConnection == CONNECTION_MODE_NULL, Network Connection Non Available!!
01-25 08:46:43.837  6028  6028 D U+Box HomeShare: HomeShareService onDestroy
01-25 08:46:43.848   299 16928 I chatty  : uid=0(root) Binder:299_4 expire 12 lines
01-25 08:46:43.849 23334 23334 D LIVE-LGE-JNI: readUP: 0th PrefValue : true
01-25 08:46:46.635   646  3445 I chatty  : uid=1000(system) Binder:646_1B expire 5 lines
01-25 08:46:49.562   299 21984 I chatty  : uid=0(root) QToneService expire 14 lines
01-25 08:46:58.935   646   661 I chatty  : uid=1000(system) android.bg expire 20 lines
01-25 08:47:09.344  4739  4739 I chromium: [4739:4739:INFO:metrics_recorder.cc(89)] Metrics stat: total=0
01-25 08:47:09.889  4739  4791 I chromium: [4739:4791:INFO:wifi_proximity.cc(176)] Request scan.
01-25 08:47:12.138   300   334 I chatty  : uid=0(root) /system/bin/ccicollector expire 10 lines
01-25 08:47:13.857  6028  6028 D U+Box HomeShare: HomeShareReceiver [Receive Intent] Action : com.lguplus.iptv3.homesharestb.SERVICE.RESTART
01-25 08:47:13.857  6028  6028 D U+Box HomeShare: HomeShareReceiver Receive : INTENT_HOMESHARE_SERVICE_RESTART ( Service Started : false )
01-25 08:47:13.867  6028  6028 D U+Box HomeShare: HomeShareReceiver yjkim call startService 2
01-25 08:47:13.868  6028  6028 D U+Box HomeShare: HomeShareService onCreate
01-25 08:47:13.868  6028  6028 D U+Box HomeShare: HomeShareService unregisterRestartAlarm
01-25 08:47:13.870  6028  6028 D U+Box HomeShare: HomeShareService registerRestartAlarm
01-25 08:47:13.871 23334 23334 D LIVE-LGE-JNI: readUP: 0th PrefValue : true
01-25 08:47:13.877  6028  6028 D U+Box HomeShare: HomeShareService [Oops] ConnectionManager checkCurrentConnection == CONNECTION_MODE_NULL, Network Connection Non Available!!
01-25 08:47:13.878  6028  6028 D U+Box HomeShare: HomeShareService onDestroy
01-25 08:47:19.568  4499  4537 I chatty  : uid=1000(system) com.lguplus.iptv3.base.search expire 10 lines
01-25 08:47:20.286   299   353 I chatty  : uid=0(root) SndPltMainTask expire 10 lines
01-25 08:47:21.149   299 21984 I chatty  : uid=0(root) QToneService expire 11 lines
01-25 08:47:24.760 15138 15138 I chatty  : uid=10027(u0_a27) tv.anypoint.uplus.tvg.app expire 10 lines
01-25 08:47:24.778 15138 18379 I chatty  : uid=10027(u0_a27) pool-1-thread-1 expire 2 lines
01-25 08:47:24.802  1520  1520 D TVNotifService: skipped remove notification StatusBarNotification(pkg=tv.anypoint.uplus.tvg.app user=UserHandle{0} id=3638 tag=null key=0|tv.anypoint.uplus.tvg.app|3638|null|10027: Notification(channel=null pri=0 contentView=null vibrate=null sound=null defaults=0x0 flags=0x62 color=0xff607d8b vis=PRIVATE)) userId: 0
01-25 08:47:24.817  1520  1520 D TVNotifService: skipped notification StatusBarNotification(pkg=tv.anypoint.uplus.tvg.app user=UserHandle{0} id=3639 tag=null key=0|tv.anypoint.uplus.tvg.app|3639|null|10027: Notification(channel=null pri=0 contentView=tv.anypoint.uplus.tvg.app/0x109008e vibrate=null sound=null defaults=0x0 flags=0x62 color=0xff607d8b vis=PRIVATE)) userId: 0
01-25 08:47:27.155   300   334 I chatty  : uid=0(root) /system/bin/ccicollector expire 12 lines
01-25 08:47:43.879  6028  6028 D U+Box HomeShare: HomeShareReceiver [Receive Intent] Action : com.lguplus.iptv3.homesharestb.SERVICE.RESTART
01-25 08:47:43.879  6028  6028 D U+Box HomeShare: HomeShareReceiver Receive : INTENT_HOMESHARE_SERVICE_RESTART ( Service Started : false )
01-25 08:47:43.882  6028  6028 D U+Box HomeShare: HomeShareReceiver yjkim call startService 2
01-25 08:47:43.882  6028  6028 D U+Box HomeShare: HomeShareService onCreate
01-25 08:47:43.883  6028  6028 D U+Box HomeShare: HomeShareService unregisterRestartAlarm
01-25 08:47:43.885  6028  6028 D U+Box HomeShare: HomeShareService registerRestartAlarm
01-25 08:47:43.887  6028  6028 D U+Box HomeShare: HomeShareService [Oops] ConnectionManager checkCurrentConnection == CONNECTION_MODE_NULL, Network Connection Non Available!!
01-25 08:47:43.890  6028  6028 D U+Box HomeShare: HomeShareService onDestroy
01-25 08:47:43.897 23334 23334 D LIVE-LGE-JNI: readUP: 0th PrefValue : true
01-25 08:47:45.176   300   334 I chatty  : uid=0(root) /system/bin/ccicollector expire 24 lines
01-25 08:47:45.428   299   353 I chatty  : uid=0(root) SndPltMainTask expire 10 lines
01-25 08:47:45.963   299 21984 I chatty  : uid=0(root) QToneService expire 28 lines
01-25 08:48:09.349  4739  4739 I chromium: [4739:4739:INFO:metrics_recorder.cc(89)] Metrics stat: total=0
01-25 08:48:09.485  4739  4772 E chromium: [4739:4772:ERROR:wifi_frame_histogram_capturer.cc(401)] No histogram or IOCTL data
01-25 08:48:09.485  4739  4772 I chromium: [4739:4772:INFO:wifi_util.cc(111)] Current wifi TDLS peers:
01-25 08:48:09.485  4739  4772 I chromium: [4739:4772:INFO:wifi_util.cc(113)] 	No peers:
01-25 08:48:09.587  4739  4739 I chromium: [4739:4739:INFO:metrics_recorder.cc(196)] Record action: Cast.CecHdmiInputState.Unknown
01-25 08:48:09.587  4739  4739 I chromium: [4739:4739:INFO:metrics_recorder.cc(196)] Record action: Cast.CecStandby.Unknown
01-25 08:48:10.577   299   353 I chatty  : uid=0(root) SndPltMainTask expire 16 lines
01-25 08:48:13.913  6028  6028 D U+Box HomeShare: HomeShareReceiver [Receive Intent] Action : com.lguplus.iptv3.homesharestb.SERVICE.RESTART
01-25 08:48:13.913  6028  6028 D U+Box HomeShare: HomeShareReceiver Receive : INTENT_HOMESHARE_SERVICE_RESTART ( Service Started : false )
01-25 08:48:13.915  6028  6028 D U+Box HomeShare: HomeShareReceiver yjkim call startService 2
01-25 08:48:13.915  6028  6028 D U+Box HomeShare: HomeShareService onCreate
01-25 08:48:13.915  6028  6028 D U+Box HomeShare: HomeShareService unregisterRestartAlarm
01-25 08:48:13.918  6028  6028 D U+Box HomeShare: HomeShareService registerRestartAlarm
01-25 08:48:13.924  6028  6028 D U+Box HomeShare: HomeShareService [Oops] ConnectionManager checkCurrentConnection == CONNECTION_MODE_NULL, Network Connection Non Available!!
01-25 08:48:13.926  6028  6028 D U+Box HomeShare: HomeShareService onDestroy
01-25 08:48:13.931 23334 23334 D LIVE-LGE-JNI: readUP: 0th PrefValue : true
01-25 08:48:21.218   300   334 I chatty  : uid=0(root) /system/bin/ccicollector expire 24 lines
01-25 08:48:24.853 15138 18696 I chatty  : uid=10027(u0_a27) pool-1-thread-3 expire 2 lines
01-25 08:48:24.884  1520  1520 D TVNotifService: skipped remove notification StatusBarNotification(pkg=tv.anypoint.uplus.tvg.app user=UserHandle{0} id=3639 tag=null key=0|tv.anypoint.uplus.tvg.app|3639|null|10027: Notification(channel=null pri=0 contentView=null vibrate=null sound=null defaults=0x0 flags=0x62 color=0xff607d8b vis=PRIVATE)) userId: 0
01-25 08:48:24.899  1520  1520 D TVNotifService: skipped notification StatusBarNotification(pkg=tv.anypoint.uplus.tvg.app user=UserHandle{0} id=3640 tag=null key=0|tv.anypoint.uplus.tvg.app|3640|null|10027: Notification(channel=null pri=0 contentView=tv.anypoint.uplus.tvg.app/0x109008e vibrate=null sound=null defaults=0x0 flags=0x62 color=0xff607d8b vis=PRIVATE)) userId: 0
01-25 08:48:34.649  4499  4537 I chatty  : uid=1000(system) com.lguplus.iptv3.base.search expire 10 lines
01-25 08:48:40.671 15138 18406 I chatty  : uid=10027(u0_a27) Grizzly-worker( expire 2 lines
01-25 08:48:43.077   299   410 I chatty  : uid=0(root) CBTMRT expire 19 lines
01-25 08:48:43.935  6028  6028 D U+Box HomeShare: HomeShareReceiver [Receive Intent] Action : com.lguplus.iptv3.homesharestb.SERVICE.RESTART
01-25 08:48:43.935  6028  6028 D U+Box HomeShare: HomeShareReceiver Receive : INTENT_HOMESHARE_SERVICE_RESTART ( Service Started : false )
01-25 08:48:43.937  6028  6028 D U+Box HomeShare: HomeShareReceiver yjkim call startService 2
01-25 08:48:43.937  6028  6028 D U+Box HomeShare: HomeShareService onCreate
01-25 08:48:43.937  6028  6028 D U+Box HomeShare: HomeShareService unregisterRestartAlarm
01-25 08:48:43.940  6028  6028 D U+Box HomeShare: HomeShareService registerRestartAlarm
01-25 08:48:43.943  6028  6028 D U+Box HomeShare: HomeShareService [Oops] ConnectionManager checkCurrentConnection == CONNECTION_MODE_NULL, Network Connection Non Available!!
01-25 08:48:43.945  6028  6028 D U+Box HomeShare: HomeShareService onDestroy
01-25 08:48:43.954   299 16928 I chatty  : uid=0(root) Binder:299_4 expire 15 lines
01-25 08:48:43.954 23334 23334 D LIVE-LGE-JNI: readUP: 0th PrefValue : true
01-25 08:48:46.737   646  8020 I chatty  : uid=1000(system) Binder:646_1D expire 4 lines
01-25 08:48:47.064 15138 18407 I chatty  : uid=10027(u0_a27) Grizzly-worker( expire 2 lines
01-25 08:48:49.130   299 21984 I chatty  : uid=0(root) QToneService expire 12 lines
01-25 08:48:50.815   299   353 I chatty  : uid=0(root) SndPltMainTask expire 10 lines
01-25 08:48:51.646  5165  5205 E BT-LGE-bluedroid: RCU disconnection reason : 0x08
01-25 08:48:51.649  5165  5205 W bt_btif : bta_gattc_conn_cback() - cif=3 connected=0 conn_id=3 reason=0x0008
01-25 08:48:51.650  5165  5205 W bt_btif : bta_gattc_conn_cback() - cif=4 connected=0 conn_id=4 reason=0x0008
01-25 08:48:51.650  5165  5205 I bt_btm_sec: btm_sec_disconnected clearing pending flag handle:128 reason:8
01-25 08:48:51.656  5165  5205 E bt_btif : BTA_GATTC_DeregisterForNotifications: deregistration failed, handle is 0
01-25 08:48:51.656  5165  5205 W bt_btif : bta_hh_co_close: dev_handle = 16, app_id = 255
01-25 08:48:51.656  5165  5205 W bt_btif : bta_hh_co_close: Found an existing device with the same handle dev_status = 0, dev_handle =16
01-25 08:48:51.660  5165  5191 E BT-LGE-bluedroid: [BT_QC] sendEvent: type(F) totalLen(80) cmd(BDC) dataLen(68) data(20180125084851|8c:08:8b:00:89:cf,2.51V,2.4,active,connection timeout)
01-25 08:48:51.679 15904 15904 I #LGIME  : ### Bluetooth disconnected: LGU 2ND UHD RCU RS
01-25 08:48:51.681 15904 15904 I #LGIME  : ### updateRCU_Status()
01-25 08:48:51.701   646   737 I chatty  : uid=1000(system) InputReader expire 11 lines
01-25 08:48:51.818  1520  1520 D TVNotifService: skipped remove notification StatusBarNotification(pkg=android user=UserHandle{-1} id=19 tag=null key=-1|android|19|null|1000: Notification(channel=PHYSICAL_KEYBOARD pri=0 contentView=null vibrate=null sound=null defaults=0x0 flags=0x0 color=0xff607d8b vis=PRIVATE)) userId: 0
01-25 08:48:51.839   436   436 I chatty  : uid=0(root) /system/bin/voicecapture expire 10 lines
01-25 08:48:51.839   435   435 I chatty  : uid=0(root) /system/bin/voicecapture expire 11 lines
01-25 08:48:51.840  5165  5165 D HidService: MESSAGE_CONNECT_STATE_CHANGED newState:0, prevState:2
01-25 08:48:51.840  5165  5165 D HidService: Connection state 8C:08:8B:00:89:CF: 2->0
01-25 08:48:51.841   436 30096 I chatty  : uid=0(root) /system/bin/voicecapture expire 1 line
01-25 08:48:51.870   646   736 I chatty  : uid=1000(system) InputDispatcher expire 4 lines
01-25 08:48:51.939 15904 15904 I #LGIME  : ### onConfigurationChanged
01-25 08:48:51.980  5165  5165 D BluetoothAdapterProperties: Received intent Intent { act=android.bluetooth.input.profile.action.CONNECTION_STATE_CHANGED flg=0x4000010 (has extras) }
01-25 08:48:51.985  5165  5165 D BluetoothAdapterProperties: CONNECTION_STATE_CHANGE: 8C:08:8B:00:89:CF: 2 -> 0
01-25 08:48:52.021   414   414 I chatty  : uid=0(root) /system/bin/fpsclient expire 16 lines
01-25 08:48:52.038   425   498 D Berlin_PowerHAL: boost: scaling_max_freq = 1200000
01-25 08:48:52.044  1520  1520 D TVNotifService: skipped remove notification StatusBarNotification(pkg=android user=UserHandle{-1} id=8 tag=null key=-1|android|8|null|1000: Notification(channel=VIRTUAL_KEYBOARD pri=0 contentView=null vibrate=null sound=null defaults=0x0 flags=0x2 color=0xff060149 category=sys vis=PRIVATE)) userId: 0
01-25 08:48:52.055   777   777 I wpa_supplicant: the nl80211 driver cmd is BTCOEXSCAN-STOP
01-25 08:48:52.056   777   777 E wpa_supplicant: wpa_driver_nl80211_driver_cmd: Issue private command: <BTCOEXSCAN-STOP>, addr: 0xffcdaae0
01-25 08:48:52.056   777   777 E wpa_supplicant: wpa_driver_nl80211_driver_cmd: Buffer len = <4096>
01-25 08:48:52.130 15904 15904 I #LGIME  : ### onStartInput
01-25 08:48:52.134 15904 15904 I #LGIME  : ### updateRCU_Status()
01-25 08:48:52.135 15904 15904 I #LGIME  : ### saved inputMehtod : 1
01-25 08:48:52.140 15904 15904 I #LGIME  : ### device.getName() : LGU 2ND UHD RCU RS ,device.getBondState() : 12
01-25 08:48:52.142 15904 15904 I #LGIME  : ImsInputHangul.setMethod = 1
01-25 08:48:52.155 15904 15904 I #LGIME  : ### set Chunjiin
01-25 08:48:52.156 15904 15904 I #LGIME  : ### device.getName() : LGU 2ND UHD RCU RS HEADSET ,device.getBondState() : 12
01-25 08:48:52.158 15904 15904 I #LGIME  : ImsInputHangul.setMethod = 1
01-25 08:48:52.163 15904 15904 I #LGIME  : ### set Chunjiin
01-25 08:48:52.163 15904 15904 I #LGIME  : ### mRCU_Paired : 1
01-25 08:48:52.163 15904 15904 I #LGIME  : Editor Info input type is : 0
01-25 08:48:52.163 15904 15904 I #LGIME  : Editor Info input type class is : 0
01-25 08:48:52.164 15904 15904 I #LGIME  : ImsInputHangul.setMethod = 1
01-25 08:48:54.818 15138 18408 I chatty  : uid=10027(u0_a27) Grizzly-worker( expire 2 lines
01-25 08:48:57.262   300   334 I chatty  : uid=0(root) /system/bin/ccicollector expire 12 lines
01-25 08:49:02.529  5165  5205 W bt_smp  : smp_br_connect_callback is called on unexpected transport 2
01-25 08:49:02.530  5165  5205 E BT-LGE-bluedroid: con_int_min 8, con_int_max 8, con_latency 149, con_timeout 1000
01-25 08:49:02.530  5165  5205 W bt_btif : bta_dm_acl_change info: 0x0
01-25 08:49:02.530  5165  5191 D bt_btif_dm: remote version info [8c:08:8b:00:89:cf]: 0, 0, 0
01-25 08:49:02.531  5165  5205 E bt_btif : bta_gattc_rebuild_cache: bta_gattc_rebuild_cache
01-25 08:49:02.537 15904 15904 I #LGIME  : ### Bluetooth connected : LGU 2ND UHD RCU RS
01-25 08:49:02.539 15904 15904 I #LGIME  : ### updateRCU_Status()
01-25 08:49:02.539 15904 15904 I #LGIME  : ### saved inputMehtod : 1
01-25 08:49:02.541 15904 15904 I #LGIME  : ### device.getName() : LGU 2ND UHD RCU RS ,device.getBondState() : 12
01-25 08:49:02.543 15904 15904 I #LGIME  : ImsInputHangul.setMethod = 1
01-25 08:49:02.544 15904 15904 I #LGIME  : ### set Chunjiin
01-25 08:49:02.546 15904 15904 I #LGIME  : ### device.getName() : LGU 2ND UHD RCU RS HEADSET ,device.getBondState() : 12
01-25 08:49:02.547 15904 15904 I #LGIME  : ImsInputHangul.setMethod = 1
01-25 08:49:02.548 15904 15904 I #LGIME  : ### set Chunjiin
01-25 08:49:02.548 15904 15904 I #LGIME  : ### mRCU_Paired : 1
01-25 08:49:05.942  5165  5205 E bt_btif : deregistration failed, handle is 0
01-25 08:49:05.942  5165  5205 W bt_btif : bta_hh_co_open: Found an existing device with the same handle dev_status = 2
01-25 08:49:05.942  5165  5205 W bt_btif : bta_hh_co_open:     bd_addr = [8C:08:8B:00:89:]
01-25 08:49:05.942  5165  5205 W bt_btif : bta_hh_co_open:     attr_mask = 0x0000, sub_class = 0x00, app_id = 255
01-25 08:49:05.943  5165  5191 W bt_btif : btif_hh_upstreams_evt: BTA_HH_OPN_EVT: handle=16, status =0
01-25 08:49:05.943  5165  5191 W bt_btif : BTA_HH_OPEN_EVT: Found device...Getting dscp info for handle ... 16
01-25 08:49:05.943  5165  5191 I bt_btif_dm: get_cod remote_cod = 0x0000050c
01-25 08:49:05.943  5165  5191 I bt_btif_dm: get_cod remote_cod = 0x0000050c
01-25 08:49:05.943  5165  5191 W bt_btif : btif_hh_upstreams_evt: name = LGU 2ND UHD RCU RS
01-25 08:49:05.944  5165  5165 D HidService: MESSAGE_CONNECT_STATE_CHANGED newState:2, prevState:0
01-25 08:49:05.944  5165  5165 D BluetoothAdapterService: getAdapterService() - returning com.android.bluetooth.btservice.AdapterService@30418f9
01-25 08:49:05.944  5165  5165 D BluetoothAdapterService: isQuetModeEnabled() - Enabled = false
01-25 08:49:05.946  5165  5191 E BT-LGE-bluedroid: [BT_QC] sendEvent: type(F) totalLen(61) cmd(BCO) dataLen(49) data(20180125084905|8c:08:8b:00:89:cf,2.51V,2.4,active)
01-25 08:49:05.947  5165  5191 W bt_btif : bta_hh_co_send_hid_info: fd = 127, name = [LGU 2ND UHD RCU RS], dscp_len = 160
01-25 08:49:05.947  5165  5191 W bt_btif : bta_hh_co_send_hid_info: vendor_id = 0x005d, product_id = 0x0068, version= 0x0213,ctry_code=0x28
01-25 08:49:05.947  5165  5191 W bt_btif : bta_hh_co_send_hid_info: wrote descriptor to fd = 127, dscp_len = 160, result = 0
01-25 08:49:05.947  5165  5191 W bt_btif :  Device 8C:08:8B:00:89:CF already added
01-25 08:49:05.947  5165  5191 W bt_btif : btif_hh_upstreams_evt: Device already added 
01-25 08:49:05.948  5165  5165 D HidService: Connection state 8C:08:8B:00:89:CF: 0->2
