01-25 14:19:23.407  1754  1773 I ActivityManager: Start proc com.lguplus.iptv3.base.orangecast.shop:remote for service com.lguplus.iptv3.base.orangecast.shop/.service.TriggerService: pid=1979 uid=10051 gids={50051, 3003, 1015, 1028}
01-25 14:19:23.437  1979  1979 E Trace   : error opening trace file: No such file or directory (2)
01-25 14:19:23.587   904  1026 D SETTINGS-LGE-IptvStorageManager: readUserPreference(LASTCHANNEL) called 
01-25 14:19:23.587   904  1026 D SETTINGS-LGE-IptvStorageManager: readUserPreference() : /LGU_data/UP/LASTCHANNEL.1 file does not exist
01-25 14:19:23.587   904  1026 D SETTINGS-LGE-IptvStorageManager: readUserPreference(LASTCHANNEL, 1) SUCCESS
01-25 14:19:23.587  1367  1961 I LIVE-LGE-JNI: readUP[LASTCHANNEL] 0th PrefValue : 677
01-25 14:19:23.667  1979  1983 D dalvikvm: GC_CONCURRENT freed 296K, 18% free 2514K/3040K, paused 2ms+4ms, total 33ms
01-25 14:19:25.017   926   926 D LIVE-LGE-XCHECKER: startCrossCheck:139, stream err: 0, pcr err: 0, max_check_count: 40
01-25 14:19:29.567  4068  4068 D U+Box HomeShare: HomeShareReceiver [Receive Intent] Action : com.lguplus.iptv3.homesharestb.SERVICE.RESTART
01-25 14:19:29.567  4068  4068 D U+Box HomeShare: HomeShareReceiver Receive : INTENT_HOMESHARE_SERVICE_RESTART ( Service Started : true )
01-25 14:19:29.687  2093  2115 D dalvikvm: GC_CONCURRENT freed 395K, 21% free 2612K/3284K, paused 2ms+2ms, total 19ms
01-25 14:19:30.017   926   926 D LIVE-LGE-XCHECKER: startCrossCheck:139, stream err: 0, pcr err: 0, max_check_count: 40
01-25 14:19:30.677  2155  2155 D ETC-PINEONE-LAUNCHER: [SystemButton] setNotificationCount()[103] >> notification count 4
01-25 14:19:31.847   361  3700 I AnypointAD - t.a.a.c.m.ServerMessageProcessorFactory: [101] received message from server: CueMessage
01-25 14:19:31.847   361  3700 I AnypointAD - t.a.a.c.m.s.p.c.CueMessageProcessor: [42] got cueMessage. type: 0, cueId: 0, time: Thu Jan 25 14:19:37 GMT+09:00 2018, ppId: 436, time: 1516857577722, duration: 120000, owner: 1
01-25 14:19:31.857   361  3700 I AnypointAD - t.a.a.c.s.CueManager: [174] currentDeviceChannel is not exist.
01-25 14:19:31.857   361  3700 I AnypointAD - t.a.a.c.s.CueManager: [68] receive cue but this device is not available.
01-25 14:19:32.647   904  1027 D SETTINGS-LGE-IptvStorageManager: readUserPreference(IPTV_ENABLED) called 
01-25 14:19:32.647   904  1027 D SETTINGS-LGE-IptvStorageManager: readUserPreference() : /LGU_data/UP/IPTV_ENABLED.1 file does not exist
01-25 14:19:32.647   904  1027 D SETTINGS-LGE-IptvStorageManager: readUserPreference(IPTV_ENABLED, 1) SUCCESS
01-25 14:19:32.647  3224  3224 I LIVE-LGE-JNI: readUP[IPTV_ENABLED] 0th PrefValue : true
01-25 14:19:34.207  2363  2367 D dalvikvm: GC_CONCURRENT freed 386K, 20% free 2505K/3120K, paused 1ms+1ms, total 15ms
01-25 14:19:35.017   926   926 D LIVE-LGE-XCHECKER: startCrossCheck:139, stream err: 0, pcr err: 0, max_check_count: 40
01-25 14:19:36.467  2093  2115 D dalvikvm: GC_CONCURRENT freed 397K, 21% free 2611K/3284K, paused 2ms+2ms, total 20ms
01-25 14:19:39.787   361   361 I AnypointAD - t.a.a.c.s.MonitorScheduler: [56] start monitoring..
01-25 14:19:39.787   361  3695 I AnypointAD - t.a.a.c.s.PushMsgClient: [179] connection: TCPNIOConnection{localSocketAddress={/192.168.219.104:43956}, peerSocketAddress={/52.79.82.81:31102}}, isConnected: true, lastReceivedTime: 1516857571857
01-25 14:19:39.787   361   361 I AnypointAD - t.a.a.c.s.MonitorScheduler: [84] register boot ad call alarm.
01-25 14:19:39.797   361  3695 I AnypointAD - t.a.a.c.s.PushMsgClient: [154] Sending device event: Heartbeat
01-25 14:19:39.797   361   361 I AnypointAD - t.a.a.c.s.MonitorScheduler: [89] monitoring finished..
01-25 14:19:39.797   361  3699 I AnypointAD - t.a.a.c.m.ServerMessageProcessorFactory: [101] received message from server: HeartbeatMessage
01-25 14:19:39.807  1754  1773 E NotificationService: Ignoring notification with icon==0: Notification(pri=0 contentView=null vibrate=null sound=null defaults=0x0 flags=0x62 kind=[null])
01-25 14:19:39.817   361   361 I AnypointAD - t.a.a.c.a.StartService: [15] StartService start...4496, class tv.anypoint.android.core.app.StartService
01-25 14:19:39.837   361   365 D dalvikvm: GC_CONCURRENT freed 384K, 17% free 3743K/4484K, paused 3ms+2ms, total 28ms
01-25 14:19:40.017   926   926 D LIVE-LGE-XCHECKER: startCrossCheck:139, stream err: 0, pcr err: 0, max_check_count: 40
01-25 14:19:45.017   926   926 D LIVE-LGE-XCHECKER: startCrossCheck:139, stream err: 0, pcr err: 0, max_check_count: 40
01-25 14:19:47.977  2093  2115 D dalvikvm: GC_CONCURRENT freed 408K, 21% free 2612K/3284K, paused 2ms+2ms, total 19ms
01-25 14:19:50.017   926   926 D LIVE-LGE-XCHECKER: startCrossCheck:139, stream err: 0, pcr err: 0, max_check_count: 40
01-25 14:19:51.567  2093  2115 D dalvikvm: GC_CONCURRENT freed 414K, 21% free 2620K/3284K, paused 3ms+2ms, total 22ms
01-25 14:19:53.497   904   920 D SETTINGS-LGE-IptvStorageManager: readUserPreference(LASTCHANNEL) called 
01-25 14:19:53.497   904   920 D SETTINGS-LGE-IptvStorageManager: readUserPreference() : /LGU_data/UP/LASTCHANNEL.1 file does not exist
01-25 14:19:53.507   904   920 D SETTINGS-LGE-IptvStorageManager: readUserPreference(LASTCHANNEL, 1) SUCCESS
01-25 14:19:53.507  1367  1961 I LIVE-LGE-JNI: readUP[LASTCHANNEL] 0th PrefValue : 677
01-25 14:19:55.027   926   926 D LIVE-LGE-XCHECKER: startCrossCheck:139, stream err: 0, pcr err: 0, max_check_count: 40
01-25 14:19:59.567  4068  4068 D U+Box HomeShare: HomeShareReceiver [Receive Intent] Action : com.lguplus.iptv3.homesharestb.SERVICE.RESTART
01-25 14:19:59.567  4068  4068 D U+Box HomeShare: HomeShareReceiver Receive : INTENT_HOMESHARE_SERVICE_RESTART ( Service Started : true )
01-25 14:20:00.027   926   926 D LIVE-LGE-XCHECKER: startCrossCheck:139, stream err: 0, pcr err: 0, max_check_count: 40
01-25 14:20:00.087  1890  1895 D dalvikvm: GC_CONCURRENT freed 977K, 74% free 5632K/21524K, paused 3ms+8ms, total 42ms
01-25 14:20:00.677  2155  2155 D ETC-PINEONE-LAUNCHER: [SystemButton] setNotificationCount()[103] >> notification count 4
01-25 14:20:00.937  2066  2071 D dalvikvm: GC_CONCURRENT freed 384K, 60% free 3637K/9072K, paused 2ms+2ms, total 19ms
01-25 14:20:02.657   904   904 D SETTINGS-LGE-IptvStorageManager: readUserPreference(IPTV_ENABLED) called 
01-25 14:20:02.657   904   904 D SETTINGS-LGE-IptvStorageManager: readUserPreference() : /LGU_data/UP/IPTV_ENABLED.1 file does not exist
01-25 14:20:02.657   904   904 D SETTINGS-LGE-IptvStorageManager: readUserPreference(IPTV_ENABLED, 1) SUCCESS
01-25 14:20:02.657  3224  3224 I LIVE-LGE-JNI: readUP[IPTV_ENABLED] 0th PrefValue : true
01-25 14:20:02.937  2093  2115 D dalvikvm: GC_CONCURRENT freed 404K, 21% free 2606K/3284K, paused 2ms+2ms, total 19ms
01-25 14:20:03.177  2363  2367 D dalvikvm: GC_CONCURRENT freed 386K, 20% free 2505K/3120K, paused 1ms+1ms, total 14ms
01-25 14:20:05.027   926   926 D LIVE-LGE-XCHECKER: startCrossCheck:139, stream err: 0, pcr err: 0, max_check_count: 40
01-25 14:20:10.027   926   926 D LIVE-LGE-XCHECKER: startCrossCheck:139, stream err: 0, pcr err: 0, max_check_count: 40
01-25 14:20:11.127  1754  1827 I TvWindowManager: AUTO_STANDBY : AutoStandbyCheckTask started - curTime = 271071097 / lastKeyInTime = 271011096
01-25 14:20:11.127  1754  1827 I TvWindowManager: AUTO_STANDBY : resetLastKeyInTimeInNotActivePowerModeState() - Last key in time = 271071097
01-25 14:20:11.227  1754  1757 D dalvikvm: GC_CONCURRENT freed 1640K, 58% free 9376K/21928K, paused 5ms+10ms, total 101ms
01-25 14:20:12.697  2093  2115 D dalvikvm: GC_CONCURRENT freed 403K, 21% free 2608K/3284K, paused 1ms+2ms, total 19ms
01-25 14:20:15.027   926   926 D LIVE-LGE-XCHECKER: startCrossCheck:139, stream err: 0, pcr err: 0, max_check_count: 40
01-25 14:20:15.887  2155  2155 I VOD-PINEONE-LAUNCHER: [CategoryAlarmReceiver] onReceive()[19] >> [onReceive] Category Alarm Receive!!
01-25 14:20:15.887  2155  2289 I VOD-PINEONE-LAUNCHER: [CategoryMenuManager] getMenuDataVersion()[103] >> [getMenuDataVersion] file path: /LGU_data/ma/version.cfg
01-25 14:20:15.887  2155  2289 I VOD-PINEONE-LAUNCHER: [CategoryMenuManager$1] run()[66] >> [getMenuDataVersion] currentVersion: VERSION=0xde
01-25 14:20:15.887  2155  2289 I VOD-PINEONE-LAUNCHER: , fileVersion: VERSION=0xde
01-25 14:20:15.887  2155  2289 I VOD-PINEONE-LAUNCHER: 
01-25 14:20:19.117  2093  2115 D dalvikvm: GC_CONCURRENT freed 402K, 21% free 2623K/3284K, paused 2ms+2ms, total 19ms
01-25 14:20:20.027   926   926 D LIVE-LGE-XCHECKER: startCrossCheck:139, stream err: 0, pcr err: 0, max_check_count: 40
01-25 14:20:23.497   904  1026 D SETTINGS-LGE-IptvStorageManager: readUserPreference(LASTCHANNEL) called 
01-25 14:20:23.497   904  1026 D SETTINGS-LGE-IptvStorageManager: readUserPreference() : /LGU_data/UP/LASTCHANNEL.1 file does not exist
01-25 14:20:23.497   904  1026 D SETTINGS-LGE-IptvStorageManager: readUserPreference(LASTCHANNEL, 1) SUCCESS
01-25 14:20:23.497  1367  1962 I LIVE-LGE-JNI: readUP[LASTCHANNEL] 0th PrefValue : 677
01-25 14:20:25.027   926   926 D LIVE-LGE-XCHECKER: startCrossCheck:139, stream err: 0, pcr err: 0, max_check_count: 40
01-25 14:20:27.127  2093  2115 D dalvikvm: GC_CONCURRENT freed 422K, 21% free 2612K/3284K, paused 2ms+2ms, total 20ms
01-25 14:20:29.567  4068  4068 D U+Box HomeShare: HomeShareReceiver [Receive Intent] Action : com.lguplus.iptv3.homesharestb.SERVICE.RESTART
01-25 14:20:29.567  4068  4068 D U+Box HomeShare: HomeShareReceiver Receive : INTENT_HOMESHARE_SERVICE_RESTART ( Service Started : true )
01-25 14:20:30.027   926   926 D LIVE-LGE-XCHECKER: startCrossCheck:139, stream err: 0, pcr err: 0, max_check_count: 40
01-25 14:20:30.697  2155  2155 D ETC-PINEONE-LAUNCHER: [SystemButton] setNotificationCount()[103] >> notification count 4
01-25 14:20:32.017  2363  2367 D dalvikvm: GC_CONCURRENT freed 387K, 20% free 2505K/3120K, paused 2ms+1ms, total 15ms
01-25 14:20:32.667   904  1027 D SETTINGS-LGE-IptvStorageManager: readUserPreference(IPTV_ENABLED) called 
01-25 14:20:32.667   904  1027 D SETTINGS-LGE-IptvStorageManager: readUserPreference() : /LGU_data/UP/IPTV_ENABLED.1 file does not exist
01-25 14:20:32.667   904  1027 D SETTINGS-LGE-IptvStorageManager: readUserPreference(IPTV_ENABLED, 1) SUCCESS
01-25 14:20:32.667  3224  3224 I LIVE-LGE-JNI: readUP[IPTV_ENABLED] 0th PrefValue : true
01-25 14:20:34.227  2093  2115 D dalvikvm: GC_CONCURRENT freed 400K, 21% free 2608K/3284K, paused 2ms+2ms, total 19ms
01-25 14:20:35.027   926   926 D LIVE-LGE-XCHECKER: startCrossCheck:139, stream err: 0, pcr err: 0, max_check_count: 40
01-25 14:20:39.867   361   361 I AnypointAD - t.a.a.c.s.MonitorScheduler: [56] start monitoring..
01-25 14:20:39.867   361  3650 I AnypointAD - t.a.a.c.s.PushMsgClient: [179] connection: TCPNIOConnection{localSocketAddress={/192.168.219.104:43956}, peerSocketAddress={/52.79.82.81:31102}}, isConnected: true, lastReceivedTime: 1516857579806
01-25 14:20:39.877   361   361 I AnypointAD - t.a.a.c.s.MonitorScheduler: [84] register boot ad call alarm.
01-25 14:20:39.877   361  3650 I AnypointAD - t.a.a.c.s.PushMsgClient: [154] Sending device event: Heartbeat
01-25 14:20:39.877   361  3697 I AnypointAD - t.a.a.c.m.ServerMessageProcessorFactory: [101] received message from server: HeartbeatMessage
01-25 14:20:39.887   361   361 I AnypointAD - t.a.a.c.s.MonitorScheduler: [89] monitoring finished..
01-25 14:20:39.887  1754  1773 E NotificationService: Ignoring notification with icon==0: Notification(pri=0 contentView=null vibrate=null sound=null defaults=0x0 flags=0x62 kind=[null])
01-25 14:20:39.897   361   361 I AnypointAD - t.a.a.c.a.StartService: [15] StartService start...4497, class tv.anypoint.android.core.app.StartService
01-25 14:20:40.037   926   926 D LIVE-LGE-XCHECKER: startCrossCheck:139, stream err: 0, pcr err: 0, max_check_count: 40
01-25 14:20:42.937  2093  2115 D dalvikvm: GC_CONCURRENT freed 405K, 21% free 2608K/3284K, paused 2ms+2ms, total 20ms
01-25 14:20:44.277   781   785 D dalvikvm: GC_CONCURRENT freed 387K, 19% free 2696K/3316K, paused 2ms+2ms, total 19ms
01-25 14:20:45.037   926   926 D LIVE-LGE-XCHECKER: startCrossCheck:139, stream err: 0, pcr err: 0, max_check_count: 40
01-25 14:20:50.037   926   926 D LIVE-LGE-XCHECKER: startCrossCheck:139, stream err: 0, pcr err: 0, max_check_count: 40
01-25 14:20:50.967  2298  1159 D NoticeAgent: [Noti3_0.1.2]f|stopViewTimer
01-25 14:20:50.967  2298  1159 D NoticeAgent: [Noti3_0.1.2]f|isRemove : true
01-25 14:20:50.967  2298  1159 D NoticeAgent: [Noti3_0.1.2]d|called notifyNotice()
01-25 14:20:50.967  2298  1159 D NoticeAgent: [Noti3_0.1.2]d|called showNotice()
01-25 14:20:50.967  2298  1159 D NoticeAgent: [Noti3_0.1.2]d|showNotice()-vReadyBuffer.size : 1
01-25 14:20:50.967  2298  1159 D NoticeAgent: [Noti3_0.1.2]d|showNotice() - noticeType :1
01-25 14:20:50.967   904   920 D SETTINGS-LGE-IptvStorageManager: readUserPreference(NTPOP) called 
01-25 14:20:50.967   904   920 D SETTINGS-LGE-IptvStorageManager: readUserPreference() : /LGU_data/UP/NTPOP.0 file does not exist
01-25 14:20:50.967   904   920 W SETTINGS-LGE-IptvStorageManager: readUserPreference(NTPOP) FAIL
01-25 14:20:50.967  2298  1159 D NoticeAgent: [Noti3_0.1.2]k|isNotiOn()-notiFlag : null
01-25 14:20:50.967  2298  1159 D NoticeAgent: [Noti3_0.1.2]Class|called isAVStatus
01-25 14:20:50.967  2298  1159 D NoticeAgent: [Noti3_0.1.2]Class|called getViewStatus()-listener : com.lguplus.iptv3.base.agent.notice.aidl.NoticeListener$Stub$Proxy@2bae3df8
01-25 14:20:50.967  2345  2362 D ETC-PINEONE-NOTIFICATION: [NotificationService$7] getViewStatus()[1191] >> getViewStatus!!
01-25 14:20:50.967  2298  1160 D NoticeAgent: [Noti3_0.1.2]f|stopViewTimer
01-25 14:20:50.967  2298  1160 D NoticeAgent: [Noti3_0.1.2]f|isRemove : true
01-25 14:20:50.967  2298  1160 D NoticeAgent: [Noti3_0.1.2]d|called notifyNotice()
01-25 14:20:50.967  2345  2362 D ETC-PINEONE-NOTIFICATION: [NotificationService] isRunningNoticeActivity()[571] >> activity: com.lguplus.iptv3.base.launcher.HomeActivity
01-25 14:20:50.967  2345  2362 D ETC-PINEONE-NOTIFICATION: [NotificationService] isRunningNoticeActivity()[572] >> package: com.lguplus.iptv3.base.launcher
01-25 14:20:50.977  2298  1161 D NoticeAgent: [Noti3_0.1.2]f|stopViewTimer
01-25 14:20:50.977  2298  1159 D NoticeAgent: [Noti3_0.1.2]Class|getViewStatus()-viewStatus : 9
01-25 14:20:50.977  2298  1161 D NoticeAgent: [Noti3_0.1.2]f|isRemove : true
01-25 14:20:50.977  2298  1161 D NoticeAgent: [Noti3_0.1.2]d|called notifyNotice()
01-25 14:20:50.977  2298  1159 D NoticeAgent: [Noti3_0.1.2]d|called sleepNoti()
01-25 14:20:50.977  2298  1159 D NoticeAgent: [Noti3_0.1.2]f|called TimerProcessor - sec : 300
01-25 14:20:50.977  2298  1159 D NoticeAgent: [Noti3_0.1.2]f|TimerProcessor - delayTime : 300000
01-25 14:20:50.977  2298  1159 D NoticeAgent: [Noti3_0.1.2]f|startViewTimer - delayTime : 300000
01-25 14:20:50.977  2298  1159 D NoticeAgent: [Noti3_0.1.2]f|startViewTimer completed.
01-25 14:20:50.977  2298  2452 D NoticeAgent: [Noti3_0.1.2]f|called run()
01-25 14:20:50.977  2298  1159 D NoticeAgent: [Noti3_0.1.2]d|called showNotice()
01-25 14:20:50.977  2298  1159 D NoticeAgent: [Noti3_0.1.2]d|showNotice()-vReadyBuffer.size : 2
01-25 14:20:50.977  2298  1159 D NoticeAgent: [Noti3_0.1.2]d|showNotice() - noticeType :1
01-25 14:20:50.977   904   904 D SETTINGS-LGE-IptvStorageManager: readUserPreference(LASTCHANNEL) called 
01-25 14:20:50.977   904   904 D SETTINGS-LGE-IptvStorageManager: readUserPreference() : /LGU_data/UP/LASTCHANNEL.1 file does not exist
01-25 14:20:50.977   904   904 D SETTINGS-LGE-IptvStorageManager: readUserPreference(LASTCHANNEL, 1) SUCCESS
01-25 14:20:50.977  2298  1159 I LIVE-LGE-JNI: readUP[LASTCHANNEL] 0th PrefValue : 677
01-25 14:20:50.977  2298  1159 D NoticeAgent: [Noti3_0.1.2]k|lastChannelId()-lastChId : 677
01-25 14:20:50.977  2298  1159 D NoticeAgent: [Noti3_0.1.2]d|called sleepNoti()
01-25 14:20:50.977  2298  1159 D NoticeAgent: [Noti3_0.1.2]f|called TimerProcessor - sec : 300
01-25 14:20:50.977  2298  1159 D NoticeAgent: [Noti3_0.1.2]f|TimerProcessor - delayTime : 300000
01-25 14:20:50.977  2298  1159 D NoticeAgent: [Noti3_0.1.2]f|startViewTimer - delayTime : 300000
01-25 14:20:50.977  2298  1159 D NoticeAgent: [Noti3_0.1.2]f|startViewTimer completed.
01-25 14:20:50.977  2298  2453 D NoticeAgent: [Noti3_0.1.2]f|called run()
01-25 14:20:50.977  2298  1159 D NoticeAgent: [Noti3_0.1.2]d|called showNotice()
01-25 14:20:50.977  2298  1159 D NoticeAgent: [Noti3_0.1.2]d|showNotice()-vReadyBuffer.size : 1
01-25 14:20:50.977  2298  1159 D NoticeAgent: [Noti3_0.1.2]d|showNotice() - noticeType :1
01-25 14:20:50.977   904  1026 D SETTINGS-LGE-IptvStorageManager: readUserPreference(LASTCHANNEL) called 
01-25 14:20:50.977   904  1026 D SETTINGS-LGE-IptvStorageManager: readUserPreference() : /LGU_data/UP/LASTCHANNEL.1 file does not exist
01-25 14:20:50.977   904  1026 D SETTINGS-LGE-IptvStorageManager: readUserPreference(LASTCHANNEL, 1) SUCCESS
01-25 14:20:50.977  2298  1159 I LIVE-LGE-JNI: readUP[LASTCHANNEL] 0th PrefValue : 677
01-25 14:20:50.977  2298  1159 D NoticeAgent: [Noti3_0.1.2]k|lastChannelId()-lastChId : 677
01-25 14:20:50.977  2298  1159 D NoticeAgent: [Noti3_0.1.2]d|called sleepNoti()
01-25 14:20:50.977  2298  1159 D NoticeAgent: [Noti3_0.1.2]f|called TimerProcessor - sec : 300
01-25 14:20:50.977  2298  1159 D NoticeAgent: [Noti3_0.1.2]f|TimerProcessor - delayTime : 300000
01-25 14:20:50.977  2298  1159 D NoticeAgent: [Noti3_0.1.2]f|startViewTimer - delayTime : 300000
01-25 14:20:50.977  2298  1159 D NoticeAgent: [Noti3_0.1.2]f|startViewTimer completed.
01-25 14:20:50.977  2298  2454 D NoticeAgent: [Noti3_0.1.2]f|called run()
01-25 14:20:50.977  2298  1159 D NoticeAgent: [Noti3_0.1.2]d|called showNotice()
01-25 14:20:50.977  2298  1159 D NoticeAgent: [Noti3_0.1.2]d|showNotice()-vReadyBuffer.size : 0
01-25 14:20:50.977  2298  1159 D NoticeAgent: [Noti3_0.1.2]d|showNotice() - vReadyBuffer is empty. so return.
01-25 14:20:51.647  2093  2115 D dalvikvm: GC_CONCURRENT freed 408K, 21% free 2610K/3284K, paused 1ms+2ms, total 20ms
01-25 14:20:53.497   904  1027 D SETTINGS-LGE-IptvStorageManager: readUserPreference(LASTCHANNEL) called 
01-25 14:20:53.497   904  1027 D SETTINGS-LGE-IptvStorageManager: readUserPreference() : /LGU_data/UP/LASTCHANNEL.1 file does not exist
01-25 14:20:53.497   904  1027 D SETTINGS-LGE-IptvStorageManager: readUserPreference(LASTCHANNEL, 1) SUCCESS
01-25 14:20:53.507  1367  1391 I LIVE-LGE-JNI: readUP[LASTCHANNEL] 0th PrefValue : 677
01-25 14:20:55.037   926   926 D LIVE-LGE-XCHECKER: startCrossCheck:139, stream err: 0, pcr err: 0, max_check_count: 40
01-25 14:20:55.777  4068  4068 D U+Box HomeShare: DlnaServiceManager [DEVLIST:PERF:DLNA] DlnaServiceManager.onDeviceDescriptionAdded :  COneCPDeviceDescr [LOCAL:DMR, ID=uuid:b9258d4a-bf14-f0fb-b471-fb25a2db231f, Name=U+TV, Icon=http://192.168.219.104:38400/icon/icon120x120.png, Manuf.=LG U+(http://www.lguplus.co.kr), ModelDesc.=U+ Shoot&Play, Model=U+ Shoot&Play(1.0, http://www.lguplus.co.kr), Pt. URL=, Addr.=192.168.219.104, Port=1900, SN=, UPC=, UPnP Type=urn:schemas-upnp-org:device:MediaRenderer:1, URLBase=, Import=0, Export=0, ContinuousPlay=0, Nickname=null, AudioSyncExcess=0, VideoSyncExcess=0, ImageSyncExcess=0, DocumentSyncExcess=0]
01-25 14:20:55.777  4068  4068 D U+Box HomeShare: DeviceListManager onDeviceAdd : U+TV U+ Shoot&Play
01-25 14:20:55.777  4068  4068 D U+Box HomeShare: DeviceListManager [DEVLIST:PERF] ===> LGW=null, HGW=, DEV GW=null, DeviceDES= COneCPDeviceDescr [LOCAL:DMR, ID=uuid:b9258d4a-bf14-f0fb-b471-fb25a2db231f, Name=U+TV, Icon=http://192.168.219.104:38400/icon/icon120x120.png, Manuf.=LG U+(http://www.lguplus.co.kr), ModelDesc.=U+ Shoot&Play, Model=U+ Shoot&Play(1.0, http://www.lguplus.co.kr), Pt. URL=, Addr.=192.168.219.104, Port=1900, SN=, UPC=, UPnP Type=urn:schemas-upnp-org:device:MediaRenderer:1, URLBase=, Import=0, Export=0, ContinuousPlay=0, Nickname=null, AudioSyncExcess=0, VideoSyncExcess=0, ImageSyncExcess=0, DocumentSyncExcess=0]
01-25 14:20:55.827  4068  4072 D dalvikvm: GC_CONCURRENT freed 485K, 16% free 3870K/4592K, paused 1ms+2ms, total 28ms
01-25 14:20:55.827  4068  4068 D dalvikvm: WAIT_FOR_CONCURRENT_GC blocked 19ms
01-25 14:20:55.827  4068  4068 D U+Box HomeShare: ConnectionManager AIPAddress fe80::21c:62ff:fe86:ca57%eth0
01-25 14:20:55.827  4068  4068 D U+Box HomeShare: ConnectionManager AIPAddress 192.168.219.104
01-25 14:20:55.827  4068  4068 D U+Box HomeShare: DeviceListManager [DEVLIST:PERF] DevListMgr.onDeviceAdd: GWID: null, DeviceDescr:  COneCPDeviceDescr [DLNA:DMR, ID=uuid:b9258d4a-bf14-f0fb-b471-fb25a2db231f, Name=U+TV, Icon=http://192.168.219.104:38400/icon/icon120x120.png, Manuf.=LG U+(http://www.lguplus.co.kr), ModelDesc.=U+ Shoot&Play, Model=U+ Shoot&Play(1.0, http://www.lguplus.co.kr), Pt. URL=, Addr.=192.168.219.104, Port=1900, SN=, UPC=, UPnP Type=urn:schemas-upnp-org:device:MediaRenderer:1, URLBase=, Import=0, Export=0, ContinuousPlay=0, Nickname=null, AudioSyncExcess=0, VideoSyncExcess=0, ImageSyncExcess=0, DocumentSyncExcess=0]
01-25 14:20:55.827  4068  4068 D U+Box HomeShare: DeviceListManager [isExistDevice] Ret : false Index : -1
01-25 14:20:55.827  4068  4068 D U+Box HomeShare: null Test RandCtn : STBG00:1C:62:86:CA:57
01-25 14:20:55.867  4068  4068 D dalvikvm: GC_FOR_ALLOC freed 146K, 17% free 3850K/4592K, paused 35ms, total 35ms
01-25 14:20:55.867  4068  4068 D U+Box HomeShare: null Test RandCtn : STBG00:1C:62:86:CA:57
01-25 14:20:56.277  4068  4068 D U+Box HomeShare: DlnaServiceManager [DEVLIST:PERF:DLNA] DlnaServiceManager.onDeviceDescriptionAdded :  COneCPDeviceDescr [LOCAL:DMR, ID=uuid:b9258d4a-bf14-f0fb-b471-fb25a2db231f, Name=U+TV, Icon=http://192.168.219.104:38400/icon/icon120x120.png, Manuf.=LG U+(http://www.lguplus.co.kr), ModelDesc.=U+ Shoot&Play, Model=U+ Shoot&Play(1.0, http://www.lguplus.co.kr), Pt. URL=, Addr.=192.168.219.104, Port=1900, SN=, UPC=, UPnP Type=urn:schemas-upnp-org:device:MediaRenderer:1, URLBase=, Import=0, Export=0, ContinuousPlay=0, Nickname=null, AudioSyncExcess=0, VideoSyncExcess=0, ImageSyncExcess=0, DocumentSyncExcess=0]
01-25 14:20:56.277  4068  4068 D U+Box HomeShare: DeviceListManager onDeviceAdd : U+TV U+ Shoot&Play
01-25 14:20:56.277  4068  4068 D U+Box HomeShare: DeviceListManager [DEVLIST:PERF] ===> LGW=null, HGW=, DEV GW=null, DeviceDES= COneCPDeviceDescr [LOCAL:DMR, ID=uuid:b9258d4a-bf14-f0fb-b471-fb25a2db231f, Name=U+TV, Icon=http://192.168.219.104:38400/icon/icon120x120.png, Manuf.=LG U+(http://www.lguplus.co.kr), ModelDesc.=U+ Shoot&Play, Model=U+ Shoot&Play(1.0, http://www.lguplus.co.kr), Pt. URL=, Addr.=192.168.219.104, Port=1900, SN=, UPC=, UPnP Type=urn:schemas-upnp-org:device:MediaRenderer:1, URLBase=, Import=0, Export=0, ContinuousPlay=0, Nickname=null, AudioSyncExcess=0, VideoSyncExcess=0, ImageSyncExcess=0, DocumentSyncExcess=0]
01-25 14:20:56.327  4068  4072 D dalvikvm: GC_CONCURRENT freed 478K, 16% free 3866K/4592K, paused 1ms+2ms, total 27ms
01-25 14:20:56.327  4068  4068 D dalvikvm: WAIT_FOR_CONCURRENT_GC blocked 20ms
01-25 14:20:56.327  4068  4068 D U+Box HomeShare: ConnectionManager AIPAddress fe80::21c:62ff:fe86:ca57%eth0
01-25 14:20:56.327  4068  4068 D U+Box HomeShare: ConnectionManager AIPAddress 192.168.219.104
01-25 14:20:56.327  4068  4068 D U+Box HomeShare: DeviceListManager [DEVLIST:PERF] DevListMgr.onDeviceAdd: GWID: null, DeviceDescr:  COneCPDeviceDescr [DLNA:DMR, ID=uuid:b9258d4a-bf14-f0fb-b471-fb25a2db231f, Name=U+TV, Icon=http://192.168.219.104:38400/icon/icon120x120.png, Manuf.=LG U+(http://www.lguplus.co.kr), ModelDesc.=U+ Shoot&Play, Model=U+ Shoot&Play(1.0, http://www.lguplus.co.kr), Pt. URL=, Addr.=192.168.219.104, Port=1900, SN=, UPC=, UPnP Type=urn:schemas-upnp-org:device:MediaRenderer:1, URLBase=, Import=0, Export=0, ContinuousPlay=0, Nickname=null, AudioSyncExcess=0, VideoSyncExcess=0, ImageSyncExcess=0, DocumentSyncExcess=0]
01-25 14:20:56.327  4068  4068 D U+Box HomeShare: DeviceListManager [isExistDevice] Ret : false Index : -1
01-25 14:20:56.327  4068  4068 D U+Box HomeShare: null Test RandCtn : STBG00:1C:62:86:CA:57
01-25 14:20:56.327  4068  4068 D U+Box HomeShare: null Test RandCtn : STBG00:1C:62:86:CA:57
01-25 14:20:59.567  4068  4068 D U+Box HomeShare: HomeShareReceiver [Receive Intent] Action : com.lguplus.iptv3.homesharestb.SERVICE.RESTART
01-25 14:20:59.567  4068  4068 D U+Box HomeShare: HomeShareReceiver Receive : INTENT_HOMESHARE_SERVICE_RESTART ( Service Started : true )
01-25 14:21:00.037   926   926 D LIVE-LGE-XCHECKER: startCrossCheck:139, stream err: 0, pcr err: 0, max_check_count: 40
01-25 14:21:00.697  2155  2155 D ETC-PINEONE-LAUNCHER: [SystemButton] setNotificationCount()[103] >> notification count 4
01-25 14:21:00.987  2363  2367 D dalvikvm: GC_CONCURRENT freed 386K, 20% free 2505K/3120K, paused 2ms+2ms, total 15ms
01-25 14:21:02.677   904   920 D SETTINGS-LGE-IptvStorageManager: readUserPreference(IPTV_ENABLED) called 
01-25 14:21:02.677   904   920 D SETTINGS-LGE-IptvStorageManager: readUserPreference() : /LGU_data/UP/IPTV_ENABLED.1 file does not exist
01-25 14:21:02.677   904   920 D SETTINGS-LGE-IptvStorageManager: readUserPreference(IPTV_ENABLED, 1) SUCCESS
01-25 14:21:02.677  3224  3224 I LIVE-LGE-JNI: readUP[IPTV_ENABLED] 0th PrefValue : true
01-25 14:21:03.017  2093  2115 D dalvikvm: GC_CONCURRENT freed 393K, 21% free 2605K/3284K, paused 2ms+1ms, total 19ms
01-25 14:21:05.037   926   926 D LIVE-LGE-XCHECKER: startCrossCheck:139, stream err: 0, pcr err: 0, max_check_count: 40
01-25 14:21:05.777   361  3698 I AnypointAD - t.a.a.c.m.ServerMessageProcessorFactory: [101] received message from server: CueMessage
01-25 14:21:05.777   361  3698 I AnypointAD - t.a.a.c.m.s.p.c.CueMessageProcessor: [42] got cueMessage. type: 0, cueId: 0, time: Thu Jan 25 14:21:12 GMT+09:00 2018, ppId: 310, time: 1516857672048, duration: 120000, owner: 1
01-25 14:21:05.787   361  3698 I AnypointAD - t.a.a.c.s.CueManager: [174] currentDeviceChannel is not exist.
01-25 14:21:05.787   361  3698 I AnypointAD - t.a.a.c.s.CueManager: [68] receive cue but this device is not available.
01-25 14:21:05.807   361   365 D dalvikvm: GC_CONCURRENT freed 410K, 17% free 3722K/4484K, paused 2ms+2ms, total 27ms
01-25 14:21:10.037   926   926 D LIVE-LGE-XCHECKER: startCrossCheck:139, stream err: 0, pcr err: 0, max_check_count: 40
01-25 14:21:11.127  1754  1827 I TvWindowManager: AUTO_STANDBY : AutoStandbyCheckTask started - curTime = 271131096 / lastKeyInTime = 271071097
01-25 14:21:11.127  1754  1827 I TvWindowManager: AUTO_STANDBY : resetLastKeyInTimeInNotActivePowerModeState() - Last key in time = 271131096
01-25 14:21:12.867  2093  2115 D dalvikvm: GC_CONCURRENT freed 402K, 21% free 2610K/3284K, paused 2ms+2ms, total 19ms
01-25 14:21:15.037   926   926 D LIVE-LGE-XCHECKER: startCrossCheck:139, stream err: 0, pcr err: 0, max_check_count: 40
01-25 14:21:15.887  2155  2155 I VOD-PINEONE-LAUNCHER: [CategoryAlarmReceiver] onReceive()[19] >> [onReceive] Category Alarm Receive!!
01-25 14:21:15.897  2155  2568 I VOD-PINEONE-LAUNCHER: [CategoryMenuManager] getMenuDataVersion()[103] >> [getMenuDataVersion] file path: /LGU_data/ma/version.cfg
01-25 14:21:15.897  2155  2568 I VOD-PINEONE-LAUNCHER: [CategoryMenuManager$1] run()[66] >> [getMenuDataVersion] currentVersion: VERSION=0xde
01-25 14:21:15.897  2155  2568 I VOD-PINEONE-LAUNCHER: , fileVersion: VERSION=0xde
01-25 14:21:15.897  2155  2568 I VOD-PINEONE-LAUNCHER: 
01-25 14:21:19.197  2093  2115 D dalvikvm: GC_CONCURRENT freed 402K, 21% free 2615K/3284K, paused 3ms+2ms, total 24ms
01-25 14:21:20.047   926   926 D LIVE-LGE-XCHECKER: startCrossCheck:139, stream err: 0, pcr err: 0, max_check_count: 40
01-25 14:21:23.507   904   904 D SETTINGS-LGE-IptvStorageManager: readUserPreference(LASTCHANNEL) called 
01-25 14:21:23.507   904   904 D SETTINGS-LGE-IptvStorageManager: readUserPreference() : /LGU_data/UP/LASTCHANNEL.1 file does not exist
01-25 14:21:23.507   904   904 D SETTINGS-LGE-IptvStorageManager: readUserPreference(LASTCHANNEL, 1) SUCCESS
01-25 14:21:23.507  1367  1392 I LIVE-LGE-JNI: readUP[LASTCHANNEL] 0th PrefValue : 677
01-25 14:21:25.047   926   926 D LIVE-LGE-XCHECKER: startCrossCheck:139, stream err: 0, pcr err: 0, max_check_count: 40
01-25 14:21:27.847  2093  2115 D dalvikvm: GC_CONCURRENT freed 399K, 21% free 2603K/3284K, paused 3ms+2ms, total 20ms
01-25 14:21:29.567  4068  4068 D U+Box HomeShare: HomeShareReceiver [Receive Intent] Action : com.lguplus.iptv3.homesharestb.SERVICE.RESTART
01-25 14:21:29.567  4068  4068 D U+Box HomeShare: HomeShareReceiver Receive : INTENT_HOMESHARE_SERVICE_RESTART ( Service Started : true )
01-25 14:21:29.827  2363  2367 D dalvikvm: GC_CONCURRENT freed 387K, 20% free 2505K/3120K, paused 1ms+2ms, total 15ms
01-25 14:21:30.047   926   926 D LIVE-LGE-XCHECKER: startCrossCheck:139, stream err: 0, pcr err: 0, max_check_count: 40
01-25 14:21:30.667  2298  2303 D dalvikvm: GC_CONCURRENT freed 384K, 23% free 2435K/3148K, paused 2ms+2ms, total 15ms
01-25 14:21:30.717  2155  2155 D ETC-PINEONE-LAUNCHER: [SystemButton] setNotificationCount()[103] >> notification count 4
01-25 14:21:32.687   904  1026 D SETTINGS-LGE-IptvStorageManager: readUserPreference(IPTV_ENABLED) called 
01-25 14:21:32.687   904  1026 D SETTINGS-LGE-IptvStorageManager: readUserPreference() : /LGU_data/UP/IPTV_ENABLED.1 file does not exist
01-25 14:21:32.687   904  1026 D SETTINGS-LGE-IptvStorageManager: readUserPreference(IPTV_ENABLED, 1) SUCCESS
01-25 14:21:32.687  3224  3224 I LIVE-LGE-JNI: readUP[IPTV_ENABLED] 0th PrefValue : true
01-25 14:21:34.397  2093  2115 D dalvikvm: GC_CONCURRENT freed 394K, 21% free 2604K/3284K, paused 2ms+2ms, total 19ms
01-25 14:21:35.047   926   926 D LIVE-LGE-XCHECKER: startCrossCheck:139, stream err: 0, pcr err: 0, max_check_count: 40
01-25 14:21:36.257   361  3700 I AnypointAD - t.a.a.c.m.ServerMessageProcessorFactory: [101] received message from server: CueMessage
01-25 14:21:36.257   361  3700 I AnypointAD - t.a.a.c.m.s.p.c.CueMessageProcessor: [42] got cueMessage. type: 0, cueId: 0, time: Thu Jan 25 14:21:41 GMT+09:00 2018, ppId: 748, time: 1516857701505, duration: 120000, owner: 1
01-25 14:21:36.267   361  3700 I AnypointAD - t.a.a.c.s.CueManager: [174] currentDeviceChannel is not exist.
01-25 14:21:36.267   361  3700 I AnypointAD - t.a.a.c.s.CueManager: [68] receive cue but this device is not available.
01-25 14:21:39.507   361  3699 I AnypointAD - t.a.a.c.m.ServerMessageProcessorFactory: [101] received message from server: CueMessage
01-25 14:21:39.507   361  3699 I AnypointAD - t.a.a.c.m.s.p.c.CueMessageProcessor: [42] got cueMessage. type: 0, cueId: 0, time: Thu Jan 25 14:21:41 GMT+09:00 2018, ppId: 749, time: 1516857701506, duration: 120000, owner: 1
01-25 14:21:39.517   361  3699 I AnypointAD - t.a.a.c.s.CueManager: [174] currentDeviceChannel is not exist.
01-25 14:21:39.517   361  3699 I AnypointAD - t.a.a.c.s.CueManager: [68] receive cue but this device is not available.
01-25 14:21:39.517   361  3699 I AnypointAD - t.a.a.c.m.ServerMessageProcessorFactory: [101] received message from server: CueMessage
01-25 14:21:39.517   361  3699 I AnypointAD - t.a.a.c.m.s.p.c.CueMessageProcessor: [42] got cueMessage. type: 0, cueId: 0, time: Thu Jan 25 14:21:41 GMT+09:00 2018, ppId: 750, time: 1516857701506, duration: 120000, owner: 1
01-25 14:21:39.527   361  3699 I AnypointAD - t.a.a.c.s.CueManager: [174] currentDeviceChannel is not exist.
01-25 14:21:39.527   361  3699 I AnypointAD - t.a.a.c.s.CueManager: [68] receive cue but this device is not available.
01-25 14:21:39.947   361   361 I AnypointAD - t.a.a.c.s.MonitorScheduler: [56] start monitoring..
01-25 14:21:39.947   361  3878 I AnypointAD - t.a.a.c.s.PushMsgClient: [179] connection: TCPNIOConnection{localSocketAddress={/192.168.219.104:43956}, peerSocketAddress={/52.79.82.81:31102}}, isConnected: true, lastReceivedTime: 1516857699528
01-25 14:21:39.957   361   361 I AnypointAD - t.a.a.c.s.MonitorScheduler: [84] register boot ad call alarm.
01-25 14:21:39.967   361   361 I AnypointAD - t.a.a.c.s.MonitorScheduler: [89] monitoring finished..
01-25 14:21:39.967   361  3878 I AnypointAD - t.a.a.c.s.PushMsgClient: [154] Sending device event: Heartbeat
01-25 14:21:39.977  1754  1773 E NotificationService: Ignoring notification with icon==0: Notification(pri=0 contentView=null vibrate=null sound=null defaults=0x0 flags=0x62 kind=[null])
01-25 14:21:39.987   361   365 D dalvikvm: GC_CONCURRENT freed 487K, 17% free 3747K/4484K, paused 2ms+3ms, total 33ms
01-25 14:21:39.987   361   361 D dalvikvm: WAIT_FOR_CONCURRENT_GC blocked 14ms
01-25 14:21:39.987   361   337 D dalvikvm: WAIT_FOR_CONCURRENT_GC blocked 15ms
01-25 14:21:39.987   361   361 I AnypointAD - t.a.a.c.a.StartService: [15] StartService start...4498, class tv.anypoint.android.core.app.StartService
01-25 14:21:40.047   926   926 D LIVE-LGE-XCHECKER: startCrossCheck:139, stream err: 0, pcr err: 0, max_check_count: 40
01-25 14:21:40.917   361  3697 I AnypointAD - t.a.a.c.m.ServerMessageProcessorFactory: [101] received message from server: HeartbeatMessage
01-25 14:21:45.047   926   926 D LIVE-LGE-XCHECKER: startCrossCheck:139, stream err: 0, pcr err: 0, max_check_count: 40
01-25 14:21:47.907  2093  2115 D dalvikvm: GC_CONCURRENT freed 419K, 21% free 2609K/3284K, paused 1ms+2ms, total 19ms
01-25 14:21:50.047   926   926 D LIVE-LGE-XCHECKER: startCrossCheck:139, stream err: 0, pcr err: 0, max_check_count: 40
01-25 14:21:52.027  2093  2115 D dalvikvm: GC_CONCURRENT freed 402K, 21% free 2605K/3284K, paused 2ms+1ms, total 19ms
01-25 14:21:53.507   904  1027 D SETTINGS-LGE-IptvStorageManager: readUserPreference(LASTCHANNEL) called 
01-25 14:21:53.507   904  1027 D SETTINGS-LGE-IptvStorageManager: readUserPreference() : /LGU_data/UP/LASTCHANNEL.1 file does not exist
01-25 14:21:53.507   904  1027 D SETTINGS-LGE-IptvStorageManager: readUserPreference(LASTCHANNEL, 1) SUCCESS
01-25 14:21:53.507  1367  1961 I LIVE-LGE-JNI: readUP[LASTCHANNEL] 0th PrefValue : 677
01-25 14:21:55.047   926   926 D LIVE-LGE-XCHECKER: startCrossCheck:139, stream err: 0, pcr err: 0, max_check_count: 40
01-25 14:21:56.157  2093  2115 D dalvikvm: GC_CONCURRENT freed 407K, 21% free 2614K/3284K, paused 2ms+2ms, total 20ms
01-25 14:21:58.787  2363  2367 D dalvikvm: GC_CONCURRENT freed 386K, 20% free 2505K/3120K, paused 1ms+2ms, total 15ms
01-25 14:21:59.567  4068  4068 D U+Box HomeShare: HomeShareReceiver [Receive Intent] Action : com.lguplus.iptv3.homesharestb.SERVICE.RESTART
01-25 14:21:59.567  4068  4068 D U+Box HomeShare: HomeShareReceiver Receive : INTENT_HOMESHARE_SERVICE_RESTART ( Service Started : true )
01-25 14:22:00.047   926   926 D LIVE-LGE-XCHECKER: startCrossCheck:139, stream err: 0, pcr err: 0, max_check_count: 40
01-25 14:22:00.547  2066  2071 D dalvikvm: GC_CONCURRENT freed 384K, 60% free 3637K/9072K, paused 2ms+2ms, total 18ms
01-25 14:22:00.717  2155  2155 D ETC-PINEONE-LAUNCHER: [SystemButton] setNotificationCount()[103] >> notification count 4
01-25 14:22:02.697   904   920 D SETTINGS-LGE-IptvStorageManager: readUserPreference(IPTV_ENABLED) called 
01-25 14:22:02.697   904   920 D SETTINGS-LGE-IptvStorageManager: readUserPreference() : /LGU_data/UP/IPTV_ENABLED.1 file does not exist
01-25 14:22:02.697   904   920 D SETTINGS-LGE-IptvStorageManager: readUserPreference(IPTV_ENABLED, 1) SUCCESS
01-25 14:22:02.697  3224  3224 I LIVE-LGE-JNI: readUP[IPTV_ENABLED] 0th PrefValue : true
01-25 14:22:04.387  2093  2115 D dalvikvm: GC_CONCURRENT freed 392K, 21% free 2609K/3284K, paused 1ms+2ms, total 18ms
01-25 14:22:05.057   926   926 D LIVE-LGE-XCHECKER: startCrossCheck:139, stream err: 0, pcr err: 0, max_check_count: 40
01-25 14:22:10.057   926   926 D LIVE-LGE-XCHECKER: startCrossCheck:139, stream err: 0, pcr err: 0, max_check_count: 40
01-25 14:22:11.127  1754  1827 I TvWindowManager: AUTO_STANDBY : AutoStandbyCheckTask started - curTime = 271191097 / lastKeyInTime = 271131096
01-25 14:22:11.127  1754  1827 I TvWindowManager: AUTO_STANDBY : resetLastKeyInTimeInNotActivePowerModeState() - Last key in time = 271191097
01-25 14:22:13.027  2093  2115 D dalvikvm: GC_CONCURRENT freed 409K, 21% free 2611K/3284K, paused 2ms+2ms, total 21ms
01-25 14:22:15.057   926   926 D LIVE-LGE-XCHECKER: startCrossCheck:139, stream err: 0, pcr err: 0, max_check_count: 40
01-25 14:22:15.907  2155  2155 I VOD-PINEONE-LAUNCHER: [CategoryAlarmReceiver] onReceive()[19] >> [onReceive] Category Alarm Receive!!
01-25 14:22:15.907  2155  2847 I VOD-PINEONE-LAUNCHER: [CategoryMenuManager] getMenuDataVersion()[103] >> [getMenuDataVersion] file path: /LGU_data/ma/version.cfg
01-25 14:22:15.907  2155  2847 I VOD-PINEONE-LAUNCHER: [CategoryMenuManager$1] run()[66] >> [getMenuDataVersion] currentVersion: VERSION=0xde
01-25 14:22:15.907  2155  2847 I VOD-PINEONE-LAUNCHER: , fileVersion: VERSION=0xdf
01-25 14:22:15.907  2155  2847 I VOD-PINEONE-LAUNCHER: 
01-25 14:22:15.907  2155  2847 I VOD-PINEONE-LAUNCHER: [CategoryMenuManager$1] run()[74] >> [mHashMap clear]
01-25 14:22:15.907  2155  2847 V VOD-PINEONE-LAUNCHER: [CategoryMenuManager] isTopLiveWidget()[135] >> package: com.lguplus.iptv3.base.launcher
01-25 14:22:15.907  2155  2847 V VOD-PINEONE-LAUNCHER: [CategoryMenuManager] isTopLauncher()[152] >> class name: com.lguplus.iptv3.base.launcher.HomeActivity
01-25 14:22:15.917  2155  2847 I VOD-PINEONE-LAUNCHER: [CategoryMenuManager$1] run()[81] >> [setHashMap MenuData] start
01-25 14:22:15.917  2155  2847 D VOD-PINEONE-LAUNCHER: [VodInfoProvider] getMatrixCursorFromMenuAgent()[279] >> getMatrixCursorFromMenuAgent MC
01-25 14:22:15.917  2155  2847 D VOD-PINEONE-LAUNCHER: [MenuAgentManager] reqLists()[44] >> start of reqLists();
01-25 14:22:15.917  2155  2847 D VOD-PINEONE-LAUNCHER: [MenuAgentManager] reqLists()[69] >>  writeToServer end data = MC|1|20
01-25 14:22:15.927  2155  2847 D VOD-PINEONE-LAUNCHER: [MenuAgentManager] reqLists()[89] >> shutdown failed: ENOTCONN (Transport endpoint is not connected)
01-25 14:22:15.937  2155  2847 D VOD-PINEONE-LAUNCHER: [VodInfoProvider] getMatrixCursorFromMenuAgent()[348] >> Send SPD Data = |0|0|15|1||
01-25 14:22:15.937  1210  1210 D ETC-PINEONE-BOOTINIT: [BootInitService] onStartCommand()[186] >> [CALL] onStartCommand !! 
01-25 14:22:15.937  1210  1210 D ETC-PINEONE-BOOTINIT: [BootInitService] ProcessSPD()[896] >> [SPD] data = |0|0|15|1||
01-25 14:22:15.937  1210  1210 D ETC-PINEONE-BOOTINIT: [BootInitService] ProcessSPD()[910] >> [SPD] data is = 
01-25 14:22:15.937  1210  1210 I LIVE-LGE-JNI: writeUP[RETRY_SPD_IP] 0th PrefValue : 
01-25 14:22:15.937  1210  1210 D         : IptvStorage_writeUserPreference() is called 
01-25 14:22:15.937  1210  1210 D         : try to call writeUserPreference()...
01-25 14:22:15.937   904   904 D SETTINGS-LGE-IptvStorageManager: writeUserPreference(RETRY_SPD_IP) called 
01-25 14:22:15.937   904   904 D SETTINGS-LGE-IptvStorageManager: writeUserPreference() : DONE 
01-25 14:22:15.937  1210  1210 D         : IptvStorage_writeUserPreference() is done(0x00)
01-25 14:22:15.937   925   925 D LIVE-LGE-IptvService: applyUserPreference
01-25 14:22:15.937   925   925 I LIVE-LGE-Interface: LGU_System_applyUserPreference(RETRY_SPD_IP, 1) SUCCESS
01-25 14:22:15.937  1210  1210 D ETC-PINEONE-BOOTINIT: [BootInitService] ProcessSPD()[910] >> [SPD] data is = 0
01-25 14:22:15.937  1210  1210 I LIVE-LGE-JNI: writeUP[RETRY_SPD_TRY_YN] 0th PrefValue : 0
01-25 14:22:15.937  1210  1210 D         : IptvStorage_writeUserPreference() is called 
01-25 14:22:15.937  1210  1210 D         : try to call writeUserPreference()...
01-25 14:22:15.937  2155  2847 D VOD-PINEONE-LAUNCHER: [VodInfoProvider] query()[185] >> MenuAgent getCount() : 0
01-25 14:22:15.937   904  1026 D SETTINGS-LGE-IptvStorageManager: writeUserPreference(RETRY_SPD_TRY_YN) called 
01-25 14:22:15.937   904  1026 D SETTINGS-LGE-IptvStorageManager: writeUserPreference() : /LGU_data/UP/RETRY_SPD_TRY_YN.0 (0, 0)
01-25 14:22:15.947  2155  2847 I VOD-PINEONE-LAUNCHER: [CategoryMenuManager] setFirstCategoryMenu()[325] >> [setFirstCategoryMenu] set Response Data!! Item Count: 6
01-25 14:22:15.947  2155  2847 I VOD-PINEONE-LAUNCHER: [CategoryMenuManager] setCategoryMenuData()[168] >> [menudata] 1depth start
01-25 14:22:15.947  2155  2847 I VOD-PINEONE-LAUNCHER: [CategoryMenuManager$1] run()[86] >> [setHashMap MenuData] finish // flag: true
01-25 14:22:15.957   904  1026 D SETTINGS-LGE-IptvStorageManager: writeUserPreference() : DONE 
01-25 14:22:15.957  1210  1210 D         : IptvStorage_writeUserPreference() is done(0x00)
01-25 14:22:15.957   925  1382 D LIVE-LGE-IptvService: applyUserPreference
01-25 14:22:15.957   925  1382 I LIVE-LGE-Interface: LGU_System_applyUserPreference(RETRY_SPD_TRY_YN, 1) SUCCESS
01-25 14:22:15.967  1210  1210 D ETC-PINEONE-BOOTINIT: [BootInitService] ProcessSPD()[910] >> [SPD] data is = 0
01-25 14:22:15.967  1210  1210 I LIVE-LGE-JNI: writeUP[RETRY_SPD_TRY_NUM] 0th PrefValue : 0
01-25 14:22:15.967  1210  1210 D         : IptvStorage_writeUserPreference() is called 
01-25 14:22:15.967  1210  1210 D         : try to call writeUserPreference()...
01-25 14:22:15.967   904  1027 D SETTINGS-LGE-IptvStorageManager: writeUserPreference(RETRY_SPD_TRY_NUM) called 
01-25 14:22:15.967   904  1027 D SETTINGS-LGE-IptvStorageManager: writeUserPreference() : /LGU_data/UP/RETRY_SPD_TRY_NUM.0 (0, 0)
01-25 14:22:15.977   904  1027 D SETTINGS-LGE-IptvStorageManager: writeUserPreference() : DONE 
01-25 14:22:15.977  1210  1210 D         : IptvStorage_writeUserPreference() is done(0x00)
01-25 14:22:15.977   925   999 D LIVE-LGE-IptvService: applyUserPreference
01-25 14:22:15.977   925   999 I LIVE-LGE-Interface: LGU_System_applyUserPreference(RETRY_SPD_TRY_NUM, 1) SUCCESS
01-25 14:22:15.977  1210  1210 D ETC-PINEONE-BOOTINIT: [BootInitService] ProcessSPD()[910] >> [SPD] data is = 15
01-25 14:22:15.977  1210  1210 I LIVE-LGE-JNI: writeUP[RETRY_SPD_TIMEOUT] 0th PrefValue : 15
01-25 14:22:15.977  1210  1210 D         : IptvStorage_writeUserPreference() is called 
01-25 14:22:15.987  1210  1210 D         : try to call writeUserPreference()...
01-25 14:22:15.987   904   920 D SETTINGS-LGE-IptvStorageManager: writeUserPreference(RETRY_SPD_TIMEOUT) called 
01-25 14:22:15.987   904   920 D SETTINGS-LGE-IptvStorageManager: writeUserPreference() : /LGU_data/UP/RETRY_SPD_TIMEOUT.0 (0, 15)
01-25 14:22:15.997   904   920 D SETTINGS-LGE-IptvStorageManager: writeUserPreference() : DONE 
01-25 14:22:15.997  1210  1210 D         : IptvStorage_writeUserPreference() is done(0x00)
01-25 14:22:15.997   925   925 D LIVE-LGE-IptvService: applyUserPreference
01-25 14:22:15.997   925   925 I LIVE-LGE-Interface: LGU_System_applyUserPreference(RETRY_SPD_TIMEOUT, 1) SUCCESS
01-25 14:22:15.997  1210  1210 D ETC-PINEONE-BOOTINIT: [BootInitService] ProcessSPD()[910] >> [SPD] data is = 1
01-25 14:22:16.447  2155  2848 I VOD-PINEONE-LAUNCHER: [CategoryMenuManager$2] run()[175] >> [menudata] 2depth start
01-25 14:22:16.447  2155  2848 D VOD-PINEONE-LAUNCHER: [VodInfoProvider] getMatrixCursorFromMenuAgent()[279] >> getMatrixCursorFromMenuAgent T000
01-25 14:22:16.447  2155  2848 D VOD-PINEONE-LAUNCHER: [MenuAgentManager] reqLists()[44] >> start of reqLists();
01-25 14:22:16.447  2155  2848 D VOD-PINEONE-LAUNCHER: [MenuAgentManager] reqLists()[69] >>  writeToServer end data = T000|1|50
01-25 14:22:16.457  2155  2848 D VOD-PINEONE-LAUNCHER: [MenuAgentManager] readFromServer()[184] >> Check! End of data!!
01-25 14:22:16.467  2155  2848 D VOD-PINEONE-LAUNCHER: [VodInfoProvider] query()[185] >> MenuAgent getCount() : 0
01-25 14:22:16.467  2155  2848 I VOD-PINEONE-LAUNCHER: [CategoryMenuManager] setSecondCategoryMenu()[374] >> [setSecondCategoryMenu] request id: T000
01-25 14:22:16.467  2155  2848 I VOD-PINEONE-LAUNCHER: [CategoryMenuManager] setSecondCategoryMenu()[413] >> [setSecondCategoryMenu_HashMap_put] id: T000
01-25 14:22:16.467  2155  2848 I VOD-PINEONE-LAUNCHER: [CategoryMenuManager] setSecondCategoryMenu()[414] >> [setSecondCategoryMenu_HashMap_put] request id: T000
01-25 14:22:16.467  2155  2848 I VOD-PINEONE-LAUNCHER: [CategoryMenuManager] setSecondCategoryMenu()[415] >> [setSecondCategoryMenu_HashMap_put] response id => T500
01-25 14:22:16.477  2155  2848 D VOD-PINEONE-LAUNCHER: [VodInfoProvider] getMatrixCursorFromMenuAgent()[279] >> getMatrixCursorFromMenuAgent M000
01-25 14:22:16.477  2155  2848 D VOD-PINEONE-LAUNCHER: [MenuAgentManager] reqLists()[44] >> start of reqLists();
01-25 14:22:16.477  2155  2848 D VOD-PINEONE-LAUNCHER: [MenuAgentManager] reqLists()[69] >>  writeToServer end data = M000|1|50
01-25 14:22:16.487  2155  2848 D VOD-PINEONE-LAUNCHER: [MenuAgentManager] readFromServer()[184] >> Check! End of data!!
01-25 14:22:16.497  2155  2848 D VOD-PINEONE-LAUNCHER: [MenuAgentManager] reqLists()[89] >> shutdown failed: ENOTCONN (Transport endpoint is not connected)
01-25 14:22:16.517  2155  2166 D dalvikvm: GC_CONCURRENT freed 2260K, 23% free 9786K/12588K, paused 4ms+8ms, total 41ms
01-25 14:22:16.517  2155  2848 D dalvikvm: WAIT_FOR_CONCURRENT_GC blocked 18ms
01-25 14:22:16.517  2155  2848 D VOD-PINEONE-LAUNCHER: [VodInfoProvider] query()[185] >> MenuAgent getCount() : 0
01-25 14:22:16.527  2155  2848 I VOD-PINEONE-LAUNCHER: [CategoryMenuManager] setSecondCategoryMenu()[374] >> [setSecondCategoryMenu] request id: M000
01-25 14:22:16.527  2155  2848 I VOD-PINEONE-LAUNCHER: [CategoryMenuManager] setSecondCategoryMenu()[413] >> [setSecondCategoryMenu_HashMap_put] id: M000
01-25 14:22:16.527  2155  2848 I VOD-PINEONE-LAUNCHER: [CategoryMenuManager] setSecondCategoryMenu()[414] >> [setSecondCategoryMenu_HashMap_put] request id: M000
01-25 14:22:16.527  2155  2848 I VOD-PINEONE-LAUNCHER: [CategoryMenuManager] setSecondCategoryMenu()[415] >> [setSecondCategoryMenu_HashMap_put] response id => M014W
01-25 14:22:16.527  2155  2848 D VOD-PINEONE-LAUNCHER: [VodInfoProvider] getMatrixCursorFromMenuAgent()[279] >> getMatrixCursorFromMenuAgent M700
01-25 14:22:16.527  2155  2848 D VOD-PINEONE-LAUNCHER: [MenuAgentManager] reqLists()[44] >> start of reqLists();
01-25 14:22:16.527  2155  2848 D VOD-PINEONE-LAUNCHER: [MenuAgentManager] reqLists()[69] >>  writeToServer end data = M700|1|50
01-25 14:22:16.537  2155  2848 D VOD-PINEONE-LAUNCHER: [MenuAgentManager] readFromServer()[184] >> Check! End of data!!
01-25 14:22:16.537  2155  2848 D VOD-PINEONE-LAUNCHER: [MenuAgentManager] reqLists()[89] >> shutdown failed: ENOTCONN (Transport endpoint is not connected)
01-25 14:22:16.537  2155  2848 D VOD-PINEONE-LAUNCHER: [VodInfoProvider] query()[185] >> MenuAgent getCount() : 0
01-25 14:22:16.537  2155  2848 I VOD-PINEONE-LAUNCHER: [CategoryMenuManager] setSecondCategoryMenu()[374] >> [setSecondCategoryMenu] request id: M700
01-25 14:22:16.537  2155  2848 I VOD-PINEONE-LAUNCHER: [CategoryMenuManager] setSecondCategoryMenu()[413] >> [setSecondCategoryMenu_HashMap_put] id: M700
01-25 14:22:16.537  2155  2848 I VOD-PINEONE-LAUNCHER: [CategoryMenuManager] setSecondCategoryMenu()[414] >> [setSecondCategoryMenu_HashMap_put] request id: M700
01-25 14:22:16.547  2155  2848 I VOD-PINEONE-LAUNCHER: [CategoryMenuManager] setSecondCategoryMenu()[415] >> [setSecondCategoryMenu_HashMap_put] response id => M709
01-25 14:22:16.547  2155  2848 D VOD-PINEONE-LAUNCHER: [VodInfoProvider] getMatrixCursorFromMenuAgent()[279] >> getMatrixCursorFromMenuAgent K000
01-25 14:22:16.547  2155  2848 D VOD-PINEONE-LAUNCHER: [MenuAgentManager] reqLists()[44] >> start of reqLists();
01-25 14:22:16.547  2155  2848 D VOD-PINEONE-LAUNCHER: [MenuAgentManager] reqLists()[69] >>  writeToServer end data = K000|1|50
01-25 14:22:16.547  2155  2848 D VOD-PINEONE-LAUNCHER: [MenuAgentManager] readFromServer()[184] >> Check! End of data!!
01-25 14:22:16.547  2155  2848 D VOD-PINEONE-LAUNCHER: [MenuAgentManager] reqLists()[89] >> shutdown failed: ENOTCONN (Transport endpoint is not connected)
01-25 14:22:16.557  2155  2848 D VOD-PINEONE-LAUNCHER: [VodInfoProvider] query()[185] >> MenuAgent getCount() : 0
01-25 14:22:16.557  2155  2848 I VOD-PINEONE-LAUNCHER: [CategoryMenuManager] setSecondCategoryMenu()[374] >> [setSecondCategoryMenu] request id: K000
01-25 14:22:16.557  2155  2848 I VOD-PINEONE-LAUNCHER: [CategoryMenuManager] setSecondCategoryMenu()[413] >> [setSecondCategoryMenu_HashMap_put] id: K000
01-25 14:22:16.557  2155  2848 I VOD-PINEONE-LAUNCHER: [CategoryMenuManager] setSecondCategoryMenu()[414] >> [setSecondCategoryMenu_HashMap_put] request id: K000
01-25 14:22:16.557  2155  2848 I VOD-PINEONE-LAUNCHER: [CategoryMenuManager] setSecondCategoryMenu()[415] >> [setSecondCategoryMenu_HashMap_put] response id => K711D
01-25 14:22:16.557  2155  2848 D VOD-PINEONE-LAUNCHER: [VodInfoProvider] getMatrixCursorFromMenuAgent()[279] >> getMatrixCursorFromMenuAgent L000
01-25 14:22:16.557  2155  2848 D VOD-PINEONE-LAUNCHER: [MenuAgentManager] reqLists()[44] >> start of reqLists();
01-25 14:22:16.567  2155  2848 D VOD-PINEONE-LAUNCHER: [MenuAgentManager] reqLists()[69] >>  writeToServer end data = L000|1|50
01-25 14:22:16.567  2155  2848 D VOD-PINEONE-LAUNCHER: [MenuAgentManager] readFromServer()[184] >> Check! End of data!!
01-25 14:22:16.567  2155  2848 D VOD-PINEONE-LAUNCHER: [MenuAgentManager] reqLists()[89] >> shutdown failed: ENOTCONN (Transport endpoint is not connected)
01-25 14:22:16.567  2155  2848 D VOD-PINEONE-LAUNCHER: [VodInfoProvider] query()[185] >> MenuAgent getCount() : 0
01-25 14:22:16.577  2155  2848 I VOD-PINEONE-LAUNCHER: [CategoryMenuManager] setSecondCategoryMenu()[374] >> [setSecondCategoryMenu] request id: L000
