02-05 08:52:30.645 22345 22345 W ContextImpl: Calling a method in the system process without a qualified user: android.app.ContextImpl.sendBroadcast:950 android.content.ContextWrapper.sendBroadcast:431 com.lguplus.iptv3.arzoo.push.LGUPlusPushAgentAPI.checkRegID:78 com.lguplus.iptv3.arzoo.push.ARZooPushService.onStartCommand:51 android.app.ActivityThread.handleServiceArgs:3539 
02-05 08:52:30.812   674  2354 I chatty  : uid=1000(system) Binder:674_15 expire 10 lines
02-05 08:52:32.072 22433 22433 W ContextImpl: Calling a method in the system process without a qualified user: android.app.ContextImpl.sendBroadcast:950 android.content.ContextWrapper.sendBroadcast:431 android.content.ContextWrapper.sendBroadcast:431 com.lguplus.iptv3.onetouchstb.push.LGUPlusPushAgentAPI.checkRegID:153 com.lguplus.iptv3.onetouchstb.push.OnetouchSTBPushManager.requestCheckRegId:46 
02-05 08:52:32.116 22433 22433 W ContextImpl: Calling a method in the system process without a qualified user: android.app.ContextImpl.bindService:1540 android.content.ContextWrapper.bindService:678 com.lguplus.iptv3.onetouchstb.stb.LgIptvShmRemoteWrapper.onBindIptvRemote:114 com.lguplus.iptv3.onetouchstb.service.OneTouchSTBService.onCreate:113 android.app.ActivityThread.handleCreateService:3404 
02-05 08:52:32.748 22484 22484 W ContextImpl: Calling a method in the system process without a qualified user: android.app.ContextImpl.startService:1460 android.content.ContextWrapper.startService:644 android.content.ContextWrapper.startService:644 com.lguplus.iptv3.arzoo.push.LGUPlusPushAgentMsgReceiver.onReceive:104 android.app.ActivityThread.handleReceiver:3252 
02-05 08:52:33.890 22544 22544 W ContextImpl: Calling a method in the system process without a qualified user: android.app.ContextImpl.sendBroadcast:950 android.content.ContextWrapper.sendBroadcast:431 android.content.ContextWrapper.sendBroadcast:431 com.lguplus.iptv3.onetouchstb.push.LGUPlusPushAgentAPI.checkRegID:153 com.lguplus.iptv3.onetouchstb.push.OnetouchSTBPushManager.requestCheckRegId:46 
02-05 08:52:33.925 22544 22544 W ContextImpl: Calling a method in the system process without a qualified user: android.app.ContextImpl.bindService:1540 android.content.ContextWrapper.bindService:678 com.lguplus.iptv3.onetouchstb.stb.LgIptvShmRemoteWrapper.onBindIptvRemote:114 com.lguplus.iptv3.onetouchstb.service.OneTouchSTBService.onCreate:113 android.app.ActivityThread.handleCreateService:3404 
02-05 08:52:34.670   674  2359 I chatty  : uid=1000(system) Binder:674_16 expire 25 lines
02-05 08:52:35.736 22676 22676 W ContextImpl: Calling a method in the system process without a qualified user: android.app.ContextImpl.startService:1460 android.content.ContextWrapper.startService:644 android.content.ContextWrapper.startService:644 com.lguplus.iptv3.arzoo.push.LGUPlusPushAgentMsgReceiver.onReceive:104 android.app.ActivityThread.handleReceiver:3252 
02-05 08:52:35.789 22676 22676 W ContextImpl: Calling a method in the system process without a qualified user: android.app.ContextImpl.sendBroadcast:950 android.content.ContextWrapper.sendBroadcast:431 com.lguplus.iptv3.arzoo.push.LGUPlusPushAgentAPI.checkRegID:78 com.lguplus.iptv3.arzoo.push.ARZooPushService.onStartCommand:51 android.app.ActivityThread.handleServiceArgs:3539 
02-05 08:52:36.827 22737 22737 W ContextImpl: Calling a method in the system process without a qualified user: android.app.ContextImpl.sendBroadcast:950 android.content.ContextWrapper.sendBroadcast:431 android.content.ContextWrapper.sendBroadcast:431 com.lguplus.iptv3.onetouchstb.push.LGUPlusPushAgentAPI.checkRegID:153 com.lguplus.iptv3.onetouchstb.push.OnetouchSTBPushManager.requestCheckRegId:46 
02-05 08:52:36.852 22737 22737 W ContextImpl: Calling a method in the system process without a qualified user: android.app.ContextImpl.bindService:1540 android.content.ContextWrapper.bindService:678 com.lguplus.iptv3.onetouchstb.stb.LgIptvShmRemoteWrapper.onBindIptvRemote:114 com.lguplus.iptv3.onetouchstb.service.OneTouchSTBService.onCreate:113 android.app.ActivityThread.handleCreateService:3404 
02-05 08:52:37.305   674  1370 I chatty  : uid=1000(system) Binder:674_A expire 10 lines
02-05 08:52:37.833 22827 22827 W ContextImpl: Calling a method in the system process without a qualified user: android.app.ContextImpl.startService:1460 android.content.ContextWrapper.startService:644 android.content.ContextWrapper.startService:644 com.lguplus.iptv3.arzoo.push.LGUPlusPushAgentMsgReceiver.onReceive:104 android.app.ActivityThread.handleReceiver:3252 
02-05 08:52:38.803   674  1369 I chatty  : uid=1000(system) Binder:674_9 expire 14 lines
02-05 08:52:38.939 22869 22869 W ContextImpl: Calling a method in the system process without a qualified user: android.app.ContextImpl.sendBroadcast:950 android.content.ContextWrapper.sendBroadcast:431 android.content.ContextWrapper.sendBroadcast:431 com.lguplus.iptv3.onetouchstb.push.LGUPlusPushAgentAPI.checkRegID:153 com.lguplus.iptv3.onetouchstb.push.OnetouchSTBPushManager.requestCheckRegId:46 
02-05 08:52:38.947 22869 22869 W ContextImpl: Calling a method in the system process without a qualified user: android.app.ContextImpl.bindService:1540 android.content.ContextWrapper.bindService:678 com.lguplus.iptv3.onetouchstb.stb.LgIptvShmRemoteWrapper.onBindIptvRemote:114 com.lguplus.iptv3.onetouchstb.service.OneTouchSTBService.onCreate:113 android.app.ActivityThread.handleCreateService:3404 
02-05 08:52:39.185   674  1348 I chatty  : uid=1000(system) Binder:674_8 expire 16 lines
02-05 08:52:39.721   674 10287 I chatty  : uid=1000(system) Binder:674_1B expire 16 lines
02-05 08:52:40.861 23020 23020 W ContextImpl: Calling a method in the system process without a qualified user: android.app.ContextImpl.startService:1460 android.content.ContextWrapper.startService:644 android.content.ContextWrapper.startService:644 com.lguplus.iptv3.arzoo.push.LGUPlusPushAgentMsgReceiver.onReceive:104 android.app.ActivityThread.handleReceiver:3252 
02-05 08:52:40.912 23020 23020 W ContextImpl: Calling a method in the system process without a qualified user: android.app.ContextImpl.sendBroadcast:950 android.content.ContextWrapper.sendBroadcast:431 com.lguplus.iptv3.arzoo.push.LGUPlusPushAgentAPI.checkRegID:78 com.lguplus.iptv3.arzoo.push.ARZooPushService.onStartCommand:51 android.app.ActivityThread.handleServiceArgs:3539 
02-05 08:52:42.168 23098 23098 W ContextImpl: Calling a method in the system process without a qualified user: android.app.ContextImpl.sendBroadcast:950 android.content.ContextWrapper.sendBroadcast:431 android.content.ContextWrapper.sendBroadcast:431 com.lguplus.iptv3.onetouchstb.push.LGUPlusPushAgentAPI.checkRegID:153 com.lguplus.iptv3.onetouchstb.push.OnetouchSTBPushManager.requestCheckRegId:46 
02-05 08:52:42.189 23098 23098 W ContextImpl: Calling a method in the system process without a qualified user: android.app.ContextImpl.bindService:1540 android.content.ContextWrapper.bindService:678 com.lguplus.iptv3.onetouchstb.stb.LgIptvShmRemoteWrapper.onBindIptvRemote:114 com.lguplus.iptv3.onetouchstb.service.OneTouchSTBService.onCreate:113 android.app.ActivityThread.handleCreateService:3404 
02-05 08:52:42.979 23171 23171 W ContextImpl: Calling a method in the system process without a qualified user: android.app.ContextImpl.startService:1460 android.content.ContextWrapper.startService:644 android.content.ContextWrapper.startService:644 com.lguplus.iptv3.arzoo.push.LGUPlusPushAgentMsgReceiver.onReceive:104 android.app.ActivityThread.handleReceiver:3252 
02-05 08:52:42.997   674   999 I chatty  : uid=1000(system) Binder:674_5 expire 11 lines
02-05 08:52:43.002 23098 23098 W ContextImpl: Calling a method in the system process without a qualified user: android.app.ContextImpl.sendBroadcast:950 android.content.ContextWrapper.sendBroadcast:431 android.content.ContextWrapper.sendBroadcast:431 com.lguplus.iptv3.onetouchstb.push.LGUPlusPushAgentAPI.checkRegID:153 com.lguplus.iptv3.onetouchstb.push.OnetouchSTBPushManager.requestCheckRegId:46 
02-05 08:53:06.555   674  1300 I chatty  : uid=1000(system) Binder:674_7 expire 10 lines
02-05 08:53:13.379 23441 23441 W ContextImpl: Calling a method in the system process without a qualified user: android.app.ContextImpl.startService:1460 android.content.ContextWrapper.startService:644 android.content.ContextWrapper.startService:644 com.lguplus.iptv3.onetouchstb.receiver.ReservationReceiver.startService:49 com.lguplus.iptv3.onetouchstb.receiver.ReservationReceiver.onReceive:38 
02-05 08:53:13.381 23441 23441 W ContextImpl: Calling a method in the system process without a qualified user: android.app.ContextImpl.bindService:1540 android.content.ContextWrapper.bindService:678 com.lguplus.iptv3.onetouchstb.stb.LgIptvShmRemoteWrapper.onBindIptvRemote:114 com.lguplus.iptv3.onetouchstb.service.OneTouchSTBService.onCreate:113 android.app.ActivityThread.handleCreateService:3404 
02-05 08:53:15.737 23554 23554 W ContextImpl: Calling a method in the system process without a qualified user: android.app.ContextImpl.startService:1460 android.content.ContextWrapper.startService:644 android.content.ContextWrapper.startService:644 com.lguplus.iptv3.arzoo.push.LGUPlusPushAgentMsgReceiver.onReceive:104 android.app.ActivityThread.handleReceiver:3252 
02-05 08:53:15.795 23554 23554 W ContextImpl: Calling a method in the system process without a qualified user: android.app.ContextImpl.sendBroadcast:950 android.content.ContextWrapper.sendBroadcast:431 com.lguplus.iptv3.arzoo.push.LGUPlusPushAgentAPI.checkRegID:78 com.lguplus.iptv3.arzoo.push.ARZooPushService.onStartCommand:51 android.app.ActivityThread.handleServiceArgs:3539 
02-05 08:53:16.940   674  4815 I chatty  : uid=1000(system) Binder:674_1A expire 16 lines
02-05 08:53:16.941   674 17247 I chatty  : uid=1000(system) Binder:674_1F expire 10 lines
02-05 08:53:17.077 23628 23628 W ContextImpl: Calling a method in the system process without a qualified user: android.app.ContextImpl.sendBroadcast:950 android.content.ContextWrapper.sendBroadcast:431 android.content.ContextWrapper.sendBroadcast:431 com.lguplus.iptv3.onetouchstb.push.LGUPlusPushAgentAPI.checkRegID:153 com.lguplus.iptv3.onetouchstb.push.OnetouchSTBPushManager.requestCheckRegId:46 
02-05 08:53:17.115 23628 23628 W ContextImpl: Calling a method in the system process without a qualified user: android.app.ContextImpl.bindService:1540 android.content.ContextWrapper.bindService:678 com.lguplus.iptv3.onetouchstb.stb.LgIptvShmRemoteWrapper.onBindIptvRemote:114 com.lguplus.iptv3.onetouchstb.service.OneTouchSTBService.onCreate:113 android.app.ActivityThread.handleCreateService:3404 
02-05 08:53:17.750 23701 23701 W ContextImpl: Calling a method in the system process without a qualified user: android.app.ContextImpl.startService:1460 android.content.ContextWrapper.startService:644 android.content.ContextWrapper.startService:644 com.lguplus.iptv3.arzoo.push.LGUPlusPushAgentMsgReceiver.onReceive:104 android.app.ActivityThread.handleReceiver:3252 
02-05 08:53:18.866   674  1392 I chatty  : uid=1000(system) Binder:674_D expire 11 lines
02-05 08:53:18.979 23779 23779 W ContextImpl: Calling a method in the system process without a qualified user: android.app.ContextImpl.sendBroadcast:950 android.content.ContextWrapper.sendBroadcast:431 android.content.ContextWrapper.sendBroadcast:431 com.lguplus.iptv3.onetouchstb.push.LGUPlusPushAgentAPI.checkRegID:153 com.lguplus.iptv3.onetouchstb.push.OnetouchSTBPushManager.requestCheckRegId:46 
02-05 08:53:19.012 23779 23779 W ContextImpl: Calling a method in the system process without a qualified user: android.app.ContextImpl.bindService:1540 android.content.ContextWrapper.bindService:678 com.lguplus.iptv3.onetouchstb.stb.LgIptvShmRemoteWrapper.onBindIptvRemote:114 com.lguplus.iptv3.onetouchstb.service.OneTouchSTBService.onCreate:113 android.app.ActivityThread.handleCreateService:3404 
02-05 08:53:19.939 23878 23878 W ContextImpl: Calling a method in the system process without a qualified user: android.app.ContextImpl.startService:1460 android.content.ContextWrapper.startService:644 android.content.ContextWrapper.startService:644 com.lguplus.iptv3.arzoo.push.LGUPlusPushAgentMsgReceiver.onReceive:104 android.app.ActivityThread.handleReceiver:3252 
02-05 08:53:19.990 23878 23878 W ContextImpl: Calling a method in the system process without a qualified user: android.app.ContextImpl.sendBroadcast:950 android.content.ContextWrapper.sendBroadcast:431 com.lguplus.iptv3.arzoo.push.LGUPlusPushAgentAPI.checkRegID:78 com.lguplus.iptv3.arzoo.push.ARZooPushService.onStartCommand:51 android.app.ActivityThread.handleServiceArgs:3539 
02-05 08:53:21.126 23930 23930 W ContextImpl: Calling a method in the system process without a qualified user: android.app.ContextImpl.sendBroadcast:950 android.content.ContextWrapper.sendBroadcast:431 android.content.ContextWrapper.sendBroadcast:431 com.lguplus.iptv3.onetouchstb.push.LGUPlusPushAgentAPI.checkRegID:153 com.lguplus.iptv3.onetouchstb.push.OnetouchSTBPushManager.requestCheckRegId:46 
02-05 08:53:21.153 23930 23930 W ContextImpl: Calling a method in the system process without a qualified user: android.app.ContextImpl.bindService:1540 android.content.ContextWrapper.bindService:678 com.lguplus.iptv3.onetouchstb.stb.LgIptvShmRemoteWrapper.onBindIptvRemote:114 com.lguplus.iptv3.onetouchstb.service.OneTouchSTBService.onCreate:113 android.app.ActivityThread.handleCreateService:3404 
02-05 08:53:21.170   674  1300 I chatty  : uid=1000(system) Binder:674_7 expire 10 lines
02-05 08:53:21.985   674  2326 I chatty  : uid=1000(system) Binder:674_13 expire 11 lines
02-05 08:53:22.099 24003 24003 W ContextImpl: Calling a method in the system process without a qualified user: android.app.ContextImpl.startService:1460 android.content.ContextWrapper.startService:644 android.content.ContextWrapper.startService:644 com.lguplus.iptv3.arzoo.push.LGUPlusPushAgentMsgReceiver.onReceive:104 android.app.ActivityThread.handleReceiver:3252 
02-05 08:53:23.222 24066 24066 W ContextImpl: Calling a method in the system process without a qualified user: android.app.ContextImpl.sendBroadcast:950 android.content.ContextWrapper.sendBroadcast:431 android.content.ContextWrapper.sendBroadcast:431 com.lguplus.iptv3.onetouchstb.push.LGUPlusPushAgentAPI.checkRegID:153 com.lguplus.iptv3.onetouchstb.push.OnetouchSTBPushManager.requestCheckRegId:46 
02-05 08:53:23.230 24066 24066 W ContextImpl: Calling a method in the system process without a qualified user: android.app.ContextImpl.bindService:1540 android.content.ContextWrapper.bindService:678 com.lguplus.iptv3.onetouchstb.stb.LgIptvShmRemoteWrapper.onBindIptvRemote:114 com.lguplus.iptv3.onetouchstb.service.OneTouchSTBService.onCreate:113 android.app.ActivityThread.handleCreateService:3404 
02-05 08:53:23.415   674  1442 I chatty  : uid=1000(system) Binder:674_11 expire 10 lines
02-05 08:53:23.965 24120 24120 W ContextImpl: Calling a method in the system process without a qualified user: android.app.ContextImpl.startService:1460 android.content.ContextWrapper.startService:644 android.content.ContextWrapper.startService:644 com.lguplus.iptv3.arzoo.push.LGUPlusPushAgentMsgReceiver.onReceive:104 android.app.ActivityThread.handleReceiver:3252 
02-05 08:53:24.019   674  2329 I chatty  : uid=1000(system) Binder:674_14 expire 11 lines
02-05 08:53:24.030 24120 24120 W ContextImpl: Calling a method in the system process without a qualified user: android.app.ContextImpl.sendBroadcast:950 android.content.ContextWrapper.sendBroadcast:431 com.lguplus.iptv3.arzoo.push.LGUPlusPushAgentAPI.checkRegID:78 com.lguplus.iptv3.arzoo.push.ARZooPushService.onStartCommand:51 android.app.ActivityThread.handleServiceArgs:3539 
02-05 08:53:24.112 24139 24139 W ContextImpl: Calling a method in the system process without a qualified user: android.app.ContextImpl.sendBroadcast:950 android.content.ContextWrapper.sendBroadcast:431 android.content.ContextWrapper.sendBroadcast:431 com.lguplus.iptv3.onetouchstb.push.LGUPlusPushAgentAPI.checkRegID:153 com.lguplus.iptv3.onetouchstb.push.OnetouchSTBPushManager.requestCheckRegId:46 
02-05 08:53:24.118 24139 24139 W ContextImpl: Calling a method in the system process without a qualified user: android.app.ContextImpl.bindService:1540 android.content.ContextWrapper.bindService:678 com.lguplus.iptv3.onetouchstb.stb.LgIptvShmRemoteWrapper.onBindIptvRemote:114 com.lguplus.iptv3.onetouchstb.service.OneTouchSTBService.onCreate:113 android.app.ActivityThread.handleCreateService:3404 
02-05 08:53:24.837   674  1488 I chatty  : uid=1000(system) Binder:674_12 expire 13 lines
02-05 08:53:25.005 24206 24206 W ContextImpl: Calling a method in the system process without a qualified user: android.app.ContextImpl.startService:1460 android.content.ContextWrapper.startService:644 android.content.ContextWrapper.startService:644 com.lguplus.iptv3.arzoo.push.LGUPlusPushAgentMsgReceiver.onReceive:104 android.app.ActivityThread.handleReceiver:3252 
02-05 08:53:25.092   674   696 I chatty  : uid=1000(system) ActivityManager expire 15 lines
02-05 08:53:25.455   674  4234 I chatty  : uid=1000(system) Binder:674_19 expire 11 lines
02-05 08:53:26.136 24304 24304 W ContextImpl: Calling a method in the system process without a qualified user: android.app.ContextImpl.sendBroadcast:950 android.content.ContextWrapper.sendBroadcast:431 android.content.ContextWrapper.sendBroadcast:431 com.lguplus.iptv3.onetouchstb.push.LGUPlusPushAgentAPI.checkRegID:153 com.lguplus.iptv3.onetouchstb.push.OnetouchSTBPushManager.requestCheckRegId:46 
02-05 08:53:26.162 24304 24304 W ContextImpl: Calling a method in the system process without a qualified user: android.app.ContextImpl.bindService:1540 android.content.ContextWrapper.bindService:678 com.lguplus.iptv3.onetouchstb.stb.LgIptvShmRemoteWrapper.onBindIptvRemote:114 com.lguplus.iptv3.onetouchstb.service.OneTouchSTBService.onCreate:113 android.app.ActivityThread.handleCreateService:3404 
02-05 08:53:27.170 24396 24396 W ContextImpl: Calling a method in the system process without a qualified user: android.app.ContextImpl.startService:1460 android.content.ContextWrapper.startService:644 android.content.ContextWrapper.startService:644 com.lguplus.iptv3.arzoo.push.LGUPlusPushAgentMsgReceiver.onReceive:104 android.app.ActivityThread.handleReceiver:3252 
02-05 08:53:27.201 24304 24304 W ContextImpl: Calling a method in the system process without a qualified user: android.app.ContextImpl.sendBroadcast:950 android.content.ContextWrapper.sendBroadcast:431 android.content.ContextWrapper.sendBroadcast:431 com.lguplus.iptv3.onetouchstb.push.LGUPlusPushAgentAPI.checkRegID:153 com.lguplus.iptv3.onetouchstb.push.OnetouchSTBPushManager.requestCheckRegId:46 
02-05 08:53:27.281 24396 24396 W ContextImpl: Calling a method in the system process without a qualified user: android.app.ContextImpl.sendBroadcast:950 android.content.ContextWrapper.sendBroadcast:431 com.lguplus.iptv3.arzoo.push.LGUPlusPushAgentAPI.checkRegID:78 com.lguplus.iptv3.arzoo.push.ARZooPushService.onStartCommand:51 android.app.ActivityThread.handleServiceArgs:3539 
02-05 08:53:27.397   674 10287 I chatty  : uid=1000(system) Binder:674_1B expire 13 lines
02-05 08:53:28.057 24396 24396 W ContextImpl: Calling a method in the system process without a qualified user: android.app.ContextImpl.startService:1460 android.content.ContextWrapper.startService:644 android.content.ContextWrapper.startService:644 com.lguplus.iptv3.arzoo.push.LGUPlusPushAgentMsgReceiver.onReceive:104 android.app.ActivityThread.handleReceiver:3252 
02-05 08:53:28.104 24396 24396 W ContextImpl: Calling a method in the system process without a qualified user: android.app.ContextImpl.sendBroadcast:950 android.content.ContextWrapper.sendBroadcast:431 com.lguplus.iptv3.arzoo.push.LGUPlusPushAgentAPI.checkRegID:78 com.lguplus.iptv3.arzoo.push.ARZooPushService.onStartCommand:51 android.app.ActivityThread.handleServiceArgs:3539 
02-05 08:53:28.122 24304 24304 W ContextImpl: Calling a method in the system process without a qualified user: android.app.ContextImpl.sendBroadcast:950 android.content.ContextWrapper.sendBroadcast:431 android.content.ContextWrapper.sendBroadcast:431 com.lguplus.iptv3.onetouchstb.push.LGUPlusPushAgentAPI.checkRegID:153 com.lguplus.iptv3.onetouchstb.push.OnetouchSTBPushManager.requestCheckRegId:46 
02-05 08:53:28.671 24523 24523 W ContextImpl: Calling a method in the system process without a qualified user: android.app.ContextImpl.bindService:1540 android.content.ContextWrapper.bindService:678 com.lguplus.iptv3.onetouchstb.stb.LgIptvShmRemoteWrapper.onBindIptvRemote:114 com.lguplus.iptv3.onetouchstb.service.OneTouchSTBService.onCreate:113 android.app.ActivityThread.handleCreateService:3404 
02-05 08:53:28.697   674  1411 I chatty  : uid=1000(system) Binder:674_E expire 13 lines
02-05 08:53:58.823 24523 24523 W ContextImpl: Calling a method in the system process without a qualified user: android.app.ContextImpl.startService:1460 android.content.ContextWrapper.startService:644 android.content.ContextWrapper.startService:644 com.lguplus.iptv3.onetouchstb.receiver.ReservationReceiver.startService:49 com.lguplus.iptv3.onetouchstb.receiver.ReservationReceiver.onReceive:38 
02-05 08:54:17.051   674   699 I chatty  : uid=1000(system) batterystats-sy expire 3 lines
02-05 08:54:44.550   674   697 I chatty  : uid=1000(system) android.ui expire 10 lines
02-05 08:54:44.584 24523 24523 W ContextImpl: Calling a method in the system process without a qualified user: android.app.ContextImpl.startService:1460 android.content.ContextWrapper.startService:644 android.content.ContextWrapper.startService:644 com.lguplus.iptv3.onetouchstb.receiver.ReservationReceiver.startService:49 com.lguplus.iptv3.onetouchstb.receiver.ReservationReceiver.onReceive:38 
02-05 08:54:45.049   674  2484 I chatty  : uid=1000(system) Binder:674_17 expire 12 lines
02-05 08:54:47.022 24396 24396 W ContextImpl: Calling a method in the system process without a qualified user: android.app.ContextImpl.startService:1460 android.content.ContextWrapper.startService:644 android.content.ContextWrapper.startService:644 com.lguplus.iptv3.arzoo.push.LGUPlusPushAgentMsgReceiver.onReceive:104 android.app.ActivityThread.handleReceiver:3252 
02-05 08:54:47.101   674  1412 I chatty  : uid=1000(system) Binder:674_F expire 10 lines
02-05 08:54:47.792   674 10287 I chatty  : uid=1000(system) Binder:674_1B expire 11 lines
02-05 08:54:47.972   674   784 I chatty  : uid=1000(system) ConnectivitySer expire 1 line
02-05 08:54:48.603   674   955 I chatty  : uid=1000(system) Binder:674_4 expire 32 lines
02-05 08:54:48.771 25150 25150 W ContextImpl: Calling a method in the system process without a qualified user: android.app.ContextImpl.sendBroadcast:950 android.content.ContextWrapper.sendBroadcast:431 android.content.ContextWrapper.sendBroadcast:431 com.lguplus.iptv3.onetouchstb.push.LGUPlusPushAgentAPI.checkRegID:153 com.lguplus.iptv3.onetouchstb.push.OnetouchSTBPushManager.requestCheckRegId:46 
02-05 08:54:48.835 25150 25150 W ContextImpl: Calling a method in the system process without a qualified user: android.app.ContextImpl.bindService:1540 android.content.ContextWrapper.bindService:678 com.lguplus.iptv3.onetouchstb.stb.LgIptvShmRemoteWrapper.onBindIptvRemote:114 com.lguplus.iptv3.onetouchstb.service.OneTouchSTBService.onCreate:113 android.app.ActivityThread.handleCreateService:3404 
02-05 08:54:49.815 25235 25235 W ContextImpl: Calling a method in the system process without a qualified user: android.app.ContextImpl.startService:1460 android.content.ContextWrapper.startService:644 android.content.ContextWrapper.startService:644 com.lguplus.iptv3.arzoo.push.LGUPlusPushAgentMsgReceiver.onReceive:104 android.app.ActivityThread.handleReceiver:3252 
02-05 08:54:49.863 25235 25235 W ContextImpl: Calling a method in the system process without a qualified user: android.app.ContextImpl.sendBroadcast:950 android.content.ContextWrapper.sendBroadcast:431 com.lguplus.iptv3.arzoo.push.LGUPlusPushAgentAPI.checkRegID:78 com.lguplus.iptv3.arzoo.push.ARZooPushService.onStartCommand:51 android.app.ActivityThread.handleServiceArgs:3539 
02-05 08:54:49.895 25150 25150 W ContextImpl: Calling a method in the system process without a qualified user: android.app.ContextImpl.sendBroadcast:950 android.content.ContextWrapper.sendBroadcast:431 android.content.ContextWrapper.sendBroadcast:431 com.lguplus.iptv3.onetouchstb.push.LGUPlusPushAgentAPI.checkRegID:153 com.lguplus.iptv3.onetouchstb.push.OnetouchSTBPushManager.requestCheckRegId:46 
02-05 08:54:50.182   674  4815 I chatty  : uid=1000(system) Binder:674_1A expire 11 lines
02-05 08:54:50.195   674  3112 I chatty  : uid=1000(system) Binder:674_18 expire 11 lines
02-05 08:54:50.590   674  2359 I chatty  : uid=1000(system) Binder:674_16 expire 19 lines
02-05 08:54:51.836   674   862 I chatty  : uid=1000(system) Binder:674_3 expire 15 lines
02-05 08:54:59.000 27385 25395 F libc    : Fatal signal 11 (SIGSEGV), code 1, fault addr 0x0 in tid 25395 (EpgAgent)
02-05 08:54:59.061 25402 25402 F DEBUG   : *** *** *** *** *** *** *** *** *** *** *** *** *** *** *** ***
02-05 08:54:59.061 25402 25402 F DEBUG   : Build fingerprint: 'LGE/woofer2/woofer2:8.0.0/OPR5.170623.007/20180129_V.99.71.0305:userdebug/release-keys'
02-05 08:54:59.061 25402 25402 F DEBUG   : Revision: '0'
02-05 08:54:59.061 25402 25402 F DEBUG   : ABI: 'arm'
02-05 08:54:59.061 25402 25402 F DEBUG   : pid: 27385, tid: 25395, name: EpgAgent  >>> /system/vendor/bin/EpgAgent <<<
02-05 08:54:59.061 25402 25402 F DEBUG   : signal 11 (SIGSEGV), code 1 (SEGV_MAPERR), fault addr 0x0
02-05 08:54:59.061 25402 25402 F DEBUG   : Cause: null pointer dereference
02-05 08:54:59.061 25402 25402 F DEBUG   :     r0 00000000  r1 ef30215c  r2 00000030  r3 ef301b9c
02-05 08:54:59.061 25402 25402 F DEBUG   :     r4 00000000  r5 f20970d0  r6 ef302170  r7 ef3022dc
02-05 08:54:59.061 25402 25402 F DEBUG   :     r8 ef30215c  r9 f2371c08  sl f2363db0  fp f2363d80
02-05 08:54:59.061 25402 25402 F DEBUG   :     ip f2375dd4  sp ef302138  lr f230da08  pc f21ec730  cpsr 600e0030
02-05 08:54:59.065 25402 25402 F DEBUG   : 
02-05 08:54:59.065 25402 25402 F DEBUG   : backtrace:
02-05 08:54:59.065 25402 25402 F DEBUG   :     #00 pc 00019730  /system/lib/libc.so (strcat+11)
02-05 08:54:59.065 25402 25402 F DEBUG   :     #01 pc 0003aa04  /system/vendor/lib/libepgagent.so (_ZN15APPNetInterface15MakeDataForSendEP16_SendMessageInfo+680)
02-05 08:54:59.065 25402 25402 F DEBUG   :     #02 pc ffffffff  <unknown>
02-05 08:54:59.131   674   877 I chatty  : uid=1000(system) Thread-6 expire 1 line
02-05 08:54:59.138   674   706 I chatty  : uid=1000(system) FileObserver expire 1 line
02-05 08:55:09.137 25475 25475 W ContextImpl: Calling a method in the system process without a qualified user: android.app.ContextImpl.startService:1460 android.content.ContextWrapper.startService:644 android.content.ContextWrapper.startService:644 com.lguplus.iptv3.arzoo.push.LGUPlusPushAgentMsgReceiver.onReceive:104 android.app.ActivityThread.handleReceiver:3252 
02-05 08:55:09.171   674   693 I chatty  : uid=1000(system) Binder:674_2 expire 23 lines
02-05 08:55:09.202 25475 25475 W ContextImpl: Calling a method in the system process without a qualified user: android.app.ContextImpl.sendBroadcast:950 android.content.ContextWrapper.sendBroadcast:431 com.lguplus.iptv3.arzoo.push.LGUPlusPushAgentAPI.checkRegID:78 com.lguplus.iptv3.arzoo.push.ARZooPushService.onStartCommand:51 android.app.ActivityThread.handleServiceArgs:3539 
02-05 08:55:10.281   674  1411 I chatty  : uid=1000(system) Binder:674_E expire 12 lines
02-05 08:55:10.375 25518 25518 W ContextImpl: Calling a method in the system process without a qualified user: android.app.ContextImpl.sendBroadcast:950 android.content.ContextWrapper.sendBroadcast:431 android.content.ContextWrapper.sendBroadcast:431 com.lguplus.iptv3.onetouchstb.push.LGUPlusPushAgentAPI.checkRegID:153 com.lguplus.iptv3.onetouchstb.push.OnetouchSTBPushManager.requestCheckRegId:46 
02-05 08:55:10.410 25518 25518 W ContextImpl: Calling a method in the system process without a qualified user: android.app.ContextImpl.bindService:1540 android.content.ContextWrapper.bindService:678 com.lguplus.iptv3.onetouchstb.stb.LgIptvShmRemoteWrapper.onBindIptvRemote:114 com.lguplus.iptv3.onetouchstb.service.OneTouchSTBService.onCreate:113 android.app.ActivityThread.handleCreateService:3404 
02-05 08:55:12.645   674  1348 I chatty  : uid=1000(system) Binder:674_8 expire 12 lines
02-05 08:55:42.792   674   696 I chatty  : uid=1000(system) ActivityManager expire 12 lines
02-05 08:55:52.343   674  1370 I chatty  : uid=1000(system) Binder:674_A expire 11 lines
02-05 08:55:53.070   674  1129 I chatty  : uid=1000(system) Binder:674_6 expire 15 lines
02-05 08:55:53.754 25518 25518 W ContextImpl: Calling a method in the system process without a qualified user: android.app.ContextImpl.startService:1460 android.content.ContextWrapper.startService:644 android.content.ContextWrapper.startService:644 com.lguplus.iptv3.onetouchstb.receiver.ReservationReceiver.startService:49 com.lguplus.iptv3.onetouchstb.receiver.ReservationReceiver.onReceive:38 
02-05 08:55:53.779   674   693 I chatty  : uid=1000(system) Binder:674_2 expire 10 lines
02-05 08:55:54.788 26041 26041 W ContextImpl: Calling a method in the system process without a qualified user: android.app.ContextImpl.startService:1460 android.content.ContextWrapper.startService:644 android.content.ContextWrapper.startService:644 com.lguplus.iptv3.arzoo.push.LGUPlusPushAgentMsgReceiver.onReceive:104 android.app.ActivityThread.handleReceiver:3252 
02-05 08:55:54.876 26041 26041 W ContextImpl: Calling a method in the system process without a qualified user: android.app.ContextImpl.sendBroadcast:950 android.content.ContextWrapper.sendBroadcast:431 com.lguplus.iptv3.arzoo.push.LGUPlusPushAgentAPI.checkRegID:78 com.lguplus.iptv3.arzoo.push.ARZooPushService.onStartCommand:51 android.app.ActivityThread.handleServiceArgs:3539 
02-05 08:55:55.308   674  1386 I chatty  : uid=1000(system) Binder:674_C expire 13 lines
02-05 08:55:55.731 26099 26099 W ContextImpl: Calling a method in the system process without a qualified user: android.app.ContextImpl.sendBroadcast:950 android.content.ContextWrapper.sendBroadcast:431 android.content.ContextWrapper.sendBroadcast:431 com.lguplus.iptv3.onetouchstb.push.LGUPlusPushAgentAPI.checkRegID:153 com.lguplus.iptv3.onetouchstb.push.OnetouchSTBPushManager.requestCheckRegId:46 
02-05 08:55:55.779 26099 26099 W ContextImpl: Calling a method in the system process without a qualified user: android.app.ContextImpl.bindService:1540 android.content.ContextWrapper.bindService:678 com.lguplus.iptv3.onetouchstb.stb.LgIptvShmRemoteWrapper.onBindIptvRemote:114 com.lguplus.iptv3.onetouchstb.service.OneTouchSTBService.onCreate:113 android.app.ActivityThread.handleCreateService:3404 
02-05 08:55:55.804   674  2326 I chatty  : uid=1000(system) Binder:674_13 expire 14 lines
02-05 08:55:55.973 15387 15399 V PackageManager: [474169fe-e9a2-4c50-b4b2-c75b0e9f639e] Phase1 called; posting
02-05 08:55:55.976 15387 15387 D PackageManager: [474169fe-e9a2-4c50-b4b2-c75b0e9f639e] Phase1 request; prefix: [-1769209856]
02-05 08:55:56.129 25966 26030 V FingerprintManager: FingerprintManagerService was null
02-05 08:55:56.708 26041 26041 W ContextImpl: Calling a method in the system process without a qualified user: android.app.ContextImpl.startService:1460 android.content.ContextWrapper.startService:644 android.content.ContextWrapper.startService:644 com.lguplus.iptv3.arzoo.push.LGUPlusPushAgentMsgReceiver.onReceive:104 android.app.ActivityThread.handleReceiver:3252 
02-05 08:55:56.732 26099 26099 W ContextImpl: Calling a method in the system process without a qualified user: android.app.ContextImpl.sendBroadcast:950 android.content.ContextWrapper.sendBroadcast:431 android.content.ContextWrapper.sendBroadcast:431 com.lguplus.iptv3.onetouchstb.push.LGUPlusPushAgentAPI.checkRegID:153 com.lguplus.iptv3.onetouchstb.push.OnetouchSTBPushManager.requestCheckRegId:46 
02-05 08:56:25.859   674   710 I chatty  : uid=1000(system) CpuTracker expire 3 lines
02-05 08:56:26.645 26443 26443 W ContextImpl: Calling a method in the system process without a qualified user: android.app.ContextImpl.startService:1460 android.content.ContextWrapper.startService:644 android.content.ContextWrapper.startService:644 com.lguplus.iptv3.onetouchstb.receiver.ReservationReceiver.startService:49 com.lguplus.iptv3.onetouchstb.receiver.ReservationReceiver.onReceive:38 
02-05 08:56:26.648 26443 26443 W ContextImpl: Calling a method in the system process without a qualified user: android.app.ContextImpl.bindService:1540 android.content.ContextWrapper.bindService:678 com.lguplus.iptv3.onetouchstb.stb.LgIptvShmRemoteWrapper.onBindIptvRemote:114 com.lguplus.iptv3.onetouchstb.service.OneTouchSTBService.onCreate:113 android.app.ActivityThread.handleCreateService:3404 
02-05 08:56:26.663   674  2326 I chatty  : uid=1000(system) Binder:674_13 expire 10 lines
02-05 08:56:26.885   674  1386 I chatty  : uid=1000(system) Binder:674_C expire 17 lines
02-05 08:56:42.696 15387 15399 V PackageManager: [5aa4fc6a-c235-430a-9e5e-fef545620f78] Phase1 called; posting
02-05 08:56:42.697 15387 15387 D PackageManager: [5aa4fc6a-c235-430a-9e5e-fef545620f78] Phase1 request; prefix: [-178438144]
02-05 08:56:42.751 26600 26641 V FingerprintManager: FingerprintManagerService was null
02-05 08:56:56.958 26738 26738 W ContextImpl: Calling a method in the system process without a qualified user: android.app.ContextImpl.startService:1460 android.content.ContextWrapper.startService:644 android.content.ContextWrapper.startService:644 com.lguplus.iptv3.onetouchstb.receiver.ReservationReceiver.startService:49 com.lguplus.iptv3.onetouchstb.receiver.ReservationReceiver.onReceive:38 
02-05 08:56:56.963 26738 26738 W ContextImpl: Calling a method in the system process without a qualified user: android.app.ContextImpl.bindService:1540 android.content.ContextWrapper.bindService:678 com.lguplus.iptv3.onetouchstb.stb.LgIptvShmRemoteWrapper.onBindIptvRemote:114 com.lguplus.iptv3.onetouchstb.service.OneTouchSTBService.onCreate:113 android.app.ActivityThread.handleCreateService:3404 
02-05 08:57:27.252   674   696 I chatty  : uid=1000(system) ActivityManager expire 11 lines
02-05 08:57:27.351   674  4815 I chatty  : uid=1000(system) Binder:674_1A expire 24 lines
02-05 08:57:27.390   491   491 E wificond: Received error messsage: Try again
02-05 08:57:27.390   491   491 E wificond: NL80211_CMD_TRIGGER_SCAN failed
02-05 08:57:27.611 26923 26923 W ContextImpl: Calling a method in the system process without a qualified user: android.app.ContextImpl.startService:1460 android.content.ContextWrapper.startService:644 android.content.ContextWrapper.startService:644 com.lguplus.iptv3.onetouchstb.receiver.ReservationReceiver.startService:49 com.lguplus.iptv3.onetouchstb.receiver.ReservationReceiver.onReceive:38 
02-05 08:57:27.613 26923 26923 W ContextImpl: Calling a method in the system process without a qualified user: android.app.ContextImpl.bindService:1540 android.content.ContextWrapper.bindService:678 com.lguplus.iptv3.onetouchstb.stb.LgIptvShmRemoteWrapper.onBindIptvRemote:114 com.lguplus.iptv3.onetouchstb.service.OneTouchSTBService.onCreate:113 android.app.ActivityThread.handleCreateService:3404 
02-05 08:57:27.850 26944 26944 W ContextImpl: Calling a method in the system process without a qualified user: android.app.ContextImpl.startService:1460 android.content.ContextWrapper.startService:644 android.content.ContextWrapper.startService:644 com.lguplus.iptv3.arzoo.push.LGUPlusPushAgentMsgReceiver.onReceive:104 android.app.ActivityThread.handleReceiver:3252 
02-05 08:57:27.910 26944 26944 W ContextImpl: Calling a method in the system process without a qualified user: android.app.ContextImpl.sendBroadcast:950 android.content.ContextWrapper.sendBroadcast:431 com.lguplus.iptv3.arzoo.push.LGUPlusPushAgentAPI.checkRegID:78 com.lguplus.iptv3.arzoo.push.ARZooPushService.onStartCommand:51 android.app.ActivityThread.handleServiceArgs:3539 
02-05 08:57:28.176   674 15526 I chatty  : uid=1000(system) Binder:674_1E expire 10 lines
02-05 08:57:29.467   674  1348 I chatty  : uid=1000(system) Binder:674_8 expire 10 lines
02-05 08:57:29.471   674  2484 I chatty  : uid=1000(system) Binder:674_17 expire 13 lines
02-05 08:57:29.620 27033 27033 W ContextImpl: Calling a method in the system process without a qualified user: android.app.ContextImpl.sendBroadcast:950 android.content.ContextWrapper.sendBroadcast:431 android.content.ContextWrapper.sendBroadcast:431 com.lguplus.iptv3.onetouchstb.push.LGUPlusPushAgentAPI.checkRegID:153 com.lguplus.iptv3.onetouchstb.push.OnetouchSTBPushManager.requestCheckRegId:46 
02-05 08:57:29.664 27033 27033 W ContextImpl: Calling a method in the system process without a qualified user: android.app.ContextImpl.bindService:1540 android.content.ContextWrapper.bindService:678 com.lguplus.iptv3.onetouchstb.stb.LgIptvShmRemoteWrapper.onBindIptvRemote:114 com.lguplus.iptv3.onetouchstb.service.OneTouchSTBService.onCreate:113 android.app.ActivityThread.handleCreateService:3404 
02-05 08:57:30.015   674  1369 I chatty  : uid=1000(system) Binder:674_9 expire 11 lines
02-05 08:57:30.262   674  1384 I chatty  : uid=1000(system) Binder:674_B expire 10 lines
02-05 08:57:30.466   674 10334 I chatty  : uid=1000(system) Binder:674_1D expire 10 lines
02-05 08:57:30.512   674  2354 I chatty  : uid=1000(system) Binder:674_15 expire 15 lines
02-05 08:57:31.401   674 26964 I chatty  : uid=1000 system_server expire 4 lines
02-05 08:57:31.816 27178 27178 W ContextImpl: Calling a method in the system process without a qualified user: android.app.ContextImpl.bindService:1540 android.content.ContextWrapper.bindService:678 com.lguplus.iptv3.onetouchstb.stb.LgIptvShmRemoteWrapper.onBindIptvRemote:114 com.lguplus.iptv3.onetouchstb.service.OneTouchSTBService.onCreate:113 android.app.ActivityThread.handleCreateService:3404 
02-05 08:57:31.849   674  1488 I chatty  : uid=1000(system) Binder:674_12 expire 12 lines
02-05 08:57:42.415 27308 27308 W ContextImpl: Calling a method in the system process without a qualified user: android.app.ContextImpl.bindService:1540 android.content.ContextWrapper.bindService:678 com.lguplus.iptv3.onetouchstb.stb.LgIptvShmRemoteWrapper.onBindIptvRemote:114 com.lguplus.iptv3.onetouchstb.service.OneTouchSTBService.onCreate:113 android.app.ActivityThread.handleCreateService:3404 
02-05 08:58:13.921   674 17247 I chatty  : uid=1000(system) Binder:674_1F expire 11 lines
02-05 08:58:14.171 27646 27646 W ContextImpl: Calling a method in the system process without a qualified user: android.app.ContextImpl.startService:1460 android.content.ContextWrapper.startService:644 android.content.ContextWrapper.startService:644 com.lguplus.iptv3.onetouchstb.receiver.ReservationReceiver.startService:49 com.lguplus.iptv3.onetouchstb.receiver.ReservationReceiver.onReceive:38 
02-05 08:58:14.175 27646 27646 W ContextImpl: Calling a method in the system process without a qualified user: android.app.ContextImpl.bindService:1540 android.content.ContextWrapper.bindService:678 com.lguplus.iptv3.onetouchstb.stb.LgIptvShmRemoteWrapper.onBindIptvRemote:114 com.lguplus.iptv3.onetouchstb.service.OneTouchSTBService.onCreate:113 android.app.ActivityThread.handleCreateService:3404 
02-05 08:58:14.305   674  1370 I chatty  : uid=1000(system) Binder:674_A expire 18 lines
02-05 08:58:14.516   674 10287 I chatty  : uid=1000(system) Binder:674_1B expire 12 lines
02-05 08:58:16.118 27758 27758 W ContextImpl: Calling a method in the system process without a qualified user: android.app.ContextImpl.startService:1460 android.content.ContextWrapper.startService:644 android.content.ContextWrapper.startService:644 com.lguplus.iptv3.arzoo.push.LGUPlusPushAgentMsgReceiver.onReceive:104 android.app.ActivityThread.handleReceiver:3252 
02-05 08:58:16.235 27758 27758 W ContextImpl: Calling a method in the system process without a qualified user: android.app.ContextImpl.sendBroadcast:950 android.content.ContextWrapper.sendBroadcast:431 com.lguplus.iptv3.arzoo.push.LGUPlusPushAgentAPI.checkRegID:78 com.lguplus.iptv3.arzoo.push.ARZooPushService.onStartCommand:51 android.app.ActivityThread.handleServiceArgs:3539 
02-05 08:58:17.334   674   693 I chatty  : uid=1000(system) Binder:674_2 expire 10 lines
02-05 08:58:17.823 27856 27856 W ContextImpl: Calling a method in the system process without a qualified user: android.app.ContextImpl.sendBroadcast:950 android.content.ContextWrapper.sendBroadcast:431 android.content.ContextWrapper.sendBroadcast:431 com.lguplus.iptv3.onetouchstb.push.LGUPlusPushAgentAPI.checkRegID:153 com.lguplus.iptv3.onetouchstb.push.OnetouchSTBPushManager.requestCheckRegId:46 
02-05 08:58:17.892 27856 27856 W ContextImpl: Calling a method in the system process without a qualified user: android.app.ContextImpl.bindService:1540 android.content.ContextWrapper.bindService:678 com.lguplus.iptv3.onetouchstb.stb.LgIptvShmRemoteWrapper.onBindIptvRemote:114 com.lguplus.iptv3.onetouchstb.service.OneTouchSTBService.onCreate:113 android.app.ActivityThread.handleCreateService:3404 
02-05 08:58:18.782 27925 27925 W ContextImpl: Calling a method in the system process without a qualified user: android.app.ContextImpl.startService:1460 android.content.ContextWrapper.startService:644 android.content.ContextWrapper.startService:644 com.lguplus.iptv3.arzoo.push.LGUPlusPushAgentMsgReceiver.onReceive:104 android.app.ActivityThread.handleReceiver:3252 
02-05 08:58:20.607 27991 27991 W ContextImpl: Calling a method in the system process without a qualified user: android.app.ContextImpl.sendBroadcast:950 android.content.ContextWrapper.sendBroadcast:431 android.content.ContextWrapper.sendBroadcast:431 com.lguplus.iptv3.onetouchstb.push.LGUPlusPushAgentAPI.checkRegID:153 com.lguplus.iptv3.onetouchstb.push.OnetouchSTBPushManager.requestCheckRegId:46 
02-05 08:58:20.661 27991 27991 W ContextImpl: Calling a method in the system process without a qualified user: android.app.ContextImpl.bindService:1540 android.content.ContextWrapper.bindService:678 com.lguplus.iptv3.onetouchstb.stb.LgIptvShmRemoteWrapper.onBindIptvRemote:114 com.lguplus.iptv3.onetouchstb.service.OneTouchSTBService.onCreate:113 android.app.ActivityThread.handleCreateService:3404 
02-05 08:58:21.276   674  2329 I chatty  : uid=1000(system) Binder:674_14 expire 11 lines
02-05 08:58:22.229   674   862 I chatty  : uid=1000(system) Binder:674_3 expire 11 lines
02-05 08:58:22.357 28099 28099 W ContextImpl: Calling a method in the system process without a qualified user: android.app.ContextImpl.bindService:1540 android.content.ContextWrapper.bindService:678 com.lguplus.iptv3.onetouchstb.stb.LgIptvShmRemoteWrapper.onBindIptvRemote:114 com.lguplus.iptv3.onetouchstb.service.OneTouchSTBService.onCreate:113 android.app.ActivityThread.handleCreateService:3404 
02-05 08:58:22.369   674 10293 I chatty  : uid=1000(system) Binder:674_1C expire 13 lines
02-05 08:58:23.083   674  1384 I chatty  : uid=1000(system) Binder:674_B expire 12 lines
02-05 08:58:23.406   674  1412 I chatty  : uid=1000(system) Binder:674_F expire 16 lines
02-05 08:58:24.082   674   696 I chatty  : uid=1000(system) ActivityManager expire 16 lines
02-05 08:58:24.393 28246 28246 W ContextImpl: Calling a method in the system process without a qualified user: android.app.ContextImpl.startService:1460 android.content.ContextWrapper.startService:644 android.content.ContextWrapper.startService:644 com.lguplus.iptv3.arzoo.push.LGUPlusPushAgentMsgReceiver.onReceive:104 android.app.ActivityThread.handleReceiver:3252 
02-05 08:58:24.504 28246 28246 W ContextImpl: Calling a method in the system process without a qualified user: android.app.ContextImpl.sendBroadcast:950 android.content.ContextWrapper.sendBroadcast:431 com.lguplus.iptv3.arzoo.push.LGUPlusPushAgentAPI.checkRegID:78 com.lguplus.iptv3.arzoo.push.ARZooPushService.onStartCommand:51 android.app.ActivityThread.handleServiceArgs:3539 
02-05 08:58:25.857   674  1129 I chatty  : uid=1000(system) Binder:674_6 expire 12 lines
02-05 08:58:25.907 28365 28365 W ContextImpl: Calling a method in the system process without a qualified user: android.app.ContextImpl.sendBroadcast:950 android.content.ContextWrapper.sendBroadcast:431 android.content.ContextWrapper.sendBroadcast:431 com.lguplus.iptv3.onetouchstb.push.LGUPlusPushAgentAPI.checkRegID:153 com.lguplus.iptv3.onetouchstb.push.OnetouchSTBPushManager.requestCheckRegId:46 
02-05 08:58:25.958 28365 28365 W ContextImpl: Calling a method in the system process without a qualified user: android.app.ContextImpl.bindService:1540 android.content.ContextWrapper.bindService:678 com.lguplus.iptv3.onetouchstb.stb.LgIptvShmRemoteWrapper.onBindIptvRemote:114 com.lguplus.iptv3.onetouchstb.service.OneTouchSTBService.onCreate:113 android.app.ActivityThread.handleCreateService:3404 
02-05 08:58:26.297   674  1442 I chatty  : uid=1000(system) Binder:674_11 expire 10 lines
02-05 08:58:27.374 28535 28535 W ContextImpl: Calling a method in the system process without a qualified user: android.app.ContextImpl.startService:1460 android.content.ContextWrapper.startService:644 android.content.ContextWrapper.startService:644 com.lguplus.iptv3.arzoo.push.LGUPlusPushAgentMsgReceiver.onReceive:104 android.app.ActivityThread.handleReceiver:3252 
02-05 08:58:27.406 28535 28535 W ContextImpl: Calling a method in the system process without a qualified user: android.app.ContextImpl.sendBroadcast:950 android.content.ContextWrapper.sendBroadcast:431 com.lguplus.iptv3.arzoo.push.LGUPlusPushAgentAPI.checkRegID:78 com.lguplus.iptv3.arzoo.push.ARZooPushService.onStartCommand:51 android.app.ActivityThread.handleServiceArgs:3539 
02-05 08:58:27.807   674   999 I chatty  : uid=1000(system) Binder:674_5 expire 10 lines
02-05 08:58:27.811 27495 27582 I ActivityThread: Removing dead content provider:android.content.ContentProviderProxy@696cd29
02-05 08:58:28.345 27495 27555 I ActivityThread: Removing dead content provider:android.content.ContentProviderProxy@b5251dc
02-05 08:58:28.364   674  1348 I chatty  : uid=1000(system) Binder:674_8 expire 26 lines
02-05 08:58:28.659 28653 28653 W ContextImpl: Calling a method in the system process without a qualified user: android.app.ContextImpl.sendBroadcast:950 android.content.ContextWrapper.sendBroadcast:431 android.content.ContextWrapper.sendBroadcast:431 com.lguplus.iptv3.onetouchstb.push.LGUPlusPushAgentAPI.checkRegID:153 com.lguplus.iptv3.onetouchstb.push.OnetouchSTBPushManager.requestCheckRegId:46 
02-05 08:58:28.716 28653 28653 W ContextImpl: Calling a method in the system process without a qualified user: android.app.ContextImpl.bindService:1540 android.content.ContextWrapper.bindService:678 com.lguplus.iptv3.onetouchstb.stb.LgIptvShmRemoteWrapper.onBindIptvRemote:114 com.lguplus.iptv3.onetouchstb.service.OneTouchSTBService.onCreate:113 android.app.ActivityThread.handleCreateService:3404 
02-05 08:58:29.867 28743 28743 W ContextImpl: Calling a method in the system process without a qualified user: android.app.ContextImpl.bindService:1540 android.content.ContextWrapper.bindService:678 com.lguplus.iptv3.onetouchstb.stb.LgIptvShmRemoteWrapper.onBindIptvRemote:114 com.lguplus.iptv3.onetouchstb.service.OneTouchSTBService.onCreate:113 android.app.ActivityThread.handleCreateService:3404 
02-05 08:58:30.583   674  1441 I chatty  : uid=1000(system) Binder:674_10 expire 12 lines
02-05 08:58:30.764 28850 28850 W ContextImpl: Calling a method in the system process without a qualified user: android.app.ContextImpl.startService:1460 android.content.ContextWrapper.startService:644 android.content.ContextWrapper.startService:644 com.lguplus.iptv3.arzoo.push.LGUPlusPushAgentMsgReceiver.onReceive:104 android.app.ActivityThread.handleReceiver:3252 
02-05 08:58:30.824 28850 28850 W ContextImpl: Calling a method in the system process without a qualified user: android.app.ContextImpl.sendBroadcast:950 android.content.ContextWrapper.sendBroadcast:431 com.lguplus.iptv3.arzoo.push.LGUPlusPushAgentAPI.checkRegID:78 com.lguplus.iptv3.arzoo.push.ARZooPushService.onStartCommand:51 android.app.ActivityThread.handleServiceArgs:3539 
02-05 08:58:32.044 28929 28929 W ContextImpl: Calling a method in the system process without a qualified user: android.app.ContextImpl.sendBroadcast:950 android.content.ContextWrapper.sendBroadcast:431 android.content.ContextWrapper.sendBroadcast:431 com.lguplus.iptv3.onetouchstb.push.LGUPlusPushAgentAPI.checkRegID:153 com.lguplus.iptv3.onetouchstb.push.OnetouchSTBPushManager.requestCheckRegId:46 
02-05 08:58:32.051 28929 28929 W ContextImpl: Calling a method in the system process without a qualified user: android.app.ContextImpl.bindService:1540 android.content.ContextWrapper.bindService:678 com.lguplus.iptv3.onetouchstb.stb.LgIptvShmRemoteWrapper.onBindIptvRemote:114 com.lguplus.iptv3.onetouchstb.service.OneTouchSTBService.onCreate:113 android.app.ActivityThread.handleCreateService:3404 
02-05 08:58:33.209 28999 28999 W ContextImpl: Calling a method in the system process without a qualified user: android.app.ContextImpl.bindService:1540 android.content.ContextWrapper.bindService:678 com.lguplus.iptv3.onetouchstb.stb.LgIptvShmRemoteWrapper.onBindIptvRemote:114 com.lguplus.iptv3.onetouchstb.service.OneTouchSTBService.onCreate:113 android.app.ActivityThread.handleCreateService:3404 
02-05 08:58:33.870 29081 29081 W ContextImpl: Calling a method in the system process without a qualified user: android.app.ContextImpl.startService:1460 android.content.ContextWrapper.startService:644 android.content.ContextWrapper.startService:644 com.lguplus.iptv3.arzoo.push.LGUPlusPushAgentMsgReceiver.onReceive:104 android.app.ActivityThread.handleReceiver:3252 
02-05 08:58:33.904   674  2329 I chatty  : uid=1000(system) Binder:674_14 expire 12 lines
