01-24 14:41:17.734   646  8020 I chatty  : uid=1000(system) Binder:646_1D expire 10 lines
01-24 14:41:18.090  8805  8805 W ContextImpl: Calling a method in the system process without a qualified user: android.app.ContextImpl.startService:1460 android.content.ContextWrapper.startService:644 android.content.ContextWrapper.startService:644 com.lguplus.iptv3.arzoo.push.LGUPlusPushAgentMsgReceiver.onReceive:104 android.app.ActivityThread.handleReceiver:3252 
01-24 14:41:18.114  8805  8805 W ContextImpl: Calling a method in the system process without a qualified user: android.app.ContextImpl.sendBroadcast:950 android.content.ContextWrapper.sendBroadcast:431 com.lguplus.iptv3.arzoo.push.LGUPlusPushAgentAPI.checkRegID:78 com.lguplus.iptv3.arzoo.push.ARZooPushService.onStartCommand:51 android.app.ActivityThread.handleServiceArgs:3539 
01-24 14:41:18.245  8824  8824 W ContextImpl: Calling a method in the system process without a qualified user: android.app.ContextImpl.sendBroadcast:950 android.content.ContextWrapper.sendBroadcast:431 android.content.ContextWrapper.sendBroadcast:431 com.lguplus.iptv3.onetouchstb.push.LGUPlusPushAgentAPI.checkRegID:153 com.lguplus.iptv3.onetouchstb.push.OnetouchSTBPushManager.requestCheckRegId:46 
01-24 14:41:18.248  8824  8824 W ContextImpl: Calling a method in the system process without a qualified user: android.app.ContextImpl.bindService:1540 android.content.ContextWrapper.bindService:678 com.lguplus.iptv3.onetouchstb.stb.LgIptvShmRemoteWrapper.onBindIptvRemote:114 com.lguplus.iptv3.onetouchstb.service.OneTouchSTBService.onCreate:113 android.app.ActivityThread.handleCreateService:3404 
01-24 14:41:18.675  8805  8805 W ContextImpl: Calling a method in the system process without a qualified user: android.app.ContextImpl.startService:1460 android.content.ContextWrapper.startService:644 android.content.ContextWrapper.startService:644 com.lguplus.iptv3.arzoo.push.LGUPlusPushAgentMsgReceiver.onReceive:104 android.app.ActivityThread.handleReceiver:3252 
01-24 14:41:18.764  8824  8824 W ContextImpl: Calling a method in the system process without a qualified user: android.app.ContextImpl.sendBroadcast:950 android.content.ContextWrapper.sendBroadcast:431 android.content.ContextWrapper.sendBroadcast:431 com.lguplus.iptv3.onetouchstb.push.LGUPlusPushAgentAPI.checkRegID:153 com.lguplus.iptv3.onetouchstb.push.OnetouchSTBPushManager.requestCheckRegId:46 
01-24 14:41:18.769  8871  8889 E ActivityThread: Failed to find provider info for com.lguplus.iptv4.base.curationservice.provider.CEpgProvider
01-24 14:41:18.902   646   882 I chatty  : uid=1000(system) Binder:646_4 expire 11 lines
01-24 14:41:25.792   646  9729 I chatty  : uid=1000(system) Binder:646_1E expire 13 lines
01-24 14:41:25.832   646  1385 I chatty  : uid=1000(system) Binder:646_E expire 14 lines
01-24 14:41:25.942   646  1382 I chatty  : uid=1000(system) Binder:646_C expire 13 lines
01-24 14:41:55.797  2820  9218 F libc    : Fatal signal 11 (SIGSEGV), code 1, fault addr 0x3b3b3135 in tid 9218 (EpgAgent)
01-24 14:41:55.841  9223  9223 F DEBUG   : *** *** *** *** *** *** *** *** *** *** *** *** *** *** *** ***
01-24 14:41:55.841  9223  9223 F DEBUG   : Build fingerprint: 'LGE/woofer2/woofer2:8.0.0/OPR5.170623.007/20180118_V.99.71.0304:userdebug/release-keys'
01-24 14:41:55.841  9223  9223 F DEBUG   : Revision: '0'
01-24 14:41:55.841  9223  9223 F DEBUG   : ABI: 'arm'
01-24 14:41:55.842  9223  9223 F DEBUG   : pid: 2820, tid: 9218, name: EpgAgent  >>> /system/vendor/bin/EpgAgent <<<
01-24 14:41:55.842  9223  9223 F DEBUG   : signal 11 (SIGSEGV), code 1 (SEGV_MAPERR), fault addr 0x3b3b3135
01-24 14:41:55.842  9223  9223 F DEBUG   :     r0 ed706300  r1 3b3b3135  r2 8aa659a7  r3 363b3b3b
01-24 14:41:55.842  9223  9223 F DEBUG   :     r4 ed964eb4  r5 ed7170d0  r6 eabff170  r7 eabff2dc
01-24 14:41:55.842  9223  9223 F DEBUG   :     r8 ed706300  r9 ed972c08  sl ed964db0  fp ed964d80
01-24 14:41:55.842  9223  9223 F DEBUG   :     ip ed976dd4  sp eabff148  lr ed90eb74  pc ed99f724  cpsr 200e0030
01-24 14:41:55.846  9223  9223 F DEBUG   : 
01-24 14:41:55.846  9223  9223 F DEBUG   : backtrace:
01-24 14:41:55.847  9223  9223 F DEBUG   :     #00 pc 00019724  /system/lib/libc.so
01-24 14:41:55.847  9223  9223 F DEBUG   :     #01 pc 0003ab70  /system/vendor/lib/libepgagent.so (_ZN15APPNetInterface15MakeDataForSendEP16_SendMessageInfo+1044)
01-24 14:41:55.847  9223  9223 F DEBUG   :     #02 pc 3b3b3230  <unknown>
01-24 14:42:19.025  9328  9351 E ActivityThread: Failed to find provider info for com.lguplus.iptv4.base.curationservice.provider.CEpgProvider
01-24 14:42:19.140   646  1438 I chatty  : uid=1000(system) Binder:646_12 expire 13 lines
01-24 14:42:19.398  9403  9403 W ContextImpl: Calling a method in the system process without a qualified user: android.app.ContextImpl.startService:1460 android.content.ContextWrapper.startService:644 android.content.ContextWrapper.startService:644 com.lguplus.iptv5.base.curationinputservice.cgupdate.reciver.RestartReceiver.onReceive:24 android.app.ActivityThread.handleReceiver:3252 
01-24 14:42:19.414   646  1328 I chatty  : uid=1000(system) Binder:646_B expire 10 lines
01-24 14:42:19.603  9438  9438 W ContextImpl: Calling a method in the system process without a qualified user: android.app.ContextImpl.startService:1460 android.content.ContextWrapper.startService:644 android.content.ContextWrapper.startService:644 com.lguplus.iptv3.onetouchstb.receiver.ReservationReceiver.startService:49 com.lguplus.iptv3.onetouchstb.receiver.ReservationReceiver.onReceive:38 
01-24 14:42:19.607  9438  9438 W ContextImpl: Calling a method in the system process without a qualified user: android.app.ContextImpl.bindService:1540 android.content.ContextWrapper.bindService:678 com.lguplus.iptv3.onetouchstb.stb.LgIptvShmRemoteWrapper.onBindIptvRemote:114 com.lguplus.iptv3.onetouchstb.service.OneTouchSTBService.onCreate:113 android.app.ActivityThread.handleCreateService:3404 
01-24 14:42:24.586   646   661 I chatty  : uid=1000(system) android.bg expire 11 lines
01-24 14:42:31.124   646 10740 I chatty  : uid=1000(system) Binder:646_20 expire 10 lines
01-24 14:42:31.128  9511  9543 E ActivityThread: Failed to find provider info for com.lguplus.iptv4.base.curationservice.provider.CEpgProvider
01-24 14:42:32.034   646   662 I chatty  : uid=1000(system) ActivityManager expire 17 lines
01-24 14:42:32.107  9570  9570 W ContextImpl: Calling a method in the system process without a qualified user: android.app.ContextImpl.bindService:1540 android.content.ContextWrapper.bindService:678 com.lguplus.iptv3.onetouchstb.stb.LgIptvShmRemoteWrapper.onBindIptvRemote:114 com.lguplus.iptv3.onetouchstb.service.OneTouchSTBService.onCreate:113 android.app.ActivityThread.handleCreateService:3404 
01-24 14:42:32.137  9523  9564 W ContextImpl: Calling a method in the system process without a qualified user: android.app.ContextImpl.sendBroadcast:950 android.content.ContextWrapper.sendBroadcast:431 com.lguplus.iptv5.base.curationinputservice.cgupdate.service.Agent_CurationService$1.onComplate:932 com.lguplus.iptv5.base.curationinputservice.cgupdate.task.MulticastThread._startMulticast:396 com.lguplus.iptv5.base.curationinputservice.cgupdate.task.MulticastThread.run:160 
01-24 14:42:32.233   646   658 I chatty  : uid=1000(system) Binder:646_2 expire 16 lines
01-24 14:42:37.285  9617  9634 W ContextImpl: Calling a method in the system process without a qualified user: android.app.ContextImpl.sendBroadcast:950 android.content.ContextWrapper.sendBroadcast:431 com.lguplus.iptv5.base.curationinputservice.cgupdate.service.Agent_CurationService$1.onComplate:932 com.lguplus.iptv5.base.curationinputservice.cgupdate.task.MulticastThread._startMulticast:396 com.lguplus.iptv5.base.curationinputservice.cgupdate.task.MulticastThread.run:160 
01-24 14:42:44.652  9617  9634 W ContextImpl: Calling a method in the system process without a qualified user: android.app.ContextImpl.startService:1460 android.content.ContextWrapper.startService:644 com.lguplus.iptv5.base.curationinputservice.cgupdate.service.Agent_CurationService.setDBInsert:733 com.lguplus.iptv5.base.curationinputservice.cgupdate.service.Agent_CurationService.access$000:35 com.lguplus.iptv5.base.curationinputservice.cgupdate.service.Agent_CurationService$1.onComplate:950 
01-24 14:42:44.697  9617  9634 W ContextImpl: Calling a method in the system process without a qualified user: android.app.ContextImpl.sendBroadcast:950 android.content.ContextWrapper.sendBroadcast:431 com.lguplus.iptv5.base.curationinputservice.cgupdate.service.Agent_CurationService$1.onComplate:966 com.lguplus.iptv5.base.curationinputservice.cgupdate.task.MulticastThread._startMulticast:396 com.lguplus.iptv5.base.curationinputservice.cgupdate.task.MulticastThread.run:160 
01-24 14:42:44.745  5014  9739 I chatty  : uid=1000(system) com.lguplus.iptv3.base.launcher expire 1 line
01-24 14:43:02.223   646  1389 I chatty  : uid=1000(system) Binder:646_F expire 13 lines
01-24 14:43:02.332   646  1525 I chatty  : uid=1000(system) Binder:646_15 expire 16 lines
01-24 14:43:02.437  9921  9921 W ContextImpl: Calling a method in the system process without a qualified user: android.app.ContextImpl.startService:1460 android.content.ContextWrapper.startService:644 android.content.ContextWrapper.startService:644 com.lguplus.iptv3.onetouchstb.receiver.ReservationReceiver.startService:49 com.lguplus.iptv3.onetouchstb.receiver.ReservationReceiver.onReceive:38 
01-24 14:43:02.439  9921  9921 W ContextImpl: Calling a method in the system process without a qualified user: android.app.ContextImpl.bindService:1540 android.content.ContextWrapper.bindService:678 com.lguplus.iptv3.onetouchstb.stb.LgIptvShmRemoteWrapper.onBindIptvRemote:114 com.lguplus.iptv3.onetouchstb.service.OneTouchSTBService.onCreate:113 android.app.ActivityThread.handleCreateService:3404 
01-24 14:43:02.613  9945  9945 W ContextImpl: Calling a method in the system process without a qualified user: android.app.ContextImpl.startService:1460 android.content.ContextWrapper.startService:644 android.content.ContextWrapper.startService:644 com.lguplus.iptv3.arzoo.push.LGUPlusPushAgentMsgReceiver.onReceive:104 android.app.ActivityThread.handleReceiver:3252 
01-24 14:43:02.682  9945  9945 W ContextImpl: Calling a method in the system process without a qualified user: android.app.ContextImpl.sendBroadcast:950 android.content.ContextWrapper.sendBroadcast:431 com.lguplus.iptv3.arzoo.push.LGUPlusPushAgentAPI.checkRegID:78 com.lguplus.iptv3.arzoo.push.ARZooPushService.onStartCommand:51 android.app.ActivityThread.handleServiceArgs:3539 
01-24 14:43:02.775  9977 10006 E ActivityThread: Failed to find provider info for com.lguplus.iptv4.base.curationservice.provider.CEpgProvider
01-24 14:43:03.817 10059 10059 W ContextImpl: Calling a method in the system process without a qualified user: android.app.ContextImpl.sendBroadcast:950 android.content.ContextWrapper.sendBroadcast:431 android.content.ContextWrapper.sendBroadcast:431 com.lguplus.iptv3.onetouchstb.push.LGUPlusPushAgentAPI.checkRegID:153 com.lguplus.iptv3.onetouchstb.push.OnetouchSTBPushManager.requestCheckRegId:46 
01-24 14:43:03.848 10059 10059 W ContextImpl: Calling a method in the system process without a qualified user: android.app.ContextImpl.bindService:1540 android.content.ContextWrapper.bindService:678 com.lguplus.iptv3.onetouchstb.stb.LgIptvShmRemoteWrapper.onBindIptvRemote:114 com.lguplus.iptv3.onetouchstb.service.OneTouchSTBService.onCreate:113 android.app.ActivityThread.handleCreateService:3404 
01-24 14:43:04.377 10123 10123 W ContextImpl: Calling a method in the system process without a qualified user: android.app.ContextImpl.startService:1460 android.content.ContextWrapper.startService:644 android.content.ContextWrapper.startService:644 com.lguplus.iptv3.arzoo.push.LGUPlusPushAgentMsgReceiver.onReceive:104 android.app.ActivityThread.handleReceiver:3252 
01-24 14:43:04.516 10140 10158 E ActivityThread: Failed to find provider info for com.lguplus.iptv4.base.curationservice.provider.CEpgProvider
01-24 14:43:04.611 10165 10165 W ContextImpl: Calling a method in the system process without a qualified user: android.app.ContextImpl.sendBroadcast:950 android.content.ContextWrapper.sendBroadcast:431 android.content.ContextWrapper.sendBroadcast:431 com.lguplus.iptv3.onetouchstb.push.LGUPlusPushAgentAPI.checkRegID:153 com.lguplus.iptv3.onetouchstb.push.OnetouchSTBPushManager.requestCheckRegId:46 
01-24 14:43:04.628 10165 10165 W ContextImpl: Calling a method in the system process without a qualified user: android.app.ContextImpl.bindService:1540 android.content.ContextWrapper.bindService:678 com.lguplus.iptv3.onetouchstb.stb.LgIptvShmRemoteWrapper.onBindIptvRemote:114 com.lguplus.iptv3.onetouchstb.service.OneTouchSTBService.onCreate:113 android.app.ActivityThread.handleCreateService:3404 
01-24 14:43:04.962   646   882 I chatty  : uid=1000(system) Binder:646_4 expire 13 lines
01-24 14:43:05.243 10239 10257 E ActivityThread: Failed to find provider info for com.lguplus.iptv4.base.curationservice.provider.CEpgProvider
01-24 14:43:05.333 10259 10259 W ContextImpl: Calling a method in the system process without a qualified user: android.app.ContextImpl.startService:1460 android.content.ContextWrapper.startService:644 android.content.ContextWrapper.startService:644 com.lguplus.iptv3.arzoo.push.LGUPlusPushAgentMsgReceiver.onReceive:104 android.app.ActivityThread.handleReceiver:3252 
01-24 14:43:05.389 10259 10259 W ContextImpl: Calling a method in the system process without a qualified user: android.app.ContextImpl.sendBroadcast:950 android.content.ContextWrapper.sendBroadcast:431 com.lguplus.iptv3.arzoo.push.LGUPlusPushAgentAPI.checkRegID:78 com.lguplus.iptv3.arzoo.push.ARZooPushService.onStartCommand:51 android.app.ActivityThread.handleServiceArgs:3539 
01-24 14:43:05.426 10291 10311 E ActivityThread: Failed to find provider info for com.lguplus.iptv4.base.curationservice.provider.CEpgProvider
01-24 14:43:05.539 10327 10327 W ContextImpl: Calling a method in the system process without a qualified user: android.app.ContextImpl.sendBroadcast:950 android.content.ContextWrapper.sendBroadcast:431 android.content.ContextWrapper.sendBroadcast:431 com.lguplus.iptv3.onetouchstb.push.LGUPlusPushAgentAPI.checkRegID:153 com.lguplus.iptv3.onetouchstb.push.OnetouchSTBPushManager.requestCheckRegId:46 
01-24 14:43:05.571 10327 10327 W ContextImpl: Calling a method in the system process without a qualified user: android.app.ContextImpl.bindService:1540 android.content.ContextWrapper.bindService:678 com.lguplus.iptv3.onetouchstb.stb.LgIptvShmRemoteWrapper.onBindIptvRemote:114 com.lguplus.iptv3.onetouchstb.service.OneTouchSTBService.onCreate:113 android.app.ActivityThread.handleCreateService:3404 
01-24 14:43:06.232   646  1325 I chatty  : uid=1000(system) Binder:646_8 expire 19 lines
01-24 14:43:06.233  9723  9723 I ActivityThread: Removing dead content provider:android.content.ContentProviderProxy@9f313c0
01-24 14:43:06.290 10381 10381 W ContextImpl: Calling a method in the system process without a qualified user: android.app.ContextImpl.startService:1460 android.content.ContextWrapper.startService:644 android.content.ContextWrapper.startService:644 com.lguplus.iptv3.arzoo.push.LGUPlusPushAgentMsgReceiver.onReceive:104 android.app.ActivityThread.handleReceiver:3252 
01-24 14:43:06.296 10398 10415 E ActivityThread: Failed to find provider info for com.lguplus.iptv4.base.curationservice.provider.CEpgProvider
01-24 14:43:07.211   646  1420 I chatty  : uid=1000(system) Binder:646_11 expire 14 lines
01-24 14:43:07.306 10456 10456 W ContextImpl: Calling a method in the system process without a qualified user: android.app.ContextImpl.sendBroadcast:950 android.content.ContextWrapper.sendBroadcast:431 android.content.ContextWrapper.sendBroadcast:431 com.lguplus.iptv3.onetouchstb.push.LGUPlusPushAgentAPI.checkRegID:153 com.lguplus.iptv3.onetouchstb.push.OnetouchSTBPushManager.requestCheckRegId:46 
01-24 14:43:07.309 10456 10456 W ContextImpl: Calling a method in the system process without a qualified user: android.app.ContextImpl.bindService:1540 android.content.ContextWrapper.bindService:678 com.lguplus.iptv3.onetouchstb.stb.LgIptvShmRemoteWrapper.onBindIptvRemote:114 com.lguplus.iptv3.onetouchstb.service.OneTouchSTBService.onCreate:113 android.app.ActivityThread.handleCreateService:3404 
01-24 14:43:07.894 10513 10513 W ContextImpl: Calling a method in the system process without a qualified user: android.app.ContextImpl.startService:1460 android.content.ContextWrapper.startService:644 android.content.ContextWrapper.startService:644 com.lguplus.iptv3.arzoo.push.LGUPlusPushAgentMsgReceiver.onReceive:104 android.app.ActivityThread.handleReceiver:3252 
01-24 14:43:07.944 10513 10513 W ContextImpl: Calling a method in the system process without a qualified user: android.app.ContextImpl.sendBroadcast:950 android.content.ContextWrapper.sendBroadcast:431 com.lguplus.iptv3.arzoo.push.LGUPlusPushAgentAPI.checkRegID:78 com.lguplus.iptv3.arzoo.push.ARZooPushService.onStartCommand:51 android.app.ActivityThread.handleServiceArgs:3539 
01-24 14:43:08.003 10529 10529 W ContextImpl: Calling a method in the system process without a qualified user: android.app.ContextImpl.sendBroadcast:950 android.content.ContextWrapper.sendBroadcast:431 android.content.ContextWrapper.sendBroadcast:431 com.lguplus.iptv3.onetouchstb.push.LGUPlusPushAgentAPI.checkRegID:153 com.lguplus.iptv3.onetouchstb.push.OnetouchSTBPushManager.requestCheckRegId:46 
01-24 14:43:08.005 10529 10529 W ContextImpl: Calling a method in the system process without a qualified user: android.app.ContextImpl.bindService:1540 android.content.ContextWrapper.bindService:678 com.lguplus.iptv3.onetouchstb.stb.LgIptvShmRemoteWrapper.onBindIptvRemote:114 com.lguplus.iptv3.onetouchstb.service.OneTouchSTBService.onCreate:113 android.app.ActivityThread.handleCreateService:3404 
01-24 14:43:29.502   646  1531 I chatty  : uid=1000(system) Binder:646_16 expire 10 lines
01-24 14:43:32.785   646 10647 I chatty  : uid=1000 system_server expire 4 lines
01-24 14:43:38.189 10683 10683 W ContextImpl: Calling a method in the system process without a qualified user: android.app.ContextImpl.startService:1460 android.content.ContextWrapper.startService:644 android.content.ContextWrapper.startService:644 com.lguplus.iptv5.base.curationinputservice.cgupdate.reciver.RestartReceiver.onReceive:24 android.app.ActivityThread.handleReceiver:3252 
01-24 14:43:38.292   646  3446 I chatty  : uid=1000(system) Binder:646_1C expire 17 lines
01-24 14:43:38.328 10529 10529 W ContextImpl: Calling a method in the system process without a qualified user: android.app.ContextImpl.startService:1460 android.content.ContextWrapper.startService:644 android.content.ContextWrapper.startService:644 com.lguplus.iptv3.onetouchstb.receiver.ReservationReceiver.startService:49 com.lguplus.iptv3.onetouchstb.receiver.ReservationReceiver.onReceive:38 
01-24 14:43:38.338   646  3443 I chatty  : uid=1000(system) Binder:646_19 expire 14 lines
01-24 14:43:45.503 10787 10804 E ActivityThread: Failed to find provider info for com.lguplus.iptv4.base.curationservice.provider.CEpgProvider
01-24 14:43:56.793 10854 10882 W ContextImpl: Calling a method in the system process without a qualified user: android.app.ContextImpl.bindService:1540 android.content.ContextWrapper.bindService:678 io.fabric.sdk.android.services.common.AdvertisingInfoServiceStrategy.getAdvertisingInfo:76 io.fabric.sdk.android.services.common.AdvertisingInfoProvider.getAdvertisingInfoFromStrategies:122 io.fabric.sdk.android.services.common.AdvertisingInfoProvider.access$000:28 
01-24 14:44:12.112   646   736 I chatty  : uid=1000(system) InputDispatcher expire 12 lines
01-24 14:44:21.797   646   662 I chatty  : uid=1000(system) ActivityManager expire 14 lines
01-24 14:44:22.164 11160 11160 W ContextImpl: Calling a method in the system process without a qualified user: android.app.ContextImpl.startService:1460 android.content.ContextWrapper.startService:644 android.content.ContextWrapper.startService:644 com.lguplus.iptv5.base.curationinputservice.cgupdate.reciver.RestartReceiver.onReceive:24 android.app.ActivityThread.handleReceiver:3252 
01-24 14:44:22.372   646   841 I chatty  : uid=1000(system) Binder:646_3 expire 10 lines
01-24 14:44:22.382 11196 11196 W ContextImpl: Calling a method in the system process without a qualified user: android.app.ContextImpl.startService:1460 android.content.ContextWrapper.startService:644 android.content.ContextWrapper.startService:644 com.lguplus.iptv3.onetouchstb.receiver.ReservationReceiver.startService:49 com.lguplus.iptv3.onetouchstb.receiver.ReservationReceiver.onReceive:38 
01-24 14:44:22.385 11196 11196 W ContextImpl: Calling a method in the system process without a qualified user: android.app.ContextImpl.bindService:1540 android.content.ContextWrapper.bindService:678 com.lguplus.iptv3.onetouchstb.stb.LgIptvShmRemoteWrapper.onBindIptvRemote:114 com.lguplus.iptv3.onetouchstb.service.OneTouchSTBService.onCreate:113 android.app.ActivityThread.handleCreateService:3404 
01-24 14:44:22.559 11220 11220 W ContextImpl: Calling a method in the system process without a qualified user: android.app.ContextImpl.startService:1460 android.content.ContextWrapper.startService:644 android.content.ContextWrapper.startService:644 com.lguplus.iptv3.arzoo.push.LGUPlusPushAgentMsgReceiver.onReceive:104 android.app.ActivityThread.handleReceiver:3252 
01-24 14:44:22.620 11220 11220 W ContextImpl: Calling a method in the system process without a qualified user: android.app.ContextImpl.sendBroadcast:950 android.content.ContextWrapper.sendBroadcast:431 com.lguplus.iptv3.arzoo.push.LGUPlusPushAgentAPI.checkRegID:78 com.lguplus.iptv3.arzoo.push.ARZooPushService.onStartCommand:51 android.app.ActivityThread.handleServiceArgs:3539 
01-24 14:44:22.710 11240 11261 E ActivityThread: Failed to find provider info for com.lguplus.iptv4.base.curationservice.provider.CEpgProvider
01-24 14:44:23.832 11318 11318 W ContextImpl: Calling a method in the system process without a qualified user: android.app.ContextImpl.sendBroadcast:950 android.content.ContextWrapper.sendBroadcast:431 android.content.ContextWrapper.sendBroadcast:431 com.lguplus.iptv3.onetouchstb.push.LGUPlusPushAgentAPI.checkRegID:153 com.lguplus.iptv3.onetouchstb.push.OnetouchSTBPushManager.requestCheckRegId:46 
01-24 14:44:23.863 11318 11318 W ContextImpl: Calling a method in the system process without a qualified user: android.app.ContextImpl.bindService:1540 android.content.ContextWrapper.bindService:678 com.lguplus.iptv3.onetouchstb.stb.LgIptvShmRemoteWrapper.onBindIptvRemote:114 com.lguplus.iptv3.onetouchstb.service.OneTouchSTBService.onCreate:113 android.app.ActivityThread.handleCreateService:3404 
01-24 14:44:24.353 11371 11371 W ContextImpl: Calling a method in the system process without a qualified user: android.app.ContextImpl.startService:1460 android.content.ContextWrapper.startService:644 android.content.ContextWrapper.startService:644 com.lguplus.iptv3.arzoo.push.LGUPlusPushAgentMsgReceiver.onReceive:104 android.app.ActivityThread.handleReceiver:3252 
01-24 14:44:24.436 11392 11410 E ActivityThread: Failed to find provider info for com.lguplus.iptv4.base.curationservice.provider.CEpgProvider
01-24 14:44:24.565 11426 11426 W ContextImpl: Calling a method in the system process without a qualified user: android.app.ContextImpl.sendBroadcast:950 android.content.ContextWrapper.sendBroadcast:431 android.content.ContextWrapper.sendBroadcast:431 com.lguplus.iptv3.onetouchstb.push.LGUPlusPushAgentAPI.checkRegID:153 com.lguplus.iptv3.onetouchstb.push.OnetouchSTBPushManager.requestCheckRegId:46 
01-24 14:44:24.584 11426 11426 W ContextImpl: Calling a method in the system process without a qualified user: android.app.ContextImpl.bindService:1540 android.content.ContextWrapper.bindService:678 com.lguplus.iptv3.onetouchstb.stb.LgIptvShmRemoteWrapper.onBindIptvRemote:114 com.lguplus.iptv3.onetouchstb.service.OneTouchSTBService.onCreate:113 android.app.ActivityThread.handleCreateService:3404 
01-24 14:44:24.748 11458 11458 W ContextImpl: Calling a method in the system process without a qualified user: android.app.ContextImpl.bindService:1540 android.content.ContextWrapper.bindService:678 com.lguplus.iptv3.onetouchstb.stb.LgIptvShmRemoteWrapper.onBindIptvRemote:114 com.lguplus.iptv3.onetouchstb.service.OneTouchSTBService.onCreate:113 android.app.ActivityThread.handleCreateService:3404 
01-24 14:44:25.071 11506 11523 E ActivityThread: Failed to find provider info for com.lguplus.iptv4.base.curationservice.provider.CEpgProvider
01-24 14:44:25.087   646  1327 I chatty  : uid=1000(system) Binder:646_A expire 11 lines
01-24 14:44:25.226 11539 11539 W ContextImpl: Calling a method in the system process without a qualified user: android.app.ContextImpl.startService:1460 android.content.ContextWrapper.startService:644 android.content.ContextWrapper.startService:644 com.lguplus.iptv3.arzoo.push.LGUPlusPushAgentMsgReceiver.onReceive:104 android.app.ActivityThread.handleReceiver:3252 
01-24 14:44:25.251   646  3445 I chatty  : uid=1000(system) Binder:646_1B expire 10 lines
01-24 14:44:25.272 11539 11539 W ContextImpl: Calling a method in the system process without a qualified user: android.app.ContextImpl.sendBroadcast:950 android.content.ContextWrapper.sendBroadcast:431 com.lguplus.iptv3.arzoo.push.LGUPlusPushAgentAPI.checkRegID:78 com.lguplus.iptv3.arzoo.push.ARZooPushService.onStartCommand:51 android.app.ActivityThread.handleServiceArgs:3539 
01-24 14:44:25.368 11557 11582 E ActivityThread: Failed to find provider info for com.lguplus.iptv4.base.curationservice.provider.CEpgProvider
01-24 14:44:25.459 11584 11584 W ContextImpl: Calling a method in the system process without a qualified user: android.app.ContextImpl.sendBroadcast:950 android.content.ContextWrapper.sendBroadcast:431 android.content.ContextWrapper.sendBroadcast:431 com.lguplus.iptv3.onetouchstb.push.LGUPlusPushAgentAPI.checkRegID:153 com.lguplus.iptv3.onetouchstb.push.OnetouchSTBPushManager.requestCheckRegId:46 
01-24 14:44:25.463 11584 11584 W ContextImpl: Calling a method in the system process without a qualified user: android.app.ContextImpl.bindService:1540 android.content.ContextWrapper.bindService:678 com.lguplus.iptv3.onetouchstb.stb.LgIptvShmRemoteWrapper.onBindIptvRemote:114 com.lguplus.iptv3.onetouchstb.service.OneTouchSTBService.onCreate:113 android.app.ActivityThread.handleCreateService:3404 
01-24 14:44:26.038 11628 11628 W ContextImpl: Calling a method in the system process without a qualified user: android.app.ContextImpl.startService:1460 android.content.ContextWrapper.startService:644 android.content.ContextWrapper.startService:644 com.lguplus.iptv3.arzoo.push.LGUPlusPushAgentMsgReceiver.onReceive:104 android.app.ActivityThread.handleReceiver:3252 
01-24 14:44:26.049 11584 11584 W ContextImpl: Calling a method in the system process without a qualified user: android.app.ContextImpl.sendBroadcast:950 android.content.ContextWrapper.sendBroadcast:431 android.content.ContextWrapper.sendBroadcast:431 com.lguplus.iptv3.onetouchstb.push.LGUPlusPushAgentAPI.checkRegID:153 com.lguplus.iptv3.onetouchstb.push.OnetouchSTBPushManager.requestCheckRegId:46 
01-24 14:44:28.227 11704 11704 W ContextImpl: Calling a method in the system process without a qualified user: android.app.ContextImpl.bindService:1540 android.content.ContextWrapper.bindService:678 com.lguplus.iptv3.onetouchstb.stb.LgIptvShmRemoteWrapper.onBindIptvRemote:114 com.lguplus.iptv3.onetouchstb.service.OneTouchSTBService.onCreate:113 android.app.ActivityThread.handleCreateService:3404 
01-24 14:44:29.700 11748 11748 W ContextImpl: Calling a method in the system process without a qualified user: android.app.ContextImpl.bindService:1540 android.content.ContextWrapper.bindService:678 com.lguplus.iptv3.onetouchstb.stb.LgIptvShmRemoteWrapper.onBindIptvRemote:114 com.lguplus.iptv3.onetouchstb.service.OneTouchSTBService.onCreate:113 android.app.ActivityThread.handleCreateService:3404 
01-24 14:44:29.711   646  1525 I chatty  : uid=1000(system) Binder:646_15 expire 17 lines
01-24 14:44:37.766   646   882 I chatty  : uid=1000(system) Binder:646_4 expire 20 lines
01-24 14:44:37.773   646  1438 I chatty  : uid=1000(system) Binder:646_12 expire 13 lines
01-24 14:44:59.841   646   657 I chatty  : uid=1000(system) Binder:646_1 expire 13 lines
01-24 14:44:59.941 12000 12000 W ContextImpl: Calling a method in the system process without a qualified user: android.app.ContextImpl.startService:1460 android.content.ContextWrapper.startService:644 android.content.ContextWrapper.startService:644 com.lguplus.iptv5.base.curationinputservice.cgupdate.reciver.RestartReceiver.onReceive:24 android.app.ActivityThread.handleReceiver:3252 
01-24 14:45:00.212 12018 12018 W ContextImpl: Calling a method in the system process without a qualified user: android.app.ContextImpl.startService:1460 android.content.ContextWrapper.startService:644 android.content.ContextWrapper.startService:644 com.lguplus.iptv3.onetouchstb.receiver.ReservationReceiver.startService:49 com.lguplus.iptv3.onetouchstb.receiver.ReservationReceiver.onReceive:38 
01-24 14:45:00.214 12018 12018 W ContextImpl: Calling a method in the system process without a qualified user: android.app.ContextImpl.bindService:1540 android.content.ContextWrapper.bindService:678 com.lguplus.iptv3.onetouchstb.stb.LgIptvShmRemoteWrapper.onBindIptvRemote:114 com.lguplus.iptv3.onetouchstb.service.OneTouchSTBService.onCreate:113 android.app.ActivityThread.handleCreateService:3404 
01-24 14:45:38.898   646   662 I chatty  : uid=1000(system) ActivityManager expire 20 lines
01-24 14:45:39.054 12018 12018 W ContextImpl: Calling a method in the system process without a qualified user: android.app.ContextImpl.startService:1460 android.content.ContextWrapper.startService:644 android.content.ContextWrapper.startService:644 com.lguplus.iptv3.onetouchstb.receiver.ReservationReceiver.startService:49 com.lguplus.iptv3.onetouchstb.receiver.ReservationReceiver.onReceive:38 
01-24 14:45:39.082   646  1382 I chatty  : uid=1000(system) Binder:646_C expire 10 lines
01-24 14:45:39.320 12254 12254 W ContextImpl: Calling a method in the system process without a qualified user: android.app.ContextImpl.startService:1460 android.content.ContextWrapper.startService:644 android.content.ContextWrapper.startService:644 com.lguplus.iptv3.arzoo.push.LGUPlusPushAgentMsgReceiver.onReceive:104 android.app.ActivityThread.handleReceiver:3252 
01-24 14:45:39.389 12254 12254 W ContextImpl: Calling a method in the system process without a qualified user: android.app.ContextImpl.sendBroadcast:950 android.content.ContextWrapper.sendBroadcast:431 com.lguplus.iptv3.arzoo.push.LGUPlusPushAgentAPI.checkRegID:78 com.lguplus.iptv3.arzoo.push.ARZooPushService.onStartCommand:51 android.app.ActivityThread.handleServiceArgs:3539 
01-24 14:45:39.508 12270 12304 E ActivityThread: Failed to find provider info for com.lguplus.iptv4.base.curationservice.provider.CEpgProvider
01-24 14:45:39.527   646  8020 I chatty  : uid=1000(system) Binder:646_1D expire 12 lines
01-24 14:45:39.892   646  3444 I chatty  : uid=1000(system) Binder:646_1A expire 13 lines
01-24 14:45:40.292   646  1418 I chatty  : uid=1000(system) Binder:646_10 expire 12 lines
01-24 14:45:40.296 12289 12289 I ActivityThread: Removing dead content provider:android.content.ContentProviderProxy@513e654
01-24 14:45:40.941   646  1385 I chatty  : uid=1000(system) Binder:646_E expire 10 lines
01-24 14:45:41.156 12469 12469 W ContextImpl: Calling a method in the system process without a qualified user: android.app.ContextImpl.sendBroadcast:950 android.content.ContextWrapper.sendBroadcast:431 android.content.ContextWrapper.sendBroadcast:431 com.lguplus.iptv3.onetouchstb.push.LGUPlusPushAgentAPI.checkRegID:153 com.lguplus.iptv3.onetouchstb.push.OnetouchSTBPushManager.requestCheckRegId:46 
01-24 14:45:41.211 12469 12469 W ContextImpl: Calling a method in the system process without a qualified user: android.app.ContextImpl.bindService:1540 android.content.ContextWrapper.bindService:678 com.lguplus.iptv3.onetouchstb.stb.LgIptvShmRemoteWrapper.onBindIptvRemote:114 com.lguplus.iptv3.onetouchstb.service.OneTouchSTBService.onCreate:113 android.app.ActivityThread.handleCreateService:3404 
01-24 14:45:41.312 12289 12409 I ActivityThread: Removing dead content provider:android.content.ContentProviderProxy@30418f9
01-24 14:45:41.559   646   646 I chatty  : uid=1000 system_server expire 11 lines
01-24 14:45:42.177 12644 12662 E ActivityThread: Failed to find provider info for com.lguplus.iptv4.base.curationservice.provider.CEpgProvider
01-24 14:45:43.206 12704 12704 W ContextImpl: Calling a method in the system process without a qualified user: android.app.ContextImpl.startService:1460 android.content.ContextWrapper.startService:644 android.content.ContextWrapper.startService:644 com.lguplus.iptv3.arzoo.push.LGUPlusPushAgentMsgReceiver.onReceive:104 android.app.ActivityThread.handleReceiver:3252 
01-24 14:45:43.229   646  3102 I chatty  : uid=1000(system) Binder:646_17 expire 14 lines
01-24 14:45:43.239 12704 12704 W ContextImpl: Calling a method in the system process without a qualified user: android.app.ContextImpl.sendBroadcast:950 android.content.ContextWrapper.sendBroadcast:431 com.lguplus.iptv3.arzoo.push.LGUPlusPushAgentAPI.checkRegID:78 com.lguplus.iptv3.arzoo.push.ARZooPushService.onStartCommand:51 android.app.ActivityThread.handleServiceArgs:3539 
01-24 14:45:44.179 12746 12746 W ContextImpl: Calling a method in the system process without a qualified user: android.app.ContextImpl.sendBroadcast:950 android.content.ContextWrapper.sendBroadcast:431 android.content.ContextWrapper.sendBroadcast:431 com.lguplus.iptv3.onetouchstb.push.LGUPlusPushAgentAPI.checkRegID:153 com.lguplus.iptv3.onetouchstb.push.OnetouchSTBPushManager.requestCheckRegId:46 
01-24 14:45:44.195 12746 12746 W ContextImpl: Calling a method in the system process without a qualified user: android.app.ContextImpl.bindService:1540 android.content.ContextWrapper.bindService:678 com.lguplus.iptv3.onetouchstb.stb.LgIptvShmRemoteWrapper.onBindIptvRemote:114 com.lguplus.iptv3.onetouchstb.service.OneTouchSTBService.onCreate:113 android.app.ActivityThread.handleCreateService:3404 
01-24 14:45:44.424   646   658 I chatty  : uid=1000(system) Binder:646_2 expire 10 lines
01-24 14:45:44.830 12814 12814 W ContextImpl: Calling a method in the system process without a qualified user: android.app.ContextImpl.startService:1460 android.content.ContextWrapper.startService:644 android.content.ContextWrapper.startService:644 com.lguplus.iptv3.arzoo.push.LGUPlusPushAgentMsgReceiver.onReceive:104 android.app.ActivityThread.handleReceiver:3252 
01-24 14:45:44.847 12746 12746 W ContextImpl: Calling a method in the system process without a qualified user: android.app.ContextImpl.sendBroadcast:950 android.content.ContextWrapper.sendBroadcast:431 android.content.ContextWrapper.sendBroadcast:431 com.lguplus.iptv3.onetouchstb.push.LGUPlusPushAgentAPI.checkRegID:153 com.lguplus.iptv3.onetouchstb.push.OnetouchSTBPushManager.requestCheckRegId:46 
01-24 14:45:45.252   646   882 I chatty  : uid=1000(system) Binder:646_4 expire 13 lines
01-24 14:46:15.009   646   841 I chatty  : uid=1000(system) Binder:646_3 expire 22 lines
01-24 14:46:15.202   646  1519 I chatty  : uid=1000(system) Binder:646_14 expire 11 lines
01-24 14:46:15.273 13050 13050 W ContextImpl: Calling a method in the system process without a qualified user: android.app.ContextImpl.startService:1460 android.content.ContextWrapper.startService:644 android.content.ContextWrapper.startService:644 com.lguplus.iptv3.onetouchstb.receiver.ReservationReceiver.startService:49 com.lguplus.iptv3.onetouchstb.receiver.ReservationReceiver.onReceive:38 
01-24 14:46:15.276 13050 13050 W ContextImpl: Calling a method in the system process without a qualified user: android.app.ContextImpl.bindService:1540 android.content.ContextWrapper.bindService:678 com.lguplus.iptv3.onetouchstb.stb.LgIptvShmRemoteWrapper.onBindIptvRemote:114 com.lguplus.iptv3.onetouchstb.service.OneTouchSTBService.onCreate:113 android.app.ActivityThread.handleCreateService:3404 
01-24 14:46:45.589 13050 13050 W ContextImpl: Calling a method in the system process without a qualified user: android.app.ContextImpl.startService:1460 android.content.ContextWrapper.startService:644 android.content.ContextWrapper.startService:644 com.lguplus.iptv3.onetouchstb.receiver.ReservationReceiver.startService:49 com.lguplus.iptv3.onetouchstb.receiver.ReservationReceiver.onReceive:38 
01-24 14:47:23.581   646   662 I chatty  : uid=1000(system) ActivityManager expire 15 lines
01-24 14:47:25.635 13561 13561 W ContextImpl: Calling a method in the system process without a qualified user: android.app.ContextImpl.startService:1460 android.content.ContextWrapper.startService:644 android.content.ContextWrapper.startService:644 com.lguplus.iptv5.base.curationinputservice.cgupdate.reciver.RestartReceiver.onReceive:24 android.app.ActivityThread.handleReceiver:3252 
01-24 14:47:25.650   646  1327 I chatty  : uid=1000(system) Binder:646_A expire 15 lines
01-24 14:47:26.037 13605 13605 W ContextImpl: Calling a method in the system process without a qualified user: android.app.ContextImpl.startService:1460 android.content.ContextWrapper.startService:644 android.content.ContextWrapper.startService:644 com.lguplus.iptv3.onetouchstb.receiver.ReservationReceiver.startService:49 com.lguplus.iptv3.onetouchstb.receiver.ReservationReceiver.onReceive:38 
01-24 14:47:26.039 13605 13605 W ContextImpl: Calling a method in the system process without a qualified user: android.app.ContextImpl.bindService:1540 android.content.ContextWrapper.bindService:678 com.lguplus.iptv3.onetouchstb.stb.LgIptvShmRemoteWrapper.onBindIptvRemote:114 com.lguplus.iptv3.onetouchstb.service.OneTouchSTBService.onCreate:113 android.app.ActivityThread.handleCreateService:3404 
01-24 14:47:26.253 13625 13625 W ContextImpl: Calling a method in the system process without a qualified user: android.app.ContextImpl.startService:1460 android.content.ContextWrapper.startService:644 android.content.ContextWrapper.startService:644 com.lguplus.iptv3.arzoo.push.LGUPlusPushAgentMsgReceiver.onReceive:104 android.app.ActivityThread.handleReceiver:3252 
01-24 14:47:26.329 13625 13625 W ContextImpl: Calling a method in the system process without a qualified user: android.app.ContextImpl.sendBroadcast:950 android.content.ContextWrapper.sendBroadcast:431 com.lguplus.iptv3.arzoo.push.LGUPlusPushAgentAPI.checkRegID:78 com.lguplus.iptv3.arzoo.push.ARZooPushService.onStartCommand:51 android.app.ActivityThread.handleServiceArgs:3539 
01-24 14:47:26.428 13645 13670 E ActivityThread: Failed to find provider info for com.lguplus.iptv4.base.curationservice.provider.CEpgProvider
01-24 14:47:26.548 13672 13672 W ContextImpl: Calling a method in the system process without a qualified user: android.app.ContextImpl.sendBroadcast:950 android.content.ContextWrapper.sendBroadcast:431 android.content.ContextWrapper.sendBroadcast:431 com.lguplus.iptv3.onetouchstb.push.LGUPlusPushAgentAPI.checkRegID:153 com.lguplus.iptv3.onetouchstb.push.OnetouchSTBPushManager.requestCheckRegId:46 
01-24 14:47:26.563 13672 13672 W ContextImpl: Calling a method in the system process without a qualified user: android.app.ContextImpl.bindService:1540 android.content.ContextWrapper.bindService:678 com.lguplus.iptv3.onetouchstb.stb.LgIptvShmRemoteWrapper.onBindIptvRemote:114 com.lguplus.iptv3.onetouchstb.service.OneTouchSTBService.onCreate:113 android.app.ActivityThread.handleCreateService:3404 
01-24 14:47:27.061 13738 13738 W ContextImpl: Calling a method in the system process without a qualified user: android.app.ContextImpl.startService:1460 android.content.ContextWrapper.startService:644 android.content.ContextWrapper.startService:644 com.lguplus.iptv3.arzoo.push.LGUPlusPushAgentMsgReceiver.onReceive:104 android.app.ActivityThread.handleReceiver:3252 
01-24 14:47:27.073 13672 13672 W ContextImpl: Calling a method in the system process without a qualified user: android.app.ContextImpl.sendBroadcast:950 android.content.ContextWrapper.sendBroadcast:431 android.content.ContextWrapper.sendBroadcast:431 com.lguplus.iptv3.onetouchstb.push.LGUPlusPushAgentAPI.checkRegID:153 com.lguplus.iptv3.onetouchstb.push.OnetouchSTBPushManager.requestCheckRegId:46 
01-24 14:47:27.572   646  9729 I chatty  : uid=1000(system) Binder:646_1E expire 12 lines
01-24 14:47:56.831 14027 14027 W ContextImpl: Calling a method in the system process without a qualified user: android.app.ContextImpl.startService:1460 android.content.ContextWrapper.startService:644 android.content.ContextWrapper.startService:644 com.lguplus.iptv5.base.curationinputservice.cgupdate.reciver.RestartReceiver.onReceive:24 android.app.ActivityThread.handleReceiver:3252 
01-24 14:47:56.996 14045 14045 I chatty  : uid=1000(system) com.lguplus.iptv3.onetouchstb expire 2 lines
01-24 14:47:57.228   646  1325 I chatty  : uid=1000(system) Binder:646_8 expire 14 lines
01-24 14:48:27.239   646   662 I chatty  : uid=1000(system) ActivityManager expire 11 lines
01-24 14:48:27.298 14045 14045 W ContextImpl: Calling a method in the system process without a qualified user: android.app.ContextImpl.startService:1460 android.content.ContextWrapper.startService:644 android.content.ContextWrapper.startService:644 com.lguplus.iptv3.onetouchstb.receiver.ReservationReceiver.startService:49 com.lguplus.iptv3.onetouchstb.receiver.ReservationReceiver.onReceive:38 
01-24 14:48:57.350   646  9729 I chatty  : uid=1000(system) Binder:646_1E expire 11 lines
01-24 14:48:57.477 14045 14045 W ContextImpl: Calling a method in the system process without a qualified user: android.app.ContextImpl.startService:1460 android.content.ContextWrapper.startService:644 android.content.ContextWrapper.startService:644 com.lguplus.iptv3.onetouchstb.receiver.ReservationReceiver.startService:49 com.lguplus.iptv3.onetouchstb.receiver.ReservationReceiver.onReceive:38 
01-24 14:48:57.795 14362 14362 W ContextImpl: Calling a method in the system process without a qualified user: android.app.ContextImpl.startService:1460 android.content.ContextWrapper.startService:644 android.content.ContextWrapper.startService:644 com.lguplus.iptv3.arzoo.push.LGUPlusPushAgentMsgReceiver.onReceive:104 android.app.ActivityThread.handleReceiver:3252 
01-24 14:48:57.855 14362 14362 W ContextImpl: Calling a method in the system process without a qualified user: android.app.ContextImpl.sendBroadcast:950 android.content.ContextWrapper.sendBroadcast:431 com.lguplus.iptv3.arzoo.push.LGUPlusPushAgentAPI.checkRegID:78 com.lguplus.iptv3.arzoo.push.ARZooPushService.onStartCommand:51 android.app.ActivityThread.handleServiceArgs:3539 
01-24 14:48:57.969 14378 14399 E ActivityThread: Failed to find provider info for com.lguplus.iptv4.base.curationservice.provider.CEpgProvider
01-24 14:48:57.978 14045 14045 W ContextImpl: Calling a method in the system process without a qualified user: android.app.ContextImpl.sendBroadcast:950 android.content.ContextWrapper.sendBroadcast:431 android.content.ContextWrapper.sendBroadcast:431 com.lguplus.iptv3.onetouchstb.push.LGUPlusPushAgentAPI.checkRegID:153 com.lguplus.iptv3.onetouchstb.push.OnetouchSTBPushManager.requestCheckRegId:46 
01-24 14:49:01.478   646 14397 I chatty  : uid=1000 system_server expire 4 lines
01-24 14:49:28.023 14625 14625 W ContextImpl: Calling a method in the system process without a qualified user: android.app.ContextImpl.startService:1460 android.content.ContextWrapper.startService:644 android.content.ContextWrapper.startService:644 com.lguplus.iptv5.base.curationinputservice.cgupdate.reciver.RestartReceiver.onReceive:24 android.app.ActivityThread.handleReceiver:3252 
01-24 14:49:28.081   646  3362 I chatty  : uid=1000(system) Binder:646_18 expire 12 lines
01-24 14:49:28.185 14644 14644 W ContextImpl: Calling a method in the system process without a qualified user: android.app.ContextImpl.startService:1460 android.content.ContextWrapper.startService:644 android.content.ContextWrapper.startService:644 com.lguplus.iptv3.onetouchstb.receiver.ReservationReceiver.startService:49 com.lguplus.iptv3.onetouchstb.receiver.ReservationReceiver.onReceive:38 
01-24 14:49:28.189 14644 14644 W ContextImpl: Calling a method in the system process without a qualified user: android.app.ContextImpl.bindService:1540 android.content.ContextWrapper.bindService:678 com.lguplus.iptv3.onetouchstb.stb.LgIptvShmRemoteWrapper.onBindIptvRemote:114 com.lguplus.iptv3.onetouchstb.service.OneTouchSTBService.onCreate:113 android.app.ActivityThread.handleCreateService:3404 
01-24 14:49:29.333   646   662 I chatty  : uid=1000(system) ActivityManager expire 11 lines
01-24 14:49:49.178   646   898 I chatty  : uid=1000(system) Binder:646_5 expire 10 lines
01-24 14:49:58.617 14912 14912 I chatty  : uid=1000(system) com.lguplus.iptv3.onetouchstb expire 2 lines
01-24 14:50:29.007 14912 14912 W ContextImpl: Calling a method in the system process without a qualified user: android.app.ContextImpl.startService:1460 android.content.ContextWrapper.startService:644 android.content.ContextWrapper.startService:644 com.lguplus.iptv3.onetouchstb.receiver.ReservationReceiver.startService:49 com.lguplus.iptv3.onetouchstb.receiver.ReservationReceiver.onReceive:38 
01-24 14:50:29.293 15131 15131 W ContextImpl: Calling a method in the system process without a qualified user: android.app.ContextImpl.startService:1460 android.content.ContextWrapper.startService:644 android.content.ContextWrapper.startService:644 com.lguplus.iptv3.arzoo.push.LGUPlusPushAgentMsgReceiver.onReceive:104 android.app.ActivityThread.handleReceiver:3252 
01-24 14:50:29.312   646  1439 I chatty  : uid=1000(system) Binder:646_13 expire 11 lines
01-24 14:50:29.343 15131 15131 W ContextImpl: Calling a method in the system process without a qualified user: android.app.ContextImpl.sendBroadcast:950 android.content.ContextWrapper.sendBroadcast:431 com.lguplus.iptv3.arzoo.push.LGUPlusPushAgentAPI.checkRegID:78 com.lguplus.iptv3.arzoo.push.ARZooPushService.onStartCommand:51 android.app.ActivityThread.handleServiceArgs:3539 
01-24 14:50:29.471 15150 15170 E ActivityThread: Failed to find provider info for com.lguplus.iptv4.base.curationservice.provider.CEpgProvider
01-24 14:50:30.380 14912 14912 W ContextImpl: Calling a method in the system process without a qualified user: android.app.ContextImpl.sendBroadcast:950 android.content.ContextWrapper.sendBroadcast:431 android.content.ContextWrapper.sendBroadcast:431 com.lguplus.iptv3.onetouchstb.push.LGUPlusPushAgentAPI.checkRegID:153 com.lguplus.iptv3.onetouchstb.push.OnetouchSTBPushManager.requestCheckRegId:46 
01-24 14:51:03.220 14912 14912 W ContextImpl: Calling a method in the system process without a qualified user: android.app.ContextImpl.startService:1460 android.content.ContextWrapper.startService:644 android.content.ContextWrapper.startService:644 com.lguplus.iptv3.onetouchstb.receiver.ReservationReceiver.startService:49 com.lguplus.iptv3.onetouchstb.receiver.ReservationReceiver.onReceive:38 
01-24 14:51:03.228   646  1420 I chatty  : uid=1000(system) Binder:646_11 expire 17 lines
01-24 14:51:03.282   646  1385 I chatty  : uid=1000(system) Binder:646_E expire 16 lines
01-24 14:51:05.375   646   662 I chatty  : uid=1000(system) ActivityManager expire 10 lines
01-24 14:51:05.632   646 10740 I chatty  : uid=1000(system) Binder:646_20 expire 17 lines
01-24 14:51:05.812   646  1531 I chatty  : uid=1000(system) Binder:646_16 expire 15 lines
01-24 14:51:05.875  9229 15498 F libc    : Fatal signal 11 (SIGSEGV), code 1, fault addr 0x0 in tid 15498 (EpgAgent)
01-24 14:51:05.931 15506 15506 F DEBUG   : *** *** *** *** *** *** *** *** *** *** *** *** *** *** *** ***
01-24 14:51:05.932 15506 15506 F DEBUG   : Build fingerprint: 'LGE/woofer2/woofer2:8.0.0/OPR5.170623.007/20180118_V.99.71.0304:userdebug/release-keys'
01-24 14:51:05.932 15506 15506 F DEBUG   : Revision: '0'
01-24 14:51:05.932 15506 15506 F DEBUG   : ABI: 'arm'
01-24 14:51:05.932 15506 15506 F DEBUG   : pid: 9229, tid: 15498, name: EpgAgent  >>> /system/vendor/bin/EpgAgent <<<
01-24 14:51:05.932 15506 15506 F DEBUG   : signal 11 (SIGSEGV), code 1 (SEGV_MAPERR), fault addr 0x0
01-24 14:51:05.932 15506 15506 F DEBUG   : Cause: null pointer dereference
01-24 14:51:05.932 15506 15506 F DEBUG   :     r0 00000000  r1 00000000  r2 00000000  r3 00000000
01-24 14:51:05.932 15506 15506 F DEBUG   :     r4 00000000  r5 f5a970d0  r6 f2eff170  r7 f2eff2dc
01-24 14:51:05.932 15506 15506 F DEBUG   :     r8 00000000  r9 f5d61c08  sl f5d53db0  fp f5d53d80
01-24 14:51:05.932 15506 15506 F DEBUG   :     ip f5d65dc0  sp f2eff148  lr f5cfdadc  pc f5c390e4  cpsr 400e0030
01-24 14:51:05.938 15506 15506 F DEBUG   : 
01-24 14:51:05.938 15506 15506 F DEBUG   : backtrace:
01-24 14:51:05.938 15506 15506 F DEBUG   :     #00 pc 0001a0e4  /system/lib/libc.so (strlen+71)
01-24 14:51:05.939 15506 15506 F DEBUG   :     #01 pc 0003aad8  /system/vendor/lib/libepgagent.so (_ZN15APPNetInterface15MakeDataForSendEP16_SendMessageInfo+892)
01-24 14:51:05.939 15506 15506 F DEBUG   :     #02 pc 0002e360  /system/vendor/lib/libepgagent.so (_Z27HandleRecvDataFromClientAppPv+1048)
01-24 14:51:05.939 15506 15506 F DEBUG   :     #03 pc 0002f138  /system/vendor/lib/libepgagent.so (RECV_CB_EventHandler+1440)
01-24 14:51:05.939 15506 15506 F DEBUG   :     #04 pc 00000a04  /system/vendor/bin/EpgAgent (RECV_EventHandler+324)
01-24 14:51:33.314   646  1383 I chatty  : uid=1000(system) Binder:646_D expire 10 lines
01-24 14:51:33.464 15708 15708 I chatty  : uid=1000(system) com.lguplus.iptv3.onetouchstb expire 2 lines
