<subprocess.Popen object at 0x0000024A18029668>
--------- beginning of /dev/log/system
01-25 04:58:04.737  1754  2137 I ActivityManager: Start proc com.lge.iptv.onewaycontrol for service com.lge.iptv.onewaycontrol/.OneWayService: pid=3967 uid=10038 gids={50038, 3003, 1028}
01-25 04:58:49.157  1754  1773 E NotificationService: Ignoring notification with icon==0: Notification(pri=0 contentView=null vibrate=null sound=null defaults=0x0 flags=0x62 kind=[null])
01-25 04:59:49.267  1754  1773 E NotificationService: Ignoring notification with icon==0: Notification(pri=0 contentView=null vibrate=null sound=null defaults=0x0 flags=0x62 kind=[null])
01-25 05:00:49.367  1754  1773 E NotificationService: Ignoring notification with icon==0: Notification(pri=0 contentView=null vibrate=null sound=null defaults=0x0 flags=0x62 kind=[null])
01-25 05:01:46.197  1754  1754 I ActivityManager: No longer want com.lguplus.iptv3.base.notification:remote (pid 1278): empty for 1800s
01-25 05:01:46.217  1754  1765 W ActivityManager: Scheduling restart of crashed service com.lguplus.iptv3.base.notification/.service.NotificationService in 5000ms
01-25 05:01:49.437  1754  1773 E NotificationService: Ignoring notification with icon==0: Notification(pri=0 contentView=null vibrate=null sound=null defaults=0x0 flags=0x62 kind=[null])
01-25 05:01:51.237  1754  1773 I ActivityManager: Start proc com.lguplus.iptv3.base.notification:remote for service com.lguplus.iptv3.base.notification/.service.NotificationService: pid=1157 uid=10072 gids={50072, 3003, 1028}
01-25 05:01:51.257  1754  1503 I ActivityManager: No longer want com.lguplus.iptv3.base.agent.notice:remote (pid 1306): empty for 1800s
01-25 05:01:51.267  1754  2140 W ActivityManager: Scheduling restart of crashed service com.lguplus.iptv3.base.agent.notice/.app.NoticeAgent in 5000ms
01-25 05:01:51.317  1754  2102 I ActivityManager: Start proc com.lguplus.iptv3.base.agent.notice:remote for service com.lguplus.iptv3.base.agent.notice/.app.NoticeAgent: pid=1170 uid=10049 gids={50049, 1015, 3003, 1028}
01-25 05:02:21.247  1754  1775 W BatteryStatsImpl: Couldn't get kernel wake lock stats
01-25 05:02:49.517  1754  1773 E NotificationService: Ignoring notification with icon==0: Notification(pri=0 contentView=null vibrate=null sound=null defaults=0x0 flags=0x62 kind=[null])
01-25 05:03:46.197  1754  1766 I ActivityManager: No longer want com.lguplus.iptv3.secondtvservice (pid 1731): empty for 1800s
01-25 05:03:46.217  1754  1491 W ActivityManager: Scheduling restart of crashed service com.lguplus.iptv3.secondtvservice/.SecondTvService in 5000ms
01-25 05:03:49.607  1754  1773 E NotificationService: Ignoring notification with icon==0: Notification(pri=0 contentView=null vibrate=null sound=null defaults=0x0 flags=0x62 kind=[null])
01-25 05:03:51.227  1754  1773 I ActivityManager: Start proc com.lguplus.iptv3.secondtvservice for service com.lguplus.iptv3.secondtvservice/.SecondTvService: pid=1598 uid=10062 gids={50062, 3003, 1015, 1028}
01-25 05:04:04.097  1754  1773 I ActivityManager: Start proc .remote for broadcast com.lguplus.iptv4.base.curationservice/.reciver.RestartReceiver: pid=1651 uid=10002 gids={50002, 3003, 1015, 1028}
01-25 05:04:29.347  1754  1848 D ConnectivityService: handleInetConditionHoldEnd: net=9, condition=100, published condition=100
01-25 05:04:46.537  1754  2028 W ThrottleService: unable to find stats for iface rmnet0
01-25 05:04:49.707  1754  1773 E NotificationService: Ignoring notification with icon==0: Notification(pri=0 contentView=null vibrate=null sound=null defaults=0x0 flags=0x62 kind=[null])
01-25 05:05:16.197  1754  1765 I ActivityManager: No longer want com.lguplus.iptv3.updatecheck (pid 2228): empty for 1800s
01-25 05:05:16.217  1754  2144 W ActivityManager: Scheduling restart of crashed service com.lguplus.iptv3.updatecheck/.UpdateService in 5000ms
01-25 05:05:21.227  1754  1773 I ActivityManager: Start proc com.lguplus.iptv3.updatecheck for service com.lguplus.iptv3.updatecheck/.UpdateService: pid=1975 uid=10082 gids={50082, 3003, 1028}
01-25 05:05:49.797  1754  1773 E NotificationService: Ignoring notification with icon==0: Notification(pri=0 contentView=null vibrate=null sound=null defaults=0x0 flags=0x62 kind=[null])
01-25 05:06:08.957  1754  1773 I ActivityManager: No longer want com.google.cast.castreceiver (pid 2451): empty for 1804s
01-25 05:06:08.977  1754  1502 W ActivityManager: Scheduling restart of crashed service com.chrome.tv.stable/com.google.tv.dial.launcher.LaunchService in 5000ms
01-25 05:06:13.997  1754  1773 I ActivityManager: Start proc com.google.cast.castreceiver for service com.chrome.tv.stable/com.google.tv.dial.launcher.LaunchService: pid=2306 uid=10013 gids={50013, 1006, 3003, 1015, 1028}
01-25 05:06:49.887  1754  1773 E NotificationService: Ignoring notification with icon==0: Notification(pri=0 contentView=null vibrate=null sound=null defaults=0x0 flags=0x62 kind=[null])
01-25 05:07:49.977  1754  1773 E NotificationService: Ignoring notification with icon==0: Notification(pri=0 contentView=null vibrate=null sound=null defaults=0x0 flags=0x62 kind=[null])
01-25 05:08:50.057  1754  1773 E NotificationService: Ignoring notification with icon==0: Notification(pri=0 contentView=null vibrate=null sound=null defaults=0x0 flags=0x62 kind=[null])
01-25 05:09:50.137  1754  1773 E NotificationService: Ignoring notification with icon==0: Notification(pri=0 contentView=null vibrate=null sound=null defaults=0x0 flags=0x62 kind=[null])
01-25 05:10:50.217  1754  1773 E NotificationService: Ignoring notification with icon==0: Notification(pri=0 contentView=null vibrate=null sound=null defaults=0x0 flags=0x62 kind=[null])
01-25 05:11:50.317  1754  1773 E NotificationService: Ignoring notification with icon==0: Notification(pri=0 contentView=null vibrate=null sound=null defaults=0x0 flags=0x62 kind=[null])
01-25 05:12:50.387  1754  1773 E NotificationService: Ignoring notification with icon==0: Notification(pri=0 contentView=null vibrate=null sound=null defaults=0x0 flags=0x62 kind=[null])
01-25 05:13:49.967  1754  1773 I ActivityManager: No longer want com.android.vending (pid 400): empty for 1800s
01-25 05:13:49.967  1754  1773 I ActivityManager: No longer want android.process.media (pid 438): empty for 1800s
01-25 05:13:50.487  1754  1773 E NotificationService: Ignoring notification with icon==0: Notification(pri=0 contentView=null vibrate=null sound=null defaults=0x0 flags=0x62 kind=[null])
01-25 05:14:46.547  1754  2028 W ThrottleService: unable to find stats for iface rmnet0
01-25 05:14:50.597  1754  1773 E NotificationService: Ignoring notification with icon==0: Notification(pri=0 contentView=null vibrate=null sound=null defaults=0x0 flags=0x62 kind=[null])
01-25 05:15:50.687  1754  1773 E NotificationService: Ignoring notification with icon==0: Notification(pri=0 contentView=null vibrate=null sound=null defaults=0x0 flags=0x62 kind=[null])
01-25 05:16:20.877  1754  1754 W ActivityManager: Unable to start service Intent { act=com.google.android.finsky.BIND_PLAY_MODULE_SERVICE pkg=com.android.vending } U=0: not found
01-25 05:16:20.877  1754  3548 W ActivityManager: Unbind failed: could not find connection for android.os.BinderProxy@2c088ad8
01-25 05:16:50.787  1754  1773 E NotificationService: Ignoring notification with icon==0: Notification(pri=0 contentView=null vibrate=null sound=null defaults=0x0 flags=0x62 kind=[null])
01-25 05:17:46.207  1754  1503 I ActivityManager: No longer want com.lguplus.iptv3.base.orangecast.shop:remote (pid 1442): empty for 1800s
01-25 05:17:46.237  1754  1754 W ActivityManager: Scheduling restart of crashed service com.lguplus.iptv3.base.orangecast.shop/.service.TriggerService in 5000ms
01-25 05:17:50.867  1754  1773 E NotificationService: Ignoring notification with icon==0: Notification(pri=0 contentView=null vibrate=null sound=null defaults=0x0 flags=0x62 kind=[null])
01-25 05:17:51.237  1754  1773 I ActivityManager: Start proc com.lguplus.iptv3.base.orangecast.shop:remote for service com.lguplus.iptv3.base.orangecast.shop/.service.TriggerService: pid=1238 uid=10051 gids={50051, 3003, 1015, 1028}
01-25 05:18:50.107  1754  1773 I ActivityManager: No longer want com.google.android.gsf.login (pid 2061): empty for 1800s
01-25 05:18:50.947  1754  1773 E NotificationService: Ignoring notification with icon==0: Notification(pri=0 contentView=null vibrate=null sound=null defaults=0x0 flags=0x62 kind=[null])
01-25 05:19:51.057  1754  1773 E NotificationService: Ignoring notification with icon==0: Notification(pri=0 contentView=null vibrate=null sound=null defaults=0x0 flags=0x62 kind=[null])
01-25 05:20:51.147  1754  1773 E NotificationService: Ignoring notification with icon==0: Notification(pri=0 contentView=null vibrate=null sound=null defaults=0x0 flags=0x62 kind=[null])
01-25 05:21:51.227  1754  1773 E NotificationService: Ignoring notification with icon==0: Notification(pri=0 contentView=null vibrate=null sound=null defaults=0x0 flags=0x62 kind=[null])
01-25 05:22:51.327  1754  1773 E NotificationService: Ignoring notification with icon==0: Notification(pri=0 contentView=null vibrate=null sound=null defaults=0x0 flags=0x62 kind=[null])
01-25 05:23:32.687  1754  1880 V BackupManagerService: Backup requested but nothing pending
01-25 05:23:51.407  1754  1773 E NotificationService: Ignoring notification with icon==0: Notification(pri=0 contentView=null vibrate=null sound=null defaults=0x0 flags=0x62 kind=[null])
01-25 05:24:46.547  1754  2028 W ThrottleService: unable to find stats for iface rmnet0
01-25 05:24:51.487  1754  1773 E NotificationService: Ignoring notification with icon==0: Notification(pri=0 contentView=null vibrate=null sound=null defaults=0x0 flags=0x62 kind=[null])
01-25 05:25:50.267  1754  1773 I ActivityManager: No longer want com.lguplus.iptv3.base.setting (pid 3400): empty for 1804s
01-25 05:25:51.307  1754  2138 I ActivityManager: Start proc com.lguplus.iptv3.base.setting for content provider com.lguplus.iptv3.base.setting/.provider.SettingProvider: pid=3215 uid=10076 gids={50076, 1015, 3003, 1028}
01-25 05:25:51.567  1754  1773 E NotificationService: Ignoring notification with icon==0: Notification(pri=0 contentView=null vibrate=null sound=null defaults=0x0 flags=0x62 kind=[null])
01-25 05:26:51.667  1754  1773 E NotificationService: Ignoring notification with icon==0: Notification(pri=0 contentView=null vibrate=null sound=null defaults=0x0 flags=0x62 kind=[null])
01-25 05:27:21.297  1754  2145 I ActivityManager: No longer want com.lguplus.iptv3.base.fwupdater:remote (pid 3729): empty for 1800s
01-25 05:27:21.317  1754  2195 W ActivityManager: Scheduling restart of crashed service com.lguplus.iptv3.base.fwupdater/.BackgroundActionService in 5000ms
01-25 05:27:26.327  1754  1773 I ActivityManager: Start proc com.lguplus.iptv3.base.fwupdater:remote for service com.lguplus.iptv3.base.fwupdater/.BackgroundActionService: pid=3540 uid=10068 gids={50068, 1015, 3003, 1028}
01-25 05:27:51.297  1754  2145 I ActivityManager: No longer want com.lguplus.iptv3.base.reservalarmmng (pid 3787): empty for 1800s
01-25 05:27:51.297  1754  2145 I ActivityManager: No longer want com.lguplus.pushagentstb (pid 3830): empty for 1800s
01-25 05:27:51.297  1754  2145 I ActivityManager: No longer want com.lguplus.iptv3.ltealive (pid 3844): empty for 1800s
01-25 05:27:51.327  1754  2099 W ActivityManager: Scheduling restart of crashed service com.lguplus.iptv3.base.reservalarmmng/.ServiceAlarmManage in 5000ms
01-25 05:27:51.337  1754  1491 W ActivityManager: Scheduling restart of crashed service com.lguplus.pushagentstb/.service.PushAgentService in 14998ms
01-25 05:27:51.757  1754  1773 E NotificationService: Ignoring notification with icon==0: Notification(pri=0 contentView=null vibrate=null sound=null defaults=0x0 flags=0x62 kind=[null])
01-25 05:27:56.337  1754  1773 I ActivityManager: Start proc com.lguplus.iptv3.base.reservalarmmng for service com.lguplus.iptv3.base.reservalarmmng/.ServiceAlarmManage: pid=3648 uid=10074 gids={50074, 3003, 1028}
01-25 05:28:06.337  1754  1773 I ActivityManager: Start proc com.lguplus.pushagentstb for service com.lguplus.pushagentstb/.service.PushAgentService: pid=3693 uid=10057 gids={50057, 3003, 1015, 1028}
01-25 05:28:06.367  1754  1765 I ActivityManager: No longer want com.google.tv.player (pid 3951): empty for 1801s
01-25 05:28:06.367  1754  1765 I ActivityManager: No longer want com.lge.iptv.onewaycontrol (pid 3967): empty for 1801s
01-25 05:28:06.377  1754  2195 W ActivityManager: Scheduling restart of crashed service com.lge.iptv.onewaycontrol/.OneWayService in 5000ms
01-25 05:28:06.387  1754  2195 W ActivityManager: Scheduling restart of crashed service com.lge.iptv.onewaycontrol/.IpTunerService in 15000ms
01-25 05:28:06.397  1754  2144 W ActivityManager: Scheduling restart of crashed service com.google.tv.player/com.google.tv.mediadevicesapp.MediaDevicesService in 24986ms
01-25 05:28:06.577  1754  1773 I ActivityManager: Start proc com.lguplus.iptv3.ltealive for broadcast com.lguplus.iptv3.ltealive/.push.LGUPlusPushAgentMsgReceiver: pid=3719 uid=10041 gids={50041, 1015, 1028, 3003}
01-25 05:28:11.397  1754  1773 I ActivityManager: Start proc com.lge.iptv.onewaycontrol for service com.lge.iptv.onewaycontrol/.OneWayService: pid=3774 uid=10038 gids={50038, 3003, 1028}
01-25 05:28:31.397  1754  1773 I ActivityManager: Start proc com.google.tv.player for service com.google.tv.player/com.google.tv.mediadevicesapp.MediaDevicesService: pid=3852 uid=10086 gids={50086, 3003, 1028}
01-25 05:28:51.847  1754  1773 E NotificationService: Ignoring notification with icon==0: Notification(pri=0 contentView=null vibrate=null sound=null defaults=0x0 flags=0x62 kind=[null])
01-25 05:29:51.937  1754  1773 E NotificationService: Ignoring notification with icon==0: Notification(pri=0 contentView=null vibrate=null sound=null defaults=0x0 flags=0x62 kind=[null])
01-25 05:30:52.047  1754  1773 E NotificationService: Ignoring notification with icon==0: Notification(pri=0 contentView=null vibrate=null sound=null defaults=0x0 flags=0x62 kind=[null])
01-25 05:31:51.297  1754  2140 I ActivityManager: No longer want com.lguplus.iptv3.base.notification:remote (pid 1157): empty for 1800s
01-25 05:31:51.317  1754  1503 W ActivityManager: Scheduling restart of crashed service com.lguplus.iptv3.base.notification/.service.NotificationService in 5000ms
01-25 05:31:52.147  1754  1773 E NotificationService: Ignoring notification with icon==0: Notification(pri=0 contentView=null vibrate=null sound=null defaults=0x0 flags=0x62 kind=[null])
01-25 05:31:56.327  1754  1773 I ActivityManager: Start proc com.lguplus.iptv3.base.notification:remote for service com.lguplus.iptv3.base.notification/.service.NotificationService: pid=766 uid=10072 gids={50072, 3003, 1028}
01-25 05:31:56.347  1754  1754 I ActivityManager: No longer want com.lguplus.iptv3.base.agent.notice:remote (pid 1170): empty for 1805s
01-25 05:31:56.347  1754  1754 I ActivityManager: No longer want com.lguplus.iptv3.base.agent.rating:remote (pid 1365): empty for 3595s
01-25 05:31:56.347  1754  1754 I ActivityManager: No longer want com.lguplus.iptv3.base.bootinit (pid 1322): empty for 3605s
01-25 05:31:56.367  1754  2102 W ActivityManager: Scheduling restart of crashed service com.lguplus.iptv3.base.bootinit/.BootInitService in 5000ms
01-25 05:31:56.387  1754  2173 W ActivityManager: Scheduling restart of crashed service com.lguplus.iptv3.base.agent.notice/.app.NoticeAgent in 5000ms
01-25 05:31:56.417  1754  2145 I ActivityManager: Start proc com.lguplus.iptv3.base.agent.notice:remote for service com.lguplus.iptv3.base.agent.notice/.app.NoticeAgent: pid=779 uid=10049 gids={50049, 1015, 3003, 1028}
01-25 05:31:56.417  1754  1766 W ActivityManager: Scheduling restart of crashed service com.lguplus.iptv3.base.agent.rating/.app.VbmAgent in 5000ms
01-25 05:31:56.507  1754  2102 I ActivityManager: Start proc com.lguplus.iptv3.base.agent.rating:remote for service com.lguplus.iptv3.base.agent.rating/.app.VbmAgent: pid=795 uid=10059 gids={50059, 1015, 3003, 1028}
01-25 05:31:56.637  1754  2144 I ActivityManager: Start proc com.lguplus.iptv3.base.bootinit for service com.lguplus.iptv3.base.bootinit/.BootInitService: pid=812 uid=10065 gids={50065, 3003, 1015, 1028}
01-25 05:32:21.257  1754  1775 W BatteryStatsImpl: Couldn't get kernel wake lock stats
01-25 05:32:52.257  1754  1773 E NotificationService: Ignoring notification with icon==0: Notification(pri=0 contentView=null vibrate=null sound=null defaults=0x0 flags=0x62 kind=[null])
01-25 05:33:29.097  1754  2140 I ActivityManager: Start proc com.google.android.gms:snet for service com.google.android.gms/.chimera.SnetIntentOperationService: pid=1310 uid=10028 gids={50028, 3003, 1007, 1028, 1015, 1006, 3002, 3001, 2001, 3006}
01-25 05:33:29.427  1754  1848 D ConnectivityService: handleInetConditionHoldEnd: net=9, condition=100, published condition=100
01-25 05:33:51.297  1754  2195 I ActivityManager: No longer want com.lguplus.iptv3.secondtvservice (pid 1598): empty for 1800s
01-25 05:33:51.317  1754  2102 W ActivityManager: Scheduling restart of crashed service com.lguplus.iptv3.secondtvservice/.SecondTvService in 5000ms
01-25 05:33:52.347  1754  1773 E NotificationService: Ignoring notification with icon==0: Notification(pri=0 contentView=null vibrate=null sound=null defaults=0x0 flags=0x62 kind=[null])
01-25 05:33:56.327  1754  1773 I ActivityManager: Start proc com.lguplus.iptv3.secondtvservice for service com.lguplus.iptv3.secondtvservice/.SecondTvService: pid=1438 uid=10062 gids={50062, 3003, 1015, 1028}
01-25 05:34:09.237  1754  1773 I ActivityManager: No longer want .remote (pid 1651): empty for 1805s
01-25 05:34:46.547  1754  2028 W ThrottleService: unable to find stats for iface rmnet0
01-25 05:34:52.437  1754  1773 E NotificationService: Ignoring notification with icon==0: Notification(pri=0 contentView=null vibrate=null sound=null defaults=0x0 flags=0x62 kind=[null])
01-25 05:35:21.297  1754  1491 I ActivityManager: No longer want com.lguplus.iptv3.updatecheck (pid 1975): empty for 1800s
01-25 05:35:21.317  1754  1765 W ActivityManager: Scheduling restart of crashed service com.lguplus.iptv3.updatecheck/.UpdateService in 5000ms
01-25 05:35:26.327  1754  1773 I ActivityManager: Start proc com.lguplus.iptv3.updatecheck for service com.lguplus.iptv3.updatecheck/.UpdateService: pid=1737 uid=10082 gids={50082, 3003, 1028}
01-25 05:35:26.347  1754  1766 I ActivityManager: No longer want com.android.settings (pid 2313): empty for 1801s
01-25 05:35:26.377  1754  1503 W ActivityManager: Scheduling restart of crashed service com.android.settings/.TvSettingsObserverService in 5000ms
01-25 05:35:31.397  1754  1773 I ActivityManager: Start proc com.android.settings for service com.android.settings/.TvSettingsObserverService: pid=1789 uid=1000 gids={41000, 3003, 1015, 1028, 3002, 3001, 3007}
01-25 05:35:52.517  1754  1773 E NotificationService: Ignoring notification with icon==0: Notification(pri=0 contentView=null vibrate=null sound=null defaults=0x0 flags=0x62 kind=[null])
01-25 05:36:20.487  1754  1773 I ActivityManager: No longer want com.google.cast.castreceiver (pid 2306): empty for 1806s
01-25 05:36:20.507  1754  2145 W ActivityManager: Scheduling restart of crashed service com.chrome.tv.stable/com.google.tv.dial.launcher.LaunchService in 5000ms
01-25 05:36:25.527  1754  1773 I ActivityManager: Start proc com.google.cast.castreceiver for service com.chrome.tv.stable/com.google.tv.dial.launcher.LaunchService: pid=2008 uid=10013 gids={50013, 1006, 3003, 1015, 1028}
01-25 05:36:52.597  1754  1773 E NotificationService: Ignoring notification with icon==0: Notification(pri=0 contentView=null vibrate=null sound=null defaults=0x0 flags=0x62 kind=[null])
01-25 05:37:52.697  1754  1773 E NotificationService: Ignoring notification with icon==0: Notification(pri=0 contentView=null vibrate=null sound=null defaults=0x0 flags=0x62 kind=[null])
01-25 05:38:52.817  1754  1773 E NotificationService: Ignoring notification with icon==0: Notification(pri=0 contentView=null vibrate=null sound=null defaults=0x0 flags=0x62 kind=[null])
01-25 05:39:52.907  1754  1773 E NotificationService: Ignoring notification with icon==0: Notification(pri=0 contentView=null vibrate=null sound=null defaults=0x0 flags=0x62 kind=[null])
01-25 05:40:52.997  1754  1773 E NotificationService: Ignoring notification with icon==0: Notification(pri=0 contentView=null vibrate=null sound=null defaults=0x0 flags=0x62 kind=[null])
01-25 05:41:53.087  1754  1773 E NotificationService: Ignoring notification with icon==0: Notification(pri=0 contentView=null vibrate=null sound=null defaults=0x0 flags=0x62 kind=[null])
01-25 05:42:53.167  1754  1773 E NotificationService: Ignoring notification with icon==0: Notification(pri=0 contentView=null vibrate=null sound=null defaults=0x0 flags=0x62 kind=[null])
01-25 05:43:49.457  1754  1821 I ActivityManager: Start proc com.android.vending for service com.android.vending/com.google.android.finsky.services.CheckWifiAndAutoUpdate: pid=3829 uid=10056 gids={50056, 3003, 1015, 1028}
01-25 05:43:49.787  1754  1754 I ActivityManager: Start proc android.process.media for content provider com.android.providers.downloads/.DownloadProvider: pid=3883 uid=10017 gids={50017, 1015, 1023, 1024, 1028, 2001, 3003, 3007}
01-25 05:43:53.257  1754  1773 E NotificationService: Ignoring notification with icon==0: Notification(pri=0 contentView=null vibrate=null sound=null defaults=0x0 flags=0x62 kind=[null])
01-25 05:44:46.547  1754  2028 W ThrottleService: unable to find stats for iface rmnet0
01-25 05:44:53.337  1754  1773 E NotificationService: Ignoring notification with icon==0: Notification(pri=0 contentView=null vibrate=null sound=null defaults=0x0 flags=0x62 kind=[null])
01-25 05:45:53.417  1754  1773 E NotificationService: Ignoring notification with icon==0: Notification(pri=0 contentView=null vibrate=null sound=null defaults=0x0 flags=0x62 kind=[null])
01-25 05:46:23.747  1754  3548 I ActivityManager: Start proc android.process.acore for content provider com.android.providers.contacts/.ContactsProvider2: pid=645 uid=10006 gids={50006, 3003, 1015, 1028}
01-25 05:46:53.527  1754  1773 E NotificationService: Ignoring notification with icon==0: Notification(pri=0 contentView=null vibrate=null sound=null defaults=0x0 flags=0x62 kind=[null])
01-25 05:47:51.317  1754  1765 I ActivityManager: No longer want com.lguplus.iptv3.base.orangecast.shop:remote (pid 1238): empty for 1800s
01-25 05:47:51.327  1754  1503 W ActivityManager: Scheduling restart of crashed service com.lguplus.iptv3.base.orangecast.shop/.service.TriggerService in 5000ms
01-25 05:47:53.637  1754  1773 E NotificationService: Ignoring notification with icon==0: Notification(pri=0 contentView=null vibrate=null sound=null defaults=0x0 flags=0x62 kind=[null])
01-25 05:47:56.337  1754  1773 I ActivityManager: Start proc com.lguplus.iptv3.base.orangecast.shop:remote for service com.lguplus.iptv3.base.orangecast.shop/.service.TriggerService: pid=1178 uid=10051 gids={50051, 3003, 1015, 1028}
01-25 05:48:49.917  1754  1766 I ActivityManager: Start proc com.google.android.gsf.login for service com.google.android.gsf.login/com.google.android.gsf.loginservice.GoogleLoginService: pid=1374 uid=10028 gids={50028, 3003, 1007, 1028, 1015, 1006, 3002, 3001, 2001, 3006}
01-25 05:48:53.727  1754  1773 E NotificationService: Ignoring notification with icon==0: Notification(pri=0 contentView=null vibrate=null sound=null defaults=0x0 flags=0x62 kind=[null])
01-25 05:49:53.807  1754  1773 E NotificationService: Ignoring notification with icon==0: Notification(pri=0 contentView=null vibrate=null sound=null defaults=0x0 flags=0x62 kind=[null])
01-25 05:50:53.887  1754  1773 E NotificationService: Ignoring notification with icon==0: Notification(pri=0 contentView=null vibrate=null sound=null defaults=0x0 flags=0x62 kind=[null])
01-25 05:51:53.967  1754  1773 E NotificationService: Ignoring notification with icon==0: Notification(pri=0 contentView=null vibrate=null sound=null defaults=0x0 flags=0x62 kind=[null])
01-25 05:52:54.047  1754  1773 E NotificationService: Ignoring notification with icon==0: Notification(pri=0 contentView=null vibrate=null sound=null defaults=0x0 flags=0x62 kind=[null])
01-25 05:53:25.907  1754  1773 W ProcessStats: Skipping unknown process pid 2568
01-25 05:53:54.157  1754  1773 E NotificationService: Ignoring notification with icon==0: Notification(pri=0 contentView=null vibrate=null sound=null defaults=0x0 flags=0x62 kind=[null])
01-25 05:54:46.557  1754  2028 W ThrottleService: unable to find stats for iface rmnet0
01-25 05:54:54.237  1754  1773 E NotificationService: Ignoring notification with icon==0: Notification(pri=0 contentView=null vibrate=null sound=null defaults=0x0 flags=0x62 kind=[null])
01-25 05:55:54.317  1754  1773 E NotificationService: Ignoring notification with icon==0: Notification(pri=0 contentView=null vibrate=null sound=null defaults=0x0 flags=0x62 kind=[null])
01-25 05:55:56.437  1754  3548 I ActivityManager: No longer want com.lguplus.iptv3.base.setting (pid 3215): empty for 1805s
01-25 05:56:26.437  1754  1766 I ActivityManager: Start proc com.lguplus.iptv3.base.setting for content provider com.lguplus.iptv3.base.setting/.provider.SettingProvider: pid=3252 uid=10076 gids={50076, 1015, 3003, 1028}
01-25 05:56:54.437  1754  1773 E NotificationService: Ignoring notification with icon==0: Notification(pri=0 contentView=null vibrate=null sound=null defaults=0x0 flags=0x62 kind=[null])
01-25 05:57:26.427  1754  1491 I ActivityManager: No longer want com.lguplus.iptv3.base.fwupdater:remote (pid 3540): empty for 1800s
01-25 05:57:26.447  1754  1765 W ActivityManager: Scheduling restart of crashed service com.lguplus.iptv3.base.fwupdater/.BackgroundActionService in 5000ms
01-25 05:57:31.457  1754  1773 I ActivityManager: Start proc com.lguplus.iptv3.base.fwupdater:remote for service com.lguplus.iptv3.base.fwupdater/.BackgroundActionService: pid=3470 uid=10068 gids={50068, 1015, 3003, 1028}
01-25 05:57:54.517  1754  1773 E NotificationService: Ignoring notification with icon==0: Notification(pri=0 contentView=null vibrate=null sound=null defaults=0x0 flags=0x62 kind=[null])
01-25 05:58:20.987  1754  1773 I ActivityManager: No longer want com.lguplus.iptv3.base.reservalarmmng (pid 3648): empty for 1801s
01-25 05:58:20.987  1754  1773 I ActivityManager: No longer want com.lguplus.pushagentstb (pid 3693): empty for 1802s
01-25 05:58:20.987  1754  1773 I ActivityManager: No longer want com.lguplus.iptv3.ltealive (pid 3719): empty for 1802s
01-25 05:58:21.007  1754  2138 W ActivityManager: Scheduling restart of crashed service com.lguplus.iptv3.base.reservalarmmng/.ServiceAlarmManage in 5000ms
01-25 05:58:21.017  1754  1765 W ActivityManager: Scheduling restart of crashed service com.lguplus.pushagentstb/.service.PushAgentService in 14993ms
01-25 05:58:26.017  1754  1773 I ActivityManager: Start proc com.lguplus.iptv3.base.reservalarmmng for service com.lguplus.iptv3.base.reservalarmmng/.ServiceAlarmManage: pid=3659 uid=10074 gids={50074, 3003, 1028}
01-25 05:58:36.027  1754  1773 I ActivityManager: Start proc com.lguplus.pushagentstb for service com.lguplus.pushagentstb/.service.PushAgentService: pid=3713 uid=10057 gids={50057, 3003, 1015, 1028}
01-25 05:58:36.057  1754  1491 I ActivityManager: No longer want com.google.tv.player (pid 3852): empty for 1804s
01-25 05:58:36.057  1754  1491 I ActivityManager: No longer want com.lge.iptv.onewaycontrol (pid 3774): empty for 1824s
01-25 05:58:36.077  1754  1766 W ActivityManager: Scheduling restart of crashed service com.lge.iptv.onewaycontrol/.OneWayService in 5000ms
01-25 05:58:36.077  1754  1766 W ActivityManager: Scheduling restart of crashed service com.lge.iptv.onewaycontrol/.IpTunerService in 15000ms
01-25 05:58:36.087  1754  2138 W ActivityManager: Scheduling restart of crashed service com.google.tv.player/com.google.tv.mediadevicesapp.MediaDevicesService in 24988ms
01-25 05:58:36.257  1754  1773 I ActivityManager: Start proc com.lguplus.iptv3.ltealive for broadcast com.lguplus.iptv3.ltealive/.push.LGUPlusPushAgentMsgReceiver: pid=3730 uid=10041 gids={50041, 1015, 1028, 3003}
01-25 05:58:41.087  1754  1773 I ActivityManager: Start proc com.lge.iptv.onewaycontrol for service com.lge.iptv.onewaycontrol/.OneWayService: pid=3784 uid=10038 gids={50038, 3003, 1028}
01-25 05:58:54.607  1754  1773 E NotificationService: Ignoring notification with icon==0: Notification(pri=0 contentView=null vibrate=null sound=null defaults=0x0 flags=0x62 kind=[null])
01-25 05:59:01.087  1754  1773 I ActivityManager: Start proc com.google.tv.player for service com.google.tv.player/com.google.tv.mediadevicesapp.MediaDevicesService: pid=3908 uid=10086 gids={50086, 3003, 1028}
01-25 05:59:34.587  1754  1773 W ProcessStats: Skipping unknown process pid 4030
01-25 05:59:34.587  1754  1773 W ProcessStats: Skipping unknown process pid 4032
01-25 05:59:54.697  1754  1773 E NotificationService: Ignoring notification with icon==0: Notification(pri=0 contentView=null vibrate=null sound=null defaults=0x0 flags=0x62 kind=[null])
01-25 06:00:54.787  1754  1773 E NotificationService: Ignoring notification with icon==0: Notification(pri=0 contentView=null vibrate=null sound=null defaults=0x0 flags=0x62 kind=[null])
01-25 06:01:54.897  1754  1773 E NotificationService: Ignoring notification with icon==0: Notification(pri=0 contentView=null vibrate=null sound=null defaults=0x0 flags=0x62 kind=[null])
01-25 06:01:56.437  1754  3548 I ActivityManager: No longer want com.lguplus.iptv3.base.notification:remote (pid 766): empty for 1800s
01-25 06:01:56.447  1754  1491 W ActivityManager: Scheduling restart of crashed service com.lguplus.iptv3.base.notification/.service.NotificationService in 5000ms
01-25 06:01:59.567  1754  1773 I ActivityManager: No longer want com.lguplus.iptv3.base.bootinit (pid 812): empty for 1802s
01-25 06:01:59.567  1754  1773 I ActivityManager: No longer want com.lguplus.iptv3.base.agent.rating:remote (pid 795): empty for 1803s
01-25 06:01:59.567  1754  1773 I ActivityManager: No longer want com.lguplus.iptv3.base.agent.notice:remote (pid 779): empty for 1803s
01-25 06:01:59.587  1754  2140 W ActivityManager: Scheduling restart of crashed service com.lguplus.iptv3.base.agent.notice/.app.NoticeAgent in 11869ms
01-25 06:01:59.587  1754  2145 W ActivityManager: Scheduling restart of crashed service com.lguplus.iptv3.base.bootinit/.BootInitService in 21868ms
01-25 06:01:59.597  1754  2137 W ActivityManager: Scheduling restart of crashed service com.lguplus.iptv3.base.agent.rating/.app.VbmAgent in 21859ms
01-25 06:02:01.457  1754  1773 I ActivityManager: Start proc com.lguplus.iptv3.base.notification:remote for service com.lguplus.iptv3.base.notification/.service.NotificationService: pid=759 uid=10072 gids={50072, 3003, 1028}
01-25 06:02:01.517  1754  2195 I ActivityManager: Start proc com.lguplus.iptv3.base.agent.notice:remote for service com.lguplus.iptv3.base.agent.notice/.app.NoticeAgent: pid=772 uid=10049 gids={50049, 1015, 3003, 1028}
01-25 06:02:01.537  1754  3548 I ActivityManager: Start proc com.lguplus.iptv3.base.agent.rating:remote for service com.lguplus.iptv3.base.agent.rating/.app.VbmAgent: pid=783 uid=10059 gids={50059, 1015, 3003, 1028}
01-25 06:02:01.697  1754  3548 I ActivityManager: Start proc com.lguplus.iptv3.base.bootinit for service com.lguplus.iptv3.base.bootinit/.BootInitService: pid=803 uid=10065 gids={50065, 3003, 1015, 1028}
01-25 06:02:21.277  1754  1775 W BatteryStatsImpl: Couldn't get kernel wake lock stats
01-25 06:02:29.087  1754  2194 I ActivityManager: Start proc com.google.android.gms.unstable for service com.google.android.gms/.droidguard.DroidGuardService: pid=1050 uid=10028 gids={50028, 3003, 1007, 1028, 1015, 1006, 3002, 3001, 2001, 3006}
01-25 06:02:29.517  1754  1848 D ConnectivityService: handleInetConditionHoldEnd: net=9, condition=100, published condition=100
01-25 06:02:36.677  1754  1156 I CertBlacklister: Certificate blacklist changed, updating...
01-25 06:02:36.707  1754  1156 I CertBlacklister: Certificate blacklist updated
01-25 06:02:36.737  1754  1773 I ActivityManager: Start proc com.google.android.partnersetup for broadcast com.google.android.partnersetup/.GservicesChangedReceiver: pid=1158 uid=10031 gids={50031, 3003, 1028}
01-25 06:02:37.417  1754  1765 I ActivityManager: Start proc com.google.tv.voicesearch for broadcast com.google.tv.voicesearch/.GservicesBroadcastReceiver: pid=1200 uid=10087 gids={50087, 3003, 1028}
01-25 06:02:38.687  1754  1766 I ActivityManager: Start proc com.android.browser.provider for content provider com.android.browser.provider/.BrowserProviderProxy: pid=1235 uid=10084 gids={50084, 1028}
01-25 06:02:38.827  1754  1765 I ActivityManager: Start proc com.chrome.tv.stable for content provider com.chrome.tv.stable/com.google.android.apps.chrome.ChromeBrowserProvider: pid=1250 uid=10013 gids={50013, 1006, 3003, 1015, 1028}
01-25 06:02:40.067  1754  1491 W ActivityManager: Unable to start service Intent { cmp=com.google.android.gms/.analytics.service.RefreshEnabledStateService } U=0: not found
01-25 06:02:55.007  1754  1773 E NotificationService: Ignoring notification with icon==0: Notification(pri=0 contentView=null vibrate=null sound=null defaults=0x0 flags=0x62 kind=[null])
01-25 06:03:29.567  1754  1773 I ActivityManager: No longer want com.google.android.gms:snet (pid 1310): empty for 1800s
01-25 06:03:55.087  1754  1773 E NotificationService: Ignoring notification with icon==0: Notification(pri=0 contentView=null vibrate=null sound=null defaults=0x0 flags=0x62 kind=[null])
01-25 06:03:56.437  1754  1765 I ActivityManager: No longer want com.lguplus.iptv3.secondtvservice (pid 1438): empty for 1800s
01-25 06:03:56.447  1754  2145 W ActivityManager: Scheduling restart of crashed service com.lguplus.iptv3.secondtvservice/.SecondTvService in 5000ms
01-25 06:04:01.457  1754  1773 I ActivityManager: Start proc com.lguplus.iptv3.secondtvservice for service com.lguplus.iptv3.secondtvservice/.SecondTvService: pid=1648 uid=10062 gids={50062, 3003, 1015, 1028}
01-25 06:04:04.097  1754  1773 I ActivityManager: Start proc .remote for broadcast com.lguplus.iptv4.base.curationservice/.reciver.RestartReceiver: pid=1668 uid=10002 gids={50002, 3003, 1015, 1028}
01-25 06:04:46.557  1754  2028 W ThrottleService: unable to find stats for iface rmnet0
01-25 06:04:55.177  1754  1773 E NotificationService: Ignoring notification with icon==0: Notification(pri=0 contentView=null vibrate=null sound=null defaults=0x0 flags=0x62 kind=[null])
01-25 06:05:26.437  1754  3548 I ActivityManager: No longer want com.lguplus.iptv3.updatecheck (pid 1737): empty for 1800s
01-25 06:05:26.447  1754  2137 W ActivityManager: Scheduling restart of crashed service com.lguplus.iptv3.updatecheck/.UpdateService in 5000ms
01-25 06:05:31.467  1754  1773 I ActivityManager: Start proc com.lguplus.iptv3.updatecheck for service com.lguplus.iptv3.updatecheck/.UpdateService: pid=2148 uid=10082 gids={50082, 3003, 1028}
01-25 06:05:55.257  1754  1773 E NotificationService: Ignoring notification with icon==0: Notification(pri=0 contentView=null vibrate=null sound=null defaults=0x0 flags=0x62 kind=[null])
01-25 06:06:26.437  1754  1502 I ActivityManager: No longer want com.google.cast.castreceiver (pid 2008): empty for 1800s
01-25 06:06:26.447  1754  3548 W ActivityManager: Scheduling restart of crashed service com.chrome.tv.stable/com.google.tv.dial.launcher.LaunchService in 5000ms
01-25 06:06:31.467  1754  1773 I ActivityManager: Start proc com.google.cast.castreceiver for service com.chrome.tv.stable/com.google.tv.dial.launcher.LaunchService: pid=2410 uid=10013 gids={50013, 1006, 3003, 1015, 1028}
01-25 06:06:55.347  1754  1773 E NotificationService: Ignoring notification with icon==0: Notification(pri=0 contentView=null vibrate=null sound=null defaults=0x0 flags=0x62 kind=[null])
01-25 06:07:55.457  1754  1773 E NotificationService: Ignoring notification with icon==0: Notification(pri=0 contentView=null vibrate=null sound=null defaults=0x0 flags=0x62 kind=[null])
01-25 06:08:55.547  1754  1773 E NotificationService: Ignoring notification with icon==0: Notification(pri=0 contentView=null vibrate=null sound=null defaults=0x0 flags=0x62 kind=[null])
01-25 06:09:55.637  1754  1773 E NotificationService: Ignoring notification with icon==0: Notification(pri=0 contentView=null vibrate=null sound=null defaults=0x0 flags=0x62 kind=[null])
01-25 06:10:55.717  1754  1773 E NotificationService: Ignoring notification with icon==0: Notification(pri=0 contentView=null vibrate=null sound=null defaults=0x0 flags=0x62 kind=[null])
01-25 06:11:55.817  1754  1773 E NotificationService: Ignoring notification with icon==0: Notification(pri=0 contentView=null vibrate=null sound=null defaults=0x0 flags=0x62 kind=[null])
01-25 06:12:55.937  1754  1773 E NotificationService: Ignoring notification with icon==0: Notification(pri=0 contentView=null vibrate=null sound=null defaults=0x0 flags=0x62 kind=[null])
01-25 06:13:51.337  1754  1773 I ActivityManager: No longer want com.android.vending (pid 3829): empty for 1801s
01-25 06:13:51.337  1754  1773 I ActivityManager: No longer want android.process.media (pid 3883): empty for 1801s
01-25 06:13:56.017  1754  1773 E NotificationService: Ignoring notification with icon==0: Notification(pri=0 contentView=null vibrate=null sound=null defaults=0x0 flags=0x62 kind=[null])
01-25 06:14:46.557  1754  2028 W ThrottleService: unable to find stats for iface rmnet0
01-25 06:14:56.107  1754  1773 E NotificationService: Ignoring notification with icon==0: Notification(pri=0 contentView=null vibrate=null sound=null defaults=0x0 flags=0x62 kind=[null])
01-25 06:15:56.187  1754  1773 E NotificationService: Ignoring notification with icon==0: Notification(pri=0 contentView=null vibrate=null sound=null defaults=0x0 flags=0x62 kind=[null])
01-25 06:16:26.437  1754  1502 I ActivityManager: No longer want android.process.acore (pid 645): empty for 1802s
01-25 06:16:56.277  1754  1773 E NotificationService: Ignoring notification with icon==0: Notification(pri=0 contentView=null vibrate=null sound=null defaults=0x0 flags=0x62 kind=[null])
01-25 06:17:56.357  1754  1773 E NotificationService: Ignoring notification with icon==0: Notification(pri=0 contentView=null vibrate=null sound=null defaults=0x0 flags=0x62 kind=[null])
01-25 06:17:56.447  1754  2102 I ActivityManager: No longer want com.lguplus.iptv3.base.orangecast.shop:remote (pid 1178): empty for 1800s
01-25 06:17:56.467  1754  2140 W ActivityManager: Scheduling restart of crashed service com.lguplus.iptv3.base.orangecast.shop/.service.TriggerService in 5000ms
01-25 06:18:01.477  1754  1773 I ActivityManager: Start proc com.lguplus.iptv3.base.orangecast.shop:remote for service com.lguplus.iptv3.base.orangecast.shop/.service.TriggerService: pid=1506 uid=10051 gids={50051, 3003, 1015, 1028}
01-25 06:18:51.457  1754  1773 I ActivityManager: No longer want com.google.android.gsf.login (pid 1374): empty for 1801s
01-25 06:18:56.477  1754  1773 E NotificationService: Ignoring notification with icon==0: Notification(pri=0 contentView=null vibrate=null sound=null defaults=0x0 flags=0x62 kind=[null])
01-25 06:19:09.387  1054  1753 W SocketClient: write error (Broken pipe)
01-25 06:19:56.537  1754  1773 E NotificationService: Ignoring notification with icon==0: Notification(pri=0 contentView=null vibrate=null sound=null defaults=0x0 flags=0x62 kind=[null])
01-25 06:20:56.647  1754  1773 E NotificationService: Ignoring notification with icon==0: Notification(pri=0 contentView=null vibrate=null sound=null defaults=0x0 flags=0x62 kind=[null])
01-25 06:21:56.747  1754  1773 E NotificationService: Ignoring notification with icon==0: Notification(pri=0 contentView=null vibrate=null sound=null defaults=0x0 flags=0x62 kind=[null])
01-25 06:22:56.827  1754  1773 E NotificationService: Ignoring notification with icon==0: Notification(pri=0 contentView=null vibrate=null sound=null defaults=0x0 flags=0x62 kind=[null])
01-25 06:23:56.907  1754  1773 E NotificationService: Ignoring notification with icon==0: Notification(pri=0 contentView=null vibrate=null sound=null defaults=0x0 flags=0x62 kind=[null])
01-25 06:24:46.557  1754  2028 W ThrottleService: unable to find stats for iface rmnet0
01-25 06:24:56.997  1754  1773 E NotificationService: Ignoring notification with icon==0: Notification(pri=0 contentView=null vibrate=null sound=null defaults=0x0 flags=0x62 kind=[null])
01-25 06:25:57.087  1754  1773 E NotificationService: Ignoring notification with icon==0: Notification(pri=0 contentView=null vibrate=null sound=null defaults=0x0 flags=0x62 kind=[null])
01-25 06:26:29.567  1754  1773 I ActivityManager: No longer want com.lguplus.iptv3.base.setting (pid 3252): empty for 1803s
01-25 06:26:31.647  1754  1765 I ActivityManager: Start proc com.lguplus.iptv3.base.setting for content provider com.lguplus.iptv3.base.setting/.provider.SettingProvider: pid=3578 uid=10076 gids={50076, 1015, 3003, 1028}
01-25 06:26:57.177  1754  1773 E NotificationService: Ignoring notification with icon==0: Notification(pri=0 contentView=null vibrate=null sound=null defaults=0x0 flags=0x62 kind=[null])
01-25 06:27:31.637  1754  2138 I ActivityManager: No longer want com.lguplus.iptv3.base.fwupdater:remote (pid 3470): empty for 1800s
01-25 06:27:31.657  1754  2145 W ActivityManager: Scheduling restart of crashed service com.lguplus.iptv3.base.fwupdater/.BackgroundActionService in 5000ms
01-25 06:27:33.887  1754  1880 D PerformBackupTask: starting agent for backup of BackupRequest{pkg=android}
01-25 06:27:33.897  1754  1880 D BackupManagerService: awaiting agent for ApplicationInfo{2bbb8208 android}
01-25 06:27:33.897  1754  1770 D BackupManagerService: agentConnected pkg=android agent=android.app.backup.BackupAgent$BackupServiceBinder@2c99c3b8
01-25 06:27:33.917  1754  1880 I ActivityManager: Start proc com.google.android.gsf.login for service com.google.android.gsf.login/com.google.android.gsf.loginservice.GoogleLoginService: pid=3843 uid=10028 gids={50028, 3003, 1007, 1028, 1015, 1006, 3002, 3001, 2001, 3006}
01-25 06:27:34.827  1754  1880 D PerformBackupTask: starting agent for backup of BackupRequest{pkg=com.android.providers.settings}
01-25 06:27:34.827  1754  1880 D BackupManagerService: awaiting agent for ApplicationInfo{2bbcd438 com.android.providers.settings}
01-25 06:27:34.837  1754  1770 D BackupManagerService: agentConnected pkg=com.android.providers.settings agent=android.app.backup.BackupAgent$BackupServiceBinder@2bcfcfb0
01-25 06:27:34.887  1754  1880 I PerformBackupTask: Backup pass finished.
01-25 06:27:36.677  1754  1773 I ActivityManager: Start proc com.lguplus.iptv3.base.fwupdater:remote for service com.lguplus.iptv3.base.fwupdater/.BackgroundActionService: pid=3869 uid=10068 gids={50068, 1015, 3003, 1028}
01-25 06:27:57.257  1754  1773 E NotificationService: Ignoring notification with icon==0: Notification(pri=0 contentView=null vibrate=null sound=null defaults=0x0 flags=0x62 kind=[null])
01-25 06:28:51.687  1754  1773 I ActivityManager: No longer want com.lguplus.iptv3.base.reservalarmmng (pid 3659): empty for 1804s
01-25 06:28:51.687  1754  1773 I ActivityManager: No longer want com.lguplus.pushagentstb (pid 3713): empty for 1804s
01-25 06:28:51.687  1754  1773 I ActivityManager: No longer want com.lguplus.iptv3.ltealive (pid 3730): empty for 1804s
01-25 06:28:51.707  1754  2138 W ActivityManager: Scheduling restart of crashed service com.lguplus.iptv3.base.reservalarmmng/.ServiceAlarmManage in 5000ms
01-25 06:28:51.717  1754  1491 W ActivityManager: Scheduling restart of crashed service com.lguplus.pushagentstb/.service.PushAgentService in 14997ms
01-25 06:28:56.717  1754  1773 I ActivityManager: Start proc com.lguplus.iptv3.base.reservalarmmng for service com.lguplus.iptv3.base.reservalarmmng/.ServiceAlarmManage: pid=384 uid=10074 gids={50074, 3003, 1028}
01-25 06:28:57.347  1754  1773 E NotificationService: Ignoring notification with icon==0: Notification(pri=0 contentView=null vibrate=null sound=null defaults=0x0 flags=0x62 kind=[null])
01-25 06:29:01.637  1754  2145 I ActivityManager: No longer want com.google.tv.player (pid 3908): empty for 1800s
01-25 06:29:01.637  1754  2145 I ActivityManager: No longer want com.lge.iptv.onewaycontrol (pid 3784): empty for 1820s
01-25 06:29:01.657  1754  2144 W ActivityManager: Scheduling restart of crashed service com.lge.iptv.onewaycontrol/.OneWayService in 15053ms
01-25 06:29:01.657  1754  2144 W ActivityManager: Scheduling restart of crashed service com.lge.iptv.onewaycontrol/.IpTunerService in 25052ms
01-25 06:29:01.667  1754  2145 W ActivityManager: Scheduling restart of crashed service com.google.tv.player/com.google.tv.mediadevicesapp.MediaDevicesService in 35046ms
01-25 06:29:06.717  1754  1773 I ActivityManager: Start proc com.lguplus.pushagentstb for service com.lguplus.pushagentstb/.service.PushAgentService: pid=430 uid=10057 gids={50057, 3003, 1015, 1028}
01-25 06:29:06.937  1754  1773 I ActivityManager: Start proc com.lguplus.iptv3.ltealive for broadcast com.lguplus.iptv3.ltealive/.push.LGUPlusPushAgentMsgReceiver: pid=446 uid=10041 gids={50041, 1015, 1028, 3003}
01-25 06:29:16.717  1754  1773 I ActivityManager: Start proc com.lge.iptv.onewaycontrol for service com.lge.iptv.onewaycontrol/.OneWayService: pid=532 uid=10038 gids={50038, 3003, 1028}
01-25 06:29:36.717  1754  1773 I ActivityManager: Start proc com.google.tv.player for service com.google.tv.player/com.google.tv.mediadevicesapp.MediaDevicesService: pid=609 uid=10086 gids={50086, 3003, 1028}
01-25 06:29:41.927  1754  1773 W ProcessStats: Skipping unknown process pid 648
01-25 06:29:57.437  1754  1773 E NotificationService: Ignoring notification with icon==0: Notification(pri=0 contentView=null vibrate=null sound=null defaults=0x0 flags=0x62 kind=[null])
01-25 06:30:57.517  1754  1773 E NotificationService: Ignoring notification with icon==0: Notification(pri=0 contentView=null vibrate=null sound=null defaults=0x0 flags=0x62 kind=[null])
01-25 06:31:29.647  1754  1848 D ConnectivityService: handleInetConditionHoldEnd: net=9, condition=100, published condition=100
01-25 06:31:57.607  1754  1773 E NotificationService: Ignoring notification with icon==0: Notification(pri=0 contentView=null vibrate=null sound=null defaults=0x0 flags=0x62 kind=[null])
01-25 06:32:01.647  1754  2140 I ActivityManager: No longer want com.lguplus.iptv3.base.agent.rating:remote (pid 783): empty for 1800s
01-25 06:32:01.647  1754  2140 I ActivityManager: No longer want com.lguplus.iptv3.base.agent.notice:remote (pid 772): empty for 1800s
01-25 06:32:01.647  1754  2140 I ActivityManager: No longer want com.lguplus.iptv3.base.notification:remote (pid 759): empty for 1800s
01-25 06:32:01.677  1754  2102 W ActivityManager: Exception when unbinding service com.lguplus.iptv3.base.agent.notice/.app.NoticeAgent
01-25 06:32:01.677  1754  2102 W ActivityManager: android.os.DeadObjectException
01-25 06:32:01.677  1754  2102 W ActivityManager: 	at android.os.BinderProxy.transact(Native Method)
01-25 06:32:01.677  1754  2102 W ActivityManager: 	at android.app.ApplicationThreadProxy.scheduleUnbindService(ApplicationThreadNative.java:829)
01-25 06:32:01.677  1754  2102 W ActivityManager: 	at com.android.server.am.ActiveServices.removeConnectionLocked(ActiveServices.java:1353)
01-25 06:32:01.677  1754  2102 W ActivityManager: 	at com.android.server.am.ActiveServices.killServicesLocked(ActiveServices.java:1627)
01-25 06:32:01.677  1754  2102 W ActivityManager: 	at com.android.server.am.ActivityManagerService.cleanUpApplicationRecordLocked(ActivityManagerService.java:10762)
01-25 06:32:01.677  1754  2102 W ActivityManager: 	at com.android.server.am.ActivityManagerService.handleAppDiedLocked(ActivityManagerService.java:2925)
01-25 06:32:01.677  1754  2102 W ActivityManager: 	at com.android.server.am.ActivityManagerService.appDiedLocked(ActivityManagerService.java:3015)
01-25 06:32:01.677  1754  2102 W ActivityManager: 	at com.android.server.am.ActivityManagerService$AppDeathRecipient.binderDied(ActivityManagerService.java:872)
01-25 06:32:01.677  1754  2102 W ActivityManager: 	at android.os.BinderProxy.sendDeathNotice(Binder.java:433)
01-25 06:32:01.677  1754  2102 W ActivityManager: 	at dalvik.system.NativeStart.run(Native Method)
01-25 06:32:01.677  1754  2102 W ActivityManager: Scheduling restart of crashed service com.lguplus.iptv3.base.notification/.service.NotificationService in 5000ms
01-25 06:32:01.677  1754  2137 W ActivityManager: Scheduling restart of crashed service com.lguplus.iptv3.base.agent.notice/.app.NoticeAgent in 14999ms
01-25 06:32:01.697  1754  1491 W ActivityManager: Scheduling restart of crashed service com.lguplus.iptv3.base.agent.rating/.app.VbmAgent in 24991ms
01-25 06:32:06.697  1754  1773 I ActivityManager: Start proc com.lguplus.iptv3.base.notification:remote for service com.lguplus.iptv3.base.notification/.service.NotificationService: pid=1406 uid=10072 gids={50072, 3003, 1028}
01-25 06:32:06.717  1754  1754 I ActivityManager: No longer want com.lguplus.iptv3.base.bootinit (pid 803): empty for 1804s
01-25 06:32:06.737  1754  2194 W ActivityManager: Scheduling restart of crashed service com.lguplus.iptv3.base.bootinit/.BootInitService in 29945ms
