01-25 09:25:55.737   904  1026 D SETTINGS-LGE-IptvStorageManager: readUserPreference(IPTV_ENABLED) called 
01-25 09:25:55.737   904  1026 D SETTINGS-LGE-IptvStorageManager: readUserPreference() : /LGU_data/UP/IPTV_ENABLED.1 file does not exist
01-25 09:25:55.737   904  1026 D SETTINGS-LGE-IptvStorageManager: readUserPreference(IPTV_ENABLED, 1) SUCCESS
01-25 09:25:55.737  3224  3224 I LIVE-LGE-JNI: readUP[IPTV_ENABLED] 0th PrefValue : true
01-25 09:25:56.157   926   926 D LIVE-LGE-XCHECKER: startCrossCheck:139, stream err: 0, pcr err: 0, max_check_count: 40
01-25 09:25:56.307  2093  2115 D dalvikvm: GC_CONCURRENT freed 398K, 21% free 2616K/3284K, paused 1ms+2ms, total 19ms
01-25 09:25:59.567  4068  4068 D U+Box HomeShare: HomeShareReceiver [Receive Intent] Action : com.lguplus.iptv3.homesharestb.SERVICE.RESTART
01-25 09:25:59.567  4068  4068 D U+Box HomeShare: HomeShareReceiver Receive : INTENT_HOMESHARE_SERVICE_RESTART ( Service Started : true )
01-25 09:26:01.157   926   926 D LIVE-LGE-XCHECKER: startCrossCheck:139, stream err: 0, pcr err: 0, max_check_count: 40
01-25 09:26:02.027  2093  2917 D DiscoveryService: Launch dial service at:1516839962035
01-25 09:26:02.027  2093  2917 I com.google.tv.discovery.DiscoveryServiceUtil: Launch dial service:com.chrome.tv.stable
01-25 09:26:02.027  2093  2917 D SsdpServer: Received M-SEARCH request for urn:dial-multiscreen-org:service:dial:1
01-25 09:26:02.027  2930  2930 I LaunchService: Starting DIAL Launch Service
01-25 09:26:02.027  2093  2917 D SsdpServer: Prepare M-SEARCH result with delay 138
01-25 09:26:02.027  2093  2917 D SsdpServer: Destination address is 192.168.219.107:63698
01-25 09:26:02.027  2093  2917 D SsdpServer: Device description url is http://192.168.219.104:8008/ssdp/device-desc.xml
01-25 09:26:02.297   904  1027 D SETTINGS-LGE-IptvStorageManager: readUserPreference(LASTCHANNEL) called 
01-25 09:26:02.297   904  1027 D SETTINGS-LGE-IptvStorageManager: readUserPreference() : /LGU_data/UP/LASTCHANNEL.1 file does not exist
01-25 09:26:02.297   904  1027 D SETTINGS-LGE-IptvStorageManager: readUserPreference(LASTCHANNEL, 1) SUCCESS
01-25 09:26:02.297   349   362 I LIVE-LGE-JNI: readUP[LASTCHANNEL] 0th PrefValue : 677
01-25 09:26:03.027  2093  2917 D SsdpServer: Received M-SEARCH request for urn:dial-multiscreen-org:service:dial:1
01-25 09:26:03.027  2093  2917 D SsdpServer: Prepare M-SEARCH result with delay 767
01-25 09:26:03.027  2093  2917 D SsdpServer: Destination address is 192.168.219.107:63698
01-25 09:26:03.027  2093  2917 D SsdpServer: Device description url is http://192.168.219.104:8008/ssdp/device-desc.xml
01-25 09:26:04.027  2093  2917 D SsdpServer: Received M-SEARCH request for urn:dial-multiscreen-org:service:dial:1
01-25 09:26:04.027  2093  2917 D SsdpServer: Prepare M-SEARCH result with delay 967
01-25 09:26:04.027  2093  2917 D SsdpServer: Destination address is 192.168.219.107:63698
01-25 09:26:04.027  2093  2917 D SsdpServer: Device description url is http://192.168.219.104:8008/ssdp/device-desc.xml
01-25 09:26:04.947   361  3698 I AnypointAD - t.a.a.c.m.ServerMessageProcessorFactory: [101] received message from server: UpdateAssetCommand
01-25 09:26:04.957   361  3698 I AnypointAD - t.a.a.c.s.AssetManager: [193] arrange assets
01-25 09:26:04.967   361  3698 I AnypointAD - t.a.a.c.s.AssetManager: [207] before freeStorage: 478396416, usedStorage: 124452992
01-25 09:26:05.027  2093  2917 D SsdpServer: Received M-SEARCH request for urn:dial-multiscreen-org:service:dial:1
01-25 09:26:05.027  2093  2917 D SsdpServer: Prepare M-SEARCH result with delay 429
01-25 09:26:05.027  2093  2917 D SsdpServer: Destination address is 192.168.219.107:63698
01-25 09:26:05.027  2093  2917 D SsdpServer: Device description url is http://192.168.219.104:8008/ssdp/device-desc.xml
01-25 09:26:05.877   361  3878 I AnypointAD - t.a.a.c.s.AssetManager: [171] delete file: /data/data/tv.anypoint.uplus.tvg.app/files/assets/2195.ts
01-25 09:26:05.887   361  3878 I AnypointAD - t.a.a.c.s.AssetManager: [171] delete file: /data/data/tv.anypoint.uplus.tvg.app/files/assets/2079.ts
01-25 09:26:05.887   361  3878 I AnypointAD - t.a.a.c.s.AssetManager: [171] delete file: /data/data/tv.anypoint.uplus.tvg.app/files/assets/2081.ts
01-25 09:26:05.897   361  3878 I AnypointAD - t.a.a.c.s.AssetManager: [171] delete file: /data/data/tv.anypoint.uplus.tvg.app/files/assets/2358.ts
01-25 09:26:05.907   361  3878 I AnypointAD - t.a.a.c.s.DownloadManager: [49] start download url: http://123.140.50.123/uplus-assets/prod/2470/ORIGINAL/2470_1515746602496.ts
01-25 09:26:05.907   361  3878 I AnypointAD - t.a.a.c.s.DownloadManager: [62] download try count: 0
01-25 09:26:05.947   361   365 D dalvikvm: GC_CONCURRENT freed 392K, 17% free 3733K/4472K, paused 2ms+6ms, total 42ms
01-25 09:26:05.947   361  3878 I AnypointAD - t.a.a.c.s.DownloadManager: [77] downloadBreakTime: 55
01-25 09:26:06.017  2093  2115 D dalvikvm: GC_CONCURRENT freed 402K, 21% free 2615K/3284K, paused 2ms+1ms, total 20ms
01-25 09:26:06.167   926   926 D LIVE-LGE-XCHECKER: startCrossCheck:139, stream err: 0, pcr err: 0, max_check_count: 40
01-25 09:26:10.157   361  3700 I AnypointAD - t.a.a.c.m.ServerMessageProcessorFactory: [101] received message from server: CueMessage
01-25 09:26:10.157   361  3700 I AnypointAD - t.a.a.c.m.s.p.c.CueMessageProcessor: [42] got cueMessage. type: 0, cueId: 0, time: Thu Jan 25 09:26:15 GMT+09:00 2018, ppId: 346, time: 1516839975618, duration: 120000, owner: 1
01-25 09:26:10.167   361  3700 I AnypointAD - t.a.a.c.s.CueManager: [174] currentDeviceChannel is not exist.
01-25 09:26:10.167   361  3700 I AnypointAD - t.a.a.c.s.CueManager: [68] receive cue but this device is not available.
01-25 09:26:11.087  1754  1827 I TvWindowManager: AUTO_STANDBY : AutoStandbyCheckTask started - curTime = 253431053 / lastKeyInTime = 253371053
01-25 09:26:11.087  1754  1827 I TvWindowManager: AUTO_STANDBY : resetLastKeyInTimeInNotActivePowerModeState() - Last key in time = 253431054
01-25 09:26:11.167   926   926 D LIVE-LGE-XCHECKER: startCrossCheck:139, stream err: 0, pcr err: 0, max_check_count: 40
01-25 09:26:11.977  2155  2155 I VOD-PINEONE-LAUNCHER: [CategoryAlarmReceiver] onReceive()[19] >> [onReceive] Category Alarm Receive!!
01-25 09:26:11.977  2155  3721 I VOD-PINEONE-LAUNCHER: [CategoryMenuManager] getMenuDataVersion()[103] >> [getMenuDataVersion] file path: /LGU_data/ma/version.cfg
01-25 09:26:11.977  2155  3721 I VOD-PINEONE-LAUNCHER: [CategoryMenuManager$1] run()[66] >> [getMenuDataVersion] currentVersion: VERSION=0xc7
01-25 09:26:11.977  2155  3721 I VOD-PINEONE-LAUNCHER: , fileVersion: VERSION=0xc7
01-25 09:26:11.977  2155  3721 I VOD-PINEONE-LAUNCHER: 
01-25 09:26:12.627  2093  2115 D dalvikvm: GC_CONCURRENT freed 388K, 21% free 2617K/3284K, paused 2ms+2ms, total 20ms
01-25 09:26:13.477   361   361 I AnypointAD - t.a.a.c.s.MonitorScheduler: [56] start monitoring..
01-25 09:26:13.477   361  3877 I AnypointAD - t.a.a.c.s.PushMsgClient: [179] connection: TCPNIOConnection{localSocketAddress={/192.168.219.104:43956}, peerSocketAddress={/52.79.82.81:31102}}, isConnected: true, lastReceivedTime: 1516839970166
01-25 09:26:13.487   361   361 I AnypointAD - t.a.a.c.s.MonitorScheduler: [84] register boot ad call alarm.
01-25 09:26:13.487   361  3877 I AnypointAD - t.a.a.c.s.PushMsgClient: [154] Sending device event: Heartbeat
01-25 09:26:13.487   361   361 I AnypointAD - t.a.a.c.s.MonitorScheduler: [89] monitoring finished..
01-25 09:26:13.497   361  3699 I AnypointAD - t.a.a.c.m.ServerMessageProcessorFactory: [101] received message from server: HeartbeatMessage
01-25 09:26:13.497  1754  1773 E NotificationService: Ignoring notification with icon==0: Notification(pri=0 contentView=null vibrate=null sound=null defaults=0x0 flags=0x62 kind=[null])
01-25 09:26:13.507   361   361 I AnypointAD - t.a.a.c.a.StartService: [15] StartService start...4203, class tv.anypoint.android.core.app.StartService
01-25 09:26:13.527   361   365 D dalvikvm: GC_CONCURRENT freed 391K, 16% free 3766K/4472K, paused 3ms+3ms, total 28ms
01-25 09:26:16.167   926   926 D LIVE-LGE-XCHECKER: startCrossCheck:139, stream err: 0, pcr err: 0, max_check_count: 40
01-25 09:26:17.277  1633  1637 D dalvikvm: GC_CONCURRENT freed 387K, 20% free 2504K/3120K, paused 2ms+1ms, total 15ms
01-25 09:26:19.747  2155  2155 D ETC-PINEONE-LAUNCHER: [SystemButton] setNotificationCount()[103] >> notification count 4
01-25 09:26:21.167   926   926 D LIVE-LGE-XCHECKER: startCrossCheck:139, stream err: 0, pcr err: 0, max_check_count: 40
01-25 09:26:22.847  2093  2115 D dalvikvm: GC_CONCURRENT freed 397K, 21% free 2617K/3284K, paused 2ms+2ms, total 19ms
01-25 09:26:25.747   904   920 D SETTINGS-LGE-IptvStorageManager: readUserPreference(IPTV_ENABLED) called 
01-25 09:26:25.747   904   920 D SETTINGS-LGE-IptvStorageManager: readUserPreference() : /LGU_data/UP/IPTV_ENABLED.1 file does not exist
01-25 09:26:25.747   904   920 D SETTINGS-LGE-IptvStorageManager: readUserPreference(IPTV_ENABLED, 1) SUCCESS
01-25 09:26:25.747  3224  3224 I LIVE-LGE-JNI: readUP[IPTV_ENABLED] 0th PrefValue : true
01-25 09:26:26.167   926   926 D LIVE-LGE-XCHECKER: startCrossCheck:139, stream err: 0, pcr err: 0, max_check_count: 40
01-25 09:26:26.247  2093  2115 D dalvikvm: GC_CONCURRENT freed 419K, 20% free 2630K/3284K, paused 3ms+3ms, total 29ms
01-25 09:26:29.427  2093  2115 D dalvikvm: GC_CONCURRENT freed 406K, 20% free 2633K/3284K, paused 2ms+2ms, total 21ms
01-25 09:26:29.567  4068  4068 D U+Box HomeShare: HomeShareReceiver [Receive Intent] Action : com.lguplus.iptv3.homesharestb.SERVICE.RESTART
01-25 09:26:29.567  4068  4068 D U+Box HomeShare: HomeShareReceiver Receive : INTENT_HOMESHARE_SERVICE_RESTART ( Service Started : true )
01-25 09:26:30.857  1754  1757 D dalvikvm: GC_CONCURRENT freed 1647K, 58% free 9393K/21928K, paused 4ms+9ms, total 97ms
01-25 09:26:31.167   926   926 D LIVE-LGE-XCHECKER: startCrossCheck:139, stream err: 0, pcr err: 0, max_check_count: 40
01-25 09:26:32.297   904   904 D SETTINGS-LGE-IptvStorageManager: readUserPreference(LASTCHANNEL) called 
01-25 09:26:32.297   904   904 D SETTINGS-LGE-IptvStorageManager: readUserPreference() : /LGU_data/UP/LASTCHANNEL.1 file does not exist
01-25 09:26:32.297   904   904 D SETTINGS-LGE-IptvStorageManager: readUserPreference(LASTCHANNEL, 1) SUCCESS
01-25 09:26:32.297   349   360 I LIVE-LGE-JNI: readUP[LASTCHANNEL] 0th PrefValue : 677
01-25 09:26:35.427   361  3697 I AnypointAD - t.a.a.c.m.ServerMessageProcessorFactory: [101] received message from server: CueMessage
01-25 09:26:35.437   361  3697 I AnypointAD - t.a.a.c.m.s.p.c.CueMessageProcessor: [42] got cueMessage. type: 0, cueId: 0, time: Thu Jan 25 09:26:41 GMT+09:00 2018, ppId: 749, time: 1516840001480, duration: 120000, owner: 1
01-25 09:26:35.447   361  3697 I AnypointAD - t.a.a.c.s.CueManager: [174] currentDeviceChannel is not exist.
01-25 09:26:35.447   361  3697 I AnypointAD - t.a.a.c.s.CueManager: [68] receive cue but this device is not available.
01-25 09:26:36.057  2093  2115 D dalvikvm: GC_CONCURRENT freed 410K, 21% free 2618K/3284K, paused 1ms+2ms, total 19ms
01-25 09:26:36.167   926   926 D LIVE-LGE-XCHECKER: startCrossCheck:139, stream err: 0, pcr err: 0, max_check_count: 40
01-25 09:26:37.467   361  3698 I AnypointAD - t.a.a.c.m.ServerMessageProcessorFactory: [101] received message from server: CueMessage
01-25 09:26:37.477   361  3698 I AnypointAD - t.a.a.c.m.s.p.c.CueMessageProcessor: [42] got cueMessage. type: 0, cueId: 0, time: Thu Jan 25 09:26:41 GMT+09:00 2018, ppId: 748, time: 1516840001480, duration: 120000, owner: 1
01-25 09:26:37.477   361  3698 I AnypointAD - t.a.a.c.s.CueManager: [174] currentDeviceChannel is not exist.
01-25 09:26:37.477   361  3698 I AnypointAD - t.a.a.c.s.CueManager: [68] receive cue but this device is not available.
01-25 09:26:39.717  2093  2115 D dalvikvm: GC_CONCURRENT freed 427K, 21% free 2620K/3284K, paused 1ms+2ms, total 20ms
01-25 09:26:41.167   926   926 D LIVE-LGE-XCHECKER: startCrossCheck:139, stream err: 0, pcr err: 0, max_check_count: 40
01-25 09:26:42.457  2093  2115 D dalvikvm: GC_CONCURRENT freed 467K, 21% free 2610K/3304K, paused 2ms+2ms, total 22ms
01-25 09:26:46.117  1633  1637 D dalvikvm: GC_CONCURRENT freed 387K, 20% free 2505K/3120K, paused 2ms+1ms, total 15ms
01-25 09:26:46.177   926   926 D LIVE-LGE-XCHECKER: startCrossCheck:139, stream err: 0, pcr err: 0, max_check_count: 40
01-25 09:26:46.897  2093  2115 D dalvikvm: GC_CONCURRENT freed 435K, 21% free 2625K/3304K, paused 2ms+3ms, total 23ms
01-25 09:26:49.777  2155  2155 D ETC-PINEONE-LAUNCHER: [SystemButton] setNotificationCount()[103] >> notification count 4
01-25 09:26:50.277   361  3700 I AnypointAD - t.a.a.c.m.ServerMessageProcessorFactory: [101] received message from server: CueMessage
01-25 09:26:50.277   361  3700 I AnypointAD - t.a.a.c.m.s.p.c.CueMessageProcessor: [42] got cueMessage. type: 0, cueId: 0, time: Thu Jan 25 09:26:41 GMT+09:00 2018, ppId: 750, time: 1516840001480, duration: 120000, owner: 1
01-25 09:26:50.287   361  3700 I AnypointAD - t.a.a.c.s.CueManager: [174] currentDeviceChannel is not exist.
01-25 09:26:50.287   361  3700 I AnypointAD - t.a.a.c.s.CueManager: [68] receive cue but this device is not available.
01-25 09:26:50.847  2066  2071 D dalvikvm: GC_CONCURRENT freed 384K, 58% free 3532K/8228K, paused 2ms+1ms, total 19ms
01-25 09:26:51.067  2093  2115 D dalvikvm: GC_CONCURRENT freed 406K, 21% free 2618K/3304K, paused 2ms+2ms, total 19ms
01-25 09:26:51.177   926   926 D LIVE-LGE-XCHECKER: startCrossCheck:139, stream err: 0, pcr err: 0, max_check_count: 40
01-25 09:26:54.427  2093  2115 D dalvikvm: GC_CONCURRENT freed 405K, 21% free 2611K/3304K, paused 1ms+1ms, total 19ms
01-25 09:26:55.757   904  1026 D SETTINGS-LGE-IptvStorageManager: readUserPreference(IPTV_ENABLED) called 
01-25 09:26:55.757   904  1026 D SETTINGS-LGE-IptvStorageManager: readUserPreference() : /LGU_data/UP/IPTV_ENABLED.1 file does not exist
01-25 09:26:55.757   904  1026 D SETTINGS-LGE-IptvStorageManager: readUserPreference(IPTV_ENABLED, 1) SUCCESS
01-25 09:26:55.757  3224  3224 I LIVE-LGE-JNI: readUP[IPTV_ENABLED] 0th PrefValue : true
01-25 09:26:56.177   926   926 D LIVE-LGE-XCHECKER: startCrossCheck:139, stream err: 0, pcr err: 0, max_check_count: 40
01-25 09:26:57.307  2093  2115 D dalvikvm: GC_CONCURRENT freed 436K, 21% free 2612K/3304K, paused 2ms+2ms, total 20ms
01-25 09:26:59.567  4068  4068 D U+Box HomeShare: HomeShareReceiver [Receive Intent] Action : com.lguplus.iptv3.homesharestb.SERVICE.RESTART
01-25 09:26:59.567  4068  4068 D U+Box HomeShare: HomeShareReceiver Receive : INTENT_HOMESHARE_SERVICE_RESTART ( Service Started : true )
01-25 09:27:00.127  1890  1895 D dalvikvm: GC_CONCURRENT freed 974K, 74% free 5630K/21524K, paused 2ms+11ms, total 45ms
01-25 09:27:01.177   926   926 D LIVE-LGE-XCHECKER: startCrossCheck:139, stream err: 0, pcr err: 0, max_check_count: 40
01-25 09:27:02.297   904  1027 D SETTINGS-LGE-IptvStorageManager: readUserPreference(LASTCHANNEL) called 
01-25 09:27:02.297   904  1027 D SETTINGS-LGE-IptvStorageManager: readUserPreference() : /LGU_data/UP/LASTCHANNEL.1 file does not exist
01-25 09:27:02.297   904  1027 D SETTINGS-LGE-IptvStorageManager: readUserPreference(LASTCHANNEL, 1) SUCCESS
01-25 09:27:02.297   349   362 I LIVE-LGE-JNI: readUP[LASTCHANNEL] 0th PrefValue : 677
01-25 09:27:04.717  2093  2115 D dalvikvm: GC_CONCURRENT freed 386K, 21% free 2616K/3284K, paused 2ms+2ms, total 21ms
01-25 09:27:06.177   926   926 D LIVE-LGE-XCHECKER: startCrossCheck:139, stream err: 0, pcr err: 0, max_check_count: 40
01-25 09:27:09.297  2093  2115 D dalvikvm: GC_CONCURRENT freed 402K, 21% free 2619K/3284K, paused 3ms+2ms, total 22ms
01-25 09:27:11.087  1754  1827 I TvWindowManager: AUTO_STANDBY : AutoStandbyCheckTask started - curTime = 253491054 / lastKeyInTime = 253431054
01-25 09:27:11.087  1754  1827 I TvWindowManager: AUTO_STANDBY : resetLastKeyInTimeInNotActivePowerModeState() - Last key in time = 253491054
01-25 09:27:11.177   926   926 D LIVE-LGE-XCHECKER: startCrossCheck:139, stream err: 0, pcr err: 0, max_check_count: 40
01-25 09:27:11.987  2155  2155 I VOD-PINEONE-LAUNCHER: [CategoryAlarmReceiver] onReceive()[19] >> [onReceive] Category Alarm Receive!!
01-25 09:27:11.987  2155  3910 I VOD-PINEONE-LAUNCHER: [CategoryMenuManager] getMenuDataVersion()[103] >> [getMenuDataVersion] file path: /LGU_data/ma/version.cfg
01-25 09:27:11.997  2155  3910 I VOD-PINEONE-LAUNCHER: [CategoryMenuManager$1] run()[66] >> [getMenuDataVersion] currentVersion: VERSION=0xc7
01-25 09:27:11.997  2155  3910 I VOD-PINEONE-LAUNCHER: , fileVersion: VERSION=0xc8
01-25 09:27:11.997  2155  3910 I VOD-PINEONE-LAUNCHER: 
01-25 09:27:11.997  2155  3910 I VOD-PINEONE-LAUNCHER: [CategoryMenuManager$1] run()[74] >> [mHashMap clear]
01-25 09:27:11.997  2155  3910 V VOD-PINEONE-LAUNCHER: [CategoryMenuManager] isTopLiveWidget()[135] >> package: com.lguplus.iptv3.base.launcher
01-25 09:27:11.997  2155  3910 V VOD-PINEONE-LAUNCHER: [CategoryMenuManager] isTopLauncher()[152] >> class name: com.lguplus.iptv3.base.launcher.HomeActivity
01-25 09:27:11.997  2155  3910 I VOD-PINEONE-LAUNCHER: [CategoryMenuManager$1] run()[81] >> [setHashMap MenuData] start
01-25 09:27:11.997  2155  3910 D VOD-PINEONE-LAUNCHER: [VodInfoProvider] getMatrixCursorFromMenuAgent()[279] >> getMatrixCursorFromMenuAgent MC
01-25 09:27:11.997  2155  3910 D VOD-PINEONE-LAUNCHER: [MenuAgentManager] reqLists()[44] >> start of reqLists();
01-25 09:27:11.997  2155  3910 D VOD-PINEONE-LAUNCHER: [MenuAgentManager] reqLists()[69] >>  writeToServer end data = MC|1|20
01-25 09:27:12.017  2155  3910 D VOD-PINEONE-LAUNCHER: [MenuAgentManager] reqLists()[89] >> shutdown failed: ENOTCONN (Transport endpoint is not connected)
01-25 09:27:12.017  2155  3910 D VOD-PINEONE-LAUNCHER: [VodInfoProvider] getMatrixCursorFromMenuAgent()[348] >> Send SPD Data = |0|0|15|1||
01-25 09:27:12.017  1500  1500 D ETC-PINEONE-BOOTINIT: [BootInitService] onStartCommand()[186] >> [CALL] onStartCommand !! 
01-25 09:27:12.017  2155  3910 D VOD-PINEONE-LAUNCHER: [VodInfoProvider] query()[185] >> MenuAgent getCount() : 0
01-25 09:27:12.017  2155  3910 I VOD-PINEONE-LAUNCHER: [CategoryMenuManager] setFirstCategoryMenu()[325] >> [setFirstCategoryMenu] set Response Data!! Item Count: 6
01-25 09:27:12.027  1500  1500 D ETC-PINEONE-BOOTINIT: [BootInitService] ProcessSPD()[896] >> [SPD] data = |0|0|15|1||
01-25 09:27:12.027  2155  3910 I VOD-PINEONE-LAUNCHER: [CategoryMenuManager] setCategoryMenuData()[168] >> [menudata] 1depth start
01-25 09:27:12.027  1500  1500 D ETC-PINEONE-BOOTINIT: [BootInitService] ProcessSPD()[910] >> [SPD] data is = 
01-25 09:27:12.027  2155  3910 I VOD-PINEONE-LAUNCHER: [CategoryMenuManager$1] run()[86] >> [setHashMap MenuData] finish // flag: true
01-25 09:27:12.027  1500  1500 I LIVE-LGE-JNI: writeUP[RETRY_SPD_IP] 0th PrefValue : 
01-25 09:27:12.027  1500  1500 D         : IptvStorage_writeUserPreference() is called 
01-25 09:27:12.027  1500  1500 D         : try to call writeUserPreference()...
01-25 09:27:12.027   904   920 D SETTINGS-LGE-IptvStorageManager: writeUserPreference(RETRY_SPD_IP) called 
01-25 09:27:12.027   904   920 D SETTINGS-LGE-IptvStorageManager: writeUserPreference() : DONE 
01-25 09:27:12.027  1500  1500 D         : IptvStorage_writeUserPreference() is done(0x00)
01-25 09:27:12.027   925   999 D LIVE-LGE-IptvService: applyUserPreference
01-25 09:27:12.027   925   999 I LIVE-LGE-Interface: LGU_System_applyUserPreference(RETRY_SPD_IP, 1) SUCCESS
01-25 09:27:12.027  1500  1500 D ETC-PINEONE-BOOTINIT: [BootInitService] ProcessSPD()[910] >> [SPD] data is = 0
01-25 09:27:12.027  1500  1500 I LIVE-LGE-JNI: writeUP[RETRY_SPD_TRY_YN] 0th PrefValue : 0
01-25 09:27:12.027  1500  1500 D         : IptvStorage_writeUserPreference() is called 
01-25 09:27:12.027  1500  1500 D         : try to call writeUserPreference()...
01-25 09:27:12.027   904   904 D SETTINGS-LGE-IptvStorageManager: writeUserPreference(RETRY_SPD_TRY_YN) called 
01-25 09:27:12.027   904   904 D SETTINGS-LGE-IptvStorageManager: writeUserPreference() : /LGU_data/UP/RETRY_SPD_TRY_YN.0 (0, 0)
01-25 09:27:12.077   904   904 D SETTINGS-LGE-IptvStorageManager: writeUserPreference() : DONE 
01-25 09:27:12.077  1500  1500 D         : IptvStorage_writeUserPreference() is done(0x00)
01-25 09:27:12.077   925   925 D LIVE-LGE-IptvService: applyUserPreference
01-25 09:27:12.077   925   925 I LIVE-LGE-Interface: LGU_System_applyUserPreference(RETRY_SPD_TRY_YN, 1) SUCCESS
01-25 09:27:12.077  1500  1500 D ETC-PINEONE-BOOTINIT: [BootInitService] ProcessSPD()[910] >> [SPD] data is = 0
01-25 09:27:12.077  1500  1500 I LIVE-LGE-JNI: writeUP[RETRY_SPD_TRY_NUM] 0th PrefValue : 0
01-25 09:27:12.077  1500  1500 D         : IptvStorage_writeUserPreference() is called 
01-25 09:27:12.077  1500  1500 D         : try to call writeUserPreference()...
01-25 09:27:12.077   904  1026 D SETTINGS-LGE-IptvStorageManager: writeUserPreference(RETRY_SPD_TRY_NUM) called 
01-25 09:27:12.077   904  1026 D SETTINGS-LGE-IptvStorageManager: writeUserPreference() : /LGU_data/UP/RETRY_SPD_TRY_NUM.0 (0, 0)
01-25 09:27:12.097   904  1026 D SETTINGS-LGE-IptvStorageManager: writeUserPreference() : DONE 
01-25 09:27:12.097  1500  1500 D         : IptvStorage_writeUserPreference() is done(0x00)
01-25 09:27:12.097   925  1382 D LIVE-LGE-IptvService: applyUserPreference
01-25 09:27:12.097   925  1382 I LIVE-LGE-Interface: LGU_System_applyUserPreference(RETRY_SPD_TRY_NUM, 1) SUCCESS
01-25 09:27:12.097  1500  1500 D ETC-PINEONE-BOOTINIT: [BootInitService] ProcessSPD()[910] >> [SPD] data is = 15
01-25 09:27:12.097  1500  1500 I LIVE-LGE-JNI: writeUP[RETRY_SPD_TIMEOUT] 0th PrefValue : 15
01-25 09:27:12.097  1500  1500 D         : IptvStorage_writeUserPreference() is called 
01-25 09:27:12.097  1500  1500 D         : try to call writeUserPreference()...
01-25 09:27:12.097   904  1027 D SETTINGS-LGE-IptvStorageManager: writeUserPreference(RETRY_SPD_TIMEOUT) called 
01-25 09:27:12.097   904  1027 D SETTINGS-LGE-IptvStorageManager: writeUserPreference() : /LGU_data/UP/RETRY_SPD_TIMEOUT.0 (0, 15)
01-25 09:27:12.117   904  1027 D SETTINGS-LGE-IptvStorageManager: writeUserPreference() : DONE 
01-25 09:27:12.117  1500  1500 D         : IptvStorage_writeUserPreference() is done(0x00)
01-25 09:27:12.117   925   999 D LIVE-LGE-IptvService: applyUserPreference
01-25 09:27:12.117   925   999 I LIVE-LGE-Interface: LGU_System_applyUserPreference(RETRY_SPD_TIMEOUT, 1) SUCCESS
01-25 09:27:12.117  1500  1500 D ETC-PINEONE-BOOTINIT: [BootInitService] ProcessSPD()[910] >> [SPD] data is = 1
01-25 09:27:12.527  2155  3911 I VOD-PINEONE-LAUNCHER: [CategoryMenuManager$2] run()[175] >> [menudata] 2depth start
01-25 09:27:12.527  2155  3911 D VOD-PINEONE-LAUNCHER: [VodInfoProvider] getMatrixCursorFromMenuAgent()[279] >> getMatrixCursorFromMenuAgent T000
01-25 09:27:12.527  2155  3911 D VOD-PINEONE-LAUNCHER: [MenuAgentManager] reqLists()[44] >> start of reqLists();
01-25 09:27:12.527  2155  3911 D VOD-PINEONE-LAUNCHER: [MenuAgentManager] reqLists()[69] >>  writeToServer end data = T000|1|50
01-25 09:27:12.537  2155  3911 D VOD-PINEONE-LAUNCHER: [MenuAgentManager] readFromServer()[184] >> Check! End of data!!
01-25 09:27:12.537  2155  3911 D VOD-PINEONE-LAUNCHER: [MenuAgentManager] reqLists()[89] >> shutdown failed: ENOTCONN (Transport endpoint is not connected)
01-25 09:27:12.547  2155  3911 D VOD-PINEONE-LAUNCHER: [VodInfoProvider] query()[185] >> MenuAgent getCount() : 0
01-25 09:27:12.547  2155  3911 I VOD-PINEONE-LAUNCHER: [CategoryMenuManager] setSecondCategoryMenu()[374] >> [setSecondCategoryMenu] request id: T000
01-25 09:27:12.547  2155  3911 I VOD-PINEONE-LAUNCHER: [CategoryMenuManager] setSecondCategoryMenu()[413] >> [setSecondCategoryMenu_HashMap_put] id: T000
01-25 09:27:12.547  2155  3911 I VOD-PINEONE-LAUNCHER: [CategoryMenuManager] setSecondCategoryMenu()[414] >> [setSecondCategoryMenu_HashMap_put] request id: T000
01-25 09:27:12.547  2155  3911 I VOD-PINEONE-LAUNCHER: [CategoryMenuManager] setSecondCategoryMenu()[415] >> [setSecondCategoryMenu_HashMap_put] response id => T500
01-25 09:27:12.557  2155  3911 D VOD-PINEONE-LAUNCHER: [VodInfoProvider] getMatrixCursorFromMenuAgent()[279] >> getMatrixCursorFromMenuAgent M000
01-25 09:27:12.557  2155  3911 D VOD-PINEONE-LAUNCHER: [MenuAgentManager] reqLists()[44] >> start of reqLists();
01-25 09:27:12.557  2155  3911 D VOD-PINEONE-LAUNCHER: [MenuAgentManager] reqLists()[69] >>  writeToServer end data = M000|1|50
01-25 09:27:12.567  2155  3911 D VOD-PINEONE-LAUNCHER: [MenuAgentManager] readFromServer()[184] >> Check! End of data!!
01-25 09:27:12.567  2155  3911 D VOD-PINEONE-LAUNCHER: [MenuAgentManager] reqLists()[89] >> shutdown failed: ENOTCONN (Transport endpoint is not connected)
01-25 09:27:12.587  2155  3911 D VOD-PINEONE-LAUNCHER: [VodInfoProvider] query()[185] >> MenuAgent getCount() : 0
01-25 09:27:12.597  2155  3911 I VOD-PINEONE-LAUNCHER: [CategoryMenuManager] setSecondCategoryMenu()[374] >> [setSecondCategoryMenu] request id: M000
01-25 09:27:12.597  2155  3911 I VOD-PINEONE-LAUNCHER: [CategoryMenuManager] setSecondCategoryMenu()[413] >> [setSecondCategoryMenu_HashMap_put] id: M000
01-25 09:27:12.597  2155  3911 I VOD-PINEONE-LAUNCHER: [CategoryMenuManager] setSecondCategoryMenu()[414] >> [setSecondCategoryMenu_HashMap_put] request id: M000
01-25 09:27:12.597  2155  3911 I VOD-PINEONE-LAUNCHER: [CategoryMenuManager] setSecondCategoryMenu()[415] >> [setSecondCategoryMenu_HashMap_put] response id => M014W
01-25 09:27:12.597  2155  3911 D VOD-PINEONE-LAUNCHER: [VodInfoProvider] getMatrixCursorFromMenuAgent()[279] >> getMatrixCursorFromMenuAgent M700
01-25 09:27:12.597  2155  3911 D VOD-PINEONE-LAUNCHER: [MenuAgentManager] reqLists()[44] >> start of reqLists();
01-25 09:27:12.607  2155  3911 D VOD-PINEONE-LAUNCHER: [MenuAgentManager] reqLists()[69] >>  writeToServer end data = M700|1|50
01-25 09:27:12.607  2093  2115 D dalvikvm: GC_CONCURRENT freed 395K, 21% free 2616K/3284K, paused 2ms+7ms, total 34ms
01-25 09:27:12.617  2155  3911 D VOD-PINEONE-LAUNCHER: [MenuAgentManager] readFromServer()[184] >> Check! End of data!!
01-25 09:27:12.617  2155  3911 D VOD-PINEONE-LAUNCHER: [MenuAgentManager] reqLists()[89] >> shutdown failed: ENOTCONN (Transport endpoint is not connected)
01-25 09:27:12.627  2155  3911 D VOD-PINEONE-LAUNCHER: [VodInfoProvider] query()[185] >> MenuAgent getCount() : 0
01-25 09:27:12.627  2155  3911 I VOD-PINEONE-LAUNCHER: [CategoryMenuManager] setSecondCategoryMenu()[374] >> [setSecondCategoryMenu] request id: M700
01-25 09:27:12.627  2155  3911 I VOD-PINEONE-LAUNCHER: [CategoryMenuManager] setSecondCategoryMenu()[413] >> [setSecondCategoryMenu_HashMap_put] id: M700
01-25 09:27:12.627  2155  3911 I VOD-PINEONE-LAUNCHER: [CategoryMenuManager] setSecondCategoryMenu()[414] >> [setSecondCategoryMenu_HashMap_put] request id: M700
01-25 09:27:12.627  2155  3911 I VOD-PINEONE-LAUNCHER: [CategoryMenuManager] setSecondCategoryMenu()[415] >> [setSecondCategoryMenu_HashMap_put] response id => M709
01-25 09:27:12.627  2155  3911 D VOD-PINEONE-LAUNCHER: [VodInfoProvider] getMatrixCursorFromMenuAgent()[279] >> getMatrixCursorFromMenuAgent K000
01-25 09:27:12.627  2155  3911 D VOD-PINEONE-LAUNCHER: [MenuAgentManager] reqLists()[44] >> start of reqLists();
01-25 09:27:12.637  2155  3911 D VOD-PINEONE-LAUNCHER: [MenuAgentManager] reqLists()[69] >>  writeToServer end data = K000|1|50
01-25 09:27:12.647  2155  3911 D VOD-PINEONE-LAUNCHER: [MenuAgentManager] readFromServer()[184] >> Check! End of data!!
01-25 09:27:12.657  2155  3911 D VOD-PINEONE-LAUNCHER: [MenuAgentManager] reqLists()[89] >> shutdown failed: ENOTCONN (Transport endpoint is not connected)
01-25 09:27:12.657  2155  3911 D VOD-PINEONE-LAUNCHER: [VodInfoProvider] query()[185] >> MenuAgent getCount() : 0
01-25 09:27:12.657  2155  3911 I VOD-PINEONE-LAUNCHER: [CategoryMenuManager] setSecondCategoryMenu()[374] >> [setSecondCategoryMenu] request id: K000
01-25 09:27:12.657  2155  3911 I VOD-PINEONE-LAUNCHER: [CategoryMenuManager] setSecondCategoryMenu()[413] >> [setSecondCategoryMenu_HashMap_put] id: K000
01-25 09:27:12.657  2155  3911 I VOD-PINEONE-LAUNCHER: [CategoryMenuManager] setSecondCategoryMenu()[414] >> [setSecondCategoryMenu_HashMap_put] request id: K000
01-25 09:27:12.667  2155  3911 I VOD-PINEONE-LAUNCHER: [CategoryMenuManager] setSecondCategoryMenu()[415] >> [setSecondCategoryMenu_HashMap_put] response id => K711D
01-25 09:27:12.667  2155  3911 D VOD-PINEONE-LAUNCHER: [VodInfoProvider] getMatrixCursorFromMenuAgent()[279] >> getMatrixCursorFromMenuAgent L000
01-25 09:27:12.667  2155  3911 D VOD-PINEONE-LAUNCHER: [MenuAgentManager] reqLists()[44] >> start of reqLists();
01-25 09:27:12.667  2155  3911 D VOD-PINEONE-LAUNCHER: [MenuAgentManager] reqLists()[69] >>  writeToServer end data = L000|1|50
01-25 09:27:12.697  2155  2166 D dalvikvm: GC_CONCURRENT freed 2152K, 22% free 9929K/12588K, paused 4ms+8ms, total 50ms
01-25 09:27:12.697  2155  3911 D dalvikvm: WAIT_FOR_CONCURRENT_GC blocked 29ms
01-25 09:27:12.697  2155  3911 D VOD-PINEONE-LAUNCHER: [MenuAgentManager] readFromServer()[184] >> Check! End of data!!
01-25 09:27:12.697  2155  3911 D VOD-PINEONE-LAUNCHER: [MenuAgentManager] reqLists()[89] >> shutdown failed: ENOTCONN (Transport endpoint is not connected)
01-25 09:27:12.707  2155  3911 D VOD-PINEONE-LAUNCHER: [VodInfoProvider] query()[185] >> MenuAgent getCount() : 0
01-25 09:27:12.707  2155  3911 I VOD-PINEONE-LAUNCHER: [CategoryMenuManager] setSecondCategoryMenu()[374] >> [setSecondCategoryMenu] request id: L000
01-25 09:27:12.707  2155  3911 I VOD-PINEONE-LAUNCHER: [CategoryMenuManager] setSecondCategoryMenu()[413] >> [setSecondCategoryMenu_HashMap_put] id: L000
01-25 09:27:12.707  2155  3911 I VOD-PINEONE-LAUNCHER: [CategoryMenuManager] setSecondCategoryMenu()[414] >> [setSecondCategoryMenu_HashMap_put] request id: L000
01-25 09:27:12.707  2155  3911 I VOD-PINEONE-LAUNCHER: [CategoryMenuManager] setSecondCategoryMenu()[415] >> [setSecondCategoryMenu_HashMap_put] response id => L200
01-25 09:27:12.707  2155  3911 I VOD-PINEONE-LAUNCHER: [CategoryMenuManager$2] run()[187] >> [menudata] 2depth end
01-25 09:27:13.247  1619  1624 D dalvikvm: GC_CONCURRENT freed 384K, 23% free 2435K/3144K, paused 1ms+1ms, total 15ms
01-25 09:27:13.527  2155  3912 I VOD-PINEONE-LAUNCHER: [CategoryMenuManager$3] run()[196] >> [menudata] 3depth start
01-25 09:27:13.527  2155  3912 D VOD-PINEONE-LAUNCHER: [VodInfoProvider] getMatrixCursorFromMenuAgent()[279] >> getMatrixCursorFromMenuAgent T500
01-25 09:27:13.527  2155  3912 D VOD-PINEONE-LAUNCHER: [MenuAgentManager] reqLists()[44] >> start of reqLists();
01-25 09:27:13.527  2155  3912 D VOD-PINEONE-LAUNCHER: [MenuAgentManager] reqLists()[69] >>  writeToServer end data = T500|1|50
01-25 09:27:13.547  2155  3912 D VOD-PINEONE-LAUNCHER: [MenuAgentManager] readFromServer()[184] >> Check! End of data!!
01-25 09:27:13.547  2155  3912 D VOD-PINEONE-LAUNCHER: [MenuAgentManager] reqLists()[89] >> shutdown failed: ENOTCONN (Transport endpoint is not connected)
01-25 09:27:13.547  2155  3912 D VOD-PINEONE-LAUNCHER: [VodInfoProvider] query()[185] >> MenuAgent getCount() : 0
01-25 09:27:13.557   361   361 I AnypointAD - t.a.a.c.s.MonitorScheduler: [56] start monitoring..
01-25 09:27:13.567  2155  3912 I VOD-PINEONE-LAUNCHER: [CategoryMenuManager] setSecondCategoryMenu()[374] >> [setSecondCategoryMenu] request id: T500
01-25 09:27:13.567  2155  3912 I VOD-PINEONE-LAUNCHER: [CategoryMenuManager] setSecondCategoryMenu()[413] >> [setSecondCategoryMenu_HashMap_put] id: T500
01-25 09:27:13.567  2155  3912 I VOD-PINEONE-LAUNCHER: [CategoryMenuManager] setSecondCategoryMenu()[414] >> [setSecondCategoryMenu_HashMap_put] request id: T500
01-25 09:27:13.567   361   361 I AnypointAD - t.a.a.c.s.MonitorScheduler: [84] register boot ad call alarm.
01-25 09:27:13.567  2155  3912 I VOD-PINEONE-LAUNCHER: [CategoryMenuManager] setSecondCategoryMenu()[415] >> [setSecondCategoryMenu_HashMap_put] response id => M01176D383PPV00
01-25 09:27:13.577  2155  3912 D VOD-PINEONE-LAUNCHER: [VodInfoProvider] getMatrixCursorFromMenuAgent()[279] >> getMatrixCursorFromMenuAgent M014W
01-25 09:27:13.577  2155  3912 D VOD-PINEONE-LAUNCHER: [MenuAgentManager] reqLists()[44] >> start of reqLists();
01-25 09:27:13.577  2155  3912 D VOD-PINEONE-LAUNCHER: [MenuAgentManager] reqLists()[69] >>  writeToServer end data = M014W|1|50
01-25 09:27:13.577  2155  3912 D VOD-PINEONE-LAUNCHER: [MenuAgentManager] readFromServer()[184] >> Check! End of data!!
01-25 09:27:13.587  2155  3912 D VOD-PINEONE-LAUNCHER: [MenuAgentManager] reqLists()[89] >> shutdown failed: ENOTCONN (Transport endpoint is not connected)
01-25 09:27:13.587  2155  3912 D VOD-PINEONE-LAUNCHER: [VodInfoProvider] query()[185] >> MenuAgent getCount() : 0
01-25 09:27:13.587  2155  3912 I VOD-PINEONE-LAUNCHER: [CategoryMenuManager] setSecondCategoryMenu()[374] >> [setSecondCategoryMenu] request id: M014W
01-25 09:27:13.597  2155  3912 I VOD-PINEONE-LAUNCHER: [CategoryMenuManager] setSecondCategoryMenu()[413] >> [setSecondCategoryMenu_HashMap_put] id: M014W
01-25 09:27:13.597  2155  3912 I VOD-PINEONE-LAUNCHER: [CategoryMenuManager] setSecondCategoryMenu()[414] >> [setSecondCategoryMenu_HashMap_put] request id: M014W
01-25 09:27:13.597  2155  3912 I VOD-PINEONE-LAUNCHER: [CategoryMenuManager] setSecondCategoryMenu()[415] >> [setSecondCategoryMenu_HashMap_put] response id => M00XK
01-25 09:27:13.597  2155  3912 D VOD-PINEONE-LAUNCHER: [VodInfoProvider] getMatrixCursorFromMenuAgent()[279] >> getMatrixCursorFromMenuAgent M709
01-25 09:27:13.597  2155  3912 D VOD-PINEONE-LAUNCHER: [MenuAgentManager] reqLists()[44] >> start of reqLists();
01-25 09:27:13.597  2155  3912 D VOD-PINEONE-LAUNCHER: [MenuAgentManager] reqLists()[69] >>  writeToServer end data = M709|1|50
01-25 09:27:13.607   361   361 I AnypointAD - t.a.a.c.s.MonitorScheduler: [89] monitoring finished..
01-25 09:27:13.617   361  3695 I AnypointAD - t.a.a.c.s.PushMsgClient: [179] connection: TCPNIOConnection{localSocketAddress={/192.168.219.104:43956}, peerSocketAddress={/52.79.82.81:31102}}, isConnected: true, lastReceivedTime: 1516840010285
01-25 09:27:13.617   361  3695 I AnypointAD - t.a.a.c.s.PushMsgClient: [154] Sending device event: Heartbeat
01-25 09:27:13.627  2155  3912 D VOD-PINEONE-LAUNCHER: [MenuAgentManager] readFromServer()[184] >> Check! End of data!!
01-25 09:27:13.627   361   365 D dalvikvm: GC_CONCURRENT freed 416K, 15% free 3819K/4472K, paused 5ms+13ms, total 52ms
01-25 09:27:13.627  2155  3912 D VOD-PINEONE-LAUNCHER: [MenuAgentManager] reqLists()[89] >> shutdown failed: ENOTCONN (Transport endpoint is not connected)
01-25 09:27:13.627   361  3699 I AnypointAD - t.a.a.c.m.ServerMessageProcessorFactory: [101] received message from server: HeartbeatMessage
01-25 09:27:13.627  1754  1773 E NotificationService: Ignoring notification with icon==0: Notification(pri=0 contentView=null vibrate=null sound=null defaults=0x0 flags=0x62 kind=[null])
01-25 09:27:13.637   361   361 I AnypointAD - t.a.a.c.a.StartService: [15] StartService start...4204, class tv.anypoint.android.core.app.StartService
01-25 09:27:13.647  2155  3912 D VOD-PINEONE-LAUNCHER: [VodInfoProvider] query()[185] >> MenuAgent getCount() : 0
01-25 09:27:13.647  2155  3912 I VOD-PINEONE-LAUNCHER: [CategoryMenuManager] setSecondCategoryMenu()[374] >> [setSecondCategoryMenu] request id: M709
01-25 09:27:13.647  2155  3912 I VOD-PINEONE-LAUNCHER: [CategoryMenuManager] setSecondCategoryMenu()[413] >> [setSecondCategoryMenu_HashMap_put] id: M709
01-25 09:27:13.647  2155  3912 I VOD-PINEONE-LAUNCHER: [CategoryMenuManager] setSecondCategoryMenu()[414] >> [setSecondCategoryMenu_HashMap_put] request id: M709
01-25 09:27:13.647  2155  3912 I VOD-PINEONE-LAUNCHER: [CategoryMenuManager] setSecondCategoryMenu()[415] >> [setSecondCategoryMenu_HashMap_put] response id => M73U9
01-25 09:27:13.647  2155  3912 D VOD-PINEONE-LAUNCHER: [VodInfoProvider] getMatrixCursorFromMenuAgent()[279] >> getMatrixCursorFromMenuAgent K711D
01-25 09:27:13.657  2155  3912 D VOD-PINEONE-LAUNCHER: [MenuAgentManager] reqLists()[44] >> start of reqLists();
01-25 09:27:13.657  2155  3912 D VOD-PINEONE-LAUNCHER: [MenuAgentManager] reqLists()[69] >>  writeToServer end data = K711D|1|50
01-25 09:27:13.657  2155  3912 D VOD-PINEONE-LAUNCHER: [MenuAgentManager] readFromServer()[184] >> Check! End of data!!
01-25 09:27:13.657  2155  3912 D VOD-PINEONE-LAUNCHER: [MenuAgentManager] reqLists()[89] >> shutdown failed: ENOTCONN (Transport endpoint is not connected)
01-25 09:27:13.667  2155  3912 D VOD-PINEONE-LAUNCHER: [VodInfoProvider] query()[185] >> MenuAgent getCount() : 0
01-25 09:27:13.667  2155  3912 I VOD-PINEONE-LAUNCHER: [CategoryMenuManager] setSecondCategoryMenu()[374] >> [setSecondCategoryMenu] request id: K711D
01-25 09:27:13.667  2155  3912 I VOD-PINEONE-LAUNCHER: [CategoryMenuManager] setSecondCategoryMenu()[413] >> [setSecondCategoryMenu_HashMap_put] id: K711D
01-25 09:27:13.667  2155  3912 I VOD-PINEONE-LAUNCHER: [CategoryMenuManager] setSecondCategoryMenu()[414] >> [setSecondCategoryMenu_HashMap_put] request id: K711D
01-25 09:27:13.667  2155  3912 I VOD-PINEONE-LAUNCHER: [CategoryMenuManager] setSecondCategoryMenu()[415] >> [setSecondCategoryMenu_HashMap_put] response id => K768A
01-25 09:27:13.667  2155  3912 D VOD-PINEONE-LAUNCHER: [VodInfoProvider] getMatrixCursorFromMenuAgent()[279] >> getMatrixCursorFromMenuAgent L200
01-25 09:27:13.667  2155  3912 D VOD-PINEONE-LAUNCHER: [MenuAgentManager] reqLists()[44] >> start of reqLists();
01-25 09:27:13.677  2155  3912 D VOD-PINEONE-LAUNCHER: [MenuAgentManager] reqLists()[69] >>  writeToServer end data = L200|1|50
01-25 09:27:13.687  2155  3912 D VOD-PINEONE-LAUNCHER: [MenuAgentManager] readFromServer()[184] >> Check! End of data!!
01-25 09:27:13.687  2155  3912 D VOD-PINEONE-LAUNCHER: [MenuAgentManager] reqLists()[89] >> shutdown failed: ENOTCONN (Transport endpoint is not connected)
01-25 09:27:13.687  2155  3912 D VOD-PINEONE-LAUNCHER: [VodInfoProvider] query()[185] >> MenuAgent getCount() : 0
01-25 09:27:13.687  2155  3912 I VOD-PINEONE-LAUNCHER: [CategoryMenuManager] setSecondCategoryMenu()[374] >> [setSecondCategoryMenu] request id: L200
01-25 09:27:13.697  2155  3912 I VOD-PINEONE-LAUNCHER: [CategoryMenuManager] setSecondCategoryMenu()[413] >> [setSecondCategoryMenu_HashMap_put] id: L200
01-25 09:27:13.697  2155  3912 I VOD-PINEONE-LAUNCHER: [CategoryMenuManager] setSecondCategoryMenu()[414] >> [setSecondCategoryMenu_HashMap_put] request id: L200
01-25 09:27:13.697  2155  3912 I VOD-PINEONE-LAUNCHER: [CategoryMenuManager] setSecondCategoryMenu()[415] >> [setSecondCategoryMenu_HashMap_put] response id => L204K
01-25 09:27:13.697  2155  3912 I VOD-PINEONE-LAUNCHER: [CategoryMenuManager$3] run()[246] >> [menudata] 3depth end
01-25 09:27:15.087  1633  1637 D dalvikvm: GC_CONCURRENT freed 386K, 20% free 2505K/3120K, paused 2ms+2ms, total 16ms
01-25 09:27:16.177   926   926 D LIVE-LGE-XCHECKER: startCrossCheck:139, stream err: 0, pcr err: 0, max_check_count: 40
01-25 09:27:19.787  2155  2155 D ETC-PINEONE-LAUNCHER: [SystemButton] setNotificationCount()[103] >> notification count 4
01-25 09:27:21.097  2093  2115 D dalvikvm: GC_CONCURRENT freed 394K, 21% free 2613K/3284K, paused 2ms+2ms, total 19ms
01-25 09:27:21.177   926   926 D LIVE-LGE-XCHECKER: startCrossCheck:139, stream err: 0, pcr err: 0, max_check_count: 40
01-25 09:27:25.767   904   920 D SETTINGS-LGE-IptvStorageManager: readUserPreference(IPTV_ENABLED) called 
01-25 09:27:25.767   904   920 D SETTINGS-LGE-IptvStorageManager: readUserPreference() : /LGU_data/UP/IPTV_ENABLED.1 file does not exist
01-25 09:27:25.767   904   920 D SETTINGS-LGE-IptvStorageManager: readUserPreference(IPTV_ENABLED, 1) SUCCESS
01-25 09:27:25.767  3224  3224 I LIVE-LGE-JNI: readUP[IPTV_ENABLED] 0th PrefValue : true
01-25 09:27:26.177   926   926 D LIVE-LGE-XCHECKER: startCrossCheck:139, stream err: 0, pcr err: 0, max_check_count: 40
01-25 09:27:26.307  2093  2115 D dalvikvm: GC_CONCURRENT freed 404K, 21% free 2622K/3284K, paused 2ms+2ms, total 20ms
01-25 09:27:29.367  2093  2115 D dalvikvm: GC_CONCURRENT freed 419K, 21% free 2620K/3284K, paused 1ms+2ms, total 19ms
01-25 09:27:29.567  4068  4068 D U+Box HomeShare: HomeShareReceiver [Receive Intent] Action : com.lguplus.iptv3.homesharestb.SERVICE.RESTART
01-25 09:27:29.567  4068  4068 D U+Box HomeShare: HomeShareReceiver Receive : INTENT_HOMESHARE_SERVICE_RESTART ( Service Started : true )
01-25 09:27:31.187   926   926 D LIVE-LGE-XCHECKER: startCrossCheck:139, stream err: 0, pcr err: 0, max_check_count: 40
01-25 09:27:32.297   904   904 D SETTINGS-LGE-IptvStorageManager: readUserPreference(LASTCHANNEL) called 
01-25 09:27:32.297   904   904 D SETTINGS-LGE-IptvStorageManager: readUserPreference() : /LGU_data/UP/LASTCHANNEL.1 file does not exist
01-25 09:27:32.297   904   904 D SETTINGS-LGE-IptvStorageManager: readUserPreference(LASTCHANNEL, 1) SUCCESS
01-25 09:27:32.297   349   360 I LIVE-LGE-JNI: readUP[LASTCHANNEL] 0th PrefValue : 677
01-25 09:27:32.647  2093  2115 D dalvikvm: GC_CONCURRENT freed 403K, 21% free 2611K/3284K, paused 2ms+2ms, total 20ms
01-25 09:27:36.187   926   926 D LIVE-LGE-XCHECKER: startCrossCheck:139, stream err: 0, pcr err: 0, max_check_count: 40
01-25 09:27:36.407  2093  2115 D dalvikvm: GC_CONCURRENT freed 400K, 21% free 2612K/3284K, paused 2ms+2ms, total 20ms
01-25 09:27:41.187   926   926 D LIVE-LGE-XCHECKER: startCrossCheck:139, stream err: 0, pcr err: 0, max_check_count: 40
01-25 09:27:41.337  2093  2115 D dalvikvm: GC_CONCURRENT freed 377K, 21% free 2621K/3284K, paused 1ms+2ms, total 20ms
01-25 09:27:44.047  1633  1637 D dalvikvm: GC_CONCURRENT freed 386K, 20% free 2505K/3120K, paused 2ms+2ms, total 15ms
01-25 09:27:44.347   361  3697 I AnypointAD - t.a.a.c.m.ServerMessageProcessorFactory: [101] received message from server: CueMessage
01-25 09:27:44.347   361  3697 I AnypointAD - t.a.a.c.m.s.p.c.CueMessageProcessor: [42] got cueMessage. type: 0, cueId: 0, time: Thu Jan 25 09:27:50 GMT+09:00 2018, ppId: 514, time: 1516840070915, duration: 120000, owner: 1
01-25 09:27:44.357   361  3697 I AnypointAD - t.a.a.c.s.CueManager: [174] currentDeviceChannel is not exist.
01-25 09:27:44.357   361  3697 I AnypointAD - t.a.a.c.s.CueManager: [68] receive cue but this device is not available.
01-25 09:27:44.427  2093  2115 D dalvikvm: GC_CONCURRENT freed 427K, 20% free 2679K/3336K, paused 3ms+3ms, total 37ms
01-25 09:27:46.187   926   926 D LIVE-LGE-XCHECKER: startCrossCheck:139, stream err: 0, pcr err: 0, max_check_count: 40
01-25 09:27:49.817  2155  2155 D ETC-PINEONE-LAUNCHER: [SystemButton] setNotificationCount()[103] >> notification count 4
01-25 09:27:51.187   926   926 D LIVE-LGE-XCHECKER: startCrossCheck:139, stream err: 0, pcr err: 0, max_check_count: 40
01-25 09:27:51.447  2093  2115 D dalvikvm: GC_CONCURRENT freed 454K, 22% free 2611K/3336K, paused 2ms+2ms, total 20ms
01-25 09:27:55.777   904  1026 D SETTINGS-LGE-IptvStorageManager: readUserPreference(IPTV_ENABLED) called 
01-25 09:27:55.777   904  1026 D SETTINGS-LGE-IptvStorageManager: readUserPreference() : /LGU_data/UP/IPTV_ENABLED.1 file does not exist
01-25 09:27:55.777   904  1026 D SETTINGS-LGE-IptvStorageManager: readUserPreference(IPTV_ENABLED, 1) SUCCESS
01-25 09:27:55.777  3224  3224 I LIVE-LGE-JNI: readUP[IPTV_ENABLED] 0th PrefValue : true
01-25 09:27:56.187   926   926 D LIVE-LGE-XCHECKER: startCrossCheck:139, stream err: 0, pcr err: 0, max_check_count: 40
01-25 09:27:56.347  2093  2115 D dalvikvm: GC_CONCURRENT freed 387K, 22% free 2620K/3336K, paused 2ms+3ms, total 22ms
01-25 09:27:59.567  4068  4068 D U+Box HomeShare: HomeShareReceiver [Receive Intent] Action : com.lguplus.iptv3.homesharestb.SERVICE.RESTART
01-25 09:27:59.567  4068  4068 D U+Box HomeShare: HomeShareReceiver Receive : INTENT_HOMESHARE_SERVICE_RESTART ( Service Started : true )
01-25 09:27:59.847  2093  2115 D dalvikvm: GC_CONCURRENT freed 415K, 22% free 2615K/3336K, paused 2ms+2ms, total 20ms
01-25 09:28:01.187   926   926 D LIVE-LGE-XCHECKER: startCrossCheck:139, stream err: 0, pcr err: 0, max_check_count: 40
01-25 09:28:02.027  2093  2917 D DiscoveryService: Launch dial service at:1516840082035
01-25 09:28:02.027  2093  2917 I com.google.tv.discovery.DiscoveryServiceUtil: Launch dial service:com.chrome.tv.stable
01-25 09:28:02.027  2093  2917 D SsdpServer: Received M-SEARCH request for urn:dial-multiscreen-org:service:dial:1
01-25 09:28:02.027  2930  2930 I LaunchService: Starting DIAL Launch Service
01-25 09:28:02.027  2093  2917 D SsdpServer: Prepare M-SEARCH result with delay 372
01-25 09:28:02.027  2093  2917 D SsdpServer: Destination address is 192.168.219.107:49391
01-25 09:28:02.027  2093  2917 D SsdpServer: Device description url is http://192.168.219.104:8008/ssdp/device-desc.xml
01-25 09:28:02.297   904  1027 D SETTINGS-LGE-IptvStorageManager: readUserPreference(LASTCHANNEL) called 
01-25 09:28:02.297   904  1027 D SETTINGS-LGE-IptvStorageManager: readUserPreference() : /LGU_data/UP/LASTCHANNEL.1 file does not exist
01-25 09:28:02.297   904  1027 D SETTINGS-LGE-IptvStorageManager: readUserPreference(LASTCHANNEL, 1) SUCCESS
01-25 09:28:02.297   349   362 I LIVE-LGE-JNI: readUP[LASTCHANNEL] 0th PrefValue : 677
01-25 09:28:02.297  1754  2145 I ActivityManager: No longer want com.lguplus.iptv3.base.fwupdater:remote (pid 4033): empty for 1800s
01-25 09:28:02.307  1754  1765 W ActivityManager: Scheduling restart of crashed service com.lguplus.iptv3.base.fwupdater/.BackgroundActionService in 5000ms
01-25 09:28:02.647  1619  3084 D NoticeAgent: [Noti3_0.1.2]f|stopViewTimer
01-25 09:28:02.647  1619  3084 D NoticeAgent: [Noti3_0.1.2]f|isRemove : true
01-25 09:28:02.657  1619  3084 D NoticeAgent: [Noti3_0.1.2]d|called notifyNotice()
01-25 09:28:02.657  1619  3084 D NoticeAgent: [Noti3_0.1.2]d|called showNotice()
01-25 09:28:02.657  1619  3084 D NoticeAgent: [Noti3_0.1.2]d|showNotice()-vReadyBuffer.size : 1
01-25 09:28:02.657  1619  3084 D NoticeAgent: [Noti3_0.1.2]d|showNotice() - noticeType :1
01-25 09:28:02.657   904   920 D SETTINGS-LGE-IptvStorageManager: readUserPreference(NTPOP) called 
01-25 09:28:02.657   904   920 D SETTINGS-LGE-IptvStorageManager: readUserPreference() : /LGU_data/UP/NTPOP.0 file does not exist
01-25 09:28:02.657   904   920 W SETTINGS-LGE-IptvStorageManager: readUserPreference(NTPOP) FAIL
01-25 09:28:02.657  1619  3084 D NoticeAgent: [Noti3_0.1.2]k|isNotiOn()-notiFlag : null
01-25 09:28:02.657  1619  3084 D NoticeAgent: [Noti3_0.1.2]Class|called isAVStatus
01-25 09:28:02.657  1619  3084 D NoticeAgent: [Noti3_0.1.2]Class|called getViewStatus()-listener : com.lguplus.iptv3.base.agent.notice.aidl.NoticeListener$Stub$Proxy@2bae32c8
01-25 09:28:02.657  1619  3085 D NoticeAgent: [Noti3_0.1.2]f|stopViewTimer
01-25 09:28:02.657  1619  3085 D NoticeAgent: [Noti3_0.1.2]f|isRemove : true
01-25 09:28:02.657  1619  3085 D NoticeAgent: [Noti3_0.1.2]d|called notifyNotice()
01-25 09:28:02.657  1606  1618 D ETC-PINEONE-NOTIFICATION: [NotificationService$7] getViewStatus()[1191] >> getViewStatus!!
01-25 09:28:02.657  1606  1618 D ETC-PINEONE-NOTIFICATION: [NotificationService] isRunningNoticeActivity()[571] >> activity: com.lguplus.iptv3.base.launcher.HomeActivity
01-25 09:28:02.657  1619  3086 D NoticeAgent: [Noti3_0.1.2]f|stopViewTimer
01-25 09:28:02.657  1619  3086 D NoticeAgent: [Noti3_0.1.2]f|isRemove : true
01-25 09:28:02.657  1619  3086 D NoticeAgent: [Noti3_0.1.2]d|called notifyNotice()
01-25 09:28:02.657  1606  1618 D ETC-PINEONE-NOTIFICATION: [NotificationService] isRunningNoticeActivity()[572] >> package: com.lguplus.iptv3.base.launcher
01-25 09:28:02.657  1619  3084 D NoticeAgent: [Noti3_0.1.2]Class|getViewStatus()-viewStatus : 9
01-25 09:28:02.657  1619  3084 D NoticeAgent: [Noti3_0.1.2]d|called sleepNoti()
01-25 09:28:02.657  1619  3084 D NoticeAgent: [Noti3_0.1.2]f|called TimerProcessor - sec : 300
01-25 09:28:02.657  1619  3084 D NoticeAgent: [Noti3_0.1.2]f|TimerProcessor - delayTime : 300000
01-25 09:28:02.657  1619  3084 D NoticeAgent: [Noti3_0.1.2]f|startViewTimer - delayTime : 300000
01-25 09:28:02.657  1619  3084 D NoticeAgent: [Noti3_0.1.2]f|startViewTimer completed.
01-25 09:28:02.657  1619   315 D NoticeAgent: [Noti3_0.1.2]f|called run()
01-25 09:28:02.657  1619  3084 D NoticeAgent: [Noti3_0.1.2]d|called showNotice()
01-25 09:28:02.657  1619  3084 D NoticeAgent: [Noti3_0.1.2]d|showNotice()-vReadyBuffer.size : 2
01-25 09:28:02.657  1619  3084 D NoticeAgent: [Noti3_0.1.2]d|showNotice() - noticeType :1
01-25 09:28:02.657   904   904 D SETTINGS-LGE-IptvStorageManager: readUserPreference(LASTCHANNEL) called 
01-25 09:28:02.657   904   904 D SETTINGS-LGE-IptvStorageManager: readUserPreference() : /LGU_data/UP/LASTCHANNEL.1 file does not exist
01-25 09:28:02.657   904   904 D SETTINGS-LGE-IptvStorageManager: readUserPreference(LASTCHANNEL, 1) SUCCESS
01-25 09:28:02.657  1619  3084 I LIVE-LGE-JNI: readUP[LASTCHANNEL] 0th PrefValue : 677
01-25 09:28:02.657  1619  3084 D NoticeAgent: [Noti3_0.1.2]k|lastChannelId()-lastChId : 677
01-25 09:28:02.657  1619  3084 D NoticeAgent: [Noti3_0.1.2]d|called sleepNoti()
01-25 09:28:02.657  1619  3084 D NoticeAgent: [Noti3_0.1.2]f|called TimerProcessor - sec : 300
01-25 09:28:02.667  1619  3084 D NoticeAgent: [Noti3_0.1.2]f|TimerProcessor - delayTime : 300000
01-25 09:28:02.667  1619  3084 D NoticeAgent: [Noti3_0.1.2]f|startViewTimer - delayTime : 300000
