01-25 09:16:12.447  2155  1287 D VOD-PINEONE-LAUNCHER: [MenuAgentManager] reqLists()[89] >> shutdown failed: ENOTCONN (Transport endpoint is not connected)
01-25 09:16:12.447  2155  1287 D VOD-PINEONE-LAUNCHER: [VodInfoProvider] query()[185] >> MenuAgent getCount() : 0
01-25 09:16:12.457  2155  1287 I VOD-PINEONE-LAUNCHER: [CategoryMenuManager] setSecondCategoryMenu()[374] >> [setSecondCategoryMenu] request id: L000
01-25 09:16:12.457  2155  1287 I VOD-PINEONE-LAUNCHER: [CategoryMenuManager] setSecondCategoryMenu()[413] >> [setSecondCategoryMenu_HashMap_put] id: L000
01-25 09:16:12.457  2155  1287 I VOD-PINEONE-LAUNCHER: [CategoryMenuManager] setSecondCategoryMenu()[414] >> [setSecondCategoryMenu_HashMap_put] request id: L000
01-25 09:16:12.457  2155  1287 I VOD-PINEONE-LAUNCHER: [CategoryMenuManager] setSecondCategoryMenu()[415] >> [setSecondCategoryMenu_HashMap_put] response id => L200
01-25 09:16:12.457  2155  1287 I VOD-PINEONE-LAUNCHER: [CategoryMenuManager$2] run()[187] >> [menudata] 2depth end
01-25 09:16:12.517   361   361 I AnypointAD - t.a.a.c.s.MonitorScheduler: [56] start monitoring..
01-25 09:16:12.517   361  3878 I AnypointAD - t.a.a.c.s.PushMsgClient: [179] connection: TCPNIOConnection{localSocketAddress={/192.168.219.104:43956}, peerSocketAddress={/52.79.82.81:31102}}, isConnected: true, lastReceivedTime: 1516839335870
01-25 09:16:12.527   361   361 I AnypointAD - t.a.a.c.s.MonitorScheduler: [84] register boot ad call alarm.
01-25 09:16:12.537   361  3698 I AnypointAD - t.a.a.c.m.ServerMessageProcessorFactory: [101] received message from server: HeartbeatMessage
01-25 09:16:12.547   361  3878 I AnypointAD - t.a.a.c.s.PushMsgClient: [154] Sending device event: Heartbeat
01-25 09:16:12.567   361   365 D dalvikvm: GC_CONCURRENT freed 478K, 17% free 3736K/4472K, paused 2ms+4ms, total 42ms
01-25 09:16:12.567   361   361 D dalvikvm: WAIT_FOR_CONCURRENT_GC blocked 24ms
01-25 09:16:12.567   361   361 I AnypointAD - t.a.a.c.s.MonitorScheduler: [89] monitoring finished..
01-25 09:16:12.577  2093  2115 D dalvikvm: GC_CONCURRENT freed 425K, 21% free 2620K/3284K, paused 3ms+3ms, total 38ms
01-25 09:16:12.577   361   361 I AnypointAD - t.a.a.c.a.StartService: [15] StartService start...4193, class tv.anypoint.android.core.app.StartService
01-25 09:16:12.577  1754  1773 E NotificationService: Ignoring notification with icon==0: Notification(pri=0 contentView=null vibrate=null sound=null defaults=0x0 flags=0x62 kind=[null])
01-25 09:16:13.327  2155  1288 I VOD-PINEONE-LAUNCHER: [CategoryMenuManager$3] run()[196] >> [menudata] 3depth start
01-25 09:16:13.327  2155  1288 D VOD-PINEONE-LAUNCHER: [VodInfoProvider] getMatrixCursorFromMenuAgent()[279] >> getMatrixCursorFromMenuAgent T500
01-25 09:16:13.327  2155  1288 D VOD-PINEONE-LAUNCHER: [MenuAgentManager] reqLists()[44] >> start of reqLists();
01-25 09:16:13.337  2155  1288 D VOD-PINEONE-LAUNCHER: [MenuAgentManager] reqLists()[69] >>  writeToServer end data = T500|1|50
01-25 09:16:13.337  2155  1288 D VOD-PINEONE-LAUNCHER: [MenuAgentManager] readFromServer()[184] >> Check! End of data!!
01-25 09:16:13.337  2155  1288 D VOD-PINEONE-LAUNCHER: [MenuAgentManager] reqLists()[89] >> shutdown failed: ENOTCONN (Transport endpoint is not connected)
01-25 09:16:13.347  2155  1288 D VOD-PINEONE-LAUNCHER: [VodInfoProvider] query()[185] >> MenuAgent getCount() : 0
01-25 09:16:13.347  2155  1288 I VOD-PINEONE-LAUNCHER: [CategoryMenuManager] setSecondCategoryMenu()[374] >> [setSecondCategoryMenu] request id: T500
01-25 09:16:13.347  2155  1288 I VOD-PINEONE-LAUNCHER: [CategoryMenuManager] setSecondCategoryMenu()[413] >> [setSecondCategoryMenu_HashMap_put] id: T500
01-25 09:16:13.347  2155  1288 I VOD-PINEONE-LAUNCHER: [CategoryMenuManager] setSecondCategoryMenu()[414] >> [setSecondCategoryMenu_HashMap_put] request id: T500
01-25 09:16:13.347  2155  1288 I VOD-PINEONE-LAUNCHER: [CategoryMenuManager] setSecondCategoryMenu()[415] >> [setSecondCategoryMenu_HashMap_put] response id => M01176D383PPV00
01-25 09:16:13.347  2155  1288 D VOD-PINEONE-LAUNCHER: [VodInfoProvider] getMatrixCursorFromMenuAgent()[279] >> getMatrixCursorFromMenuAgent M014W
01-25 09:16:13.357  2155  1288 D VOD-PINEONE-LAUNCHER: [MenuAgentManager] reqLists()[44] >> start of reqLists();
01-25 09:16:13.357  2155  1288 D VOD-PINEONE-LAUNCHER: [MenuAgentManager] reqLists()[69] >>  writeToServer end data = M014W|1|50
01-25 09:16:13.367  2155  1288 D VOD-PINEONE-LAUNCHER: [MenuAgentManager] readFromServer()[184] >> Check! End of data!!
01-25 09:16:13.367  2155  1288 D VOD-PINEONE-LAUNCHER: [MenuAgentManager] reqLists()[89] >> shutdown failed: ENOTCONN (Transport endpoint is not connected)
01-25 09:16:13.377  2155  1288 D VOD-PINEONE-LAUNCHER: [VodInfoProvider] query()[185] >> MenuAgent getCount() : 0
01-25 09:16:13.377  2155  1288 I VOD-PINEONE-LAUNCHER: [CategoryMenuManager] setSecondCategoryMenu()[374] >> [setSecondCategoryMenu] request id: M014W
01-25 09:16:13.377  2155  1288 I VOD-PINEONE-LAUNCHER: [CategoryMenuManager] setSecondCategoryMenu()[413] >> [setSecondCategoryMenu_HashMap_put] id: M014W
01-25 09:16:13.377  2155  1288 I VOD-PINEONE-LAUNCHER: [CategoryMenuManager] setSecondCategoryMenu()[414] >> [setSecondCategoryMenu_HashMap_put] request id: M014W
01-25 09:16:13.377  2155  1288 I VOD-PINEONE-LAUNCHER: [CategoryMenuManager] setSecondCategoryMenu()[415] >> [setSecondCategoryMenu_HashMap_put] response id => M00XK
01-25 09:16:13.377  2155  1288 D VOD-PINEONE-LAUNCHER: [VodInfoProvider] getMatrixCursorFromMenuAgent()[279] >> getMatrixCursorFromMenuAgent M709
01-25 09:16:13.377  2155  1288 D VOD-PINEONE-LAUNCHER: [MenuAgentManager] reqLists()[44] >> start of reqLists();
01-25 09:16:13.377  2155  1288 D VOD-PINEONE-LAUNCHER: [MenuAgentManager] reqLists()[69] >>  writeToServer end data = M709|1|50
01-25 09:16:13.387  2155  1288 D VOD-PINEONE-LAUNCHER: [MenuAgentManager] readFromServer()[184] >> Check! End of data!!
01-25 09:16:13.387  2155  1288 D VOD-PINEONE-LAUNCHER: [MenuAgentManager] reqLists()[89] >> shutdown failed: ENOTCONN (Transport endpoint is not connected)
01-25 09:16:13.397  2155  1288 D VOD-PINEONE-LAUNCHER: [VodInfoProvider] query()[185] >> MenuAgent getCount() : 0
01-25 09:16:13.407  2155  1288 I VOD-PINEONE-LAUNCHER: [CategoryMenuManager] setSecondCategoryMenu()[374] >> [setSecondCategoryMenu] request id: M709
01-25 09:16:13.407  2155  1288 I VOD-PINEONE-LAUNCHER: [CategoryMenuManager] setSecondCategoryMenu()[413] >> [setSecondCategoryMenu_HashMap_put] id: M709
01-25 09:16:13.407  2155  1288 I VOD-PINEONE-LAUNCHER: [CategoryMenuManager] setSecondCategoryMenu()[414] >> [setSecondCategoryMenu_HashMap_put] request id: M709
01-25 09:16:13.407  2155  1288 I VOD-PINEONE-LAUNCHER: [CategoryMenuManager] setSecondCategoryMenu()[415] >> [setSecondCategoryMenu_HashMap_put] response id => M73U9
01-25 09:16:13.407  2155  1288 D VOD-PINEONE-LAUNCHER: [VodInfoProvider] getMatrixCursorFromMenuAgent()[279] >> getMatrixCursorFromMenuAgent K711D
01-25 09:16:13.407  2155  1288 D VOD-PINEONE-LAUNCHER: [MenuAgentManager] reqLists()[44] >> start of reqLists();
01-25 09:16:13.417  2155  1288 D VOD-PINEONE-LAUNCHER: [MenuAgentManager] reqLists()[69] >>  writeToServer end data = K711D|1|50
01-25 09:16:13.427  2155  1288 D VOD-PINEONE-LAUNCHER: [MenuAgentManager] readFromServer()[184] >> Check! End of data!!
01-25 09:16:13.427  2155  1288 D VOD-PINEONE-LAUNCHER: [MenuAgentManager] reqLists()[89] >> shutdown failed: ENOTCONN (Transport endpoint is not connected)
01-25 09:16:13.447  2155  2166 D dalvikvm: GC_CONCURRENT freed 2046K, 21% free 10035K/12588K, paused 3ms+6ms, total 42ms
01-25 09:16:13.447  2155  1288 D dalvikvm: WAIT_FOR_CONCURRENT_GC blocked 19ms
01-25 09:16:13.457  2155  1288 D VOD-PINEONE-LAUNCHER: [VodInfoProvider] query()[185] >> MenuAgent getCount() : 0
01-25 09:16:13.457  2155  1288 I VOD-PINEONE-LAUNCHER: [CategoryMenuManager] setSecondCategoryMenu()[374] >> [setSecondCategoryMenu] request id: K711D
01-25 09:16:13.457  2155  1288 I VOD-PINEONE-LAUNCHER: [CategoryMenuManager] setSecondCategoryMenu()[413] >> [setSecondCategoryMenu_HashMap_put] id: K711D
01-25 09:16:13.457  2155  1288 I VOD-PINEONE-LAUNCHER: [CategoryMenuManager] setSecondCategoryMenu()[414] >> [setSecondCategoryMenu_HashMap_put] request id: K711D
01-25 09:16:13.457  2155  1288 I VOD-PINEONE-LAUNCHER: [CategoryMenuManager] setSecondCategoryMenu()[415] >> [setSecondCategoryMenu_HashMap_put] response id => K768A
01-25 09:16:13.457  2155  1288 D VOD-PINEONE-LAUNCHER: [VodInfoProvider] getMatrixCursorFromMenuAgent()[279] >> getMatrixCursorFromMenuAgent L200
01-25 09:16:13.457  2155  1288 D VOD-PINEONE-LAUNCHER: [MenuAgentManager] reqLists()[44] >> start of reqLists();
01-25 09:16:13.467  2155  1288 D VOD-PINEONE-LAUNCHER: [MenuAgentManager] reqLists()[69] >>  writeToServer end data = L200|1|50
01-25 09:16:13.467  2155  1288 D VOD-PINEONE-LAUNCHER: [MenuAgentManager] readFromServer()[184] >> Check! End of data!!
01-25 09:16:13.467  2155  1288 D VOD-PINEONE-LAUNCHER: [MenuAgentManager] reqLists()[89] >> shutdown failed: ENOTCONN (Transport endpoint is not connected)
01-25 09:16:13.467  2155  1288 D VOD-PINEONE-LAUNCHER: [VodInfoProvider] query()[185] >> MenuAgent getCount() : 0
01-25 09:16:13.477  2155  1288 I VOD-PINEONE-LAUNCHER: [CategoryMenuManager] setSecondCategoryMenu()[374] >> [setSecondCategoryMenu] request id: L200
01-25 09:16:13.477  2155  1288 I VOD-PINEONE-LAUNCHER: [CategoryMenuManager] setSecondCategoryMenu()[413] >> [setSecondCategoryMenu_HashMap_put] id: L200
01-25 09:16:13.477  2155  1288 I VOD-PINEONE-LAUNCHER: [CategoryMenuManager] setSecondCategoryMenu()[414] >> [setSecondCategoryMenu_HashMap_put] request id: L200
01-25 09:16:13.477  2155  1288 I VOD-PINEONE-LAUNCHER: [CategoryMenuManager] setSecondCategoryMenu()[415] >> [setSecondCategoryMenu_HashMap_put] response id => L204K
01-25 09:16:13.477  2155  1288 I VOD-PINEONE-LAUNCHER: [CategoryMenuManager$3] run()[246] >> [menudata] 3depth end
01-25 09:16:16.037   926   926 D LIVE-LGE-XCHECKER: startCrossCheck:139, stream err: 0, pcr err: 0, max_check_count: 40
01-25 09:16:19.377  2155  2155 D ETC-PINEONE-LAUNCHER: [SystemButton] setNotificationCount()[103] >> notification count 4
01-25 09:16:21.037   926   926 D LIVE-LGE-XCHECKER: startCrossCheck:139, stream err: 0, pcr err: 0, max_check_count: 40
01-25 09:16:25.497  2093  2115 D dalvikvm: GC_CONCURRENT freed 414K, 21% free 2616K/3284K, paused 2ms+2ms, total 20ms
01-25 09:16:25.517   904   904 D SETTINGS-LGE-IptvStorageManager: readUserPreference(IPTV_ENABLED) called 
01-25 09:16:25.517   904   904 D SETTINGS-LGE-IptvStorageManager: readUserPreference() : /LGU_data/UP/IPTV_ENABLED.1 file does not exist
01-25 09:16:25.517   904   904 D SETTINGS-LGE-IptvStorageManager: readUserPreference(IPTV_ENABLED, 1) SUCCESS
01-25 09:16:25.517  3224  3224 I LIVE-LGE-JNI: readUP[IPTV_ENABLED] 0th PrefValue : true
01-25 09:16:26.037   926   926 D LIVE-LGE-XCHECKER: startCrossCheck:139, stream err: 0, pcr err: 0, max_check_count: 40
01-25 09:16:27.187   904  1026 D SETTINGS-LGE-IptvStorageManager: readUserPreference(LASTCHANNEL) called 
01-25 09:16:27.187   904  1026 D SETTINGS-LGE-IptvStorageManager: readUserPreference() : /LGU_data/UP/LASTCHANNEL.1 file does not exist
01-25 09:16:27.187   904  1026 D SETTINGS-LGE-IptvStorageManager: readUserPreference(LASTCHANNEL, 1) SUCCESS
01-25 09:16:27.187   349   360 I LIVE-LGE-JNI: readUP[LASTCHANNEL] 0th PrefValue : 677
01-25 09:16:29.417  2093  2115 D dalvikvm: GC_CONCURRENT freed 410K, 21% free 2622K/3284K, paused 2ms+2ms, total 21ms
01-25 09:16:29.567  4068  4068 D U+Box HomeShare: HomeShareReceiver [Receive Intent] Action : com.lguplus.iptv3.homesharestb.SERVICE.RESTART
01-25 09:16:29.567  4068  4068 D U+Box HomeShare: HomeShareReceiver Receive : INTENT_HOMESHARE_SERVICE_RESTART ( Service Started : true )
01-25 09:16:31.037   926   926 D LIVE-LGE-XCHECKER: startCrossCheck:139, stream err: 0, pcr err: 0, max_check_count: 40
01-25 09:16:36.037   926   926 D LIVE-LGE-XCHECKER: startCrossCheck:139, stream err: 0, pcr err: 0, max_check_count: 40
01-25 09:16:38.787  1633  1637 D dalvikvm: GC_CONCURRENT freed 386K, 20% free 2504K/3120K, paused 3ms+1ms, total 16ms
01-25 09:16:39.357   361  3700 I AnypointAD - t.a.a.c.m.ServerMessageProcessorFactory: [101] received message from server: CueMessage
01-25 09:16:39.357   361  3700 I AnypointAD - t.a.a.c.m.s.p.c.CueMessageProcessor: [42] got cueMessage. type: 0, cueId: 0, time: Thu Jan 25 09:16:41 GMT+09:00 2018, ppId: 749, time: 1516839401479, duration: 120000, owner: 1
01-25 09:16:39.367   361  3700 I AnypointAD - t.a.a.c.s.CueManager: [174] currentDeviceChannel is not exist.
01-25 09:16:39.367   361  3700 I AnypointAD - t.a.a.c.s.CueManager: [68] receive cue but this device is not available.
01-25 09:16:39.707  2093  2115 D dalvikvm: GC_CONCURRENT freed 426K, 20% free 2635K/3292K, paused 1ms+1ms, total 19ms
01-25 09:16:41.037   926   926 D LIVE-LGE-XCHECKER: startCrossCheck:139, stream err: 0, pcr err: 0, max_check_count: 40
01-25 09:16:41.917  2093  2115 D dalvikvm: GC_CONCURRENT freed 423K, 20% free 2634K/3292K, paused 2ms+2ms, total 20ms
01-25 09:16:43.497   361  3699 I AnypointAD - t.a.a.c.m.ServerMessageProcessorFactory: [101] received message from server: CueMessage
01-25 09:16:43.497   361  3699 I AnypointAD - t.a.a.c.m.s.p.c.CueMessageProcessor: [42] got cueMessage. type: 0, cueId: 0, time: Thu Jan 25 09:16:41 GMT+09:00 2018, ppId: 748, time: 1516839401479, duration: 120000, owner: 1
01-25 09:16:43.507   361  3699 I AnypointAD - t.a.a.c.s.CueManager: [174] currentDeviceChannel is not exist.
01-25 09:16:43.507   361  3699 I AnypointAD - t.a.a.c.s.CueManager: [68] receive cue but this device is not available.
01-25 09:16:43.517   361  3699 I AnypointAD - t.a.a.c.m.ServerMessageProcessorFactory: [101] received message from server: CueMessage
01-25 09:16:43.517   361  3699 I AnypointAD - t.a.a.c.m.s.p.c.CueMessageProcessor: [42] got cueMessage. type: 0, cueId: 0, time: Thu Jan 25 09:16:41 GMT+09:00 2018, ppId: 750, time: 1516839401479, duration: 120000, owner: 1
01-25 09:16:43.527   361  3699 I AnypointAD - t.a.a.c.s.CueManager: [174] currentDeviceChannel is not exist.
01-25 09:16:43.527   361  3699 I AnypointAD - t.a.a.c.s.CueManager: [68] receive cue but this device is not available.
01-25 09:16:46.037   926   926 D LIVE-LGE-XCHECKER: startCrossCheck:139, stream err: 0, pcr err: 0, max_check_count: 40
01-25 09:16:47.307  2093  2115 D dalvikvm: GC_CONCURRENT freed 394K, 21% free 2627K/3288K, paused 2ms+2ms, total 19ms
01-25 09:16:49.407  2155  2155 D ETC-PINEONE-LAUNCHER: [SystemButton] setNotificationCount()[103] >> notification count 4
01-25 09:16:50.297  2093  2115 D dalvikvm: GC_CONCURRENT freed 434K, 21% free 2638K/3304K, paused 2ms+2ms, total 23ms
01-25 09:16:51.037   926   926 D LIVE-LGE-XCHECKER: startCrossCheck:139, stream err: 0, pcr err: 0, max_check_count: 40
01-25 09:16:51.717  2093  2115 D dalvikvm: GC_CONCURRENT freed 407K, 21% free 2628K/3304K, paused 3ms+2ms, total 20ms
01-25 09:16:52.817  2066  2071 D dalvikvm: GC_CONCURRENT freed 384K, 58% free 3532K/8228K, paused 2ms+2ms, total 18ms
01-25 09:16:55.527   904  1027 D SETTINGS-LGE-IptvStorageManager: readUserPreference(IPTV_ENABLED) called 
01-25 09:16:55.527   904  1027 D SETTINGS-LGE-IptvStorageManager: readUserPreference() : /LGU_data/UP/IPTV_ENABLED.1 file does not exist
01-25 09:16:55.527   904  1027 D SETTINGS-LGE-IptvStorageManager: readUserPreference(IPTV_ENABLED, 1) SUCCESS
01-25 09:16:55.527  3224  3224 I LIVE-LGE-JNI: readUP[IPTV_ENABLED] 0th PrefValue : true
01-25 09:16:55.527  1754  1773 I ActivityManager: No longer want com.google.android.gms:snet (pid 1268): empty for 1817s
01-25 09:16:56.047   926   926 D LIVE-LGE-XCHECKER: startCrossCheck:139, stream err: 0, pcr err: 0, max_check_count: 40
01-25 09:16:56.567  2093  2115 D dalvikvm: GC_CONCURRENT freed 444K, 21% free 2641K/3316K, paused 2ms+2ms, total 21ms
01-25 09:16:57.187   904   920 D SETTINGS-LGE-IptvStorageManager: readUserPreference(LASTCHANNEL) called 
01-25 09:16:57.187   904   920 D SETTINGS-LGE-IptvStorageManager: readUserPreference() : /LGU_data/UP/LASTCHANNEL.1 file does not exist
01-25 09:16:57.187   904   920 D SETTINGS-LGE-IptvStorageManager: readUserPreference(LASTCHANNEL, 1) SUCCESS
01-25 09:16:57.187   349   362 I LIVE-LGE-JNI: readUP[LASTCHANNEL] 0th PrefValue : 677
01-25 09:16:59.567  4068  4068 D U+Box HomeShare: HomeShareReceiver [Receive Intent] Action : com.lguplus.iptv3.homesharestb.SERVICE.RESTART
01-25 09:16:59.567  4068  4068 D U+Box HomeShare: HomeShareReceiver Receive : INTENT_HOMESHARE_SERVICE_RESTART ( Service Started : true )
01-25 09:17:00.137  2093  2115 D dalvikvm: GC_CONCURRENT freed 412K, 22% free 2618K/3316K, paused 5ms+3ms, total 28ms
01-25 09:17:01.047   926   926 D LIVE-LGE-XCHECKER: startCrossCheck:139, stream err: 0, pcr err: 0, max_check_count: 40
01-25 09:17:06.047   926   926 D LIVE-LGE-XCHECKER: startCrossCheck:139, stream err: 0, pcr err: 0, max_check_count: 40
01-25 09:17:07.757  1633  1637 D dalvikvm: GC_CONCURRENT freed 386K, 20% free 2505K/3120K, paused 3ms+2ms, total 17ms
01-25 09:17:11.047   926   926 D LIVE-LGE-XCHECKER: startCrossCheck:139, stream err: 0, pcr err: 0, max_check_count: 40
01-25 09:17:11.087  1754  1827 I TvWindowManager: AUTO_STANDBY : AutoStandbyCheckTask started - curTime = 252891053 / lastKeyInTime = 252831052
01-25 09:17:11.087  1754  1827 I TvWindowManager: AUTO_STANDBY : resetLastKeyInTimeInNotActivePowerModeState() - Last key in time = 252891053
01-25 09:17:11.837  2155  2155 I VOD-PINEONE-LAUNCHER: [CategoryAlarmReceiver] onReceive()[19] >> [onReceive] Category Alarm Receive!!
01-25 09:17:11.847  2155  1515 I VOD-PINEONE-LAUNCHER: [CategoryMenuManager] getMenuDataVersion()[103] >> [getMenuDataVersion] file path: /LGU_data/ma/version.cfg
01-25 09:17:11.847  2155  1515 I VOD-PINEONE-LAUNCHER: [CategoryMenuManager$1] run()[66] >> [getMenuDataVersion] currentVersion: VERSION=0xc6
01-25 09:17:11.847  2155  1515 I VOD-PINEONE-LAUNCHER: , fileVersion: VERSION=0xc6
01-25 09:17:11.847  2155  1515 I VOD-PINEONE-LAUNCHER: 
01-25 09:17:11.847  2093  2115 D dalvikvm: GC_CONCURRENT freed 400K, 21% free 2622K/3284K, paused 2ms+3ms, total 26ms
01-25 09:17:12.637   361   361 I AnypointAD - t.a.a.c.s.MonitorScheduler: [56] start monitoring..
01-25 09:17:12.637   361  3877 I AnypointAD - t.a.a.c.s.PushMsgClient: [179] connection: TCPNIOConnection{localSocketAddress={/192.168.219.104:43956}, peerSocketAddress={/52.79.82.81:31102}}, isConnected: true, lastReceivedTime: 1516839403522
01-25 09:17:12.647   361  3697 I AnypointAD - t.a.a.c.m.ServerMessageProcessorFactory: [101] received message from server: HeartbeatMessage
01-25 09:17:12.657   361  3877 I AnypointAD - t.a.a.c.s.PushMsgClient: [154] Sending device event: Heartbeat
01-25 09:17:12.667   361   365 D dalvikvm: GC_CONCURRENT freed 515K, 17% free 3731K/4476K, paused 3ms+3ms, total 31ms
01-25 09:17:12.667   361   361 D dalvikvm: WAIT_FOR_CONCURRENT_GC blocked 3ms
01-25 09:17:12.667   361   361 I AnypointAD - t.a.a.c.s.MonitorScheduler: [84] register boot ad call alarm.
01-25 09:17:12.667   361   361 I AnypointAD - t.a.a.c.s.MonitorScheduler: [89] monitoring finished..
01-25 09:17:12.677   361   361 I AnypointAD - t.a.a.c.a.StartService: [15] StartService start...4194, class tv.anypoint.android.core.app.StartService
01-25 09:17:12.677  1754  1773 E NotificationService: Ignoring notification with icon==0: Notification(pri=0 contentView=null vibrate=null sound=null defaults=0x0 flags=0x62 kind=[null])
01-25 09:17:16.047   926   926 D LIVE-LGE-XCHECKER: startCrossCheck:139, stream err: 0, pcr err: 0, max_check_count: 40
01-25 09:17:19.407  2155  2155 D ETC-PINEONE-LAUNCHER: [SystemButton] setNotificationCount()[103] >> notification count 4
01-25 09:17:19.427  2093  2115 D dalvikvm: GC_CONCURRENT freed 401K, 21% free 2614K/3284K, paused 3ms+2ms, total 23ms
01-25 09:17:21.047   926   926 D LIVE-LGE-XCHECKER: startCrossCheck:139, stream err: 0, pcr err: 0, max_check_count: 40
01-25 09:17:25.547   904   904 D SETTINGS-LGE-IptvStorageManager: readUserPreference(IPTV_ENABLED) called 
01-25 09:17:25.547   904   904 D SETTINGS-LGE-IptvStorageManager: readUserPreference() : /LGU_data/UP/IPTV_ENABLED.1 file does not exist
01-25 09:17:25.547   904   904 D SETTINGS-LGE-IptvStorageManager: readUserPreference(IPTV_ENABLED, 1) SUCCESS
01-25 09:17:25.547  3224  3224 I LIVE-LGE-JNI: readUP[IPTV_ENABLED] 0th PrefValue : true
01-25 09:17:26.047   926   926 D LIVE-LGE-XCHECKER: startCrossCheck:139, stream err: 0, pcr err: 0, max_check_count: 40
01-25 09:17:27.187   904  1026 D SETTINGS-LGE-IptvStorageManager: readUserPreference(LASTCHANNEL) called 
01-25 09:17:27.187   904  1026 D SETTINGS-LGE-IptvStorageManager: readUserPreference() : /LGU_data/UP/LASTCHANNEL.1 file does not exist
01-25 09:17:27.187   904  1026 D SETTINGS-LGE-IptvStorageManager: readUserPreference(LASTCHANNEL, 1) SUCCESS
01-25 09:17:27.187   349   360 I LIVE-LGE-JNI: readUP[LASTCHANNEL] 0th PrefValue : 677
01-25 09:17:29.167  2093  2115 D dalvikvm: GC_CONCURRENT freed 397K, 21% free 2622K/3284K, paused 3ms+2ms, total 24ms
01-25 09:17:29.567  4068  4068 D U+Box HomeShare: HomeShareReceiver [Receive Intent] Action : com.lguplus.iptv3.homesharestb.SERVICE.RESTART
01-25 09:17:29.567  4068  4068 D U+Box HomeShare: HomeShareReceiver Receive : INTENT_HOMESHARE_SERVICE_RESTART ( Service Started : true )
01-25 09:17:31.047   926   926 D LIVE-LGE-XCHECKER: startCrossCheck:139, stream err: 0, pcr err: 0, max_check_count: 40
01-25 09:17:33.267  2093  2115 D dalvikvm: GC_CONCURRENT freed 425K, 20% free 2640K/3292K, paused 2ms+2ms, total 21ms
01-25 09:17:35.367  2093  2115 D dalvikvm: GC_CONCURRENT freed 442K, 21% free 2643K/3312K, paused 2ms+2ms, total 21ms
01-25 09:17:36.047   926   926 D LIVE-LGE-XCHECKER: startCrossCheck:139, stream err: 0, pcr err: 0, max_check_count: 40
01-25 09:17:36.597  1633  1637 D dalvikvm: GC_CONCURRENT freed 387K, 20% free 2505K/3120K, paused 2ms+1ms, total 15ms
01-25 09:17:40.807  2093  2115 D dalvikvm: GC_CONCURRENT freed 405K, 21% free 2629K/3312K, paused 2ms+2ms, total 20ms
01-25 09:17:41.047   926   926 D LIVE-LGE-XCHECKER: startCrossCheck:139, stream err: 0, pcr err: 0, max_check_count: 40
01-25 09:17:44.177  2093  2115 D dalvikvm: GC_CONCURRENT freed 398K, 21% free 2631K/3312K, paused 2ms+2ms, total 19ms
01-25 09:17:46.057   926   926 D LIVE-LGE-XCHECKER: startCrossCheck:139, stream err: 0, pcr err: 0, max_check_count: 40
01-25 09:17:49.447  2155  2155 D ETC-PINEONE-LAUNCHER: [SystemButton] setNotificationCount()[103] >> notification count 4
01-25 09:17:50.627  2093  2115 D dalvikvm: GC_CONCURRENT freed 388K, 20% free 2629K/3284K, paused 2ms+2ms, total 19ms
01-25 09:17:51.057   926   926 D LIVE-LGE-XCHECKER: startCrossCheck:139, stream err: 0, pcr err: 0, max_check_count: 40
01-25 09:17:55.557   904  1027 D SETTINGS-LGE-IptvStorageManager: readUserPreference(IPTV_ENABLED) called 
01-25 09:17:55.557   904  1027 D SETTINGS-LGE-IptvStorageManager: readUserPreference() : /LGU_data/UP/IPTV_ENABLED.1 file does not exist
01-25 09:17:55.557   904  1027 D SETTINGS-LGE-IptvStorageManager: readUserPreference(IPTV_ENABLED, 1) SUCCESS
01-25 09:17:55.557  3224  3224 I LIVE-LGE-JNI: readUP[IPTV_ENABLED] 0th PrefValue : true
01-25 09:17:56.057   926   926 D LIVE-LGE-XCHECKER: startCrossCheck:139, stream err: 0, pcr err: 0, max_check_count: 40
01-25 09:17:57.187   904   920 D SETTINGS-LGE-IptvStorageManager: readUserPreference(LASTCHANNEL) called 
01-25 09:17:57.187   904   920 D SETTINGS-LGE-IptvStorageManager: readUserPreference() : /LGU_data/UP/LASTCHANNEL.1 file does not exist
01-25 09:17:57.187   904   920 D SETTINGS-LGE-IptvStorageManager: readUserPreference(LASTCHANNEL, 1) SUCCESS
01-25 09:17:57.187   349   362 I LIVE-LGE-JNI: readUP[LASTCHANNEL] 0th PrefValue : 677
01-25 09:17:59.197  2093  2115 D dalvikvm: GC_CONCURRENT freed 422K, 20% free 2644K/3296K, paused 2ms+2ms, total 20ms
01-25 09:17:59.567  4068  4068 D U+Box HomeShare: HomeShareReceiver [Receive Intent] Action : com.lguplus.iptv3.homesharestb.SERVICE.RESTART
01-25 09:17:59.567  4068  4068 D U+Box HomeShare: HomeShareReceiver Receive : INTENT_HOMESHARE_SERVICE_RESTART ( Service Started : true )
01-25 09:18:01.057   926   926 D LIVE-LGE-XCHECKER: startCrossCheck:139, stream err: 0, pcr err: 0, max_check_count: 40
01-25 09:18:02.027  2093  2917 D DiscoveryService: Launch dial service at:1516839482043
01-25 09:18:02.027  2093  2917 I com.google.tv.discovery.DiscoveryServiceUtil: Launch dial service:com.chrome.tv.stable
01-25 09:18:02.037  2093  2917 D SsdpServer: Received M-SEARCH request for urn:dial-multiscreen-org:service:dial:1
01-25 09:18:02.037  2930  2930 I LaunchService: Starting DIAL Launch Service
01-25 09:18:02.037  2093  2917 D SsdpServer: Prepare M-SEARCH result with delay 966
01-25 09:18:02.037  2093  2917 D SsdpServer: Destination address is 192.168.219.107:53183
01-25 09:18:02.037  2093  2917 D SsdpServer: Device description url is http://192.168.219.104:8008/ssdp/device-desc.xml
01-25 09:18:02.637  1619   388 D NoticeAgent: [Noti3_0.1.2]f|stopViewTimer
01-25 09:18:02.637  1619   388 D NoticeAgent: [Noti3_0.1.2]f|isRemove : true
01-25 09:18:02.637  1619   388 D NoticeAgent: [Noti3_0.1.2]d|called notifyNotice()
01-25 09:18:02.637  1619   388 D NoticeAgent: [Noti3_0.1.2]d|called showNotice()
01-25 09:18:02.637  1619   388 D NoticeAgent: [Noti3_0.1.2]d|showNotice()-vReadyBuffer.size : 1
01-25 09:18:02.637  1619   388 D NoticeAgent: [Noti3_0.1.2]d|showNotice() - noticeType :1
01-25 09:18:02.637   904   904 D SETTINGS-LGE-IptvStorageManager: readUserPreference(NTPOP) called 
01-25 09:18:02.637   904   904 D SETTINGS-LGE-IptvStorageManager: readUserPreference() : /LGU_data/UP/NTPOP.0 file does not exist
01-25 09:18:02.637   904   904 W SETTINGS-LGE-IptvStorageManager: readUserPreference(NTPOP) FAIL
01-25 09:18:02.637  1619   388 D NoticeAgent: [Noti3_0.1.2]k|isNotiOn()-notiFlag : null
01-25 09:18:02.637  1619   388 D NoticeAgent: [Noti3_0.1.2]Class|called isAVStatus
01-25 09:18:02.637  1619   388 D NoticeAgent: [Noti3_0.1.2]Class|called getViewStatus()-listener : com.lguplus.iptv3.base.agent.notice.aidl.NoticeListener$Stub$Proxy@2bae32c8
01-25 09:18:02.637  1606  1618 D ETC-PINEONE-NOTIFICATION: [NotificationService$7] getViewStatus()[1191] >> getViewStatus!!
01-25 09:18:02.637  1606  1618 D ETC-PINEONE-NOTIFICATION: [NotificationService] isRunningNoticeActivity()[571] >> activity: com.lguplus.iptv3.base.launcher.HomeActivity
01-25 09:18:02.637  1619   389 D NoticeAgent: [Noti3_0.1.2]f|stopViewTimer
01-25 09:18:02.637  1619   389 D NoticeAgent: [Noti3_0.1.2]f|isRemove : true
01-25 09:18:02.637  1619   389 D NoticeAgent: [Noti3_0.1.2]d|called notifyNotice()
01-25 09:18:02.637  1606  1618 D ETC-PINEONE-NOTIFICATION: [NotificationService] isRunningNoticeActivity()[572] >> package: com.lguplus.iptv3.base.launcher
01-25 09:18:02.637  1619   390 D NoticeAgent: [Noti3_0.1.2]f|stopViewTimer
01-25 09:18:02.637  1619   390 D NoticeAgent: [Noti3_0.1.2]f|isRemove : true
01-25 09:18:02.637  1619   388 D NoticeAgent: [Noti3_0.1.2]Class|getViewStatus()-viewStatus : 9
01-25 09:18:02.637  1619   388 D NoticeAgent: [Noti3_0.1.2]d|called sleepNoti()
01-25 09:18:02.637  1619   390 D NoticeAgent: [Noti3_0.1.2]d|called notifyNotice()
01-25 09:18:02.637  1619   388 D NoticeAgent: [Noti3_0.1.2]f|called TimerProcessor - sec : 300
01-25 09:18:02.637  1619   388 D NoticeAgent: [Noti3_0.1.2]f|TimerProcessor - delayTime : 300000
01-25 09:18:02.637  1619   388 D NoticeAgent: [Noti3_0.1.2]f|startViewTimer - delayTime : 300000
01-25 09:18:02.647  1619   388 D NoticeAgent: [Noti3_0.1.2]f|startViewTimer completed.
01-25 09:18:02.647  1619  1714 D NoticeAgent: [Noti3_0.1.2]f|called run()
01-25 09:18:02.647  1619   388 D NoticeAgent: [Noti3_0.1.2]d|called showNotice()
01-25 09:18:02.647  1619   388 D NoticeAgent: [Noti3_0.1.2]d|showNotice()-vReadyBuffer.size : 2
01-25 09:18:02.647  1619   388 D NoticeAgent: [Noti3_0.1.2]d|showNotice() - noticeType :1
01-25 09:18:02.647   904  1026 D SETTINGS-LGE-IptvStorageManager: readUserPreference(LASTCHANNEL) called 
01-25 09:18:02.647   904  1026 D SETTINGS-LGE-IptvStorageManager: readUserPreference() : /LGU_data/UP/LASTCHANNEL.1 file does not exist
01-25 09:18:02.647   904  1026 D SETTINGS-LGE-IptvStorageManager: readUserPreference(LASTCHANNEL, 1) SUCCESS
01-25 09:18:02.647  1619   388 I LIVE-LGE-JNI: readUP[LASTCHANNEL] 0th PrefValue : 677
01-25 09:18:02.647  1619   388 D NoticeAgent: [Noti3_0.1.2]k|lastChannelId()-lastChId : 677
01-25 09:18:02.647  1619   388 D NoticeAgent: [Noti3_0.1.2]d|called sleepNoti()
01-25 09:18:02.647  1619   388 D NoticeAgent: [Noti3_0.1.2]f|called TimerProcessor - sec : 300
01-25 09:18:02.647  1619   388 D NoticeAgent: [Noti3_0.1.2]f|TimerProcessor - delayTime : 300000
01-25 09:18:02.647  1619   388 D NoticeAgent: [Noti3_0.1.2]f|startViewTimer - delayTime : 300000
01-25 09:18:02.647  1619   388 D NoticeAgent: [Noti3_0.1.2]f|startViewTimer completed.
01-25 09:18:02.647  1619   388 D NoticeAgent: [Noti3_0.1.2]d|called showNotice()
01-25 09:18:02.647  1619  1715 D NoticeAgent: [Noti3_0.1.2]f|called run()
01-25 09:18:02.647  1619   388 D NoticeAgent: [Noti3_0.1.2]d|showNotice()-vReadyBuffer.size : 1
01-25 09:18:02.647  1619   388 D NoticeAgent: [Noti3_0.1.2]d|showNotice() - noticeType :1
01-25 09:18:02.647   904  1027 D SETTINGS-LGE-IptvStorageManager: readUserPreference(LASTCHANNEL) called 
01-25 09:18:02.647   904  1027 D SETTINGS-LGE-IptvStorageManager: readUserPreference() : /LGU_data/UP/LASTCHANNEL.1 file does not exist
01-25 09:18:02.647   904  1027 D SETTINGS-LGE-IptvStorageManager: readUserPreference(LASTCHANNEL, 1) SUCCESS
01-25 09:18:02.647  1619   388 I LIVE-LGE-JNI: readUP[LASTCHANNEL] 0th PrefValue : 677
01-25 09:18:02.647  1619   388 D NoticeAgent: [Noti3_0.1.2]k|lastChannelId()-lastChId : 677
01-25 09:18:02.647  1619   388 D NoticeAgent: [Noti3_0.1.2]d|called sleepNoti()
01-25 09:18:02.647  1619   388 D NoticeAgent: [Noti3_0.1.2]f|called TimerProcessor - sec : 300
01-25 09:18:02.647  1619   388 D NoticeAgent: [Noti3_0.1.2]f|TimerProcessor - delayTime : 300000
01-25 09:18:02.647  1619   388 D NoticeAgent: [Noti3_0.1.2]f|startViewTimer - delayTime : 300000
01-25 09:18:02.647  1619   388 D NoticeAgent: [Noti3_0.1.2]f|startViewTimer completed.
01-25 09:18:02.647  1619  1716 D NoticeAgent: [Noti3_0.1.2]f|called run()
01-25 09:18:02.647  1619   388 D NoticeAgent: [Noti3_0.1.2]d|called showNotice()
01-25 09:18:02.647  1619   388 D NoticeAgent: [Noti3_0.1.2]d|showNotice()-vReadyBuffer.size : 0
01-25 09:18:02.647  1619   388 D NoticeAgent: [Noti3_0.1.2]d|showNotice() - vReadyBuffer is empty. so return.
01-25 09:18:03.037  2093  2917 D SsdpServer: Received M-SEARCH request for urn:dial-multiscreen-org:service:dial:1
01-25 09:18:03.037  2093  2917 D SsdpServer: Prepare M-SEARCH result with delay 88
01-25 09:18:03.037  2093  2917 D SsdpServer: Destination address is 192.168.219.107:53183
01-25 09:18:03.037  2093  2917 D SsdpServer: Device description url is http://192.168.219.104:8008/ssdp/device-desc.xml
01-25 09:18:04.037  2093  2917 D SsdpServer: Received M-SEARCH request for urn:dial-multiscreen-org:service:dial:1
01-25 09:18:04.037  2093  2917 D SsdpServer: Prepare M-SEARCH result with delay 581
01-25 09:18:04.037  2093  2917 D SsdpServer: Destination address is 192.168.219.107:53183
01-25 09:18:04.037  2093  2917 D SsdpServer: Device description url is http://192.168.219.104:8008/ssdp/device-desc.xml
01-25 09:18:05.037  2093  2917 D SsdpServer: Received M-SEARCH request for urn:dial-multiscreen-org:service:dial:1
01-25 09:18:05.037  2093  2917 D SsdpServer: Prepare M-SEARCH result with delay 518
01-25 09:18:05.037  2093  2917 D SsdpServer: Destination address is 192.168.219.107:53183
01-25 09:18:05.037  2093  2917 D SsdpServer: Device description url is http://192.168.219.104:8008/ssdp/device-desc.xml
01-25 09:18:05.197  2093  2115 D dalvikvm: GC_CONCURRENT freed 401K, 21% free 2630K/3296K, paused 1ms+2ms, total 19ms
01-25 09:18:05.557  1633  1637 D dalvikvm: GC_CONCURRENT freed 386K, 20% free 2505K/3120K, paused 1ms+1ms, total 15ms
01-25 09:18:06.057   926   926 D LIVE-LGE-XCHECKER: startCrossCheck:139, stream err: 0, pcr err: 0, max_check_count: 40
01-25 09:18:11.057   926   926 D LIVE-LGE-XCHECKER: startCrossCheck:139, stream err: 0, pcr err: 0, max_check_count: 40
01-25 09:18:11.087  1754  1827 I TvWindowManager: AUTO_STANDBY : AutoStandbyCheckTask started - curTime = 252951052 / lastKeyInTime = 252891053
01-25 09:18:11.087  1754  1827 I TvWindowManager: AUTO_STANDBY : resetLastKeyInTimeInNotActivePowerModeState() - Last key in time = 252951052
01-25 09:18:11.847  2155  2155 I VOD-PINEONE-LAUNCHER: [CategoryAlarmReceiver] onReceive()[19] >> [onReceive] Category Alarm Receive!!
01-25 09:18:11.857  2155  1750 I VOD-PINEONE-LAUNCHER: [CategoryMenuManager] getMenuDataVersion()[103] >> [getMenuDataVersion] file path: /LGU_data/ma/version.cfg
01-25 09:18:11.857  2155  1750 I VOD-PINEONE-LAUNCHER: [CategoryMenuManager$1] run()[66] >> [getMenuDataVersion] currentVersion: VERSION=0xc6
01-25 09:18:11.857  2155  1750 I VOD-PINEONE-LAUNCHER: , fileVersion: VERSION=0xc7
01-25 09:18:11.857  2155  1750 I VOD-PINEONE-LAUNCHER: 
01-25 09:18:11.857  2155  1750 I VOD-PINEONE-LAUNCHER: [CategoryMenuManager$1] run()[74] >> [mHashMap clear]
01-25 09:18:11.857  2155  1750 V VOD-PINEONE-LAUNCHER: [CategoryMenuManager] isTopLiveWidget()[135] >> package: com.lguplus.iptv3.base.launcher
01-25 09:18:11.857  2155  1750 V VOD-PINEONE-LAUNCHER: [CategoryMenuManager] isTopLauncher()[152] >> class name: com.lguplus.iptv3.base.launcher.HomeActivity
01-25 09:18:11.857  2155  1750 I VOD-PINEONE-LAUNCHER: [CategoryMenuManager$1] run()[81] >> [setHashMap MenuData] start
01-25 09:18:11.857  2155  1750 D VOD-PINEONE-LAUNCHER: [VodInfoProvider] getMatrixCursorFromMenuAgent()[279] >> getMatrixCursorFromMenuAgent MC
01-25 09:18:11.857  2155  1750 D VOD-PINEONE-LAUNCHER: [MenuAgentManager] reqLists()[44] >> start of reqLists();
01-25 09:18:11.857  2155  1750 D VOD-PINEONE-LAUNCHER: [MenuAgentManager] reqLists()[69] >>  writeToServer end data = MC|1|20
01-25 09:18:11.877  2155  1750 D VOD-PINEONE-LAUNCHER: [MenuAgentManager] reqLists()[89] >> shutdown failed: ENOTCONN (Transport endpoint is not connected)
01-25 09:18:11.877  2155  1750 D VOD-PINEONE-LAUNCHER: [VodInfoProvider] getMatrixCursorFromMenuAgent()[348] >> Send SPD Data = |0|0|15|1||
01-25 09:18:11.877  2155  1750 D VOD-PINEONE-LAUNCHER: [VodInfoProvider] query()[185] >> MenuAgent getCount() : 0
01-25 09:18:11.877  1500  1500 D ETC-PINEONE-BOOTINIT: [BootInitService] onStartCommand()[186] >> [CALL] onStartCommand !! 
01-25 09:18:11.887  1500  1500 D ETC-PINEONE-BOOTINIT: [BootInitService] ProcessSPD()[896] >> [SPD] data = |0|0|15|1||
01-25 09:18:11.887  2155  1750 I VOD-PINEONE-LAUNCHER: [CategoryMenuManager] setFirstCategoryMenu()[325] >> [setFirstCategoryMenu] set Response Data!! Item Count: 6
01-25 09:18:11.887  2155  1750 I VOD-PINEONE-LAUNCHER: [CategoryMenuManager] setCategoryMenuData()[168] >> [menudata] 1depth start
01-25 09:18:11.887  1500  1500 D ETC-PINEONE-BOOTINIT: [BootInitService] ProcessSPD()[910] >> [SPD] data is = 
01-25 09:18:11.887  1500  1500 I LIVE-LGE-JNI: writeUP[RETRY_SPD_IP] 0th PrefValue : 
01-25 09:18:11.887  1500  1500 D         : IptvStorage_writeUserPreference() is called 
01-25 09:18:11.887  1500  1500 D         : try to call writeUserPreference()...
01-25 09:18:11.887   904   920 D SETTINGS-LGE-IptvStorageManager: writeUserPreference(RETRY_SPD_IP) called 
01-25 09:18:11.887   904   920 D SETTINGS-LGE-IptvStorageManager: writeUserPreference() : DONE 
01-25 09:18:11.887  1500  1500 D         : IptvStorage_writeUserPreference() is done(0x00)
01-25 09:18:11.887   925  1382 D LIVE-LGE-IptvService: applyUserPreference
01-25 09:18:11.897   925  1382 I LIVE-LGE-Interface: LGU_System_applyUserPreference(RETRY_SPD_IP, 1) SUCCESS
01-25 09:18:11.897  1500  1500 D ETC-PINEONE-BOOTINIT: [BootInitService] ProcessSPD()[910] >> [SPD] data is = 0
01-25 09:18:11.897  1500  1500 I LIVE-LGE-JNI: writeUP[RETRY_SPD_TRY_YN] 0th PrefValue : 0
01-25 09:18:11.897  1500  1500 D         : IptvStorage_writeUserPreference() is called 
01-25 09:18:11.897  1500  1500 D         : try to call writeUserPreference()...
01-25 09:18:11.897   904   904 D SETTINGS-LGE-IptvStorageManager: writeUserPreference(RETRY_SPD_TRY_YN) called 
01-25 09:18:11.897   904   904 D SETTINGS-LGE-IptvStorageManager: writeUserPreference() : /LGU_data/UP/RETRY_SPD_TRY_YN.0 (0, 0)
01-25 09:18:11.897  2155  1750 I VOD-PINEONE-LAUNCHER: [CategoryMenuManager$1] run()[86] >> [setHashMap MenuData] finish // flag: true
01-25 09:18:11.907  1500  1506 D dalvikvm: GC_CONCURRENT freed 340K, 20% free 2406K/2972K, paused 3ms+2ms, total 27ms
01-25 09:18:11.927   904   904 D SETTINGS-LGE-IptvStorageManager: writeUserPreference() : DONE 
01-25 09:18:11.927  1500  1500 D         : IptvStorage_writeUserPreference() is done(0x00)
01-25 09:18:11.927   925   999 D LIVE-LGE-IptvService: applyUserPreference
01-25 09:18:11.927   925   999 I LIVE-LGE-Interface: LGU_System_applyUserPreference(RETRY_SPD_TRY_YN, 1) SUCCESS
01-25 09:18:11.927  1500  1500 D ETC-PINEONE-BOOTINIT: [BootInitService] ProcessSPD()[910] >> [SPD] data is = 0
01-25 09:18:11.927  1500  1500 I LIVE-LGE-JNI: writeUP[RETRY_SPD_TRY_NUM] 0th PrefValue : 0
01-25 09:18:11.927  1500  1500 D         : IptvStorage_writeUserPreference() is called 
01-25 09:18:11.927  1500  1500 D         : try to call writeUserPreference()...
01-25 09:18:11.927   904  1026 D SETTINGS-LGE-IptvStorageManager: writeUserPreference(RETRY_SPD_TRY_NUM) called 
01-25 09:18:11.927   904  1026 D SETTINGS-LGE-IptvStorageManager: writeUserPreference() : /LGU_data/UP/RETRY_SPD_TRY_NUM.0 (0, 0)
01-25 09:18:11.937   904  1026 D SETTINGS-LGE-IptvStorageManager: writeUserPreference() : DONE 
01-25 09:18:11.937  1500  1500 D         : IptvStorage_writeUserPreference() is done(0x00)
01-25 09:18:11.937   925   925 D LIVE-LGE-IptvService: applyUserPreference
01-25 09:18:11.937   925   925 I LIVE-LGE-Interface: LGU_System_applyUserPreference(RETRY_SPD_TRY_NUM, 1) SUCCESS
01-25 09:18:11.937  1500  1500 D ETC-PINEONE-BOOTINIT: [BootInitService] ProcessSPD()[910] >> [SPD] data is = 15
01-25 09:18:11.937  1500  1500 I LIVE-LGE-JNI: writeUP[RETRY_SPD_TIMEOUT] 0th PrefValue : 15
01-25 09:18:11.937  1500  1500 D         : IptvStorage_writeUserPreference() is called 
01-25 09:18:11.937  1500  1500 D         : try to call writeUserPreference()...
01-25 09:18:11.937   904  1027 D SETTINGS-LGE-IptvStorageManager: writeUserPreference(RETRY_SPD_TIMEOUT) called 
01-25 09:18:11.937   904  1027 D SETTINGS-LGE-IptvStorageManager: writeUserPreference() : /LGU_data/UP/RETRY_SPD_TIMEOUT.0 (0, 15)
01-25 09:18:11.957   904  1027 D SETTINGS-LGE-IptvStorageManager: writeUserPreference() : DONE 
01-25 09:18:11.957  1500  1500 D         : IptvStorage_writeUserPreference() is done(0x00)
01-25 09:18:11.957   925  1382 D LIVE-LGE-IptvService: applyUserPreference
01-25 09:18:11.957   925  1382 I LIVE-LGE-Interface: LGU_System_applyUserPreference(RETRY_SPD_TIMEOUT, 1) SUCCESS
01-25 09:18:11.957  1500  1500 D ETC-PINEONE-BOOTINIT: [BootInitService] ProcessSPD()[910] >> [SPD] data is = 1
01-25 09:18:12.107  2093  2115 D dalvikvm: GC_CONCURRENT freed 411K, 20% free 2635K/3284K, paused 1ms+2ms, total 19ms
01-25 09:18:12.397  2155  1751 I VOD-PINEONE-LAUNCHER: [CategoryMenuManager$2] run()[175] >> [menudata] 2depth start
01-25 09:18:12.397  2155  1751 D VOD-PINEONE-LAUNCHER: [VodInfoProvider] getMatrixCursorFromMenuAgent()[279] >> getMatrixCursorFromMenuAgent T000
01-25 09:18:12.397  2155  1751 D VOD-PINEONE-LAUNCHER: [MenuAgentManager] reqLists()[44] >> start of reqLists();
01-25 09:18:12.397  2155  1751 D VOD-PINEONE-LAUNCHER: [MenuAgentManager] reqLists()[69] >>  writeToServer end data = T000|1|50
01-25 09:18:12.407  2155  1751 D VOD-PINEONE-LAUNCHER: [MenuAgentManager] readFromServer()[184] >> Check! End of data!!
01-25 09:18:12.417  2155  1751 D VOD-PINEONE-LAUNCHER: [MenuAgentManager] reqLists()[89] >> shutdown failed: ENOTCONN (Transport endpoint is not connected)
01-25 09:18:12.417  2155  1751 D VOD-PINEONE-LAUNCHER: [VodInfoProvider] query()[185] >> MenuAgent getCount() : 0
01-25 09:18:12.417  2155  1751 I VOD-PINEONE-LAUNCHER: [CategoryMenuManager] setSecondCategoryMenu()[374] >> [setSecondCategoryMenu] request id: T000
01-25 09:18:12.417  2155  1751 I VOD-PINEONE-LAUNCHER: [CategoryMenuManager] setSecondCategoryMenu()[413] >> [setSecondCategoryMenu_HashMap_put] id: T000
01-25 09:18:12.417  2155  1751 I VOD-PINEONE-LAUNCHER: [CategoryMenuManager] setSecondCategoryMenu()[414] >> [setSecondCategoryMenu_HashMap_put] request id: T000
01-25 09:18:12.417  2155  1751 I VOD-PINEONE-LAUNCHER: [CategoryMenuManager] setSecondCategoryMenu()[415] >> [setSecondCategoryMenu_HashMap_put] response id => T500
01-25 09:18:12.417  2155  1751 D VOD-PINEONE-LAUNCHER: [VodInfoProvider] getMatrixCursorFromMenuAgent()[279] >> getMatrixCursorFromMenuAgent M000
01-25 09:18:12.427  2155  1751 D VOD-PINEONE-LAUNCHER: [MenuAgentManager] reqLists()[44] >> start of reqLists();
01-25 09:18:12.427  2155  1751 D VOD-PINEONE-LAUNCHER: [MenuAgentManager] reqLists()[69] >>  writeToServer end data = M000|1|50
01-25 09:18:12.437  2155  1751 D VOD-PINEONE-LAUNCHER: [MenuAgentManager] readFromServer()[184] >> Check! End of data!!
01-25 09:18:12.437  2155  1751 D VOD-PINEONE-LAUNCHER: [MenuAgentManager] reqLists()[89] >> shutdown failed: ENOTCONN (Transport endpoint is not connected)
01-25 09:18:12.447  2155  1751 D VOD-PINEONE-LAUNCHER: [VodInfoProvider] query()[185] >> MenuAgent getCount() : 0
01-25 09:18:12.447  2155  1751 I VOD-PINEONE-LAUNCHER: [CategoryMenuManager] setSecondCategoryMenu()[374] >> [setSecondCategoryMenu] request id: M000
01-25 09:18:12.447  2155  1751 I VOD-PINEONE-LAUNCHER: [CategoryMenuManager] setSecondCategoryMenu()[413] >> [setSecondCategoryMenu_HashMap_put] id: M000
01-25 09:18:12.447  2155  1751 I VOD-PINEONE-LAUNCHER: [CategoryMenuManager] setSecondCategoryMenu()[414] >> [setSecondCategoryMenu_HashMap_put] request id: M000
01-25 09:18:12.447  2155  1751 I VOD-PINEONE-LAUNCHER: [CategoryMenuManager] setSecondCategoryMenu()[415] >> [setSecondCategoryMenu_HashMap_put] response id => M014W
01-25 09:18:12.447  2155  1751 D VOD-PINEONE-LAUNCHER: [VodInfoProvider] getMatrixCursorFromMenuAgent()[279] >> getMatrixCursorFromMenuAgent M700
01-25 09:18:12.447  2155  1751 D VOD-PINEONE-LAUNCHER: [MenuAgentManager] reqLists()[44] >> start of reqLists();
01-25 09:18:12.457  2155  1751 D VOD-PINEONE-LAUNCHER: [MenuAgentManager] reqLists()[69] >>  writeToServer end data = M700|1|50
01-25 09:18:12.457  2155  1751 D VOD-PINEONE-LAUNCHER: [MenuAgentManager] readFromServer()[184] >> Check! End of data!!
01-25 09:18:12.457  2155  1751 D VOD-PINEONE-LAUNCHER: [MenuAgentManager] reqLists()[89] >> shutdown failed: ENOTCONN (Transport endpoint is not connected)
01-25 09:18:12.457  2155  1751 D VOD-PINEONE-LAUNCHER: [VodInfoProvider] query()[185] >> MenuAgent getCount() : 0
01-25 09:18:12.467  2155  1751 I VOD-PINEONE-LAUNCHER: [CategoryMenuManager] setSecondCategoryMenu()[374] >> [setSecondCategoryMenu] request id: M700
01-25 09:18:12.467  2155  1751 I VOD-PINEONE-LAUNCHER: [CategoryMenuManager] setSecondCategoryMenu()[413] >> [setSecondCategoryMenu_HashMap_put] id: M700
01-25 09:18:12.467  2155  1751 I VOD-PINEONE-LAUNCHER: [CategoryMenuManager] setSecondCategoryMenu()[414] >> [setSecondCategoryMenu_HashMap_put] request id: M700
01-25 09:18:12.467  2155  1751 I VOD-PINEONE-LAUNCHER: [CategoryMenuManager] setSecondCategoryMenu()[415] >> [setSecondCategoryMenu_HashMap_put] response id => M709
01-25 09:18:12.467  2155  1751 D VOD-PINEONE-LAUNCHER: [VodInfoProvider] getMatrixCursorFromMenuAgent()[279] >> getMatrixCursorFromMenuAgent K000
01-25 09:18:12.467  2155  1751 D VOD-PINEONE-LAUNCHER: [MenuAgentManager] reqLists()[44] >> start of reqLists();
01-25 09:18:12.467  2155  1751 D VOD-PINEONE-LAUNCHER: [MenuAgentManager] reqLists()[69] >>  writeToServer end data = K000|1|50
01-25 09:18:12.487  2155  1751 D VOD-PINEONE-LAUNCHER: [MenuAgentManager] readFromServer()[184] >> Check! End of data!!
01-25 09:18:12.487  2155  1751 D VOD-PINEONE-LAUNCHER: [MenuAgentManager] reqLists()[89] >> shutdown failed: ENOTCONN (Transport endpoint is not connected)
01-25 09:18:12.487  2155  1751 D VOD-PINEONE-LAUNCHER: [VodInfoProvider] query()[185] >> MenuAgent getCount() : 0
01-25 09:18:12.487  2155  1751 I VOD-PINEONE-LAUNCHER: [CategoryMenuManager] setSecondCategoryMenu()[374] >> [setSecondCategoryMenu] request id: K000
01-25 09:18:12.487  2155  1751 I VOD-PINEONE-LAUNCHER: [CategoryMenuManager] setSecondCategoryMenu()[413] >> [setSecondCategoryMenu_HashMap_put] id: K000
01-25 09:18:12.487  2155  1751 I VOD-PINEONE-LAUNCHER: [CategoryMenuManager] setSecondCategoryMenu()[414] >> [setSecondCategoryMenu_HashMap_put] request id: K000
01-25 09:18:12.487  2155  1751 I VOD-PINEONE-LAUNCHER: [CategoryMenuManager] setSecondCategoryMenu()[415] >> [setSecondCategoryMenu_HashMap_put] response id => K711D
01-25 09:18:12.497  2155  1751 D VOD-PINEONE-LAUNCHER: [VodInfoProvider] getMatrixCursorFromMenuAgent()[279] >> getMatrixCursorFromMenuAgent L000
01-25 09:18:12.497  2155  1751 D VOD-PINEONE-LAUNCHER: [MenuAgentManager] reqLists()[44] >> start of reqLists();
01-25 09:18:12.497  2155  1751 D VOD-PINEONE-LAUNCHER: [MenuAgentManager] reqLists()[69] >>  writeToServer end data = L000|1|50
01-25 09:18:12.497  2155  1751 D VOD-PINEONE-LAUNCHER: [MenuAgentManager] readFromServer()[184] >> Check! End of data!!
01-25 09:18:12.497  2155  1751 D VOD-PINEONE-LAUNCHER: [MenuAgentManager] reqLists()[89] >> shutdown failed: ENOTCONN (Transport endpoint is not connected)
01-25 09:18:12.507  2155  1751 D VOD-PINEONE-LAUNCHER: [VodInfoProvider] query()[185] >> MenuAgent getCount() : 0
01-25 09:18:12.507  2155  1751 I VOD-PINEONE-LAUNCHER: [CategoryMenuManager] setSecondCategoryMenu()[374] >> [setSecondCategoryMenu] request id: L000
01-25 09:18:12.507  2155  1751 I VOD-PINEONE-LAUNCHER: [CategoryMenuManager] setSecondCategoryMenu()[413] >> [setSecondCategoryMenu_HashMap_put] id: L000
01-25 09:18:12.507  2155  1751 I VOD-PINEONE-LAUNCHER: [CategoryMenuManager] setSecondCategoryMenu()[414] >> [setSecondCategoryMenu_HashMap_put] request id: L000
01-25 09:18:12.507  2155  1751 I VOD-PINEONE-LAUNCHER: [CategoryMenuManager] setSecondCategoryMenu()[415] >> [setSecondCategoryMenu_HashMap_put] response id => L200
01-25 09:18:12.507  2155  1751 I VOD-PINEONE-LAUNCHER: [CategoryMenuManager$2] run()[187] >> [menudata] 2depth end
01-25 09:18:12.737   361   361 I AnypointAD - t.a.a.c.s.MonitorScheduler: [56] start monitoring..
01-25 09:18:12.737   361  3695 I AnypointAD - t.a.a.c.s.PushMsgClient: [179] connection: TCPNIOConnection{localSocketAddress={/192.168.219.104:43956}, peerSocketAddress={/52.79.82.81:31102}}, isConnected: true, lastReceivedTime: 1516839432661
01-25 09:18:12.747   361   361 I AnypointAD - t.a.a.c.s.MonitorScheduler: [84] register boot ad call alarm.
01-25 09:18:12.747   361  3695 I AnypointAD - t.a.a.c.s.PushMsgClient: [154] Sending device event: Heartbeat
01-25 09:18:12.757   361  3698 I AnypointAD - t.a.a.c.m.ServerMessageProcessorFactory: [101] received message from server: HeartbeatMessage
01-25 09:18:12.757   361   361 I AnypointAD - t.a.a.c.s.MonitorScheduler: [89] monitoring finished..
01-25 09:18:12.767  1754  1773 E NotificationService: Ignoring notification with icon==0: Notification(pri=0 contentView=null vibrate=null sound=null defaults=0x0 flags=0x62 kind=[null])
01-25 09:18:12.787   361   365 D dalvikvm: GC_CONCURRENT freed 475K, 18% free 3691K/4476K, paused 3ms+2ms, total 29ms
01-25 09:18:12.787   361   361 D dalvikvm: WAIT_FOR_CONCURRENT_GC blocked 11ms
01-25 09:18:12.787   361   361 I AnypointAD - t.a.a.c.a.StartService: [15] StartService start...4195, class tv.anypoint.android.core.app.StartService
01-25 09:18:13.397  2155  1752 I VOD-PINEONE-LAUNCHER: [CategoryMenuManager$3] run()[196] >> [menudata] 3depth start
01-25 09:18:13.397  2155  1752 D VOD-PINEONE-LAUNCHER: [VodInfoProvider] getMatrixCursorFromMenuAgent()[279] >> getMatrixCursorFromMenuAgent T500
01-25 09:18:13.397  2155  1752 D VOD-PINEONE-LAUNCHER: [MenuAgentManager] reqLists()[44] >> start of reqLists();
01-25 09:18:13.407  2155  1752 D VOD-PINEONE-LAUNCHER: [MenuAgentManager] reqLists()[69] >>  writeToServer end data = T500|1|50
01-25 09:18:13.417  2155  1752 D VOD-PINEONE-LAUNCHER: [MenuAgentManager] readFromServer()[184] >> Check! End of data!!
01-25 09:18:13.417  2155  1752 D VOD-PINEONE-LAUNCHER: [MenuAgentManager] reqLists()[89] >> shutdown failed: ENOTCONN (Transport endpoint is not connected)
01-25 09:18:13.427  2155  1752 D VOD-PINEONE-LAUNCHER: [VodInfoProvider] query()[185] >> MenuAgent getCount() : 0
01-25 09:18:13.427  2155  1752 I VOD-PINEONE-LAUNCHER: [CategoryMenuManager] setSecondCategoryMenu()[374] >> [setSecondCategoryMenu] request id: T500
01-25 09:18:13.427  2155  1752 I VOD-PINEONE-LAUNCHER: [CategoryMenuManager] setSecondCategoryMenu()[413] >> [setSecondCategoryMenu_HashMap_put] id: T500
01-25 09:18:13.427  2155  1752 I VOD-PINEONE-LAUNCHER: [CategoryMenuManager] setSecondCategoryMenu()[414] >> [setSecondCategoryMenu_HashMap_put] request id: T500
