01-25 06:32:06.777  1754  2102 I ActivityManager: Start proc com.lguplus.iptv3.base.agent.notice:remote for service com.lguplus.iptv3.base.agent.notice/.app.NoticeAgent: pid=1423 uid=10049 gids={50049, 1015, 3003, 1028}
01-25 06:32:06.817  1754  2099 I ActivityManager: Start proc com.lguplus.iptv3.base.agent.rating:remote for service com.lguplus.iptv3.base.agent.rating/.app.VbmAgent: pid=1439 uid=10059 gids={50059, 1015, 3003, 1028}
01-25 06:32:07.007  1754  1491 I ActivityManager: Start proc com.lguplus.iptv3.base.bootinit for service com.lguplus.iptv3.base.bootinit/.BootInitService: pid=1461 uid=10065 gids={50065, 3003, 1015, 1028}
01-25 06:32:21.287  1754  1775 W BatteryStatsImpl: Couldn't get kernel wake lock stats
01-25 06:32:51.777  1754  1773 I ActivityManager: No longer want com.chrome.tv.stable (pid 1250): empty for 1812s
01-25 06:32:51.777  1754  1773 I ActivityManager: No longer want com.android.browser.provider (pid 1235): empty for 1813s
01-25 06:32:51.777  1754  1773 I ActivityManager: No longer want com.google.tv.voicesearch (pid 1200): empty for 1814s
01-25 06:32:51.787  1754  1773 I ActivityManager: No longer want com.google.android.partnersetup (pid 1158): empty for 1814s
01-25 06:32:57.707  1754  1773 E NotificationService: Ignoring notification with icon==0: Notification(pri=0 contentView=null vibrate=null sound=null defaults=0x0 flags=0x62 kind=[null])
01-25 06:33:09.847  1754  1773 I ActivityManager: No longer want com.google.android.gms.unstable (pid 1050): empty for 1801s
01-25 06:33:57.807  1754  1773 E NotificationService: Ignoring notification with icon==0: Notification(pri=0 contentView=null vibrate=null sound=null defaults=0x0 flags=0x62 kind=[null])
01-25 06:34:01.647  1754  2138 I ActivityManager: No longer want com.lguplus.iptv3.secondtvservice (pid 1648): empty for 1800s
01-25 06:34:01.657  1754  2144 W ActivityManager: Scheduling restart of crashed service com.lguplus.iptv3.secondtvservice/.SecondTvService in 5000ms
01-25 06:34:06.667  1754  1773 I ActivityManager: Start proc com.lguplus.iptv3.secondtvservice for service com.lguplus.iptv3.secondtvservice/.SecondTvService: pid=1975 uid=10062 gids={50062, 3003, 1015, 1028}
01-25 06:34:06.697  1754  1766 I ActivityManager: No longer want .remote (pid 1668): empty for 1802s
01-25 06:34:46.567  1754  2028 W ThrottleService: unable to find stats for iface rmnet0
01-25 06:34:57.887  1754  1773 E NotificationService: Ignoring notification with icon==0: Notification(pri=0 contentView=null vibrate=null sound=null defaults=0x0 flags=0x62 kind=[null])
01-25 06:35:29.567  1754  1773 I ActivityManager: No longer want com.android.settings (pid 1789): empty for 1804s
01-25 06:35:29.577  1754  1491 W ActivityManager: Scheduling restart of crashed service com.android.settings/.TvSettingsObserverService in 5000ms
01-25 06:35:31.647  1754  1765 I ActivityManager: No longer want com.lguplus.iptv3.updatecheck (pid 2148): empty for 1800s
01-25 06:35:31.657  1754  2140 W ActivityManager: Scheduling restart of crashed service com.lguplus.iptv3.updatecheck/.UpdateService in 12918ms
01-25 06:35:34.587  1754  1773 I ActivityManager: Start proc com.android.settings for service com.android.settings/.TvSettingsObserverService: pid=2456 uid=1000 gids={41000, 3003, 1015, 1028, 3002, 3001, 3007}
01-25 06:35:44.597  1754  1773 I ActivityManager: Start proc com.lguplus.iptv3.updatecheck for service com.lguplus.iptv3.updatecheck/.UpdateService: pid=2521 uid=10082 gids={50082, 3003, 1028}
01-25 06:35:57.977  1754  1773 E NotificationService: Ignoring notification with icon==0: Notification(pri=0 contentView=null vibrate=null sound=null defaults=0x0 flags=0x62 kind=[null])
01-25 06:36:31.647  1754  2173 I ActivityManager: No longer want com.google.cast.castreceiver (pid 2410): empty for 1800s
01-25 06:36:31.657  1754  1503 W ActivityManager: Scheduling restart of crashed service com.chrome.tv.stable/com.google.tv.dial.launcher.LaunchService in 5000ms
01-25 06:36:36.677  1754  1773 I ActivityManager: Start proc com.google.cast.castreceiver for service com.chrome.tv.stable/com.google.tv.dial.launcher.LaunchService: pid=2716 uid=10013 gids={50013, 1006, 3003, 1015, 1028}
01-25 06:36:58.047  1754  1773 E NotificationService: Ignoring notification with icon==0: Notification(pri=0 contentView=null vibrate=null sound=null defaults=0x0 flags=0x62 kind=[null])
01-25 06:37:58.137  1754  1773 E NotificationService: Ignoring notification with icon==0: Notification(pri=0 contentView=null vibrate=null sound=null defaults=0x0 flags=0x62 kind=[null])
01-25 06:38:58.217  1754  1773 E NotificationService: Ignoring notification with icon==0: Notification(pri=0 contentView=null vibrate=null sound=null defaults=0x0 flags=0x62 kind=[null])
01-25 06:39:58.307  1754  1773 E NotificationService: Ignoring notification with icon==0: Notification(pri=0 contentView=null vibrate=null sound=null defaults=0x0 flags=0x62 kind=[null])
01-25 06:40:58.407  1754  1773 E NotificationService: Ignoring notification with icon==0: Notification(pri=0 contentView=null vibrate=null sound=null defaults=0x0 flags=0x62 kind=[null])
01-25 06:41:58.487  1754  1773 E NotificationService: Ignoring notification with icon==0: Notification(pri=0 contentView=null vibrate=null sound=null defaults=0x0 flags=0x62 kind=[null])
01-25 06:42:58.567  1754  1773 E NotificationService: Ignoring notification with icon==0: Notification(pri=0 contentView=null vibrate=null sound=null defaults=0x0 flags=0x62 kind=[null])
01-25 06:43:49.807  1754  1821 I ActivityManager: Start proc com.android.vending for service com.android.vending/com.google.android.finsky.services.CheckWifiAndAutoUpdate: pid=517 uid=10056 gids={50056, 3003, 1015, 1028}
01-25 06:43:50.227  1754  2137 I ActivityManager: Start proc android.process.media for content provider com.android.providers.downloads/.DownloadProvider: pid=572 uid=10017 gids={50017, 1015, 1023, 1024, 1028, 2001, 3003, 3007}
01-25 06:43:58.647  1754  1773 E NotificationService: Ignoring notification with icon==0: Notification(pri=0 contentView=null vibrate=null sound=null defaults=0x0 flags=0x62 kind=[null])
01-25 06:44:46.567  1754  2028 W ThrottleService: unable to find stats for iface rmnet0
01-25 06:44:58.757  1754  1773 E NotificationService: Ignoring notification with icon==0: Notification(pri=0 contentView=null vibrate=null sound=null defaults=0x0 flags=0x62 kind=[null])
01-25 06:45:58.847  1754  1773 E NotificationService: Ignoring notification with icon==0: Notification(pri=0 contentView=null vibrate=null sound=null defaults=0x0 flags=0x62 kind=[null])
01-25 06:46:22.107  1754  1773 I ActivityManager: No longer want com.google.android.gms (pid 2290): empty for 1801s
01-25 06:46:22.147  1754  1491 W ActivityManager: Scheduling restart of crashed service com.google.android.gms/.update.SystemUpdateService in 5000ms
01-25 06:46:58.937  1754  1773 E NotificationService: Ignoring notification with icon==0: Notification(pri=0 contentView=null vibrate=null sound=null defaults=0x0 flags=0x62 kind=[null])
01-25 06:47:59.027  1754  1773 E NotificationService: Ignoring notification with icon==0: Notification(pri=0 contentView=null vibrate=null sound=null defaults=0x0 flags=0x62 kind=[null])
01-25 06:48:01.657  1754  2137 I ActivityManager: No longer want com.lguplus.iptv3.base.orangecast.shop:remote (pid 1506): empty for 1800s
01-25 06:48:01.667  1754  2173 W ActivityManager: Scheduling restart of crashed service com.lguplus.iptv3.base.orangecast.shop/.service.TriggerService in 5000ms
01-25 06:48:06.677  1754  1773 I ActivityManager: Start proc com.lguplus.iptv3.base.orangecast.shop:remote for service com.lguplus.iptv3.base.orangecast.shop/.service.TriggerService: pid=1647 uid=10051 gids={50051, 3003, 1015, 1028}
01-25 06:48:59.107  1754  1773 E NotificationService: Ignoring notification with icon==0: Notification(pri=0 contentView=null vibrate=null sound=null defaults=0x0 flags=0x62 kind=[null])
01-25 06:49:59.197  1754  1773 E NotificationService: Ignoring notification with icon==0: Notification(pri=0 contentView=null vibrate=null sound=null defaults=0x0 flags=0x62 kind=[null])
01-25 06:50:59.287  1754  1773 E NotificationService: Ignoring notification with icon==0: Notification(pri=0 contentView=null vibrate=null sound=null defaults=0x0 flags=0x62 kind=[null])
01-25 06:51:59.367  1754  1773 E NotificationService: Ignoring notification with icon==0: Notification(pri=0 contentView=null vibrate=null sound=null defaults=0x0 flags=0x62 kind=[null])
01-25 06:52:59.457  1754  1773 E NotificationService: Ignoring notification with icon==0: Notification(pri=0 contentView=null vibrate=null sound=null defaults=0x0 flags=0x62 kind=[null])
01-25 06:53:59.547  1754  1773 E NotificationService: Ignoring notification with icon==0: Notification(pri=0 contentView=null vibrate=null sound=null defaults=0x0 flags=0x62 kind=[null])
01-25 06:54:46.567  1754  2028 W ThrottleService: unable to find stats for iface rmnet0
01-25 06:54:59.667  1754  1773 E NotificationService: Ignoring notification with icon==0: Notification(pri=0 contentView=null vibrate=null sound=null defaults=0x0 flags=0x62 kind=[null])
01-25 06:55:59.767  1754  1773 E NotificationService: Ignoring notification with icon==0: Notification(pri=0 contentView=null vibrate=null sound=null defaults=0x0 flags=0x62 kind=[null])
01-25 06:56:36.747  1754  1503 I ActivityManager: No longer want com.lguplus.iptv3.base.setting (pid 3578): empty for 1805s
01-25 06:56:59.877  1754  1773 E NotificationService: Ignoring notification with icon==0: Notification(pri=0 contentView=null vibrate=null sound=null defaults=0x0 flags=0x62 kind=[null])
01-25 06:57:06.757  1754  2137 I ActivityManager: Start proc com.lguplus.iptv3.base.setting for content provider com.lguplus.iptv3.base.setting/.provider.SettingProvider: pid=3784 uid=10076 gids={50076, 1015, 3003, 1028}
01-25 06:57:36.737  1754  2194 I ActivityManager: No longer want com.lguplus.iptv3.base.fwupdater:remote (pid 3869): empty for 1800s
01-25 06:57:36.757  1754  1503 W ActivityManager: Scheduling restart of crashed service com.lguplus.iptv3.base.fwupdater/.BackgroundActionService in 5000ms
01-25 06:57:41.777  1754  1773 I ActivityManager: Start proc com.lguplus.iptv3.base.fwupdater:remote for service com.lguplus.iptv3.base.fwupdater/.BackgroundActionService: pid=3936 uid=10068 gids={50068, 1015, 3003, 1028}
01-25 06:57:59.957  1754  1773 E NotificationService: Ignoring notification with icon==0: Notification(pri=0 contentView=null vibrate=null sound=null defaults=0x0 flags=0x62 kind=[null])
01-25 06:59:00.067  1754  1773 E NotificationService: Ignoring notification with icon==0: Notification(pri=0 contentView=null vibrate=null sound=null defaults=0x0 flags=0x62 kind=[null])
01-25 06:59:22.387  1754  1773 I ActivityManager: No longer want com.lguplus.iptv3.base.reservalarmmng (pid 384): empty for 1807s
01-25 06:59:22.387  1754  1773 I ActivityManager: No longer want com.lguplus.pushagentstb (pid 430): empty for 1807s
01-25 06:59:22.387  1754  1773 I ActivityManager: No longer want com.lguplus.iptv3.ltealive (pid 446): empty for 1807s
01-25 06:59:22.417  1754  2137 W ActivityManager: Scheduling restart of crashed service com.lguplus.iptv3.base.reservalarmmng/.ServiceAlarmManage in 5000ms
01-25 06:59:22.427  1754  1766 W ActivityManager: Scheduling restart of crashed service com.lguplus.pushagentstb/.service.PushAgentService in 14997ms
01-25 06:59:27.427  1754  1773 I ActivityManager: Start proc com.lguplus.iptv3.base.reservalarmmng for service com.lguplus.iptv3.base.reservalarmmng/.ServiceAlarmManage: pid=629 uid=10074 gids={50074, 3003, 1028}
01-25 06:59:37.437  1754  1773 I ActivityManager: Start proc com.lguplus.pushagentstb for service com.lguplus.pushagentstb/.service.PushAgentService: pid=679 uid=10057 gids={50057, 3003, 1015, 1028}
01-25 06:59:37.457  1754  2138 I ActivityManager: No longer want com.google.tv.player (pid 609): empty for 1800s
01-25 06:59:37.457  1754  2138 I ActivityManager: No longer want com.lge.iptv.onewaycontrol (pid 532): empty for 1820s
01-25 06:59:37.497  1754  1503 W ActivityManager: Scheduling restart of crashed service com.lge.iptv.onewaycontrol/.OneWayService in 5000ms
01-25 06:59:37.497  1754  1503 W ActivityManager: Scheduling restart of crashed service com.lge.iptv.onewaycontrol/.IpTunerService in 15000ms
01-25 06:59:37.507  1754  3548 W ActivityManager: Scheduling restart of crashed service com.google.tv.player/com.google.tv.mediadevicesapp.MediaDevicesService in 24989ms
01-25 06:59:37.657  1754  1773 I ActivityManager: Start proc com.lguplus.iptv3.ltealive for broadcast com.lguplus.iptv3.ltealive/.push.LGUPlusPushAgentMsgReceiver: pid=693 uid=10041 gids={50041, 1015, 1028, 3003}
01-25 06:59:42.507  1754  1773 I ActivityManager: Start proc com.lge.iptv.onewaycontrol for service com.lge.iptv.onewaycontrol/.OneWayService: pid=745 uid=10038 gids={50038, 3003, 1028}
01-25 07:00:00.157  1754  1773 E NotificationService: Ignoring notification with icon==0: Notification(pri=0 contentView=null vibrate=null sound=null defaults=0x0 flags=0x62 kind=[null])
01-25 07:00:02.507  1754  1773 I ActivityManager: Start proc com.google.tv.player for service com.google.tv.player/com.google.tv.mediadevicesapp.MediaDevicesService: pid=824 uid=10086 gids={50086, 3003, 1028}
01-25 07:00:29.257  1754  1765 I ActivityManager: Start proc com.google.android.gms for service com.google.android.gms/.checkin.CheckinService: pid=1084 uid=10028 gids={50028, 3003, 1007, 1028, 1015, 1006, 3002, 3001, 2001, 3006}
01-25 07:00:29.757  1754  1848 D ConnectivityService: handleInetConditionHoldEnd: net=9, condition=100, published condition=100
01-25 07:00:35.587  1754  1754 I ActivityManager: Start proc com.google.android.gms.ui for service com.google.android.gms/.chimera.UiIntentOperationService: pid=1174 uid=10028 gids={50028, 3003, 1007, 1028, 1015, 1006, 3002, 3001, 2001, 3006}
01-25 07:01:00.237  1754  1773 E NotificationService: Ignoring notification with icon==0: Notification(pri=0 contentView=null vibrate=null sound=null defaults=0x0 flags=0x62 kind=[null])
01-25 07:02:00.347  1754  1773 E NotificationService: Ignoring notification with icon==0: Notification(pri=0 contentView=null vibrate=null sound=null defaults=0x0 flags=0x62 kind=[null])
01-25 07:02:06.747  1754  1754 I ActivityManager: No longer want com.lguplus.iptv3.base.notification:remote (pid 1406): empty for 1800s
01-25 07:02:06.767  1754  2173 W ActivityManager: Scheduling restart of crashed service com.lguplus.iptv3.base.notification/.service.NotificationService in 5000ms
01-25 07:02:10.147  1754  1773 I ActivityManager: No longer want com.lguplus.iptv3.base.bootinit (pid 1461): empty for 1803s
01-25 07:02:10.147  1754  1773 I ActivityManager: No longer want com.lguplus.iptv3.base.agent.rating:remote (pid 1439): empty for 1803s
01-25 07:02:10.147  1754  1773 I ActivityManager: No longer want com.lguplus.iptv3.base.agent.notice:remote (pid 1423): empty for 1803s
01-25 07:02:10.167  1754  1503 W ActivityManager: Scheduling restart of crashed service com.lguplus.iptv3.base.agent.notice/.app.NoticeAgent in 11594ms
01-25 07:02:10.177  1754  1502 W ActivityManager: Scheduling restart of crashed service com.lguplus.iptv3.base.bootinit/.BootInitService in 21593ms
01-25 07:02:10.177  1754  1765 W ActivityManager: Scheduling restart of crashed service com.lguplus.iptv3.base.agent.rating/.app.VbmAgent in 21585ms
01-25 07:02:11.787  1754  1773 I ActivityManager: Start proc com.lguplus.iptv3.base.notification:remote for service com.lguplus.iptv3.base.notification/.service.NotificationService: pid=1593 uid=10072 gids={50072, 3003, 1028}
01-25 07:02:11.857  1754  2195 I ActivityManager: Start proc com.lguplus.iptv3.base.agent.notice:remote for service com.lguplus.iptv3.base.agent.notice/.app.NoticeAgent: pid=1609 uid=10049 gids={50049, 1015, 3003, 1028}
01-25 07:02:11.877  1754  1502 I ActivityManager: Start proc com.lguplus.iptv3.base.agent.rating:remote for service com.lguplus.iptv3.base.agent.rating/.app.VbmAgent: pid=1621 uid=10059 gids={50059, 1015, 3003, 1028}
01-25 07:02:12.017  1754  1502 I ActivityManager: Start proc com.lguplus.iptv3.base.bootinit for service com.lguplus.iptv3.base.bootinit/.BootInitService: pid=1642 uid=10065 gids={50065, 3003, 1015, 1028}
01-25 07:02:21.307  1754  1775 W BatteryStatsImpl: Couldn't get kernel wake lock stats
01-25 07:03:00.427  1754  1773 E NotificationService: Ignoring notification with icon==0: Notification(pri=0 contentView=null vibrate=null sound=null defaults=0x0 flags=0x62 kind=[null])
01-25 07:04:00.507  1754  1773 E NotificationService: Ignoring notification with icon==0: Notification(pri=0 contentView=null vibrate=null sound=null defaults=0x0 flags=0x62 kind=[null])
01-25 07:04:04.107  1754  1773 I ActivityManager: Start proc .remote for broadcast com.lguplus.iptv4.base.curationservice/.reciver.RestartReceiver: pid=2226 uid=10002 gids={50002, 3003, 1015, 1028}
01-25 07:04:06.747  1754  2173 I ActivityManager: No longer want com.lguplus.iptv3.secondtvservice (pid 1975): empty for 1800s
01-25 07:04:06.757  1754  2099 W ActivityManager: Scheduling restart of crashed service com.lguplus.iptv3.secondtvservice/.SecondTvService in 5000ms
01-25 07:04:11.767  1754  1773 I ActivityManager: Start proc com.lguplus.iptv3.secondtvservice for service com.lguplus.iptv3.secondtvservice/.SecondTvService: pid=2267 uid=10062 gids={50062, 3003, 1015, 1028}
01-25 07:04:46.567  1754  2028 W ThrottleService: unable to find stats for iface rmnet0
01-25 07:05:00.617  1754  1773 E NotificationService: Ignoring notification with icon==0: Notification(pri=0 contentView=null vibrate=null sound=null defaults=0x0 flags=0x62 kind=[null])
01-25 07:05:15.207  1754  1773 W ProcessStats: Skipping unknown process pid 2556
01-25 07:05:52.537  1754  1773 I ActivityManager: No longer want com.lguplus.iptv3.updatecheck (pid 2521): empty for 1807s
01-25 07:05:52.547  1754  2138 W ActivityManager: Scheduling restart of crashed service com.lguplus.iptv3.updatecheck/.UpdateService in 5000ms
01-25 07:05:57.557  1754  1773 I ActivityManager: Start proc com.lguplus.iptv3.updatecheck for service com.lguplus.iptv3.updatecheck/.UpdateService: pid=2699 uid=10082 gids={50082, 3003, 1028}
01-25 07:06:00.717  1754  1773 E NotificationService: Ignoring notification with icon==0: Notification(pri=0 contentView=null vibrate=null sound=null defaults=0x0 flags=0x62 kind=[null])
01-25 07:06:36.747  1754  1766 I ActivityManager: No longer want com.google.cast.castreceiver (pid 2716): empty for 1800s
01-25 07:06:36.767  1754  1754 W ActivityManager: Scheduling restart of crashed service com.chrome.tv.stable/com.google.tv.dial.launcher.LaunchService in 5000ms
01-25 07:06:41.777  1754  1773 I ActivityManager: Start proc com.google.cast.castreceiver for service com.chrome.tv.stable/com.google.tv.dial.launcher.LaunchService: pid=2891 uid=10013 gids={50013, 1006, 3003, 1015, 1028}
01-25 07:07:00.817  1754  1773 E NotificationService: Ignoring notification with icon==0: Notification(pri=0 contentView=null vibrate=null sound=null defaults=0x0 flags=0x62 kind=[null])
01-25 07:08:00.927  1754  1773 E NotificationService: Ignoring notification with icon==0: Notification(pri=0 contentView=null vibrate=null sound=null defaults=0x0 flags=0x62 kind=[null])
01-25 07:09:01.007  1754  1773 E NotificationService: Ignoring notification with icon==0: Notification(pri=0 contentView=null vibrate=null sound=null defaults=0x0 flags=0x62 kind=[null])
01-25 07:10:01.107  1754  1773 E NotificationService: Ignoring notification with icon==0: Notification(pri=0 contentView=null vibrate=null sound=null defaults=0x0 flags=0x62 kind=[null])
01-25 07:11:01.187  1754  1773 E NotificationService: Ignoring notification with icon==0: Notification(pri=0 contentView=null vibrate=null sound=null defaults=0x0 flags=0x62 kind=[null])
01-25 07:12:01.297  1754  1773 E NotificationService: Ignoring notification with icon==0: Notification(pri=0 contentView=null vibrate=null sound=null defaults=0x0 flags=0x62 kind=[null])
01-25 07:13:01.367  1754  1773 E NotificationService: Ignoring notification with icon==0: Notification(pri=0 contentView=null vibrate=null sound=null defaults=0x0 flags=0x62 kind=[null])
01-25 07:13:52.707  1754  1773 I ActivityManager: No longer want com.android.vending (pid 517): empty for 1802s
01-25 07:13:52.707  1754  1773 I ActivityManager: No longer want android.process.media (pid 572): empty for 1802s
01-25 07:14:01.447  1754  1773 E NotificationService: Ignoring notification with icon==0: Notification(pri=0 contentView=null vibrate=null sound=null defaults=0x0 flags=0x62 kind=[null])
01-25 07:14:46.567  1754  2028 W ThrottleService: unable to find stats for iface rmnet0
01-25 07:15:01.537  1754  1773 E NotificationService: Ignoring notification with icon==0: Notification(pri=0 contentView=null vibrate=null sound=null defaults=0x0 flags=0x62 kind=[null])
01-25 07:16:01.627  1754  1773 E NotificationService: Ignoring notification with icon==0: Notification(pri=0 contentView=null vibrate=null sound=null defaults=0x0 flags=0x62 kind=[null])
01-25 07:17:01.727  1754  1773 E NotificationService: Ignoring notification with icon==0: Notification(pri=0 contentView=null vibrate=null sound=null defaults=0x0 flags=0x62 kind=[null])
01-25 07:18:01.817  1754  1773 E NotificationService: Ignoring notification with icon==0: Notification(pri=0 contentView=null vibrate=null sound=null defaults=0x0 flags=0x62 kind=[null])
01-25 07:18:06.757  1754  1503 I ActivityManager: No longer want com.lguplus.iptv3.base.orangecast.shop:remote (pid 1647): empty for 1800s
01-25 07:18:06.767  1754  1766 W ActivityManager: Scheduling restart of crashed service com.lguplus.iptv3.base.orangecast.shop/.service.TriggerService in 5000ms
01-25 07:18:11.787  1754  1773 I ActivityManager: Start proc com.lguplus.iptv3.base.orangecast.shop:remote for service com.lguplus.iptv3.base.orangecast.shop/.service.TriggerService: pid=1867 uid=10051 gids={50051, 3003, 1015, 1028}
01-25 07:18:52.817  1754  1773 I ActivityManager: No longer want com.google.android.gsf.login (pid 3843): empty for 1802s
01-25 07:19:01.897  1754  1773 E NotificationService: Ignoring notification with icon==0: Notification(pri=0 contentView=null vibrate=null sound=null defaults=0x0 flags=0x62 kind=[null])
01-25 07:20:01.987  1754  1773 E NotificationService: Ignoring notification with icon==0: Notification(pri=0 contentView=null vibrate=null sound=null defaults=0x0 flags=0x62 kind=[null])
01-25 07:21:02.077  1754  1773 E NotificationService: Ignoring notification with icon==0: Notification(pri=0 contentView=null vibrate=null sound=null defaults=0x0 flags=0x62 kind=[null])
01-25 07:22:02.167  1754  1773 E NotificationService: Ignoring notification with icon==0: Notification(pri=0 contentView=null vibrate=null sound=null defaults=0x0 flags=0x62 kind=[null])
01-25 07:23:02.247  1754  1773 E NotificationService: Ignoring notification with icon==0: Notification(pri=0 contentView=null vibrate=null sound=null defaults=0x0 flags=0x62 kind=[null])
01-25 07:24:02.347  1754  1773 E NotificationService: Ignoring notification with icon==0: Notification(pri=0 contentView=null vibrate=null sound=null defaults=0x0 flags=0x62 kind=[null])
01-25 07:24:46.577  1754  2028 W ThrottleService: unable to find stats for iface rmnet0
01-25 07:25:02.447  1754  1773 E NotificationService: Ignoring notification with icon==0: Notification(pri=0 contentView=null vibrate=null sound=null defaults=0x0 flags=0x62 kind=[null])
01-25 07:26:02.517  1754  1773 E NotificationService: Ignoring notification with icon==0: Notification(pri=0 contentView=null vibrate=null sound=null defaults=0x0 flags=0x62 kind=[null])
01-25 07:27:02.607  1754  1773 E NotificationService: Ignoring notification with icon==0: Notification(pri=0 contentView=null vibrate=null sound=null defaults=0x0 flags=0x62 kind=[null])
01-25 07:27:10.407  1754  1773 I ActivityManager: No longer want com.lguplus.iptv3.base.setting (pid 3784): empty for 1803s
01-25 07:27:11.847  1754  2145 I ActivityManager: Start proc com.lguplus.iptv3.base.setting for content provider com.lguplus.iptv3.base.setting/.provider.SettingProvider: pid=3973 uid=10076 gids={50076, 1015, 3003, 1028}
01-25 07:27:41.837  1754  2137 I ActivityManager: No longer want com.lguplus.iptv3.base.fwupdater:remote (pid 3936): empty for 1800s
01-25 07:27:41.857  1754  2145 W ActivityManager: Scheduling restart of crashed service com.lguplus.iptv3.base.fwupdater/.BackgroundActionService in 5000ms
01-25 07:27:46.867  1754  1773 I ActivityManager: Start proc com.lguplus.iptv3.base.fwupdater:remote for service com.lguplus.iptv3.base.fwupdater/.BackgroundActionService: pid=327 uid=10068 gids={50068, 1015, 3003, 1028}
01-25 07:28:02.677  1754  1773 E NotificationService: Ignoring notification with icon==0: Notification(pri=0 contentView=null vibrate=null sound=null defaults=0x0 flags=0x62 kind=[null])
01-25 07:29:02.767  1754  1773 E NotificationService: Ignoring notification with icon==0: Notification(pri=0 contentView=null vibrate=null sound=null defaults=0x0 flags=0x62 kind=[null])
01-25 07:29:29.837  1754  1848 D ConnectivityService: handleInetConditionHoldEnd: net=9, condition=100, published condition=100
01-25 07:29:53.057  1754  1773 I ActivityManager: No longer want com.lguplus.iptv3.base.reservalarmmng (pid 629): empty for 1809s
01-25 07:29:53.057  1754  1773 I ActivityManager: No longer want com.lguplus.pushagentstb (pid 679): empty for 1809s
01-25 07:29:53.057  1754  1773 I ActivityManager: No longer want com.lguplus.iptv3.ltealive (pid 693): empty for 1809s
01-25 07:29:53.097  1754  2195 W ActivityManager: Scheduling restart of crashed service com.lguplus.pushagentstb/.service.PushAgentService in 5000ms
01-25 07:29:53.097  1754  2137 W ActivityManager: Scheduling restart of crashed service com.lguplus.iptv3.base.reservalarmmng/.ServiceAlarmManage in 15000ms
01-25 07:29:58.107  1754  1773 I ActivityManager: Start proc com.lguplus.pushagentstb for service com.lguplus.pushagentstb/.service.PushAgentService: pid=823 uid=10057 gids={50057, 3003, 1015, 1028}
01-25 07:29:58.317  1754  1773 I ActivityManager: Start proc com.lguplus.iptv3.ltealive for broadcast com.lguplus.iptv3.ltealive/.push.LGUPlusPushAgentMsgReceiver: pid=862 uid=10041 gids={50041, 1015, 1028, 3003}
01-25 07:29:58.407  1754  1766 I ActivityManager: Start proc com.lguplus.iptv3.base.reservalarmmng for broadcast com.lguplus.iptv3.base.reservalarmmng/.receiver.LGUPlusPushAgentMsgReceiver: pid=887 uid=10074 gids={50074, 3003, 1028}
01-25 07:30:02.847  1754  1773 E NotificationService: Ignoring notification with icon==0: Notification(pri=0 contentView=null vibrate=null sound=null defaults=0x0 flags=0x62 kind=[null])
01-25 07:30:10.447  1754  1773 I ActivityManager: No longer want com.google.tv.player (pid 824): empty for 1807s
01-25 07:30:10.447  1754  1773 I ActivityManager: No longer want com.lge.iptv.onewaycontrol (pid 745): empty for 1827s
01-25 07:30:10.467  1754  3548 W ActivityManager: Scheduling restart of crashed service com.google.tv.player/com.google.tv.mediadevicesapp.MediaDevicesService in 5000ms
01-25 07:30:10.477  1754  2173 W ActivityManager: Scheduling restart of crashed service com.lge.iptv.onewaycontrol/.OneWayService in 14999ms
01-25 07:30:10.477  1754  2173 W ActivityManager: Scheduling restart of crashed service com.lge.iptv.onewaycontrol/.IpTunerService in 24998ms
01-25 07:30:15.477  1754  1773 I ActivityManager: Start proc com.google.tv.player for service com.google.tv.player/com.google.tv.mediadevicesapp.MediaDevicesService: pid=1160 uid=10086 gids={50086, 3003, 1028}
01-25 07:30:15.637  1754  2138 I ActivityManager: Start proc com.lge.iptv.onewaycontrol for service com.lge.iptv.onewaycontrol/.OneWayService: pid=1177 uid=10038 gids={50038, 3003, 1028}
01-25 07:30:41.847  1754  1502 I ActivityManager: No longer want com.google.android.gms.ui (pid 1174): empty for 1806s
01-25 07:31:02.927  1754  1773 E NotificationService: Ignoring notification with icon==0: Notification(pri=0 contentView=null vibrate=null sound=null defaults=0x0 flags=0x62 kind=[null])
01-25 07:31:35.017  1754  1880 D PerformBackupTask: starting agent for backup of BackupRequest{pkg=android}
01-25 07:31:35.017  1754  1880 D BackupManagerService: awaiting agent for ApplicationInfo{2bbb8208 android}
01-25 07:31:35.017  1754  1770 D BackupManagerService: agentConnected pkg=android agent=android.app.backup.BackupAgent$BackupServiceBinder@2c69c958
01-25 07:31:35.037  1754  1880 I ActivityManager: Start proc com.google.android.gsf.login for service com.google.android.gsf.login/com.google.android.gsf.loginservice.GoogleLoginService: pid=1458 uid=10028 gids={50028, 3003, 1007, 1028, 1015, 1006, 3002, 3001, 2001, 3006}
01-25 07:31:35.697  1754  1880 I PerformBackupTask: Backup pass finished.
01-25 07:32:03.027  1754  1773 E NotificationService: Ignoring notification with icon==0: Notification(pri=0 contentView=null vibrate=null sound=null defaults=0x0 flags=0x62 kind=[null])
01-25 07:32:11.847  1754  1502 I ActivityManager: No longer want com.lguplus.iptv3.base.notification:remote (pid 1593): empty for 1800s
01-25 07:32:11.857  1754  1491 W ActivityManager: Scheduling restart of crashed service com.lguplus.iptv3.base.notification/.service.NotificationService in 5000ms
01-25 07:32:16.877  1754  1773 I ActivityManager: Start proc com.lguplus.iptv3.base.notification:remote for service com.lguplus.iptv3.base.notification/.service.NotificationService: pid=1606 uid=10072 gids={50072, 3003, 1028}
01-25 07:32:16.897  1754  2138 I ActivityManager: No longer want com.lguplus.iptv3.base.bootinit (pid 1642): empty for 1804s
01-25 07:32:16.897  1754  2138 I ActivityManager: No longer want com.lguplus.iptv3.base.agent.rating:remote (pid 1621): empty for 1804s
01-25 07:32:16.897  1754  2138 I ActivityManager: No longer want com.lguplus.iptv3.base.agent.notice:remote (pid 1609): empty for 1805s
01-25 07:32:16.937  1754  2099 W ActivityManager: Scheduling restart of crashed service com.lguplus.iptv3.base.bootinit/.BootInitService in 5000ms
01-25 07:32:16.937  1754  2173 W ActivityManager: Scheduling restart of crashed service com.lguplus.iptv3.base.agent.notice/.app.NoticeAgent in 5000ms
01-25 07:32:16.947  1754  2102 I ActivityManager: Start proc com.lguplus.iptv3.base.agent.notice:remote for service com.lguplus.iptv3.base.agent.notice/.app.NoticeAgent: pid=1641 uid=10049 gids={50049, 1015, 3003, 1028}
01-25 07:32:16.947  1754  2145 W ActivityManager: Scheduling restart of crashed service com.lguplus.iptv3.base.agent.rating/.app.VbmAgent in 5000ms
01-25 07:32:16.967  1754  3548 I ActivityManager: Start proc com.lguplus.iptv3.base.agent.rating:remote for service com.lguplus.iptv3.base.agent.rating/.app.VbmAgent: pid=1653 uid=10059 gids={50059, 1015, 3003, 1028}
01-25 07:32:17.117  1754  2194 I ActivityManager: Start proc com.lguplus.iptv3.base.bootinit for service com.lguplus.iptv3.base.bootinit/.BootInitService: pid=1675 uid=10065 gids={50065, 3003, 1015, 1028}
01-25 07:32:21.327  1754  1775 W BatteryStatsImpl: Couldn't get kernel wake lock stats
01-25 07:33:03.127  1754  1773 E NotificationService: Ignoring notification with icon==0: Notification(pri=0 contentView=null vibrate=null sound=null defaults=0x0 flags=0x62 kind=[null])
01-25 07:34:03.217  1754  1773 E NotificationService: Ignoring notification with icon==0: Notification(pri=0 contentView=null vibrate=null sound=null defaults=0x0 flags=0x62 kind=[null])
01-25 07:34:10.497  1754  1773 I ActivityManager: No longer want .remote (pid 2226): empty for 1806s
01-25 07:34:11.847  1754  2195 I ActivityManager: No longer want com.lguplus.iptv3.secondtvservice (pid 2267): empty for 1800s
01-25 07:34:11.857  1754  1766 W ActivityManager: Scheduling restart of crashed service com.lguplus.iptv3.secondtvservice/.SecondTvService in 5000ms
01-25 07:34:16.877  1754  1773 I ActivityManager: Start proc com.lguplus.iptv3.secondtvservice for service com.lguplus.iptv3.secondtvservice/.SecondTvService: pid=2304 uid=10062 gids={50062, 3003, 1015, 1028}
01-25 07:34:34.577  1754  1773 W ProcessStats: Skipping unknown process pid 2374
01-25 07:34:34.577  1754  1773 W ProcessStats: Skipping unknown process pid 2375
01-25 07:34:34.577  1754  1773 W ProcessStats: Skipping unknown process pid 2376
01-25 07:34:46.577  1754  2028 W ThrottleService: unable to find stats for iface rmnet0
01-25 07:35:03.297  1754  1773 E NotificationService: Ignoring notification with icon==0: Notification(pri=0 contentView=null vibrate=null sound=null defaults=0x0 flags=0x62 kind=[null])
01-25 07:35:29.567  1754  1773 I ActivityManager: No longer want com.android.settings (pid 2456): empty for 1804s
01-25 07:35:29.577  1754  3548 W ActivityManager: Scheduling restart of crashed service com.android.settings/.TvSettingsObserverService in 5000ms
01-25 07:35:34.587  1754  1773 I ActivityManager: Start proc com.android.settings for service com.android.settings/.TvSettingsObserverService: pid=2635 uid=1000 gids={41000, 3003, 1015, 1028, 3002, 3001, 3007}
01-25 07:35:59.567  1754  1773 I ActivityManager: No longer want com.lguplus.iptv3.updatecheck (pid 2699): empty for 1801s
01-25 07:35:59.577  1754  1766 W ActivityManager: Scheduling restart of crashed service com.lguplus.iptv3.updatecheck/.UpdateService in 5000ms
01-25 07:36:03.407  1754  1773 E NotificationService: Ignoring notification with icon==0: Notification(pri=0 contentView=null vibrate=null sound=null defaults=0x0 flags=0x62 kind=[null])
01-25 07:36:04.597  1754  1773 I ActivityManager: Start proc com.lguplus.iptv3.updatecheck for service com.lguplus.iptv3.updatecheck/.UpdateService: pid=2778 uid=10082 gids={50082, 3003, 1028}
01-25 07:36:41.847  1754  3548 I ActivityManager: No longer want com.google.cast.castreceiver (pid 2891): empty for 1800s
01-25 07:36:41.867  1754  2137 W ActivityManager: Scheduling restart of crashed service com.chrome.tv.stable/com.google.tv.dial.launcher.LaunchService in 5000ms
01-25 07:36:46.897  1754  1773 I ActivityManager: Start proc com.google.cast.castreceiver for service com.chrome.tv.stable/com.google.tv.dial.launcher.LaunchService: pid=2957 uid=10013 gids={50013, 1006, 3003, 1015, 1028}
01-25 07:37:03.507  1754  1773 E NotificationService: Ignoring notification with icon==0: Notification(pri=0 contentView=null vibrate=null sound=null defaults=0x0 flags=0x62 kind=[null])
01-25 07:38:03.627  1754  1773 E NotificationService: Ignoring notification with icon==0: Notification(pri=0 contentView=null vibrate=null sound=null defaults=0x0 flags=0x62 kind=[null])
01-25 07:39:03.707  1754  1773 E NotificationService: Ignoring notification with icon==0: Notification(pri=0 contentView=null vibrate=null sound=null defaults=0x0 flags=0x62 kind=[null])
01-25 07:40:03.797  1754  1773 E NotificationService: Ignoring notification with icon==0: Notification(pri=0 contentView=null vibrate=null sound=null defaults=0x0 flags=0x62 kind=[null])
01-25 07:41:03.877  1754  1773 E NotificationService: Ignoring notification with icon==0: Notification(pri=0 contentView=null vibrate=null sound=null defaults=0x0 flags=0x62 kind=[null])
01-25 07:42:03.977  1754  1773 E NotificationService: Ignoring notification with icon==0: Notification(pri=0 contentView=null vibrate=null sound=null defaults=0x0 flags=0x62 kind=[null])
01-25 07:43:04.047  1754  1773 E NotificationService: Ignoring notification with icon==0: Notification(pri=0 contentView=null vibrate=null sound=null defaults=0x0 flags=0x62 kind=[null])
01-25 07:43:50.307  1754  1821 I ActivityManager: Start proc com.android.vending for service com.android.vending/com.google.android.finsky.services.CheckWifiAndAutoUpdate: pid=638 uid=10056 gids={50056, 3003, 1015, 1028}
01-25 07:43:50.587  1754  1503 I ActivityManager: Start proc android.process.media for content provider com.android.providers.downloads/.DownloadProvider: pid=674 uid=10017 gids={50017, 1015, 1023, 1024, 1028, 2001, 3003, 3007}
01-25 07:44:04.127  1754  1773 E NotificationService: Ignoring notification with icon==0: Notification(pri=0 contentView=null vibrate=null sound=null defaults=0x0 flags=0x62 kind=[null])
01-25 07:44:46.577  1754  2028 W ThrottleService: unable to find stats for iface rmnet0
01-25 07:45:04.237  1754  1773 E NotificationService: Ignoring notification with icon==0: Notification(pri=0 contentView=null vibrate=null sound=null defaults=0x0 flags=0x62 kind=[null])
01-25 07:46:04.317  1754  1773 E NotificationService: Ignoring notification with icon==0: Notification(pri=0 contentView=null vibrate=null sound=null defaults=0x0 flags=0x62 kind=[null])
01-25 07:47:04.427  1754  1773 E NotificationService: Ignoring notification with icon==0: Notification(pri=0 contentView=null vibrate=null sound=null defaults=0x0 flags=0x62 kind=[null])
01-25 07:48:04.527  1754  1773 E NotificationService: Ignoring notification with icon==0: Notification(pri=0 contentView=null vibrate=null sound=null defaults=0x0 flags=0x62 kind=[null])
01-25 07:48:11.867  1754  2099 I ActivityManager: No longer want com.lguplus.iptv3.base.orangecast.shop:remote (pid 1867): empty for 1800s
01-25 07:48:11.877  1754  2137 W ActivityManager: Scheduling restart of crashed service com.lguplus.iptv3.base.orangecast.shop/.service.TriggerService in 5000ms
01-25 07:48:16.887  1754  1773 I ActivityManager: Start proc com.lguplus.iptv3.base.orangecast.shop:remote for service com.lguplus.iptv3.base.orangecast.shop/.service.TriggerService: pid=1925 uid=10051 gids={50051, 3003, 1015, 1028}
01-25 07:49:04.617  1754  1773 E NotificationService: Ignoring notification with icon==0: Notification(pri=0 contentView=null vibrate=null sound=null defaults=0x0 flags=0x62 kind=[null])
01-25 07:50:04.697  1754  1773 E NotificationService: Ignoring notification with icon==0: Notification(pri=0 contentView=null vibrate=null sound=null defaults=0x0 flags=0x62 kind=[null])
01-25 07:51:04.787  1754  1773 E NotificationService: Ignoring notification with icon==0: Notification(pri=0 contentView=null vibrate=null sound=null defaults=0x0 flags=0x62 kind=[null])
01-25 07:52:04.877  1754  1773 E NotificationService: Ignoring notification with icon==0: Notification(pri=0 contentView=null vibrate=null sound=null defaults=0x0 flags=0x62 kind=[null])
01-25 07:53:04.977  1754  1773 E NotificationService: Ignoring notification with icon==0: Notification(pri=0 contentView=null vibrate=null sound=null defaults=0x0 flags=0x62 kind=[null])
01-25 07:54:05.047  1754  1773 E NotificationService: Ignoring notification with icon==0: Notification(pri=0 contentView=null vibrate=null sound=null defaults=0x0 flags=0x62 kind=[null])
01-25 07:54:46.577  1754  2028 W ThrottleService: unable to find stats for iface rmnet0
01-25 07:55:05.147  1754  1773 E NotificationService: Ignoring notification with icon==0: Notification(pri=0 contentView=null vibrate=null sound=null defaults=0x0 flags=0x62 kind=[null])
01-25 07:56:05.227  1754  1773 E NotificationService: Ignoring notification with icon==0: Notification(pri=0 contentView=null vibrate=null sound=null defaults=0x0 flags=0x62 kind=[null])
01-25 07:57:05.337  1754  1773 E NotificationService: Ignoring notification with icon==0: Notification(pri=0 contentView=null vibrate=null sound=null defaults=0x0 flags=0x62 kind=[null])
01-25 07:57:16.957  1754  2137 I ActivityManager: No longer want com.lguplus.iptv3.base.setting (pid 3973): empty for 1805s
01-25 07:57:46.957  1754  2145 I ActivityManager: Start proc com.lguplus.iptv3.base.setting for content provider com.lguplus.iptv3.base.setting/.provider.SettingProvider: pid=308 uid=10076 gids={50076, 1015, 3003, 1028}
01-25 07:57:46.977  1754  2173 I ActivityManager: No longer want com.lguplus.iptv3.base.fwupdater:remote (pid 327): empty for 1800s
01-25 07:57:46.987  1754  1765 W ActivityManager: Scheduling restart of crashed service com.lguplus.iptv3.base.fwupdater/.BackgroundActionService in 5000ms
01-25 07:57:52.007  1754  1773 I ActivityManager: Start proc com.lguplus.iptv3.base.fwupdater:remote for service com.lguplus.iptv3.base.fwupdater/.BackgroundActionService: pid=351 uid=10068 gids={50068, 1015, 3003, 1028}
01-25 07:58:05.437  1754  1773 E NotificationService: Ignoring notification with icon==0: Notification(pri=0 contentView=null vibrate=null sound=null defaults=0x0 flags=0x62 kind=[null])
01-25 07:58:29.927  1754  1848 D ConnectivityService: handleInetConditionHoldEnd: net=9, condition=100, published condition=100
01-25 07:59:05.537  1754  1773 E NotificationService: Ignoring notification with icon==0: Notification(pri=0 contentView=null vibrate=null sound=null defaults=0x0 flags=0x62 kind=[null])
01-25 08:00:05.627  1754  1773 E NotificationService: Ignoring notification with icon==0: Notification(pri=0 contentView=null vibrate=null sound=null defaults=0x0 flags=0x62 kind=[null])
01-25 08:00:16.947  1754  1503 I ActivityManager: No longer want com.google.tv.player (pid 1160): empty for 1801s
01-25 08:00:16.947  1754  1503 I ActivityManager: No longer want com.lguplus.iptv3.base.reservalarmmng (pid 887): empty for 1805s
01-25 08:00:16.947  1754  1503 I ActivityManager: No longer want com.lge.iptv.onewaycontrol (pid 1177): empty for 1801s
01-25 08:00:16.947  1754  1503 I ActivityManager: No longer want com.lguplus.pushagentstb (pid 823): empty for 1805s
01-25 08:00:16.947  1754  1503 I ActivityManager: No longer want com.lguplus.iptv3.ltealive (pid 862): empty for 1805s
01-25 08:00:16.987  1754  1765 W ActivityManager: Scheduling restart of crashed service com.lguplus.pushagentstb/.service.PushAgentService in 5000ms
01-25 08:00:16.987  1754  2102 W ActivityManager: Scheduling restart of crashed service com.lge.iptv.onewaycontrol/.OneWayService in 14995ms
01-25 08:00:16.987  1754  2102 W ActivityManager: Scheduling restart of crashed service com.lge.iptv.onewaycontrol/.IpTunerService in 24995ms
01-25 08:00:16.997  1754  2194 W ActivityManager: Scheduling restart of crashed service com.google.tv.player/com.google.tv.mediadevicesapp.MediaDevicesService in 34994ms
01-25 08:00:16.997  1754  1765 W ActivityManager: Scheduling restart of crashed service com.lguplus.iptv3.base.reservalarmmng/.ServiceAlarmManage in 44993ms
01-25 08:00:21.997  1754  1773 I ActivityManager: Start proc com.lguplus.pushagentstb for service com.lguplus.pushagentstb/.service.PushAgentService: pid=1116 uid=10057 gids={50057, 3003, 1015, 1028}
01-25 08:00:22.247  1754  1773 I ActivityManager: Start proc com.lguplus.iptv3.ltealive for broadcast com.lguplus.iptv3.ltealive/.push.LGUPlusPushAgentMsgReceiver: pid=1154 uid=10041 gids={50041, 1015, 1028, 3003}
01-25 08:00:22.327  1754  2099 I ActivityManager: Start proc com.lguplus.iptv3.base.reservalarmmng for broadcast com.lguplus.iptv3.base.reservalarmmng/.receiver.LGUPlusPushAgentMsgReceiver: pid=1178 uid=10074 gids={50074, 3003, 1028}
01-25 08:00:24.447  1754  1502 I ActivityManager: Start proc com.lge.iptv.onewaycontrol for service com.lge.iptv.onewaycontrol/.IpTunerService: pid=1214 uid=10038 gids={50038, 3003, 1028}
01-25 08:00:51.997  1754  1773 I ActivityManager: Start proc com.google.tv.player for service com.google.tv.player/com.google.tv.mediadevicesapp.MediaDevicesService: pid=1321 uid=10086 gids={50086, 3003, 1028}
01-25 08:01:05.727  1754  1773 E NotificationService: Ignoring notification with icon==0: Notification(pri=0 contentView=null vibrate=null sound=null defaults=0x0 flags=0x62 kind=[null])
01-25 08:02:05.807  1754  1773 E NotificationService: Ignoring notification with icon==0: Notification(pri=0 contentView=null vibrate=null sound=null defaults=0x0 flags=0x62 kind=[null])
01-25 08:02:16.947  1754  2099 I ActivityManager: No longer want com.lguplus.iptv3.base.notification:remote (pid 1606): empty for 1800s
01-25 08:02:16.967  1754  2138 W ActivityManager: Scheduling restart of crashed service com.lguplus.iptv3.base.notification/.service.NotificationService in 5000ms
01-25 08:02:21.337  1754  1775 W BatteryStatsImpl: Couldn't get kernel wake lock stats
01-25 08:02:21.977  1754  1773 I ActivityManager: Start proc com.lguplus.iptv3.base.notification:remote for service com.lguplus.iptv3.base.notification/.service.NotificationService: pid=1638 uid=10072 gids={50072, 3003, 1028}
01-25 08:02:21.997  1754  1503 I ActivityManager: No longer want com.lguplus.iptv3.base.agent.rating:remote (pid 1653): empty for 1804s
01-25 08:02:21.997  1754  1503 I ActivityManager: No longer want com.lguplus.iptv3.base.agent.notice:remote (pid 1641): empty for 1805s
01-25 08:02:22.017  1754  1754 W ActivityManager: Scheduling restart of crashed service com.lguplus.iptv3.base.agent.notice/.app.NoticeAgent in 5000ms
01-25 08:02:22.027  1754  2138 W ActivityManager: Scheduling restart of crashed service com.lguplus.iptv3.base.agent.rating/.app.VbmAgent in 14988ms
01-25 08:02:22.057  1754  1491 I ActivityManager: Start proc com.lguplus.iptv3.base.agent.notice:remote for service com.lguplus.iptv3.base.agent.notice/.app.NoticeAgent: pid=1673 uid=10049 gids={50049, 1015, 3003, 1028}
01-25 08:02:22.077  1754  2099 I ActivityManager: Start proc com.lguplus.iptv3.base.agent.rating:remote for service com.lguplus.iptv3.base.agent.rating/.app.VbmAgent: pid=1691 uid=10059 gids={50059, 1015, 3003, 1028}
01-25 08:03:05.897  1754  1773 E NotificationService: Ignoring notification with icon==0: Notification(pri=0 contentView=null vibrate=null sound=null defaults=0x0 flags=0x62 kind=[null])
01-25 08:04:04.107  1754  1773 I ActivityManager: Start proc .remote for broadcast com.lguplus.iptv4.base.curationservice/.reciver.RestartReceiver: pid=2246 uid=10002 gids={50002, 3003, 1015, 1028}
01-25 08:04:06.007  1754  1773 E NotificationService: Ignoring notification with icon==0: Notification(pri=0 contentView=null vibrate=null sound=null defaults=0x0 flags=0x62 kind=[null])
01-25 08:04:16.947  1754  1491 I ActivityManager: No longer want com.lguplus.iptv3.secondtvservice (pid 2304): empty for 1800s
01-25 08:04:16.957  1754  2173 W ActivityManager: Scheduling restart of crashed service com.lguplus.iptv3.secondtvservice/.SecondTvService in 5000ms
01-25 08:04:21.977  1754  1773 I ActivityManager: Start proc com.lguplus.iptv3.secondtvservice for service com.lguplus.iptv3.secondtvservice/.SecondTvService: pid=2321 uid=10062 gids={50062, 3003, 1015, 1028}
01-25 08:04:46.587  1754  2028 W ThrottleService: unable to find stats for iface rmnet0
01-25 08:05:06.097  1754  1773 E NotificationService: Ignoring notification with icon==0: Notification(pri=0 contentView=null vibrate=null sound=null defaults=0x0 flags=0x62 kind=[null])
01-25 08:06:06.187  1754  1773 E NotificationService: Ignoring notification with icon==0: Notification(pri=0 contentView=null vibrate=null sound=null defaults=0x0 flags=0x62 kind=[null])
01-25 08:06:10.837  1754  1773 I ActivityManager: No longer want com.lguplus.iptv3.updatecheck (pid 2778): empty for 1806s
01-25 08:06:10.857  1754  2137 W ActivityManager: Scheduling restart of crashed service com.lguplus.iptv3.updatecheck/.UpdateService in 5000ms
01-25 08:06:15.867  1754  1773 I ActivityManager: Start proc com.lguplus.iptv3.updatecheck for service com.lguplus.iptv3.updatecheck/.UpdateService: pid=2796 uid=10082 gids={50082, 3003, 1028}
01-25 08:06:46.947  1754  1491 I ActivityManager: No longer want com.google.cast.castreceiver (pid 2957): empty for 1800s
01-25 08:06:46.967  1754  1765 W ActivityManager: Scheduling restart of crashed service com.chrome.tv.stable/com.google.tv.dial.launcher.LaunchService in 5000ms
01-25 08:06:51.987  1754  1773 I ActivityManager: Start proc com.google.cast.castreceiver for service com.chrome.tv.stable/com.google.tv.dial.launcher.LaunchService: pid=2930 uid=10013 gids={50013, 1006, 3003, 1015, 1028}
01-25 08:07:06.267  1754  1773 E NotificationService: Ignoring notification with icon==0: Notification(pri=0 contentView=null vibrate=null sound=null defaults=0x0 flags=0x62 kind=[null])
01-25 08:08:06.347  1754  1773 E NotificationService: Ignoring notification with icon==0: Notification(pri=0 contentView=null vibrate=null sound=null defaults=0x0 flags=0x62 kind=[null])
01-25 08:09:06.447  1754  1773 E NotificationService: Ignoring notification with icon==0: Notification(pri=0 contentView=null vibrate=null sound=null defaults=0x0 flags=0x62 kind=[null])
01-25 08:10:06.527  1754  1773 E NotificationService: Ignoring notification with icon==0: Notification(pri=0 contentView=null vibrate=null sound=null defaults=0x0 flags=0x62 kind=[null])
01-25 08:11:06.617  1754  1773 E NotificationService: Ignoring notification with icon==0: Notification(pri=0 contentView=null vibrate=null sound=null defaults=0x0 flags=0x62 kind=[null])
01-25 08:12:06.727  1754  1773 E NotificationService: Ignoring notification with icon==0: Notification(pri=0 contentView=null vibrate=null sound=null defaults=0x0 flags=0x62 kind=[null])
01-25 08:13:06.807  1754  1773 E NotificationService: Ignoring notification with icon==0: Notification(pri=0 contentView=null vibrate=null sound=null defaults=0x0 flags=0x62 kind=[null])
01-25 08:13:54.067  1754  1773 I ActivityManager: No longer want com.android.vending (pid 638): empty for 1803s
01-25 08:13:54.067  1754  1773 I ActivityManager: No longer want android.process.media (pid 674): empty for 1803s
01-25 08:14:06.917  1754  1773 E NotificationService: Ignoring notification with icon==0: Notification(pri=0 contentView=null vibrate=null sound=null defaults=0x0 flags=0x62 kind=[null])
01-25 08:14:46.587  1754  2028 W ThrottleService: unable to find stats for iface rmnet0
